[2024-09-24T01:38:20.050+0000] {processor.py:154} INFO - Started process (PID=13872) to work on /home/airflow/.local/lib/python3.7/site-packages/airflow/example_dags/example_branch_operator.py
[2024-09-24T01:38:20.053+0000] {processor.py:756} INFO - Processing file /home/airflow/.local/lib/python3.7/site-packages/airflow/example_dags/example_branch_operator.py for tasks to queue
[2024-09-24T01:38:20.055+0000] {logging_mixin.py:120} INFO - [2024-09-24T01:38:20.055+0000] {dagbag.py:537} INFO - Filling up the DagBag from /home/airflow/.local/lib/python3.7/site-packages/airflow/example_dags/example_branch_operator.py
[2024-09-24T01:38:20.104+0000] {processor.py:766} INFO - DAG(s) dict_keys(['example_branch_operator']) retrieved from /home/airflow/.local/lib/python3.7/site-packages/airflow/example_dags/example_branch_operator.py
[2024-09-24T01:38:20.218+0000] {logging_mixin.py:120} INFO - [2024-09-24T01:38:20.218+0000] {dag.py:2585} INFO - Sync 1 DAGs
[2024-09-24T01:38:20.286+0000] {logging_mixin.py:120} INFO - [2024-09-24T01:38:20.286+0000] {dag.py:3340} INFO - Setting next_dagrun for example_branch_operator to 2024-09-23T00:00:00+00:00, run_after=2024-09-24T00:00:00+00:00
[2024-09-24T01:38:20.333+0000] {processor.py:176} INFO - Processing /home/airflow/.local/lib/python3.7/site-packages/airflow/example_dags/example_branch_operator.py took 0.290 seconds
[2024-09-24T01:41:40.769+0000] {processor.py:154} INFO - Started process (PID=13926) to work on /home/airflow/.local/lib/python3.7/site-packages/airflow/example_dags/example_branch_operator.py
[2024-09-24T01:41:40.771+0000] {processor.py:756} INFO - Processing file /home/airflow/.local/lib/python3.7/site-packages/airflow/example_dags/example_branch_operator.py for tasks to queue
[2024-09-24T01:41:40.772+0000] {logging_mixin.py:120} INFO - [2024-09-24T01:41:40.772+0000] {dagbag.py:537} INFO - Filling up the DagBag from /home/airflow/.local/lib/python3.7/site-packages/airflow/example_dags/example_branch_operator.py
[2024-09-24T01:41:40.799+0000] {processor.py:766} INFO - DAG(s) dict_keys(['example_branch_operator']) retrieved from /home/airflow/.local/lib/python3.7/site-packages/airflow/example_dags/example_branch_operator.py
[2024-09-24T01:41:40.865+0000] {logging_mixin.py:120} INFO - [2024-09-24T01:41:40.865+0000] {dag.py:2585} INFO - Sync 1 DAGs
[2024-09-24T01:41:40.909+0000] {logging_mixin.py:120} INFO - [2024-09-24T01:41:40.908+0000] {dag.py:3340} INFO - Setting next_dagrun for example_branch_operator to 2024-09-23T00:00:00+00:00, run_after=2024-09-24T00:00:00+00:00
[2024-09-24T01:41:40.944+0000] {processor.py:176} INFO - Processing /home/airflow/.local/lib/python3.7/site-packages/airflow/example_dags/example_branch_operator.py took 0.181 seconds
[2024-09-24T03:27:56.105+0000] {processor.py:154} INFO - Started process (PID=13989) to work on /home/airflow/.local/lib/python3.7/site-packages/airflow/example_dags/example_branch_operator.py
[2024-09-24T03:27:56.106+0000] {processor.py:756} INFO - Processing file /home/airflow/.local/lib/python3.7/site-packages/airflow/example_dags/example_branch_operator.py for tasks to queue
[2024-09-24T03:27:56.109+0000] {logging_mixin.py:120} INFO - [2024-09-24T03:27:56.109+0000] {dagbag.py:537} INFO - Filling up the DagBag from /home/airflow/.local/lib/python3.7/site-packages/airflow/example_dags/example_branch_operator.py
[2024-09-24T03:27:56.137+0000] {processor.py:766} INFO - DAG(s) dict_keys(['example_branch_operator']) retrieved from /home/airflow/.local/lib/python3.7/site-packages/airflow/example_dags/example_branch_operator.py
[2024-09-24T03:27:56.202+0000] {logging_mixin.py:120} INFO - [2024-09-24T03:27:56.202+0000] {dag.py:2585} INFO - Sync 1 DAGs
[2024-09-24T03:27:56.252+0000] {logging_mixin.py:120} INFO - [2024-09-24T03:27:56.252+0000] {dag.py:3340} INFO - Setting next_dagrun for example_branch_operator to 2024-09-23T00:00:00+00:00, run_after=2024-09-24T00:00:00+00:00
[2024-09-24T03:27:56.291+0000] {processor.py:176} INFO - Processing /home/airflow/.local/lib/python3.7/site-packages/airflow/example_dags/example_branch_operator.py took 0.190 seconds
[2024-09-24T04:19:37.033+0000] {processor.py:154} INFO - Started process (PID=14052) to work on /home/airflow/.local/lib/python3.7/site-packages/airflow/example_dags/example_branch_operator.py
[2024-09-24T04:19:37.036+0000] {processor.py:756} INFO - Processing file /home/airflow/.local/lib/python3.7/site-packages/airflow/example_dags/example_branch_operator.py for tasks to queue
[2024-09-24T04:19:37.038+0000] {logging_mixin.py:120} INFO - [2024-09-24T04:19:37.038+0000] {dagbag.py:537} INFO - Filling up the DagBag from /home/airflow/.local/lib/python3.7/site-packages/airflow/example_dags/example_branch_operator.py
[2024-09-24T04:19:37.091+0000] {processor.py:766} INFO - DAG(s) dict_keys(['example_branch_operator']) retrieved from /home/airflow/.local/lib/python3.7/site-packages/airflow/example_dags/example_branch_operator.py
[2024-09-24T04:19:37.191+0000] {logging_mixin.py:120} INFO - [2024-09-24T04:19:37.190+0000] {dag.py:2585} INFO - Sync 1 DAGs
[2024-09-24T04:19:37.279+0000] {logging_mixin.py:120} INFO - [2024-09-24T04:19:37.279+0000] {dag.py:3340} INFO - Setting next_dagrun for example_branch_operator to 2024-09-23T00:00:00+00:00, run_after=2024-09-24T00:00:00+00:00
[2024-09-24T04:19:37.320+0000] {processor.py:176} INFO - Processing /home/airflow/.local/lib/python3.7/site-packages/airflow/example_dags/example_branch_operator.py took 0.294 seconds
[2024-09-24T04:20:07.412+0000] {processor.py:154} INFO - Started process (PID=14105) to work on /home/airflow/.local/lib/python3.7/site-packages/airflow/example_dags/example_branch_operator.py
[2024-09-24T04:20:07.414+0000] {processor.py:756} INFO - Processing file /home/airflow/.local/lib/python3.7/site-packages/airflow/example_dags/example_branch_operator.py for tasks to queue
[2024-09-24T04:20:07.415+0000] {logging_mixin.py:120} INFO - [2024-09-24T04:20:07.415+0000] {dagbag.py:537} INFO - Filling up the DagBag from /home/airflow/.local/lib/python3.7/site-packages/airflow/example_dags/example_branch_operator.py
[2024-09-24T04:20:07.443+0000] {processor.py:766} INFO - DAG(s) dict_keys(['example_branch_operator']) retrieved from /home/airflow/.local/lib/python3.7/site-packages/airflow/example_dags/example_branch_operator.py
[2024-09-24T04:20:07.503+0000] {logging_mixin.py:120} INFO - [2024-09-24T04:20:07.503+0000] {dag.py:2585} INFO - Sync 1 DAGs
[2024-09-24T04:20:07.544+0000] {logging_mixin.py:120} INFO - [2024-09-24T04:20:07.544+0000] {dag.py:3340} INFO - Setting next_dagrun for example_branch_operator to 2024-09-23T00:00:00+00:00, run_after=2024-09-24T00:00:00+00:00
[2024-09-24T04:20:07.575+0000] {processor.py:176} INFO - Processing /home/airflow/.local/lib/python3.7/site-packages/airflow/example_dags/example_branch_operator.py took 0.168 seconds
[2024-09-24T04:20:37.728+0000] {processor.py:154} INFO - Started process (PID=14167) to work on /home/airflow/.local/lib/python3.7/site-packages/airflow/example_dags/example_branch_operator.py
[2024-09-24T04:20:37.731+0000] {processor.py:756} INFO - Processing file /home/airflow/.local/lib/python3.7/site-packages/airflow/example_dags/example_branch_operator.py for tasks to queue
[2024-09-24T04:20:37.733+0000] {logging_mixin.py:120} INFO - [2024-09-24T04:20:37.732+0000] {dagbag.py:537} INFO - Filling up the DagBag from /home/airflow/.local/lib/python3.7/site-packages/airflow/example_dags/example_branch_operator.py
[2024-09-24T04:20:37.758+0000] {processor.py:766} INFO - DAG(s) dict_keys(['example_branch_operator']) retrieved from /home/airflow/.local/lib/python3.7/site-packages/airflow/example_dags/example_branch_operator.py
[2024-09-24T04:20:37.820+0000] {logging_mixin.py:120} INFO - [2024-09-24T04:20:37.820+0000] {dag.py:2585} INFO - Sync 1 DAGs
[2024-09-24T04:20:37.852+0000] {logging_mixin.py:120} INFO - [2024-09-24T04:20:37.852+0000] {dag.py:3340} INFO - Setting next_dagrun for example_branch_operator to 2024-09-23T00:00:00+00:00, run_after=2024-09-24T00:00:00+00:00
[2024-09-24T04:20:37.873+0000] {processor.py:176} INFO - Processing /home/airflow/.local/lib/python3.7/site-packages/airflow/example_dags/example_branch_operator.py took 0.149 seconds
[2024-09-24T04:21:08.360+0000] {processor.py:154} INFO - Started process (PID=14221) to work on /home/airflow/.local/lib/python3.7/site-packages/airflow/example_dags/example_branch_operator.py
[2024-09-24T04:21:08.361+0000] {processor.py:756} INFO - Processing file /home/airflow/.local/lib/python3.7/site-packages/airflow/example_dags/example_branch_operator.py for tasks to queue
[2024-09-24T04:21:08.363+0000] {logging_mixin.py:120} INFO - [2024-09-24T04:21:08.363+0000] {dagbag.py:537} INFO - Filling up the DagBag from /home/airflow/.local/lib/python3.7/site-packages/airflow/example_dags/example_branch_operator.py
[2024-09-24T04:21:08.389+0000] {processor.py:766} INFO - DAG(s) dict_keys(['example_branch_operator']) retrieved from /home/airflow/.local/lib/python3.7/site-packages/airflow/example_dags/example_branch_operator.py
[2024-09-24T04:21:08.446+0000] {logging_mixin.py:120} INFO - [2024-09-24T04:21:08.446+0000] {dag.py:2585} INFO - Sync 1 DAGs
[2024-09-24T04:21:08.478+0000] {logging_mixin.py:120} INFO - [2024-09-24T04:21:08.478+0000] {dag.py:3340} INFO - Setting next_dagrun for example_branch_operator to 2024-09-23T00:00:00+00:00, run_after=2024-09-24T00:00:00+00:00
[2024-09-24T04:21:08.500+0000] {processor.py:176} INFO - Processing /home/airflow/.local/lib/python3.7/site-packages/airflow/example_dags/example_branch_operator.py took 0.144 seconds
[2024-09-24T04:21:38.787+0000] {processor.py:154} INFO - Started process (PID=14284) to work on /home/airflow/.local/lib/python3.7/site-packages/airflow/example_dags/example_branch_operator.py
[2024-09-24T04:21:38.789+0000] {processor.py:756} INFO - Processing file /home/airflow/.local/lib/python3.7/site-packages/airflow/example_dags/example_branch_operator.py for tasks to queue
[2024-09-24T04:21:38.792+0000] {logging_mixin.py:120} INFO - [2024-09-24T04:21:38.791+0000] {dagbag.py:537} INFO - Filling up the DagBag from /home/airflow/.local/lib/python3.7/site-packages/airflow/example_dags/example_branch_operator.py
[2024-09-24T04:21:38.834+0000] {processor.py:766} INFO - DAG(s) dict_keys(['example_branch_operator']) retrieved from /home/airflow/.local/lib/python3.7/site-packages/airflow/example_dags/example_branch_operator.py
[2024-09-24T04:21:38.893+0000] {logging_mixin.py:120} INFO - [2024-09-24T04:21:38.893+0000] {dag.py:2585} INFO - Sync 1 DAGs
[2024-09-24T04:21:38.931+0000] {logging_mixin.py:120} INFO - [2024-09-24T04:21:38.931+0000] {dag.py:3340} INFO - Setting next_dagrun for example_branch_operator to 2024-09-23T00:00:00+00:00, run_after=2024-09-24T00:00:00+00:00
[2024-09-24T04:21:38.955+0000] {processor.py:176} INFO - Processing /home/airflow/.local/lib/python3.7/site-packages/airflow/example_dags/example_branch_operator.py took 0.173 seconds
[2024-09-24T04:22:09.051+0000] {processor.py:154} INFO - Started process (PID=14348) to work on /home/airflow/.local/lib/python3.7/site-packages/airflow/example_dags/example_branch_operator.py
[2024-09-24T04:22:09.052+0000] {processor.py:756} INFO - Processing file /home/airflow/.local/lib/python3.7/site-packages/airflow/example_dags/example_branch_operator.py for tasks to queue
[2024-09-24T04:22:09.054+0000] {logging_mixin.py:120} INFO - [2024-09-24T04:22:09.054+0000] {dagbag.py:537} INFO - Filling up the DagBag from /home/airflow/.local/lib/python3.7/site-packages/airflow/example_dags/example_branch_operator.py
[2024-09-24T04:22:09.086+0000] {processor.py:766} INFO - DAG(s) dict_keys(['example_branch_operator']) retrieved from /home/airflow/.local/lib/python3.7/site-packages/airflow/example_dags/example_branch_operator.py
[2024-09-24T04:22:09.160+0000] {logging_mixin.py:120} INFO - [2024-09-24T04:22:09.159+0000] {dag.py:2585} INFO - Sync 1 DAGs
[2024-09-24T04:22:09.264+0000] {logging_mixin.py:120} INFO - [2024-09-24T04:22:09.264+0000] {dag.py:3340} INFO - Setting next_dagrun for example_branch_operator to 2024-09-23T00:00:00+00:00, run_after=2024-09-24T00:00:00+00:00
[2024-09-24T04:22:09.299+0000] {processor.py:176} INFO - Processing /home/airflow/.local/lib/python3.7/site-packages/airflow/example_dags/example_branch_operator.py took 0.253 seconds
[2024-09-24T04:22:39.519+0000] {processor.py:154} INFO - Started process (PID=14402) to work on /home/airflow/.local/lib/python3.7/site-packages/airflow/example_dags/example_branch_operator.py
[2024-09-24T04:22:39.521+0000] {processor.py:756} INFO - Processing file /home/airflow/.local/lib/python3.7/site-packages/airflow/example_dags/example_branch_operator.py for tasks to queue
[2024-09-24T04:22:39.521+0000] {logging_mixin.py:120} INFO - [2024-09-24T04:22:39.521+0000] {dagbag.py:537} INFO - Filling up the DagBag from /home/airflow/.local/lib/python3.7/site-packages/airflow/example_dags/example_branch_operator.py
[2024-09-24T04:22:39.544+0000] {processor.py:766} INFO - DAG(s) dict_keys(['example_branch_operator']) retrieved from /home/airflow/.local/lib/python3.7/site-packages/airflow/example_dags/example_branch_operator.py
[2024-09-24T04:22:39.596+0000] {logging_mixin.py:120} INFO - [2024-09-24T04:22:39.595+0000] {dag.py:2585} INFO - Sync 1 DAGs
[2024-09-24T04:22:39.627+0000] {logging_mixin.py:120} INFO - [2024-09-24T04:22:39.626+0000] {dag.py:3340} INFO - Setting next_dagrun for example_branch_operator to 2024-09-23T00:00:00+00:00, run_after=2024-09-24T00:00:00+00:00
[2024-09-24T04:22:39.649+0000] {processor.py:176} INFO - Processing /home/airflow/.local/lib/python3.7/site-packages/airflow/example_dags/example_branch_operator.py took 0.134 seconds
[2024-09-24T04:23:09.759+0000] {processor.py:154} INFO - Started process (PID=14465) to work on /home/airflow/.local/lib/python3.7/site-packages/airflow/example_dags/example_branch_operator.py
[2024-09-24T04:23:09.760+0000] {processor.py:756} INFO - Processing file /home/airflow/.local/lib/python3.7/site-packages/airflow/example_dags/example_branch_operator.py for tasks to queue
[2024-09-24T04:23:09.761+0000] {logging_mixin.py:120} INFO - [2024-09-24T04:23:09.761+0000] {dagbag.py:537} INFO - Filling up the DagBag from /home/airflow/.local/lib/python3.7/site-packages/airflow/example_dags/example_branch_operator.py
[2024-09-24T04:23:09.781+0000] {processor.py:766} INFO - DAG(s) dict_keys(['example_branch_operator']) retrieved from /home/airflow/.local/lib/python3.7/site-packages/airflow/example_dags/example_branch_operator.py
[2024-09-24T04:23:09.831+0000] {logging_mixin.py:120} INFO - [2024-09-24T04:23:09.830+0000] {dag.py:2585} INFO - Sync 1 DAGs
[2024-09-24T04:23:09.860+0000] {logging_mixin.py:120} INFO - [2024-09-24T04:23:09.860+0000] {dag.py:3340} INFO - Setting next_dagrun for example_branch_operator to 2024-09-23T00:00:00+00:00, run_after=2024-09-24T00:00:00+00:00
[2024-09-24T04:23:09.877+0000] {processor.py:176} INFO - Processing /home/airflow/.local/lib/python3.7/site-packages/airflow/example_dags/example_branch_operator.py took 0.123 seconds
[2024-09-24T04:23:40.829+0000] {processor.py:154} INFO - Started process (PID=14528) to work on /home/airflow/.local/lib/python3.7/site-packages/airflow/example_dags/example_branch_operator.py
[2024-09-24T04:23:40.830+0000] {processor.py:756} INFO - Processing file /home/airflow/.local/lib/python3.7/site-packages/airflow/example_dags/example_branch_operator.py for tasks to queue
[2024-09-24T04:23:40.831+0000] {logging_mixin.py:120} INFO - [2024-09-24T04:23:40.831+0000] {dagbag.py:537} INFO - Filling up the DagBag from /home/airflow/.local/lib/python3.7/site-packages/airflow/example_dags/example_branch_operator.py
[2024-09-24T04:23:40.853+0000] {processor.py:766} INFO - DAG(s) dict_keys(['example_branch_operator']) retrieved from /home/airflow/.local/lib/python3.7/site-packages/airflow/example_dags/example_branch_operator.py
[2024-09-24T04:23:40.907+0000] {logging_mixin.py:120} INFO - [2024-09-24T04:23:40.907+0000] {dag.py:2585} INFO - Sync 1 DAGs
[2024-09-24T04:23:40.941+0000] {logging_mixin.py:120} INFO - [2024-09-24T04:23:40.941+0000] {dag.py:3340} INFO - Setting next_dagrun for example_branch_operator to 2024-09-23T00:00:00+00:00, run_after=2024-09-24T00:00:00+00:00
[2024-09-24T04:23:40.962+0000] {processor.py:176} INFO - Processing /home/airflow/.local/lib/python3.7/site-packages/airflow/example_dags/example_branch_operator.py took 0.137 seconds
[2024-09-24T04:24:11.194+0000] {processor.py:154} INFO - Started process (PID=14581) to work on /home/airflow/.local/lib/python3.7/site-packages/airflow/example_dags/example_branch_operator.py
[2024-09-24T04:24:11.195+0000] {processor.py:756} INFO - Processing file /home/airflow/.local/lib/python3.7/site-packages/airflow/example_dags/example_branch_operator.py for tasks to queue
[2024-09-24T04:24:11.196+0000] {logging_mixin.py:120} INFO - [2024-09-24T04:24:11.196+0000] {dagbag.py:537} INFO - Filling up the DagBag from /home/airflow/.local/lib/python3.7/site-packages/airflow/example_dags/example_branch_operator.py
[2024-09-24T04:24:11.218+0000] {processor.py:766} INFO - DAG(s) dict_keys(['example_branch_operator']) retrieved from /home/airflow/.local/lib/python3.7/site-packages/airflow/example_dags/example_branch_operator.py
[2024-09-24T04:24:11.271+0000] {logging_mixin.py:120} INFO - [2024-09-24T04:24:11.270+0000] {dag.py:2585} INFO - Sync 1 DAGs
[2024-09-24T04:24:11.306+0000] {logging_mixin.py:120} INFO - [2024-09-24T04:24:11.306+0000] {dag.py:3340} INFO - Setting next_dagrun for example_branch_operator to 2024-09-23T00:00:00+00:00, run_after=2024-09-24T00:00:00+00:00
[2024-09-24T04:24:11.328+0000] {processor.py:176} INFO - Processing /home/airflow/.local/lib/python3.7/site-packages/airflow/example_dags/example_branch_operator.py took 0.139 seconds
[2024-09-24T04:24:42.140+0000] {processor.py:154} INFO - Started process (PID=14644) to work on /home/airflow/.local/lib/python3.7/site-packages/airflow/example_dags/example_branch_operator.py
[2024-09-24T04:24:42.141+0000] {processor.py:756} INFO - Processing file /home/airflow/.local/lib/python3.7/site-packages/airflow/example_dags/example_branch_operator.py for tasks to queue
[2024-09-24T04:24:42.142+0000] {logging_mixin.py:120} INFO - [2024-09-24T04:24:42.142+0000] {dagbag.py:537} INFO - Filling up the DagBag from /home/airflow/.local/lib/python3.7/site-packages/airflow/example_dags/example_branch_operator.py
[2024-09-24T04:24:42.165+0000] {processor.py:766} INFO - DAG(s) dict_keys(['example_branch_operator']) retrieved from /home/airflow/.local/lib/python3.7/site-packages/airflow/example_dags/example_branch_operator.py
[2024-09-24T04:24:42.219+0000] {logging_mixin.py:120} INFO - [2024-09-24T04:24:42.219+0000] {dag.py:2585} INFO - Sync 1 DAGs
[2024-09-24T04:24:42.253+0000] {logging_mixin.py:120} INFO - [2024-09-24T04:24:42.253+0000] {dag.py:3340} INFO - Setting next_dagrun for example_branch_operator to 2024-09-23T00:00:00+00:00, run_after=2024-09-24T00:00:00+00:00
[2024-09-24T04:24:42.278+0000] {processor.py:176} INFO - Processing /home/airflow/.local/lib/python3.7/site-packages/airflow/example_dags/example_branch_operator.py took 0.142 seconds
[2024-09-24T04:25:12.564+0000] {processor.py:154} INFO - Started process (PID=14707) to work on /home/airflow/.local/lib/python3.7/site-packages/airflow/example_dags/example_branch_operator.py
[2024-09-24T04:25:12.565+0000] {processor.py:756} INFO - Processing file /home/airflow/.local/lib/python3.7/site-packages/airflow/example_dags/example_branch_operator.py for tasks to queue
[2024-09-24T04:25:12.566+0000] {logging_mixin.py:120} INFO - [2024-09-24T04:25:12.566+0000] {dagbag.py:537} INFO - Filling up the DagBag from /home/airflow/.local/lib/python3.7/site-packages/airflow/example_dags/example_branch_operator.py
[2024-09-24T04:25:12.590+0000] {processor.py:766} INFO - DAG(s) dict_keys(['example_branch_operator']) retrieved from /home/airflow/.local/lib/python3.7/site-packages/airflow/example_dags/example_branch_operator.py
[2024-09-24T04:25:12.643+0000] {logging_mixin.py:120} INFO - [2024-09-24T04:25:12.643+0000] {dag.py:2585} INFO - Sync 1 DAGs
[2024-09-24T04:25:12.682+0000] {logging_mixin.py:120} INFO - [2024-09-24T04:25:12.681+0000] {dag.py:3340} INFO - Setting next_dagrun for example_branch_operator to 2024-09-23T00:00:00+00:00, run_after=2024-09-24T00:00:00+00:00
[2024-09-24T04:25:12.711+0000] {processor.py:176} INFO - Processing /home/airflow/.local/lib/python3.7/site-packages/airflow/example_dags/example_branch_operator.py took 0.151 seconds
[2024-09-24T04:25:43.800+0000] {processor.py:154} INFO - Started process (PID=14767) to work on /home/airflow/.local/lib/python3.7/site-packages/airflow/example_dags/example_branch_operator.py
[2024-09-24T04:25:43.802+0000] {processor.py:756} INFO - Processing file /home/airflow/.local/lib/python3.7/site-packages/airflow/example_dags/example_branch_operator.py for tasks to queue
[2024-09-24T04:25:43.803+0000] {logging_mixin.py:120} INFO - [2024-09-24T04:25:43.803+0000] {dagbag.py:537} INFO - Filling up the DagBag from /home/airflow/.local/lib/python3.7/site-packages/airflow/example_dags/example_branch_operator.py
[2024-09-24T04:25:43.828+0000] {processor.py:766} INFO - DAG(s) dict_keys(['example_branch_operator']) retrieved from /home/airflow/.local/lib/python3.7/site-packages/airflow/example_dags/example_branch_operator.py
[2024-09-24T04:25:43.887+0000] {logging_mixin.py:120} INFO - [2024-09-24T04:25:43.887+0000] {dag.py:2585} INFO - Sync 1 DAGs
[2024-09-24T04:25:43.928+0000] {logging_mixin.py:120} INFO - [2024-09-24T04:25:43.928+0000] {dag.py:3340} INFO - Setting next_dagrun for example_branch_operator to 2024-09-23T00:00:00+00:00, run_after=2024-09-24T00:00:00+00:00
[2024-09-24T04:25:43.957+0000] {processor.py:176} INFO - Processing /home/airflow/.local/lib/python3.7/site-packages/airflow/example_dags/example_branch_operator.py took 0.162 seconds
[2024-09-24T04:26:14.990+0000] {processor.py:154} INFO - Started process (PID=14823) to work on /home/airflow/.local/lib/python3.7/site-packages/airflow/example_dags/example_branch_operator.py
[2024-09-24T04:26:14.991+0000] {processor.py:756} INFO - Processing file /home/airflow/.local/lib/python3.7/site-packages/airflow/example_dags/example_branch_operator.py for tasks to queue
[2024-09-24T04:26:14.992+0000] {logging_mixin.py:120} INFO - [2024-09-24T04:26:14.992+0000] {dagbag.py:537} INFO - Filling up the DagBag from /home/airflow/.local/lib/python3.7/site-packages/airflow/example_dags/example_branch_operator.py
[2024-09-24T04:26:15.014+0000] {processor.py:766} INFO - DAG(s) dict_keys(['example_branch_operator']) retrieved from /home/airflow/.local/lib/python3.7/site-packages/airflow/example_dags/example_branch_operator.py
[2024-09-24T04:26:15.065+0000] {logging_mixin.py:120} INFO - [2024-09-24T04:26:15.065+0000] {dag.py:2585} INFO - Sync 1 DAGs
[2024-09-24T04:26:15.099+0000] {logging_mixin.py:120} INFO - [2024-09-24T04:26:15.099+0000] {dag.py:3340} INFO - Setting next_dagrun for example_branch_operator to 2024-09-23T00:00:00+00:00, run_after=2024-09-24T00:00:00+00:00
[2024-09-24T04:26:15.121+0000] {processor.py:176} INFO - Processing /home/airflow/.local/lib/python3.7/site-packages/airflow/example_dags/example_branch_operator.py took 0.136 seconds
[2024-09-24T04:26:45.592+0000] {processor.py:154} INFO - Started process (PID=14885) to work on /home/airflow/.local/lib/python3.7/site-packages/airflow/example_dags/example_branch_operator.py
[2024-09-24T04:26:45.593+0000] {processor.py:756} INFO - Processing file /home/airflow/.local/lib/python3.7/site-packages/airflow/example_dags/example_branch_operator.py for tasks to queue
[2024-09-24T04:26:45.594+0000] {logging_mixin.py:120} INFO - [2024-09-24T04:26:45.594+0000] {dagbag.py:537} INFO - Filling up the DagBag from /home/airflow/.local/lib/python3.7/site-packages/airflow/example_dags/example_branch_operator.py
[2024-09-24T04:26:45.617+0000] {processor.py:766} INFO - DAG(s) dict_keys(['example_branch_operator']) retrieved from /home/airflow/.local/lib/python3.7/site-packages/airflow/example_dags/example_branch_operator.py
[2024-09-24T04:26:45.675+0000] {logging_mixin.py:120} INFO - [2024-09-24T04:26:45.675+0000] {dag.py:2585} INFO - Sync 1 DAGs
[2024-09-24T04:26:45.714+0000] {logging_mixin.py:120} INFO - [2024-09-24T04:26:45.714+0000] {dag.py:3340} INFO - Setting next_dagrun for example_branch_operator to 2024-09-23T00:00:00+00:00, run_after=2024-09-24T00:00:00+00:00
[2024-09-24T04:26:45.744+0000] {processor.py:176} INFO - Processing /home/airflow/.local/lib/python3.7/site-packages/airflow/example_dags/example_branch_operator.py took 0.157 seconds
[2024-09-24T04:27:16.197+0000] {processor.py:154} INFO - Started process (PID=14947) to work on /home/airflow/.local/lib/python3.7/site-packages/airflow/example_dags/example_branch_operator.py
[2024-09-24T04:27:16.199+0000] {processor.py:756} INFO - Processing file /home/airflow/.local/lib/python3.7/site-packages/airflow/example_dags/example_branch_operator.py for tasks to queue
[2024-09-24T04:27:16.200+0000] {logging_mixin.py:120} INFO - [2024-09-24T04:27:16.200+0000] {dagbag.py:537} INFO - Filling up the DagBag from /home/airflow/.local/lib/python3.7/site-packages/airflow/example_dags/example_branch_operator.py
[2024-09-24T04:27:16.227+0000] {processor.py:766} INFO - DAG(s) dict_keys(['example_branch_operator']) retrieved from /home/airflow/.local/lib/python3.7/site-packages/airflow/example_dags/example_branch_operator.py
[2024-09-24T04:27:16.289+0000] {logging_mixin.py:120} INFO - [2024-09-24T04:27:16.289+0000] {dag.py:2585} INFO - Sync 1 DAGs
[2024-09-24T04:27:16.329+0000] {logging_mixin.py:120} INFO - [2024-09-24T04:27:16.329+0000] {dag.py:3340} INFO - Setting next_dagrun for example_branch_operator to 2024-09-23T00:00:00+00:00, run_after=2024-09-24T00:00:00+00:00
[2024-09-24T04:27:16.357+0000] {processor.py:176} INFO - Processing /home/airflow/.local/lib/python3.7/site-packages/airflow/example_dags/example_branch_operator.py took 0.164 seconds
[2024-09-24T04:27:46.500+0000] {processor.py:154} INFO - Started process (PID=15001) to work on /home/airflow/.local/lib/python3.7/site-packages/airflow/example_dags/example_branch_operator.py
[2024-09-24T04:27:46.501+0000] {processor.py:756} INFO - Processing file /home/airflow/.local/lib/python3.7/site-packages/airflow/example_dags/example_branch_operator.py for tasks to queue
[2024-09-24T04:27:46.502+0000] {logging_mixin.py:120} INFO - [2024-09-24T04:27:46.502+0000] {dagbag.py:537} INFO - Filling up the DagBag from /home/airflow/.local/lib/python3.7/site-packages/airflow/example_dags/example_branch_operator.py
[2024-09-24T04:27:46.524+0000] {processor.py:766} INFO - DAG(s) dict_keys(['example_branch_operator']) retrieved from /home/airflow/.local/lib/python3.7/site-packages/airflow/example_dags/example_branch_operator.py
[2024-09-24T04:27:46.574+0000] {logging_mixin.py:120} INFO - [2024-09-24T04:27:46.574+0000] {dag.py:2585} INFO - Sync 1 DAGs
[2024-09-24T04:27:46.608+0000] {logging_mixin.py:120} INFO - [2024-09-24T04:27:46.608+0000] {dag.py:3340} INFO - Setting next_dagrun for example_branch_operator to 2024-09-23T00:00:00+00:00, run_after=2024-09-24T00:00:00+00:00
[2024-09-24T04:27:46.635+0000] {processor.py:176} INFO - Processing /home/airflow/.local/lib/python3.7/site-packages/airflow/example_dags/example_branch_operator.py took 0.139 seconds
[2024-09-24T04:28:16.996+0000] {processor.py:154} INFO - Started process (PID=15064) to work on /home/airflow/.local/lib/python3.7/site-packages/airflow/example_dags/example_branch_operator.py
[2024-09-24T04:28:16.997+0000] {processor.py:756} INFO - Processing file /home/airflow/.local/lib/python3.7/site-packages/airflow/example_dags/example_branch_operator.py for tasks to queue
[2024-09-24T04:28:16.999+0000] {logging_mixin.py:120} INFO - [2024-09-24T04:28:16.999+0000] {dagbag.py:537} INFO - Filling up the DagBag from /home/airflow/.local/lib/python3.7/site-packages/airflow/example_dags/example_branch_operator.py
[2024-09-24T04:28:17.024+0000] {processor.py:766} INFO - DAG(s) dict_keys(['example_branch_operator']) retrieved from /home/airflow/.local/lib/python3.7/site-packages/airflow/example_dags/example_branch_operator.py
[2024-09-24T04:28:17.083+0000] {logging_mixin.py:120} INFO - [2024-09-24T04:28:17.083+0000] {dag.py:2585} INFO - Sync 1 DAGs
[2024-09-24T04:28:17.119+0000] {logging_mixin.py:120} INFO - [2024-09-24T04:28:17.119+0000] {dag.py:3340} INFO - Setting next_dagrun for example_branch_operator to 2024-09-23T00:00:00+00:00, run_after=2024-09-24T00:00:00+00:00
[2024-09-24T04:28:17.146+0000] {processor.py:176} INFO - Processing /home/airflow/.local/lib/python3.7/site-packages/airflow/example_dags/example_branch_operator.py took 0.155 seconds
[2024-09-24T04:28:47.451+0000] {processor.py:154} INFO - Started process (PID=15127) to work on /home/airflow/.local/lib/python3.7/site-packages/airflow/example_dags/example_branch_operator.py
[2024-09-24T04:28:47.452+0000] {processor.py:756} INFO - Processing file /home/airflow/.local/lib/python3.7/site-packages/airflow/example_dags/example_branch_operator.py for tasks to queue
[2024-09-24T04:28:47.453+0000] {logging_mixin.py:120} INFO - [2024-09-24T04:28:47.453+0000] {dagbag.py:537} INFO - Filling up the DagBag from /home/airflow/.local/lib/python3.7/site-packages/airflow/example_dags/example_branch_operator.py
[2024-09-24T04:28:47.477+0000] {processor.py:766} INFO - DAG(s) dict_keys(['example_branch_operator']) retrieved from /home/airflow/.local/lib/python3.7/site-packages/airflow/example_dags/example_branch_operator.py
[2024-09-24T04:28:47.529+0000] {logging_mixin.py:120} INFO - [2024-09-24T04:28:47.529+0000] {dag.py:2585} INFO - Sync 1 DAGs
[2024-09-24T04:28:47.564+0000] {logging_mixin.py:120} INFO - [2024-09-24T04:28:47.563+0000] {dag.py:3340} INFO - Setting next_dagrun for example_branch_operator to 2024-09-23T00:00:00+00:00, run_after=2024-09-24T00:00:00+00:00
[2024-09-24T04:28:47.591+0000] {processor.py:176} INFO - Processing /home/airflow/.local/lib/python3.7/site-packages/airflow/example_dags/example_branch_operator.py took 0.144 seconds
[2024-09-24T04:29:18.158+0000] {processor.py:154} INFO - Started process (PID=15181) to work on /home/airflow/.local/lib/python3.7/site-packages/airflow/example_dags/example_branch_operator.py
[2024-09-24T04:29:18.160+0000] {processor.py:756} INFO - Processing file /home/airflow/.local/lib/python3.7/site-packages/airflow/example_dags/example_branch_operator.py for tasks to queue
[2024-09-24T04:29:18.162+0000] {logging_mixin.py:120} INFO - [2024-09-24T04:29:18.162+0000] {dagbag.py:537} INFO - Filling up the DagBag from /home/airflow/.local/lib/python3.7/site-packages/airflow/example_dags/example_branch_operator.py
[2024-09-24T04:29:18.191+0000] {processor.py:766} INFO - DAG(s) dict_keys(['example_branch_operator']) retrieved from /home/airflow/.local/lib/python3.7/site-packages/airflow/example_dags/example_branch_operator.py
[2024-09-24T04:29:18.256+0000] {logging_mixin.py:120} INFO - [2024-09-24T04:29:18.256+0000] {dag.py:2585} INFO - Sync 1 DAGs
[2024-09-24T04:29:18.295+0000] {logging_mixin.py:120} INFO - [2024-09-24T04:29:18.295+0000] {dag.py:3340} INFO - Setting next_dagrun for example_branch_operator to 2024-09-23T00:00:00+00:00, run_after=2024-09-24T00:00:00+00:00
[2024-09-24T04:29:18.320+0000] {processor.py:176} INFO - Processing /home/airflow/.local/lib/python3.7/site-packages/airflow/example_dags/example_branch_operator.py took 0.168 seconds
[2024-09-24T04:29:49.408+0000] {processor.py:154} INFO - Started process (PID=15245) to work on /home/airflow/.local/lib/python3.7/site-packages/airflow/example_dags/example_branch_operator.py
[2024-09-24T04:29:49.410+0000] {processor.py:756} INFO - Processing file /home/airflow/.local/lib/python3.7/site-packages/airflow/example_dags/example_branch_operator.py for tasks to queue
[2024-09-24T04:29:49.411+0000] {logging_mixin.py:120} INFO - [2024-09-24T04:29:49.411+0000] {dagbag.py:537} INFO - Filling up the DagBag from /home/airflow/.local/lib/python3.7/site-packages/airflow/example_dags/example_branch_operator.py
[2024-09-24T04:29:49.434+0000] {processor.py:766} INFO - DAG(s) dict_keys(['example_branch_operator']) retrieved from /home/airflow/.local/lib/python3.7/site-packages/airflow/example_dags/example_branch_operator.py
[2024-09-24T04:29:49.477+0000] {logging_mixin.py:120} INFO - [2024-09-24T04:29:49.477+0000] {dag.py:2585} INFO - Sync 1 DAGs
[2024-09-24T04:29:49.504+0000] {logging_mixin.py:120} INFO - [2024-09-24T04:29:49.504+0000] {dag.py:3340} INFO - Setting next_dagrun for example_branch_operator to 2024-09-23T00:00:00+00:00, run_after=2024-09-24T00:00:00+00:00
[2024-09-24T04:29:49.523+0000] {processor.py:176} INFO - Processing /home/airflow/.local/lib/python3.7/site-packages/airflow/example_dags/example_branch_operator.py took 0.119 seconds
[2024-09-24T04:30:19.777+0000] {processor.py:154} INFO - Started process (PID=15308) to work on /home/airflow/.local/lib/python3.7/site-packages/airflow/example_dags/example_branch_operator.py
[2024-09-24T04:30:19.778+0000] {processor.py:756} INFO - Processing file /home/airflow/.local/lib/python3.7/site-packages/airflow/example_dags/example_branch_operator.py for tasks to queue
[2024-09-24T04:30:19.779+0000] {logging_mixin.py:120} INFO - [2024-09-24T04:30:19.779+0000] {dagbag.py:537} INFO - Filling up the DagBag from /home/airflow/.local/lib/python3.7/site-packages/airflow/example_dags/example_branch_operator.py
[2024-09-24T04:30:19.801+0000] {processor.py:766} INFO - DAG(s) dict_keys(['example_branch_operator']) retrieved from /home/airflow/.local/lib/python3.7/site-packages/airflow/example_dags/example_branch_operator.py
[2024-09-24T04:30:19.847+0000] {logging_mixin.py:120} INFO - [2024-09-24T04:30:19.847+0000] {dag.py:2585} INFO - Sync 1 DAGs
[2024-09-24T04:30:19.877+0000] {logging_mixin.py:120} INFO - [2024-09-24T04:30:19.877+0000] {dag.py:3340} INFO - Setting next_dagrun for example_branch_operator to 2024-09-23T00:00:00+00:00, run_after=2024-09-24T00:00:00+00:00
[2024-09-24T04:30:19.896+0000] {processor.py:176} INFO - Processing /home/airflow/.local/lib/python3.7/site-packages/airflow/example_dags/example_branch_operator.py took 0.125 seconds
[2024-09-24T04:30:50.190+0000] {processor.py:154} INFO - Started process (PID=15362) to work on /home/airflow/.local/lib/python3.7/site-packages/airflow/example_dags/example_branch_operator.py
[2024-09-24T04:30:50.191+0000] {processor.py:756} INFO - Processing file /home/airflow/.local/lib/python3.7/site-packages/airflow/example_dags/example_branch_operator.py for tasks to queue
[2024-09-24T04:30:50.192+0000] {logging_mixin.py:120} INFO - [2024-09-24T04:30:50.192+0000] {dagbag.py:537} INFO - Filling up the DagBag from /home/airflow/.local/lib/python3.7/site-packages/airflow/example_dags/example_branch_operator.py
[2024-09-24T04:30:50.213+0000] {processor.py:766} INFO - DAG(s) dict_keys(['example_branch_operator']) retrieved from /home/airflow/.local/lib/python3.7/site-packages/airflow/example_dags/example_branch_operator.py
[2024-09-24T04:30:50.260+0000] {logging_mixin.py:120} INFO - [2024-09-24T04:30:50.259+0000] {dag.py:2585} INFO - Sync 1 DAGs
[2024-09-24T04:30:50.292+0000] {logging_mixin.py:120} INFO - [2024-09-24T04:30:50.291+0000] {dag.py:3340} INFO - Setting next_dagrun for example_branch_operator to 2024-09-23T00:00:00+00:00, run_after=2024-09-24T00:00:00+00:00
[2024-09-24T04:30:50.313+0000] {processor.py:176} INFO - Processing /home/airflow/.local/lib/python3.7/site-packages/airflow/example_dags/example_branch_operator.py took 0.127 seconds
[2024-09-24T04:31:20.753+0000] {processor.py:154} INFO - Started process (PID=15425) to work on /home/airflow/.local/lib/python3.7/site-packages/airflow/example_dags/example_branch_operator.py
[2024-09-24T04:31:20.755+0000] {processor.py:756} INFO - Processing file /home/airflow/.local/lib/python3.7/site-packages/airflow/example_dags/example_branch_operator.py for tasks to queue
[2024-09-24T04:31:20.756+0000] {logging_mixin.py:120} INFO - [2024-09-24T04:31:20.756+0000] {dagbag.py:537} INFO - Filling up the DagBag from /home/airflow/.local/lib/python3.7/site-packages/airflow/example_dags/example_branch_operator.py
[2024-09-24T04:31:20.782+0000] {processor.py:766} INFO - DAG(s) dict_keys(['example_branch_operator']) retrieved from /home/airflow/.local/lib/python3.7/site-packages/airflow/example_dags/example_branch_operator.py
[2024-09-24T04:31:20.844+0000] {logging_mixin.py:120} INFO - [2024-09-24T04:31:20.844+0000] {dag.py:2585} INFO - Sync 1 DAGs
[2024-09-24T04:31:20.878+0000] {logging_mixin.py:120} INFO - [2024-09-24T04:31:20.878+0000] {dag.py:3340} INFO - Setting next_dagrun for example_branch_operator to 2024-09-23T00:00:00+00:00, run_after=2024-09-24T00:00:00+00:00
[2024-09-24T04:31:20.904+0000] {processor.py:176} INFO - Processing /home/airflow/.local/lib/python3.7/site-packages/airflow/example_dags/example_branch_operator.py took 0.157 seconds
[2024-09-24T04:31:51.413+0000] {processor.py:154} INFO - Started process (PID=15488) to work on /home/airflow/.local/lib/python3.7/site-packages/airflow/example_dags/example_branch_operator.py
[2024-09-24T04:31:51.415+0000] {processor.py:756} INFO - Processing file /home/airflow/.local/lib/python3.7/site-packages/airflow/example_dags/example_branch_operator.py for tasks to queue
[2024-09-24T04:31:51.416+0000] {logging_mixin.py:120} INFO - [2024-09-24T04:31:51.416+0000] {dagbag.py:537} INFO - Filling up the DagBag from /home/airflow/.local/lib/python3.7/site-packages/airflow/example_dags/example_branch_operator.py
[2024-09-24T04:31:51.442+0000] {processor.py:766} INFO - DAG(s) dict_keys(['example_branch_operator']) retrieved from /home/airflow/.local/lib/python3.7/site-packages/airflow/example_dags/example_branch_operator.py
[2024-09-24T04:31:51.513+0000] {logging_mixin.py:120} INFO - [2024-09-24T04:31:51.513+0000] {dag.py:2585} INFO - Sync 1 DAGs
[2024-09-24T04:31:51.557+0000] {logging_mixin.py:120} INFO - [2024-09-24T04:31:51.557+0000] {dag.py:3340} INFO - Setting next_dagrun for example_branch_operator to 2024-09-23T00:00:00+00:00, run_after=2024-09-24T00:00:00+00:00
[2024-09-24T04:31:51.587+0000] {processor.py:176} INFO - Processing /home/airflow/.local/lib/python3.7/site-packages/airflow/example_dags/example_branch_operator.py took 0.178 seconds
[2024-09-24T04:32:22.373+0000] {processor.py:154} INFO - Started process (PID=15542) to work on /home/airflow/.local/lib/python3.7/site-packages/airflow/example_dags/example_branch_operator.py
[2024-09-24T04:32:22.374+0000] {processor.py:756} INFO - Processing file /home/airflow/.local/lib/python3.7/site-packages/airflow/example_dags/example_branch_operator.py for tasks to queue
[2024-09-24T04:32:22.375+0000] {logging_mixin.py:120} INFO - [2024-09-24T04:32:22.375+0000] {dagbag.py:537} INFO - Filling up the DagBag from /home/airflow/.local/lib/python3.7/site-packages/airflow/example_dags/example_branch_operator.py
[2024-09-24T04:32:22.401+0000] {processor.py:766} INFO - DAG(s) dict_keys(['example_branch_operator']) retrieved from /home/airflow/.local/lib/python3.7/site-packages/airflow/example_dags/example_branch_operator.py
[2024-09-24T04:32:22.467+0000] {logging_mixin.py:120} INFO - [2024-09-24T04:32:22.467+0000] {dag.py:2585} INFO - Sync 1 DAGs
[2024-09-24T04:32:22.509+0000] {logging_mixin.py:120} INFO - [2024-09-24T04:32:22.509+0000] {dag.py:3340} INFO - Setting next_dagrun for example_branch_operator to 2024-09-23T00:00:00+00:00, run_after=2024-09-24T00:00:00+00:00
[2024-09-24T04:32:22.537+0000] {processor.py:176} INFO - Processing /home/airflow/.local/lib/python3.7/site-packages/airflow/example_dags/example_branch_operator.py took 0.169 seconds
[2024-09-24T04:32:53.342+0000] {processor.py:154} INFO - Started process (PID=15605) to work on /home/airflow/.local/lib/python3.7/site-packages/airflow/example_dags/example_branch_operator.py
[2024-09-24T04:32:53.344+0000] {processor.py:756} INFO - Processing file /home/airflow/.local/lib/python3.7/site-packages/airflow/example_dags/example_branch_operator.py for tasks to queue
[2024-09-24T04:32:53.345+0000] {logging_mixin.py:120} INFO - [2024-09-24T04:32:53.345+0000] {dagbag.py:537} INFO - Filling up the DagBag from /home/airflow/.local/lib/python3.7/site-packages/airflow/example_dags/example_branch_operator.py
[2024-09-24T04:32:53.374+0000] {processor.py:766} INFO - DAG(s) dict_keys(['example_branch_operator']) retrieved from /home/airflow/.local/lib/python3.7/site-packages/airflow/example_dags/example_branch_operator.py
[2024-09-24T04:32:53.446+0000] {logging_mixin.py:120} INFO - [2024-09-24T04:32:53.446+0000] {dag.py:2585} INFO - Sync 1 DAGs
[2024-09-24T04:32:53.490+0000] {logging_mixin.py:120} INFO - [2024-09-24T04:32:53.490+0000] {dag.py:3340} INFO - Setting next_dagrun for example_branch_operator to 2024-09-23T00:00:00+00:00, run_after=2024-09-24T00:00:00+00:00
[2024-09-24T04:32:53.525+0000] {processor.py:176} INFO - Processing /home/airflow/.local/lib/python3.7/site-packages/airflow/example_dags/example_branch_operator.py took 0.188 seconds
[2024-09-24T04:33:24.263+0000] {processor.py:154} INFO - Started process (PID=15659) to work on /home/airflow/.local/lib/python3.7/site-packages/airflow/example_dags/example_branch_operator.py
[2024-09-24T04:33:24.265+0000] {processor.py:756} INFO - Processing file /home/airflow/.local/lib/python3.7/site-packages/airflow/example_dags/example_branch_operator.py for tasks to queue
[2024-09-24T04:33:24.266+0000] {logging_mixin.py:120} INFO - [2024-09-24T04:33:24.266+0000] {dagbag.py:537} INFO - Filling up the DagBag from /home/airflow/.local/lib/python3.7/site-packages/airflow/example_dags/example_branch_operator.py
[2024-09-24T04:33:24.298+0000] {processor.py:766} INFO - DAG(s) dict_keys(['example_branch_operator']) retrieved from /home/airflow/.local/lib/python3.7/site-packages/airflow/example_dags/example_branch_operator.py
[2024-09-24T04:33:24.369+0000] {logging_mixin.py:120} INFO - [2024-09-24T04:33:24.369+0000] {dag.py:2585} INFO - Sync 1 DAGs
[2024-09-24T04:33:24.411+0000] {logging_mixin.py:120} INFO - [2024-09-24T04:33:24.410+0000] {dag.py:3340} INFO - Setting next_dagrun for example_branch_operator to 2024-09-23T00:00:00+00:00, run_after=2024-09-24T00:00:00+00:00
[2024-09-24T04:33:24.447+0000] {processor.py:176} INFO - Processing /home/airflow/.local/lib/python3.7/site-packages/airflow/example_dags/example_branch_operator.py took 0.190 seconds
[2024-09-24T04:33:54.594+0000] {processor.py:154} INFO - Started process (PID=15722) to work on /home/airflow/.local/lib/python3.7/site-packages/airflow/example_dags/example_branch_operator.py
[2024-09-24T04:33:54.596+0000] {processor.py:756} INFO - Processing file /home/airflow/.local/lib/python3.7/site-packages/airflow/example_dags/example_branch_operator.py for tasks to queue
[2024-09-24T04:33:54.598+0000] {logging_mixin.py:120} INFO - [2024-09-24T04:33:54.598+0000] {dagbag.py:537} INFO - Filling up the DagBag from /home/airflow/.local/lib/python3.7/site-packages/airflow/example_dags/example_branch_operator.py
[2024-09-24T04:33:54.628+0000] {processor.py:766} INFO - DAG(s) dict_keys(['example_branch_operator']) retrieved from /home/airflow/.local/lib/python3.7/site-packages/airflow/example_dags/example_branch_operator.py
[2024-09-24T04:33:54.701+0000] {logging_mixin.py:120} INFO - [2024-09-24T04:33:54.701+0000] {dag.py:2585} INFO - Sync 1 DAGs
[2024-09-24T04:33:54.748+0000] {logging_mixin.py:120} INFO - [2024-09-24T04:33:54.747+0000] {dag.py:3340} INFO - Setting next_dagrun for example_branch_operator to 2024-09-23T00:00:00+00:00, run_after=2024-09-24T00:00:00+00:00
[2024-09-24T04:33:54.785+0000] {processor.py:176} INFO - Processing /home/airflow/.local/lib/python3.7/site-packages/airflow/example_dags/example_branch_operator.py took 0.200 seconds
[2024-09-24T04:34:26.035+0000] {processor.py:154} INFO - Started process (PID=15786) to work on /home/airflow/.local/lib/python3.7/site-packages/airflow/example_dags/example_branch_operator.py
[2024-09-24T04:34:26.038+0000] {processor.py:756} INFO - Processing file /home/airflow/.local/lib/python3.7/site-packages/airflow/example_dags/example_branch_operator.py for tasks to queue
[2024-09-24T04:34:26.039+0000] {logging_mixin.py:120} INFO - [2024-09-24T04:34:26.039+0000] {dagbag.py:537} INFO - Filling up the DagBag from /home/airflow/.local/lib/python3.7/site-packages/airflow/example_dags/example_branch_operator.py
[2024-09-24T04:34:26.087+0000] {processor.py:766} INFO - DAG(s) dict_keys(['example_branch_operator']) retrieved from /home/airflow/.local/lib/python3.7/site-packages/airflow/example_dags/example_branch_operator.py
[2024-09-24T04:34:26.192+0000] {logging_mixin.py:120} INFO - [2024-09-24T04:34:26.191+0000] {dag.py:2585} INFO - Sync 1 DAGs
[2024-09-24T04:34:26.238+0000] {logging_mixin.py:120} INFO - [2024-09-24T04:34:26.238+0000] {dag.py:3340} INFO - Setting next_dagrun for example_branch_operator to 2024-09-23T00:00:00+00:00, run_after=2024-09-24T00:00:00+00:00
[2024-09-24T04:34:26.268+0000] {processor.py:176} INFO - Processing /home/airflow/.local/lib/python3.7/site-packages/airflow/example_dags/example_branch_operator.py took 0.244 seconds
[2024-09-24T04:34:56.428+0000] {processor.py:154} INFO - Started process (PID=15839) to work on /home/airflow/.local/lib/python3.7/site-packages/airflow/example_dags/example_branch_operator.py
[2024-09-24T04:34:56.430+0000] {processor.py:756} INFO - Processing file /home/airflow/.local/lib/python3.7/site-packages/airflow/example_dags/example_branch_operator.py for tasks to queue
[2024-09-24T04:34:56.431+0000] {logging_mixin.py:120} INFO - [2024-09-24T04:34:56.431+0000] {dagbag.py:537} INFO - Filling up the DagBag from /home/airflow/.local/lib/python3.7/site-packages/airflow/example_dags/example_branch_operator.py
[2024-09-24T04:34:56.457+0000] {processor.py:766} INFO - DAG(s) dict_keys(['example_branch_operator']) retrieved from /home/airflow/.local/lib/python3.7/site-packages/airflow/example_dags/example_branch_operator.py
[2024-09-24T04:34:56.521+0000] {logging_mixin.py:120} INFO - [2024-09-24T04:34:56.521+0000] {dag.py:2585} INFO - Sync 1 DAGs
[2024-09-24T04:34:56.563+0000] {logging_mixin.py:120} INFO - [2024-09-24T04:34:56.563+0000] {dag.py:3340} INFO - Setting next_dagrun for example_branch_operator to 2024-09-23T00:00:00+00:00, run_after=2024-09-24T00:00:00+00:00
[2024-09-24T04:34:56.595+0000] {processor.py:176} INFO - Processing /home/airflow/.local/lib/python3.7/site-packages/airflow/example_dags/example_branch_operator.py took 0.173 seconds
[2024-09-24T04:35:26.939+0000] {processor.py:154} INFO - Started process (PID=15902) to work on /home/airflow/.local/lib/python3.7/site-packages/airflow/example_dags/example_branch_operator.py
[2024-09-24T04:35:26.941+0000] {processor.py:756} INFO - Processing file /home/airflow/.local/lib/python3.7/site-packages/airflow/example_dags/example_branch_operator.py for tasks to queue
[2024-09-24T04:35:26.942+0000] {logging_mixin.py:120} INFO - [2024-09-24T04:35:26.942+0000] {dagbag.py:537} INFO - Filling up the DagBag from /home/airflow/.local/lib/python3.7/site-packages/airflow/example_dags/example_branch_operator.py
[2024-09-24T04:35:26.971+0000] {processor.py:766} INFO - DAG(s) dict_keys(['example_branch_operator']) retrieved from /home/airflow/.local/lib/python3.7/site-packages/airflow/example_dags/example_branch_operator.py
[2024-09-24T04:35:27.043+0000] {logging_mixin.py:120} INFO - [2024-09-24T04:35:27.043+0000] {dag.py:2585} INFO - Sync 1 DAGs
[2024-09-24T04:35:27.085+0000] {logging_mixin.py:120} INFO - [2024-09-24T04:35:27.085+0000] {dag.py:3340} INFO - Setting next_dagrun for example_branch_operator to 2024-09-23T00:00:00+00:00, run_after=2024-09-24T00:00:00+00:00
[2024-09-24T04:35:27.114+0000] {processor.py:176} INFO - Processing /home/airflow/.local/lib/python3.7/site-packages/airflow/example_dags/example_branch_operator.py took 0.183 seconds
[2024-09-24T04:35:58.179+0000] {processor.py:154} INFO - Started process (PID=15956) to work on /home/airflow/.local/lib/python3.7/site-packages/airflow/example_dags/example_branch_operator.py
[2024-09-24T04:35:58.181+0000] {processor.py:756} INFO - Processing file /home/airflow/.local/lib/python3.7/site-packages/airflow/example_dags/example_branch_operator.py for tasks to queue
[2024-09-24T04:35:58.183+0000] {logging_mixin.py:120} INFO - [2024-09-24T04:35:58.183+0000] {dagbag.py:537} INFO - Filling up the DagBag from /home/airflow/.local/lib/python3.7/site-packages/airflow/example_dags/example_branch_operator.py
[2024-09-24T04:35:58.213+0000] {processor.py:766} INFO - DAG(s) dict_keys(['example_branch_operator']) retrieved from /home/airflow/.local/lib/python3.7/site-packages/airflow/example_dags/example_branch_operator.py
[2024-09-24T04:35:58.283+0000] {logging_mixin.py:120} INFO - [2024-09-24T04:35:58.283+0000] {dag.py:2585} INFO - Sync 1 DAGs
[2024-09-24T04:35:58.348+0000] {logging_mixin.py:120} INFO - [2024-09-24T04:35:58.348+0000] {dag.py:3340} INFO - Setting next_dagrun for example_branch_operator to 2024-09-23T00:00:00+00:00, run_after=2024-09-24T00:00:00+00:00
[2024-09-24T04:35:58.379+0000] {processor.py:176} INFO - Processing /home/airflow/.local/lib/python3.7/site-packages/airflow/example_dags/example_branch_operator.py took 0.205 seconds
[2024-09-24T04:36:28.726+0000] {processor.py:154} INFO - Started process (PID=16019) to work on /home/airflow/.local/lib/python3.7/site-packages/airflow/example_dags/example_branch_operator.py
[2024-09-24T04:36:28.727+0000] {processor.py:756} INFO - Processing file /home/airflow/.local/lib/python3.7/site-packages/airflow/example_dags/example_branch_operator.py for tasks to queue
[2024-09-24T04:36:28.728+0000] {logging_mixin.py:120} INFO - [2024-09-24T04:36:28.728+0000] {dagbag.py:537} INFO - Filling up the DagBag from /home/airflow/.local/lib/python3.7/site-packages/airflow/example_dags/example_branch_operator.py
[2024-09-24T04:36:28.758+0000] {processor.py:766} INFO - DAG(s) dict_keys(['example_branch_operator']) retrieved from /home/airflow/.local/lib/python3.7/site-packages/airflow/example_dags/example_branch_operator.py
[2024-09-24T04:36:28.839+0000] {logging_mixin.py:120} INFO - [2024-09-24T04:36:28.839+0000] {dag.py:2585} INFO - Sync 1 DAGs
[2024-09-24T04:36:28.892+0000] {logging_mixin.py:120} INFO - [2024-09-24T04:36:28.891+0000] {dag.py:3340} INFO - Setting next_dagrun for example_branch_operator to 2024-09-23T00:00:00+00:00, run_after=2024-09-24T00:00:00+00:00
[2024-09-24T04:36:28.925+0000] {processor.py:176} INFO - Processing /home/airflow/.local/lib/python3.7/site-packages/airflow/example_dags/example_branch_operator.py took 0.204 seconds
[2024-09-24T04:36:59.261+0000] {processor.py:154} INFO - Started process (PID=16073) to work on /home/airflow/.local/lib/python3.7/site-packages/airflow/example_dags/example_branch_operator.py
[2024-09-24T04:36:59.263+0000] {processor.py:756} INFO - Processing file /home/airflow/.local/lib/python3.7/site-packages/airflow/example_dags/example_branch_operator.py for tasks to queue
[2024-09-24T04:36:59.265+0000] {logging_mixin.py:120} INFO - [2024-09-24T04:36:59.265+0000] {dagbag.py:537} INFO - Filling up the DagBag from /home/airflow/.local/lib/python3.7/site-packages/airflow/example_dags/example_branch_operator.py
[2024-09-24T04:36:59.295+0000] {processor.py:766} INFO - DAG(s) dict_keys(['example_branch_operator']) retrieved from /home/airflow/.local/lib/python3.7/site-packages/airflow/example_dags/example_branch_operator.py
[2024-09-24T04:36:59.399+0000] {logging_mixin.py:120} INFO - [2024-09-24T04:36:59.399+0000] {dag.py:2585} INFO - Sync 1 DAGs
[2024-09-24T04:36:59.453+0000] {logging_mixin.py:120} INFO - [2024-09-24T04:36:59.453+0000] {dag.py:3340} INFO - Setting next_dagrun for example_branch_operator to 2024-09-23T00:00:00+00:00, run_after=2024-09-24T00:00:00+00:00
[2024-09-24T04:36:59.500+0000] {processor.py:176} INFO - Processing /home/airflow/.local/lib/python3.7/site-packages/airflow/example_dags/example_branch_operator.py took 0.246 seconds
[2024-09-24T04:37:56.709+0000] {processor.py:154} INFO - Started process (PID=16141) to work on /home/airflow/.local/lib/python3.7/site-packages/airflow/example_dags/example_branch_operator.py
[2024-09-24T04:37:56.712+0000] {processor.py:756} INFO - Processing file /home/airflow/.local/lib/python3.7/site-packages/airflow/example_dags/example_branch_operator.py for tasks to queue
[2024-09-24T04:37:56.713+0000] {logging_mixin.py:120} INFO - [2024-09-24T04:37:56.712+0000] {dagbag.py:537} INFO - Filling up the DagBag from /home/airflow/.local/lib/python3.7/site-packages/airflow/example_dags/example_branch_operator.py
[2024-09-24T04:37:56.734+0000] {processor.py:766} INFO - DAG(s) dict_keys(['example_branch_operator']) retrieved from /home/airflow/.local/lib/python3.7/site-packages/airflow/example_dags/example_branch_operator.py
[2024-09-24T04:37:56.806+0000] {logging_mixin.py:120} INFO - [2024-09-24T04:37:56.806+0000] {dag.py:2585} INFO - Sync 1 DAGs
[2024-09-24T04:37:56.854+0000] {logging_mixin.py:120} INFO - [2024-09-24T04:37:56.854+0000] {dag.py:3340} INFO - Setting next_dagrun for example_branch_operator to 2024-09-23T00:00:00+00:00, run_after=2024-09-24T00:00:00+00:00
[2024-09-24T04:37:56.897+0000] {processor.py:176} INFO - Processing /home/airflow/.local/lib/python3.7/site-packages/airflow/example_dags/example_branch_operator.py took 0.195 seconds
[2024-09-24T06:15:53.822+0000] {processor.py:154} INFO - Started process (PID=16214) to work on /home/airflow/.local/lib/python3.7/site-packages/airflow/example_dags/example_branch_operator.py
[2024-09-24T06:15:53.826+0000] {processor.py:756} INFO - Processing file /home/airflow/.local/lib/python3.7/site-packages/airflow/example_dags/example_branch_operator.py for tasks to queue
[2024-09-24T06:15:53.828+0000] {logging_mixin.py:120} INFO - [2024-09-24T06:15:53.827+0000] {dagbag.py:537} INFO - Filling up the DagBag from /home/airflow/.local/lib/python3.7/site-packages/airflow/example_dags/example_branch_operator.py
[2024-09-24T06:15:53.862+0000] {processor.py:766} INFO - DAG(s) dict_keys(['example_branch_operator']) retrieved from /home/airflow/.local/lib/python3.7/site-packages/airflow/example_dags/example_branch_operator.py
[2024-09-24T06:15:53.938+0000] {logging_mixin.py:120} INFO - [2024-09-24T06:15:53.938+0000] {dag.py:2585} INFO - Sync 1 DAGs
[2024-09-24T06:15:53.985+0000] {logging_mixin.py:120} INFO - [2024-09-24T06:15:53.984+0000] {dag.py:3340} INFO - Setting next_dagrun for example_branch_operator to 2024-09-23T00:00:00+00:00, run_after=2024-09-24T00:00:00+00:00
[2024-09-24T06:15:54.012+0000] {processor.py:176} INFO - Processing /home/airflow/.local/lib/python3.7/site-packages/airflow/example_dags/example_branch_operator.py took 0.195 seconds
[2024-09-24T06:31:01.893+0000] {processor.py:154} INFO - Started process (PID=16268) to work on /home/airflow/.local/lib/python3.7/site-packages/airflow/example_dags/example_branch_operator.py
[2024-09-24T06:31:01.895+0000] {processor.py:756} INFO - Processing file /home/airflow/.local/lib/python3.7/site-packages/airflow/example_dags/example_branch_operator.py for tasks to queue
[2024-09-24T06:31:01.896+0000] {logging_mixin.py:120} INFO - [2024-09-24T06:31:01.896+0000] {dagbag.py:537} INFO - Filling up the DagBag from /home/airflow/.local/lib/python3.7/site-packages/airflow/example_dags/example_branch_operator.py
[2024-09-24T06:31:01.924+0000] {processor.py:766} INFO - DAG(s) dict_keys(['example_branch_operator']) retrieved from /home/airflow/.local/lib/python3.7/site-packages/airflow/example_dags/example_branch_operator.py
[2024-09-24T06:31:01.980+0000] {logging_mixin.py:120} INFO - [2024-09-24T06:31:01.980+0000] {dag.py:2585} INFO - Sync 1 DAGs
[2024-09-24T06:31:02.019+0000] {logging_mixin.py:120} INFO - [2024-09-24T06:31:02.018+0000] {dag.py:3340} INFO - Setting next_dagrun for example_branch_operator to 2024-09-23T00:00:00+00:00, run_after=2024-09-24T00:00:00+00:00
[2024-09-24T06:31:02.051+0000] {processor.py:176} INFO - Processing /home/airflow/.local/lib/python3.7/site-packages/airflow/example_dags/example_branch_operator.py took 0.162 seconds
[2024-09-24T08:40:11.147+0000] {processor.py:154} INFO - Started process (PID=16331) to work on /home/airflow/.local/lib/python3.7/site-packages/airflow/example_dags/example_branch_operator.py
[2024-09-24T08:40:11.149+0000] {processor.py:756} INFO - Processing file /home/airflow/.local/lib/python3.7/site-packages/airflow/example_dags/example_branch_operator.py for tasks to queue
[2024-09-24T08:40:11.150+0000] {logging_mixin.py:120} INFO - [2024-09-24T08:40:11.150+0000] {dagbag.py:537} INFO - Filling up the DagBag from /home/airflow/.local/lib/python3.7/site-packages/airflow/example_dags/example_branch_operator.py
[2024-09-24T08:40:11.181+0000] {processor.py:766} INFO - DAG(s) dict_keys(['example_branch_operator']) retrieved from /home/airflow/.local/lib/python3.7/site-packages/airflow/example_dags/example_branch_operator.py
[2024-09-24T08:40:11.267+0000] {logging_mixin.py:120} INFO - [2024-09-24T08:40:11.266+0000] {dag.py:2585} INFO - Sync 1 DAGs
[2024-09-24T08:40:11.330+0000] {logging_mixin.py:120} INFO - [2024-09-24T08:40:11.329+0000] {dag.py:3340} INFO - Setting next_dagrun for example_branch_operator to 2024-09-23T00:00:00+00:00, run_after=2024-09-24T00:00:00+00:00
[2024-09-24T08:40:11.368+0000] {processor.py:176} INFO - Processing /home/airflow/.local/lib/python3.7/site-packages/airflow/example_dags/example_branch_operator.py took 0.229 seconds
[2024-09-24T11:11:20.210+0000] {processor.py:154} INFO - Started process (PID=16385) to work on /home/airflow/.local/lib/python3.7/site-packages/airflow/example_dags/example_branch_operator.py
[2024-09-24T11:11:20.213+0000] {processor.py:756} INFO - Processing file /home/airflow/.local/lib/python3.7/site-packages/airflow/example_dags/example_branch_operator.py for tasks to queue
[2024-09-24T11:11:20.215+0000] {logging_mixin.py:120} INFO - [2024-09-24T11:11:20.214+0000] {dagbag.py:537} INFO - Filling up the DagBag from /home/airflow/.local/lib/python3.7/site-packages/airflow/example_dags/example_branch_operator.py
[2024-09-24T11:11:20.254+0000] {processor.py:766} INFO - DAG(s) dict_keys(['example_branch_operator']) retrieved from /home/airflow/.local/lib/python3.7/site-packages/airflow/example_dags/example_branch_operator.py
[2024-09-24T11:11:20.341+0000] {logging_mixin.py:120} INFO - [2024-09-24T11:11:20.340+0000] {dag.py:2585} INFO - Sync 1 DAGs
[2024-09-24T11:11:20.407+0000] {logging_mixin.py:120} INFO - [2024-09-24T11:11:20.407+0000] {dag.py:3340} INFO - Setting next_dagrun for example_branch_operator to 2024-09-23T00:00:00+00:00, run_after=2024-09-24T00:00:00+00:00
[2024-09-24T11:11:20.461+0000] {processor.py:176} INFO - Processing /home/airflow/.local/lib/python3.7/site-packages/airflow/example_dags/example_branch_operator.py took 0.257 seconds
[2024-09-24T12:44:50.511+0000] {processor.py:154} INFO - Started process (PID=16448) to work on /home/airflow/.local/lib/python3.7/site-packages/airflow/example_dags/example_branch_operator.py
[2024-09-24T12:44:50.513+0000] {processor.py:756} INFO - Processing file /home/airflow/.local/lib/python3.7/site-packages/airflow/example_dags/example_branch_operator.py for tasks to queue
[2024-09-24T12:44:50.514+0000] {logging_mixin.py:120} INFO - [2024-09-24T12:44:50.514+0000] {dagbag.py:537} INFO - Filling up the DagBag from /home/airflow/.local/lib/python3.7/site-packages/airflow/example_dags/example_branch_operator.py
[2024-09-24T12:44:50.539+0000] {processor.py:766} INFO - DAG(s) dict_keys(['example_branch_operator']) retrieved from /home/airflow/.local/lib/python3.7/site-packages/airflow/example_dags/example_branch_operator.py
[2024-09-24T12:44:50.609+0000] {logging_mixin.py:120} INFO - [2024-09-24T12:44:50.608+0000] {dag.py:2585} INFO - Sync 1 DAGs
[2024-09-24T12:44:50.643+0000] {logging_mixin.py:120} INFO - [2024-09-24T12:44:50.642+0000] {dag.py:3340} INFO - Setting next_dagrun for example_branch_operator to 2024-09-23T00:00:00+00:00, run_after=2024-09-24T00:00:00+00:00
[2024-09-24T12:44:50.673+0000] {processor.py:176} INFO - Processing /home/airflow/.local/lib/python3.7/site-packages/airflow/example_dags/example_branch_operator.py took 0.168 seconds
[2024-09-24T14:24:39.948+0000] {processor.py:154} INFO - Started process (PID=16502) to work on /home/airflow/.local/lib/python3.7/site-packages/airflow/example_dags/example_branch_operator.py
[2024-09-24T14:24:39.952+0000] {processor.py:756} INFO - Processing file /home/airflow/.local/lib/python3.7/site-packages/airflow/example_dags/example_branch_operator.py for tasks to queue
[2024-09-24T14:24:39.954+0000] {logging_mixin.py:120} INFO - [2024-09-24T14:24:39.954+0000] {dagbag.py:537} INFO - Filling up the DagBag from /home/airflow/.local/lib/python3.7/site-packages/airflow/example_dags/example_branch_operator.py
[2024-09-24T14:24:39.987+0000] {processor.py:766} INFO - DAG(s) dict_keys(['example_branch_operator']) retrieved from /home/airflow/.local/lib/python3.7/site-packages/airflow/example_dags/example_branch_operator.py
[2024-09-24T14:24:40.050+0000] {logging_mixin.py:120} INFO - [2024-09-24T14:24:40.050+0000] {dag.py:2585} INFO - Sync 1 DAGs
[2024-09-24T14:24:40.094+0000] {logging_mixin.py:120} INFO - [2024-09-24T14:24:40.094+0000] {dag.py:3340} INFO - Setting next_dagrun for example_branch_operator to 2024-09-23T00:00:00+00:00, run_after=2024-09-24T00:00:00+00:00
[2024-09-24T14:24:40.122+0000] {processor.py:176} INFO - Processing /home/airflow/.local/lib/python3.7/site-packages/airflow/example_dags/example_branch_operator.py took 0.181 seconds
[2024-09-24T14:26:39.759+0000] {processor.py:154} INFO - Started process (PID=16565) to work on /home/airflow/.local/lib/python3.7/site-packages/airflow/example_dags/example_branch_operator.py
[2024-09-24T14:26:39.761+0000] {processor.py:756} INFO - Processing file /home/airflow/.local/lib/python3.7/site-packages/airflow/example_dags/example_branch_operator.py for tasks to queue
[2024-09-24T14:26:39.762+0000] {logging_mixin.py:120} INFO - [2024-09-24T14:26:39.762+0000] {dagbag.py:537} INFO - Filling up the DagBag from /home/airflow/.local/lib/python3.7/site-packages/airflow/example_dags/example_branch_operator.py
[2024-09-24T14:26:39.783+0000] {processor.py:766} INFO - DAG(s) dict_keys(['example_branch_operator']) retrieved from /home/airflow/.local/lib/python3.7/site-packages/airflow/example_dags/example_branch_operator.py
[2024-09-24T14:26:39.828+0000] {logging_mixin.py:120} INFO - [2024-09-24T14:26:39.827+0000] {dag.py:2585} INFO - Sync 1 DAGs
[2024-09-24T14:26:39.854+0000] {logging_mixin.py:120} INFO - [2024-09-24T14:26:39.854+0000] {dag.py:3340} INFO - Setting next_dagrun for example_branch_operator to 2024-09-23T00:00:00+00:00, run_after=2024-09-24T00:00:00+00:00
[2024-09-24T14:26:39.875+0000] {processor.py:176} INFO - Processing /home/airflow/.local/lib/python3.7/site-packages/airflow/example_dags/example_branch_operator.py took 0.119 seconds
[2024-09-24T15:01:02.829+0000] {processor.py:154} INFO - Started process (PID=16619) to work on /home/airflow/.local/lib/python3.7/site-packages/airflow/example_dags/example_branch_operator.py
[2024-09-24T15:01:02.831+0000] {processor.py:756} INFO - Processing file /home/airflow/.local/lib/python3.7/site-packages/airflow/example_dags/example_branch_operator.py for tasks to queue
[2024-09-24T15:01:02.832+0000] {logging_mixin.py:120} INFO - [2024-09-24T15:01:02.832+0000] {dagbag.py:537} INFO - Filling up the DagBag from /home/airflow/.local/lib/python3.7/site-packages/airflow/example_dags/example_branch_operator.py
[2024-09-24T15:01:02.861+0000] {processor.py:766} INFO - DAG(s) dict_keys(['example_branch_operator']) retrieved from /home/airflow/.local/lib/python3.7/site-packages/airflow/example_dags/example_branch_operator.py
[2024-09-24T15:01:02.919+0000] {logging_mixin.py:120} INFO - [2024-09-24T15:01:02.919+0000] {dag.py:2585} INFO - Sync 1 DAGs
[2024-09-24T15:01:02.958+0000] {logging_mixin.py:120} INFO - [2024-09-24T15:01:02.958+0000] {dag.py:3340} INFO - Setting next_dagrun for example_branch_operator to 2024-09-23T00:00:00+00:00, run_after=2024-09-24T00:00:00+00:00
[2024-09-24T15:01:02.987+0000] {processor.py:176} INFO - Processing /home/airflow/.local/lib/python3.7/site-packages/airflow/example_dags/example_branch_operator.py took 0.165 seconds
[2024-09-24T16:32:27.816+0000] {processor.py:154} INFO - Started process (PID=16682) to work on /home/airflow/.local/lib/python3.7/site-packages/airflow/example_dags/example_branch_operator.py
[2024-09-24T16:32:27.818+0000] {processor.py:756} INFO - Processing file /home/airflow/.local/lib/python3.7/site-packages/airflow/example_dags/example_branch_operator.py for tasks to queue
[2024-09-24T16:32:27.819+0000] {logging_mixin.py:120} INFO - [2024-09-24T16:32:27.819+0000] {dagbag.py:537} INFO - Filling up the DagBag from /home/airflow/.local/lib/python3.7/site-packages/airflow/example_dags/example_branch_operator.py
[2024-09-24T16:32:27.843+0000] {processor.py:766} INFO - DAG(s) dict_keys(['example_branch_operator']) retrieved from /home/airflow/.local/lib/python3.7/site-packages/airflow/example_dags/example_branch_operator.py
[2024-09-24T16:32:27.894+0000] {logging_mixin.py:120} INFO - [2024-09-24T16:32:27.894+0000] {dag.py:2585} INFO - Sync 1 DAGs
[2024-09-24T16:32:27.932+0000] {logging_mixin.py:120} INFO - [2024-09-24T16:32:27.932+0000] {dag.py:3340} INFO - Setting next_dagrun for example_branch_operator to 2024-09-23T00:00:00+00:00, run_after=2024-09-24T00:00:00+00:00
[2024-09-24T16:32:27.956+0000] {processor.py:176} INFO - Processing /home/airflow/.local/lib/python3.7/site-packages/airflow/example_dags/example_branch_operator.py took 0.144 seconds
[2024-09-24T16:38:50.573+0000] {processor.py:154} INFO - Started process (PID=16745) to work on /home/airflow/.local/lib/python3.7/site-packages/airflow/example_dags/example_branch_operator.py
[2024-09-24T16:38:50.576+0000] {processor.py:756} INFO - Processing file /home/airflow/.local/lib/python3.7/site-packages/airflow/example_dags/example_branch_operator.py for tasks to queue
[2024-09-24T16:38:50.578+0000] {logging_mixin.py:120} INFO - [2024-09-24T16:38:50.578+0000] {dagbag.py:537} INFO - Filling up the DagBag from /home/airflow/.local/lib/python3.7/site-packages/airflow/example_dags/example_branch_operator.py
[2024-09-24T16:38:50.626+0000] {processor.py:766} INFO - DAG(s) dict_keys(['example_branch_operator']) retrieved from /home/airflow/.local/lib/python3.7/site-packages/airflow/example_dags/example_branch_operator.py
[2024-09-24T16:38:50.763+0000] {logging_mixin.py:120} INFO - [2024-09-24T16:38:50.763+0000] {dag.py:2585} INFO - Sync 1 DAGs
[2024-09-24T16:38:50.889+0000] {logging_mixin.py:120} INFO - [2024-09-24T16:38:50.888+0000] {dag.py:3340} INFO - Setting next_dagrun for example_branch_operator to 2024-09-23T00:00:00+00:00, run_after=2024-09-24T00:00:00+00:00
[2024-09-24T16:38:50.950+0000] {processor.py:176} INFO - Processing /home/airflow/.local/lib/python3.7/site-packages/airflow/example_dags/example_branch_operator.py took 0.384 seconds
[2024-09-24T17:03:40.735+0000] {processor.py:154} INFO - Started process (PID=16799) to work on /home/airflow/.local/lib/python3.7/site-packages/airflow/example_dags/example_branch_operator.py
[2024-09-24T17:03:40.738+0000] {processor.py:756} INFO - Processing file /home/airflow/.local/lib/python3.7/site-packages/airflow/example_dags/example_branch_operator.py for tasks to queue
[2024-09-24T17:03:40.741+0000] {logging_mixin.py:120} INFO - [2024-09-24T17:03:40.741+0000] {dagbag.py:537} INFO - Filling up the DagBag from /home/airflow/.local/lib/python3.7/site-packages/airflow/example_dags/example_branch_operator.py
[2024-09-24T17:03:40.804+0000] {processor.py:766} INFO - DAG(s) dict_keys(['example_branch_operator']) retrieved from /home/airflow/.local/lib/python3.7/site-packages/airflow/example_dags/example_branch_operator.py
[2024-09-24T17:03:40.940+0000] {logging_mixin.py:120} INFO - [2024-09-24T17:03:40.940+0000] {dag.py:2585} INFO - Sync 1 DAGs
[2024-09-24T17:03:41.020+0000] {logging_mixin.py:120} INFO - [2024-09-24T17:03:41.019+0000] {dag.py:3340} INFO - Setting next_dagrun for example_branch_operator to 2024-09-23T00:00:00+00:00, run_after=2024-09-24T00:00:00+00:00
[2024-09-24T17:03:41.060+0000] {processor.py:176} INFO - Processing /home/airflow/.local/lib/python3.7/site-packages/airflow/example_dags/example_branch_operator.py took 0.333 seconds
[2024-09-24T17:24:32.295+0000] {processor.py:154} INFO - Started process (PID=16851) to work on /home/airflow/.local/lib/python3.7/site-packages/airflow/example_dags/example_branch_operator.py
[2024-09-24T17:24:32.300+0000] {processor.py:756} INFO - Processing file /home/airflow/.local/lib/python3.7/site-packages/airflow/example_dags/example_branch_operator.py for tasks to queue
[2024-09-24T17:24:32.302+0000] {logging_mixin.py:120} INFO - [2024-09-24T17:24:32.302+0000] {dagbag.py:537} INFO - Filling up the DagBag from /home/airflow/.local/lib/python3.7/site-packages/airflow/example_dags/example_branch_operator.py
[2024-09-24T17:24:32.355+0000] {processor.py:766} INFO - DAG(s) dict_keys(['example_branch_operator']) retrieved from /home/airflow/.local/lib/python3.7/site-packages/airflow/example_dags/example_branch_operator.py
[2024-09-24T17:24:32.470+0000] {logging_mixin.py:120} INFO - [2024-09-24T17:24:32.470+0000] {dag.py:2585} INFO - Sync 1 DAGs
[2024-09-24T17:24:32.553+0000] {logging_mixin.py:120} INFO - [2024-09-24T17:24:32.553+0000] {dag.py:3340} INFO - Setting next_dagrun for example_branch_operator to 2024-09-23T00:00:00+00:00, run_after=2024-09-24T00:00:00+00:00
[2024-09-24T17:24:32.600+0000] {processor.py:176} INFO - Processing /home/airflow/.local/lib/python3.7/site-packages/airflow/example_dags/example_branch_operator.py took 0.311 seconds
[2024-09-24T18:04:40.012+0000] {processor.py:154} INFO - Started process (PID=16898) to work on /home/airflow/.local/lib/python3.7/site-packages/airflow/example_dags/example_branch_operator.py
[2024-09-24T18:04:40.014+0000] {processor.py:756} INFO - Processing file /home/airflow/.local/lib/python3.7/site-packages/airflow/example_dags/example_branch_operator.py for tasks to queue
[2024-09-24T18:04:40.016+0000] {logging_mixin.py:120} INFO - [2024-09-24T18:04:40.016+0000] {dagbag.py:537} INFO - Filling up the DagBag from /home/airflow/.local/lib/python3.7/site-packages/airflow/example_dags/example_branch_operator.py
[2024-09-24T18:04:40.056+0000] {processor.py:766} INFO - DAG(s) dict_keys(['example_branch_operator']) retrieved from /home/airflow/.local/lib/python3.7/site-packages/airflow/example_dags/example_branch_operator.py
[2024-09-24T18:04:40.164+0000] {logging_mixin.py:120} INFO - [2024-09-24T18:04:40.164+0000] {dag.py:2585} INFO - Sync 1 DAGs
[2024-09-24T18:04:40.228+0000] {logging_mixin.py:120} INFO - [2024-09-24T18:04:40.228+0000] {dag.py:3340} INFO - Setting next_dagrun for example_branch_operator to 2024-09-23T00:00:00+00:00, run_after=2024-09-24T00:00:00+00:00
[2024-09-24T18:04:40.275+0000] {processor.py:176} INFO - Processing /home/airflow/.local/lib/python3.7/site-packages/airflow/example_dags/example_branch_operator.py took 0.269 seconds
[2024-09-24T19:05:36.108+0000] {processor.py:154} INFO - Started process (PID=16952) to work on /home/airflow/.local/lib/python3.7/site-packages/airflow/example_dags/example_branch_operator.py
[2024-09-24T19:05:36.111+0000] {processor.py:756} INFO - Processing file /home/airflow/.local/lib/python3.7/site-packages/airflow/example_dags/example_branch_operator.py for tasks to queue
[2024-09-24T19:05:36.113+0000] {logging_mixin.py:120} INFO - [2024-09-24T19:05:36.113+0000] {dagbag.py:537} INFO - Filling up the DagBag from /home/airflow/.local/lib/python3.7/site-packages/airflow/example_dags/example_branch_operator.py
[2024-09-24T19:05:36.146+0000] {processor.py:766} INFO - DAG(s) dict_keys(['example_branch_operator']) retrieved from /home/airflow/.local/lib/python3.7/site-packages/airflow/example_dags/example_branch_operator.py
[2024-09-24T19:05:36.224+0000] {logging_mixin.py:120} INFO - [2024-09-24T19:05:36.224+0000] {dag.py:2585} INFO - Sync 1 DAGs
[2024-09-24T19:05:36.268+0000] {logging_mixin.py:120} INFO - [2024-09-24T19:05:36.267+0000] {dag.py:3340} INFO - Setting next_dagrun for example_branch_operator to 2024-09-23T00:00:00+00:00, run_after=2024-09-24T00:00:00+00:00
[2024-09-24T19:05:36.309+0000] {processor.py:176} INFO - Processing /home/airflow/.local/lib/python3.7/site-packages/airflow/example_dags/example_branch_operator.py took 0.207 seconds
[2024-09-24T20:06:41.931+0000] {processor.py:154} INFO - Started process (PID=17006) to work on /home/airflow/.local/lib/python3.7/site-packages/airflow/example_dags/example_branch_operator.py
[2024-09-24T20:06:41.933+0000] {processor.py:756} INFO - Processing file /home/airflow/.local/lib/python3.7/site-packages/airflow/example_dags/example_branch_operator.py for tasks to queue
[2024-09-24T20:06:41.939+0000] {logging_mixin.py:120} INFO - [2024-09-24T20:06:41.938+0000] {dagbag.py:537} INFO - Filling up the DagBag from /home/airflow/.local/lib/python3.7/site-packages/airflow/example_dags/example_branch_operator.py
[2024-09-24T20:06:41.985+0000] {processor.py:766} INFO - DAG(s) dict_keys(['example_branch_operator']) retrieved from /home/airflow/.local/lib/python3.7/site-packages/airflow/example_dags/example_branch_operator.py
[2024-09-24T20:06:42.125+0000] {logging_mixin.py:120} INFO - [2024-09-24T20:06:42.124+0000] {dag.py:2585} INFO - Sync 1 DAGs
[2024-09-24T20:06:42.209+0000] {logging_mixin.py:120} INFO - [2024-09-24T20:06:42.208+0000] {dag.py:3340} INFO - Setting next_dagrun for example_branch_operator to 2024-09-23T00:00:00+00:00, run_after=2024-09-24T00:00:00+00:00
[2024-09-24T20:06:42.261+0000] {processor.py:176} INFO - Processing /home/airflow/.local/lib/python3.7/site-packages/airflow/example_dags/example_branch_operator.py took 0.339 seconds
[2024-09-24T22:08:28.397+0000] {processor.py:154} INFO - Started process (PID=17058) to work on /home/airflow/.local/lib/python3.7/site-packages/airflow/example_dags/example_branch_operator.py
[2024-09-24T22:08:28.406+0000] {processor.py:756} INFO - Processing file /home/airflow/.local/lib/python3.7/site-packages/airflow/example_dags/example_branch_operator.py for tasks to queue
[2024-09-24T22:08:28.414+0000] {logging_mixin.py:120} INFO - [2024-09-24T22:08:28.413+0000] {dagbag.py:537} INFO - Filling up the DagBag from /home/airflow/.local/lib/python3.7/site-packages/airflow/example_dags/example_branch_operator.py
[2024-09-24T22:08:28.614+0000] {processor.py:766} INFO - DAG(s) dict_keys(['example_branch_operator']) retrieved from /home/airflow/.local/lib/python3.7/site-packages/airflow/example_dags/example_branch_operator.py
[2024-09-24T22:08:29.038+0000] {logging_mixin.py:120} INFO - [2024-09-24T22:08:29.037+0000] {dag.py:2585} INFO - Sync 1 DAGs
[2024-09-24T22:08:29.431+0000] {logging_mixin.py:120} INFO - [2024-09-24T22:08:29.431+0000] {dag.py:3340} INFO - Setting next_dagrun for example_branch_operator to 2024-09-23T00:00:00+00:00, run_after=2024-09-24T00:00:00+00:00
[2024-09-24T22:08:29.630+0000] {processor.py:176} INFO - Processing /home/airflow/.local/lib/python3.7/site-packages/airflow/example_dags/example_branch_operator.py took 1.275 seconds
