[2024-09-24T01:38:20.375+0000] {processor.py:154} INFO - Started process (PID=13874) to work on /home/airflow/.local/lib/python3.7/site-packages/airflow/example_dags/example_short_circuit_decorator.py
[2024-09-24T01:38:20.377+0000] {processor.py:756} INFO - Processing file /home/airflow/.local/lib/python3.7/site-packages/airflow/example_dags/example_short_circuit_decorator.py for tasks to queue
[2024-09-24T01:38:20.378+0000] {logging_mixin.py:120} INFO - [2024-09-24T01:38:20.378+0000] {dagbag.py:537} INFO - Filling up the DagBag from /home/airflow/.local/lib/python3.7/site-packages/airflow/example_dags/example_short_circuit_decorator.py
[2024-09-24T01:38:20.433+0000] {processor.py:766} INFO - DAG(s) dict_keys(['example_short_circuit_decorator']) retrieved from /home/airflow/.local/lib/python3.7/site-packages/airflow/example_dags/example_short_circuit_decorator.py
[2024-09-24T01:38:20.530+0000] {logging_mixin.py:120} INFO - [2024-09-24T01:38:20.530+0000] {dag.py:2585} INFO - Sync 1 DAGs
[2024-09-24T01:38:20.604+0000] {logging_mixin.py:120} INFO - [2024-09-24T01:38:20.604+0000] {dag.py:3340} INFO - Setting next_dagrun for example_short_circuit_decorator to 2024-09-23T01:38:20.603691+00:00, run_after=2024-09-24T01:38:20.603691+00:00
[2024-09-24T01:38:20.671+0000] {processor.py:176} INFO - Processing /home/airflow/.local/lib/python3.7/site-packages/airflow/example_dags/example_short_circuit_decorator.py took 0.303 seconds
[2024-09-24T01:41:40.994+0000] {processor.py:154} INFO - Started process (PID=13928) to work on /home/airflow/.local/lib/python3.7/site-packages/airflow/example_dags/example_short_circuit_decorator.py
[2024-09-24T01:41:40.996+0000] {processor.py:756} INFO - Processing file /home/airflow/.local/lib/python3.7/site-packages/airflow/example_dags/example_short_circuit_decorator.py for tasks to queue
[2024-09-24T01:41:40.998+0000] {logging_mixin.py:120} INFO - [2024-09-24T01:41:40.998+0000] {dagbag.py:537} INFO - Filling up the DagBag from /home/airflow/.local/lib/python3.7/site-packages/airflow/example_dags/example_short_circuit_decorator.py
[2024-09-24T01:41:41.038+0000] {processor.py:766} INFO - DAG(s) dict_keys(['example_short_circuit_decorator']) retrieved from /home/airflow/.local/lib/python3.7/site-packages/airflow/example_dags/example_short_circuit_decorator.py
[2024-09-24T01:41:41.105+0000] {logging_mixin.py:120} INFO - [2024-09-24T01:41:41.105+0000] {dag.py:2585} INFO - Sync 1 DAGs
[2024-09-24T01:41:41.161+0000] {logging_mixin.py:120} INFO - [2024-09-24T01:41:41.160+0000] {dag.py:3340} INFO - Setting next_dagrun for example_short_circuit_decorator to 2024-09-23T01:41:41.160528+00:00, run_after=2024-09-24T01:41:41.160528+00:00
[2024-09-24T01:41:41.203+0000] {processor.py:176} INFO - Processing /home/airflow/.local/lib/python3.7/site-packages/airflow/example_dags/example_short_circuit_decorator.py took 0.214 seconds
[2024-09-24T03:27:56.324+0000] {processor.py:154} INFO - Started process (PID=13991) to work on /home/airflow/.local/lib/python3.7/site-packages/airflow/example_dags/example_short_circuit_decorator.py
[2024-09-24T03:27:56.326+0000] {processor.py:756} INFO - Processing file /home/airflow/.local/lib/python3.7/site-packages/airflow/example_dags/example_short_circuit_decorator.py for tasks to queue
[2024-09-24T03:27:56.328+0000] {logging_mixin.py:120} INFO - [2024-09-24T03:27:56.328+0000] {dagbag.py:537} INFO - Filling up the DagBag from /home/airflow/.local/lib/python3.7/site-packages/airflow/example_dags/example_short_circuit_decorator.py
[2024-09-24T03:27:56.370+0000] {processor.py:766} INFO - DAG(s) dict_keys(['example_short_circuit_decorator']) retrieved from /home/airflow/.local/lib/python3.7/site-packages/airflow/example_dags/example_short_circuit_decorator.py
[2024-09-24T03:27:56.434+0000] {logging_mixin.py:120} INFO - [2024-09-24T03:27:56.433+0000] {dag.py:2585} INFO - Sync 1 DAGs
[2024-09-24T03:27:56.474+0000] {logging_mixin.py:120} INFO - [2024-09-24T03:27:56.474+0000] {dag.py:3340} INFO - Setting next_dagrun for example_short_circuit_decorator to 2024-09-23T03:27:56.473617+00:00, run_after=2024-09-24T03:27:56.473617+00:00
[2024-09-24T03:27:56.519+0000] {processor.py:176} INFO - Processing /home/airflow/.local/lib/python3.7/site-packages/airflow/example_dags/example_short_circuit_decorator.py took 0.201 seconds
[2024-09-24T04:19:37.650+0000] {processor.py:154} INFO - Started process (PID=14054) to work on /home/airflow/.local/lib/python3.7/site-packages/airflow/example_dags/example_short_circuit_decorator.py
[2024-09-24T04:19:37.654+0000] {processor.py:756} INFO - Processing file /home/airflow/.local/lib/python3.7/site-packages/airflow/example_dags/example_short_circuit_decorator.py for tasks to queue
[2024-09-24T04:19:37.655+0000] {logging_mixin.py:120} INFO - [2024-09-24T04:19:37.655+0000] {dagbag.py:537} INFO - Filling up the DagBag from /home/airflow/.local/lib/python3.7/site-packages/airflow/example_dags/example_short_circuit_decorator.py
[2024-09-24T04:19:37.726+0000] {processor.py:766} INFO - DAG(s) dict_keys(['example_short_circuit_decorator']) retrieved from /home/airflow/.local/lib/python3.7/site-packages/airflow/example_dags/example_short_circuit_decorator.py
[2024-09-24T04:19:37.819+0000] {logging_mixin.py:120} INFO - [2024-09-24T04:19:37.819+0000] {dag.py:2585} INFO - Sync 1 DAGs
[2024-09-24T04:19:37.880+0000] {logging_mixin.py:120} INFO - [2024-09-24T04:19:37.880+0000] {dag.py:3340} INFO - Setting next_dagrun for example_short_circuit_decorator to 2024-09-23T04:19:37.879672+00:00, run_after=2024-09-24T04:19:37.879672+00:00
[2024-09-24T04:19:37.939+0000] {processor.py:176} INFO - Processing /home/airflow/.local/lib/python3.7/site-packages/airflow/example_dags/example_short_circuit_decorator.py took 0.295 seconds
[2024-09-24T04:20:08.640+0000] {processor.py:154} INFO - Started process (PID=14108) to work on /home/airflow/.local/lib/python3.7/site-packages/airflow/example_dags/example_short_circuit_decorator.py
[2024-09-24T04:20:08.641+0000] {processor.py:756} INFO - Processing file /home/airflow/.local/lib/python3.7/site-packages/airflow/example_dags/example_short_circuit_decorator.py for tasks to queue
[2024-09-24T04:20:08.642+0000] {logging_mixin.py:120} INFO - [2024-09-24T04:20:08.642+0000] {dagbag.py:537} INFO - Filling up the DagBag from /home/airflow/.local/lib/python3.7/site-packages/airflow/example_dags/example_short_circuit_decorator.py
[2024-09-24T04:20:08.678+0000] {processor.py:766} INFO - DAG(s) dict_keys(['example_short_circuit_decorator']) retrieved from /home/airflow/.local/lib/python3.7/site-packages/airflow/example_dags/example_short_circuit_decorator.py
[2024-09-24T04:20:08.731+0000] {logging_mixin.py:120} INFO - [2024-09-24T04:20:08.731+0000] {dag.py:2585} INFO - Sync 1 DAGs
[2024-09-24T04:20:08.763+0000] {logging_mixin.py:120} INFO - [2024-09-24T04:20:08.763+0000] {dag.py:3340} INFO - Setting next_dagrun for example_short_circuit_decorator to 2024-09-23T04:20:08.763330+00:00, run_after=2024-09-24T04:20:08.763330+00:00
[2024-09-24T04:20:08.792+0000] {processor.py:176} INFO - Processing /home/airflow/.local/lib/python3.7/site-packages/airflow/example_dags/example_short_circuit_decorator.py took 0.157 seconds
[2024-09-24T04:20:38.947+0000] {processor.py:154} INFO - Started process (PID=14170) to work on /home/airflow/.local/lib/python3.7/site-packages/airflow/example_dags/example_short_circuit_decorator.py
[2024-09-24T04:20:38.949+0000] {processor.py:756} INFO - Processing file /home/airflow/.local/lib/python3.7/site-packages/airflow/example_dags/example_short_circuit_decorator.py for tasks to queue
[2024-09-24T04:20:38.950+0000] {logging_mixin.py:120} INFO - [2024-09-24T04:20:38.950+0000] {dagbag.py:537} INFO - Filling up the DagBag from /home/airflow/.local/lib/python3.7/site-packages/airflow/example_dags/example_short_circuit_decorator.py
[2024-09-24T04:20:38.985+0000] {processor.py:766} INFO - DAG(s) dict_keys(['example_short_circuit_decorator']) retrieved from /home/airflow/.local/lib/python3.7/site-packages/airflow/example_dags/example_short_circuit_decorator.py
[2024-09-24T04:20:39.045+0000] {logging_mixin.py:120} INFO - [2024-09-24T04:20:39.044+0000] {dag.py:2585} INFO - Sync 1 DAGs
[2024-09-24T04:20:39.082+0000] {logging_mixin.py:120} INFO - [2024-09-24T04:20:39.081+0000] {dag.py:3340} INFO - Setting next_dagrun for example_short_circuit_decorator to 2024-09-23T04:20:39.081649+00:00, run_after=2024-09-24T04:20:39.081649+00:00
[2024-09-24T04:20:39.112+0000] {processor.py:176} INFO - Processing /home/airflow/.local/lib/python3.7/site-packages/airflow/example_dags/example_short_circuit_decorator.py took 0.171 seconds
[2024-09-24T04:21:09.586+0000] {processor.py:154} INFO - Started process (PID=14224) to work on /home/airflow/.local/lib/python3.7/site-packages/airflow/example_dags/example_short_circuit_decorator.py
[2024-09-24T04:21:09.588+0000] {processor.py:756} INFO - Processing file /home/airflow/.local/lib/python3.7/site-packages/airflow/example_dags/example_short_circuit_decorator.py for tasks to queue
[2024-09-24T04:21:09.589+0000] {logging_mixin.py:120} INFO - [2024-09-24T04:21:09.588+0000] {dagbag.py:537} INFO - Filling up the DagBag from /home/airflow/.local/lib/python3.7/site-packages/airflow/example_dags/example_short_circuit_decorator.py
[2024-09-24T04:21:09.620+0000] {processor.py:766} INFO - DAG(s) dict_keys(['example_short_circuit_decorator']) retrieved from /home/airflow/.local/lib/python3.7/site-packages/airflow/example_dags/example_short_circuit_decorator.py
[2024-09-24T04:21:09.663+0000] {logging_mixin.py:120} INFO - [2024-09-24T04:21:09.663+0000] {dag.py:2585} INFO - Sync 1 DAGs
[2024-09-24T04:21:09.690+0000] {logging_mixin.py:120} INFO - [2024-09-24T04:21:09.690+0000] {dag.py:3340} INFO - Setting next_dagrun for example_short_circuit_decorator to 2024-09-23T04:21:09.690534+00:00, run_after=2024-09-24T04:21:09.690534+00:00
[2024-09-24T04:21:09.723+0000] {processor.py:176} INFO - Processing /home/airflow/.local/lib/python3.7/site-packages/airflow/example_dags/example_short_circuit_decorator.py took 0.140 seconds
[2024-09-24T04:21:40.042+0000] {processor.py:154} INFO - Started process (PID=14287) to work on /home/airflow/.local/lib/python3.7/site-packages/airflow/example_dags/example_short_circuit_decorator.py
[2024-09-24T04:21:40.043+0000] {processor.py:756} INFO - Processing file /home/airflow/.local/lib/python3.7/site-packages/airflow/example_dags/example_short_circuit_decorator.py for tasks to queue
[2024-09-24T04:21:40.045+0000] {logging_mixin.py:120} INFO - [2024-09-24T04:21:40.045+0000] {dagbag.py:537} INFO - Filling up the DagBag from /home/airflow/.local/lib/python3.7/site-packages/airflow/example_dags/example_short_circuit_decorator.py
[2024-09-24T04:21:40.075+0000] {processor.py:766} INFO - DAG(s) dict_keys(['example_short_circuit_decorator']) retrieved from /home/airflow/.local/lib/python3.7/site-packages/airflow/example_dags/example_short_circuit_decorator.py
[2024-09-24T04:21:40.120+0000] {logging_mixin.py:120} INFO - [2024-09-24T04:21:40.120+0000] {dag.py:2585} INFO - Sync 1 DAGs
[2024-09-24T04:21:40.146+0000] {logging_mixin.py:120} INFO - [2024-09-24T04:21:40.146+0000] {dag.py:3340} INFO - Setting next_dagrun for example_short_circuit_decorator to 2024-09-23T04:21:40.146458+00:00, run_after=2024-09-24T04:21:40.146458+00:00
[2024-09-24T04:21:40.166+0000] {processor.py:176} INFO - Processing /home/airflow/.local/lib/python3.7/site-packages/airflow/example_dags/example_short_circuit_decorator.py took 0.128 seconds
[2024-09-24T04:22:10.372+0000] {processor.py:154} INFO - Started process (PID=14351) to work on /home/airflow/.local/lib/python3.7/site-packages/airflow/example_dags/example_short_circuit_decorator.py
[2024-09-24T04:22:10.374+0000] {processor.py:756} INFO - Processing file /home/airflow/.local/lib/python3.7/site-packages/airflow/example_dags/example_short_circuit_decorator.py for tasks to queue
[2024-09-24T04:22:10.376+0000] {logging_mixin.py:120} INFO - [2024-09-24T04:22:10.375+0000] {dagbag.py:537} INFO - Filling up the DagBag from /home/airflow/.local/lib/python3.7/site-packages/airflow/example_dags/example_short_circuit_decorator.py
[2024-09-24T04:22:10.412+0000] {processor.py:766} INFO - DAG(s) dict_keys(['example_short_circuit_decorator']) retrieved from /home/airflow/.local/lib/python3.7/site-packages/airflow/example_dags/example_short_circuit_decorator.py
[2024-09-24T04:22:10.468+0000] {logging_mixin.py:120} INFO - [2024-09-24T04:22:10.468+0000] {dag.py:2585} INFO - Sync 1 DAGs
[2024-09-24T04:22:10.500+0000] {logging_mixin.py:120} INFO - [2024-09-24T04:22:10.500+0000] {dag.py:3340} INFO - Setting next_dagrun for example_short_circuit_decorator to 2024-09-23T04:22:10.500151+00:00, run_after=2024-09-24T04:22:10.500151+00:00
[2024-09-24T04:22:10.525+0000] {processor.py:176} INFO - Processing /home/airflow/.local/lib/python3.7/site-packages/airflow/example_dags/example_short_circuit_decorator.py took 0.159 seconds
[2024-09-24T04:22:40.588+0000] {processor.py:154} INFO - Started process (PID=14404) to work on /home/airflow/.local/lib/python3.7/site-packages/airflow/example_dags/example_short_circuit_decorator.py
[2024-09-24T04:22:40.589+0000] {processor.py:756} INFO - Processing file /home/airflow/.local/lib/python3.7/site-packages/airflow/example_dags/example_short_circuit_decorator.py for tasks to queue
[2024-09-24T04:22:40.590+0000] {logging_mixin.py:120} INFO - [2024-09-24T04:22:40.590+0000] {dagbag.py:537} INFO - Filling up the DagBag from /home/airflow/.local/lib/python3.7/site-packages/airflow/example_dags/example_short_circuit_decorator.py
[2024-09-24T04:22:40.623+0000] {processor.py:766} INFO - DAG(s) dict_keys(['example_short_circuit_decorator']) retrieved from /home/airflow/.local/lib/python3.7/site-packages/airflow/example_dags/example_short_circuit_decorator.py
[2024-09-24T04:22:40.679+0000] {logging_mixin.py:120} INFO - [2024-09-24T04:22:40.679+0000] {dag.py:2585} INFO - Sync 1 DAGs
[2024-09-24T04:22:40.709+0000] {logging_mixin.py:120} INFO - [2024-09-24T04:22:40.709+0000] {dag.py:3340} INFO - Setting next_dagrun for example_short_circuit_decorator to 2024-09-23T04:22:40.709411+00:00, run_after=2024-09-24T04:22:40.709411+00:00
[2024-09-24T04:22:40.738+0000] {processor.py:176} INFO - Processing /home/airflow/.local/lib/python3.7/site-packages/airflow/example_dags/example_short_circuit_decorator.py took 0.155 seconds
[2024-09-24T04:23:10.904+0000] {processor.py:154} INFO - Started process (PID=14467) to work on /home/airflow/.local/lib/python3.7/site-packages/airflow/example_dags/example_short_circuit_decorator.py
[2024-09-24T04:23:10.905+0000] {processor.py:756} INFO - Processing file /home/airflow/.local/lib/python3.7/site-packages/airflow/example_dags/example_short_circuit_decorator.py for tasks to queue
[2024-09-24T04:23:10.906+0000] {logging_mixin.py:120} INFO - [2024-09-24T04:23:10.906+0000] {dagbag.py:537} INFO - Filling up the DagBag from /home/airflow/.local/lib/python3.7/site-packages/airflow/example_dags/example_short_circuit_decorator.py
[2024-09-24T04:23:10.936+0000] {processor.py:766} INFO - DAG(s) dict_keys(['example_short_circuit_decorator']) retrieved from /home/airflow/.local/lib/python3.7/site-packages/airflow/example_dags/example_short_circuit_decorator.py
[2024-09-24T04:23:10.983+0000] {logging_mixin.py:120} INFO - [2024-09-24T04:23:10.982+0000] {dag.py:2585} INFO - Sync 1 DAGs
[2024-09-24T04:23:11.010+0000] {logging_mixin.py:120} INFO - [2024-09-24T04:23:11.010+0000] {dag.py:3340} INFO - Setting next_dagrun for example_short_circuit_decorator to 2024-09-23T04:23:11.010031+00:00, run_after=2024-09-24T04:23:11.010031+00:00
[2024-09-24T04:23:11.029+0000] {processor.py:176} INFO - Processing /home/airflow/.local/lib/python3.7/site-packages/airflow/example_dags/example_short_circuit_decorator.py took 0.129 seconds
[2024-09-24T04:23:41.069+0000] {processor.py:154} INFO - Started process (PID=14530) to work on /home/airflow/.local/lib/python3.7/site-packages/airflow/example_dags/example_short_circuit_decorator.py
[2024-09-24T04:23:41.070+0000] {processor.py:756} INFO - Processing file /home/airflow/.local/lib/python3.7/site-packages/airflow/example_dags/example_short_circuit_decorator.py for tasks to queue
[2024-09-24T04:23:41.071+0000] {logging_mixin.py:120} INFO - [2024-09-24T04:23:41.071+0000] {dagbag.py:537} INFO - Filling up the DagBag from /home/airflow/.local/lib/python3.7/site-packages/airflow/example_dags/example_short_circuit_decorator.py
[2024-09-24T04:23:41.099+0000] {processor.py:766} INFO - DAG(s) dict_keys(['example_short_circuit_decorator']) retrieved from /home/airflow/.local/lib/python3.7/site-packages/airflow/example_dags/example_short_circuit_decorator.py
[2024-09-24T04:23:41.143+0000] {logging_mixin.py:120} INFO - [2024-09-24T04:23:41.143+0000] {dag.py:2585} INFO - Sync 1 DAGs
[2024-09-24T04:23:41.172+0000] {logging_mixin.py:120} INFO - [2024-09-24T04:23:41.172+0000] {dag.py:3340} INFO - Setting next_dagrun for example_short_circuit_decorator to 2024-09-23T04:23:41.172325+00:00, run_after=2024-09-24T04:23:41.172325+00:00
[2024-09-24T04:23:41.196+0000] {processor.py:176} INFO - Processing /home/airflow/.local/lib/python3.7/site-packages/airflow/example_dags/example_short_circuit_decorator.py took 0.131 seconds
[2024-09-24T04:24:11.355+0000] {processor.py:154} INFO - Started process (PID=14583) to work on /home/airflow/.local/lib/python3.7/site-packages/airflow/example_dags/example_short_circuit_decorator.py
[2024-09-24T04:24:11.357+0000] {processor.py:756} INFO - Processing file /home/airflow/.local/lib/python3.7/site-packages/airflow/example_dags/example_short_circuit_decorator.py for tasks to queue
[2024-09-24T04:24:11.358+0000] {logging_mixin.py:120} INFO - [2024-09-24T04:24:11.358+0000] {dagbag.py:537} INFO - Filling up the DagBag from /home/airflow/.local/lib/python3.7/site-packages/airflow/example_dags/example_short_circuit_decorator.py
[2024-09-24T04:24:11.389+0000] {processor.py:766} INFO - DAG(s) dict_keys(['example_short_circuit_decorator']) retrieved from /home/airflow/.local/lib/python3.7/site-packages/airflow/example_dags/example_short_circuit_decorator.py
[2024-09-24T04:24:11.443+0000] {logging_mixin.py:120} INFO - [2024-09-24T04:24:11.443+0000] {dag.py:2585} INFO - Sync 1 DAGs
[2024-09-24T04:24:11.477+0000] {logging_mixin.py:120} INFO - [2024-09-24T04:24:11.477+0000] {dag.py:3340} INFO - Setting next_dagrun for example_short_circuit_decorator to 2024-09-23T04:24:11.476844+00:00, run_after=2024-09-24T04:24:11.476844+00:00
[2024-09-24T04:24:11.502+0000] {processor.py:176} INFO - Processing /home/airflow/.local/lib/python3.7/site-packages/airflow/example_dags/example_short_circuit_decorator.py took 0.151 seconds
[2024-09-24T04:24:42.304+0000] {processor.py:154} INFO - Started process (PID=14646) to work on /home/airflow/.local/lib/python3.7/site-packages/airflow/example_dags/example_short_circuit_decorator.py
[2024-09-24T04:24:42.305+0000] {processor.py:756} INFO - Processing file /home/airflow/.local/lib/python3.7/site-packages/airflow/example_dags/example_short_circuit_decorator.py for tasks to queue
[2024-09-24T04:24:42.307+0000] {logging_mixin.py:120} INFO - [2024-09-24T04:24:42.306+0000] {dagbag.py:537} INFO - Filling up the DagBag from /home/airflow/.local/lib/python3.7/site-packages/airflow/example_dags/example_short_circuit_decorator.py
[2024-09-24T04:24:42.358+0000] {processor.py:766} INFO - DAG(s) dict_keys(['example_short_circuit_decorator']) retrieved from /home/airflow/.local/lib/python3.7/site-packages/airflow/example_dags/example_short_circuit_decorator.py
[2024-09-24T04:24:42.441+0000] {logging_mixin.py:120} INFO - [2024-09-24T04:24:42.441+0000] {dag.py:2585} INFO - Sync 1 DAGs
[2024-09-24T04:24:42.477+0000] {logging_mixin.py:120} INFO - [2024-09-24T04:24:42.477+0000] {dag.py:3340} INFO - Setting next_dagrun for example_short_circuit_decorator to 2024-09-23T04:24:42.477513+00:00, run_after=2024-09-24T04:24:42.477513+00:00
[2024-09-24T04:24:42.502+0000] {processor.py:176} INFO - Processing /home/airflow/.local/lib/python3.7/site-packages/airflow/example_dags/example_short_circuit_decorator.py took 0.203 seconds
[2024-09-24T04:25:12.739+0000] {processor.py:154} INFO - Started process (PID=14709) to work on /home/airflow/.local/lib/python3.7/site-packages/airflow/example_dags/example_short_circuit_decorator.py
[2024-09-24T04:25:12.740+0000] {processor.py:756} INFO - Processing file /home/airflow/.local/lib/python3.7/site-packages/airflow/example_dags/example_short_circuit_decorator.py for tasks to queue
[2024-09-24T04:25:12.741+0000] {logging_mixin.py:120} INFO - [2024-09-24T04:25:12.741+0000] {dagbag.py:537} INFO - Filling up the DagBag from /home/airflow/.local/lib/python3.7/site-packages/airflow/example_dags/example_short_circuit_decorator.py
[2024-09-24T04:25:12.775+0000] {processor.py:766} INFO - DAG(s) dict_keys(['example_short_circuit_decorator']) retrieved from /home/airflow/.local/lib/python3.7/site-packages/airflow/example_dags/example_short_circuit_decorator.py
[2024-09-24T04:25:12.834+0000] {logging_mixin.py:120} INFO - [2024-09-24T04:25:12.834+0000] {dag.py:2585} INFO - Sync 1 DAGs
[2024-09-24T04:25:12.867+0000] {logging_mixin.py:120} INFO - [2024-09-24T04:25:12.867+0000] {dag.py:3340} INFO - Setting next_dagrun for example_short_circuit_decorator to 2024-09-23T04:25:12.867228+00:00, run_after=2024-09-24T04:25:12.867228+00:00
[2024-09-24T04:25:12.893+0000] {processor.py:176} INFO - Processing /home/airflow/.local/lib/python3.7/site-packages/airflow/example_dags/example_short_circuit_decorator.py took 0.159 seconds
[2024-09-24T04:25:43.984+0000] {processor.py:154} INFO - Started process (PID=14771) to work on /home/airflow/.local/lib/python3.7/site-packages/airflow/example_dags/example_short_circuit_decorator.py
[2024-09-24T04:25:43.985+0000] {processor.py:756} INFO - Processing file /home/airflow/.local/lib/python3.7/site-packages/airflow/example_dags/example_short_circuit_decorator.py for tasks to queue
[2024-09-24T04:25:43.990+0000] {logging_mixin.py:120} INFO - [2024-09-24T04:25:43.989+0000] {dagbag.py:537} INFO - Filling up the DagBag from /home/airflow/.local/lib/python3.7/site-packages/airflow/example_dags/example_short_circuit_decorator.py
[2024-09-24T04:25:44.023+0000] {processor.py:766} INFO - DAG(s) dict_keys(['example_short_circuit_decorator']) retrieved from /home/airflow/.local/lib/python3.7/site-packages/airflow/example_dags/example_short_circuit_decorator.py
[2024-09-24T04:25:44.086+0000] {logging_mixin.py:120} INFO - [2024-09-24T04:25:44.086+0000] {dag.py:2585} INFO - Sync 1 DAGs
[2024-09-24T04:25:44.122+0000] {logging_mixin.py:120} INFO - [2024-09-24T04:25:44.122+0000] {dag.py:3340} INFO - Setting next_dagrun for example_short_circuit_decorator to 2024-09-23T04:25:44.122260+00:00, run_after=2024-09-24T04:25:44.122260+00:00
[2024-09-24T04:25:44.152+0000] {processor.py:176} INFO - Processing /home/airflow/.local/lib/python3.7/site-packages/airflow/example_dags/example_short_circuit_decorator.py took 0.173 seconds
[2024-09-24T04:26:15.148+0000] {processor.py:154} INFO - Started process (PID=14825) to work on /home/airflow/.local/lib/python3.7/site-packages/airflow/example_dags/example_short_circuit_decorator.py
[2024-09-24T04:26:15.150+0000] {processor.py:756} INFO - Processing file /home/airflow/.local/lib/python3.7/site-packages/airflow/example_dags/example_short_circuit_decorator.py for tasks to queue
[2024-09-24T04:26:15.150+0000] {logging_mixin.py:120} INFO - [2024-09-24T04:26:15.150+0000] {dagbag.py:537} INFO - Filling up the DagBag from /home/airflow/.local/lib/python3.7/site-packages/airflow/example_dags/example_short_circuit_decorator.py
[2024-09-24T04:26:15.183+0000] {processor.py:766} INFO - DAG(s) dict_keys(['example_short_circuit_decorator']) retrieved from /home/airflow/.local/lib/python3.7/site-packages/airflow/example_dags/example_short_circuit_decorator.py
[2024-09-24T04:26:15.240+0000] {logging_mixin.py:120} INFO - [2024-09-24T04:26:15.240+0000] {dag.py:2585} INFO - Sync 1 DAGs
[2024-09-24T04:26:15.271+0000] {logging_mixin.py:120} INFO - [2024-09-24T04:26:15.271+0000] {dag.py:3340} INFO - Setting next_dagrun for example_short_circuit_decorator to 2024-09-23T04:26:15.271464+00:00, run_after=2024-09-24T04:26:15.271464+00:00
[2024-09-24T04:26:15.294+0000] {processor.py:176} INFO - Processing /home/airflow/.local/lib/python3.7/site-packages/airflow/example_dags/example_short_circuit_decorator.py took 0.150 seconds
[2024-09-24T04:26:45.777+0000] {processor.py:154} INFO - Started process (PID=14887) to work on /home/airflow/.local/lib/python3.7/site-packages/airflow/example_dags/example_short_circuit_decorator.py
[2024-09-24T04:26:45.779+0000] {processor.py:756} INFO - Processing file /home/airflow/.local/lib/python3.7/site-packages/airflow/example_dags/example_short_circuit_decorator.py for tasks to queue
[2024-09-24T04:26:45.780+0000] {logging_mixin.py:120} INFO - [2024-09-24T04:26:45.780+0000] {dagbag.py:537} INFO - Filling up the DagBag from /home/airflow/.local/lib/python3.7/site-packages/airflow/example_dags/example_short_circuit_decorator.py
[2024-09-24T04:26:45.812+0000] {processor.py:766} INFO - DAG(s) dict_keys(['example_short_circuit_decorator']) retrieved from /home/airflow/.local/lib/python3.7/site-packages/airflow/example_dags/example_short_circuit_decorator.py
[2024-09-24T04:26:45.868+0000] {logging_mixin.py:120} INFO - [2024-09-24T04:26:45.868+0000] {dag.py:2585} INFO - Sync 1 DAGs
[2024-09-24T04:26:45.902+0000] {logging_mixin.py:120} INFO - [2024-09-24T04:26:45.902+0000] {dag.py:3340} INFO - Setting next_dagrun for example_short_circuit_decorator to 2024-09-23T04:26:45.902334+00:00, run_after=2024-09-24T04:26:45.902334+00:00
[2024-09-24T04:26:45.927+0000] {processor.py:176} INFO - Processing /home/airflow/.local/lib/python3.7/site-packages/airflow/example_dags/example_short_circuit_decorator.py took 0.154 seconds
[2024-09-24T04:27:16.381+0000] {processor.py:154} INFO - Started process (PID=14949) to work on /home/airflow/.local/lib/python3.7/site-packages/airflow/example_dags/example_short_circuit_decorator.py
[2024-09-24T04:27:16.382+0000] {processor.py:756} INFO - Processing file /home/airflow/.local/lib/python3.7/site-packages/airflow/example_dags/example_short_circuit_decorator.py for tasks to queue
[2024-09-24T04:27:16.383+0000] {logging_mixin.py:120} INFO - [2024-09-24T04:27:16.383+0000] {dagbag.py:537} INFO - Filling up the DagBag from /home/airflow/.local/lib/python3.7/site-packages/airflow/example_dags/example_short_circuit_decorator.py
[2024-09-24T04:27:16.414+0000] {processor.py:766} INFO - DAG(s) dict_keys(['example_short_circuit_decorator']) retrieved from /home/airflow/.local/lib/python3.7/site-packages/airflow/example_dags/example_short_circuit_decorator.py
[2024-09-24T04:27:16.470+0000] {logging_mixin.py:120} INFO - [2024-09-24T04:27:16.470+0000] {dag.py:2585} INFO - Sync 1 DAGs
[2024-09-24T04:27:16.513+0000] {logging_mixin.py:120} INFO - [2024-09-24T04:27:16.513+0000] {dag.py:3340} INFO - Setting next_dagrun for example_short_circuit_decorator to 2024-09-23T04:27:16.512950+00:00, run_after=2024-09-24T04:27:16.512950+00:00
[2024-09-24T04:27:16.554+0000] {processor.py:176} INFO - Processing /home/airflow/.local/lib/python3.7/site-packages/airflow/example_dags/example_short_circuit_decorator.py took 0.177 seconds
[2024-09-24T04:27:46.660+0000] {processor.py:154} INFO - Started process (PID=15003) to work on /home/airflow/.local/lib/python3.7/site-packages/airflow/example_dags/example_short_circuit_decorator.py
[2024-09-24T04:27:46.661+0000] {processor.py:756} INFO - Processing file /home/airflow/.local/lib/python3.7/site-packages/airflow/example_dags/example_short_circuit_decorator.py for tasks to queue
[2024-09-24T04:27:46.662+0000] {logging_mixin.py:120} INFO - [2024-09-24T04:27:46.662+0000] {dagbag.py:537} INFO - Filling up the DagBag from /home/airflow/.local/lib/python3.7/site-packages/airflow/example_dags/example_short_circuit_decorator.py
[2024-09-24T04:27:46.693+0000] {processor.py:766} INFO - DAG(s) dict_keys(['example_short_circuit_decorator']) retrieved from /home/airflow/.local/lib/python3.7/site-packages/airflow/example_dags/example_short_circuit_decorator.py
[2024-09-24T04:27:46.748+0000] {logging_mixin.py:120} INFO - [2024-09-24T04:27:46.747+0000] {dag.py:2585} INFO - Sync 1 DAGs
[2024-09-24T04:27:46.779+0000] {logging_mixin.py:120} INFO - [2024-09-24T04:27:46.779+0000] {dag.py:3340} INFO - Setting next_dagrun for example_short_circuit_decorator to 2024-09-23T04:27:46.779076+00:00, run_after=2024-09-24T04:27:46.779076+00:00
[2024-09-24T04:27:46.801+0000] {processor.py:176} INFO - Processing /home/airflow/.local/lib/python3.7/site-packages/airflow/example_dags/example_short_circuit_decorator.py took 0.146 seconds
[2024-09-24T04:28:17.170+0000] {processor.py:154} INFO - Started process (PID=15066) to work on /home/airflow/.local/lib/python3.7/site-packages/airflow/example_dags/example_short_circuit_decorator.py
[2024-09-24T04:28:17.171+0000] {processor.py:756} INFO - Processing file /home/airflow/.local/lib/python3.7/site-packages/airflow/example_dags/example_short_circuit_decorator.py for tasks to queue
[2024-09-24T04:28:17.172+0000] {logging_mixin.py:120} INFO - [2024-09-24T04:28:17.172+0000] {dagbag.py:537} INFO - Filling up the DagBag from /home/airflow/.local/lib/python3.7/site-packages/airflow/example_dags/example_short_circuit_decorator.py
[2024-09-24T04:28:17.202+0000] {processor.py:766} INFO - DAG(s) dict_keys(['example_short_circuit_decorator']) retrieved from /home/airflow/.local/lib/python3.7/site-packages/airflow/example_dags/example_short_circuit_decorator.py
[2024-09-24T04:28:17.254+0000] {logging_mixin.py:120} INFO - [2024-09-24T04:28:17.254+0000] {dag.py:2585} INFO - Sync 1 DAGs
[2024-09-24T04:28:17.285+0000] {logging_mixin.py:120} INFO - [2024-09-24T04:28:17.284+0000] {dag.py:3340} INFO - Setting next_dagrun for example_short_circuit_decorator to 2024-09-23T04:28:17.284674+00:00, run_after=2024-09-24T04:28:17.284674+00:00
[2024-09-24T04:28:17.313+0000] {processor.py:176} INFO - Processing /home/airflow/.local/lib/python3.7/site-packages/airflow/example_dags/example_short_circuit_decorator.py took 0.148 seconds
[2024-09-24T04:28:47.618+0000] {processor.py:154} INFO - Started process (PID=15129) to work on /home/airflow/.local/lib/python3.7/site-packages/airflow/example_dags/example_short_circuit_decorator.py
[2024-09-24T04:28:47.619+0000] {processor.py:756} INFO - Processing file /home/airflow/.local/lib/python3.7/site-packages/airflow/example_dags/example_short_circuit_decorator.py for tasks to queue
[2024-09-24T04:28:47.620+0000] {logging_mixin.py:120} INFO - [2024-09-24T04:28:47.620+0000] {dagbag.py:537} INFO - Filling up the DagBag from /home/airflow/.local/lib/python3.7/site-packages/airflow/example_dags/example_short_circuit_decorator.py
[2024-09-24T04:28:47.650+0000] {processor.py:766} INFO - DAG(s) dict_keys(['example_short_circuit_decorator']) retrieved from /home/airflow/.local/lib/python3.7/site-packages/airflow/example_dags/example_short_circuit_decorator.py
[2024-09-24T04:28:47.706+0000] {logging_mixin.py:120} INFO - [2024-09-24T04:28:47.705+0000] {dag.py:2585} INFO - Sync 1 DAGs
[2024-09-24T04:28:47.739+0000] {logging_mixin.py:120} INFO - [2024-09-24T04:28:47.739+0000] {dag.py:3340} INFO - Setting next_dagrun for example_short_circuit_decorator to 2024-09-23T04:28:47.738971+00:00, run_after=2024-09-24T04:28:47.738971+00:00
[2024-09-24T04:28:47.763+0000] {processor.py:176} INFO - Processing /home/airflow/.local/lib/python3.7/site-packages/airflow/example_dags/example_short_circuit_decorator.py took 0.150 seconds
[2024-09-24T04:29:18.349+0000] {processor.py:154} INFO - Started process (PID=15183) to work on /home/airflow/.local/lib/python3.7/site-packages/airflow/example_dags/example_short_circuit_decorator.py
[2024-09-24T04:29:18.350+0000] {processor.py:756} INFO - Processing file /home/airflow/.local/lib/python3.7/site-packages/airflow/example_dags/example_short_circuit_decorator.py for tasks to queue
[2024-09-24T04:29:18.352+0000] {logging_mixin.py:120} INFO - [2024-09-24T04:29:18.351+0000] {dagbag.py:537} INFO - Filling up the DagBag from /home/airflow/.local/lib/python3.7/site-packages/airflow/example_dags/example_short_circuit_decorator.py
[2024-09-24T04:29:18.387+0000] {processor.py:766} INFO - DAG(s) dict_keys(['example_short_circuit_decorator']) retrieved from /home/airflow/.local/lib/python3.7/site-packages/airflow/example_dags/example_short_circuit_decorator.py
[2024-09-24T04:29:18.446+0000] {logging_mixin.py:120} INFO - [2024-09-24T04:29:18.446+0000] {dag.py:2585} INFO - Sync 1 DAGs
[2024-09-24T04:29:18.482+0000] {logging_mixin.py:120} INFO - [2024-09-24T04:29:18.482+0000] {dag.py:3340} INFO - Setting next_dagrun for example_short_circuit_decorator to 2024-09-23T04:29:18.482199+00:00, run_after=2024-09-24T04:29:18.482199+00:00
[2024-09-24T04:29:18.512+0000] {processor.py:176} INFO - Processing /home/airflow/.local/lib/python3.7/site-packages/airflow/example_dags/example_short_circuit_decorator.py took 0.169 seconds
[2024-09-24T04:29:49.579+0000] {processor.py:154} INFO - Started process (PID=15247) to work on /home/airflow/.local/lib/python3.7/site-packages/airflow/example_dags/example_short_circuit_decorator.py
[2024-09-24T04:29:49.581+0000] {processor.py:756} INFO - Processing file /home/airflow/.local/lib/python3.7/site-packages/airflow/example_dags/example_short_circuit_decorator.py for tasks to queue
[2024-09-24T04:29:49.582+0000] {logging_mixin.py:120} INFO - [2024-09-24T04:29:49.581+0000] {dagbag.py:537} INFO - Filling up the DagBag from /home/airflow/.local/lib/python3.7/site-packages/airflow/example_dags/example_short_circuit_decorator.py
[2024-09-24T04:29:49.614+0000] {processor.py:766} INFO - DAG(s) dict_keys(['example_short_circuit_decorator']) retrieved from /home/airflow/.local/lib/python3.7/site-packages/airflow/example_dags/example_short_circuit_decorator.py
[2024-09-24T04:29:49.667+0000] {logging_mixin.py:120} INFO - [2024-09-24T04:29:49.666+0000] {dag.py:2585} INFO - Sync 1 DAGs
[2024-09-24T04:29:49.703+0000] {logging_mixin.py:120} INFO - [2024-09-24T04:29:49.702+0000] {dag.py:3340} INFO - Setting next_dagrun for example_short_circuit_decorator to 2024-09-23T04:29:49.702575+00:00, run_after=2024-09-24T04:29:49.702575+00:00
[2024-09-24T04:29:49.728+0000] {processor.py:176} INFO - Processing /home/airflow/.local/lib/python3.7/site-packages/airflow/example_dags/example_short_circuit_decorator.py took 0.153 seconds
[2024-09-24T04:30:19.995+0000] {processor.py:154} INFO - Started process (PID=15310) to work on /home/airflow/.local/lib/python3.7/site-packages/airflow/example_dags/example_short_circuit_decorator.py
[2024-09-24T04:30:19.997+0000] {processor.py:756} INFO - Processing file /home/airflow/.local/lib/python3.7/site-packages/airflow/example_dags/example_short_circuit_decorator.py for tasks to queue
[2024-09-24T04:30:19.998+0000] {logging_mixin.py:120} INFO - [2024-09-24T04:30:19.997+0000] {dagbag.py:537} INFO - Filling up the DagBag from /home/airflow/.local/lib/python3.7/site-packages/airflow/example_dags/example_short_circuit_decorator.py
[2024-09-24T04:30:20.028+0000] {processor.py:766} INFO - DAG(s) dict_keys(['example_short_circuit_decorator']) retrieved from /home/airflow/.local/lib/python3.7/site-packages/airflow/example_dags/example_short_circuit_decorator.py
[2024-09-24T04:30:20.080+0000] {logging_mixin.py:120} INFO - [2024-09-24T04:30:20.080+0000] {dag.py:2585} INFO - Sync 1 DAGs
[2024-09-24T04:30:20.111+0000] {logging_mixin.py:120} INFO - [2024-09-24T04:30:20.111+0000] {dag.py:3340} INFO - Setting next_dagrun for example_short_circuit_decorator to 2024-09-23T04:30:20.111304+00:00, run_after=2024-09-24T04:30:20.111304+00:00
[2024-09-24T04:30:20.134+0000] {processor.py:176} INFO - Processing /home/airflow/.local/lib/python3.7/site-packages/airflow/example_dags/example_short_circuit_decorator.py took 0.143 seconds
[2024-09-24T04:30:50.365+0000] {processor.py:154} INFO - Started process (PID=15364) to work on /home/airflow/.local/lib/python3.7/site-packages/airflow/example_dags/example_short_circuit_decorator.py
[2024-09-24T04:30:50.366+0000] {processor.py:756} INFO - Processing file /home/airflow/.local/lib/python3.7/site-packages/airflow/example_dags/example_short_circuit_decorator.py for tasks to queue
[2024-09-24T04:30:50.367+0000] {logging_mixin.py:120} INFO - [2024-09-24T04:30:50.367+0000] {dagbag.py:537} INFO - Filling up the DagBag from /home/airflow/.local/lib/python3.7/site-packages/airflow/example_dags/example_short_circuit_decorator.py
[2024-09-24T04:30:50.397+0000] {processor.py:766} INFO - DAG(s) dict_keys(['example_short_circuit_decorator']) retrieved from /home/airflow/.local/lib/python3.7/site-packages/airflow/example_dags/example_short_circuit_decorator.py
[2024-09-24T04:30:50.446+0000] {logging_mixin.py:120} INFO - [2024-09-24T04:30:50.446+0000] {dag.py:2585} INFO - Sync 1 DAGs
[2024-09-24T04:30:50.480+0000] {logging_mixin.py:120} INFO - [2024-09-24T04:30:50.480+0000] {dag.py:3340} INFO - Setting next_dagrun for example_short_circuit_decorator to 2024-09-23T04:30:50.479701+00:00, run_after=2024-09-24T04:30:50.479701+00:00
[2024-09-24T04:30:50.510+0000] {processor.py:176} INFO - Processing /home/airflow/.local/lib/python3.7/site-packages/airflow/example_dags/example_short_circuit_decorator.py took 0.150 seconds
[2024-09-24T04:31:20.977+0000] {processor.py:154} INFO - Started process (PID=15427) to work on /home/airflow/.local/lib/python3.7/site-packages/airflow/example_dags/example_short_circuit_decorator.py
[2024-09-24T04:31:20.979+0000] {processor.py:756} INFO - Processing file /home/airflow/.local/lib/python3.7/site-packages/airflow/example_dags/example_short_circuit_decorator.py for tasks to queue
[2024-09-24T04:31:20.980+0000] {logging_mixin.py:120} INFO - [2024-09-24T04:31:20.980+0000] {dagbag.py:537} INFO - Filling up the DagBag from /home/airflow/.local/lib/python3.7/site-packages/airflow/example_dags/example_short_circuit_decorator.py
[2024-09-24T04:31:21.013+0000] {processor.py:766} INFO - DAG(s) dict_keys(['example_short_circuit_decorator']) retrieved from /home/airflow/.local/lib/python3.7/site-packages/airflow/example_dags/example_short_circuit_decorator.py
[2024-09-24T04:31:21.065+0000] {logging_mixin.py:120} INFO - [2024-09-24T04:31:21.065+0000] {dag.py:2585} INFO - Sync 1 DAGs
[2024-09-24T04:31:21.101+0000] {logging_mixin.py:120} INFO - [2024-09-24T04:31:21.101+0000] {dag.py:3340} INFO - Setting next_dagrun for example_short_circuit_decorator to 2024-09-23T04:31:21.100734+00:00, run_after=2024-09-24T04:31:21.100734+00:00
[2024-09-24T04:31:21.128+0000] {processor.py:176} INFO - Processing /home/airflow/.local/lib/python3.7/site-packages/airflow/example_dags/example_short_circuit_decorator.py took 0.155 seconds
[2024-09-24T04:31:51.661+0000] {processor.py:154} INFO - Started process (PID=15490) to work on /home/airflow/.local/lib/python3.7/site-packages/airflow/example_dags/example_short_circuit_decorator.py
[2024-09-24T04:31:51.663+0000] {processor.py:756} INFO - Processing file /home/airflow/.local/lib/python3.7/site-packages/airflow/example_dags/example_short_circuit_decorator.py for tasks to queue
[2024-09-24T04:31:51.664+0000] {logging_mixin.py:120} INFO - [2024-09-24T04:31:51.664+0000] {dagbag.py:537} INFO - Filling up the DagBag from /home/airflow/.local/lib/python3.7/site-packages/airflow/example_dags/example_short_circuit_decorator.py
[2024-09-24T04:31:51.706+0000] {processor.py:766} INFO - DAG(s) dict_keys(['example_short_circuit_decorator']) retrieved from /home/airflow/.local/lib/python3.7/site-packages/airflow/example_dags/example_short_circuit_decorator.py
[2024-09-24T04:31:51.777+0000] {logging_mixin.py:120} INFO - [2024-09-24T04:31:51.777+0000] {dag.py:2585} INFO - Sync 1 DAGs
[2024-09-24T04:31:51.817+0000] {logging_mixin.py:120} INFO - [2024-09-24T04:31:51.817+0000] {dag.py:3340} INFO - Setting next_dagrun for example_short_circuit_decorator to 2024-09-23T04:31:51.816783+00:00, run_after=2024-09-24T04:31:51.816783+00:00
[2024-09-24T04:31:51.848+0000] {processor.py:176} INFO - Processing /home/airflow/.local/lib/python3.7/site-packages/airflow/example_dags/example_short_circuit_decorator.py took 0.193 seconds
[2024-09-24T04:32:22.668+0000] {processor.py:154} INFO - Started process (PID=15544) to work on /home/airflow/.local/lib/python3.7/site-packages/airflow/example_dags/example_short_circuit_decorator.py
[2024-09-24T04:32:22.670+0000] {processor.py:756} INFO - Processing file /home/airflow/.local/lib/python3.7/site-packages/airflow/example_dags/example_short_circuit_decorator.py for tasks to queue
[2024-09-24T04:32:22.672+0000] {logging_mixin.py:120} INFO - [2024-09-24T04:32:22.672+0000] {dagbag.py:537} INFO - Filling up the DagBag from /home/airflow/.local/lib/python3.7/site-packages/airflow/example_dags/example_short_circuit_decorator.py
[2024-09-24T04:32:22.713+0000] {processor.py:766} INFO - DAG(s) dict_keys(['example_short_circuit_decorator']) retrieved from /home/airflow/.local/lib/python3.7/site-packages/airflow/example_dags/example_short_circuit_decorator.py
[2024-09-24T04:32:22.783+0000] {logging_mixin.py:120} INFO - [2024-09-24T04:32:22.783+0000] {dag.py:2585} INFO - Sync 1 DAGs
[2024-09-24T04:32:22.823+0000] {logging_mixin.py:120} INFO - [2024-09-24T04:32:22.823+0000] {dag.py:3340} INFO - Setting next_dagrun for example_short_circuit_decorator to 2024-09-23T04:32:22.823234+00:00, run_after=2024-09-24T04:32:22.823234+00:00
[2024-09-24T04:32:22.853+0000] {processor.py:176} INFO - Processing /home/airflow/.local/lib/python3.7/site-packages/airflow/example_dags/example_short_circuit_decorator.py took 0.191 seconds
[2024-09-24T04:32:53.585+0000] {processor.py:154} INFO - Started process (PID=15607) to work on /home/airflow/.local/lib/python3.7/site-packages/airflow/example_dags/example_short_circuit_decorator.py
[2024-09-24T04:32:53.586+0000] {processor.py:756} INFO - Processing file /home/airflow/.local/lib/python3.7/site-packages/airflow/example_dags/example_short_circuit_decorator.py for tasks to queue
[2024-09-24T04:32:53.587+0000] {logging_mixin.py:120} INFO - [2024-09-24T04:32:53.587+0000] {dagbag.py:537} INFO - Filling up the DagBag from /home/airflow/.local/lib/python3.7/site-packages/airflow/example_dags/example_short_circuit_decorator.py
[2024-09-24T04:32:53.621+0000] {processor.py:766} INFO - DAG(s) dict_keys(['example_short_circuit_decorator']) retrieved from /home/airflow/.local/lib/python3.7/site-packages/airflow/example_dags/example_short_circuit_decorator.py
[2024-09-24T04:32:53.685+0000] {logging_mixin.py:120} INFO - [2024-09-24T04:32:53.684+0000] {dag.py:2585} INFO - Sync 1 DAGs
[2024-09-24T04:32:53.723+0000] {logging_mixin.py:120} INFO - [2024-09-24T04:32:53.723+0000] {dag.py:3340} INFO - Setting next_dagrun for example_short_circuit_decorator to 2024-09-23T04:32:53.723160+00:00, run_after=2024-09-24T04:32:53.723160+00:00
[2024-09-24T04:32:53.752+0000] {processor.py:176} INFO - Processing /home/airflow/.local/lib/python3.7/site-packages/airflow/example_dags/example_short_circuit_decorator.py took 0.174 seconds
[2024-09-24T04:33:24.521+0000] {processor.py:154} INFO - Started process (PID=15661) to work on /home/airflow/.local/lib/python3.7/site-packages/airflow/example_dags/example_short_circuit_decorator.py
[2024-09-24T04:33:24.522+0000] {processor.py:756} INFO - Processing file /home/airflow/.local/lib/python3.7/site-packages/airflow/example_dags/example_short_circuit_decorator.py for tasks to queue
[2024-09-24T04:33:24.524+0000] {logging_mixin.py:120} INFO - [2024-09-24T04:33:24.523+0000] {dagbag.py:537} INFO - Filling up the DagBag from /home/airflow/.local/lib/python3.7/site-packages/airflow/example_dags/example_short_circuit_decorator.py
[2024-09-24T04:33:24.568+0000] {processor.py:766} INFO - DAG(s) dict_keys(['example_short_circuit_decorator']) retrieved from /home/airflow/.local/lib/python3.7/site-packages/airflow/example_dags/example_short_circuit_decorator.py
[2024-09-24T04:33:24.642+0000] {logging_mixin.py:120} INFO - [2024-09-24T04:33:24.642+0000] {dag.py:2585} INFO - Sync 1 DAGs
[2024-09-24T04:33:24.688+0000] {logging_mixin.py:120} INFO - [2024-09-24T04:33:24.688+0000] {dag.py:3340} INFO - Setting next_dagrun for example_short_circuit_decorator to 2024-09-23T04:33:24.688042+00:00, run_after=2024-09-24T04:33:24.688042+00:00
[2024-09-24T04:33:24.734+0000] {processor.py:176} INFO - Processing /home/airflow/.local/lib/python3.7/site-packages/airflow/example_dags/example_short_circuit_decorator.py took 0.219 seconds
[2024-09-24T04:33:55.053+0000] {processor.py:154} INFO - Started process (PID=15724) to work on /home/airflow/.local/lib/python3.7/site-packages/airflow/example_dags/example_short_circuit_decorator.py
[2024-09-24T04:33:55.056+0000] {processor.py:756} INFO - Processing file /home/airflow/.local/lib/python3.7/site-packages/airflow/example_dags/example_short_circuit_decorator.py for tasks to queue
[2024-09-24T04:33:55.058+0000] {logging_mixin.py:120} INFO - [2024-09-24T04:33:55.058+0000] {dagbag.py:537} INFO - Filling up the DagBag from /home/airflow/.local/lib/python3.7/site-packages/airflow/example_dags/example_short_circuit_decorator.py
[2024-09-24T04:33:55.111+0000] {processor.py:766} INFO - DAG(s) dict_keys(['example_short_circuit_decorator']) retrieved from /home/airflow/.local/lib/python3.7/site-packages/airflow/example_dags/example_short_circuit_decorator.py
[2024-09-24T04:33:55.185+0000] {logging_mixin.py:120} INFO - [2024-09-24T04:33:55.184+0000] {dag.py:2585} INFO - Sync 1 DAGs
[2024-09-24T04:33:55.225+0000] {logging_mixin.py:120} INFO - [2024-09-24T04:33:55.225+0000] {dag.py:3340} INFO - Setting next_dagrun for example_short_circuit_decorator to 2024-09-23T04:33:55.225011+00:00, run_after=2024-09-24T04:33:55.225011+00:00
[2024-09-24T04:33:55.259+0000] {processor.py:176} INFO - Processing /home/airflow/.local/lib/python3.7/site-packages/airflow/example_dags/example_short_circuit_decorator.py took 0.213 seconds
[2024-09-24T04:34:26.483+0000] {processor.py:154} INFO - Started process (PID=15788) to work on /home/airflow/.local/lib/python3.7/site-packages/airflow/example_dags/example_short_circuit_decorator.py
[2024-09-24T04:34:26.485+0000] {processor.py:756} INFO - Processing file /home/airflow/.local/lib/python3.7/site-packages/airflow/example_dags/example_short_circuit_decorator.py for tasks to queue
[2024-09-24T04:34:26.487+0000] {logging_mixin.py:120} INFO - [2024-09-24T04:34:26.486+0000] {dagbag.py:537} INFO - Filling up the DagBag from /home/airflow/.local/lib/python3.7/site-packages/airflow/example_dags/example_short_circuit_decorator.py
[2024-09-24T04:34:26.528+0000] {processor.py:766} INFO - DAG(s) dict_keys(['example_short_circuit_decorator']) retrieved from /home/airflow/.local/lib/python3.7/site-packages/airflow/example_dags/example_short_circuit_decorator.py
[2024-09-24T04:34:26.596+0000] {logging_mixin.py:120} INFO - [2024-09-24T04:34:26.595+0000] {dag.py:2585} INFO - Sync 1 DAGs
[2024-09-24T04:34:26.633+0000] {logging_mixin.py:120} INFO - [2024-09-24T04:34:26.633+0000] {dag.py:3340} INFO - Setting next_dagrun for example_short_circuit_decorator to 2024-09-23T04:34:26.633497+00:00, run_after=2024-09-24T04:34:26.633497+00:00
[2024-09-24T04:34:26.667+0000] {processor.py:176} INFO - Processing /home/airflow/.local/lib/python3.7/site-packages/airflow/example_dags/example_short_circuit_decorator.py took 0.190 seconds
[2024-09-24T04:34:56.823+0000] {processor.py:154} INFO - Started process (PID=15842) to work on /home/airflow/.local/lib/python3.7/site-packages/airflow/example_dags/example_short_circuit_decorator.py
[2024-09-24T04:34:56.825+0000] {processor.py:756} INFO - Processing file /home/airflow/.local/lib/python3.7/site-packages/airflow/example_dags/example_short_circuit_decorator.py for tasks to queue
[2024-09-24T04:34:56.826+0000] {logging_mixin.py:120} INFO - [2024-09-24T04:34:56.826+0000] {dagbag.py:537} INFO - Filling up the DagBag from /home/airflow/.local/lib/python3.7/site-packages/airflow/example_dags/example_short_circuit_decorator.py
[2024-09-24T04:34:56.864+0000] {processor.py:766} INFO - DAG(s) dict_keys(['example_short_circuit_decorator']) retrieved from /home/airflow/.local/lib/python3.7/site-packages/airflow/example_dags/example_short_circuit_decorator.py
[2024-09-24T04:34:56.936+0000] {logging_mixin.py:120} INFO - [2024-09-24T04:34:56.936+0000] {dag.py:2585} INFO - Sync 1 DAGs
[2024-09-24T04:34:56.978+0000] {logging_mixin.py:120} INFO - [2024-09-24T04:34:56.978+0000] {dag.py:3340} INFO - Setting next_dagrun for example_short_circuit_decorator to 2024-09-23T04:34:56.978431+00:00, run_after=2024-09-24T04:34:56.978431+00:00
[2024-09-24T04:34:57.011+0000] {processor.py:176} INFO - Processing /home/airflow/.local/lib/python3.7/site-packages/airflow/example_dags/example_short_circuit_decorator.py took 0.193 seconds
[2024-09-24T04:35:27.299+0000] {processor.py:154} INFO - Started process (PID=15905) to work on /home/airflow/.local/lib/python3.7/site-packages/airflow/example_dags/example_short_circuit_decorator.py
[2024-09-24T04:35:27.300+0000] {processor.py:756} INFO - Processing file /home/airflow/.local/lib/python3.7/site-packages/airflow/example_dags/example_short_circuit_decorator.py for tasks to queue
[2024-09-24T04:35:27.302+0000] {logging_mixin.py:120} INFO - [2024-09-24T04:35:27.301+0000] {dagbag.py:537} INFO - Filling up the DagBag from /home/airflow/.local/lib/python3.7/site-packages/airflow/example_dags/example_short_circuit_decorator.py
[2024-09-24T04:35:27.341+0000] {processor.py:766} INFO - DAG(s) dict_keys(['example_short_circuit_decorator']) retrieved from /home/airflow/.local/lib/python3.7/site-packages/airflow/example_dags/example_short_circuit_decorator.py
[2024-09-24T04:35:27.405+0000] {logging_mixin.py:120} INFO - [2024-09-24T04:35:27.405+0000] {dag.py:2585} INFO - Sync 1 DAGs
[2024-09-24T04:35:27.446+0000] {logging_mixin.py:120} INFO - [2024-09-24T04:35:27.445+0000] {dag.py:3340} INFO - Setting next_dagrun for example_short_circuit_decorator to 2024-09-23T04:35:27.445219+00:00, run_after=2024-09-24T04:35:27.445219+00:00
[2024-09-24T04:35:27.478+0000] {processor.py:176} INFO - Processing /home/airflow/.local/lib/python3.7/site-packages/airflow/example_dags/example_short_circuit_decorator.py took 0.184 seconds
[2024-09-24T04:35:58.658+0000] {processor.py:154} INFO - Started process (PID=15959) to work on /home/airflow/.local/lib/python3.7/site-packages/airflow/example_dags/example_short_circuit_decorator.py
[2024-09-24T04:35:58.659+0000] {processor.py:756} INFO - Processing file /home/airflow/.local/lib/python3.7/site-packages/airflow/example_dags/example_short_circuit_decorator.py for tasks to queue
[2024-09-24T04:35:58.660+0000] {logging_mixin.py:120} INFO - [2024-09-24T04:35:58.660+0000] {dagbag.py:537} INFO - Filling up the DagBag from /home/airflow/.local/lib/python3.7/site-packages/airflow/example_dags/example_short_circuit_decorator.py
[2024-09-24T04:35:58.704+0000] {processor.py:766} INFO - DAG(s) dict_keys(['example_short_circuit_decorator']) retrieved from /home/airflow/.local/lib/python3.7/site-packages/airflow/example_dags/example_short_circuit_decorator.py
[2024-09-24T04:35:58.774+0000] {logging_mixin.py:120} INFO - [2024-09-24T04:35:58.773+0000] {dag.py:2585} INFO - Sync 1 DAGs
[2024-09-24T04:35:58.814+0000] {logging_mixin.py:120} INFO - [2024-09-24T04:35:58.813+0000] {dag.py:3340} INFO - Setting next_dagrun for example_short_circuit_decorator to 2024-09-23T04:35:58.813663+00:00, run_after=2024-09-24T04:35:58.813663+00:00
[2024-09-24T04:35:58.847+0000] {processor.py:176} INFO - Processing /home/airflow/.local/lib/python3.7/site-packages/airflow/example_dags/example_short_circuit_decorator.py took 0.195 seconds
[2024-09-24T04:36:29.045+0000] {processor.py:154} INFO - Started process (PID=16022) to work on /home/airflow/.local/lib/python3.7/site-packages/airflow/example_dags/example_short_circuit_decorator.py
[2024-09-24T04:36:29.046+0000] {processor.py:756} INFO - Processing file /home/airflow/.local/lib/python3.7/site-packages/airflow/example_dags/example_short_circuit_decorator.py for tasks to queue
[2024-09-24T04:36:29.047+0000] {logging_mixin.py:120} INFO - [2024-09-24T04:36:29.047+0000] {dagbag.py:537} INFO - Filling up the DagBag from /home/airflow/.local/lib/python3.7/site-packages/airflow/example_dags/example_short_circuit_decorator.py
[2024-09-24T04:36:29.092+0000] {processor.py:766} INFO - DAG(s) dict_keys(['example_short_circuit_decorator']) retrieved from /home/airflow/.local/lib/python3.7/site-packages/airflow/example_dags/example_short_circuit_decorator.py
[2024-09-24T04:36:29.161+0000] {logging_mixin.py:120} INFO - [2024-09-24T04:36:29.160+0000] {dag.py:2585} INFO - Sync 1 DAGs
[2024-09-24T04:36:29.211+0000] {logging_mixin.py:120} INFO - [2024-09-24T04:36:29.210+0000] {dag.py:3340} INFO - Setting next_dagrun for example_short_circuit_decorator to 2024-09-23T04:36:29.210525+00:00, run_after=2024-09-24T04:36:29.210525+00:00
[2024-09-24T04:36:29.251+0000] {processor.py:176} INFO - Processing /home/airflow/.local/lib/python3.7/site-packages/airflow/example_dags/example_short_circuit_decorator.py took 0.210 seconds
[2024-09-24T04:36:59.686+0000] {processor.py:154} INFO - Started process (PID=16076) to work on /home/airflow/.local/lib/python3.7/site-packages/airflow/example_dags/example_short_circuit_decorator.py
[2024-09-24T04:36:59.687+0000] {processor.py:756} INFO - Processing file /home/airflow/.local/lib/python3.7/site-packages/airflow/example_dags/example_short_circuit_decorator.py for tasks to queue
[2024-09-24T04:36:59.689+0000] {logging_mixin.py:120} INFO - [2024-09-24T04:36:59.688+0000] {dagbag.py:537} INFO - Filling up the DagBag from /home/airflow/.local/lib/python3.7/site-packages/airflow/example_dags/example_short_circuit_decorator.py
[2024-09-24T04:36:59.728+0000] {processor.py:766} INFO - DAG(s) dict_keys(['example_short_circuit_decorator']) retrieved from /home/airflow/.local/lib/python3.7/site-packages/airflow/example_dags/example_short_circuit_decorator.py
[2024-09-24T04:36:59.796+0000] {logging_mixin.py:120} INFO - [2024-09-24T04:36:59.796+0000] {dag.py:2585} INFO - Sync 1 DAGs
[2024-09-24T04:36:59.840+0000] {logging_mixin.py:120} INFO - [2024-09-24T04:36:59.840+0000] {dag.py:3340} INFO - Setting next_dagrun for example_short_circuit_decorator to 2024-09-23T04:36:59.839750+00:00, run_after=2024-09-24T04:36:59.839750+00:00
[2024-09-24T04:36:59.897+0000] {processor.py:176} INFO - Processing /home/airflow/.local/lib/python3.7/site-packages/airflow/example_dags/example_short_circuit_decorator.py took 0.216 seconds
[2024-09-24T04:37:56.939+0000] {processor.py:154} INFO - Started process (PID=16143) to work on /home/airflow/.local/lib/python3.7/site-packages/airflow/example_dags/example_short_circuit_decorator.py
[2024-09-24T04:37:56.943+0000] {processor.py:756} INFO - Processing file /home/airflow/.local/lib/python3.7/site-packages/airflow/example_dags/example_short_circuit_decorator.py for tasks to queue
[2024-09-24T04:37:56.945+0000] {logging_mixin.py:120} INFO - [2024-09-24T04:37:56.945+0000] {dagbag.py:537} INFO - Filling up the DagBag from /home/airflow/.local/lib/python3.7/site-packages/airflow/example_dags/example_short_circuit_decorator.py
[2024-09-24T04:37:57.007+0000] {processor.py:766} INFO - DAG(s) dict_keys(['example_short_circuit_decorator']) retrieved from /home/airflow/.local/lib/python3.7/site-packages/airflow/example_dags/example_short_circuit_decorator.py
[2024-09-24T04:37:57.107+0000] {logging_mixin.py:120} INFO - [2024-09-24T04:37:57.107+0000] {dag.py:2585} INFO - Sync 1 DAGs
[2024-09-24T04:37:57.201+0000] {logging_mixin.py:120} INFO - [2024-09-24T04:37:57.201+0000] {dag.py:3340} INFO - Setting next_dagrun for example_short_circuit_decorator to 2024-09-23T04:37:57.200711+00:00, run_after=2024-09-24T04:37:57.200711+00:00
[2024-09-24T04:37:57.251+0000] {processor.py:176} INFO - Processing /home/airflow/.local/lib/python3.7/site-packages/airflow/example_dags/example_short_circuit_decorator.py took 0.321 seconds
[2024-09-24T06:15:54.096+0000] {processor.py:154} INFO - Started process (PID=16216) to work on /home/airflow/.local/lib/python3.7/site-packages/airflow/example_dags/example_short_circuit_decorator.py
[2024-09-24T06:15:54.098+0000] {processor.py:756} INFO - Processing file /home/airflow/.local/lib/python3.7/site-packages/airflow/example_dags/example_short_circuit_decorator.py for tasks to queue
[2024-09-24T06:15:54.102+0000] {logging_mixin.py:120} INFO - [2024-09-24T06:15:54.102+0000] {dagbag.py:537} INFO - Filling up the DagBag from /home/airflow/.local/lib/python3.7/site-packages/airflow/example_dags/example_short_circuit_decorator.py
[2024-09-24T06:15:54.145+0000] {processor.py:766} INFO - DAG(s) dict_keys(['example_short_circuit_decorator']) retrieved from /home/airflow/.local/lib/python3.7/site-packages/airflow/example_dags/example_short_circuit_decorator.py
[2024-09-24T06:15:54.219+0000] {logging_mixin.py:120} INFO - [2024-09-24T06:15:54.219+0000] {dag.py:2585} INFO - Sync 1 DAGs
[2024-09-24T06:15:54.267+0000] {logging_mixin.py:120} INFO - [2024-09-24T06:15:54.267+0000] {dag.py:3340} INFO - Setting next_dagrun for example_short_circuit_decorator to 2024-09-23T06:15:54.266828+00:00, run_after=2024-09-24T06:15:54.266828+00:00
[2024-09-24T06:15:54.297+0000] {processor.py:176} INFO - Processing /home/airflow/.local/lib/python3.7/site-packages/airflow/example_dags/example_short_circuit_decorator.py took 0.205 seconds
[2024-09-24T06:31:02.124+0000] {processor.py:154} INFO - Started process (PID=16270) to work on /home/airflow/.local/lib/python3.7/site-packages/airflow/example_dags/example_short_circuit_decorator.py
[2024-09-24T06:31:02.126+0000] {processor.py:756} INFO - Processing file /home/airflow/.local/lib/python3.7/site-packages/airflow/example_dags/example_short_circuit_decorator.py for tasks to queue
[2024-09-24T06:31:02.128+0000] {logging_mixin.py:120} INFO - [2024-09-24T06:31:02.127+0000] {dagbag.py:537} INFO - Filling up the DagBag from /home/airflow/.local/lib/python3.7/site-packages/airflow/example_dags/example_short_circuit_decorator.py
[2024-09-24T06:31:02.175+0000] {processor.py:766} INFO - DAG(s) dict_keys(['example_short_circuit_decorator']) retrieved from /home/airflow/.local/lib/python3.7/site-packages/airflow/example_dags/example_short_circuit_decorator.py
[2024-09-24T06:31:02.266+0000] {logging_mixin.py:120} INFO - [2024-09-24T06:31:02.266+0000] {dag.py:2585} INFO - Sync 1 DAGs
[2024-09-24T06:31:02.313+0000] {logging_mixin.py:120} INFO - [2024-09-24T06:31:02.313+0000] {dag.py:3340} INFO - Setting next_dagrun for example_short_circuit_decorator to 2024-09-23T06:31:02.312748+00:00, run_after=2024-09-24T06:31:02.312748+00:00
[2024-09-24T06:31:02.345+0000] {processor.py:176} INFO - Processing /home/airflow/.local/lib/python3.7/site-packages/airflow/example_dags/example_short_circuit_decorator.py took 0.226 seconds
[2024-09-24T08:40:11.473+0000] {processor.py:154} INFO - Started process (PID=16333) to work on /home/airflow/.local/lib/python3.7/site-packages/airflow/example_dags/example_short_circuit_decorator.py
[2024-09-24T08:40:11.476+0000] {processor.py:756} INFO - Processing file /home/airflow/.local/lib/python3.7/site-packages/airflow/example_dags/example_short_circuit_decorator.py for tasks to queue
[2024-09-24T08:40:11.477+0000] {logging_mixin.py:120} INFO - [2024-09-24T08:40:11.477+0000] {dagbag.py:537} INFO - Filling up the DagBag from /home/airflow/.local/lib/python3.7/site-packages/airflow/example_dags/example_short_circuit_decorator.py
[2024-09-24T08:40:11.520+0000] {processor.py:766} INFO - DAG(s) dict_keys(['example_short_circuit_decorator']) retrieved from /home/airflow/.local/lib/python3.7/site-packages/airflow/example_dags/example_short_circuit_decorator.py
[2024-09-24T08:40:11.579+0000] {logging_mixin.py:120} INFO - [2024-09-24T08:40:11.578+0000] {dag.py:2585} INFO - Sync 1 DAGs
[2024-09-24T08:40:11.613+0000] {logging_mixin.py:120} INFO - [2024-09-24T08:40:11.613+0000] {dag.py:3340} INFO - Setting next_dagrun for example_short_circuit_decorator to 2024-09-23T08:40:11.613148+00:00, run_after=2024-09-24T08:40:11.613148+00:00
[2024-09-24T08:40:11.639+0000] {processor.py:176} INFO - Processing /home/airflow/.local/lib/python3.7/site-packages/airflow/example_dags/example_short_circuit_decorator.py took 0.171 seconds
[2024-09-24T11:11:20.808+0000] {processor.py:154} INFO - Started process (PID=16394) to work on /home/airflow/.local/lib/python3.7/site-packages/airflow/example_dags/example_short_circuit_decorator.py
[2024-09-24T11:11:20.811+0000] {processor.py:756} INFO - Processing file /home/airflow/.local/lib/python3.7/site-packages/airflow/example_dags/example_short_circuit_decorator.py for tasks to queue
[2024-09-24T11:11:20.813+0000] {logging_mixin.py:120} INFO - [2024-09-24T11:11:20.812+0000] {dagbag.py:537} INFO - Filling up the DagBag from /home/airflow/.local/lib/python3.7/site-packages/airflow/example_dags/example_short_circuit_decorator.py
[2024-09-24T11:11:20.875+0000] {processor.py:766} INFO - DAG(s) dict_keys(['example_short_circuit_decorator']) retrieved from /home/airflow/.local/lib/python3.7/site-packages/airflow/example_dags/example_short_circuit_decorator.py
[2024-09-24T11:11:20.963+0000] {logging_mixin.py:120} INFO - [2024-09-24T11:11:20.963+0000] {dag.py:2585} INFO - Sync 1 DAGs
[2024-09-24T11:11:21.017+0000] {logging_mixin.py:120} INFO - [2024-09-24T11:11:21.017+0000] {dag.py:3340} INFO - Setting next_dagrun for example_short_circuit_decorator to 2024-09-23T11:11:21.016753+00:00, run_after=2024-09-24T11:11:21.016753+00:00
[2024-09-24T11:11:21.058+0000] {processor.py:176} INFO - Processing /home/airflow/.local/lib/python3.7/site-packages/airflow/example_dags/example_short_circuit_decorator.py took 0.259 seconds
[2024-09-24T12:44:50.754+0000] {processor.py:154} INFO - Started process (PID=16450) to work on /home/airflow/.local/lib/python3.7/site-packages/airflow/example_dags/example_short_circuit_decorator.py
[2024-09-24T12:44:50.756+0000] {processor.py:756} INFO - Processing file /home/airflow/.local/lib/python3.7/site-packages/airflow/example_dags/example_short_circuit_decorator.py for tasks to queue
[2024-09-24T12:44:50.758+0000] {logging_mixin.py:120} INFO - [2024-09-24T12:44:50.757+0000] {dagbag.py:537} INFO - Filling up the DagBag from /home/airflow/.local/lib/python3.7/site-packages/airflow/example_dags/example_short_circuit_decorator.py
[2024-09-24T12:44:50.802+0000] {processor.py:766} INFO - DAG(s) dict_keys(['example_short_circuit_decorator']) retrieved from /home/airflow/.local/lib/python3.7/site-packages/airflow/example_dags/example_short_circuit_decorator.py
[2024-09-24T12:44:50.878+0000] {logging_mixin.py:120} INFO - [2024-09-24T12:44:50.878+0000] {dag.py:2585} INFO - Sync 1 DAGs
[2024-09-24T12:44:50.935+0000] {logging_mixin.py:120} INFO - [2024-09-24T12:44:50.935+0000] {dag.py:3340} INFO - Setting next_dagrun for example_short_circuit_decorator to 2024-09-23T12:44:50.934606+00:00, run_after=2024-09-24T12:44:50.934606+00:00
[2024-09-24T12:44:50.972+0000] {processor.py:176} INFO - Processing /home/airflow/.local/lib/python3.7/site-packages/airflow/example_dags/example_short_circuit_decorator.py took 0.223 seconds
[2024-09-24T14:24:40.151+0000] {processor.py:154} INFO - Started process (PID=16504) to work on /home/airflow/.local/lib/python3.7/site-packages/airflow/example_dags/example_short_circuit_decorator.py
[2024-09-24T14:24:40.153+0000] {processor.py:756} INFO - Processing file /home/airflow/.local/lib/python3.7/site-packages/airflow/example_dags/example_short_circuit_decorator.py for tasks to queue
[2024-09-24T14:24:40.154+0000] {logging_mixin.py:120} INFO - [2024-09-24T14:24:40.154+0000] {dagbag.py:537} INFO - Filling up the DagBag from /home/airflow/.local/lib/python3.7/site-packages/airflow/example_dags/example_short_circuit_decorator.py
[2024-09-24T14:24:40.186+0000] {processor.py:766} INFO - DAG(s) dict_keys(['example_short_circuit_decorator']) retrieved from /home/airflow/.local/lib/python3.7/site-packages/airflow/example_dags/example_short_circuit_decorator.py
[2024-09-24T14:24:40.239+0000] {logging_mixin.py:120} INFO - [2024-09-24T14:24:40.239+0000] {dag.py:2585} INFO - Sync 1 DAGs
[2024-09-24T14:24:40.271+0000] {logging_mixin.py:120} INFO - [2024-09-24T14:24:40.271+0000] {dag.py:3340} INFO - Setting next_dagrun for example_short_circuit_decorator to 2024-09-23T14:24:40.270744+00:00, run_after=2024-09-24T14:24:40.270744+00:00
[2024-09-24T14:24:40.298+0000] {processor.py:176} INFO - Processing /home/airflow/.local/lib/python3.7/site-packages/airflow/example_dags/example_short_circuit_decorator.py took 0.152 seconds
[2024-09-24T14:26:39.916+0000] {processor.py:154} INFO - Started process (PID=16567) to work on /home/airflow/.local/lib/python3.7/site-packages/airflow/example_dags/example_short_circuit_decorator.py
[2024-09-24T14:26:39.918+0000] {processor.py:756} INFO - Processing file /home/airflow/.local/lib/python3.7/site-packages/airflow/example_dags/example_short_circuit_decorator.py for tasks to queue
[2024-09-24T14:26:39.920+0000] {logging_mixin.py:120} INFO - [2024-09-24T14:26:39.920+0000] {dagbag.py:537} INFO - Filling up the DagBag from /home/airflow/.local/lib/python3.7/site-packages/airflow/example_dags/example_short_circuit_decorator.py
[2024-09-24T14:26:39.951+0000] {processor.py:766} INFO - DAG(s) dict_keys(['example_short_circuit_decorator']) retrieved from /home/airflow/.local/lib/python3.7/site-packages/airflow/example_dags/example_short_circuit_decorator.py
[2024-09-24T14:26:40.004+0000] {logging_mixin.py:120} INFO - [2024-09-24T14:26:40.004+0000] {dag.py:2585} INFO - Sync 1 DAGs
[2024-09-24T14:26:40.034+0000] {logging_mixin.py:120} INFO - [2024-09-24T14:26:40.034+0000] {dag.py:3340} INFO - Setting next_dagrun for example_short_circuit_decorator to 2024-09-23T14:26:40.034460+00:00, run_after=2024-09-24T14:26:40.034460+00:00
[2024-09-24T14:26:40.058+0000] {processor.py:176} INFO - Processing /home/airflow/.local/lib/python3.7/site-packages/airflow/example_dags/example_short_circuit_decorator.py took 0.146 seconds
[2024-09-24T15:01:03.065+0000] {processor.py:154} INFO - Started process (PID=16621) to work on /home/airflow/.local/lib/python3.7/site-packages/airflow/example_dags/example_short_circuit_decorator.py
[2024-09-24T15:01:03.068+0000] {processor.py:756} INFO - Processing file /home/airflow/.local/lib/python3.7/site-packages/airflow/example_dags/example_short_circuit_decorator.py for tasks to queue
[2024-09-24T15:01:03.070+0000] {logging_mixin.py:120} INFO - [2024-09-24T15:01:03.070+0000] {dagbag.py:537} INFO - Filling up the DagBag from /home/airflow/.local/lib/python3.7/site-packages/airflow/example_dags/example_short_circuit_decorator.py
[2024-09-24T15:01:03.111+0000] {processor.py:766} INFO - DAG(s) dict_keys(['example_short_circuit_decorator']) retrieved from /home/airflow/.local/lib/python3.7/site-packages/airflow/example_dags/example_short_circuit_decorator.py
[2024-09-24T15:01:03.176+0000] {logging_mixin.py:120} INFO - [2024-09-24T15:01:03.176+0000] {dag.py:2585} INFO - Sync 1 DAGs
[2024-09-24T15:01:03.217+0000] {logging_mixin.py:120} INFO - [2024-09-24T15:01:03.217+0000] {dag.py:3340} INFO - Setting next_dagrun for example_short_circuit_decorator to 2024-09-23T15:01:03.217165+00:00, run_after=2024-09-24T15:01:03.217165+00:00
[2024-09-24T15:01:03.251+0000] {processor.py:176} INFO - Processing /home/airflow/.local/lib/python3.7/site-packages/airflow/example_dags/example_short_circuit_decorator.py took 0.191 seconds
[2024-09-24T16:32:27.983+0000] {processor.py:154} INFO - Started process (PID=16684) to work on /home/airflow/.local/lib/python3.7/site-packages/airflow/example_dags/example_short_circuit_decorator.py
[2024-09-24T16:32:27.985+0000] {processor.py:756} INFO - Processing file /home/airflow/.local/lib/python3.7/site-packages/airflow/example_dags/example_short_circuit_decorator.py for tasks to queue
[2024-09-24T16:32:27.985+0000] {logging_mixin.py:120} INFO - [2024-09-24T16:32:27.985+0000] {dagbag.py:537} INFO - Filling up the DagBag from /home/airflow/.local/lib/python3.7/site-packages/airflow/example_dags/example_short_circuit_decorator.py
[2024-09-24T16:32:28.015+0000] {processor.py:766} INFO - DAG(s) dict_keys(['example_short_circuit_decorator']) retrieved from /home/airflow/.local/lib/python3.7/site-packages/airflow/example_dags/example_short_circuit_decorator.py
[2024-09-24T16:32:28.065+0000] {logging_mixin.py:120} INFO - [2024-09-24T16:32:28.065+0000] {dag.py:2585} INFO - Sync 1 DAGs
[2024-09-24T16:32:28.098+0000] {logging_mixin.py:120} INFO - [2024-09-24T16:32:28.098+0000] {dag.py:3340} INFO - Setting next_dagrun for example_short_circuit_decorator to 2024-09-23T16:32:28.097862+00:00, run_after=2024-09-24T16:32:28.097862+00:00
[2024-09-24T16:32:28.125+0000] {processor.py:176} INFO - Processing /home/airflow/.local/lib/python3.7/site-packages/airflow/example_dags/example_short_circuit_decorator.py took 0.147 seconds
[2024-09-24T16:38:51.154+0000] {processor.py:154} INFO - Started process (PID=16747) to work on /home/airflow/.local/lib/python3.7/site-packages/airflow/example_dags/example_short_circuit_decorator.py
[2024-09-24T16:38:51.156+0000] {processor.py:756} INFO - Processing file /home/airflow/.local/lib/python3.7/site-packages/airflow/example_dags/example_short_circuit_decorator.py for tasks to queue
[2024-09-24T16:38:51.159+0000] {logging_mixin.py:120} INFO - [2024-09-24T16:38:51.159+0000] {dagbag.py:537} INFO - Filling up the DagBag from /home/airflow/.local/lib/python3.7/site-packages/airflow/example_dags/example_short_circuit_decorator.py
[2024-09-24T16:38:51.217+0000] {processor.py:766} INFO - DAG(s) dict_keys(['example_short_circuit_decorator']) retrieved from /home/airflow/.local/lib/python3.7/site-packages/airflow/example_dags/example_short_circuit_decorator.py
[2024-09-24T16:38:51.327+0000] {logging_mixin.py:120} INFO - [2024-09-24T16:38:51.326+0000] {dag.py:2585} INFO - Sync 1 DAGs
[2024-09-24T16:38:51.393+0000] {logging_mixin.py:120} INFO - [2024-09-24T16:38:51.392+0000] {dag.py:3340} INFO - Setting next_dagrun for example_short_circuit_decorator to 2024-09-23T16:38:51.392357+00:00, run_after=2024-09-24T16:38:51.392357+00:00
[2024-09-24T16:38:51.449+0000] {processor.py:176} INFO - Processing /home/airflow/.local/lib/python3.7/site-packages/airflow/example_dags/example_short_circuit_decorator.py took 0.302 seconds
[2024-09-24T17:03:41.232+0000] {processor.py:154} INFO - Started process (PID=16801) to work on /home/airflow/.local/lib/python3.7/site-packages/airflow/example_dags/example_short_circuit_decorator.py
[2024-09-24T17:03:41.234+0000] {processor.py:756} INFO - Processing file /home/airflow/.local/lib/python3.7/site-packages/airflow/example_dags/example_short_circuit_decorator.py for tasks to queue
[2024-09-24T17:03:41.238+0000] {logging_mixin.py:120} INFO - [2024-09-24T17:03:41.237+0000] {dagbag.py:537} INFO - Filling up the DagBag from /home/airflow/.local/lib/python3.7/site-packages/airflow/example_dags/example_short_circuit_decorator.py
[2024-09-24T17:03:41.306+0000] {processor.py:766} INFO - DAG(s) dict_keys(['example_short_circuit_decorator']) retrieved from /home/airflow/.local/lib/python3.7/site-packages/airflow/example_dags/example_short_circuit_decorator.py
[2024-09-24T17:03:41.425+0000] {logging_mixin.py:120} INFO - [2024-09-24T17:03:41.425+0000] {dag.py:2585} INFO - Sync 1 DAGs
[2024-09-24T17:03:41.483+0000] {logging_mixin.py:120} INFO - [2024-09-24T17:03:41.483+0000] {dag.py:3340} INFO - Setting next_dagrun for example_short_circuit_decorator to 2024-09-23T17:03:41.482851+00:00, run_after=2024-09-24T17:03:41.482851+00:00
[2024-09-24T17:03:41.532+0000] {processor.py:176} INFO - Processing /home/airflow/.local/lib/python3.7/site-packages/airflow/example_dags/example_short_circuit_decorator.py took 0.307 seconds
[2024-09-24T17:24:32.848+0000] {processor.py:154} INFO - Started process (PID=16855) to work on /home/airflow/.local/lib/python3.7/site-packages/airflow/example_dags/example_short_circuit_decorator.py
[2024-09-24T17:24:32.854+0000] {processor.py:756} INFO - Processing file /home/airflow/.local/lib/python3.7/site-packages/airflow/example_dags/example_short_circuit_decorator.py for tasks to queue
[2024-09-24T17:24:32.855+0000] {logging_mixin.py:120} INFO - [2024-09-24T17:24:32.855+0000] {dagbag.py:537} INFO - Filling up the DagBag from /home/airflow/.local/lib/python3.7/site-packages/airflow/example_dags/example_short_circuit_decorator.py
[2024-09-24T17:24:32.915+0000] {processor.py:766} INFO - DAG(s) dict_keys(['example_short_circuit_decorator']) retrieved from /home/airflow/.local/lib/python3.7/site-packages/airflow/example_dags/example_short_circuit_decorator.py
[2024-09-24T17:24:33.035+0000] {logging_mixin.py:120} INFO - [2024-09-24T17:24:33.035+0000] {dag.py:2585} INFO - Sync 1 DAGs
[2024-09-24T17:24:33.115+0000] {logging_mixin.py:120} INFO - [2024-09-24T17:24:33.115+0000] {dag.py:3340} INFO - Setting next_dagrun for example_short_circuit_decorator to 2024-09-23T17:24:33.114703+00:00, run_after=2024-09-24T17:24:33.114703+00:00
[2024-09-24T17:24:33.156+0000] {processor.py:176} INFO - Processing /home/airflow/.local/lib/python3.7/site-packages/airflow/example_dags/example_short_circuit_decorator.py took 0.314 seconds
[2024-09-24T18:04:40.489+0000] {processor.py:154} INFO - Started process (PID=16900) to work on /home/airflow/.local/lib/python3.7/site-packages/airflow/example_dags/example_short_circuit_decorator.py
[2024-09-24T18:04:40.491+0000] {processor.py:756} INFO - Processing file /home/airflow/.local/lib/python3.7/site-packages/airflow/example_dags/example_short_circuit_decorator.py for tasks to queue
[2024-09-24T18:04:40.494+0000] {logging_mixin.py:120} INFO - [2024-09-24T18:04:40.493+0000] {dagbag.py:537} INFO - Filling up the DagBag from /home/airflow/.local/lib/python3.7/site-packages/airflow/example_dags/example_short_circuit_decorator.py
[2024-09-24T18:04:40.532+0000] {processor.py:766} INFO - DAG(s) dict_keys(['example_short_circuit_decorator']) retrieved from /home/airflow/.local/lib/python3.7/site-packages/airflow/example_dags/example_short_circuit_decorator.py
[2024-09-24T18:04:40.598+0000] {logging_mixin.py:120} INFO - [2024-09-24T18:04:40.598+0000] {dag.py:2585} INFO - Sync 1 DAGs
[2024-09-24T18:04:40.665+0000] {logging_mixin.py:120} INFO - [2024-09-24T18:04:40.665+0000] {dag.py:3340} INFO - Setting next_dagrun for example_short_circuit_decorator to 2024-09-23T18:04:40.664939+00:00, run_after=2024-09-24T18:04:40.664939+00:00
[2024-09-24T18:04:40.718+0000] {processor.py:176} INFO - Processing /home/airflow/.local/lib/python3.7/site-packages/airflow/example_dags/example_short_circuit_decorator.py took 0.234 seconds
[2024-09-24T19:05:36.342+0000] {processor.py:154} INFO - Started process (PID=16954) to work on /home/airflow/.local/lib/python3.7/site-packages/airflow/example_dags/example_short_circuit_decorator.py
[2024-09-24T19:05:36.345+0000] {processor.py:756} INFO - Processing file /home/airflow/.local/lib/python3.7/site-packages/airflow/example_dags/example_short_circuit_decorator.py for tasks to queue
[2024-09-24T19:05:36.348+0000] {logging_mixin.py:120} INFO - [2024-09-24T19:05:36.348+0000] {dagbag.py:537} INFO - Filling up the DagBag from /home/airflow/.local/lib/python3.7/site-packages/airflow/example_dags/example_short_circuit_decorator.py
[2024-09-24T19:05:36.394+0000] {processor.py:766} INFO - DAG(s) dict_keys(['example_short_circuit_decorator']) retrieved from /home/airflow/.local/lib/python3.7/site-packages/airflow/example_dags/example_short_circuit_decorator.py
[2024-09-24T19:05:36.476+0000] {logging_mixin.py:120} INFO - [2024-09-24T19:05:36.475+0000] {dag.py:2585} INFO - Sync 1 DAGs
[2024-09-24T19:05:36.532+0000] {logging_mixin.py:120} INFO - [2024-09-24T19:05:36.531+0000] {dag.py:3340} INFO - Setting next_dagrun for example_short_circuit_decorator to 2024-09-23T19:05:36.531669+00:00, run_after=2024-09-24T19:05:36.531669+00:00
[2024-09-24T19:05:36.564+0000] {processor.py:176} INFO - Processing /home/airflow/.local/lib/python3.7/site-packages/airflow/example_dags/example_short_circuit_decorator.py took 0.227 seconds
[2024-09-24T20:06:42.491+0000] {processor.py:154} INFO - Started process (PID=17008) to work on /home/airflow/.local/lib/python3.7/site-packages/airflow/example_dags/example_short_circuit_decorator.py
[2024-09-24T20:06:42.495+0000] {processor.py:756} INFO - Processing file /home/airflow/.local/lib/python3.7/site-packages/airflow/example_dags/example_short_circuit_decorator.py for tasks to queue
[2024-09-24T20:06:42.497+0000] {logging_mixin.py:120} INFO - [2024-09-24T20:06:42.496+0000] {dagbag.py:537} INFO - Filling up the DagBag from /home/airflow/.local/lib/python3.7/site-packages/airflow/example_dags/example_short_circuit_decorator.py
[2024-09-24T20:06:42.574+0000] {processor.py:766} INFO - DAG(s) dict_keys(['example_short_circuit_decorator']) retrieved from /home/airflow/.local/lib/python3.7/site-packages/airflow/example_dags/example_short_circuit_decorator.py
[2024-09-24T20:06:42.691+0000] {logging_mixin.py:120} INFO - [2024-09-24T20:06:42.691+0000] {dag.py:2585} INFO - Sync 1 DAGs
[2024-09-24T20:06:42.774+0000] {logging_mixin.py:120} INFO - [2024-09-24T20:06:42.774+0000] {dag.py:3340} INFO - Setting next_dagrun for example_short_circuit_decorator to 2024-09-23T20:06:42.773610+00:00, run_after=2024-09-24T20:06:42.773610+00:00
[2024-09-24T20:06:42.822+0000] {processor.py:176} INFO - Processing /home/airflow/.local/lib/python3.7/site-packages/airflow/example_dags/example_short_circuit_decorator.py took 0.339 seconds
[2024-09-24T22:08:30.345+0000] {processor.py:154} INFO - Started process (PID=17062) to work on /home/airflow/.local/lib/python3.7/site-packages/airflow/example_dags/example_short_circuit_decorator.py
[2024-09-24T22:08:30.359+0000] {processor.py:756} INFO - Processing file /home/airflow/.local/lib/python3.7/site-packages/airflow/example_dags/example_short_circuit_decorator.py for tasks to queue
[2024-09-24T22:08:30.367+0000] {logging_mixin.py:120} INFO - [2024-09-24T22:08:30.366+0000] {dagbag.py:537} INFO - Filling up the DagBag from /home/airflow/.local/lib/python3.7/site-packages/airflow/example_dags/example_short_circuit_decorator.py
[2024-09-24T22:08:30.664+0000] {processor.py:766} INFO - DAG(s) dict_keys(['example_short_circuit_decorator']) retrieved from /home/airflow/.local/lib/python3.7/site-packages/airflow/example_dags/example_short_circuit_decorator.py
[2024-09-24T22:08:31.110+0000] {logging_mixin.py:120} INFO - [2024-09-24T22:08:31.109+0000] {dag.py:2585} INFO - Sync 1 DAGs
[2024-09-24T22:08:31.403+0000] {logging_mixin.py:120} INFO - [2024-09-24T22:08:31.402+0000] {dag.py:3340} INFO - Setting next_dagrun for example_short_circuit_decorator to 2024-09-23T22:08:31.400259+00:00, run_after=2024-09-24T22:08:31.400259+00:00
[2024-09-24T22:08:31.598+0000] {processor.py:176} INFO - Processing /home/airflow/.local/lib/python3.7/site-packages/airflow/example_dags/example_short_circuit_decorator.py took 1.294 seconds
