[2024-09-24T01:38:16.128+0000] {processor.py:154} INFO - Started process (PID=13865) to work on /home/airflow/.local/lib/python3.7/site-packages/airflow/example_dags/example_short_circuit_operator.py
[2024-09-24T01:38:16.130+0000] {processor.py:756} INFO - Processing file /home/airflow/.local/lib/python3.7/site-packages/airflow/example_dags/example_short_circuit_operator.py for tasks to queue
[2024-09-24T01:38:16.133+0000] {logging_mixin.py:120} INFO - [2024-09-24T01:38:16.132+0000] {dagbag.py:537} INFO - Filling up the DagBag from /home/airflow/.local/lib/python3.7/site-packages/airflow/example_dags/example_short_circuit_operator.py
[2024-09-24T01:38:16.163+0000] {processor.py:766} INFO - DAG(s) dict_keys(['example_short_circuit_operator']) retrieved from /home/airflow/.local/lib/python3.7/site-packages/airflow/example_dags/example_short_circuit_operator.py
[2024-09-24T01:38:16.234+0000] {logging_mixin.py:120} INFO - [2024-09-24T01:38:16.234+0000] {dag.py:2585} INFO - Sync 1 DAGs
[2024-09-24T01:38:16.291+0000] {logging_mixin.py:120} INFO - [2024-09-24T01:38:16.291+0000] {dag.py:3340} INFO - Setting next_dagrun for example_short_circuit_operator to 2024-09-23T01:38:16.290645+00:00, run_after=2024-09-24T01:38:16.290645+00:00
[2024-09-24T01:38:16.340+0000] {processor.py:176} INFO - Processing /home/airflow/.local/lib/python3.7/site-packages/airflow/example_dags/example_short_circuit_operator.py took 0.218 seconds
[2024-09-24T01:41:39.690+0000] {processor.py:154} INFO - Started process (PID=13919) to work on /home/airflow/.local/lib/python3.7/site-packages/airflow/example_dags/example_short_circuit_operator.py
[2024-09-24T01:41:39.691+0000] {processor.py:756} INFO - Processing file /home/airflow/.local/lib/python3.7/site-packages/airflow/example_dags/example_short_circuit_operator.py for tasks to queue
[2024-09-24T01:41:39.692+0000] {logging_mixin.py:120} INFO - [2024-09-24T01:41:39.692+0000] {dagbag.py:537} INFO - Filling up the DagBag from /home/airflow/.local/lib/python3.7/site-packages/airflow/example_dags/example_short_circuit_operator.py
[2024-09-24T01:41:39.718+0000] {processor.py:766} INFO - DAG(s) dict_keys(['example_short_circuit_operator']) retrieved from /home/airflow/.local/lib/python3.7/site-packages/airflow/example_dags/example_short_circuit_operator.py
[2024-09-24T01:41:39.798+0000] {logging_mixin.py:120} INFO - [2024-09-24T01:41:39.798+0000] {dag.py:2585} INFO - Sync 1 DAGs
[2024-09-24T01:41:39.839+0000] {logging_mixin.py:120} INFO - [2024-09-24T01:41:39.838+0000] {dag.py:3340} INFO - Setting next_dagrun for example_short_circuit_operator to 2024-09-23T01:41:39.838444+00:00, run_after=2024-09-24T01:41:39.838444+00:00
[2024-09-24T01:41:39.868+0000] {processor.py:176} INFO - Processing /home/airflow/.local/lib/python3.7/site-packages/airflow/example_dags/example_short_circuit_operator.py took 0.183 seconds
[2024-09-24T03:27:55.072+0000] {processor.py:154} INFO - Started process (PID=13982) to work on /home/airflow/.local/lib/python3.7/site-packages/airflow/example_dags/example_short_circuit_operator.py
[2024-09-24T03:27:55.074+0000] {processor.py:756} INFO - Processing file /home/airflow/.local/lib/python3.7/site-packages/airflow/example_dags/example_short_circuit_operator.py for tasks to queue
[2024-09-24T03:27:55.075+0000] {logging_mixin.py:120} INFO - [2024-09-24T03:27:55.075+0000] {dagbag.py:537} INFO - Filling up the DagBag from /home/airflow/.local/lib/python3.7/site-packages/airflow/example_dags/example_short_circuit_operator.py
[2024-09-24T03:27:55.101+0000] {processor.py:766} INFO - DAG(s) dict_keys(['example_short_circuit_operator']) retrieved from /home/airflow/.local/lib/python3.7/site-packages/airflow/example_dags/example_short_circuit_operator.py
[2024-09-24T03:27:55.159+0000] {logging_mixin.py:120} INFO - [2024-09-24T03:27:55.159+0000] {dag.py:2585} INFO - Sync 1 DAGs
[2024-09-24T03:27:55.196+0000] {logging_mixin.py:120} INFO - [2024-09-24T03:27:55.196+0000] {dag.py:3340} INFO - Setting next_dagrun for example_short_circuit_operator to 2024-09-23T03:27:55.196407+00:00, run_after=2024-09-24T03:27:55.196407+00:00
[2024-09-24T03:27:55.227+0000] {processor.py:176} INFO - Processing /home/airflow/.local/lib/python3.7/site-packages/airflow/example_dags/example_short_circuit_operator.py took 0.160 seconds
[2024-09-24T04:19:34.880+0000] {processor.py:154} INFO - Started process (PID=14036) to work on /home/airflow/.local/lib/python3.7/site-packages/airflow/example_dags/example_short_circuit_operator.py
[2024-09-24T04:19:34.886+0000] {processor.py:756} INFO - Processing file /home/airflow/.local/lib/python3.7/site-packages/airflow/example_dags/example_short_circuit_operator.py for tasks to queue
[2024-09-24T04:19:34.890+0000] {logging_mixin.py:120} INFO - [2024-09-24T04:19:34.890+0000] {dagbag.py:537} INFO - Filling up the DagBag from /home/airflow/.local/lib/python3.7/site-packages/airflow/example_dags/example_short_circuit_operator.py
[2024-09-24T04:19:34.992+0000] {processor.py:766} INFO - DAG(s) dict_keys(['example_short_circuit_operator']) retrieved from /home/airflow/.local/lib/python3.7/site-packages/airflow/example_dags/example_short_circuit_operator.py
[2024-09-24T04:19:35.339+0000] {logging_mixin.py:120} INFO - [2024-09-24T04:19:35.339+0000] {dag.py:2585} INFO - Sync 1 DAGs
[2024-09-24T04:19:35.395+0000] {logging_mixin.py:120} INFO - [2024-09-24T04:19:35.395+0000] {dag.py:3340} INFO - Setting next_dagrun for example_short_circuit_operator to 2024-09-23T04:19:35.394739+00:00, run_after=2024-09-24T04:19:35.394739+00:00
[2024-09-24T04:19:35.724+0000] {processor.py:176} INFO - Processing /home/airflow/.local/lib/python3.7/site-packages/airflow/example_dags/example_short_circuit_operator.py took 0.852 seconds
[2024-09-24T04:20:05.819+0000] {processor.py:154} INFO - Started process (PID=14099) to work on /home/airflow/.local/lib/python3.7/site-packages/airflow/example_dags/example_short_circuit_operator.py
[2024-09-24T04:20:05.820+0000] {processor.py:756} INFO - Processing file /home/airflow/.local/lib/python3.7/site-packages/airflow/example_dags/example_short_circuit_operator.py for tasks to queue
[2024-09-24T04:20:05.821+0000] {logging_mixin.py:120} INFO - [2024-09-24T04:20:05.821+0000] {dagbag.py:537} INFO - Filling up the DagBag from /home/airflow/.local/lib/python3.7/site-packages/airflow/example_dags/example_short_circuit_operator.py
[2024-09-24T04:20:05.848+0000] {processor.py:766} INFO - DAG(s) dict_keys(['example_short_circuit_operator']) retrieved from /home/airflow/.local/lib/python3.7/site-packages/airflow/example_dags/example_short_circuit_operator.py
[2024-09-24T04:20:05.912+0000] {logging_mixin.py:120} INFO - [2024-09-24T04:20:05.912+0000] {dag.py:2585} INFO - Sync 1 DAGs
[2024-09-24T04:20:05.948+0000] {logging_mixin.py:120} INFO - [2024-09-24T04:20:05.948+0000] {dag.py:3340} INFO - Setting next_dagrun for example_short_circuit_operator to 2024-09-23T04:20:05.947934+00:00, run_after=2024-09-24T04:20:05.947934+00:00
[2024-09-24T04:20:05.975+0000] {processor.py:176} INFO - Processing /home/airflow/.local/lib/python3.7/site-packages/airflow/example_dags/example_short_circuit_operator.py took 0.160 seconds
[2024-09-24T04:20:36.056+0000] {processor.py:154} INFO - Started process (PID=14161) to work on /home/airflow/.local/lib/python3.7/site-packages/airflow/example_dags/example_short_circuit_operator.py
[2024-09-24T04:20:36.058+0000] {processor.py:756} INFO - Processing file /home/airflow/.local/lib/python3.7/site-packages/airflow/example_dags/example_short_circuit_operator.py for tasks to queue
[2024-09-24T04:20:36.059+0000] {logging_mixin.py:120} INFO - [2024-09-24T04:20:36.059+0000] {dagbag.py:537} INFO - Filling up the DagBag from /home/airflow/.local/lib/python3.7/site-packages/airflow/example_dags/example_short_circuit_operator.py
[2024-09-24T04:20:36.086+0000] {processor.py:766} INFO - DAG(s) dict_keys(['example_short_circuit_operator']) retrieved from /home/airflow/.local/lib/python3.7/site-packages/airflow/example_dags/example_short_circuit_operator.py
[2024-09-24T04:20:36.167+0000] {logging_mixin.py:120} INFO - [2024-09-24T04:20:36.167+0000] {dag.py:2585} INFO - Sync 1 DAGs
[2024-09-24T04:20:36.202+0000] {logging_mixin.py:120} INFO - [2024-09-24T04:20:36.202+0000] {dag.py:3340} INFO - Setting next_dagrun for example_short_circuit_operator to 2024-09-23T04:20:36.202206+00:00, run_after=2024-09-24T04:20:36.202206+00:00
[2024-09-24T04:20:36.229+0000] {processor.py:176} INFO - Processing /home/airflow/.local/lib/python3.7/site-packages/airflow/example_dags/example_short_circuit_operator.py took 0.178 seconds
[2024-09-24T04:21:06.312+0000] {processor.py:154} INFO - Started process (PID=14214) to work on /home/airflow/.local/lib/python3.7/site-packages/airflow/example_dags/example_short_circuit_operator.py
[2024-09-24T04:21:06.314+0000] {processor.py:756} INFO - Processing file /home/airflow/.local/lib/python3.7/site-packages/airflow/example_dags/example_short_circuit_operator.py for tasks to queue
[2024-09-24T04:21:06.315+0000] {logging_mixin.py:120} INFO - [2024-09-24T04:21:06.315+0000] {dagbag.py:537} INFO - Filling up the DagBag from /home/airflow/.local/lib/python3.7/site-packages/airflow/example_dags/example_short_circuit_operator.py
[2024-09-24T04:21:06.348+0000] {processor.py:766} INFO - DAG(s) dict_keys(['example_short_circuit_operator']) retrieved from /home/airflow/.local/lib/python3.7/site-packages/airflow/example_dags/example_short_circuit_operator.py
[2024-09-24T04:21:06.424+0000] {logging_mixin.py:120} INFO - [2024-09-24T04:21:06.424+0000] {dag.py:2585} INFO - Sync 1 DAGs
[2024-09-24T04:21:06.479+0000] {logging_mixin.py:120} INFO - [2024-09-24T04:21:06.479+0000] {dag.py:3340} INFO - Setting next_dagrun for example_short_circuit_operator to 2024-09-23T04:21:06.478786+00:00, run_after=2024-09-24T04:21:06.478786+00:00
[2024-09-24T04:21:06.507+0000] {processor.py:176} INFO - Processing /home/airflow/.local/lib/python3.7/site-packages/airflow/example_dags/example_short_circuit_operator.py took 0.201 seconds
[2024-09-24T04:21:36.722+0000] {processor.py:154} INFO - Started process (PID=14277) to work on /home/airflow/.local/lib/python3.7/site-packages/airflow/example_dags/example_short_circuit_operator.py
[2024-09-24T04:21:36.740+0000] {processor.py:756} INFO - Processing file /home/airflow/.local/lib/python3.7/site-packages/airflow/example_dags/example_short_circuit_operator.py for tasks to queue
[2024-09-24T04:21:36.742+0000] {logging_mixin.py:120} INFO - [2024-09-24T04:21:36.742+0000] {dagbag.py:537} INFO - Filling up the DagBag from /home/airflow/.local/lib/python3.7/site-packages/airflow/example_dags/example_short_circuit_operator.py
[2024-09-24T04:21:36.772+0000] {processor.py:766} INFO - DAG(s) dict_keys(['example_short_circuit_operator']) retrieved from /home/airflow/.local/lib/python3.7/site-packages/airflow/example_dags/example_short_circuit_operator.py
[2024-09-24T04:21:36.849+0000] {logging_mixin.py:120} INFO - [2024-09-24T04:21:36.849+0000] {dag.py:2585} INFO - Sync 1 DAGs
[2024-09-24T04:21:36.888+0000] {logging_mixin.py:120} INFO - [2024-09-24T04:21:36.888+0000] {dag.py:3340} INFO - Setting next_dagrun for example_short_circuit_operator to 2024-09-23T04:21:36.888030+00:00, run_after=2024-09-24T04:21:36.888030+00:00
[2024-09-24T04:21:36.917+0000] {processor.py:176} INFO - Processing /home/airflow/.local/lib/python3.7/site-packages/airflow/example_dags/example_short_circuit_operator.py took 0.201 seconds
[2024-09-24T04:22:07.039+0000] {processor.py:154} INFO - Started process (PID=14331) to work on /home/airflow/.local/lib/python3.7/site-packages/airflow/example_dags/example_short_circuit_operator.py
[2024-09-24T04:22:07.041+0000] {processor.py:756} INFO - Processing file /home/airflow/.local/lib/python3.7/site-packages/airflow/example_dags/example_short_circuit_operator.py for tasks to queue
[2024-09-24T04:22:07.042+0000] {logging_mixin.py:120} INFO - [2024-09-24T04:22:07.041+0000] {dagbag.py:537} INFO - Filling up the DagBag from /home/airflow/.local/lib/python3.7/site-packages/airflow/example_dags/example_short_circuit_operator.py
[2024-09-24T04:22:07.064+0000] {processor.py:766} INFO - DAG(s) dict_keys(['example_short_circuit_operator']) retrieved from /home/airflow/.local/lib/python3.7/site-packages/airflow/example_dags/example_short_circuit_operator.py
[2024-09-24T04:22:07.119+0000] {logging_mixin.py:120} INFO - [2024-09-24T04:22:07.119+0000] {dag.py:2585} INFO - Sync 1 DAGs
[2024-09-24T04:22:07.155+0000] {logging_mixin.py:120} INFO - [2024-09-24T04:22:07.154+0000] {dag.py:3340} INFO - Setting next_dagrun for example_short_circuit_operator to 2024-09-23T04:22:07.154701+00:00, run_after=2024-09-24T04:22:07.154701+00:00
[2024-09-24T04:22:07.177+0000] {processor.py:176} INFO - Processing /home/airflow/.local/lib/python3.7/site-packages/airflow/example_dags/example_short_circuit_operator.py took 0.142 seconds
[2024-09-24T04:22:37.861+0000] {processor.py:154} INFO - Started process (PID=14395) to work on /home/airflow/.local/lib/python3.7/site-packages/airflow/example_dags/example_short_circuit_operator.py
[2024-09-24T04:22:37.863+0000] {processor.py:756} INFO - Processing file /home/airflow/.local/lib/python3.7/site-packages/airflow/example_dags/example_short_circuit_operator.py for tasks to queue
[2024-09-24T04:22:37.865+0000] {logging_mixin.py:120} INFO - [2024-09-24T04:22:37.864+0000] {dagbag.py:537} INFO - Filling up the DagBag from /home/airflow/.local/lib/python3.7/site-packages/airflow/example_dags/example_short_circuit_operator.py
[2024-09-24T04:22:37.887+0000] {processor.py:766} INFO - DAG(s) dict_keys(['example_short_circuit_operator']) retrieved from /home/airflow/.local/lib/python3.7/site-packages/airflow/example_dags/example_short_circuit_operator.py
[2024-09-24T04:22:37.951+0000] {logging_mixin.py:120} INFO - [2024-09-24T04:22:37.950+0000] {dag.py:2585} INFO - Sync 1 DAGs
[2024-09-24T04:22:37.982+0000] {logging_mixin.py:120} INFO - [2024-09-24T04:22:37.982+0000] {dag.py:3340} INFO - Setting next_dagrun for example_short_circuit_operator to 2024-09-23T04:22:37.981834+00:00, run_after=2024-09-24T04:22:37.981834+00:00
[2024-09-24T04:22:38.001+0000] {processor.py:176} INFO - Processing /home/airflow/.local/lib/python3.7/site-packages/airflow/example_dags/example_short_circuit_operator.py took 0.144 seconds
[2024-09-24T04:23:09.183+0000] {processor.py:154} INFO - Started process (PID=14459) to work on /home/airflow/.local/lib/python3.7/site-packages/airflow/example_dags/example_short_circuit_operator.py
[2024-09-24T04:23:09.185+0000] {processor.py:756} INFO - Processing file /home/airflow/.local/lib/python3.7/site-packages/airflow/example_dags/example_short_circuit_operator.py for tasks to queue
[2024-09-24T04:23:09.187+0000] {logging_mixin.py:120} INFO - [2024-09-24T04:23:09.186+0000] {dagbag.py:537} INFO - Filling up the DagBag from /home/airflow/.local/lib/python3.7/site-packages/airflow/example_dags/example_short_circuit_operator.py
[2024-09-24T04:23:09.214+0000] {processor.py:766} INFO - DAG(s) dict_keys(['example_short_circuit_operator']) retrieved from /home/airflow/.local/lib/python3.7/site-packages/airflow/example_dags/example_short_circuit_operator.py
[2024-09-24T04:23:09.275+0000] {logging_mixin.py:120} INFO - [2024-09-24T04:23:09.275+0000] {dag.py:2585} INFO - Sync 1 DAGs
[2024-09-24T04:23:09.310+0000] {logging_mixin.py:120} INFO - [2024-09-24T04:23:09.310+0000] {dag.py:3340} INFO - Setting next_dagrun for example_short_circuit_operator to 2024-09-23T04:23:09.309868+00:00, run_after=2024-09-24T04:23:09.309868+00:00
[2024-09-24T04:23:09.335+0000] {processor.py:176} INFO - Processing /home/airflow/.local/lib/python3.7/site-packages/airflow/example_dags/example_short_circuit_operator.py took 0.157 seconds
[2024-09-24T04:23:40.367+0000] {processor.py:154} INFO - Started process (PID=14522) to work on /home/airflow/.local/lib/python3.7/site-packages/airflow/example_dags/example_short_circuit_operator.py
[2024-09-24T04:23:40.368+0000] {processor.py:756} INFO - Processing file /home/airflow/.local/lib/python3.7/site-packages/airflow/example_dags/example_short_circuit_operator.py for tasks to queue
[2024-09-24T04:23:40.370+0000] {logging_mixin.py:120} INFO - [2024-09-24T04:23:40.369+0000] {dagbag.py:537} INFO - Filling up the DagBag from /home/airflow/.local/lib/python3.7/site-packages/airflow/example_dags/example_short_circuit_operator.py
[2024-09-24T04:23:40.393+0000] {processor.py:766} INFO - DAG(s) dict_keys(['example_short_circuit_operator']) retrieved from /home/airflow/.local/lib/python3.7/site-packages/airflow/example_dags/example_short_circuit_operator.py
[2024-09-24T04:23:40.443+0000] {logging_mixin.py:120} INFO - [2024-09-24T04:23:40.443+0000] {dag.py:2585} INFO - Sync 1 DAGs
[2024-09-24T04:23:40.472+0000] {logging_mixin.py:120} INFO - [2024-09-24T04:23:40.472+0000] {dag.py:3340} INFO - Setting next_dagrun for example_short_circuit_operator to 2024-09-23T04:23:40.472011+00:00, run_after=2024-09-24T04:23:40.472011+00:00
[2024-09-24T04:23:40.494+0000] {processor.py:176} INFO - Processing /home/airflow/.local/lib/python3.7/site-packages/airflow/example_dags/example_short_circuit_operator.py took 0.132 seconds
[2024-09-24T04:24:10.737+0000] {processor.py:154} INFO - Started process (PID=14575) to work on /home/airflow/.local/lib/python3.7/site-packages/airflow/example_dags/example_short_circuit_operator.py
[2024-09-24T04:24:10.738+0000] {processor.py:756} INFO - Processing file /home/airflow/.local/lib/python3.7/site-packages/airflow/example_dags/example_short_circuit_operator.py for tasks to queue
[2024-09-24T04:24:10.739+0000] {logging_mixin.py:120} INFO - [2024-09-24T04:24:10.739+0000] {dagbag.py:537} INFO - Filling up the DagBag from /home/airflow/.local/lib/python3.7/site-packages/airflow/example_dags/example_short_circuit_operator.py
[2024-09-24T04:24:10.761+0000] {processor.py:766} INFO - DAG(s) dict_keys(['example_short_circuit_operator']) retrieved from /home/airflow/.local/lib/python3.7/site-packages/airflow/example_dags/example_short_circuit_operator.py
[2024-09-24T04:24:10.811+0000] {logging_mixin.py:120} INFO - [2024-09-24T04:24:10.810+0000] {dag.py:2585} INFO - Sync 1 DAGs
[2024-09-24T04:24:10.842+0000] {logging_mixin.py:120} INFO - [2024-09-24T04:24:10.842+0000] {dag.py:3340} INFO - Setting next_dagrun for example_short_circuit_operator to 2024-09-23T04:24:10.841787+00:00, run_after=2024-09-24T04:24:10.841787+00:00
[2024-09-24T04:24:10.865+0000] {processor.py:176} INFO - Processing /home/airflow/.local/lib/python3.7/site-packages/airflow/example_dags/example_short_circuit_operator.py took 0.132 seconds
[2024-09-24T04:24:41.647+0000] {processor.py:154} INFO - Started process (PID=14638) to work on /home/airflow/.local/lib/python3.7/site-packages/airflow/example_dags/example_short_circuit_operator.py
[2024-09-24T04:24:41.648+0000] {processor.py:756} INFO - Processing file /home/airflow/.local/lib/python3.7/site-packages/airflow/example_dags/example_short_circuit_operator.py for tasks to queue
[2024-09-24T04:24:41.649+0000] {logging_mixin.py:120} INFO - [2024-09-24T04:24:41.649+0000] {dagbag.py:537} INFO - Filling up the DagBag from /home/airflow/.local/lib/python3.7/site-packages/airflow/example_dags/example_short_circuit_operator.py
[2024-09-24T04:24:41.676+0000] {processor.py:766} INFO - DAG(s) dict_keys(['example_short_circuit_operator']) retrieved from /home/airflow/.local/lib/python3.7/site-packages/airflow/example_dags/example_short_circuit_operator.py
[2024-09-24T04:24:41.734+0000] {logging_mixin.py:120} INFO - [2024-09-24T04:24:41.734+0000] {dag.py:2585} INFO - Sync 1 DAGs
[2024-09-24T04:24:41.769+0000] {logging_mixin.py:120} INFO - [2024-09-24T04:24:41.769+0000] {dag.py:3340} INFO - Setting next_dagrun for example_short_circuit_operator to 2024-09-23T04:24:41.769438+00:00, run_after=2024-09-24T04:24:41.769438+00:00
[2024-09-24T04:24:41.794+0000] {processor.py:176} INFO - Processing /home/airflow/.local/lib/python3.7/site-packages/airflow/example_dags/example_short_circuit_operator.py took 0.151 seconds
[2024-09-24T04:25:11.951+0000] {processor.py:154} INFO - Started process (PID=14701) to work on /home/airflow/.local/lib/python3.7/site-packages/airflow/example_dags/example_short_circuit_operator.py
[2024-09-24T04:25:11.953+0000] {processor.py:756} INFO - Processing file /home/airflow/.local/lib/python3.7/site-packages/airflow/example_dags/example_short_circuit_operator.py for tasks to queue
[2024-09-24T04:25:11.954+0000] {logging_mixin.py:120} INFO - [2024-09-24T04:25:11.953+0000] {dagbag.py:537} INFO - Filling up the DagBag from /home/airflow/.local/lib/python3.7/site-packages/airflow/example_dags/example_short_circuit_operator.py
[2024-09-24T04:25:11.975+0000] {processor.py:766} INFO - DAG(s) dict_keys(['example_short_circuit_operator']) retrieved from /home/airflow/.local/lib/python3.7/site-packages/airflow/example_dags/example_short_circuit_operator.py
[2024-09-24T04:25:12.026+0000] {logging_mixin.py:120} INFO - [2024-09-24T04:25:12.026+0000] {dag.py:2585} INFO - Sync 1 DAGs
[2024-09-24T04:25:12.055+0000] {logging_mixin.py:120} INFO - [2024-09-24T04:25:12.055+0000] {dag.py:3340} INFO - Setting next_dagrun for example_short_circuit_operator to 2024-09-23T04:25:12.054951+00:00, run_after=2024-09-24T04:25:12.054951+00:00
[2024-09-24T04:25:12.075+0000] {processor.py:176} INFO - Processing /home/airflow/.local/lib/python3.7/site-packages/airflow/example_dags/example_short_circuit_operator.py took 0.127 seconds
[2024-09-24T04:25:43.271+0000] {processor.py:154} INFO - Started process (PID=14754) to work on /home/airflow/.local/lib/python3.7/site-packages/airflow/example_dags/example_short_circuit_operator.py
[2024-09-24T04:25:43.272+0000] {processor.py:756} INFO - Processing file /home/airflow/.local/lib/python3.7/site-packages/airflow/example_dags/example_short_circuit_operator.py for tasks to queue
[2024-09-24T04:25:43.274+0000] {logging_mixin.py:120} INFO - [2024-09-24T04:25:43.273+0000] {dagbag.py:537} INFO - Filling up the DagBag from /home/airflow/.local/lib/python3.7/site-packages/airflow/example_dags/example_short_circuit_operator.py
[2024-09-24T04:25:43.300+0000] {processor.py:766} INFO - DAG(s) dict_keys(['example_short_circuit_operator']) retrieved from /home/airflow/.local/lib/python3.7/site-packages/airflow/example_dags/example_short_circuit_operator.py
[2024-09-24T04:25:43.357+0000] {logging_mixin.py:120} INFO - [2024-09-24T04:25:43.357+0000] {dag.py:2585} INFO - Sync 1 DAGs
[2024-09-24T04:25:43.391+0000] {logging_mixin.py:120} INFO - [2024-09-24T04:25:43.391+0000] {dag.py:3340} INFO - Setting next_dagrun for example_short_circuit_operator to 2024-09-23T04:25:43.390864+00:00, run_after=2024-09-24T04:25:43.390864+00:00
[2024-09-24T04:25:43.417+0000] {processor.py:176} INFO - Processing /home/airflow/.local/lib/python3.7/site-packages/airflow/example_dags/example_short_circuit_operator.py took 0.151 seconds
[2024-09-24T04:26:14.537+0000] {processor.py:154} INFO - Started process (PID=14817) to work on /home/airflow/.local/lib/python3.7/site-packages/airflow/example_dags/example_short_circuit_operator.py
[2024-09-24T04:26:14.539+0000] {processor.py:756} INFO - Processing file /home/airflow/.local/lib/python3.7/site-packages/airflow/example_dags/example_short_circuit_operator.py for tasks to queue
[2024-09-24T04:26:14.540+0000] {logging_mixin.py:120} INFO - [2024-09-24T04:26:14.539+0000] {dagbag.py:537} INFO - Filling up the DagBag from /home/airflow/.local/lib/python3.7/site-packages/airflow/example_dags/example_short_circuit_operator.py
[2024-09-24T04:26:14.560+0000] {processor.py:766} INFO - DAG(s) dict_keys(['example_short_circuit_operator']) retrieved from /home/airflow/.local/lib/python3.7/site-packages/airflow/example_dags/example_short_circuit_operator.py
[2024-09-24T04:26:14.610+0000] {logging_mixin.py:120} INFO - [2024-09-24T04:26:14.610+0000] {dag.py:2585} INFO - Sync 1 DAGs
[2024-09-24T04:26:14.642+0000] {logging_mixin.py:120} INFO - [2024-09-24T04:26:14.642+0000] {dag.py:3340} INFO - Setting next_dagrun for example_short_circuit_operator to 2024-09-23T04:26:14.641779+00:00, run_after=2024-09-24T04:26:14.641779+00:00
[2024-09-24T04:26:14.665+0000] {processor.py:176} INFO - Processing /home/airflow/.local/lib/python3.7/site-packages/airflow/example_dags/example_short_circuit_operator.py took 0.131 seconds
[2024-09-24T04:26:45.054+0000] {processor.py:154} INFO - Started process (PID=14879) to work on /home/airflow/.local/lib/python3.7/site-packages/airflow/example_dags/example_short_circuit_operator.py
[2024-09-24T04:26:45.056+0000] {processor.py:756} INFO - Processing file /home/airflow/.local/lib/python3.7/site-packages/airflow/example_dags/example_short_circuit_operator.py for tasks to queue
[2024-09-24T04:26:45.057+0000] {logging_mixin.py:120} INFO - [2024-09-24T04:26:45.057+0000] {dagbag.py:537} INFO - Filling up the DagBag from /home/airflow/.local/lib/python3.7/site-packages/airflow/example_dags/example_short_circuit_operator.py
[2024-09-24T04:26:45.089+0000] {processor.py:766} INFO - DAG(s) dict_keys(['example_short_circuit_operator']) retrieved from /home/airflow/.local/lib/python3.7/site-packages/airflow/example_dags/example_short_circuit_operator.py
[2024-09-24T04:26:45.159+0000] {logging_mixin.py:120} INFO - [2024-09-24T04:26:45.159+0000] {dag.py:2585} INFO - Sync 1 DAGs
[2024-09-24T04:26:45.197+0000] {logging_mixin.py:120} INFO - [2024-09-24T04:26:45.197+0000] {dag.py:3340} INFO - Setting next_dagrun for example_short_circuit_operator to 2024-09-23T04:26:45.197342+00:00, run_after=2024-09-24T04:26:45.197342+00:00
[2024-09-24T04:26:45.224+0000] {processor.py:176} INFO - Processing /home/airflow/.local/lib/python3.7/site-packages/airflow/example_dags/example_short_circuit_operator.py took 0.174 seconds
[2024-09-24T04:27:15.593+0000] {processor.py:154} INFO - Started process (PID=14941) to work on /home/airflow/.local/lib/python3.7/site-packages/airflow/example_dags/example_short_circuit_operator.py
[2024-09-24T04:27:15.595+0000] {processor.py:756} INFO - Processing file /home/airflow/.local/lib/python3.7/site-packages/airflow/example_dags/example_short_circuit_operator.py for tasks to queue
[2024-09-24T04:27:15.597+0000] {logging_mixin.py:120} INFO - [2024-09-24T04:27:15.597+0000] {dagbag.py:537} INFO - Filling up the DagBag from /home/airflow/.local/lib/python3.7/site-packages/airflow/example_dags/example_short_circuit_operator.py
[2024-09-24T04:27:15.630+0000] {processor.py:766} INFO - DAG(s) dict_keys(['example_short_circuit_operator']) retrieved from /home/airflow/.local/lib/python3.7/site-packages/airflow/example_dags/example_short_circuit_operator.py
[2024-09-24T04:27:15.712+0000] {logging_mixin.py:120} INFO - [2024-09-24T04:27:15.712+0000] {dag.py:2585} INFO - Sync 1 DAGs
[2024-09-24T04:27:15.756+0000] {logging_mixin.py:120} INFO - [2024-09-24T04:27:15.755+0000] {dag.py:3340} INFO - Setting next_dagrun for example_short_circuit_operator to 2024-09-23T04:27:15.755333+00:00, run_after=2024-09-24T04:27:15.755333+00:00
[2024-09-24T04:27:15.794+0000] {processor.py:176} INFO - Processing /home/airflow/.local/lib/python3.7/site-packages/airflow/example_dags/example_short_circuit_operator.py took 0.209 seconds
[2024-09-24T04:27:46.041+0000] {processor.py:154} INFO - Started process (PID=14995) to work on /home/airflow/.local/lib/python3.7/site-packages/airflow/example_dags/example_short_circuit_operator.py
[2024-09-24T04:27:46.043+0000] {processor.py:756} INFO - Processing file /home/airflow/.local/lib/python3.7/site-packages/airflow/example_dags/example_short_circuit_operator.py for tasks to queue
[2024-09-24T04:27:46.044+0000] {logging_mixin.py:120} INFO - [2024-09-24T04:27:46.043+0000] {dagbag.py:537} INFO - Filling up the DagBag from /home/airflow/.local/lib/python3.7/site-packages/airflow/example_dags/example_short_circuit_operator.py
[2024-09-24T04:27:46.065+0000] {processor.py:766} INFO - DAG(s) dict_keys(['example_short_circuit_operator']) retrieved from /home/airflow/.local/lib/python3.7/site-packages/airflow/example_dags/example_short_circuit_operator.py
[2024-09-24T04:27:46.116+0000] {logging_mixin.py:120} INFO - [2024-09-24T04:27:46.116+0000] {dag.py:2585} INFO - Sync 1 DAGs
[2024-09-24T04:27:46.148+0000] {logging_mixin.py:120} INFO - [2024-09-24T04:27:46.148+0000] {dag.py:3340} INFO - Setting next_dagrun for example_short_circuit_operator to 2024-09-23T04:27:46.148157+00:00, run_after=2024-09-24T04:27:46.148157+00:00
[2024-09-24T04:27:46.171+0000] {processor.py:176} INFO - Processing /home/airflow/.local/lib/python3.7/site-packages/airflow/example_dags/example_short_circuit_operator.py took 0.136 seconds
[2024-09-24T04:28:16.504+0000] {processor.py:154} INFO - Started process (PID=15058) to work on /home/airflow/.local/lib/python3.7/site-packages/airflow/example_dags/example_short_circuit_operator.py
[2024-09-24T04:28:16.506+0000] {processor.py:756} INFO - Processing file /home/airflow/.local/lib/python3.7/site-packages/airflow/example_dags/example_short_circuit_operator.py for tasks to queue
[2024-09-24T04:28:16.506+0000] {logging_mixin.py:120} INFO - [2024-09-24T04:28:16.506+0000] {dagbag.py:537} INFO - Filling up the DagBag from /home/airflow/.local/lib/python3.7/site-packages/airflow/example_dags/example_short_circuit_operator.py
[2024-09-24T04:28:16.528+0000] {processor.py:766} INFO - DAG(s) dict_keys(['example_short_circuit_operator']) retrieved from /home/airflow/.local/lib/python3.7/site-packages/airflow/example_dags/example_short_circuit_operator.py
[2024-09-24T04:28:16.577+0000] {logging_mixin.py:120} INFO - [2024-09-24T04:28:16.577+0000] {dag.py:2585} INFO - Sync 1 DAGs
[2024-09-24T04:28:16.608+0000] {logging_mixin.py:120} INFO - [2024-09-24T04:28:16.608+0000] {dag.py:3340} INFO - Setting next_dagrun for example_short_circuit_operator to 2024-09-23T04:28:16.608283+00:00, run_after=2024-09-24T04:28:16.608283+00:00
[2024-09-24T04:28:16.630+0000] {processor.py:176} INFO - Processing /home/airflow/.local/lib/python3.7/site-packages/airflow/example_dags/example_short_circuit_operator.py took 0.131 seconds
[2024-09-24T04:28:46.800+0000] {processor.py:154} INFO - Started process (PID=15121) to work on /home/airflow/.local/lib/python3.7/site-packages/airflow/example_dags/example_short_circuit_operator.py
[2024-09-24T04:28:46.802+0000] {processor.py:756} INFO - Processing file /home/airflow/.local/lib/python3.7/site-packages/airflow/example_dags/example_short_circuit_operator.py for tasks to queue
[2024-09-24T04:28:46.802+0000] {logging_mixin.py:120} INFO - [2024-09-24T04:28:46.802+0000] {dagbag.py:537} INFO - Filling up the DagBag from /home/airflow/.local/lib/python3.7/site-packages/airflow/example_dags/example_short_circuit_operator.py
[2024-09-24T04:28:46.824+0000] {processor.py:766} INFO - DAG(s) dict_keys(['example_short_circuit_operator']) retrieved from /home/airflow/.local/lib/python3.7/site-packages/airflow/example_dags/example_short_circuit_operator.py
[2024-09-24T04:28:46.880+0000] {logging_mixin.py:120} INFO - [2024-09-24T04:28:46.880+0000] {dag.py:2585} INFO - Sync 1 DAGs
[2024-09-24T04:28:46.910+0000] {logging_mixin.py:120} INFO - [2024-09-24T04:28:46.910+0000] {dag.py:3340} INFO - Setting next_dagrun for example_short_circuit_operator to 2024-09-23T04:28:46.909940+00:00, run_after=2024-09-24T04:28:46.909940+00:00
[2024-09-24T04:28:46.936+0000] {processor.py:176} INFO - Processing /home/airflow/.local/lib/python3.7/site-packages/airflow/example_dags/example_short_circuit_operator.py took 0.139 seconds
[2024-09-24T04:29:16.987+0000] {processor.py:154} INFO - Started process (PID=15174) to work on /home/airflow/.local/lib/python3.7/site-packages/airflow/example_dags/example_short_circuit_operator.py
[2024-09-24T04:29:16.988+0000] {processor.py:756} INFO - Processing file /home/airflow/.local/lib/python3.7/site-packages/airflow/example_dags/example_short_circuit_operator.py for tasks to queue
[2024-09-24T04:29:16.989+0000] {logging_mixin.py:120} INFO - [2024-09-24T04:29:16.989+0000] {dagbag.py:537} INFO - Filling up the DagBag from /home/airflow/.local/lib/python3.7/site-packages/airflow/example_dags/example_short_circuit_operator.py
[2024-09-24T04:29:17.011+0000] {processor.py:766} INFO - DAG(s) dict_keys(['example_short_circuit_operator']) retrieved from /home/airflow/.local/lib/python3.7/site-packages/airflow/example_dags/example_short_circuit_operator.py
[2024-09-24T04:29:17.063+0000] {logging_mixin.py:120} INFO - [2024-09-24T04:29:17.063+0000] {dag.py:2585} INFO - Sync 1 DAGs
[2024-09-24T04:29:17.095+0000] {logging_mixin.py:120} INFO - [2024-09-24T04:29:17.095+0000] {dag.py:3340} INFO - Setting next_dagrun for example_short_circuit_operator to 2024-09-23T04:29:17.094874+00:00, run_after=2024-09-24T04:29:17.094874+00:00
[2024-09-24T04:29:17.114+0000] {processor.py:176} INFO - Processing /home/airflow/.local/lib/python3.7/site-packages/airflow/example_dags/example_short_circuit_operator.py took 0.131 seconds
[2024-09-24T04:29:47.222+0000] {processor.py:154} INFO - Started process (PID=15236) to work on /home/airflow/.local/lib/python3.7/site-packages/airflow/example_dags/example_short_circuit_operator.py
[2024-09-24T04:29:47.225+0000] {processor.py:756} INFO - Processing file /home/airflow/.local/lib/python3.7/site-packages/airflow/example_dags/example_short_circuit_operator.py for tasks to queue
[2024-09-24T04:29:47.227+0000] {logging_mixin.py:120} INFO - [2024-09-24T04:29:47.226+0000] {dagbag.py:537} INFO - Filling up the DagBag from /home/airflow/.local/lib/python3.7/site-packages/airflow/example_dags/example_short_circuit_operator.py
[2024-09-24T04:29:47.251+0000] {processor.py:766} INFO - DAG(s) dict_keys(['example_short_circuit_operator']) retrieved from /home/airflow/.local/lib/python3.7/site-packages/airflow/example_dags/example_short_circuit_operator.py
[2024-09-24T04:29:47.306+0000] {logging_mixin.py:120} INFO - [2024-09-24T04:29:47.306+0000] {dag.py:2585} INFO - Sync 1 DAGs
[2024-09-24T04:29:47.341+0000] {logging_mixin.py:120} INFO - [2024-09-24T04:29:47.341+0000] {dag.py:3340} INFO - Setting next_dagrun for example_short_circuit_operator to 2024-09-23T04:29:47.341366+00:00, run_after=2024-09-24T04:29:47.341366+00:00
[2024-09-24T04:29:47.368+0000] {processor.py:176} INFO - Processing /home/airflow/.local/lib/python3.7/site-packages/airflow/example_dags/example_short_circuit_operator.py took 0.151 seconds
[2024-09-24T04:30:17.931+0000] {processor.py:154} INFO - Started process (PID=15299) to work on /home/airflow/.local/lib/python3.7/site-packages/airflow/example_dags/example_short_circuit_operator.py
[2024-09-24T04:30:17.950+0000] {processor.py:756} INFO - Processing file /home/airflow/.local/lib/python3.7/site-packages/airflow/example_dags/example_short_circuit_operator.py for tasks to queue
[2024-09-24T04:30:17.971+0000] {logging_mixin.py:120} INFO - [2024-09-24T04:30:17.971+0000] {dagbag.py:537} INFO - Filling up the DagBag from /home/airflow/.local/lib/python3.7/site-packages/airflow/example_dags/example_short_circuit_operator.py
[2024-09-24T04:30:18.014+0000] {processor.py:766} INFO - DAG(s) dict_keys(['example_short_circuit_operator']) retrieved from /home/airflow/.local/lib/python3.7/site-packages/airflow/example_dags/example_short_circuit_operator.py
[2024-09-24T04:30:18.062+0000] {logging_mixin.py:120} INFO - [2024-09-24T04:30:18.061+0000] {dag.py:2585} INFO - Sync 1 DAGs
[2024-09-24T04:30:18.091+0000] {logging_mixin.py:120} INFO - [2024-09-24T04:30:18.091+0000] {dag.py:3340} INFO - Setting next_dagrun for example_short_circuit_operator to 2024-09-23T04:30:18.090787+00:00, run_after=2024-09-24T04:30:18.090787+00:00
[2024-09-24T04:30:18.150+0000] {processor.py:176} INFO - Processing /home/airflow/.local/lib/python3.7/site-packages/airflow/example_dags/example_short_circuit_operator.py took 0.223 seconds
[2024-09-24T04:30:48.187+0000] {processor.py:154} INFO - Started process (PID=15353) to work on /home/airflow/.local/lib/python3.7/site-packages/airflow/example_dags/example_short_circuit_operator.py
[2024-09-24T04:30:48.189+0000] {processor.py:756} INFO - Processing file /home/airflow/.local/lib/python3.7/site-packages/airflow/example_dags/example_short_circuit_operator.py for tasks to queue
[2024-09-24T04:30:48.190+0000] {logging_mixin.py:120} INFO - [2024-09-24T04:30:48.190+0000] {dagbag.py:537} INFO - Filling up the DagBag from /home/airflow/.local/lib/python3.7/site-packages/airflow/example_dags/example_short_circuit_operator.py
[2024-09-24T04:30:48.207+0000] {processor.py:766} INFO - DAG(s) dict_keys(['example_short_circuit_operator']) retrieved from /home/airflow/.local/lib/python3.7/site-packages/airflow/example_dags/example_short_circuit_operator.py
[2024-09-24T04:30:48.257+0000] {logging_mixin.py:120} INFO - [2024-09-24T04:30:48.256+0000] {dag.py:2585} INFO - Sync 1 DAGs
[2024-09-24T04:30:48.286+0000] {logging_mixin.py:120} INFO - [2024-09-24T04:30:48.286+0000] {dag.py:3340} INFO - Setting next_dagrun for example_short_circuit_operator to 2024-09-23T04:30:48.286542+00:00, run_after=2024-09-24T04:30:48.286542+00:00
[2024-09-24T04:30:48.310+0000] {processor.py:176} INFO - Processing /home/airflow/.local/lib/python3.7/site-packages/airflow/example_dags/example_short_circuit_operator.py took 0.126 seconds
[2024-09-24T04:31:18.867+0000] {processor.py:154} INFO - Started process (PID=15416) to work on /home/airflow/.local/lib/python3.7/site-packages/airflow/example_dags/example_short_circuit_operator.py
[2024-09-24T04:31:18.868+0000] {processor.py:756} INFO - Processing file /home/airflow/.local/lib/python3.7/site-packages/airflow/example_dags/example_short_circuit_operator.py for tasks to queue
[2024-09-24T04:31:18.869+0000] {logging_mixin.py:120} INFO - [2024-09-24T04:31:18.869+0000] {dagbag.py:537} INFO - Filling up the DagBag from /home/airflow/.local/lib/python3.7/site-packages/airflow/example_dags/example_short_circuit_operator.py
[2024-09-24T04:31:18.910+0000] {processor.py:766} INFO - DAG(s) dict_keys(['example_short_circuit_operator']) retrieved from /home/airflow/.local/lib/python3.7/site-packages/airflow/example_dags/example_short_circuit_operator.py
[2024-09-24T04:31:19.045+0000] {logging_mixin.py:120} INFO - [2024-09-24T04:31:19.044+0000] {dag.py:2585} INFO - Sync 1 DAGs
[2024-09-24T04:31:19.108+0000] {logging_mixin.py:120} INFO - [2024-09-24T04:31:19.108+0000] {dag.py:3340} INFO - Setting next_dagrun for example_short_circuit_operator to 2024-09-23T04:31:19.107578+00:00, run_after=2024-09-24T04:31:19.107578+00:00
[2024-09-24T04:31:19.141+0000] {processor.py:176} INFO - Processing /home/airflow/.local/lib/python3.7/site-packages/airflow/example_dags/example_short_circuit_operator.py took 0.278 seconds
[2024-09-24T04:31:50.085+0000] {processor.py:154} INFO - Started process (PID=15470) to work on /home/airflow/.local/lib/python3.7/site-packages/airflow/example_dags/example_short_circuit_operator.py
[2024-09-24T04:31:50.088+0000] {processor.py:756} INFO - Processing file /home/airflow/.local/lib/python3.7/site-packages/airflow/example_dags/example_short_circuit_operator.py for tasks to queue
[2024-09-24T04:31:50.089+0000] {logging_mixin.py:120} INFO - [2024-09-24T04:31:50.089+0000] {dagbag.py:537} INFO - Filling up the DagBag from /home/airflow/.local/lib/python3.7/site-packages/airflow/example_dags/example_short_circuit_operator.py
[2024-09-24T04:31:50.115+0000] {processor.py:766} INFO - DAG(s) dict_keys(['example_short_circuit_operator']) retrieved from /home/airflow/.local/lib/python3.7/site-packages/airflow/example_dags/example_short_circuit_operator.py
[2024-09-24T04:31:50.180+0000] {logging_mixin.py:120} INFO - [2024-09-24T04:31:50.179+0000] {dag.py:2585} INFO - Sync 1 DAGs
[2024-09-24T04:31:50.218+0000] {logging_mixin.py:120} INFO - [2024-09-24T04:31:50.218+0000] {dag.py:3340} INFO - Setting next_dagrun for example_short_circuit_operator to 2024-09-23T04:31:50.217953+00:00, run_after=2024-09-24T04:31:50.217953+00:00
[2024-09-24T04:31:50.252+0000] {processor.py:176} INFO - Processing /home/airflow/.local/lib/python3.7/site-packages/airflow/example_dags/example_short_circuit_operator.py took 0.173 seconds
[2024-09-24T04:32:20.407+0000] {processor.py:154} INFO - Started process (PID=15533) to work on /home/airflow/.local/lib/python3.7/site-packages/airflow/example_dags/example_short_circuit_operator.py
[2024-09-24T04:32:20.409+0000] {processor.py:756} INFO - Processing file /home/airflow/.local/lib/python3.7/site-packages/airflow/example_dags/example_short_circuit_operator.py for tasks to queue
[2024-09-24T04:32:20.410+0000] {logging_mixin.py:120} INFO - [2024-09-24T04:32:20.410+0000] {dagbag.py:537} INFO - Filling up the DagBag from /home/airflow/.local/lib/python3.7/site-packages/airflow/example_dags/example_short_circuit_operator.py
[2024-09-24T04:32:20.435+0000] {processor.py:766} INFO - DAG(s) dict_keys(['example_short_circuit_operator']) retrieved from /home/airflow/.local/lib/python3.7/site-packages/airflow/example_dags/example_short_circuit_operator.py
[2024-09-24T04:32:20.495+0000] {logging_mixin.py:120} INFO - [2024-09-24T04:32:20.495+0000] {dag.py:2585} INFO - Sync 1 DAGs
[2024-09-24T04:32:20.533+0000] {logging_mixin.py:120} INFO - [2024-09-24T04:32:20.533+0000] {dag.py:3340} INFO - Setting next_dagrun for example_short_circuit_operator to 2024-09-23T04:32:20.533406+00:00, run_after=2024-09-24T04:32:20.533406+00:00
[2024-09-24T04:32:20.561+0000] {processor.py:176} INFO - Processing /home/airflow/.local/lib/python3.7/site-packages/airflow/example_dags/example_short_circuit_operator.py took 0.159 seconds
[2024-09-24T04:32:51.192+0000] {processor.py:154} INFO - Started process (PID=15596) to work on /home/airflow/.local/lib/python3.7/site-packages/airflow/example_dags/example_short_circuit_operator.py
[2024-09-24T04:32:51.193+0000] {processor.py:756} INFO - Processing file /home/airflow/.local/lib/python3.7/site-packages/airflow/example_dags/example_short_circuit_operator.py for tasks to queue
[2024-09-24T04:32:51.194+0000] {logging_mixin.py:120} INFO - [2024-09-24T04:32:51.194+0000] {dagbag.py:537} INFO - Filling up the DagBag from /home/airflow/.local/lib/python3.7/site-packages/airflow/example_dags/example_short_circuit_operator.py
[2024-09-24T04:32:51.220+0000] {processor.py:766} INFO - DAG(s) dict_keys(['example_short_circuit_operator']) retrieved from /home/airflow/.local/lib/python3.7/site-packages/airflow/example_dags/example_short_circuit_operator.py
[2024-09-24T04:32:51.291+0000] {logging_mixin.py:120} INFO - [2024-09-24T04:32:51.290+0000] {dag.py:2585} INFO - Sync 1 DAGs
[2024-09-24T04:32:51.345+0000] {logging_mixin.py:120} INFO - [2024-09-24T04:32:51.345+0000] {dag.py:3340} INFO - Setting next_dagrun for example_short_circuit_operator to 2024-09-23T04:32:51.344639+00:00, run_after=2024-09-24T04:32:51.344639+00:00
[2024-09-24T04:32:51.392+0000] {processor.py:176} INFO - Processing /home/airflow/.local/lib/python3.7/site-packages/airflow/example_dags/example_short_circuit_operator.py took 0.205 seconds
[2024-09-24T04:33:22.170+0000] {processor.py:154} INFO - Started process (PID=15650) to work on /home/airflow/.local/lib/python3.7/site-packages/airflow/example_dags/example_short_circuit_operator.py
[2024-09-24T04:33:22.172+0000] {processor.py:756} INFO - Processing file /home/airflow/.local/lib/python3.7/site-packages/airflow/example_dags/example_short_circuit_operator.py for tasks to queue
[2024-09-24T04:33:22.173+0000] {logging_mixin.py:120} INFO - [2024-09-24T04:33:22.173+0000] {dagbag.py:537} INFO - Filling up the DagBag from /home/airflow/.local/lib/python3.7/site-packages/airflow/example_dags/example_short_circuit_operator.py
[2024-09-24T04:33:22.197+0000] {processor.py:766} INFO - DAG(s) dict_keys(['example_short_circuit_operator']) retrieved from /home/airflow/.local/lib/python3.7/site-packages/airflow/example_dags/example_short_circuit_operator.py
[2024-09-24T04:33:22.257+0000] {logging_mixin.py:120} INFO - [2024-09-24T04:33:22.257+0000] {dag.py:2585} INFO - Sync 1 DAGs
[2024-09-24T04:33:22.292+0000] {logging_mixin.py:120} INFO - [2024-09-24T04:33:22.292+0000] {dag.py:3340} INFO - Setting next_dagrun for example_short_circuit_operator to 2024-09-23T04:33:22.291784+00:00, run_after=2024-09-24T04:33:22.291784+00:00
[2024-09-24T04:33:22.319+0000] {processor.py:176} INFO - Processing /home/airflow/.local/lib/python3.7/site-packages/airflow/example_dags/example_short_circuit_operator.py took 0.153 seconds
[2024-09-24T04:33:52.517+0000] {processor.py:154} INFO - Started process (PID=15713) to work on /home/airflow/.local/lib/python3.7/site-packages/airflow/example_dags/example_short_circuit_operator.py
[2024-09-24T04:33:52.519+0000] {processor.py:756} INFO - Processing file /home/airflow/.local/lib/python3.7/site-packages/airflow/example_dags/example_short_circuit_operator.py for tasks to queue
[2024-09-24T04:33:52.521+0000] {logging_mixin.py:120} INFO - [2024-09-24T04:33:52.520+0000] {dagbag.py:537} INFO - Filling up the DagBag from /home/airflow/.local/lib/python3.7/site-packages/airflow/example_dags/example_short_circuit_operator.py
[2024-09-24T04:33:52.556+0000] {processor.py:766} INFO - DAG(s) dict_keys(['example_short_circuit_operator']) retrieved from /home/airflow/.local/lib/python3.7/site-packages/airflow/example_dags/example_short_circuit_operator.py
[2024-09-24T04:33:52.625+0000] {logging_mixin.py:120} INFO - [2024-09-24T04:33:52.624+0000] {dag.py:2585} INFO - Sync 1 DAGs
[2024-09-24T04:33:52.665+0000] {logging_mixin.py:120} INFO - [2024-09-24T04:33:52.665+0000] {dag.py:3340} INFO - Setting next_dagrun for example_short_circuit_operator to 2024-09-23T04:33:52.665474+00:00, run_after=2024-09-24T04:33:52.665474+00:00
[2024-09-24T04:33:52.697+0000] {processor.py:176} INFO - Processing /home/airflow/.local/lib/python3.7/site-packages/airflow/example_dags/example_short_circuit_operator.py took 0.188 seconds
[2024-09-24T04:34:23.538+0000] {processor.py:154} INFO - Started process (PID=15767) to work on /home/airflow/.local/lib/python3.7/site-packages/airflow/example_dags/example_short_circuit_operator.py
[2024-09-24T04:34:23.539+0000] {processor.py:756} INFO - Processing file /home/airflow/.local/lib/python3.7/site-packages/airflow/example_dags/example_short_circuit_operator.py for tasks to queue
[2024-09-24T04:34:23.541+0000] {logging_mixin.py:120} INFO - [2024-09-24T04:34:23.541+0000] {dagbag.py:537} INFO - Filling up the DagBag from /home/airflow/.local/lib/python3.7/site-packages/airflow/example_dags/example_short_circuit_operator.py
[2024-09-24T04:34:23.573+0000] {processor.py:766} INFO - DAG(s) dict_keys(['example_short_circuit_operator']) retrieved from /home/airflow/.local/lib/python3.7/site-packages/airflow/example_dags/example_short_circuit_operator.py
[2024-09-24T04:34:23.638+0000] {logging_mixin.py:120} INFO - [2024-09-24T04:34:23.638+0000] {dag.py:2585} INFO - Sync 1 DAGs
[2024-09-24T04:34:23.679+0000] {logging_mixin.py:120} INFO - [2024-09-24T04:34:23.679+0000] {dag.py:3340} INFO - Setting next_dagrun for example_short_circuit_operator to 2024-09-23T04:34:23.678803+00:00, run_after=2024-09-24T04:34:23.678803+00:00
[2024-09-24T04:34:23.710+0000] {processor.py:176} INFO - Processing /home/airflow/.local/lib/python3.7/site-packages/airflow/example_dags/example_short_circuit_operator.py took 0.177 seconds
[2024-09-24T04:34:54.282+0000] {processor.py:154} INFO - Started process (PID=15831) to work on /home/airflow/.local/lib/python3.7/site-packages/airflow/example_dags/example_short_circuit_operator.py
[2024-09-24T04:34:54.283+0000] {processor.py:756} INFO - Processing file /home/airflow/.local/lib/python3.7/site-packages/airflow/example_dags/example_short_circuit_operator.py for tasks to queue
[2024-09-24T04:34:54.284+0000] {logging_mixin.py:120} INFO - [2024-09-24T04:34:54.284+0000] {dagbag.py:537} INFO - Filling up the DagBag from /home/airflow/.local/lib/python3.7/site-packages/airflow/example_dags/example_short_circuit_operator.py
[2024-09-24T04:34:54.312+0000] {processor.py:766} INFO - DAG(s) dict_keys(['example_short_circuit_operator']) retrieved from /home/airflow/.local/lib/python3.7/site-packages/airflow/example_dags/example_short_circuit_operator.py
[2024-09-24T04:34:54.374+0000] {logging_mixin.py:120} INFO - [2024-09-24T04:34:54.373+0000] {dag.py:2585} INFO - Sync 1 DAGs
[2024-09-24T04:34:54.413+0000] {logging_mixin.py:120} INFO - [2024-09-24T04:34:54.412+0000] {dag.py:3340} INFO - Setting next_dagrun for example_short_circuit_operator to 2024-09-23T04:34:54.412682+00:00, run_after=2024-09-24T04:34:54.412682+00:00
[2024-09-24T04:34:54.443+0000] {processor.py:176} INFO - Processing /home/airflow/.local/lib/python3.7/site-packages/airflow/example_dags/example_short_circuit_operator.py took 0.165 seconds
[2024-09-24T04:35:24.614+0000] {processor.py:154} INFO - Started process (PID=15885) to work on /home/airflow/.local/lib/python3.7/site-packages/airflow/example_dags/example_short_circuit_operator.py
[2024-09-24T04:35:24.616+0000] {processor.py:756} INFO - Processing file /home/airflow/.local/lib/python3.7/site-packages/airflow/example_dags/example_short_circuit_operator.py for tasks to queue
[2024-09-24T04:35:24.617+0000] {logging_mixin.py:120} INFO - [2024-09-24T04:35:24.617+0000] {dagbag.py:537} INFO - Filling up the DagBag from /home/airflow/.local/lib/python3.7/site-packages/airflow/example_dags/example_short_circuit_operator.py
[2024-09-24T04:35:24.645+0000] {processor.py:766} INFO - DAG(s) dict_keys(['example_short_circuit_operator']) retrieved from /home/airflow/.local/lib/python3.7/site-packages/airflow/example_dags/example_short_circuit_operator.py
[2024-09-24T04:35:24.727+0000] {logging_mixin.py:120} INFO - [2024-09-24T04:35:24.727+0000] {dag.py:2585} INFO - Sync 1 DAGs
[2024-09-24T04:35:24.777+0000] {logging_mixin.py:120} INFO - [2024-09-24T04:35:24.776+0000] {dag.py:3340} INFO - Setting next_dagrun for example_short_circuit_operator to 2024-09-23T04:35:24.776347+00:00, run_after=2024-09-24T04:35:24.776347+00:00
[2024-09-24T04:35:24.814+0000] {processor.py:176} INFO - Processing /home/airflow/.local/lib/python3.7/site-packages/airflow/example_dags/example_short_circuit_operator.py took 0.205 seconds
[2024-09-24T04:35:55.135+0000] {processor.py:154} INFO - Started process (PID=15948) to work on /home/airflow/.local/lib/python3.7/site-packages/airflow/example_dags/example_short_circuit_operator.py
[2024-09-24T04:35:55.137+0000] {processor.py:756} INFO - Processing file /home/airflow/.local/lib/python3.7/site-packages/airflow/example_dags/example_short_circuit_operator.py for tasks to queue
[2024-09-24T04:35:55.139+0000] {logging_mixin.py:120} INFO - [2024-09-24T04:35:55.139+0000] {dagbag.py:537} INFO - Filling up the DagBag from /home/airflow/.local/lib/python3.7/site-packages/airflow/example_dags/example_short_circuit_operator.py
[2024-09-24T04:35:55.166+0000] {processor.py:766} INFO - DAG(s) dict_keys(['example_short_circuit_operator']) retrieved from /home/airflow/.local/lib/python3.7/site-packages/airflow/example_dags/example_short_circuit_operator.py
[2024-09-24T04:35:55.227+0000] {logging_mixin.py:120} INFO - [2024-09-24T04:35:55.227+0000] {dag.py:2585} INFO - Sync 1 DAGs
[2024-09-24T04:35:55.263+0000] {logging_mixin.py:120} INFO - [2024-09-24T04:35:55.263+0000] {dag.py:3340} INFO - Setting next_dagrun for example_short_circuit_operator to 2024-09-23T04:35:55.263425+00:00, run_after=2024-09-24T04:35:55.263425+00:00
[2024-09-24T04:35:55.295+0000] {processor.py:176} INFO - Processing /home/airflow/.local/lib/python3.7/site-packages/airflow/example_dags/example_short_circuit_operator.py took 0.165 seconds
[2024-09-24T04:36:25.497+0000] {processor.py:154} INFO - Started process (PID=16011) to work on /home/airflow/.local/lib/python3.7/site-packages/airflow/example_dags/example_short_circuit_operator.py
[2024-09-24T04:36:25.499+0000] {processor.py:756} INFO - Processing file /home/airflow/.local/lib/python3.7/site-packages/airflow/example_dags/example_short_circuit_operator.py for tasks to queue
[2024-09-24T04:36:25.501+0000] {logging_mixin.py:120} INFO - [2024-09-24T04:36:25.501+0000] {dagbag.py:537} INFO - Filling up the DagBag from /home/airflow/.local/lib/python3.7/site-packages/airflow/example_dags/example_short_circuit_operator.py
[2024-09-24T04:36:25.528+0000] {processor.py:766} INFO - DAG(s) dict_keys(['example_short_circuit_operator']) retrieved from /home/airflow/.local/lib/python3.7/site-packages/airflow/example_dags/example_short_circuit_operator.py
[2024-09-24T04:36:25.598+0000] {logging_mixin.py:120} INFO - [2024-09-24T04:36:25.598+0000] {dag.py:2585} INFO - Sync 1 DAGs
[2024-09-24T04:36:25.646+0000] {logging_mixin.py:120} INFO - [2024-09-24T04:36:25.646+0000] {dag.py:3340} INFO - Setting next_dagrun for example_short_circuit_operator to 2024-09-23T04:36:25.646072+00:00, run_after=2024-09-24T04:36:25.646072+00:00
[2024-09-24T04:36:25.683+0000] {processor.py:176} INFO - Processing /home/airflow/.local/lib/python3.7/site-packages/airflow/example_dags/example_short_circuit_operator.py took 0.190 seconds
[2024-09-24T04:36:55.983+0000] {processor.py:154} INFO - Started process (PID=16065) to work on /home/airflow/.local/lib/python3.7/site-packages/airflow/example_dags/example_short_circuit_operator.py
[2024-09-24T04:36:55.986+0000] {processor.py:756} INFO - Processing file /home/airflow/.local/lib/python3.7/site-packages/airflow/example_dags/example_short_circuit_operator.py for tasks to queue
[2024-09-24T04:36:55.988+0000] {logging_mixin.py:120} INFO - [2024-09-24T04:36:55.987+0000] {dagbag.py:537} INFO - Filling up the DagBag from /home/airflow/.local/lib/python3.7/site-packages/airflow/example_dags/example_short_circuit_operator.py
[2024-09-24T04:36:56.015+0000] {processor.py:766} INFO - DAG(s) dict_keys(['example_short_circuit_operator']) retrieved from /home/airflow/.local/lib/python3.7/site-packages/airflow/example_dags/example_short_circuit_operator.py
[2024-09-24T04:36:56.070+0000] {logging_mixin.py:120} INFO - [2024-09-24T04:36:56.069+0000] {dag.py:2585} INFO - Sync 1 DAGs
[2024-09-24T04:36:56.101+0000] {logging_mixin.py:120} INFO - [2024-09-24T04:36:56.100+0000] {dag.py:3340} INFO - Setting next_dagrun for example_short_circuit_operator to 2024-09-23T04:36:56.100641+00:00, run_after=2024-09-24T04:36:56.100641+00:00
[2024-09-24T04:36:56.126+0000] {processor.py:176} INFO - Processing /home/airflow/.local/lib/python3.7/site-packages/airflow/example_dags/example_short_circuit_operator.py took 0.148 seconds
[2024-09-24T04:37:26.453+0000] {processor.py:154} INFO - Started process (PID=16128) to work on /home/airflow/.local/lib/python3.7/site-packages/airflow/example_dags/example_short_circuit_operator.py
[2024-09-24T04:37:26.459+0000] {processor.py:756} INFO - Processing file /home/airflow/.local/lib/python3.7/site-packages/airflow/example_dags/example_short_circuit_operator.py for tasks to queue
[2024-09-24T04:37:26.463+0000] {logging_mixin.py:120} INFO - [2024-09-24T04:37:26.462+0000] {dagbag.py:537} INFO - Filling up the DagBag from /home/airflow/.local/lib/python3.7/site-packages/airflow/example_dags/example_short_circuit_operator.py
[2024-09-24T04:37:26.558+0000] {processor.py:766} INFO - DAG(s) dict_keys(['example_short_circuit_operator']) retrieved from /home/airflow/.local/lib/python3.7/site-packages/airflow/example_dags/example_short_circuit_operator.py
[2024-09-24T04:37:26.796+0000] {logging_mixin.py:120} INFO - [2024-09-24T04:37:26.796+0000] {dag.py:2585} INFO - Sync 1 DAGs
[2024-09-24T04:37:26.936+0000] {logging_mixin.py:120} INFO - [2024-09-24T04:37:26.935+0000] {dag.py:3340} INFO - Setting next_dagrun for example_short_circuit_operator to 2024-09-23T04:37:26.934529+00:00, run_after=2024-09-24T04:37:26.934529+00:00
[2024-09-24T04:37:27.034+0000] {processor.py:176} INFO - Processing /home/airflow/.local/lib/python3.7/site-packages/airflow/example_dags/example_short_circuit_operator.py took 0.597 seconds
[2024-09-24T04:37:59.465+0000] {processor.py:154} INFO - Started process (PID=16173) to work on /home/airflow/.local/lib/python3.7/site-packages/airflow/example_dags/example_short_circuit_operator.py
[2024-09-24T04:37:59.467+0000] {processor.py:756} INFO - Processing file /home/airflow/.local/lib/python3.7/site-packages/airflow/example_dags/example_short_circuit_operator.py for tasks to queue
[2024-09-24T04:37:59.468+0000] {logging_mixin.py:120} INFO - [2024-09-24T04:37:59.467+0000] {dagbag.py:537} INFO - Filling up the DagBag from /home/airflow/.local/lib/python3.7/site-packages/airflow/example_dags/example_short_circuit_operator.py
[2024-09-24T04:37:59.489+0000] {processor.py:766} INFO - DAG(s) dict_keys(['example_short_circuit_operator']) retrieved from /home/airflow/.local/lib/python3.7/site-packages/airflow/example_dags/example_short_circuit_operator.py
[2024-09-24T04:37:59.545+0000] {logging_mixin.py:120} INFO - [2024-09-24T04:37:59.545+0000] {dag.py:2585} INFO - Sync 1 DAGs
[2024-09-24T04:37:59.575+0000] {logging_mixin.py:120} INFO - [2024-09-24T04:37:59.575+0000] {dag.py:3340} INFO - Setting next_dagrun for example_short_circuit_operator to 2024-09-23T04:37:59.574971+00:00, run_after=2024-09-24T04:37:59.574971+00:00
[2024-09-24T04:37:59.597+0000] {processor.py:176} INFO - Processing /home/airflow/.local/lib/python3.7/site-packages/airflow/example_dags/example_short_circuit_operator.py took 0.136 seconds
[2024-09-24T06:15:52.920+0000] {processor.py:154} INFO - Started process (PID=16207) to work on /home/airflow/.local/lib/python3.7/site-packages/airflow/example_dags/example_short_circuit_operator.py
[2024-09-24T06:15:52.922+0000] {processor.py:756} INFO - Processing file /home/airflow/.local/lib/python3.7/site-packages/airflow/example_dags/example_short_circuit_operator.py for tasks to queue
[2024-09-24T06:15:52.923+0000] {logging_mixin.py:120} INFO - [2024-09-24T06:15:52.923+0000] {dagbag.py:537} INFO - Filling up the DagBag from /home/airflow/.local/lib/python3.7/site-packages/airflow/example_dags/example_short_circuit_operator.py
[2024-09-24T06:15:52.956+0000] {processor.py:766} INFO - DAG(s) dict_keys(['example_short_circuit_operator']) retrieved from /home/airflow/.local/lib/python3.7/site-packages/airflow/example_dags/example_short_circuit_operator.py
[2024-09-24T06:15:53.027+0000] {logging_mixin.py:120} INFO - [2024-09-24T06:15:53.027+0000] {dag.py:2585} INFO - Sync 1 DAGs
[2024-09-24T06:15:53.074+0000] {logging_mixin.py:120} INFO - [2024-09-24T06:15:53.074+0000] {dag.py:3340} INFO - Setting next_dagrun for example_short_circuit_operator to 2024-09-23T06:15:53.074123+00:00, run_after=2024-09-24T06:15:53.074123+00:00
[2024-09-24T06:15:53.114+0000] {processor.py:176} INFO - Processing /home/airflow/.local/lib/python3.7/site-packages/airflow/example_dags/example_short_circuit_operator.py took 0.203 seconds
[2024-09-24T06:31:01.027+0000] {processor.py:154} INFO - Started process (PID=16261) to work on /home/airflow/.local/lib/python3.7/site-packages/airflow/example_dags/example_short_circuit_operator.py
[2024-09-24T06:31:01.030+0000] {processor.py:756} INFO - Processing file /home/airflow/.local/lib/python3.7/site-packages/airflow/example_dags/example_short_circuit_operator.py for tasks to queue
[2024-09-24T06:31:01.035+0000] {logging_mixin.py:120} INFO - [2024-09-24T06:31:01.034+0000] {dagbag.py:537} INFO - Filling up the DagBag from /home/airflow/.local/lib/python3.7/site-packages/airflow/example_dags/example_short_circuit_operator.py
[2024-09-24T06:31:01.066+0000] {processor.py:766} INFO - DAG(s) dict_keys(['example_short_circuit_operator']) retrieved from /home/airflow/.local/lib/python3.7/site-packages/airflow/example_dags/example_short_circuit_operator.py
[2024-09-24T06:31:01.128+0000] {logging_mixin.py:120} INFO - [2024-09-24T06:31:01.128+0000] {dag.py:2585} INFO - Sync 1 DAGs
[2024-09-24T06:31:01.171+0000] {logging_mixin.py:120} INFO - [2024-09-24T06:31:01.171+0000] {dag.py:3340} INFO - Setting next_dagrun for example_short_circuit_operator to 2024-09-23T06:31:01.170854+00:00, run_after=2024-09-24T06:31:01.170854+00:00
[2024-09-24T06:31:01.205+0000] {processor.py:176} INFO - Processing /home/airflow/.local/lib/python3.7/site-packages/airflow/example_dags/example_short_circuit_operator.py took 0.184 seconds
[2024-09-24T08:40:10.257+0000] {processor.py:154} INFO - Started process (PID=16324) to work on /home/airflow/.local/lib/python3.7/site-packages/airflow/example_dags/example_short_circuit_operator.py
[2024-09-24T08:40:10.261+0000] {processor.py:756} INFO - Processing file /home/airflow/.local/lib/python3.7/site-packages/airflow/example_dags/example_short_circuit_operator.py for tasks to queue
[2024-09-24T08:40:10.263+0000] {logging_mixin.py:120} INFO - [2024-09-24T08:40:10.262+0000] {dagbag.py:537} INFO - Filling up the DagBag from /home/airflow/.local/lib/python3.7/site-packages/airflow/example_dags/example_short_circuit_operator.py
[2024-09-24T08:40:10.304+0000] {processor.py:766} INFO - DAG(s) dict_keys(['example_short_circuit_operator']) retrieved from /home/airflow/.local/lib/python3.7/site-packages/airflow/example_dags/example_short_circuit_operator.py
[2024-09-24T08:40:10.391+0000] {logging_mixin.py:120} INFO - [2024-09-24T08:40:10.390+0000] {dag.py:2585} INFO - Sync 1 DAGs
[2024-09-24T08:40:10.431+0000] {logging_mixin.py:120} INFO - [2024-09-24T08:40:10.431+0000] {dag.py:3340} INFO - Setting next_dagrun for example_short_circuit_operator to 2024-09-23T08:40:10.431307+00:00, run_after=2024-09-24T08:40:10.431307+00:00
[2024-09-24T08:40:10.462+0000] {processor.py:176} INFO - Processing /home/airflow/.local/lib/python3.7/site-packages/airflow/example_dags/example_short_circuit_operator.py took 0.212 seconds
[2024-09-24T11:11:19.217+0000] {processor.py:154} INFO - Started process (PID=16378) to work on /home/airflow/.local/lib/python3.7/site-packages/airflow/example_dags/example_short_circuit_operator.py
[2024-09-24T11:11:19.219+0000] {processor.py:756} INFO - Processing file /home/airflow/.local/lib/python3.7/site-packages/airflow/example_dags/example_short_circuit_operator.py for tasks to queue
[2024-09-24T11:11:19.221+0000] {logging_mixin.py:120} INFO - [2024-09-24T11:11:19.221+0000] {dagbag.py:537} INFO - Filling up the DagBag from /home/airflow/.local/lib/python3.7/site-packages/airflow/example_dags/example_short_circuit_operator.py
[2024-09-24T11:11:19.264+0000] {processor.py:766} INFO - DAG(s) dict_keys(['example_short_circuit_operator']) retrieved from /home/airflow/.local/lib/python3.7/site-packages/airflow/example_dags/example_short_circuit_operator.py
[2024-09-24T11:11:19.368+0000] {logging_mixin.py:120} INFO - [2024-09-24T11:11:19.368+0000] {dag.py:2585} INFO - Sync 1 DAGs
[2024-09-24T11:11:19.434+0000] {logging_mixin.py:120} INFO - [2024-09-24T11:11:19.434+0000] {dag.py:3340} INFO - Setting next_dagrun for example_short_circuit_operator to 2024-09-23T11:11:19.434160+00:00, run_after=2024-09-24T11:11:19.434160+00:00
[2024-09-24T11:11:19.474+0000] {processor.py:176} INFO - Processing /home/airflow/.local/lib/python3.7/site-packages/airflow/example_dags/example_short_circuit_operator.py took 0.264 seconds
[2024-09-24T12:44:48.005+0000] {processor.py:154} INFO - Started process (PID=16441) to work on /home/airflow/.local/lib/python3.7/site-packages/airflow/example_dags/example_short_circuit_operator.py
[2024-09-24T12:44:48.006+0000] {processor.py:756} INFO - Processing file /home/airflow/.local/lib/python3.7/site-packages/airflow/example_dags/example_short_circuit_operator.py for tasks to queue
[2024-09-24T12:44:48.007+0000] {logging_mixin.py:120} INFO - [2024-09-24T12:44:48.007+0000] {dagbag.py:537} INFO - Filling up the DagBag from /home/airflow/.local/lib/python3.7/site-packages/airflow/example_dags/example_short_circuit_operator.py
[2024-09-24T12:44:48.031+0000] {processor.py:766} INFO - DAG(s) dict_keys(['example_short_circuit_operator']) retrieved from /home/airflow/.local/lib/python3.7/site-packages/airflow/example_dags/example_short_circuit_operator.py
[2024-09-24T12:44:48.085+0000] {logging_mixin.py:120} INFO - [2024-09-24T12:44:48.085+0000] {dag.py:2585} INFO - Sync 1 DAGs
[2024-09-24T12:44:48.114+0000] {logging_mixin.py:120} INFO - [2024-09-24T12:44:48.114+0000] {dag.py:3340} INFO - Setting next_dagrun for example_short_circuit_operator to 2024-09-23T12:44:48.114481+00:00, run_after=2024-09-24T12:44:48.114481+00:00
[2024-09-24T12:44:48.140+0000] {processor.py:176} INFO - Processing /home/airflow/.local/lib/python3.7/site-packages/airflow/example_dags/example_short_circuit_operator.py took 0.140 seconds
[2024-09-24T14:24:38.960+0000] {processor.py:154} INFO - Started process (PID=16495) to work on /home/airflow/.local/lib/python3.7/site-packages/airflow/example_dags/example_short_circuit_operator.py
[2024-09-24T14:24:38.962+0000] {processor.py:756} INFO - Processing file /home/airflow/.local/lib/python3.7/site-packages/airflow/example_dags/example_short_circuit_operator.py for tasks to queue
[2024-09-24T14:24:38.963+0000] {logging_mixin.py:120} INFO - [2024-09-24T14:24:38.962+0000] {dagbag.py:537} INFO - Filling up the DagBag from /home/airflow/.local/lib/python3.7/site-packages/airflow/example_dags/example_short_circuit_operator.py
[2024-09-24T14:24:38.987+0000] {processor.py:766} INFO - DAG(s) dict_keys(['example_short_circuit_operator']) retrieved from /home/airflow/.local/lib/python3.7/site-packages/airflow/example_dags/example_short_circuit_operator.py
[2024-09-24T14:24:39.051+0000] {logging_mixin.py:120} INFO - [2024-09-24T14:24:39.050+0000] {dag.py:2585} INFO - Sync 1 DAGs
[2024-09-24T14:24:39.095+0000] {logging_mixin.py:120} INFO - [2024-09-24T14:24:39.095+0000] {dag.py:3340} INFO - Setting next_dagrun for example_short_circuit_operator to 2024-09-23T14:24:39.095491+00:00, run_after=2024-09-24T14:24:39.095491+00:00
[2024-09-24T14:24:39.121+0000] {processor.py:176} INFO - Processing /home/airflow/.local/lib/python3.7/site-packages/airflow/example_dags/example_short_circuit_operator.py took 0.168 seconds
[2024-09-24T14:26:39.116+0000] {processor.py:154} INFO - Started process (PID=16558) to work on /home/airflow/.local/lib/python3.7/site-packages/airflow/example_dags/example_short_circuit_operator.py
[2024-09-24T14:26:39.118+0000] {processor.py:756} INFO - Processing file /home/airflow/.local/lib/python3.7/site-packages/airflow/example_dags/example_short_circuit_operator.py for tasks to queue
[2024-09-24T14:26:39.121+0000] {logging_mixin.py:120} INFO - [2024-09-24T14:26:39.121+0000] {dagbag.py:537} INFO - Filling up the DagBag from /home/airflow/.local/lib/python3.7/site-packages/airflow/example_dags/example_short_circuit_operator.py
[2024-09-24T14:26:39.144+0000] {processor.py:766} INFO - DAG(s) dict_keys(['example_short_circuit_operator']) retrieved from /home/airflow/.local/lib/python3.7/site-packages/airflow/example_dags/example_short_circuit_operator.py
[2024-09-24T14:26:39.197+0000] {logging_mixin.py:120} INFO - [2024-09-24T14:26:39.196+0000] {dag.py:2585} INFO - Sync 1 DAGs
[2024-09-24T14:26:39.228+0000] {logging_mixin.py:120} INFO - [2024-09-24T14:26:39.227+0000] {dag.py:3340} INFO - Setting next_dagrun for example_short_circuit_operator to 2024-09-23T14:26:39.227556+00:00, run_after=2024-09-24T14:26:39.227556+00:00
[2024-09-24T14:26:39.254+0000] {processor.py:176} INFO - Processing /home/airflow/.local/lib/python3.7/site-packages/airflow/example_dags/example_short_circuit_operator.py took 0.143 seconds
[2024-09-24T15:01:02.123+0000] {processor.py:154} INFO - Started process (PID=16612) to work on /home/airflow/.local/lib/python3.7/site-packages/airflow/example_dags/example_short_circuit_operator.py
[2024-09-24T15:01:02.125+0000] {processor.py:756} INFO - Processing file /home/airflow/.local/lib/python3.7/site-packages/airflow/example_dags/example_short_circuit_operator.py for tasks to queue
[2024-09-24T15:01:02.128+0000] {logging_mixin.py:120} INFO - [2024-09-24T15:01:02.128+0000] {dagbag.py:537} INFO - Filling up the DagBag from /home/airflow/.local/lib/python3.7/site-packages/airflow/example_dags/example_short_circuit_operator.py
[2024-09-24T15:01:02.152+0000] {processor.py:766} INFO - DAG(s) dict_keys(['example_short_circuit_operator']) retrieved from /home/airflow/.local/lib/python3.7/site-packages/airflow/example_dags/example_short_circuit_operator.py
[2024-09-24T15:01:02.208+0000] {logging_mixin.py:120} INFO - [2024-09-24T15:01:02.208+0000] {dag.py:2585} INFO - Sync 1 DAGs
[2024-09-24T15:01:02.245+0000] {logging_mixin.py:120} INFO - [2024-09-24T15:01:02.245+0000] {dag.py:3340} INFO - Setting next_dagrun for example_short_circuit_operator to 2024-09-23T15:01:02.245522+00:00, run_after=2024-09-24T15:01:02.245522+00:00
[2024-09-24T15:01:02.276+0000] {processor.py:176} INFO - Processing /home/airflow/.local/lib/python3.7/site-packages/airflow/example_dags/example_short_circuit_operator.py took 0.157 seconds
[2024-09-24T16:32:26.989+0000] {processor.py:154} INFO - Started process (PID=16675) to work on /home/airflow/.local/lib/python3.7/site-packages/airflow/example_dags/example_short_circuit_operator.py
[2024-09-24T16:32:26.991+0000] {processor.py:756} INFO - Processing file /home/airflow/.local/lib/python3.7/site-packages/airflow/example_dags/example_short_circuit_operator.py for tasks to queue
[2024-09-24T16:32:26.992+0000] {logging_mixin.py:120} INFO - [2024-09-24T16:32:26.992+0000] {dagbag.py:537} INFO - Filling up the DagBag from /home/airflow/.local/lib/python3.7/site-packages/airflow/example_dags/example_short_circuit_operator.py
[2024-09-24T16:32:27.014+0000] {processor.py:766} INFO - DAG(s) dict_keys(['example_short_circuit_operator']) retrieved from /home/airflow/.local/lib/python3.7/site-packages/airflow/example_dags/example_short_circuit_operator.py
[2024-09-24T16:32:27.064+0000] {logging_mixin.py:120} INFO - [2024-09-24T16:32:27.064+0000] {dag.py:2585} INFO - Sync 1 DAGs
[2024-09-24T16:32:27.096+0000] {logging_mixin.py:120} INFO - [2024-09-24T16:32:27.096+0000] {dag.py:3340} INFO - Setting next_dagrun for example_short_circuit_operator to 2024-09-23T16:32:27.096066+00:00, run_after=2024-09-24T16:32:27.096066+00:00
[2024-09-24T16:32:27.126+0000] {processor.py:176} INFO - Processing /home/airflow/.local/lib/python3.7/site-packages/airflow/example_dags/example_short_circuit_operator.py took 0.141 seconds
[2024-09-24T16:38:48.841+0000] {processor.py:154} INFO - Started process (PID=16738) to work on /home/airflow/.local/lib/python3.7/site-packages/airflow/example_dags/example_short_circuit_operator.py
[2024-09-24T16:38:48.844+0000] {processor.py:756} INFO - Processing file /home/airflow/.local/lib/python3.7/site-packages/airflow/example_dags/example_short_circuit_operator.py for tasks to queue
[2024-09-24T16:38:48.849+0000] {logging_mixin.py:120} INFO - [2024-09-24T16:38:48.849+0000] {dagbag.py:537} INFO - Filling up the DagBag from /home/airflow/.local/lib/python3.7/site-packages/airflow/example_dags/example_short_circuit_operator.py
[2024-09-24T16:38:48.892+0000] {processor.py:766} INFO - DAG(s) dict_keys(['example_short_circuit_operator']) retrieved from /home/airflow/.local/lib/python3.7/site-packages/airflow/example_dags/example_short_circuit_operator.py
[2024-09-24T16:38:48.996+0000] {logging_mixin.py:120} INFO - [2024-09-24T16:38:48.996+0000] {dag.py:2585} INFO - Sync 1 DAGs
[2024-09-24T16:38:49.070+0000] {logging_mixin.py:120} INFO - [2024-09-24T16:38:49.070+0000] {dag.py:3340} INFO - Setting next_dagrun for example_short_circuit_operator to 2024-09-23T16:38:49.069793+00:00, run_after=2024-09-24T16:38:49.069793+00:00
[2024-09-24T16:38:49.115+0000] {processor.py:176} INFO - Processing /home/airflow/.local/lib/python3.7/site-packages/airflow/example_dags/example_short_circuit_operator.py took 0.283 seconds
[2024-09-24T17:03:37.385+0000] {processor.py:154} INFO - Started process (PID=16790) to work on /home/airflow/.local/lib/python3.7/site-packages/airflow/example_dags/example_short_circuit_operator.py
[2024-09-24T17:03:37.394+0000] {processor.py:756} INFO - Processing file /home/airflow/.local/lib/python3.7/site-packages/airflow/example_dags/example_short_circuit_operator.py for tasks to queue
[2024-09-24T17:03:37.402+0000] {logging_mixin.py:120} INFO - [2024-09-24T17:03:37.401+0000] {dagbag.py:537} INFO - Filling up the DagBag from /home/airflow/.local/lib/python3.7/site-packages/airflow/example_dags/example_short_circuit_operator.py
[2024-09-24T17:03:37.597+0000] {processor.py:766} INFO - DAG(s) dict_keys(['example_short_circuit_operator']) retrieved from /home/airflow/.local/lib/python3.7/site-packages/airflow/example_dags/example_short_circuit_operator.py
[2024-09-24T17:03:39.566+0000] {logging_mixin.py:120} INFO - [2024-09-24T17:03:39.566+0000] {dag.py:2585} INFO - Sync 1 DAGs
[2024-09-24T17:03:39.718+0000] {logging_mixin.py:120} INFO - [2024-09-24T17:03:39.717+0000] {dag.py:3340} INFO - Setting next_dagrun for example_short_circuit_operator to 2024-09-23T17:03:39.717170+00:00, run_after=2024-09-24T17:03:39.717170+00:00
[2024-09-24T17:03:39.767+0000] {processor.py:176} INFO - Processing /home/airflow/.local/lib/python3.7/site-packages/airflow/example_dags/example_short_circuit_operator.py took 2.409 seconds
[2024-09-24T17:24:27.786+0000] {processor.py:154} INFO - Started process (PID=16837) to work on /home/airflow/.local/lib/python3.7/site-packages/airflow/example_dags/example_short_circuit_operator.py
[2024-09-24T17:24:27.793+0000] {processor.py:756} INFO - Processing file /home/airflow/.local/lib/python3.7/site-packages/airflow/example_dags/example_short_circuit_operator.py for tasks to queue
[2024-09-24T17:24:27.798+0000] {logging_mixin.py:120} INFO - [2024-09-24T17:24:27.797+0000] {dagbag.py:537} INFO - Filling up the DagBag from /home/airflow/.local/lib/python3.7/site-packages/airflow/example_dags/example_short_circuit_operator.py
[2024-09-24T17:24:27.910+0000] {processor.py:766} INFO - DAG(s) dict_keys(['example_short_circuit_operator']) retrieved from /home/airflow/.local/lib/python3.7/site-packages/airflow/example_dags/example_short_circuit_operator.py
[2024-09-24T17:24:28.281+0000] {logging_mixin.py:120} INFO - [2024-09-24T17:24:28.280+0000] {dag.py:2585} INFO - Sync 1 DAGs
[2024-09-24T17:24:28.559+0000] {logging_mixin.py:120} INFO - [2024-09-24T17:24:28.558+0000] {dag.py:3340} INFO - Setting next_dagrun for example_short_circuit_operator to 2024-09-23T17:24:28.556849+00:00, run_after=2024-09-24T17:24:28.556849+00:00
[2024-09-24T17:24:28.702+0000] {processor.py:176} INFO - Processing /home/airflow/.local/lib/python3.7/site-packages/airflow/example_dags/example_short_circuit_operator.py took 0.940 seconds
[2024-09-24T18:04:34.492+0000] {processor.py:154} INFO - Started process (PID=16891) to work on /home/airflow/.local/lib/python3.7/site-packages/airflow/example_dags/example_short_circuit_operator.py
[2024-09-24T18:04:34.500+0000] {processor.py:756} INFO - Processing file /home/airflow/.local/lib/python3.7/site-packages/airflow/example_dags/example_short_circuit_operator.py for tasks to queue
[2024-09-24T18:04:34.509+0000] {logging_mixin.py:120} INFO - [2024-09-24T18:04:34.509+0000] {dagbag.py:537} INFO - Filling up the DagBag from /home/airflow/.local/lib/python3.7/site-packages/airflow/example_dags/example_short_circuit_operator.py
[2024-09-24T18:04:34.660+0000] {processor.py:766} INFO - DAG(s) dict_keys(['example_short_circuit_operator']) retrieved from /home/airflow/.local/lib/python3.7/site-packages/airflow/example_dags/example_short_circuit_operator.py
[2024-09-24T18:04:35.049+0000] {logging_mixin.py:120} INFO - [2024-09-24T18:04:35.047+0000] {dag.py:2585} INFO - Sync 1 DAGs
[2024-09-24T18:04:35.282+0000] {logging_mixin.py:120} INFO - [2024-09-24T18:04:35.281+0000] {dag.py:3340} INFO - Setting next_dagrun for example_short_circuit_operator to 2024-09-23T18:04:35.279958+00:00, run_after=2024-09-24T18:04:35.279958+00:00
[2024-09-24T18:04:35.430+0000] {processor.py:176} INFO - Processing /home/airflow/.local/lib/python3.7/site-packages/airflow/example_dags/example_short_circuit_operator.py took 0.964 seconds
[2024-09-24T19:05:34.448+0000] {processor.py:154} INFO - Started process (PID=16945) to work on /home/airflow/.local/lib/python3.7/site-packages/airflow/example_dags/example_short_circuit_operator.py
[2024-09-24T19:05:34.451+0000] {processor.py:756} INFO - Processing file /home/airflow/.local/lib/python3.7/site-packages/airflow/example_dags/example_short_circuit_operator.py for tasks to queue
[2024-09-24T19:05:34.454+0000] {logging_mixin.py:120} INFO - [2024-09-24T19:05:34.454+0000] {dagbag.py:537} INFO - Filling up the DagBag from /home/airflow/.local/lib/python3.7/site-packages/airflow/example_dags/example_short_circuit_operator.py
[2024-09-24T19:05:34.494+0000] {processor.py:766} INFO - DAG(s) dict_keys(['example_short_circuit_operator']) retrieved from /home/airflow/.local/lib/python3.7/site-packages/airflow/example_dags/example_short_circuit_operator.py
[2024-09-24T19:05:34.601+0000] {logging_mixin.py:120} INFO - [2024-09-24T19:05:34.601+0000] {dag.py:2585} INFO - Sync 1 DAGs
[2024-09-24T19:05:34.671+0000] {logging_mixin.py:120} INFO - [2024-09-24T19:05:34.670+0000] {dag.py:3340} INFO - Setting next_dagrun for example_short_circuit_operator to 2024-09-23T19:05:34.670202+00:00, run_after=2024-09-24T19:05:34.670202+00:00
[2024-09-24T19:05:34.717+0000] {processor.py:176} INFO - Processing /home/airflow/.local/lib/python3.7/site-packages/airflow/example_dags/example_short_circuit_operator.py took 0.275 seconds
[2024-09-24T20:06:37.731+0000] {processor.py:154} INFO - Started process (PID=16990) to work on /home/airflow/.local/lib/python3.7/site-packages/airflow/example_dags/example_short_circuit_operator.py
[2024-09-24T20:06:37.742+0000] {processor.py:756} INFO - Processing file /home/airflow/.local/lib/python3.7/site-packages/airflow/example_dags/example_short_circuit_operator.py for tasks to queue
[2024-09-24T20:06:37.748+0000] {logging_mixin.py:120} INFO - [2024-09-24T20:06:37.747+0000] {dagbag.py:537} INFO - Filling up the DagBag from /home/airflow/.local/lib/python3.7/site-packages/airflow/example_dags/example_short_circuit_operator.py
[2024-09-24T20:06:37.924+0000] {processor.py:766} INFO - DAG(s) dict_keys(['example_short_circuit_operator']) retrieved from /home/airflow/.local/lib/python3.7/site-packages/airflow/example_dags/example_short_circuit_operator.py
[2024-09-24T20:06:38.315+0000] {logging_mixin.py:120} INFO - [2024-09-24T20:06:38.314+0000] {dag.py:2585} INFO - Sync 1 DAGs
[2024-09-24T20:06:38.572+0000] {logging_mixin.py:120} INFO - [2024-09-24T20:06:38.571+0000] {dag.py:3340} INFO - Setting next_dagrun for example_short_circuit_operator to 2024-09-23T20:06:38.567546+00:00, run_after=2024-09-24T20:06:38.567546+00:00
[2024-09-24T20:06:38.734+0000] {processor.py:176} INFO - Processing /home/airflow/.local/lib/python3.7/site-packages/airflow/example_dags/example_short_circuit_operator.py took 1.042 seconds
[2024-09-24T22:08:22.871+0000] {processor.py:154} INFO - Started process (PID=17044) to work on /home/airflow/.local/lib/python3.7/site-packages/airflow/example_dags/example_short_circuit_operator.py
[2024-09-24T22:08:22.882+0000] {processor.py:756} INFO - Processing file /home/airflow/.local/lib/python3.7/site-packages/airflow/example_dags/example_short_circuit_operator.py for tasks to queue
[2024-09-24T22:08:22.889+0000] {logging_mixin.py:120} INFO - [2024-09-24T22:08:22.888+0000] {dagbag.py:537} INFO - Filling up the DagBag from /home/airflow/.local/lib/python3.7/site-packages/airflow/example_dags/example_short_circuit_operator.py
[2024-09-24T22:08:23.073+0000] {processor.py:766} INFO - DAG(s) dict_keys(['example_short_circuit_operator']) retrieved from /home/airflow/.local/lib/python3.7/site-packages/airflow/example_dags/example_short_circuit_operator.py
[2024-09-24T22:08:23.484+0000] {logging_mixin.py:120} INFO - [2024-09-24T22:08:23.482+0000] {dag.py:2585} INFO - Sync 1 DAGs
[2024-09-24T22:08:23.803+0000] {logging_mixin.py:120} INFO - [2024-09-24T22:08:23.802+0000] {dag.py:3340} INFO - Setting next_dagrun for example_short_circuit_operator to 2024-09-23T22:08:23.800793+00:00, run_after=2024-09-24T22:08:23.800793+00:00
[2024-09-24T22:08:23.971+0000] {processor.py:176} INFO - Processing /home/airflow/.local/lib/python3.7/site-packages/airflow/example_dags/example_short_circuit_operator.py took 1.128 seconds
