[2024-09-24T01:38:15.435+0000] {processor.py:154} INFO - Started process (PID=13862) to work on /home/airflow/.local/lib/python3.7/site-packages/airflow/example_dags/example_sla_dag.py
[2024-09-24T01:38:15.437+0000] {processor.py:756} INFO - Processing file /home/airflow/.local/lib/python3.7/site-packages/airflow/example_dags/example_sla_dag.py for tasks to queue
[2024-09-24T01:38:15.439+0000] {logging_mixin.py:120} INFO - [2024-09-24T01:38:15.439+0000] {dagbag.py:537} INFO - Filling up the DagBag from /home/airflow/.local/lib/python3.7/site-packages/airflow/example_dags/example_sla_dag.py
[2024-09-24T01:38:15.480+0000] {processor.py:766} INFO - DAG(s) dict_keys(['example_sla_dag']) retrieved from /home/airflow/.local/lib/python3.7/site-packages/airflow/example_dags/example_sla_dag.py
[2024-09-24T01:38:15.569+0000] {logging_mixin.py:120} INFO - [2024-09-24T01:38:15.569+0000] {dag.py:2585} INFO - Sync 1 DAGs
[2024-09-24T01:38:15.641+0000] {logging_mixin.py:120} INFO - [2024-09-24T01:38:15.640+0000] {dag.py:3340} INFO - Setting next_dagrun for example_sla_dag to 2024-09-24T01:36:00+00:00, run_after=2024-09-24T01:38:00+00:00
[2024-09-24T01:38:15.690+0000] {processor.py:176} INFO - Processing /home/airflow/.local/lib/python3.7/site-packages/airflow/example_dags/example_sla_dag.py took 0.261 seconds
[2024-09-24T01:41:39.065+0000] {processor.py:154} INFO - Started process (PID=13916) to work on /home/airflow/.local/lib/python3.7/site-packages/airflow/example_dags/example_sla_dag.py
[2024-09-24T01:41:39.066+0000] {processor.py:756} INFO - Processing file /home/airflow/.local/lib/python3.7/site-packages/airflow/example_dags/example_sla_dag.py for tasks to queue
[2024-09-24T01:41:39.070+0000] {logging_mixin.py:120} INFO - [2024-09-24T01:41:39.070+0000] {dagbag.py:537} INFO - Filling up the DagBag from /home/airflow/.local/lib/python3.7/site-packages/airflow/example_dags/example_sla_dag.py
[2024-09-24T01:41:39.111+0000] {processor.py:766} INFO - DAG(s) dict_keys(['example_sla_dag']) retrieved from /home/airflow/.local/lib/python3.7/site-packages/airflow/example_dags/example_sla_dag.py
[2024-09-24T01:41:39.176+0000] {logging_mixin.py:120} INFO - [2024-09-24T01:41:39.175+0000] {dag.py:2585} INFO - Sync 1 DAGs
[2024-09-24T01:41:39.220+0000] {logging_mixin.py:120} INFO - [2024-09-24T01:41:39.220+0000] {dag.py:3340} INFO - Setting next_dagrun for example_sla_dag to 2024-09-24T01:38:00+00:00, run_after=2024-09-24T01:40:00+00:00
[2024-09-24T01:41:39.254+0000] {processor.py:176} INFO - Processing /home/airflow/.local/lib/python3.7/site-packages/airflow/example_dags/example_sla_dag.py took 0.196 seconds
[2024-09-24T03:27:54.547+0000] {processor.py:154} INFO - Started process (PID=13979) to work on /home/airflow/.local/lib/python3.7/site-packages/airflow/example_dags/example_sla_dag.py
[2024-09-24T03:27:54.552+0000] {processor.py:756} INFO - Processing file /home/airflow/.local/lib/python3.7/site-packages/airflow/example_dags/example_sla_dag.py for tasks to queue
[2024-09-24T03:27:54.554+0000] {logging_mixin.py:120} INFO - [2024-09-24T03:27:54.554+0000] {dagbag.py:537} INFO - Filling up the DagBag from /home/airflow/.local/lib/python3.7/site-packages/airflow/example_dags/example_sla_dag.py
[2024-09-24T03:27:54.601+0000] {processor.py:766} INFO - DAG(s) dict_keys(['example_sla_dag']) retrieved from /home/airflow/.local/lib/python3.7/site-packages/airflow/example_dags/example_sla_dag.py
[2024-09-24T03:27:54.668+0000] {logging_mixin.py:120} INFO - [2024-09-24T03:27:54.668+0000] {dag.py:2585} INFO - Sync 1 DAGs
[2024-09-24T03:27:54.721+0000] {logging_mixin.py:120} INFO - [2024-09-24T03:27:54.721+0000] {dag.py:3340} INFO - Setting next_dagrun for example_sla_dag to 2024-09-24T03:24:00+00:00, run_after=2024-09-24T03:26:00+00:00
[2024-09-24T03:27:54.757+0000] {processor.py:176} INFO - Processing /home/airflow/.local/lib/python3.7/site-packages/airflow/example_dags/example_sla_dag.py took 0.218 seconds
[2024-09-24T04:19:32.775+0000] {processor.py:154} INFO - Started process (PID=14033) to work on /home/airflow/.local/lib/python3.7/site-packages/airflow/example_dags/example_sla_dag.py
[2024-09-24T04:19:32.782+0000] {processor.py:756} INFO - Processing file /home/airflow/.local/lib/python3.7/site-packages/airflow/example_dags/example_sla_dag.py for tasks to queue
[2024-09-24T04:19:32.784+0000] {logging_mixin.py:120} INFO - [2024-09-24T04:19:32.783+0000] {dagbag.py:537} INFO - Filling up the DagBag from /home/airflow/.local/lib/python3.7/site-packages/airflow/example_dags/example_sla_dag.py
[2024-09-24T04:19:32.870+0000] {processor.py:766} INFO - DAG(s) dict_keys(['example_sla_dag']) retrieved from /home/airflow/.local/lib/python3.7/site-packages/airflow/example_dags/example_sla_dag.py
[2024-09-24T04:19:33.055+0000] {logging_mixin.py:120} INFO - [2024-09-24T04:19:33.054+0000] {dag.py:2585} INFO - Sync 1 DAGs
[2024-09-24T04:19:33.303+0000] {logging_mixin.py:120} INFO - [2024-09-24T04:19:33.302+0000] {dag.py:3340} INFO - Setting next_dagrun for example_sla_dag to 2024-09-24T04:16:00+00:00, run_after=2024-09-24T04:18:00+00:00
[2024-09-24T04:19:33.390+0000] {processor.py:176} INFO - Processing /home/airflow/.local/lib/python3.7/site-packages/airflow/example_dags/example_sla_dag.py took 0.634 seconds
[2024-09-24T04:20:03.962+0000] {processor.py:154} INFO - Started process (PID=14096) to work on /home/airflow/.local/lib/python3.7/site-packages/airflow/example_dags/example_sla_dag.py
[2024-09-24T04:20:03.967+0000] {processor.py:756} INFO - Processing file /home/airflow/.local/lib/python3.7/site-packages/airflow/example_dags/example_sla_dag.py for tasks to queue
[2024-09-24T04:20:03.968+0000] {logging_mixin.py:120} INFO - [2024-09-24T04:20:03.968+0000] {dagbag.py:537} INFO - Filling up the DagBag from /home/airflow/.local/lib/python3.7/site-packages/airflow/example_dags/example_sla_dag.py
[2024-09-24T04:20:04.006+0000] {processor.py:766} INFO - DAG(s) dict_keys(['example_sla_dag']) retrieved from /home/airflow/.local/lib/python3.7/site-packages/airflow/example_dags/example_sla_dag.py
[2024-09-24T04:20:04.068+0000] {logging_mixin.py:120} INFO - [2024-09-24T04:20:04.068+0000] {dag.py:2585} INFO - Sync 1 DAGs
[2024-09-24T04:20:04.104+0000] {logging_mixin.py:120} INFO - [2024-09-24T04:20:04.104+0000] {dag.py:3340} INFO - Setting next_dagrun for example_sla_dag to 2024-09-24T04:18:00+00:00, run_after=2024-09-24T04:20:00+00:00
[2024-09-24T04:20:04.139+0000] {processor.py:176} INFO - Processing /home/airflow/.local/lib/python3.7/site-packages/airflow/example_dags/example_sla_dag.py took 0.184 seconds
[2024-09-24T04:20:34.600+0000] {processor.py:154} INFO - Started process (PID=14149) to work on /home/airflow/.local/lib/python3.7/site-packages/airflow/example_dags/example_sla_dag.py
[2024-09-24T04:20:34.602+0000] {processor.py:756} INFO - Processing file /home/airflow/.local/lib/python3.7/site-packages/airflow/example_dags/example_sla_dag.py for tasks to queue
[2024-09-24T04:20:34.603+0000] {logging_mixin.py:120} INFO - [2024-09-24T04:20:34.603+0000] {dagbag.py:537} INFO - Filling up the DagBag from /home/airflow/.local/lib/python3.7/site-packages/airflow/example_dags/example_sla_dag.py
[2024-09-24T04:20:34.634+0000] {processor.py:766} INFO - DAG(s) dict_keys(['example_sla_dag']) retrieved from /home/airflow/.local/lib/python3.7/site-packages/airflow/example_dags/example_sla_dag.py
[2024-09-24T04:20:34.686+0000] {logging_mixin.py:120} INFO - [2024-09-24T04:20:34.686+0000] {dag.py:2585} INFO - Sync 1 DAGs
[2024-09-24T04:20:34.724+0000] {logging_mixin.py:120} INFO - [2024-09-24T04:20:34.724+0000] {dag.py:3340} INFO - Setting next_dagrun for example_sla_dag to 2024-09-24T04:18:00+00:00, run_after=2024-09-24T04:20:00+00:00
[2024-09-24T04:20:34.752+0000] {processor.py:176} INFO - Processing /home/airflow/.local/lib/python3.7/site-packages/airflow/example_dags/example_sla_dag.py took 0.156 seconds
[2024-09-24T04:21:05.088+0000] {processor.py:154} INFO - Started process (PID=14212) to work on /home/airflow/.local/lib/python3.7/site-packages/airflow/example_dags/example_sla_dag.py
[2024-09-24T04:21:05.090+0000] {processor.py:756} INFO - Processing file /home/airflow/.local/lib/python3.7/site-packages/airflow/example_dags/example_sla_dag.py for tasks to queue
[2024-09-24T04:21:05.092+0000] {logging_mixin.py:120} INFO - [2024-09-24T04:21:05.091+0000] {dagbag.py:537} INFO - Filling up the DagBag from /home/airflow/.local/lib/python3.7/site-packages/airflow/example_dags/example_sla_dag.py
[2024-09-24T04:21:05.125+0000] {processor.py:766} INFO - DAG(s) dict_keys(['example_sla_dag']) retrieved from /home/airflow/.local/lib/python3.7/site-packages/airflow/example_dags/example_sla_dag.py
[2024-09-24T04:21:05.181+0000] {logging_mixin.py:120} INFO - [2024-09-24T04:21:05.181+0000] {dag.py:2585} INFO - Sync 1 DAGs
[2024-09-24T04:21:05.221+0000] {logging_mixin.py:120} INFO - [2024-09-24T04:21:05.221+0000] {dag.py:3340} INFO - Setting next_dagrun for example_sla_dag to 2024-09-24T04:18:00+00:00, run_after=2024-09-24T04:20:00+00:00
[2024-09-24T04:21:05.255+0000] {processor.py:176} INFO - Processing /home/airflow/.local/lib/python3.7/site-packages/airflow/example_dags/example_sla_dag.py took 0.171 seconds
[2024-09-24T04:21:35.531+0000] {processor.py:154} INFO - Started process (PID=14275) to work on /home/airflow/.local/lib/python3.7/site-packages/airflow/example_dags/example_sla_dag.py
[2024-09-24T04:21:35.532+0000] {processor.py:756} INFO - Processing file /home/airflow/.local/lib/python3.7/site-packages/airflow/example_dags/example_sla_dag.py for tasks to queue
[2024-09-24T04:21:35.533+0000] {logging_mixin.py:120} INFO - [2024-09-24T04:21:35.533+0000] {dagbag.py:537} INFO - Filling up the DagBag from /home/airflow/.local/lib/python3.7/site-packages/airflow/example_dags/example_sla_dag.py
[2024-09-24T04:21:35.573+0000] {processor.py:766} INFO - DAG(s) dict_keys(['example_sla_dag']) retrieved from /home/airflow/.local/lib/python3.7/site-packages/airflow/example_dags/example_sla_dag.py
[2024-09-24T04:21:35.646+0000] {logging_mixin.py:120} INFO - [2024-09-24T04:21:35.646+0000] {dag.py:2585} INFO - Sync 1 DAGs
[2024-09-24T04:21:35.690+0000] {logging_mixin.py:120} INFO - [2024-09-24T04:21:35.690+0000] {dag.py:3340} INFO - Setting next_dagrun for example_sla_dag to 2024-09-24T04:18:00+00:00, run_after=2024-09-24T04:20:00+00:00
[2024-09-24T04:21:35.721+0000] {processor.py:176} INFO - Processing /home/airflow/.local/lib/python3.7/site-packages/airflow/example_dags/example_sla_dag.py took 0.196 seconds
[2024-09-24T04:22:05.868+0000] {processor.py:154} INFO - Started process (PID=14330) to work on /home/airflow/.local/lib/python3.7/site-packages/airflow/example_dags/example_sla_dag.py
[2024-09-24T04:22:05.869+0000] {processor.py:756} INFO - Processing file /home/airflow/.local/lib/python3.7/site-packages/airflow/example_dags/example_sla_dag.py for tasks to queue
[2024-09-24T04:22:05.871+0000] {logging_mixin.py:120} INFO - [2024-09-24T04:22:05.871+0000] {dagbag.py:537} INFO - Filling up the DagBag from /home/airflow/.local/lib/python3.7/site-packages/airflow/example_dags/example_sla_dag.py
[2024-09-24T04:22:05.900+0000] {processor.py:766} INFO - DAG(s) dict_keys(['example_sla_dag']) retrieved from /home/airflow/.local/lib/python3.7/site-packages/airflow/example_dags/example_sla_dag.py
[2024-09-24T04:22:05.950+0000] {logging_mixin.py:120} INFO - [2024-09-24T04:22:05.950+0000] {dag.py:2585} INFO - Sync 1 DAGs
[2024-09-24T04:22:05.989+0000] {logging_mixin.py:120} INFO - [2024-09-24T04:22:05.989+0000] {dag.py:3340} INFO - Setting next_dagrun for example_sla_dag to 2024-09-24T04:20:00+00:00, run_after=2024-09-24T04:22:00+00:00
[2024-09-24T04:22:06.020+0000] {processor.py:176} INFO - Processing /home/airflow/.local/lib/python3.7/site-packages/airflow/example_dags/example_sla_dag.py took 0.157 seconds
[2024-09-24T04:22:36.727+0000] {processor.py:154} INFO - Started process (PID=14393) to work on /home/airflow/.local/lib/python3.7/site-packages/airflow/example_dags/example_sla_dag.py
[2024-09-24T04:22:36.729+0000] {processor.py:756} INFO - Processing file /home/airflow/.local/lib/python3.7/site-packages/airflow/example_dags/example_sla_dag.py for tasks to queue
[2024-09-24T04:22:36.730+0000] {logging_mixin.py:120} INFO - [2024-09-24T04:22:36.729+0000] {dagbag.py:537} INFO - Filling up the DagBag from /home/airflow/.local/lib/python3.7/site-packages/airflow/example_dags/example_sla_dag.py
[2024-09-24T04:22:36.759+0000] {processor.py:766} INFO - DAG(s) dict_keys(['example_sla_dag']) retrieved from /home/airflow/.local/lib/python3.7/site-packages/airflow/example_dags/example_sla_dag.py
[2024-09-24T04:22:36.814+0000] {logging_mixin.py:120} INFO - [2024-09-24T04:22:36.814+0000] {dag.py:2585} INFO - Sync 1 DAGs
[2024-09-24T04:22:36.847+0000] {logging_mixin.py:120} INFO - [2024-09-24T04:22:36.847+0000] {dag.py:3340} INFO - Setting next_dagrun for example_sla_dag to 2024-09-24T04:20:00+00:00, run_after=2024-09-24T04:22:00+00:00
[2024-09-24T04:22:36.873+0000] {processor.py:176} INFO - Processing /home/airflow/.local/lib/python3.7/site-packages/airflow/example_dags/example_sla_dag.py took 0.150 seconds
[2024-09-24T04:23:07.704+0000] {processor.py:154} INFO - Started process (PID=14456) to work on /home/airflow/.local/lib/python3.7/site-packages/airflow/example_dags/example_sla_dag.py
[2024-09-24T04:23:07.707+0000] {processor.py:756} INFO - Processing file /home/airflow/.local/lib/python3.7/site-packages/airflow/example_dags/example_sla_dag.py for tasks to queue
[2024-09-24T04:23:07.708+0000] {logging_mixin.py:120} INFO - [2024-09-24T04:23:07.708+0000] {dagbag.py:537} INFO - Filling up the DagBag from /home/airflow/.local/lib/python3.7/site-packages/airflow/example_dags/example_sla_dag.py
[2024-09-24T04:23:07.736+0000] {processor.py:766} INFO - DAG(s) dict_keys(['example_sla_dag']) retrieved from /home/airflow/.local/lib/python3.7/site-packages/airflow/example_dags/example_sla_dag.py
[2024-09-24T04:23:07.784+0000] {logging_mixin.py:120} INFO - [2024-09-24T04:23:07.784+0000] {dag.py:2585} INFO - Sync 1 DAGs
[2024-09-24T04:23:07.818+0000] {logging_mixin.py:120} INFO - [2024-09-24T04:23:07.817+0000] {dag.py:3340} INFO - Setting next_dagrun for example_sla_dag to 2024-09-24T04:20:00+00:00, run_after=2024-09-24T04:22:00+00:00
[2024-09-24T04:23:07.841+0000] {processor.py:176} INFO - Processing /home/airflow/.local/lib/python3.7/site-packages/airflow/example_dags/example_sla_dag.py took 0.140 seconds
[2024-09-24T04:23:37.915+0000] {processor.py:154} INFO - Started process (PID=14510) to work on /home/airflow/.local/lib/python3.7/site-packages/airflow/example_dags/example_sla_dag.py
[2024-09-24T04:23:37.916+0000] {processor.py:756} INFO - Processing file /home/airflow/.local/lib/python3.7/site-packages/airflow/example_dags/example_sla_dag.py for tasks to queue
[2024-09-24T04:23:37.917+0000] {logging_mixin.py:120} INFO - [2024-09-24T04:23:37.917+0000] {dagbag.py:537} INFO - Filling up the DagBag from /home/airflow/.local/lib/python3.7/site-packages/airflow/example_dags/example_sla_dag.py
[2024-09-24T04:23:37.946+0000] {processor.py:766} INFO - DAG(s) dict_keys(['example_sla_dag']) retrieved from /home/airflow/.local/lib/python3.7/site-packages/airflow/example_dags/example_sla_dag.py
[2024-09-24T04:23:38.002+0000] {logging_mixin.py:120} INFO - [2024-09-24T04:23:38.002+0000] {dag.py:2585} INFO - Sync 1 DAGs
[2024-09-24T04:23:38.043+0000] {logging_mixin.py:120} INFO - [2024-09-24T04:23:38.043+0000] {dag.py:3340} INFO - Setting next_dagrun for example_sla_dag to 2024-09-24T04:20:00+00:00, run_after=2024-09-24T04:22:00+00:00
[2024-09-24T04:23:38.068+0000] {processor.py:176} INFO - Processing /home/airflow/.local/lib/python3.7/site-packages/airflow/example_dags/example_sla_dag.py took 0.157 seconds
[2024-09-24T04:24:08.272+0000] {processor.py:154} INFO - Started process (PID=14572) to work on /home/airflow/.local/lib/python3.7/site-packages/airflow/example_dags/example_sla_dag.py
[2024-09-24T04:24:08.274+0000] {processor.py:756} INFO - Processing file /home/airflow/.local/lib/python3.7/site-packages/airflow/example_dags/example_sla_dag.py for tasks to queue
[2024-09-24T04:24:08.275+0000] {logging_mixin.py:120} INFO - [2024-09-24T04:24:08.275+0000] {dagbag.py:537} INFO - Filling up the DagBag from /home/airflow/.local/lib/python3.7/site-packages/airflow/example_dags/example_sla_dag.py
[2024-09-24T04:24:08.308+0000] {processor.py:766} INFO - DAG(s) dict_keys(['example_sla_dag']) retrieved from /home/airflow/.local/lib/python3.7/site-packages/airflow/example_dags/example_sla_dag.py
[2024-09-24T04:24:08.360+0000] {logging_mixin.py:120} INFO - [2024-09-24T04:24:08.359+0000] {dag.py:2585} INFO - Sync 1 DAGs
[2024-09-24T04:24:08.396+0000] {logging_mixin.py:120} INFO - [2024-09-24T04:24:08.396+0000] {dag.py:3340} INFO - Setting next_dagrun for example_sla_dag to 2024-09-24T04:22:00+00:00, run_after=2024-09-24T04:24:00+00:00
[2024-09-24T04:24:08.421+0000] {processor.py:176} INFO - Processing /home/airflow/.local/lib/python3.7/site-packages/airflow/example_dags/example_sla_dag.py took 0.154 seconds
[2024-09-24T04:24:39.122+0000] {processor.py:154} INFO - Started process (PID=14635) to work on /home/airflow/.local/lib/python3.7/site-packages/airflow/example_dags/example_sla_dag.py
[2024-09-24T04:24:39.123+0000] {processor.py:756} INFO - Processing file /home/airflow/.local/lib/python3.7/site-packages/airflow/example_dags/example_sla_dag.py for tasks to queue
[2024-09-24T04:24:39.125+0000] {logging_mixin.py:120} INFO - [2024-09-24T04:24:39.125+0000] {dagbag.py:537} INFO - Filling up the DagBag from /home/airflow/.local/lib/python3.7/site-packages/airflow/example_dags/example_sla_dag.py
[2024-09-24T04:24:39.155+0000] {processor.py:766} INFO - DAG(s) dict_keys(['example_sla_dag']) retrieved from /home/airflow/.local/lib/python3.7/site-packages/airflow/example_dags/example_sla_dag.py
[2024-09-24T04:24:39.209+0000] {logging_mixin.py:120} INFO - [2024-09-24T04:24:39.209+0000] {dag.py:2585} INFO - Sync 1 DAGs
[2024-09-24T04:24:39.247+0000] {logging_mixin.py:120} INFO - [2024-09-24T04:24:39.247+0000] {dag.py:3340} INFO - Setting next_dagrun for example_sla_dag to 2024-09-24T04:22:00+00:00, run_after=2024-09-24T04:24:00+00:00
[2024-09-24T04:24:39.275+0000] {processor.py:176} INFO - Processing /home/airflow/.local/lib/python3.7/site-packages/airflow/example_dags/example_sla_dag.py took 0.157 seconds
[2024-09-24T04:25:09.442+0000] {processor.py:154} INFO - Started process (PID=14698) to work on /home/airflow/.local/lib/python3.7/site-packages/airflow/example_dags/example_sla_dag.py
[2024-09-24T04:25:09.444+0000] {processor.py:756} INFO - Processing file /home/airflow/.local/lib/python3.7/site-packages/airflow/example_dags/example_sla_dag.py for tasks to queue
[2024-09-24T04:25:09.445+0000] {logging_mixin.py:120} INFO - [2024-09-24T04:25:09.445+0000] {dagbag.py:537} INFO - Filling up the DagBag from /home/airflow/.local/lib/python3.7/site-packages/airflow/example_dags/example_sla_dag.py
[2024-09-24T04:25:09.482+0000] {processor.py:766} INFO - DAG(s) dict_keys(['example_sla_dag']) retrieved from /home/airflow/.local/lib/python3.7/site-packages/airflow/example_dags/example_sla_dag.py
[2024-09-24T04:25:09.544+0000] {logging_mixin.py:120} INFO - [2024-09-24T04:25:09.544+0000] {dag.py:2585} INFO - Sync 1 DAGs
[2024-09-24T04:25:09.583+0000] {logging_mixin.py:120} INFO - [2024-09-24T04:25:09.583+0000] {dag.py:3340} INFO - Setting next_dagrun for example_sla_dag to 2024-09-24T04:22:00+00:00, run_after=2024-09-24T04:24:00+00:00
[2024-09-24T04:25:09.610+0000] {processor.py:176} INFO - Processing /home/airflow/.local/lib/python3.7/site-packages/airflow/example_dags/example_sla_dag.py took 0.173 seconds
[2024-09-24T04:25:39.737+0000] {processor.py:154} INFO - Started process (PID=14751) to work on /home/airflow/.local/lib/python3.7/site-packages/airflow/example_dags/example_sla_dag.py
[2024-09-24T04:25:39.738+0000] {processor.py:756} INFO - Processing file /home/airflow/.local/lib/python3.7/site-packages/airflow/example_dags/example_sla_dag.py for tasks to queue
[2024-09-24T04:25:39.739+0000] {logging_mixin.py:120} INFO - [2024-09-24T04:25:39.738+0000] {dagbag.py:537} INFO - Filling up the DagBag from /home/airflow/.local/lib/python3.7/site-packages/airflow/example_dags/example_sla_dag.py
[2024-09-24T04:25:39.768+0000] {processor.py:766} INFO - DAG(s) dict_keys(['example_sla_dag']) retrieved from /home/airflow/.local/lib/python3.7/site-packages/airflow/example_dags/example_sla_dag.py
[2024-09-24T04:25:39.822+0000] {logging_mixin.py:120} INFO - [2024-09-24T04:25:39.821+0000] {dag.py:2585} INFO - Sync 1 DAGs
[2024-09-24T04:25:39.859+0000] {logging_mixin.py:120} INFO - [2024-09-24T04:25:39.859+0000] {dag.py:3340} INFO - Setting next_dagrun for example_sla_dag to 2024-09-24T04:22:00+00:00, run_after=2024-09-24T04:24:00+00:00
[2024-09-24T04:25:39.884+0000] {processor.py:176} INFO - Processing /home/airflow/.local/lib/python3.7/site-packages/airflow/example_dags/example_sla_dag.py took 0.152 seconds
[2024-09-24T04:26:10.074+0000] {processor.py:154} INFO - Started process (PID=14814) to work on /home/airflow/.local/lib/python3.7/site-packages/airflow/example_dags/example_sla_dag.py
[2024-09-24T04:26:10.076+0000] {processor.py:756} INFO - Processing file /home/airflow/.local/lib/python3.7/site-packages/airflow/example_dags/example_sla_dag.py for tasks to queue
[2024-09-24T04:26:10.077+0000] {logging_mixin.py:120} INFO - [2024-09-24T04:26:10.077+0000] {dagbag.py:537} INFO - Filling up the DagBag from /home/airflow/.local/lib/python3.7/site-packages/airflow/example_dags/example_sla_dag.py
[2024-09-24T04:26:10.109+0000] {processor.py:766} INFO - DAG(s) dict_keys(['example_sla_dag']) retrieved from /home/airflow/.local/lib/python3.7/site-packages/airflow/example_dags/example_sla_dag.py
[2024-09-24T04:26:10.159+0000] {logging_mixin.py:120} INFO - [2024-09-24T04:26:10.159+0000] {dag.py:2585} INFO - Sync 1 DAGs
[2024-09-24T04:26:10.198+0000] {logging_mixin.py:120} INFO - [2024-09-24T04:26:10.197+0000] {dag.py:3340} INFO - Setting next_dagrun for example_sla_dag to 2024-09-24T04:24:00+00:00, run_after=2024-09-24T04:26:00+00:00
[2024-09-24T04:26:10.225+0000] {processor.py:176} INFO - Processing /home/airflow/.local/lib/python3.7/site-packages/airflow/example_dags/example_sla_dag.py took 0.156 seconds
[2024-09-24T04:26:40.366+0000] {processor.py:154} INFO - Started process (PID=14867) to work on /home/airflow/.local/lib/python3.7/site-packages/airflow/example_dags/example_sla_dag.py
[2024-09-24T04:26:40.368+0000] {processor.py:756} INFO - Processing file /home/airflow/.local/lib/python3.7/site-packages/airflow/example_dags/example_sla_dag.py for tasks to queue
[2024-09-24T04:26:40.369+0000] {logging_mixin.py:120} INFO - [2024-09-24T04:26:40.369+0000] {dagbag.py:537} INFO - Filling up the DagBag from /home/airflow/.local/lib/python3.7/site-packages/airflow/example_dags/example_sla_dag.py
[2024-09-24T04:26:40.396+0000] {processor.py:766} INFO - DAG(s) dict_keys(['example_sla_dag']) retrieved from /home/airflow/.local/lib/python3.7/site-packages/airflow/example_dags/example_sla_dag.py
[2024-09-24T04:26:40.464+0000] {logging_mixin.py:120} INFO - [2024-09-24T04:26:40.464+0000] {dag.py:2585} INFO - Sync 1 DAGs
[2024-09-24T04:26:40.504+0000] {logging_mixin.py:120} INFO - [2024-09-24T04:26:40.504+0000] {dag.py:3340} INFO - Setting next_dagrun for example_sla_dag to 2024-09-24T04:24:00+00:00, run_after=2024-09-24T04:26:00+00:00
[2024-09-24T04:26:40.534+0000] {processor.py:176} INFO - Processing /home/airflow/.local/lib/python3.7/site-packages/airflow/example_dags/example_sla_dag.py took 0.171 seconds
[2024-09-24T04:27:10.876+0000] {processor.py:154} INFO - Started process (PID=14930) to work on /home/airflow/.local/lib/python3.7/site-packages/airflow/example_dags/example_sla_dag.py
[2024-09-24T04:27:10.877+0000] {processor.py:756} INFO - Processing file /home/airflow/.local/lib/python3.7/site-packages/airflow/example_dags/example_sla_dag.py for tasks to queue
[2024-09-24T04:27:10.878+0000] {logging_mixin.py:120} INFO - [2024-09-24T04:27:10.878+0000] {dagbag.py:537} INFO - Filling up the DagBag from /home/airflow/.local/lib/python3.7/site-packages/airflow/example_dags/example_sla_dag.py
[2024-09-24T04:27:10.909+0000] {processor.py:766} INFO - DAG(s) dict_keys(['example_sla_dag']) retrieved from /home/airflow/.local/lib/python3.7/site-packages/airflow/example_dags/example_sla_dag.py
[2024-09-24T04:27:10.964+0000] {logging_mixin.py:120} INFO - [2024-09-24T04:27:10.964+0000] {dag.py:2585} INFO - Sync 1 DAGs
[2024-09-24T04:27:11.012+0000] {logging_mixin.py:120} INFO - [2024-09-24T04:27:11.012+0000] {dag.py:3340} INFO - Setting next_dagrun for example_sla_dag to 2024-09-24T04:24:00+00:00, run_after=2024-09-24T04:26:00+00:00
[2024-09-24T04:27:11.042+0000] {processor.py:176} INFO - Processing /home/airflow/.local/lib/python3.7/site-packages/airflow/example_dags/example_sla_dag.py took 0.171 seconds
[2024-09-24T04:27:41.669+0000] {processor.py:154} INFO - Started process (PID=14992) to work on /home/airflow/.local/lib/python3.7/site-packages/airflow/example_dags/example_sla_dag.py
[2024-09-24T04:27:41.671+0000] {processor.py:756} INFO - Processing file /home/airflow/.local/lib/python3.7/site-packages/airflow/example_dags/example_sla_dag.py for tasks to queue
[2024-09-24T04:27:41.672+0000] {logging_mixin.py:120} INFO - [2024-09-24T04:27:41.672+0000] {dagbag.py:537} INFO - Filling up the DagBag from /home/airflow/.local/lib/python3.7/site-packages/airflow/example_dags/example_sla_dag.py
[2024-09-24T04:27:41.704+0000] {processor.py:766} INFO - DAG(s) dict_keys(['example_sla_dag']) retrieved from /home/airflow/.local/lib/python3.7/site-packages/airflow/example_dags/example_sla_dag.py
[2024-09-24T04:27:41.757+0000] {logging_mixin.py:120} INFO - [2024-09-24T04:27:41.756+0000] {dag.py:2585} INFO - Sync 1 DAGs
[2024-09-24T04:27:41.792+0000] {logging_mixin.py:120} INFO - [2024-09-24T04:27:41.792+0000] {dag.py:3340} INFO - Setting next_dagrun for example_sla_dag to 2024-09-24T04:24:00+00:00, run_after=2024-09-24T04:26:00+00:00
[2024-09-24T04:27:41.815+0000] {processor.py:176} INFO - Processing /home/airflow/.local/lib/python3.7/site-packages/airflow/example_dags/example_sla_dag.py took 0.151 seconds
[2024-09-24T04:28:12.006+0000] {processor.py:154} INFO - Started process (PID=15053) to work on /home/airflow/.local/lib/python3.7/site-packages/airflow/example_dags/example_sla_dag.py
[2024-09-24T04:28:12.008+0000] {processor.py:756} INFO - Processing file /home/airflow/.local/lib/python3.7/site-packages/airflow/example_dags/example_sla_dag.py for tasks to queue
[2024-09-24T04:28:12.012+0000] {logging_mixin.py:120} INFO - [2024-09-24T04:28:12.012+0000] {dagbag.py:537} INFO - Filling up the DagBag from /home/airflow/.local/lib/python3.7/site-packages/airflow/example_dags/example_sla_dag.py
[2024-09-24T04:28:12.050+0000] {processor.py:766} INFO - DAG(s) dict_keys(['example_sla_dag']) retrieved from /home/airflow/.local/lib/python3.7/site-packages/airflow/example_dags/example_sla_dag.py
[2024-09-24T04:28:12.113+0000] {logging_mixin.py:120} INFO - [2024-09-24T04:28:12.113+0000] {dag.py:2585} INFO - Sync 1 DAGs
[2024-09-24T04:28:12.164+0000] {logging_mixin.py:120} INFO - [2024-09-24T04:28:12.163+0000] {dag.py:3340} INFO - Setting next_dagrun for example_sla_dag to 2024-09-24T04:26:00+00:00, run_after=2024-09-24T04:28:00+00:00
[2024-09-24T04:28:12.196+0000] {processor.py:176} INFO - Processing /home/airflow/.local/lib/python3.7/site-packages/airflow/example_dags/example_sla_dag.py took 0.193 seconds
[2024-09-24T04:28:42.326+0000] {processor.py:154} INFO - Started process (PID=15109) to work on /home/airflow/.local/lib/python3.7/site-packages/airflow/example_dags/example_sla_dag.py
[2024-09-24T04:28:42.327+0000] {processor.py:756} INFO - Processing file /home/airflow/.local/lib/python3.7/site-packages/airflow/example_dags/example_sla_dag.py for tasks to queue
[2024-09-24T04:28:42.328+0000] {logging_mixin.py:120} INFO - [2024-09-24T04:28:42.328+0000] {dagbag.py:537} INFO - Filling up the DagBag from /home/airflow/.local/lib/python3.7/site-packages/airflow/example_dags/example_sla_dag.py
[2024-09-24T04:28:42.358+0000] {processor.py:766} INFO - DAG(s) dict_keys(['example_sla_dag']) retrieved from /home/airflow/.local/lib/python3.7/site-packages/airflow/example_dags/example_sla_dag.py
[2024-09-24T04:28:42.405+0000] {logging_mixin.py:120} INFO - [2024-09-24T04:28:42.405+0000] {dag.py:2585} INFO - Sync 1 DAGs
[2024-09-24T04:28:42.439+0000] {logging_mixin.py:120} INFO - [2024-09-24T04:28:42.439+0000] {dag.py:3340} INFO - Setting next_dagrun for example_sla_dag to 2024-09-24T04:26:00+00:00, run_after=2024-09-24T04:28:00+00:00
[2024-09-24T04:28:42.463+0000] {processor.py:176} INFO - Processing /home/airflow/.local/lib/python3.7/site-packages/airflow/example_dags/example_sla_dag.py took 0.142 seconds
[2024-09-24T04:29:12.800+0000] {processor.py:154} INFO - Started process (PID=15172) to work on /home/airflow/.local/lib/python3.7/site-packages/airflow/example_dags/example_sla_dag.py
[2024-09-24T04:29:12.802+0000] {processor.py:756} INFO - Processing file /home/airflow/.local/lib/python3.7/site-packages/airflow/example_dags/example_sla_dag.py for tasks to queue
[2024-09-24T04:29:12.803+0000] {logging_mixin.py:120} INFO - [2024-09-24T04:29:12.803+0000] {dagbag.py:537} INFO - Filling up the DagBag from /home/airflow/.local/lib/python3.7/site-packages/airflow/example_dags/example_sla_dag.py
[2024-09-24T04:29:12.831+0000] {processor.py:766} INFO - DAG(s) dict_keys(['example_sla_dag']) retrieved from /home/airflow/.local/lib/python3.7/site-packages/airflow/example_dags/example_sla_dag.py
[2024-09-24T04:29:12.880+0000] {logging_mixin.py:120} INFO - [2024-09-24T04:29:12.880+0000] {dag.py:2585} INFO - Sync 1 DAGs
[2024-09-24T04:29:12.915+0000] {logging_mixin.py:120} INFO - [2024-09-24T04:29:12.914+0000] {dag.py:3340} INFO - Setting next_dagrun for example_sla_dag to 2024-09-24T04:26:00+00:00, run_after=2024-09-24T04:28:00+00:00
[2024-09-24T04:29:12.939+0000] {processor.py:176} INFO - Processing /home/airflow/.local/lib/python3.7/site-packages/airflow/example_dags/example_sla_dag.py took 0.143 seconds
[2024-09-24T04:29:43.192+0000] {processor.py:154} INFO - Started process (PID=15235) to work on /home/airflow/.local/lib/python3.7/site-packages/airflow/example_dags/example_sla_dag.py
[2024-09-24T04:29:43.193+0000] {processor.py:756} INFO - Processing file /home/airflow/.local/lib/python3.7/site-packages/airflow/example_dags/example_sla_dag.py for tasks to queue
[2024-09-24T04:29:43.194+0000] {logging_mixin.py:120} INFO - [2024-09-24T04:29:43.194+0000] {dagbag.py:537} INFO - Filling up the DagBag from /home/airflow/.local/lib/python3.7/site-packages/airflow/example_dags/example_sla_dag.py
[2024-09-24T04:29:43.224+0000] {processor.py:766} INFO - DAG(s) dict_keys(['example_sla_dag']) retrieved from /home/airflow/.local/lib/python3.7/site-packages/airflow/example_dags/example_sla_dag.py
[2024-09-24T04:29:43.277+0000] {logging_mixin.py:120} INFO - [2024-09-24T04:29:43.277+0000] {dag.py:2585} INFO - Sync 1 DAGs
[2024-09-24T04:29:43.325+0000] {logging_mixin.py:120} INFO - [2024-09-24T04:29:43.325+0000] {dag.py:3340} INFO - Setting next_dagrun for example_sla_dag to 2024-09-24T04:26:00+00:00, run_after=2024-09-24T04:28:00+00:00
[2024-09-24T04:29:43.364+0000] {processor.py:176} INFO - Processing /home/airflow/.local/lib/python3.7/site-packages/airflow/example_dags/example_sla_dag.py took 0.177 seconds
[2024-09-24T04:30:13.684+0000] {processor.py:154} INFO - Started process (PID=15289) to work on /home/airflow/.local/lib/python3.7/site-packages/airflow/example_dags/example_sla_dag.py
[2024-09-24T04:30:13.686+0000] {processor.py:756} INFO - Processing file /home/airflow/.local/lib/python3.7/site-packages/airflow/example_dags/example_sla_dag.py for tasks to queue
[2024-09-24T04:30:13.688+0000] {logging_mixin.py:120} INFO - [2024-09-24T04:30:13.688+0000] {dagbag.py:537} INFO - Filling up the DagBag from /home/airflow/.local/lib/python3.7/site-packages/airflow/example_dags/example_sla_dag.py
[2024-09-24T04:30:13.726+0000] {processor.py:766} INFO - DAG(s) dict_keys(['example_sla_dag']) retrieved from /home/airflow/.local/lib/python3.7/site-packages/airflow/example_dags/example_sla_dag.py
[2024-09-24T04:30:13.789+0000] {logging_mixin.py:120} INFO - [2024-09-24T04:30:13.789+0000] {dag.py:2585} INFO - Sync 1 DAGs
[2024-09-24T04:30:13.847+0000] {logging_mixin.py:120} INFO - [2024-09-24T04:30:13.847+0000] {dag.py:3340} INFO - Setting next_dagrun for example_sla_dag to 2024-09-24T04:28:00+00:00, run_after=2024-09-24T04:30:00+00:00
[2024-09-24T04:30:13.881+0000] {processor.py:176} INFO - Processing /home/airflow/.local/lib/python3.7/site-packages/airflow/example_dags/example_sla_dag.py took 0.201 seconds
[2024-09-24T04:30:44.010+0000] {processor.py:154} INFO - Started process (PID=15352) to work on /home/airflow/.local/lib/python3.7/site-packages/airflow/example_dags/example_sla_dag.py
[2024-09-24T04:30:44.011+0000] {processor.py:756} INFO - Processing file /home/airflow/.local/lib/python3.7/site-packages/airflow/example_dags/example_sla_dag.py for tasks to queue
[2024-09-24T04:30:44.012+0000] {logging_mixin.py:120} INFO - [2024-09-24T04:30:44.012+0000] {dagbag.py:537} INFO - Filling up the DagBag from /home/airflow/.local/lib/python3.7/site-packages/airflow/example_dags/example_sla_dag.py
[2024-09-24T04:30:44.039+0000] {processor.py:766} INFO - DAG(s) dict_keys(['example_sla_dag']) retrieved from /home/airflow/.local/lib/python3.7/site-packages/airflow/example_dags/example_sla_dag.py
[2024-09-24T04:30:44.088+0000] {logging_mixin.py:120} INFO - [2024-09-24T04:30:44.088+0000] {dag.py:2585} INFO - Sync 1 DAGs
[2024-09-24T04:30:44.123+0000] {logging_mixin.py:120} INFO - [2024-09-24T04:30:44.122+0000] {dag.py:3340} INFO - Setting next_dagrun for example_sla_dag to 2024-09-24T04:28:00+00:00, run_after=2024-09-24T04:30:00+00:00
[2024-09-24T04:30:44.144+0000] {processor.py:176} INFO - Processing /home/airflow/.local/lib/python3.7/site-packages/airflow/example_dags/example_sla_dag.py took 0.138 seconds
[2024-09-24T04:31:14.547+0000] {processor.py:154} INFO - Started process (PID=15413) to work on /home/airflow/.local/lib/python3.7/site-packages/airflow/example_dags/example_sla_dag.py
[2024-09-24T04:31:14.554+0000] {processor.py:756} INFO - Processing file /home/airflow/.local/lib/python3.7/site-packages/airflow/example_dags/example_sla_dag.py for tasks to queue
[2024-09-24T04:31:14.575+0000] {logging_mixin.py:120} INFO - [2024-09-24T04:31:14.575+0000] {dagbag.py:537} INFO - Filling up the DagBag from /home/airflow/.local/lib/python3.7/site-packages/airflow/example_dags/example_sla_dag.py
[2024-09-24T04:31:14.630+0000] {processor.py:766} INFO - DAG(s) dict_keys(['example_sla_dag']) retrieved from /home/airflow/.local/lib/python3.7/site-packages/airflow/example_dags/example_sla_dag.py
[2024-09-24T04:31:14.711+0000] {logging_mixin.py:120} INFO - [2024-09-24T04:31:14.711+0000] {dag.py:2585} INFO - Sync 1 DAGs
[2024-09-24T04:31:14.767+0000] {logging_mixin.py:120} INFO - [2024-09-24T04:31:14.767+0000] {dag.py:3340} INFO - Setting next_dagrun for example_sla_dag to 2024-09-24T04:28:00+00:00, run_after=2024-09-24T04:30:00+00:00
[2024-09-24T04:31:14.819+0000] {processor.py:176} INFO - Processing /home/airflow/.local/lib/python3.7/site-packages/airflow/example_dags/example_sla_dag.py took 0.277 seconds
[2024-09-24T04:31:44.943+0000] {processor.py:154} INFO - Started process (PID=15469) to work on /home/airflow/.local/lib/python3.7/site-packages/airflow/example_dags/example_sla_dag.py
[2024-09-24T04:31:44.945+0000] {processor.py:756} INFO - Processing file /home/airflow/.local/lib/python3.7/site-packages/airflow/example_dags/example_sla_dag.py for tasks to queue
[2024-09-24T04:31:44.946+0000] {logging_mixin.py:120} INFO - [2024-09-24T04:31:44.946+0000] {dagbag.py:537} INFO - Filling up the DagBag from /home/airflow/.local/lib/python3.7/site-packages/airflow/example_dags/example_sla_dag.py
[2024-09-24T04:31:44.979+0000] {processor.py:766} INFO - DAG(s) dict_keys(['example_sla_dag']) retrieved from /home/airflow/.local/lib/python3.7/site-packages/airflow/example_dags/example_sla_dag.py
[2024-09-24T04:31:45.038+0000] {logging_mixin.py:120} INFO - [2024-09-24T04:31:45.037+0000] {dag.py:2585} INFO - Sync 1 DAGs
[2024-09-24T04:31:45.080+0000] {logging_mixin.py:120} INFO - [2024-09-24T04:31:45.080+0000] {dag.py:3340} INFO - Setting next_dagrun for example_sla_dag to 2024-09-24T04:28:00+00:00, run_after=2024-09-24T04:30:00+00:00
[2024-09-24T04:31:45.106+0000] {processor.py:176} INFO - Processing /home/airflow/.local/lib/python3.7/site-packages/airflow/example_dags/example_sla_dag.py took 0.168 seconds
[2024-09-24T04:32:15.164+0000] {processor.py:154} INFO - Started process (PID=15532) to work on /home/airflow/.local/lib/python3.7/site-packages/airflow/example_dags/example_sla_dag.py
[2024-09-24T04:32:15.167+0000] {processor.py:756} INFO - Processing file /home/airflow/.local/lib/python3.7/site-packages/airflow/example_dags/example_sla_dag.py for tasks to queue
[2024-09-24T04:32:15.169+0000] {logging_mixin.py:120} INFO - [2024-09-24T04:32:15.168+0000] {dagbag.py:537} INFO - Filling up the DagBag from /home/airflow/.local/lib/python3.7/site-packages/airflow/example_dags/example_sla_dag.py
[2024-09-24T04:32:15.206+0000] {processor.py:766} INFO - DAG(s) dict_keys(['example_sla_dag']) retrieved from /home/airflow/.local/lib/python3.7/site-packages/airflow/example_dags/example_sla_dag.py
[2024-09-24T04:32:15.278+0000] {logging_mixin.py:120} INFO - [2024-09-24T04:32:15.278+0000] {dag.py:2585} INFO - Sync 1 DAGs
[2024-09-24T04:32:15.323+0000] {logging_mixin.py:120} INFO - [2024-09-24T04:32:15.323+0000] {dag.py:3340} INFO - Setting next_dagrun for example_sla_dag to 2024-09-24T04:30:00+00:00, run_after=2024-09-24T04:32:00+00:00
[2024-09-24T04:32:15.353+0000] {processor.py:176} INFO - Processing /home/airflow/.local/lib/python3.7/site-packages/airflow/example_dags/example_sla_dag.py took 0.195 seconds
[2024-09-24T04:32:46.059+0000] {processor.py:154} INFO - Started process (PID=15586) to work on /home/airflow/.local/lib/python3.7/site-packages/airflow/example_dags/example_sla_dag.py
[2024-09-24T04:32:46.060+0000] {processor.py:756} INFO - Processing file /home/airflow/.local/lib/python3.7/site-packages/airflow/example_dags/example_sla_dag.py for tasks to queue
[2024-09-24T04:32:46.062+0000] {logging_mixin.py:120} INFO - [2024-09-24T04:32:46.061+0000] {dagbag.py:537} INFO - Filling up the DagBag from /home/airflow/.local/lib/python3.7/site-packages/airflow/example_dags/example_sla_dag.py
[2024-09-24T04:32:46.098+0000] {processor.py:766} INFO - DAG(s) dict_keys(['example_sla_dag']) retrieved from /home/airflow/.local/lib/python3.7/site-packages/airflow/example_dags/example_sla_dag.py
[2024-09-24T04:32:46.159+0000] {logging_mixin.py:120} INFO - [2024-09-24T04:32:46.158+0000] {dag.py:2585} INFO - Sync 1 DAGs
[2024-09-24T04:32:46.199+0000] {logging_mixin.py:120} INFO - [2024-09-24T04:32:46.199+0000] {dag.py:3340} INFO - Setting next_dagrun for example_sla_dag to 2024-09-24T04:30:00+00:00, run_after=2024-09-24T04:32:00+00:00
[2024-09-24T04:32:46.225+0000] {processor.py:176} INFO - Processing /home/airflow/.local/lib/python3.7/site-packages/airflow/example_dags/example_sla_dag.py took 0.171 seconds
[2024-09-24T04:33:16.986+0000] {processor.py:154} INFO - Started process (PID=15649) to work on /home/airflow/.local/lib/python3.7/site-packages/airflow/example_dags/example_sla_dag.py
[2024-09-24T04:33:16.988+0000] {processor.py:756} INFO - Processing file /home/airflow/.local/lib/python3.7/site-packages/airflow/example_dags/example_sla_dag.py for tasks to queue
[2024-09-24T04:33:16.989+0000] {logging_mixin.py:120} INFO - [2024-09-24T04:33:16.989+0000] {dagbag.py:537} INFO - Filling up the DagBag from /home/airflow/.local/lib/python3.7/site-packages/airflow/example_dags/example_sla_dag.py
[2024-09-24T04:33:17.025+0000] {processor.py:766} INFO - DAG(s) dict_keys(['example_sla_dag']) retrieved from /home/airflow/.local/lib/python3.7/site-packages/airflow/example_dags/example_sla_dag.py
[2024-09-24T04:33:17.086+0000] {logging_mixin.py:120} INFO - [2024-09-24T04:33:17.086+0000] {dag.py:2585} INFO - Sync 1 DAGs
[2024-09-24T04:33:17.130+0000] {logging_mixin.py:120} INFO - [2024-09-24T04:33:17.129+0000] {dag.py:3340} INFO - Setting next_dagrun for example_sla_dag to 2024-09-24T04:30:00+00:00, run_after=2024-09-24T04:32:00+00:00
[2024-09-24T04:33:17.157+0000] {processor.py:176} INFO - Processing /home/airflow/.local/lib/python3.7/site-packages/airflow/example_dags/example_sla_dag.py took 0.175 seconds
[2024-09-24T04:33:47.402+0000] {processor.py:154} INFO - Started process (PID=15703) to work on /home/airflow/.local/lib/python3.7/site-packages/airflow/example_dags/example_sla_dag.py
[2024-09-24T04:33:47.404+0000] {processor.py:756} INFO - Processing file /home/airflow/.local/lib/python3.7/site-packages/airflow/example_dags/example_sla_dag.py for tasks to queue
[2024-09-24T04:33:47.405+0000] {logging_mixin.py:120} INFO - [2024-09-24T04:33:47.405+0000] {dagbag.py:537} INFO - Filling up the DagBag from /home/airflow/.local/lib/python3.7/site-packages/airflow/example_dags/example_sla_dag.py
[2024-09-24T04:33:47.443+0000] {processor.py:766} INFO - DAG(s) dict_keys(['example_sla_dag']) retrieved from /home/airflow/.local/lib/python3.7/site-packages/airflow/example_dags/example_sla_dag.py
[2024-09-24T04:33:47.500+0000] {logging_mixin.py:120} INFO - [2024-09-24T04:33:47.500+0000] {dag.py:2585} INFO - Sync 1 DAGs
[2024-09-24T04:33:47.541+0000] {logging_mixin.py:120} INFO - [2024-09-24T04:33:47.541+0000] {dag.py:3340} INFO - Setting next_dagrun for example_sla_dag to 2024-09-24T04:30:00+00:00, run_after=2024-09-24T04:32:00+00:00
[2024-09-24T04:33:47.568+0000] {processor.py:176} INFO - Processing /home/airflow/.local/lib/python3.7/site-packages/airflow/example_dags/example_sla_dag.py took 0.173 seconds
[2024-09-24T04:34:18.267+0000] {processor.py:154} INFO - Started process (PID=15766) to work on /home/airflow/.local/lib/python3.7/site-packages/airflow/example_dags/example_sla_dag.py
[2024-09-24T04:34:18.269+0000] {processor.py:756} INFO - Processing file /home/airflow/.local/lib/python3.7/site-packages/airflow/example_dags/example_sla_dag.py for tasks to queue
[2024-09-24T04:34:18.271+0000] {logging_mixin.py:120} INFO - [2024-09-24T04:34:18.270+0000] {dagbag.py:537} INFO - Filling up the DagBag from /home/airflow/.local/lib/python3.7/site-packages/airflow/example_dags/example_sla_dag.py
[2024-09-24T04:34:18.321+0000] {processor.py:766} INFO - DAG(s) dict_keys(['example_sla_dag']) retrieved from /home/airflow/.local/lib/python3.7/site-packages/airflow/example_dags/example_sla_dag.py
[2024-09-24T04:34:18.422+0000] {logging_mixin.py:120} INFO - [2024-09-24T04:34:18.421+0000] {dag.py:2585} INFO - Sync 1 DAGs
[2024-09-24T04:34:18.504+0000] {logging_mixin.py:120} INFO - [2024-09-24T04:34:18.504+0000] {dag.py:3340} INFO - Setting next_dagrun for example_sla_dag to 2024-09-24T04:32:00+00:00, run_after=2024-09-24T04:34:00+00:00
[2024-09-24T04:34:18.548+0000] {processor.py:176} INFO - Processing /home/airflow/.local/lib/python3.7/site-packages/airflow/example_dags/example_sla_dag.py took 0.293 seconds
[2024-09-24T04:34:49.054+0000] {processor.py:154} INFO - Started process (PID=15828) to work on /home/airflow/.local/lib/python3.7/site-packages/airflow/example_dags/example_sla_dag.py
[2024-09-24T04:34:49.058+0000] {processor.py:756} INFO - Processing file /home/airflow/.local/lib/python3.7/site-packages/airflow/example_dags/example_sla_dag.py for tasks to queue
[2024-09-24T04:34:49.060+0000] {logging_mixin.py:120} INFO - [2024-09-24T04:34:49.060+0000] {dagbag.py:537} INFO - Filling up the DagBag from /home/airflow/.local/lib/python3.7/site-packages/airflow/example_dags/example_sla_dag.py
[2024-09-24T04:34:49.103+0000] {processor.py:766} INFO - DAG(s) dict_keys(['example_sla_dag']) retrieved from /home/airflow/.local/lib/python3.7/site-packages/airflow/example_dags/example_sla_dag.py
[2024-09-24T04:34:49.185+0000] {logging_mixin.py:120} INFO - [2024-09-24T04:34:49.184+0000] {dag.py:2585} INFO - Sync 1 DAGs
[2024-09-24T04:34:49.243+0000] {logging_mixin.py:120} INFO - [2024-09-24T04:34:49.243+0000] {dag.py:3340} INFO - Setting next_dagrun for example_sla_dag to 2024-09-24T04:32:00+00:00, run_after=2024-09-24T04:34:00+00:00
[2024-09-24T04:34:49.280+0000] {processor.py:176} INFO - Processing /home/airflow/.local/lib/python3.7/site-packages/airflow/example_dags/example_sla_dag.py took 0.231 seconds
[2024-09-24T04:35:19.417+0000] {processor.py:154} INFO - Started process (PID=15884) to work on /home/airflow/.local/lib/python3.7/site-packages/airflow/example_dags/example_sla_dag.py
[2024-09-24T04:35:19.419+0000] {processor.py:756} INFO - Processing file /home/airflow/.local/lib/python3.7/site-packages/airflow/example_dags/example_sla_dag.py for tasks to queue
[2024-09-24T04:35:19.422+0000] {logging_mixin.py:120} INFO - [2024-09-24T04:35:19.422+0000] {dagbag.py:537} INFO - Filling up the DagBag from /home/airflow/.local/lib/python3.7/site-packages/airflow/example_dags/example_sla_dag.py
[2024-09-24T04:35:19.461+0000] {processor.py:766} INFO - DAG(s) dict_keys(['example_sla_dag']) retrieved from /home/airflow/.local/lib/python3.7/site-packages/airflow/example_dags/example_sla_dag.py
[2024-09-24T04:35:19.527+0000] {logging_mixin.py:120} INFO - [2024-09-24T04:35:19.527+0000] {dag.py:2585} INFO - Sync 1 DAGs
[2024-09-24T04:35:19.571+0000] {logging_mixin.py:120} INFO - [2024-09-24T04:35:19.570+0000] {dag.py:3340} INFO - Setting next_dagrun for example_sla_dag to 2024-09-24T04:32:00+00:00, run_after=2024-09-24T04:34:00+00:00
[2024-09-24T04:35:19.595+0000] {processor.py:176} INFO - Processing /home/airflow/.local/lib/python3.7/site-packages/airflow/example_dags/example_sla_dag.py took 0.183 seconds
[2024-09-24T04:35:49.895+0000] {processor.py:154} INFO - Started process (PID=15947) to work on /home/airflow/.local/lib/python3.7/site-packages/airflow/example_dags/example_sla_dag.py
[2024-09-24T04:35:49.898+0000] {processor.py:756} INFO - Processing file /home/airflow/.local/lib/python3.7/site-packages/airflow/example_dags/example_sla_dag.py for tasks to queue
[2024-09-24T04:35:49.899+0000] {logging_mixin.py:120} INFO - [2024-09-24T04:35:49.899+0000] {dagbag.py:537} INFO - Filling up the DagBag from /home/airflow/.local/lib/python3.7/site-packages/airflow/example_dags/example_sla_dag.py
[2024-09-24T04:35:49.948+0000] {processor.py:766} INFO - DAG(s) dict_keys(['example_sla_dag']) retrieved from /home/airflow/.local/lib/python3.7/site-packages/airflow/example_dags/example_sla_dag.py
[2024-09-24T04:35:50.028+0000] {logging_mixin.py:120} INFO - [2024-09-24T04:35:50.028+0000] {dag.py:2585} INFO - Sync 1 DAGs
[2024-09-24T04:35:50.084+0000] {logging_mixin.py:120} INFO - [2024-09-24T04:35:50.084+0000] {dag.py:3340} INFO - Setting next_dagrun for example_sla_dag to 2024-09-24T04:32:00+00:00, run_after=2024-09-24T04:34:00+00:00
[2024-09-24T04:35:50.121+0000] {processor.py:176} INFO - Processing /home/airflow/.local/lib/python3.7/site-packages/airflow/example_dags/example_sla_dag.py took 0.231 seconds
[2024-09-24T04:36:20.461+0000] {processor.py:154} INFO - Started process (PID=16001) to work on /home/airflow/.local/lib/python3.7/site-packages/airflow/example_dags/example_sla_dag.py
[2024-09-24T04:36:20.463+0000] {processor.py:756} INFO - Processing file /home/airflow/.local/lib/python3.7/site-packages/airflow/example_dags/example_sla_dag.py for tasks to queue
[2024-09-24T04:36:20.464+0000] {logging_mixin.py:120} INFO - [2024-09-24T04:36:20.464+0000] {dagbag.py:537} INFO - Filling up the DagBag from /home/airflow/.local/lib/python3.7/site-packages/airflow/example_dags/example_sla_dag.py
[2024-09-24T04:36:20.500+0000] {processor.py:766} INFO - DAG(s) dict_keys(['example_sla_dag']) retrieved from /home/airflow/.local/lib/python3.7/site-packages/airflow/example_dags/example_sla_dag.py
[2024-09-24T04:36:20.562+0000] {logging_mixin.py:120} INFO - [2024-09-24T04:36:20.561+0000] {dag.py:2585} INFO - Sync 1 DAGs
[2024-09-24T04:36:20.607+0000] {logging_mixin.py:120} INFO - [2024-09-24T04:36:20.607+0000] {dag.py:3340} INFO - Setting next_dagrun for example_sla_dag to 2024-09-24T04:34:00+00:00, run_after=2024-09-24T04:36:00+00:00
[2024-09-24T04:36:20.641+0000] {processor.py:176} INFO - Processing /home/airflow/.local/lib/python3.7/site-packages/airflow/example_dags/example_sla_dag.py took 0.185 seconds
[2024-09-24T04:36:50.945+0000] {processor.py:154} INFO - Started process (PID=16064) to work on /home/airflow/.local/lib/python3.7/site-packages/airflow/example_dags/example_sla_dag.py
[2024-09-24T04:36:50.946+0000] {processor.py:756} INFO - Processing file /home/airflow/.local/lib/python3.7/site-packages/airflow/example_dags/example_sla_dag.py for tasks to queue
[2024-09-24T04:36:50.947+0000] {logging_mixin.py:120} INFO - [2024-09-24T04:36:50.947+0000] {dagbag.py:537} INFO - Filling up the DagBag from /home/airflow/.local/lib/python3.7/site-packages/airflow/example_dags/example_sla_dag.py
[2024-09-24T04:36:50.981+0000] {processor.py:766} INFO - DAG(s) dict_keys(['example_sla_dag']) retrieved from /home/airflow/.local/lib/python3.7/site-packages/airflow/example_dags/example_sla_dag.py
[2024-09-24T04:36:51.040+0000] {logging_mixin.py:120} INFO - [2024-09-24T04:36:51.040+0000] {dag.py:2585} INFO - Sync 1 DAGs
[2024-09-24T04:36:51.087+0000] {logging_mixin.py:120} INFO - [2024-09-24T04:36:51.087+0000] {dag.py:3340} INFO - Setting next_dagrun for example_sla_dag to 2024-09-24T04:34:00+00:00, run_after=2024-09-24T04:36:00+00:00
[2024-09-24T04:36:51.114+0000] {processor.py:176} INFO - Processing /home/airflow/.local/lib/python3.7/site-packages/airflow/example_dags/example_sla_dag.py took 0.174 seconds
[2024-09-24T04:37:22.847+0000] {processor.py:154} INFO - Started process (PID=16118) to work on /home/airflow/.local/lib/python3.7/site-packages/airflow/example_dags/example_sla_dag.py
[2024-09-24T04:37:22.851+0000] {processor.py:756} INFO - Processing file /home/airflow/.local/lib/python3.7/site-packages/airflow/example_dags/example_sla_dag.py for tasks to queue
[2024-09-24T04:37:22.853+0000] {logging_mixin.py:120} INFO - [2024-09-24T04:37:22.853+0000] {dagbag.py:537} INFO - Filling up the DagBag from /home/airflow/.local/lib/python3.7/site-packages/airflow/example_dags/example_sla_dag.py
[2024-09-24T04:37:23.083+0000] {processor.py:766} INFO - DAG(s) dict_keys(['example_sla_dag']) retrieved from /home/airflow/.local/lib/python3.7/site-packages/airflow/example_dags/example_sla_dag.py
[2024-09-24T04:37:23.221+0000] {logging_mixin.py:120} INFO - [2024-09-24T04:37:23.220+0000] {dag.py:2585} INFO - Sync 1 DAGs
[2024-09-24T04:37:23.323+0000] {logging_mixin.py:120} INFO - [2024-09-24T04:37:23.322+0000] {dag.py:3340} INFO - Setting next_dagrun for example_sla_dag to 2024-09-24T04:34:00+00:00, run_after=2024-09-24T04:36:00+00:00
[2024-09-24T04:37:23.374+0000] {processor.py:176} INFO - Processing /home/airflow/.local/lib/python3.7/site-packages/airflow/example_dags/example_sla_dag.py took 0.541 seconds
[2024-09-24T04:37:59.377+0000] {processor.py:154} INFO - Started process (PID=16172) to work on /home/airflow/.local/lib/python3.7/site-packages/airflow/example_dags/example_sla_dag.py
[2024-09-24T04:37:59.379+0000] {processor.py:756} INFO - Processing file /home/airflow/.local/lib/python3.7/site-packages/airflow/example_dags/example_sla_dag.py for tasks to queue
[2024-09-24T04:37:59.382+0000] {logging_mixin.py:120} INFO - [2024-09-24T04:37:59.381+0000] {dagbag.py:537} INFO - Filling up the DagBag from /home/airflow/.local/lib/python3.7/site-packages/airflow/example_dags/example_sla_dag.py
[2024-09-24T04:37:59.415+0000] {processor.py:766} INFO - DAG(s) dict_keys(['example_sla_dag']) retrieved from /home/airflow/.local/lib/python3.7/site-packages/airflow/example_dags/example_sla_dag.py
[2024-09-24T04:37:59.468+0000] {logging_mixin.py:120} INFO - [2024-09-24T04:37:59.468+0000] {dag.py:2585} INFO - Sync 1 DAGs
[2024-09-24T04:37:59.509+0000] {logging_mixin.py:120} INFO - [2024-09-24T04:37:59.509+0000] {dag.py:3340} INFO - Setting next_dagrun for example_sla_dag to 2024-09-24T04:34:00+00:00, run_after=2024-09-24T04:36:00+00:00
[2024-09-24T04:37:59.547+0000] {processor.py:176} INFO - Processing /home/airflow/.local/lib/python3.7/site-packages/airflow/example_dags/example_sla_dag.py took 0.174 seconds
[2024-09-24T06:15:52.056+0000] {processor.py:154} INFO - Started process (PID=16204) to work on /home/airflow/.local/lib/python3.7/site-packages/airflow/example_dags/example_sla_dag.py
[2024-09-24T06:15:52.060+0000] {processor.py:756} INFO - Processing file /home/airflow/.local/lib/python3.7/site-packages/airflow/example_dags/example_sla_dag.py for tasks to queue
[2024-09-24T06:15:52.066+0000] {logging_mixin.py:120} INFO - [2024-09-24T06:15:52.065+0000] {dagbag.py:537} INFO - Filling up the DagBag from /home/airflow/.local/lib/python3.7/site-packages/airflow/example_dags/example_sla_dag.py
[2024-09-24T06:15:52.129+0000] {processor.py:766} INFO - DAG(s) dict_keys(['example_sla_dag']) retrieved from /home/airflow/.local/lib/python3.7/site-packages/airflow/example_dags/example_sla_dag.py
[2024-09-24T06:15:52.236+0000] {logging_mixin.py:120} INFO - [2024-09-24T06:15:52.236+0000] {dag.py:2585} INFO - Sync 1 DAGs
[2024-09-24T06:15:52.357+0000] {logging_mixin.py:120} INFO - [2024-09-24T06:15:52.357+0000] {dag.py:3340} INFO - Setting next_dagrun for example_sla_dag to 2024-09-24T06:12:00+00:00, run_after=2024-09-24T06:14:00+00:00
[2024-09-24T06:15:52.402+0000] {processor.py:176} INFO - Processing /home/airflow/.local/lib/python3.7/site-packages/airflow/example_dags/example_sla_dag.py took 0.354 seconds
[2024-09-24T06:31:00.297+0000] {processor.py:154} INFO - Started process (PID=16258) to work on /home/airflow/.local/lib/python3.7/site-packages/airflow/example_dags/example_sla_dag.py
[2024-09-24T06:31:00.301+0000] {processor.py:756} INFO - Processing file /home/airflow/.local/lib/python3.7/site-packages/airflow/example_dags/example_sla_dag.py for tasks to queue
[2024-09-24T06:31:00.303+0000] {logging_mixin.py:120} INFO - [2024-09-24T06:31:00.302+0000] {dagbag.py:537} INFO - Filling up the DagBag from /home/airflow/.local/lib/python3.7/site-packages/airflow/example_dags/example_sla_dag.py
[2024-09-24T06:31:00.347+0000] {processor.py:766} INFO - DAG(s) dict_keys(['example_sla_dag']) retrieved from /home/airflow/.local/lib/python3.7/site-packages/airflow/example_dags/example_sla_dag.py
[2024-09-24T06:31:00.436+0000] {logging_mixin.py:120} INFO - [2024-09-24T06:31:00.436+0000] {dag.py:2585} INFO - Sync 1 DAGs
[2024-09-24T06:31:00.500+0000] {logging_mixin.py:120} INFO - [2024-09-24T06:31:00.500+0000] {dag.py:3340} INFO - Setting next_dagrun for example_sla_dag to 2024-09-24T06:28:00+00:00, run_after=2024-09-24T06:30:00+00:00
[2024-09-24T06:31:00.537+0000] {processor.py:176} INFO - Processing /home/airflow/.local/lib/python3.7/site-packages/airflow/example_dags/example_sla_dag.py took 0.246 seconds
[2024-09-24T08:40:09.424+0000] {processor.py:154} INFO - Started process (PID=16319) to work on /home/airflow/.local/lib/python3.7/site-packages/airflow/example_dags/example_sla_dag.py
[2024-09-24T08:40:09.426+0000] {processor.py:756} INFO - Processing file /home/airflow/.local/lib/python3.7/site-packages/airflow/example_dags/example_sla_dag.py for tasks to queue
[2024-09-24T08:40:09.431+0000] {logging_mixin.py:120} INFO - [2024-09-24T08:40:09.430+0000] {dagbag.py:537} INFO - Filling up the DagBag from /home/airflow/.local/lib/python3.7/site-packages/airflow/example_dags/example_sla_dag.py
[2024-09-24T08:40:09.511+0000] {processor.py:766} INFO - DAG(s) dict_keys(['example_sla_dag']) retrieved from /home/airflow/.local/lib/python3.7/site-packages/airflow/example_dags/example_sla_dag.py
[2024-09-24T08:40:09.636+0000] {logging_mixin.py:120} INFO - [2024-09-24T08:40:09.636+0000] {dag.py:2585} INFO - Sync 1 DAGs
[2024-09-24T08:40:09.717+0000] {logging_mixin.py:120} INFO - [2024-09-24T08:40:09.717+0000] {dag.py:3340} INFO - Setting next_dagrun for example_sla_dag to 2024-09-24T08:38:00+00:00, run_after=2024-09-24T08:40:00+00:00
[2024-09-24T08:40:09.760+0000] {processor.py:176} INFO - Processing /home/airflow/.local/lib/python3.7/site-packages/airflow/example_dags/example_sla_dag.py took 0.343 seconds
[2024-09-24T11:11:18.101+0000] {processor.py:154} INFO - Started process (PID=16375) to work on /home/airflow/.local/lib/python3.7/site-packages/airflow/example_dags/example_sla_dag.py
[2024-09-24T11:11:18.104+0000] {processor.py:756} INFO - Processing file /home/airflow/.local/lib/python3.7/site-packages/airflow/example_dags/example_sla_dag.py for tasks to queue
[2024-09-24T11:11:18.107+0000] {logging_mixin.py:120} INFO - [2024-09-24T11:11:18.106+0000] {dagbag.py:537} INFO - Filling up the DagBag from /home/airflow/.local/lib/python3.7/site-packages/airflow/example_dags/example_sla_dag.py
[2024-09-24T11:11:18.163+0000] {processor.py:766} INFO - DAG(s) dict_keys(['example_sla_dag']) retrieved from /home/airflow/.local/lib/python3.7/site-packages/airflow/example_dags/example_sla_dag.py
[2024-09-24T11:11:18.283+0000] {logging_mixin.py:120} INFO - [2024-09-24T11:11:18.283+0000] {dag.py:2585} INFO - Sync 1 DAGs
[2024-09-24T11:11:18.365+0000] {logging_mixin.py:120} INFO - [2024-09-24T11:11:18.364+0000] {dag.py:3340} INFO - Setting next_dagrun for example_sla_dag to 2024-09-24T11:08:00+00:00, run_after=2024-09-24T11:10:00+00:00
[2024-09-24T11:11:18.417+0000] {processor.py:176} INFO - Processing /home/airflow/.local/lib/python3.7/site-packages/airflow/example_dags/example_sla_dag.py took 0.324 seconds
[2024-09-24T12:44:47.551+0000] {processor.py:154} INFO - Started process (PID=16438) to work on /home/airflow/.local/lib/python3.7/site-packages/airflow/example_dags/example_sla_dag.py
[2024-09-24T12:44:47.552+0000] {processor.py:756} INFO - Processing file /home/airflow/.local/lib/python3.7/site-packages/airflow/example_dags/example_sla_dag.py for tasks to queue
[2024-09-24T12:44:47.554+0000] {logging_mixin.py:120} INFO - [2024-09-24T12:44:47.553+0000] {dagbag.py:537} INFO - Filling up the DagBag from /home/airflow/.local/lib/python3.7/site-packages/airflow/example_dags/example_sla_dag.py
[2024-09-24T12:44:47.582+0000] {processor.py:766} INFO - DAG(s) dict_keys(['example_sla_dag']) retrieved from /home/airflow/.local/lib/python3.7/site-packages/airflow/example_dags/example_sla_dag.py
[2024-09-24T12:44:47.633+0000] {logging_mixin.py:120} INFO - [2024-09-24T12:44:47.633+0000] {dag.py:2585} INFO - Sync 1 DAGs
[2024-09-24T12:44:47.669+0000] {logging_mixin.py:120} INFO - [2024-09-24T12:44:47.669+0000] {dag.py:3340} INFO - Setting next_dagrun for example_sla_dag to 2024-09-24T12:42:00+00:00, run_after=2024-09-24T12:44:00+00:00
[2024-09-24T12:44:47.691+0000] {processor.py:176} INFO - Processing /home/airflow/.local/lib/python3.7/site-packages/airflow/example_dags/example_sla_dag.py took 0.144 seconds
[2024-09-24T14:24:38.379+0000] {processor.py:154} INFO - Started process (PID=16492) to work on /home/airflow/.local/lib/python3.7/site-packages/airflow/example_dags/example_sla_dag.py
[2024-09-24T14:24:38.381+0000] {processor.py:756} INFO - Processing file /home/airflow/.local/lib/python3.7/site-packages/airflow/example_dags/example_sla_dag.py for tasks to queue
[2024-09-24T14:24:38.383+0000] {logging_mixin.py:120} INFO - [2024-09-24T14:24:38.383+0000] {dagbag.py:537} INFO - Filling up the DagBag from /home/airflow/.local/lib/python3.7/site-packages/airflow/example_dags/example_sla_dag.py
[2024-09-24T14:24:38.424+0000] {processor.py:766} INFO - DAG(s) dict_keys(['example_sla_dag']) retrieved from /home/airflow/.local/lib/python3.7/site-packages/airflow/example_dags/example_sla_dag.py
[2024-09-24T14:24:38.495+0000] {logging_mixin.py:120} INFO - [2024-09-24T14:24:38.495+0000] {dag.py:2585} INFO - Sync 1 DAGs
[2024-09-24T14:24:38.544+0000] {logging_mixin.py:120} INFO - [2024-09-24T14:24:38.544+0000] {dag.py:3340} INFO - Setting next_dagrun for example_sla_dag to 2024-09-24T14:22:00+00:00, run_after=2024-09-24T14:24:00+00:00
[2024-09-24T14:24:38.575+0000] {processor.py:176} INFO - Processing /home/airflow/.local/lib/python3.7/site-packages/airflow/example_dags/example_sla_dag.py took 0.201 seconds
[2024-09-24T14:26:38.638+0000] {processor.py:154} INFO - Started process (PID=16555) to work on /home/airflow/.local/lib/python3.7/site-packages/airflow/example_dags/example_sla_dag.py
[2024-09-24T14:26:38.639+0000] {processor.py:756} INFO - Processing file /home/airflow/.local/lib/python3.7/site-packages/airflow/example_dags/example_sla_dag.py for tasks to queue
[2024-09-24T14:26:38.640+0000] {logging_mixin.py:120} INFO - [2024-09-24T14:26:38.640+0000] {dagbag.py:537} INFO - Filling up the DagBag from /home/airflow/.local/lib/python3.7/site-packages/airflow/example_dags/example_sla_dag.py
[2024-09-24T14:26:38.679+0000] {processor.py:766} INFO - DAG(s) dict_keys(['example_sla_dag']) retrieved from /home/airflow/.local/lib/python3.7/site-packages/airflow/example_dags/example_sla_dag.py
[2024-09-24T14:26:38.738+0000] {logging_mixin.py:120} INFO - [2024-09-24T14:26:38.738+0000] {dag.py:2585} INFO - Sync 1 DAGs
[2024-09-24T14:26:38.773+0000] {logging_mixin.py:120} INFO - [2024-09-24T14:26:38.773+0000] {dag.py:3340} INFO - Setting next_dagrun for example_sla_dag to 2024-09-24T14:24:00+00:00, run_after=2024-09-24T14:26:00+00:00
[2024-09-24T14:26:38.796+0000] {processor.py:176} INFO - Processing /home/airflow/.local/lib/python3.7/site-packages/airflow/example_dags/example_sla_dag.py took 0.164 seconds
[2024-09-24T15:01:01.502+0000] {processor.py:154} INFO - Started process (PID=16609) to work on /home/airflow/.local/lib/python3.7/site-packages/airflow/example_dags/example_sla_dag.py
[2024-09-24T15:01:01.503+0000] {processor.py:756} INFO - Processing file /home/airflow/.local/lib/python3.7/site-packages/airflow/example_dags/example_sla_dag.py for tasks to queue
[2024-09-24T15:01:01.505+0000] {logging_mixin.py:120} INFO - [2024-09-24T15:01:01.504+0000] {dagbag.py:537} INFO - Filling up the DagBag from /home/airflow/.local/lib/python3.7/site-packages/airflow/example_dags/example_sla_dag.py
[2024-09-24T15:01:01.540+0000] {processor.py:766} INFO - DAG(s) dict_keys(['example_sla_dag']) retrieved from /home/airflow/.local/lib/python3.7/site-packages/airflow/example_dags/example_sla_dag.py
[2024-09-24T15:01:01.606+0000] {logging_mixin.py:120} INFO - [2024-09-24T15:01:01.606+0000] {dag.py:2585} INFO - Sync 1 DAGs
[2024-09-24T15:01:01.662+0000] {logging_mixin.py:120} INFO - [2024-09-24T15:01:01.662+0000] {dag.py:3340} INFO - Setting next_dagrun for example_sla_dag to 2024-09-24T14:58:00+00:00, run_after=2024-09-24T15:00:00+00:00
[2024-09-24T15:01:01.698+0000] {processor.py:176} INFO - Processing /home/airflow/.local/lib/python3.7/site-packages/airflow/example_dags/example_sla_dag.py took 0.202 seconds
[2024-09-24T16:32:26.578+0000] {processor.py:154} INFO - Started process (PID=16672) to work on /home/airflow/.local/lib/python3.7/site-packages/airflow/example_dags/example_sla_dag.py
[2024-09-24T16:32:26.581+0000] {processor.py:756} INFO - Processing file /home/airflow/.local/lib/python3.7/site-packages/airflow/example_dags/example_sla_dag.py for tasks to queue
[2024-09-24T16:32:26.582+0000] {logging_mixin.py:120} INFO - [2024-09-24T16:32:26.582+0000] {dagbag.py:537} INFO - Filling up the DagBag from /home/airflow/.local/lib/python3.7/site-packages/airflow/example_dags/example_sla_dag.py
[2024-09-24T16:32:26.634+0000] {processor.py:766} INFO - DAG(s) dict_keys(['example_sla_dag']) retrieved from /home/airflow/.local/lib/python3.7/site-packages/airflow/example_dags/example_sla_dag.py
[2024-09-24T16:32:26.694+0000] {logging_mixin.py:120} INFO - [2024-09-24T16:32:26.694+0000] {dag.py:2585} INFO - Sync 1 DAGs
[2024-09-24T16:32:26.736+0000] {logging_mixin.py:120} INFO - [2024-09-24T16:32:26.736+0000] {dag.py:3340} INFO - Setting next_dagrun for example_sla_dag to 2024-09-24T16:30:00+00:00, run_after=2024-09-24T16:32:00+00:00
[2024-09-24T16:32:26.759+0000] {processor.py:176} INFO - Processing /home/airflow/.local/lib/python3.7/site-packages/airflow/example_dags/example_sla_dag.py took 0.188 seconds
[2024-09-24T16:38:47.695+0000] {processor.py:154} INFO - Started process (PID=16733) to work on /home/airflow/.local/lib/python3.7/site-packages/airflow/example_dags/example_sla_dag.py
[2024-09-24T16:38:47.698+0000] {processor.py:756} INFO - Processing file /home/airflow/.local/lib/python3.7/site-packages/airflow/example_dags/example_sla_dag.py for tasks to queue
[2024-09-24T16:38:47.703+0000] {logging_mixin.py:120} INFO - [2024-09-24T16:38:47.703+0000] {dagbag.py:537} INFO - Filling up the DagBag from /home/airflow/.local/lib/python3.7/site-packages/airflow/example_dags/example_sla_dag.py
[2024-09-24T16:38:47.834+0000] {processor.py:766} INFO - DAG(s) dict_keys(['example_sla_dag']) retrieved from /home/airflow/.local/lib/python3.7/site-packages/airflow/example_dags/example_sla_dag.py
[2024-09-24T16:38:48.057+0000] {logging_mixin.py:120} INFO - [2024-09-24T16:38:48.057+0000] {dag.py:2585} INFO - Sync 1 DAGs
[2024-09-24T16:38:48.120+0000] {logging_mixin.py:120} INFO - [2024-09-24T16:38:48.120+0000] {dag.py:3340} INFO - Setting next_dagrun for example_sla_dag to 2024-09-24T16:36:00+00:00, run_after=2024-09-24T16:38:00+00:00
[2024-09-24T16:38:48.170+0000] {processor.py:176} INFO - Processing /home/airflow/.local/lib/python3.7/site-packages/airflow/example_dags/example_sla_dag.py took 0.481 seconds
[2024-09-24T17:03:33.972+0000] {processor.py:154} INFO - Started process (PID=16780) to work on /home/airflow/.local/lib/python3.7/site-packages/airflow/example_dags/example_sla_dag.py
[2024-09-24T17:03:33.986+0000] {processor.py:756} INFO - Processing file /home/airflow/.local/lib/python3.7/site-packages/airflow/example_dags/example_sla_dag.py for tasks to queue
[2024-09-24T17:03:33.994+0000] {logging_mixin.py:120} INFO - [2024-09-24T17:03:33.993+0000] {dagbag.py:537} INFO - Filling up the DagBag from /home/airflow/.local/lib/python3.7/site-packages/airflow/example_dags/example_sla_dag.py
[2024-09-24T17:03:34.210+0000] {processor.py:766} INFO - DAG(s) dict_keys(['example_sla_dag']) retrieved from /home/airflow/.local/lib/python3.7/site-packages/airflow/example_dags/example_sla_dag.py
[2024-09-24T17:03:34.526+0000] {logging_mixin.py:120} INFO - [2024-09-24T17:03:34.524+0000] {dag.py:2585} INFO - Sync 1 DAGs
[2024-09-24T17:03:34.787+0000] {logging_mixin.py:120} INFO - [2024-09-24T17:03:34.786+0000] {dag.py:3340} INFO - Setting next_dagrun for example_sla_dag to 2024-09-24T17:00:00+00:00, run_after=2024-09-24T17:02:00+00:00
[2024-09-24T17:03:35.048+0000] {processor.py:176} INFO - Processing /home/airflow/.local/lib/python3.7/site-packages/airflow/example_dags/example_sla_dag.py took 1.113 seconds
[2024-09-24T17:24:24.829+0000] {processor.py:154} INFO - Started process (PID=16834) to work on /home/airflow/.local/lib/python3.7/site-packages/airflow/example_dags/example_sla_dag.py
[2024-09-24T17:24:24.838+0000] {processor.py:756} INFO - Processing file /home/airflow/.local/lib/python3.7/site-packages/airflow/example_dags/example_sla_dag.py for tasks to queue
[2024-09-24T17:24:24.845+0000] {logging_mixin.py:120} INFO - [2024-09-24T17:24:24.844+0000] {dagbag.py:537} INFO - Filling up the DagBag from /home/airflow/.local/lib/python3.7/site-packages/airflow/example_dags/example_sla_dag.py
[2024-09-24T17:24:25.056+0000] {processor.py:766} INFO - DAG(s) dict_keys(['example_sla_dag']) retrieved from /home/airflow/.local/lib/python3.7/site-packages/airflow/example_dags/example_sla_dag.py
[2024-09-24T17:24:25.438+0000] {logging_mixin.py:120} INFO - [2024-09-24T17:24:25.436+0000] {dag.py:2585} INFO - Sync 1 DAGs
[2024-09-24T17:24:25.738+0000] {logging_mixin.py:120} INFO - [2024-09-24T17:24:25.737+0000] {dag.py:3340} INFO - Setting next_dagrun for example_sla_dag to 2024-09-24T17:22:00+00:00, run_after=2024-09-24T17:24:00+00:00
[2024-09-24T17:24:25.916+0000] {processor.py:176} INFO - Processing /home/airflow/.local/lib/python3.7/site-packages/airflow/example_dags/example_sla_dag.py took 1.116 seconds
[2024-09-24T18:04:30.530+0000] {processor.py:154} INFO - Started process (PID=16888) to work on /home/airflow/.local/lib/python3.7/site-packages/airflow/example_dags/example_sla_dag.py
[2024-09-24T18:04:30.540+0000] {processor.py:756} INFO - Processing file /home/airflow/.local/lib/python3.7/site-packages/airflow/example_dags/example_sla_dag.py for tasks to queue
[2024-09-24T18:04:30.547+0000] {logging_mixin.py:120} INFO - [2024-09-24T18:04:30.546+0000] {dagbag.py:537} INFO - Filling up the DagBag from /home/airflow/.local/lib/python3.7/site-packages/airflow/example_dags/example_sla_dag.py
[2024-09-24T18:04:30.824+0000] {processor.py:766} INFO - DAG(s) dict_keys(['example_sla_dag']) retrieved from /home/airflow/.local/lib/python3.7/site-packages/airflow/example_dags/example_sla_dag.py
[2024-09-24T18:04:31.235+0000] {logging_mixin.py:120} INFO - [2024-09-24T18:04:31.234+0000] {dag.py:2585} INFO - Sync 1 DAGs
[2024-09-24T18:04:31.570+0000] {logging_mixin.py:120} INFO - [2024-09-24T18:04:31.569+0000] {dag.py:3340} INFO - Setting next_dagrun for example_sla_dag to 2024-09-24T18:02:00+00:00, run_after=2024-09-24T18:04:00+00:00
[2024-09-24T18:04:31.764+0000] {processor.py:176} INFO - Processing /home/airflow/.local/lib/python3.7/site-packages/airflow/example_dags/example_sla_dag.py took 1.264 seconds
[2024-09-24T19:05:30.743+0000] {processor.py:154} INFO - Started process (PID=16942) to work on /home/airflow/.local/lib/python3.7/site-packages/airflow/example_dags/example_sla_dag.py
[2024-09-24T19:05:30.762+0000] {processor.py:756} INFO - Processing file /home/airflow/.local/lib/python3.7/site-packages/airflow/example_dags/example_sla_dag.py for tasks to queue
[2024-09-24T19:05:30.772+0000] {logging_mixin.py:120} INFO - [2024-09-24T19:05:30.771+0000] {dagbag.py:537} INFO - Filling up the DagBag from /home/airflow/.local/lib/python3.7/site-packages/airflow/example_dags/example_sla_dag.py
[2024-09-24T19:05:31.042+0000] {processor.py:766} INFO - DAG(s) dict_keys(['example_sla_dag']) retrieved from /home/airflow/.local/lib/python3.7/site-packages/airflow/example_dags/example_sla_dag.py
[2024-09-24T19:05:31.477+0000] {logging_mixin.py:120} INFO - [2024-09-24T19:05:31.475+0000] {dag.py:2585} INFO - Sync 1 DAGs
[2024-09-24T19:05:31.800+0000] {logging_mixin.py:120} INFO - [2024-09-24T19:05:31.799+0000] {dag.py:3340} INFO - Setting next_dagrun for example_sla_dag to 2024-09-24T19:02:00+00:00, run_after=2024-09-24T19:04:00+00:00
[2024-09-24T19:05:31.980+0000] {processor.py:176} INFO - Processing /home/airflow/.local/lib/python3.7/site-packages/airflow/example_dags/example_sla_dag.py took 1.274 seconds
[2024-09-24T20:06:34.679+0000] {processor.py:154} INFO - Started process (PID=16987) to work on /home/airflow/.local/lib/python3.7/site-packages/airflow/example_dags/example_sla_dag.py
[2024-09-24T20:06:34.689+0000] {processor.py:756} INFO - Processing file /home/airflow/.local/lib/python3.7/site-packages/airflow/example_dags/example_sla_dag.py for tasks to queue
[2024-09-24T20:06:34.695+0000] {logging_mixin.py:120} INFO - [2024-09-24T20:06:34.694+0000] {dagbag.py:537} INFO - Filling up the DagBag from /home/airflow/.local/lib/python3.7/site-packages/airflow/example_dags/example_sla_dag.py
[2024-09-24T20:06:34.896+0000] {processor.py:766} INFO - DAG(s) dict_keys(['example_sla_dag']) retrieved from /home/airflow/.local/lib/python3.7/site-packages/airflow/example_dags/example_sla_dag.py
[2024-09-24T20:06:35.229+0000] {logging_mixin.py:120} INFO - [2024-09-24T20:06:35.227+0000] {dag.py:2585} INFO - Sync 1 DAGs
[2024-09-24T20:06:35.508+0000] {logging_mixin.py:120} INFO - [2024-09-24T20:06:35.507+0000] {dag.py:3340} INFO - Setting next_dagrun for example_sla_dag to 2024-09-24T20:04:00+00:00, run_after=2024-09-24T20:06:00+00:00
[2024-09-24T20:06:35.627+0000] {processor.py:176} INFO - Processing /home/airflow/.local/lib/python3.7/site-packages/airflow/example_dags/example_sla_dag.py took 0.975 seconds
[2024-09-24T22:08:21.915+0000] {processor.py:154} INFO - Started process (PID=17041) to work on /home/airflow/.local/lib/python3.7/site-packages/airflow/example_dags/example_sla_dag.py
[2024-09-24T22:08:21.917+0000] {processor.py:756} INFO - Processing file /home/airflow/.local/lib/python3.7/site-packages/airflow/example_dags/example_sla_dag.py for tasks to queue
[2024-09-24T22:08:21.920+0000] {logging_mixin.py:120} INFO - [2024-09-24T22:08:21.920+0000] {dagbag.py:537} INFO - Filling up the DagBag from /home/airflow/.local/lib/python3.7/site-packages/airflow/example_dags/example_sla_dag.py
[2024-09-24T22:08:21.956+0000] {processor.py:766} INFO - DAG(s) dict_keys(['example_sla_dag']) retrieved from /home/airflow/.local/lib/python3.7/site-packages/airflow/example_dags/example_sla_dag.py
[2024-09-24T22:08:22.020+0000] {logging_mixin.py:120} INFO - [2024-09-24T22:08:22.020+0000] {dag.py:2585} INFO - Sync 1 DAGs
[2024-09-24T22:08:22.057+0000] {logging_mixin.py:120} INFO - [2024-09-24T22:08:22.057+0000] {dag.py:3340} INFO - Setting next_dagrun for example_sla_dag to 2024-09-24T22:06:00+00:00, run_after=2024-09-24T22:08:00+00:00
[2024-09-24T22:08:22.093+0000] {processor.py:176} INFO - Processing /home/airflow/.local/lib/python3.7/site-packages/airflow/example_dags/example_sla_dag.py took 0.183 seconds
