[2024-09-24T01:38:15.728+0000] {processor.py:154} INFO - Started process (PID=13863) to work on /home/airflow/.local/lib/python3.7/site-packages/airflow/example_dags/example_time_delta_sensor_async.py
[2024-09-24T01:38:15.730+0000] {processor.py:756} INFO - Processing file /home/airflow/.local/lib/python3.7/site-packages/airflow/example_dags/example_time_delta_sensor_async.py for tasks to queue
[2024-09-24T01:38:15.731+0000] {logging_mixin.py:120} INFO - [2024-09-24T01:38:15.731+0000] {dagbag.py:537} INFO - Filling up the DagBag from /home/airflow/.local/lib/python3.7/site-packages/airflow/example_dags/example_time_delta_sensor_async.py
[2024-09-24T01:38:15.752+0000] {processor.py:766} INFO - DAG(s) dict_keys(['example_time_delta_sensor_async']) retrieved from /home/airflow/.local/lib/python3.7/site-packages/airflow/example_dags/example_time_delta_sensor_async.py
[2024-09-24T01:38:16.038+0000] {logging_mixin.py:120} INFO - [2024-09-24T01:38:16.038+0000] {dag.py:2585} INFO - Sync 1 DAGs
[2024-09-24T01:38:16.068+0000] {logging_mixin.py:120} INFO - [2024-09-24T01:38:16.068+0000] {dag.py:3340} INFO - Setting next_dagrun for example_time_delta_sensor_async to None, run_after=None
[2024-09-24T01:38:16.094+0000] {processor.py:176} INFO - Processing /home/airflow/.local/lib/python3.7/site-packages/airflow/example_dags/example_time_delta_sensor_async.py took 0.373 seconds
[2024-09-24T01:41:39.275+0000] {processor.py:154} INFO - Started process (PID=13917) to work on /home/airflow/.local/lib/python3.7/site-packages/airflow/example_dags/example_time_delta_sensor_async.py
[2024-09-24T01:41:39.276+0000] {processor.py:756} INFO - Processing file /home/airflow/.local/lib/python3.7/site-packages/airflow/example_dags/example_time_delta_sensor_async.py for tasks to queue
[2024-09-24T01:41:39.277+0000] {logging_mixin.py:120} INFO - [2024-09-24T01:41:39.277+0000] {dagbag.py:537} INFO - Filling up the DagBag from /home/airflow/.local/lib/python3.7/site-packages/airflow/example_dags/example_time_delta_sensor_async.py
[2024-09-24T01:41:39.293+0000] {processor.py:766} INFO - DAG(s) dict_keys(['example_time_delta_sensor_async']) retrieved from /home/airflow/.local/lib/python3.7/site-packages/airflow/example_dags/example_time_delta_sensor_async.py
[2024-09-24T01:41:39.585+0000] {logging_mixin.py:120} INFO - [2024-09-24T01:41:39.585+0000] {dag.py:2585} INFO - Sync 1 DAGs
[2024-09-24T01:41:39.629+0000] {logging_mixin.py:120} INFO - [2024-09-24T01:41:39.629+0000] {dag.py:3340} INFO - Setting next_dagrun for example_time_delta_sensor_async to None, run_after=None
[2024-09-24T01:41:39.660+0000] {processor.py:176} INFO - Processing /home/airflow/.local/lib/python3.7/site-packages/airflow/example_dags/example_time_delta_sensor_async.py took 0.390 seconds
[2024-09-24T03:27:54.605+0000] {processor.py:154} INFO - Started process (PID=13980) to work on /home/airflow/.local/lib/python3.7/site-packages/airflow/example_dags/example_time_delta_sensor_async.py
[2024-09-24T03:27:54.609+0000] {processor.py:756} INFO - Processing file /home/airflow/.local/lib/python3.7/site-packages/airflow/example_dags/example_time_delta_sensor_async.py for tasks to queue
[2024-09-24T03:27:54.610+0000] {logging_mixin.py:120} INFO - [2024-09-24T03:27:54.610+0000] {dagbag.py:537} INFO - Filling up the DagBag from /home/airflow/.local/lib/python3.7/site-packages/airflow/example_dags/example_time_delta_sensor_async.py
[2024-09-24T03:27:54.633+0000] {processor.py:766} INFO - DAG(s) dict_keys(['example_time_delta_sensor_async']) retrieved from /home/airflow/.local/lib/python3.7/site-packages/airflow/example_dags/example_time_delta_sensor_async.py
[2024-09-24T03:27:54.971+0000] {logging_mixin.py:120} INFO - [2024-09-24T03:27:54.971+0000] {dag.py:2585} INFO - Sync 1 DAGs
[2024-09-24T03:27:55.016+0000] {logging_mixin.py:120} INFO - [2024-09-24T03:27:55.015+0000] {dag.py:3340} INFO - Setting next_dagrun for example_time_delta_sensor_async to None, run_after=None
[2024-09-24T03:27:55.046+0000] {processor.py:176} INFO - Processing /home/airflow/.local/lib/python3.7/site-packages/airflow/example_dags/example_time_delta_sensor_async.py took 0.448 seconds
[2024-09-24T04:19:33.365+0000] {processor.py:154} INFO - Started process (PID=14034) to work on /home/airflow/.local/lib/python3.7/site-packages/airflow/example_dags/example_time_delta_sensor_async.py
[2024-09-24T04:19:33.371+0000] {processor.py:756} INFO - Processing file /home/airflow/.local/lib/python3.7/site-packages/airflow/example_dags/example_time_delta_sensor_async.py for tasks to queue
[2024-09-24T04:19:33.377+0000] {logging_mixin.py:120} INFO - [2024-09-24T04:19:33.374+0000] {dagbag.py:537} INFO - Filling up the DagBag from /home/airflow/.local/lib/python3.7/site-packages/airflow/example_dags/example_time_delta_sensor_async.py
[2024-09-24T04:19:33.454+0000] {processor.py:766} INFO - DAG(s) dict_keys(['example_time_delta_sensor_async']) retrieved from /home/airflow/.local/lib/python3.7/site-packages/airflow/example_dags/example_time_delta_sensor_async.py
[2024-09-24T04:19:34.659+0000] {logging_mixin.py:120} INFO - [2024-09-24T04:19:34.658+0000] {dag.py:2585} INFO - Sync 1 DAGs
[2024-09-24T04:19:34.728+0000] {logging_mixin.py:120} INFO - [2024-09-24T04:19:34.727+0000] {dag.py:3340} INFO - Setting next_dagrun for example_time_delta_sensor_async to None, run_after=None
[2024-09-24T04:19:34.824+0000] {processor.py:176} INFO - Processing /home/airflow/.local/lib/python3.7/site-packages/airflow/example_dags/example_time_delta_sensor_async.py took 1.468 seconds
[2024-09-24T04:20:05.156+0000] {processor.py:154} INFO - Started process (PID=14097) to work on /home/airflow/.local/lib/python3.7/site-packages/airflow/example_dags/example_time_delta_sensor_async.py
[2024-09-24T04:20:05.157+0000] {processor.py:756} INFO - Processing file /home/airflow/.local/lib/python3.7/site-packages/airflow/example_dags/example_time_delta_sensor_async.py for tasks to queue
[2024-09-24T04:20:05.159+0000] {logging_mixin.py:120} INFO - [2024-09-24T04:20:05.159+0000] {dagbag.py:537} INFO - Filling up the DagBag from /home/airflow/.local/lib/python3.7/site-packages/airflow/example_dags/example_time_delta_sensor_async.py
[2024-09-24T04:20:05.175+0000] {processor.py:766} INFO - DAG(s) dict_keys(['example_time_delta_sensor_async']) retrieved from /home/airflow/.local/lib/python3.7/site-packages/airflow/example_dags/example_time_delta_sensor_async.py
[2024-09-24T04:20:05.398+0000] {logging_mixin.py:120} INFO - [2024-09-24T04:20:05.398+0000] {dag.py:2585} INFO - Sync 1 DAGs
[2024-09-24T04:20:05.421+0000] {logging_mixin.py:120} INFO - [2024-09-24T04:20:05.421+0000] {dag.py:3340} INFO - Setting next_dagrun for example_time_delta_sensor_async to None, run_after=None
[2024-09-24T04:20:05.439+0000] {processor.py:176} INFO - Processing /home/airflow/.local/lib/python3.7/site-packages/airflow/example_dags/example_time_delta_sensor_async.py took 0.287 seconds
[2024-09-24T04:20:35.739+0000] {processor.py:154} INFO - Started process (PID=14157) to work on /home/airflow/.local/lib/python3.7/site-packages/airflow/example_dags/example_time_delta_sensor_async.py
[2024-09-24T04:20:35.740+0000] {processor.py:756} INFO - Processing file /home/airflow/.local/lib/python3.7/site-packages/airflow/example_dags/example_time_delta_sensor_async.py for tasks to queue
[2024-09-24T04:20:35.742+0000] {logging_mixin.py:120} INFO - [2024-09-24T04:20:35.742+0000] {dagbag.py:537} INFO - Filling up the DagBag from /home/airflow/.local/lib/python3.7/site-packages/airflow/example_dags/example_time_delta_sensor_async.py
[2024-09-24T04:20:35.756+0000] {processor.py:766} INFO - DAG(s) dict_keys(['example_time_delta_sensor_async']) retrieved from /home/airflow/.local/lib/python3.7/site-packages/airflow/example_dags/example_time_delta_sensor_async.py
[2024-09-24T04:20:35.987+0000] {logging_mixin.py:120} INFO - [2024-09-24T04:20:35.986+0000] {dag.py:2585} INFO - Sync 1 DAGs
[2024-09-24T04:20:36.012+0000] {logging_mixin.py:120} INFO - [2024-09-24T04:20:36.012+0000] {dag.py:3340} INFO - Setting next_dagrun for example_time_delta_sensor_async to None, run_after=None
[2024-09-24T04:20:36.031+0000] {processor.py:176} INFO - Processing /home/airflow/.local/lib/python3.7/site-packages/airflow/example_dags/example_time_delta_sensor_async.py took 0.296 seconds
[2024-09-24T04:21:06.236+0000] {processor.py:154} INFO - Started process (PID=14213) to work on /home/airflow/.local/lib/python3.7/site-packages/airflow/example_dags/example_time_delta_sensor_async.py
[2024-09-24T04:21:06.238+0000] {processor.py:756} INFO - Processing file /home/airflow/.local/lib/python3.7/site-packages/airflow/example_dags/example_time_delta_sensor_async.py for tasks to queue
[2024-09-24T04:21:06.240+0000] {logging_mixin.py:120} INFO - [2024-09-24T04:21:06.240+0000] {dagbag.py:537} INFO - Filling up the DagBag from /home/airflow/.local/lib/python3.7/site-packages/airflow/example_dags/example_time_delta_sensor_async.py
[2024-09-24T04:21:06.272+0000] {processor.py:766} INFO - DAG(s) dict_keys(['example_time_delta_sensor_async']) retrieved from /home/airflow/.local/lib/python3.7/site-packages/airflow/example_dags/example_time_delta_sensor_async.py
[2024-09-24T04:21:06.626+0000] {logging_mixin.py:120} INFO - [2024-09-24T04:21:06.626+0000] {dag.py:2585} INFO - Sync 1 DAGs
[2024-09-24T04:21:06.658+0000] {logging_mixin.py:120} INFO - [2024-09-24T04:21:06.658+0000] {dag.py:3340} INFO - Setting next_dagrun for example_time_delta_sensor_async to None, run_after=None
[2024-09-24T04:21:06.688+0000] {processor.py:176} INFO - Processing /home/airflow/.local/lib/python3.7/site-packages/airflow/example_dags/example_time_delta_sensor_async.py took 0.460 seconds
[2024-09-24T04:21:36.716+0000] {processor.py:154} INFO - Started process (PID=14276) to work on /home/airflow/.local/lib/python3.7/site-packages/airflow/example_dags/example_time_delta_sensor_async.py
[2024-09-24T04:21:36.719+0000] {processor.py:756} INFO - Processing file /home/airflow/.local/lib/python3.7/site-packages/airflow/example_dags/example_time_delta_sensor_async.py for tasks to queue
[2024-09-24T04:21:36.741+0000] {logging_mixin.py:120} INFO - [2024-09-24T04:21:36.740+0000] {dagbag.py:537} INFO - Filling up the DagBag from /home/airflow/.local/lib/python3.7/site-packages/airflow/example_dags/example_time_delta_sensor_async.py
[2024-09-24T04:21:36.763+0000] {processor.py:766} INFO - DAG(s) dict_keys(['example_time_delta_sensor_async']) retrieved from /home/airflow/.local/lib/python3.7/site-packages/airflow/example_dags/example_time_delta_sensor_async.py
[2024-09-24T04:21:37.086+0000] {logging_mixin.py:120} INFO - [2024-09-24T04:21:37.085+0000] {dag.py:2585} INFO - Sync 1 DAGs
[2024-09-24T04:21:37.123+0000] {logging_mixin.py:120} INFO - [2024-09-24T04:21:37.123+0000] {dag.py:3340} INFO - Setting next_dagrun for example_time_delta_sensor_async to None, run_after=None
[2024-09-24T04:21:37.147+0000] {processor.py:176} INFO - Processing /home/airflow/.local/lib/python3.7/site-packages/airflow/example_dags/example_time_delta_sensor_async.py took 0.438 seconds
[2024-09-24T04:22:07.199+0000] {processor.py:154} INFO - Started process (PID=14332) to work on /home/airflow/.local/lib/python3.7/site-packages/airflow/example_dags/example_time_delta_sensor_async.py
[2024-09-24T04:22:07.200+0000] {processor.py:756} INFO - Processing file /home/airflow/.local/lib/python3.7/site-packages/airflow/example_dags/example_time_delta_sensor_async.py for tasks to queue
[2024-09-24T04:22:07.201+0000] {logging_mixin.py:120} INFO - [2024-09-24T04:22:07.201+0000] {dagbag.py:537} INFO - Filling up the DagBag from /home/airflow/.local/lib/python3.7/site-packages/airflow/example_dags/example_time_delta_sensor_async.py
[2024-09-24T04:22:07.216+0000] {processor.py:766} INFO - DAG(s) dict_keys(['example_time_delta_sensor_async']) retrieved from /home/airflow/.local/lib/python3.7/site-packages/airflow/example_dags/example_time_delta_sensor_async.py
[2024-09-24T04:22:07.438+0000] {logging_mixin.py:120} INFO - [2024-09-24T04:22:07.438+0000] {dag.py:2585} INFO - Sync 1 DAGs
[2024-09-24T04:22:07.464+0000] {logging_mixin.py:120} INFO - [2024-09-24T04:22:07.464+0000] {dag.py:3340} INFO - Setting next_dagrun for example_time_delta_sensor_async to None, run_after=None
[2024-09-24T04:22:07.483+0000] {processor.py:176} INFO - Processing /home/airflow/.local/lib/python3.7/site-packages/airflow/example_dags/example_time_delta_sensor_async.py took 0.287 seconds
[2024-09-24T04:22:37.858+0000] {processor.py:154} INFO - Started process (PID=14394) to work on /home/airflow/.local/lib/python3.7/site-packages/airflow/example_dags/example_time_delta_sensor_async.py
[2024-09-24T04:22:37.859+0000] {processor.py:756} INFO - Processing file /home/airflow/.local/lib/python3.7/site-packages/airflow/example_dags/example_time_delta_sensor_async.py for tasks to queue
[2024-09-24T04:22:37.860+0000] {logging_mixin.py:120} INFO - [2024-09-24T04:22:37.860+0000] {dagbag.py:537} INFO - Filling up the DagBag from /home/airflow/.local/lib/python3.7/site-packages/airflow/example_dags/example_time_delta_sensor_async.py
[2024-09-24T04:22:37.878+0000] {processor.py:766} INFO - DAG(s) dict_keys(['example_time_delta_sensor_async']) retrieved from /home/airflow/.local/lib/python3.7/site-packages/airflow/example_dags/example_time_delta_sensor_async.py
[2024-09-24T04:22:38.117+0000] {logging_mixin.py:120} INFO - [2024-09-24T04:22:38.117+0000] {dag.py:2585} INFO - Sync 1 DAGs
[2024-09-24T04:22:38.142+0000] {logging_mixin.py:120} INFO - [2024-09-24T04:22:38.142+0000] {dag.py:3340} INFO - Setting next_dagrun for example_time_delta_sensor_async to None, run_after=None
[2024-09-24T04:22:38.165+0000] {processor.py:176} INFO - Processing /home/airflow/.local/lib/python3.7/site-packages/airflow/example_dags/example_time_delta_sensor_async.py took 0.313 seconds
[2024-09-24T04:23:08.838+0000] {processor.py:154} INFO - Started process (PID=14457) to work on /home/airflow/.local/lib/python3.7/site-packages/airflow/example_dags/example_time_delta_sensor_async.py
[2024-09-24T04:23:08.839+0000] {processor.py:756} INFO - Processing file /home/airflow/.local/lib/python3.7/site-packages/airflow/example_dags/example_time_delta_sensor_async.py for tasks to queue
[2024-09-24T04:23:08.840+0000] {logging_mixin.py:120} INFO - [2024-09-24T04:23:08.840+0000] {dagbag.py:537} INFO - Filling up the DagBag from /home/airflow/.local/lib/python3.7/site-packages/airflow/example_dags/example_time_delta_sensor_async.py
[2024-09-24T04:23:08.853+0000] {processor.py:766} INFO - DAG(s) dict_keys(['example_time_delta_sensor_async']) retrieved from /home/airflow/.local/lib/python3.7/site-packages/airflow/example_dags/example_time_delta_sensor_async.py
[2024-09-24T04:23:09.102+0000] {logging_mixin.py:120} INFO - [2024-09-24T04:23:09.102+0000] {dag.py:2585} INFO - Sync 1 DAGs
[2024-09-24T04:23:09.131+0000] {logging_mixin.py:120} INFO - [2024-09-24T04:23:09.131+0000] {dag.py:3340} INFO - Setting next_dagrun for example_time_delta_sensor_async to None, run_after=None
[2024-09-24T04:23:09.159+0000] {processor.py:176} INFO - Processing /home/airflow/.local/lib/python3.7/site-packages/airflow/example_dags/example_time_delta_sensor_async.py took 0.325 seconds
[2024-09-24T04:23:40.062+0000] {processor.py:154} INFO - Started process (PID=14520) to work on /home/airflow/.local/lib/python3.7/site-packages/airflow/example_dags/example_time_delta_sensor_async.py
[2024-09-24T04:23:40.063+0000] {processor.py:756} INFO - Processing file /home/airflow/.local/lib/python3.7/site-packages/airflow/example_dags/example_time_delta_sensor_async.py for tasks to queue
[2024-09-24T04:23:40.065+0000] {logging_mixin.py:120} INFO - [2024-09-24T04:23:40.064+0000] {dagbag.py:537} INFO - Filling up the DagBag from /home/airflow/.local/lib/python3.7/site-packages/airflow/example_dags/example_time_delta_sensor_async.py
[2024-09-24T04:23:40.082+0000] {processor.py:766} INFO - DAG(s) dict_keys(['example_time_delta_sensor_async']) retrieved from /home/airflow/.local/lib/python3.7/site-packages/airflow/example_dags/example_time_delta_sensor_async.py
[2024-09-24T04:23:40.302+0000] {logging_mixin.py:120} INFO - [2024-09-24T04:23:40.302+0000] {dag.py:2585} INFO - Sync 1 DAGs
[2024-09-24T04:23:40.327+0000] {logging_mixin.py:120} INFO - [2024-09-24T04:23:40.327+0000] {dag.py:3340} INFO - Setting next_dagrun for example_time_delta_sensor_async to None, run_after=None
[2024-09-24T04:23:40.346+0000] {processor.py:176} INFO - Processing /home/airflow/.local/lib/python3.7/site-packages/airflow/example_dags/example_time_delta_sensor_async.py took 0.289 seconds
[2024-09-24T04:24:10.426+0000] {processor.py:154} INFO - Started process (PID=14573) to work on /home/airflow/.local/lib/python3.7/site-packages/airflow/example_dags/example_time_delta_sensor_async.py
[2024-09-24T04:24:10.427+0000] {processor.py:756} INFO - Processing file /home/airflow/.local/lib/python3.7/site-packages/airflow/example_dags/example_time_delta_sensor_async.py for tasks to queue
[2024-09-24T04:24:10.428+0000] {logging_mixin.py:120} INFO - [2024-09-24T04:24:10.428+0000] {dagbag.py:537} INFO - Filling up the DagBag from /home/airflow/.local/lib/python3.7/site-packages/airflow/example_dags/example_time_delta_sensor_async.py
[2024-09-24T04:24:10.445+0000] {processor.py:766} INFO - DAG(s) dict_keys(['example_time_delta_sensor_async']) retrieved from /home/airflow/.local/lib/python3.7/site-packages/airflow/example_dags/example_time_delta_sensor_async.py
[2024-09-24T04:24:10.670+0000] {logging_mixin.py:120} INFO - [2024-09-24T04:24:10.670+0000] {dag.py:2585} INFO - Sync 1 DAGs
[2024-09-24T04:24:10.694+0000] {logging_mixin.py:120} INFO - [2024-09-24T04:24:10.694+0000] {dag.py:3340} INFO - Setting next_dagrun for example_time_delta_sensor_async to None, run_after=None
[2024-09-24T04:24:10.715+0000] {processor.py:176} INFO - Processing /home/airflow/.local/lib/python3.7/site-packages/airflow/example_dags/example_time_delta_sensor_async.py took 0.294 seconds
[2024-09-24T04:24:41.312+0000] {processor.py:154} INFO - Started process (PID=14636) to work on /home/airflow/.local/lib/python3.7/site-packages/airflow/example_dags/example_time_delta_sensor_async.py
[2024-09-24T04:24:41.314+0000] {processor.py:756} INFO - Processing file /home/airflow/.local/lib/python3.7/site-packages/airflow/example_dags/example_time_delta_sensor_async.py for tasks to queue
[2024-09-24T04:24:41.315+0000] {logging_mixin.py:120} INFO - [2024-09-24T04:24:41.315+0000] {dagbag.py:537} INFO - Filling up the DagBag from /home/airflow/.local/lib/python3.7/site-packages/airflow/example_dags/example_time_delta_sensor_async.py
[2024-09-24T04:24:41.332+0000] {processor.py:766} INFO - DAG(s) dict_keys(['example_time_delta_sensor_async']) retrieved from /home/airflow/.local/lib/python3.7/site-packages/airflow/example_dags/example_time_delta_sensor_async.py
[2024-09-24T04:24:41.580+0000] {logging_mixin.py:120} INFO - [2024-09-24T04:24:41.580+0000] {dag.py:2585} INFO - Sync 1 DAGs
[2024-09-24T04:24:41.605+0000] {logging_mixin.py:120} INFO - [2024-09-24T04:24:41.605+0000] {dag.py:3340} INFO - Setting next_dagrun for example_time_delta_sensor_async to None, run_after=None
[2024-09-24T04:24:41.625+0000] {processor.py:176} INFO - Processing /home/airflow/.local/lib/python3.7/site-packages/airflow/example_dags/example_time_delta_sensor_async.py took 0.318 seconds
[2024-09-24T04:25:11.649+0000] {processor.py:154} INFO - Started process (PID=14699) to work on /home/airflow/.local/lib/python3.7/site-packages/airflow/example_dags/example_time_delta_sensor_async.py
[2024-09-24T04:25:11.650+0000] {processor.py:756} INFO - Processing file /home/airflow/.local/lib/python3.7/site-packages/airflow/example_dags/example_time_delta_sensor_async.py for tasks to queue
[2024-09-24T04:25:11.651+0000] {logging_mixin.py:120} INFO - [2024-09-24T04:25:11.651+0000] {dagbag.py:537} INFO - Filling up the DagBag from /home/airflow/.local/lib/python3.7/site-packages/airflow/example_dags/example_time_delta_sensor_async.py
[2024-09-24T04:25:11.667+0000] {processor.py:766} INFO - DAG(s) dict_keys(['example_time_delta_sensor_async']) retrieved from /home/airflow/.local/lib/python3.7/site-packages/airflow/example_dags/example_time_delta_sensor_async.py
[2024-09-24T04:25:11.883+0000] {logging_mixin.py:120} INFO - [2024-09-24T04:25:11.883+0000] {dag.py:2585} INFO - Sync 1 DAGs
[2024-09-24T04:25:11.906+0000] {logging_mixin.py:120} INFO - [2024-09-24T04:25:11.905+0000] {dag.py:3340} INFO - Setting next_dagrun for example_time_delta_sensor_async to None, run_after=None
[2024-09-24T04:25:11.925+0000] {processor.py:176} INFO - Processing /home/airflow/.local/lib/python3.7/site-packages/airflow/example_dags/example_time_delta_sensor_async.py took 0.281 seconds
[2024-09-24T04:25:42.916+0000] {processor.py:154} INFO - Started process (PID=14752) to work on /home/airflow/.local/lib/python3.7/site-packages/airflow/example_dags/example_time_delta_sensor_async.py
[2024-09-24T04:25:42.918+0000] {processor.py:756} INFO - Processing file /home/airflow/.local/lib/python3.7/site-packages/airflow/example_dags/example_time_delta_sensor_async.py for tasks to queue
[2024-09-24T04:25:42.919+0000] {logging_mixin.py:120} INFO - [2024-09-24T04:25:42.919+0000] {dagbag.py:537} INFO - Filling up the DagBag from /home/airflow/.local/lib/python3.7/site-packages/airflow/example_dags/example_time_delta_sensor_async.py
[2024-09-24T04:25:42.937+0000] {processor.py:766} INFO - DAG(s) dict_keys(['example_time_delta_sensor_async']) retrieved from /home/airflow/.local/lib/python3.7/site-packages/airflow/example_dags/example_time_delta_sensor_async.py
[2024-09-24T04:25:43.185+0000] {logging_mixin.py:120} INFO - [2024-09-24T04:25:43.185+0000] {dag.py:2585} INFO - Sync 1 DAGs
[2024-09-24T04:25:43.216+0000] {logging_mixin.py:120} INFO - [2024-09-24T04:25:43.216+0000] {dag.py:3340} INFO - Setting next_dagrun for example_time_delta_sensor_async to None, run_after=None
[2024-09-24T04:25:43.244+0000] {processor.py:176} INFO - Processing /home/airflow/.local/lib/python3.7/site-packages/airflow/example_dags/example_time_delta_sensor_async.py took 0.334 seconds
[2024-09-24T04:26:14.228+0000] {processor.py:154} INFO - Started process (PID=14815) to work on /home/airflow/.local/lib/python3.7/site-packages/airflow/example_dags/example_time_delta_sensor_async.py
[2024-09-24T04:26:14.229+0000] {processor.py:756} INFO - Processing file /home/airflow/.local/lib/python3.7/site-packages/airflow/example_dags/example_time_delta_sensor_async.py for tasks to queue
[2024-09-24T04:26:14.230+0000] {logging_mixin.py:120} INFO - [2024-09-24T04:26:14.230+0000] {dagbag.py:537} INFO - Filling up the DagBag from /home/airflow/.local/lib/python3.7/site-packages/airflow/example_dags/example_time_delta_sensor_async.py
[2024-09-24T04:26:14.248+0000] {processor.py:766} INFO - DAG(s) dict_keys(['example_time_delta_sensor_async']) retrieved from /home/airflow/.local/lib/python3.7/site-packages/airflow/example_dags/example_time_delta_sensor_async.py
[2024-09-24T04:26:14.468+0000] {logging_mixin.py:120} INFO - [2024-09-24T04:26:14.468+0000] {dag.py:2585} INFO - Sync 1 DAGs
[2024-09-24T04:26:14.494+0000] {logging_mixin.py:120} INFO - [2024-09-24T04:26:14.494+0000] {dag.py:3340} INFO - Setting next_dagrun for example_time_delta_sensor_async to None, run_after=None
[2024-09-24T04:26:14.515+0000] {processor.py:176} INFO - Processing /home/airflow/.local/lib/python3.7/site-packages/airflow/example_dags/example_time_delta_sensor_async.py took 0.292 seconds
[2024-09-24T04:26:44.590+0000] {processor.py:154} INFO - Started process (PID=14877) to work on /home/airflow/.local/lib/python3.7/site-packages/airflow/example_dags/example_time_delta_sensor_async.py
[2024-09-24T04:26:44.592+0000] {processor.py:756} INFO - Processing file /home/airflow/.local/lib/python3.7/site-packages/airflow/example_dags/example_time_delta_sensor_async.py for tasks to queue
[2024-09-24T04:26:44.593+0000] {logging_mixin.py:120} INFO - [2024-09-24T04:26:44.593+0000] {dagbag.py:537} INFO - Filling up the DagBag from /home/airflow/.local/lib/python3.7/site-packages/airflow/example_dags/example_time_delta_sensor_async.py
[2024-09-24T04:26:44.615+0000] {processor.py:766} INFO - DAG(s) dict_keys(['example_time_delta_sensor_async']) retrieved from /home/airflow/.local/lib/python3.7/site-packages/airflow/example_dags/example_time_delta_sensor_async.py
[2024-09-24T04:26:44.952+0000] {logging_mixin.py:120} INFO - [2024-09-24T04:26:44.952+0000] {dag.py:2585} INFO - Sync 1 DAGs
[2024-09-24T04:26:44.993+0000] {logging_mixin.py:120} INFO - [2024-09-24T04:26:44.993+0000] {dag.py:3340} INFO - Setting next_dagrun for example_time_delta_sensor_async to None, run_after=None
[2024-09-24T04:26:45.027+0000] {processor.py:176} INFO - Processing /home/airflow/.local/lib/python3.7/site-packages/airflow/example_dags/example_time_delta_sensor_async.py took 0.444 seconds
[2024-09-24T04:27:15.098+0000] {processor.py:154} INFO - Started process (PID=14937) to work on /home/airflow/.local/lib/python3.7/site-packages/airflow/example_dags/example_time_delta_sensor_async.py
[2024-09-24T04:27:15.099+0000] {processor.py:756} INFO - Processing file /home/airflow/.local/lib/python3.7/site-packages/airflow/example_dags/example_time_delta_sensor_async.py for tasks to queue
[2024-09-24T04:27:15.101+0000] {logging_mixin.py:120} INFO - [2024-09-24T04:27:15.100+0000] {dagbag.py:537} INFO - Filling up the DagBag from /home/airflow/.local/lib/python3.7/site-packages/airflow/example_dags/example_time_delta_sensor_async.py
[2024-09-24T04:27:15.117+0000] {processor.py:766} INFO - DAG(s) dict_keys(['example_time_delta_sensor_async']) retrieved from /home/airflow/.local/lib/python3.7/site-packages/airflow/example_dags/example_time_delta_sensor_async.py
[2024-09-24T04:27:15.425+0000] {logging_mixin.py:120} INFO - [2024-09-24T04:27:15.425+0000] {dag.py:2585} INFO - Sync 1 DAGs
[2024-09-24T04:27:15.489+0000] {logging_mixin.py:120} INFO - [2024-09-24T04:27:15.488+0000] {dag.py:3340} INFO - Setting next_dagrun for example_time_delta_sensor_async to None, run_after=None
[2024-09-24T04:27:15.539+0000] {processor.py:176} INFO - Processing /home/airflow/.local/lib/python3.7/site-packages/airflow/example_dags/example_time_delta_sensor_async.py took 0.445 seconds
[2024-09-24T04:27:45.734+0000] {processor.py:154} INFO - Started process (PID=14993) to work on /home/airflow/.local/lib/python3.7/site-packages/airflow/example_dags/example_time_delta_sensor_async.py
[2024-09-24T04:27:45.736+0000] {processor.py:756} INFO - Processing file /home/airflow/.local/lib/python3.7/site-packages/airflow/example_dags/example_time_delta_sensor_async.py for tasks to queue
[2024-09-24T04:27:45.737+0000] {logging_mixin.py:120} INFO - [2024-09-24T04:27:45.736+0000] {dagbag.py:537} INFO - Filling up the DagBag from /home/airflow/.local/lib/python3.7/site-packages/airflow/example_dags/example_time_delta_sensor_async.py
[2024-09-24T04:27:45.754+0000] {processor.py:766} INFO - DAG(s) dict_keys(['example_time_delta_sensor_async']) retrieved from /home/airflow/.local/lib/python3.7/site-packages/airflow/example_dags/example_time_delta_sensor_async.py
[2024-09-24T04:27:45.973+0000] {logging_mixin.py:120} INFO - [2024-09-24T04:27:45.973+0000] {dag.py:2585} INFO - Sync 1 DAGs
[2024-09-24T04:27:46.000+0000] {logging_mixin.py:120} INFO - [2024-09-24T04:27:45.999+0000] {dag.py:3340} INFO - Setting next_dagrun for example_time_delta_sensor_async to None, run_after=None
[2024-09-24T04:27:46.020+0000] {processor.py:176} INFO - Processing /home/airflow/.local/lib/python3.7/site-packages/airflow/example_dags/example_time_delta_sensor_async.py took 0.290 seconds
[2024-09-24T04:28:16.177+0000] {processor.py:154} INFO - Started process (PID=15056) to work on /home/airflow/.local/lib/python3.7/site-packages/airflow/example_dags/example_time_delta_sensor_async.py
[2024-09-24T04:28:16.178+0000] {processor.py:756} INFO - Processing file /home/airflow/.local/lib/python3.7/site-packages/airflow/example_dags/example_time_delta_sensor_async.py for tasks to queue
[2024-09-24T04:28:16.180+0000] {logging_mixin.py:120} INFO - [2024-09-24T04:28:16.180+0000] {dagbag.py:537} INFO - Filling up the DagBag from /home/airflow/.local/lib/python3.7/site-packages/airflow/example_dags/example_time_delta_sensor_async.py
[2024-09-24T04:28:16.196+0000] {processor.py:766} INFO - DAG(s) dict_keys(['example_time_delta_sensor_async']) retrieved from /home/airflow/.local/lib/python3.7/site-packages/airflow/example_dags/example_time_delta_sensor_async.py
[2024-09-24T04:28:16.429+0000] {logging_mixin.py:120} INFO - [2024-09-24T04:28:16.429+0000] {dag.py:2585} INFO - Sync 1 DAGs
[2024-09-24T04:28:16.456+0000] {logging_mixin.py:120} INFO - [2024-09-24T04:28:16.456+0000] {dag.py:3340} INFO - Setting next_dagrun for example_time_delta_sensor_async to None, run_after=None
[2024-09-24T04:28:16.482+0000] {processor.py:176} INFO - Processing /home/airflow/.local/lib/python3.7/site-packages/airflow/example_dags/example_time_delta_sensor_async.py took 0.310 seconds
[2024-09-24T04:28:46.505+0000] {processor.py:154} INFO - Started process (PID=15119) to work on /home/airflow/.local/lib/python3.7/site-packages/airflow/example_dags/example_time_delta_sensor_async.py
[2024-09-24T04:28:46.506+0000] {processor.py:756} INFO - Processing file /home/airflow/.local/lib/python3.7/site-packages/airflow/example_dags/example_time_delta_sensor_async.py for tasks to queue
[2024-09-24T04:28:46.507+0000] {logging_mixin.py:120} INFO - [2024-09-24T04:28:46.507+0000] {dagbag.py:537} INFO - Filling up the DagBag from /home/airflow/.local/lib/python3.7/site-packages/airflow/example_dags/example_time_delta_sensor_async.py
[2024-09-24T04:28:46.520+0000] {processor.py:766} INFO - DAG(s) dict_keys(['example_time_delta_sensor_async']) retrieved from /home/airflow/.local/lib/python3.7/site-packages/airflow/example_dags/example_time_delta_sensor_async.py
[2024-09-24T04:28:46.724+0000] {logging_mixin.py:120} INFO - [2024-09-24T04:28:46.723+0000] {dag.py:2585} INFO - Sync 1 DAGs
[2024-09-24T04:28:46.751+0000] {logging_mixin.py:120} INFO - [2024-09-24T04:28:46.751+0000] {dag.py:3340} INFO - Setting next_dagrun for example_time_delta_sensor_async to None, run_after=None
[2024-09-24T04:28:46.774+0000] {processor.py:176} INFO - Processing /home/airflow/.local/lib/python3.7/site-packages/airflow/example_dags/example_time_delta_sensor_async.py took 0.273 seconds
[2024-09-24T04:29:16.983+0000] {processor.py:154} INFO - Started process (PID=15173) to work on /home/airflow/.local/lib/python3.7/site-packages/airflow/example_dags/example_time_delta_sensor_async.py
[2024-09-24T04:29:16.984+0000] {processor.py:756} INFO - Processing file /home/airflow/.local/lib/python3.7/site-packages/airflow/example_dags/example_time_delta_sensor_async.py for tasks to queue
[2024-09-24T04:29:16.985+0000] {logging_mixin.py:120} INFO - [2024-09-24T04:29:16.985+0000] {dagbag.py:537} INFO - Filling up the DagBag from /home/airflow/.local/lib/python3.7/site-packages/airflow/example_dags/example_time_delta_sensor_async.py
[2024-09-24T04:29:17.002+0000] {processor.py:766} INFO - DAG(s) dict_keys(['example_time_delta_sensor_async']) retrieved from /home/airflow/.local/lib/python3.7/site-packages/airflow/example_dags/example_time_delta_sensor_async.py
[2024-09-24T04:29:17.306+0000] {logging_mixin.py:120} INFO - [2024-09-24T04:29:17.306+0000] {dag.py:2585} INFO - Sync 1 DAGs
[2024-09-24T04:29:17.350+0000] {logging_mixin.py:120} INFO - [2024-09-24T04:29:17.349+0000] {dag.py:3340} INFO - Setting next_dagrun for example_time_delta_sensor_async to None, run_after=None
[2024-09-24T04:29:17.387+0000] {processor.py:176} INFO - Processing /home/airflow/.local/lib/python3.7/site-packages/airflow/example_dags/example_time_delta_sensor_async.py took 0.409 seconds
[2024-09-24T04:29:48.242+0000] {processor.py:154} INFO - Started process (PID=15237) to work on /home/airflow/.local/lib/python3.7/site-packages/airflow/example_dags/example_time_delta_sensor_async.py
[2024-09-24T04:29:48.244+0000] {processor.py:756} INFO - Processing file /home/airflow/.local/lib/python3.7/site-packages/airflow/example_dags/example_time_delta_sensor_async.py for tasks to queue
[2024-09-24T04:29:48.245+0000] {logging_mixin.py:120} INFO - [2024-09-24T04:29:48.245+0000] {dagbag.py:537} INFO - Filling up the DagBag from /home/airflow/.local/lib/python3.7/site-packages/airflow/example_dags/example_time_delta_sensor_async.py
[2024-09-24T04:29:48.276+0000] {processor.py:766} INFO - DAG(s) dict_keys(['example_time_delta_sensor_async']) retrieved from /home/airflow/.local/lib/python3.7/site-packages/airflow/example_dags/example_time_delta_sensor_async.py
[2024-09-24T04:29:48.724+0000] {logging_mixin.py:120} INFO - [2024-09-24T04:29:48.723+0000] {dag.py:2585} INFO - Sync 1 DAGs
[2024-09-24T04:29:48.766+0000] {logging_mixin.py:120} INFO - [2024-09-24T04:29:48.766+0000] {dag.py:3340} INFO - Setting next_dagrun for example_time_delta_sensor_async to None, run_after=None
[2024-09-24T04:29:48.800+0000] {processor.py:176} INFO - Processing /home/airflow/.local/lib/python3.7/site-packages/airflow/example_dags/example_time_delta_sensor_async.py took 0.569 seconds
[2024-09-24T04:30:18.952+0000] {processor.py:154} INFO - Started process (PID=15300) to work on /home/airflow/.local/lib/python3.7/site-packages/airflow/example_dags/example_time_delta_sensor_async.py
[2024-09-24T04:30:18.954+0000] {processor.py:756} INFO - Processing file /home/airflow/.local/lib/python3.7/site-packages/airflow/example_dags/example_time_delta_sensor_async.py for tasks to queue
[2024-09-24T04:30:18.955+0000] {logging_mixin.py:120} INFO - [2024-09-24T04:30:18.955+0000] {dagbag.py:537} INFO - Filling up the DagBag from /home/airflow/.local/lib/python3.7/site-packages/airflow/example_dags/example_time_delta_sensor_async.py
[2024-09-24T04:30:18.971+0000] {processor.py:766} INFO - DAG(s) dict_keys(['example_time_delta_sensor_async']) retrieved from /home/airflow/.local/lib/python3.7/site-packages/airflow/example_dags/example_time_delta_sensor_async.py
[2024-09-24T04:30:19.200+0000] {logging_mixin.py:120} INFO - [2024-09-24T04:30:19.199+0000] {dag.py:2585} INFO - Sync 1 DAGs
[2024-09-24T04:30:19.226+0000] {logging_mixin.py:120} INFO - [2024-09-24T04:30:19.226+0000] {dag.py:3340} INFO - Setting next_dagrun for example_time_delta_sensor_async to None, run_after=None
[2024-09-24T04:30:19.247+0000] {processor.py:176} INFO - Processing /home/airflow/.local/lib/python3.7/site-packages/airflow/example_dags/example_time_delta_sensor_async.py took 0.300 seconds
[2024-09-24T04:30:49.340+0000] {processor.py:154} INFO - Started process (PID=15354) to work on /home/airflow/.local/lib/python3.7/site-packages/airflow/example_dags/example_time_delta_sensor_async.py
[2024-09-24T04:30:49.357+0000] {processor.py:756} INFO - Processing file /home/airflow/.local/lib/python3.7/site-packages/airflow/example_dags/example_time_delta_sensor_async.py for tasks to queue
[2024-09-24T04:30:49.358+0000] {logging_mixin.py:120} INFO - [2024-09-24T04:30:49.358+0000] {dagbag.py:537} INFO - Filling up the DagBag from /home/airflow/.local/lib/python3.7/site-packages/airflow/example_dags/example_time_delta_sensor_async.py
[2024-09-24T04:30:49.376+0000] {processor.py:766} INFO - DAG(s) dict_keys(['example_time_delta_sensor_async']) retrieved from /home/airflow/.local/lib/python3.7/site-packages/airflow/example_dags/example_time_delta_sensor_async.py
[2024-09-24T04:30:49.601+0000] {logging_mixin.py:120} INFO - [2024-09-24T04:30:49.601+0000] {dag.py:2585} INFO - Sync 1 DAGs
[2024-09-24T04:30:49.626+0000] {logging_mixin.py:120} INFO - [2024-09-24T04:30:49.626+0000] {dag.py:3340} INFO - Setting next_dagrun for example_time_delta_sensor_async to None, run_after=None
[2024-09-24T04:30:49.644+0000] {processor.py:176} INFO - Processing /home/airflow/.local/lib/python3.7/site-packages/airflow/example_dags/example_time_delta_sensor_async.py took 0.311 seconds
[2024-09-24T04:31:19.886+0000] {processor.py:154} INFO - Started process (PID=15417) to work on /home/airflow/.local/lib/python3.7/site-packages/airflow/example_dags/example_time_delta_sensor_async.py
[2024-09-24T04:31:19.888+0000] {processor.py:756} INFO - Processing file /home/airflow/.local/lib/python3.7/site-packages/airflow/example_dags/example_time_delta_sensor_async.py for tasks to queue
[2024-09-24T04:31:19.889+0000] {logging_mixin.py:120} INFO - [2024-09-24T04:31:19.889+0000] {dagbag.py:537} INFO - Filling up the DagBag from /home/airflow/.local/lib/python3.7/site-packages/airflow/example_dags/example_time_delta_sensor_async.py
[2024-09-24T04:31:19.907+0000] {processor.py:766} INFO - DAG(s) dict_keys(['example_time_delta_sensor_async']) retrieved from /home/airflow/.local/lib/python3.7/site-packages/airflow/example_dags/example_time_delta_sensor_async.py
[2024-09-24T04:31:20.136+0000] {logging_mixin.py:120} INFO - [2024-09-24T04:31:20.136+0000] {dag.py:2585} INFO - Sync 1 DAGs
[2024-09-24T04:31:20.162+0000] {logging_mixin.py:120} INFO - [2024-09-24T04:31:20.162+0000] {dag.py:3340} INFO - Setting next_dagrun for example_time_delta_sensor_async to None, run_after=None
[2024-09-24T04:31:20.181+0000] {processor.py:176} INFO - Processing /home/airflow/.local/lib/python3.7/site-packages/airflow/example_dags/example_time_delta_sensor_async.py took 0.300 seconds
[2024-09-24T04:31:50.278+0000] {processor.py:154} INFO - Started process (PID=15471) to work on /home/airflow/.local/lib/python3.7/site-packages/airflow/example_dags/example_time_delta_sensor_async.py
[2024-09-24T04:31:50.279+0000] {processor.py:756} INFO - Processing file /home/airflow/.local/lib/python3.7/site-packages/airflow/example_dags/example_time_delta_sensor_async.py for tasks to queue
[2024-09-24T04:31:50.281+0000] {logging_mixin.py:120} INFO - [2024-09-24T04:31:50.280+0000] {dagbag.py:537} INFO - Filling up the DagBag from /home/airflow/.local/lib/python3.7/site-packages/airflow/example_dags/example_time_delta_sensor_async.py
[2024-09-24T04:31:50.302+0000] {processor.py:766} INFO - DAG(s) dict_keys(['example_time_delta_sensor_async']) retrieved from /home/airflow/.local/lib/python3.7/site-packages/airflow/example_dags/example_time_delta_sensor_async.py
[2024-09-24T04:31:50.624+0000] {logging_mixin.py:120} INFO - [2024-09-24T04:31:50.623+0000] {dag.py:2585} INFO - Sync 1 DAGs
[2024-09-24T04:31:50.661+0000] {logging_mixin.py:120} INFO - [2024-09-24T04:31:50.661+0000] {dag.py:3340} INFO - Setting next_dagrun for example_time_delta_sensor_async to None, run_after=None
[2024-09-24T04:31:50.691+0000] {processor.py:176} INFO - Processing /home/airflow/.local/lib/python3.7/site-packages/airflow/example_dags/example_time_delta_sensor_async.py took 0.418 seconds
[2024-09-24T04:32:21.419+0000] {processor.py:154} INFO - Started process (PID=15534) to work on /home/airflow/.local/lib/python3.7/site-packages/airflow/example_dags/example_time_delta_sensor_async.py
[2024-09-24T04:32:21.422+0000] {processor.py:756} INFO - Processing file /home/airflow/.local/lib/python3.7/site-packages/airflow/example_dags/example_time_delta_sensor_async.py for tasks to queue
[2024-09-24T04:32:21.423+0000] {logging_mixin.py:120} INFO - [2024-09-24T04:32:21.423+0000] {dagbag.py:537} INFO - Filling up the DagBag from /home/airflow/.local/lib/python3.7/site-packages/airflow/example_dags/example_time_delta_sensor_async.py
[2024-09-24T04:32:21.441+0000] {processor.py:766} INFO - DAG(s) dict_keys(['example_time_delta_sensor_async']) retrieved from /home/airflow/.local/lib/python3.7/site-packages/airflow/example_dags/example_time_delta_sensor_async.py
[2024-09-24T04:32:21.707+0000] {logging_mixin.py:120} INFO - [2024-09-24T04:32:21.707+0000] {dag.py:2585} INFO - Sync 1 DAGs
[2024-09-24T04:32:21.741+0000] {logging_mixin.py:120} INFO - [2024-09-24T04:32:21.741+0000] {dag.py:3340} INFO - Setting next_dagrun for example_time_delta_sensor_async to None, run_after=None
[2024-09-24T04:32:21.767+0000] {processor.py:176} INFO - Processing /home/airflow/.local/lib/python3.7/site-packages/airflow/example_dags/example_time_delta_sensor_async.py took 0.353 seconds
[2024-09-24T04:32:52.286+0000] {processor.py:154} INFO - Started process (PID=15597) to work on /home/airflow/.local/lib/python3.7/site-packages/airflow/example_dags/example_time_delta_sensor_async.py
[2024-09-24T04:32:52.287+0000] {processor.py:756} INFO - Processing file /home/airflow/.local/lib/python3.7/site-packages/airflow/example_dags/example_time_delta_sensor_async.py for tasks to queue
[2024-09-24T04:32:52.288+0000] {logging_mixin.py:120} INFO - [2024-09-24T04:32:52.288+0000] {dagbag.py:537} INFO - Filling up the DagBag from /home/airflow/.local/lib/python3.7/site-packages/airflow/example_dags/example_time_delta_sensor_async.py
[2024-09-24T04:32:52.310+0000] {processor.py:766} INFO - DAG(s) dict_keys(['example_time_delta_sensor_async']) retrieved from /home/airflow/.local/lib/python3.7/site-packages/airflow/example_dags/example_time_delta_sensor_async.py
[2024-09-24T04:32:52.603+0000] {logging_mixin.py:120} INFO - [2024-09-24T04:32:52.602+0000] {dag.py:2585} INFO - Sync 1 DAGs
[2024-09-24T04:32:52.641+0000] {logging_mixin.py:120} INFO - [2024-09-24T04:32:52.640+0000] {dag.py:3340} INFO - Setting next_dagrun for example_time_delta_sensor_async to None, run_after=None
[2024-09-24T04:32:52.672+0000] {processor.py:176} INFO - Processing /home/airflow/.local/lib/python3.7/site-packages/airflow/example_dags/example_time_delta_sensor_async.py took 0.391 seconds
[2024-09-24T04:33:23.230+0000] {processor.py:154} INFO - Started process (PID=15651) to work on /home/airflow/.local/lib/python3.7/site-packages/airflow/example_dags/example_time_delta_sensor_async.py
[2024-09-24T04:33:23.232+0000] {processor.py:756} INFO - Processing file /home/airflow/.local/lib/python3.7/site-packages/airflow/example_dags/example_time_delta_sensor_async.py for tasks to queue
[2024-09-24T04:33:23.233+0000] {logging_mixin.py:120} INFO - [2024-09-24T04:33:23.233+0000] {dagbag.py:537} INFO - Filling up the DagBag from /home/airflow/.local/lib/python3.7/site-packages/airflow/example_dags/example_time_delta_sensor_async.py
[2024-09-24T04:33:23.250+0000] {processor.py:766} INFO - DAG(s) dict_keys(['example_time_delta_sensor_async']) retrieved from /home/airflow/.local/lib/python3.7/site-packages/airflow/example_dags/example_time_delta_sensor_async.py
[2024-09-24T04:33:23.510+0000] {logging_mixin.py:120} INFO - [2024-09-24T04:33:23.509+0000] {dag.py:2585} INFO - Sync 1 DAGs
[2024-09-24T04:33:23.542+0000] {logging_mixin.py:120} INFO - [2024-09-24T04:33:23.542+0000] {dag.py:3340} INFO - Setting next_dagrun for example_time_delta_sensor_async to None, run_after=None
[2024-09-24T04:33:23.570+0000] {processor.py:176} INFO - Processing /home/airflow/.local/lib/python3.7/site-packages/airflow/example_dags/example_time_delta_sensor_async.py took 0.345 seconds
[2024-09-24T04:33:53.631+0000] {processor.py:154} INFO - Started process (PID=15714) to work on /home/airflow/.local/lib/python3.7/site-packages/airflow/example_dags/example_time_delta_sensor_async.py
[2024-09-24T04:33:53.633+0000] {processor.py:756} INFO - Processing file /home/airflow/.local/lib/python3.7/site-packages/airflow/example_dags/example_time_delta_sensor_async.py for tasks to queue
[2024-09-24T04:33:53.634+0000] {logging_mixin.py:120} INFO - [2024-09-24T04:33:53.634+0000] {dagbag.py:537} INFO - Filling up the DagBag from /home/airflow/.local/lib/python3.7/site-packages/airflow/example_dags/example_time_delta_sensor_async.py
[2024-09-24T04:33:53.651+0000] {processor.py:766} INFO - DAG(s) dict_keys(['example_time_delta_sensor_async']) retrieved from /home/airflow/.local/lib/python3.7/site-packages/airflow/example_dags/example_time_delta_sensor_async.py
[2024-09-24T04:33:53.877+0000] {logging_mixin.py:120} INFO - [2024-09-24T04:33:53.877+0000] {dag.py:2585} INFO - Sync 1 DAGs
[2024-09-24T04:33:53.902+0000] {logging_mixin.py:120} INFO - [2024-09-24T04:33:53.902+0000] {dag.py:3340} INFO - Setting next_dagrun for example_time_delta_sensor_async to None, run_after=None
[2024-09-24T04:33:53.919+0000] {processor.py:176} INFO - Processing /home/airflow/.local/lib/python3.7/site-packages/airflow/example_dags/example_time_delta_sensor_async.py took 0.292 seconds
[2024-09-24T04:34:24.628+0000] {processor.py:154} INFO - Started process (PID=15768) to work on /home/airflow/.local/lib/python3.7/site-packages/airflow/example_dags/example_time_delta_sensor_async.py
[2024-09-24T04:34:24.630+0000] {processor.py:756} INFO - Processing file /home/airflow/.local/lib/python3.7/site-packages/airflow/example_dags/example_time_delta_sensor_async.py for tasks to queue
[2024-09-24T04:34:24.631+0000] {logging_mixin.py:120} INFO - [2024-09-24T04:34:24.630+0000] {dagbag.py:537} INFO - Filling up the DagBag from /home/airflow/.local/lib/python3.7/site-packages/airflow/example_dags/example_time_delta_sensor_async.py
[2024-09-24T04:34:24.652+0000] {processor.py:766} INFO - DAG(s) dict_keys(['example_time_delta_sensor_async']) retrieved from /home/airflow/.local/lib/python3.7/site-packages/airflow/example_dags/example_time_delta_sensor_async.py
[2024-09-24T04:34:25.007+0000] {logging_mixin.py:120} INFO - [2024-09-24T04:34:25.007+0000] {dag.py:2585} INFO - Sync 1 DAGs
[2024-09-24T04:34:25.054+0000] {logging_mixin.py:120} INFO - [2024-09-24T04:34:25.054+0000] {dag.py:3340} INFO - Setting next_dagrun for example_time_delta_sensor_async to None, run_after=None
[2024-09-24T04:34:25.094+0000] {processor.py:176} INFO - Processing /home/airflow/.local/lib/python3.7/site-packages/airflow/example_dags/example_time_delta_sensor_async.py took 0.472 seconds
[2024-09-24T04:34:55.359+0000] {processor.py:154} INFO - Started process (PID=15832) to work on /home/airflow/.local/lib/python3.7/site-packages/airflow/example_dags/example_time_delta_sensor_async.py
[2024-09-24T04:34:55.361+0000] {processor.py:756} INFO - Processing file /home/airflow/.local/lib/python3.7/site-packages/airflow/example_dags/example_time_delta_sensor_async.py for tasks to queue
[2024-09-24T04:34:55.362+0000] {logging_mixin.py:120} INFO - [2024-09-24T04:34:55.362+0000] {dagbag.py:537} INFO - Filling up the DagBag from /home/airflow/.local/lib/python3.7/site-packages/airflow/example_dags/example_time_delta_sensor_async.py
[2024-09-24T04:34:55.382+0000] {processor.py:766} INFO - DAG(s) dict_keys(['example_time_delta_sensor_async']) retrieved from /home/airflow/.local/lib/python3.7/site-packages/airflow/example_dags/example_time_delta_sensor_async.py
[2024-09-24T04:34:55.675+0000] {logging_mixin.py:120} INFO - [2024-09-24T04:34:55.675+0000] {dag.py:2585} INFO - Sync 1 DAGs
[2024-09-24T04:34:55.715+0000] {logging_mixin.py:120} INFO - [2024-09-24T04:34:55.715+0000] {dag.py:3340} INFO - Setting next_dagrun for example_time_delta_sensor_async to None, run_after=None
[2024-09-24T04:34:55.744+0000] {processor.py:176} INFO - Processing /home/airflow/.local/lib/python3.7/site-packages/airflow/example_dags/example_time_delta_sensor_async.py took 0.391 seconds
[2024-09-24T04:35:25.870+0000] {processor.py:154} INFO - Started process (PID=15895) to work on /home/airflow/.local/lib/python3.7/site-packages/airflow/example_dags/example_time_delta_sensor_async.py
[2024-09-24T04:35:25.874+0000] {processor.py:756} INFO - Processing file /home/airflow/.local/lib/python3.7/site-packages/airflow/example_dags/example_time_delta_sensor_async.py for tasks to queue
[2024-09-24T04:35:25.877+0000] {logging_mixin.py:120} INFO - [2024-09-24T04:35:25.876+0000] {dagbag.py:537} INFO - Filling up the DagBag from /home/airflow/.local/lib/python3.7/site-packages/airflow/example_dags/example_time_delta_sensor_async.py
[2024-09-24T04:35:25.908+0000] {processor.py:766} INFO - DAG(s) dict_keys(['example_time_delta_sensor_async']) retrieved from /home/airflow/.local/lib/python3.7/site-packages/airflow/example_dags/example_time_delta_sensor_async.py
[2024-09-24T04:35:26.293+0000] {logging_mixin.py:120} INFO - [2024-09-24T04:35:26.293+0000] {dag.py:2585} INFO - Sync 1 DAGs
[2024-09-24T04:35:26.331+0000] {logging_mixin.py:120} INFO - [2024-09-24T04:35:26.331+0000] {dag.py:3340} INFO - Setting next_dagrun for example_time_delta_sensor_async to None, run_after=None
[2024-09-24T04:35:26.364+0000] {processor.py:176} INFO - Processing /home/airflow/.local/lib/python3.7/site-packages/airflow/example_dags/example_time_delta_sensor_async.py took 0.501 seconds
[2024-09-24T04:35:57.196+0000] {processor.py:154} INFO - Started process (PID=15949) to work on /home/airflow/.local/lib/python3.7/site-packages/airflow/example_dags/example_time_delta_sensor_async.py
[2024-09-24T04:35:57.197+0000] {processor.py:756} INFO - Processing file /home/airflow/.local/lib/python3.7/site-packages/airflow/example_dags/example_time_delta_sensor_async.py for tasks to queue
[2024-09-24T04:35:57.198+0000] {logging_mixin.py:120} INFO - [2024-09-24T04:35:57.198+0000] {dagbag.py:537} INFO - Filling up the DagBag from /home/airflow/.local/lib/python3.7/site-packages/airflow/example_dags/example_time_delta_sensor_async.py
[2024-09-24T04:35:57.221+0000] {processor.py:766} INFO - DAG(s) dict_keys(['example_time_delta_sensor_async']) retrieved from /home/airflow/.local/lib/python3.7/site-packages/airflow/example_dags/example_time_delta_sensor_async.py
[2024-09-24T04:35:57.539+0000] {logging_mixin.py:120} INFO - [2024-09-24T04:35:57.538+0000] {dag.py:2585} INFO - Sync 1 DAGs
[2024-09-24T04:35:57.582+0000] {logging_mixin.py:120} INFO - [2024-09-24T04:35:57.582+0000] {dag.py:3340} INFO - Setting next_dagrun for example_time_delta_sensor_async to None, run_after=None
[2024-09-24T04:35:57.612+0000] {processor.py:176} INFO - Processing /home/airflow/.local/lib/python3.7/site-packages/airflow/example_dags/example_time_delta_sensor_async.py took 0.423 seconds
[2024-09-24T04:36:27.719+0000] {processor.py:154} INFO - Started process (PID=16012) to work on /home/airflow/.local/lib/python3.7/site-packages/airflow/example_dags/example_time_delta_sensor_async.py
[2024-09-24T04:36:27.722+0000] {processor.py:756} INFO - Processing file /home/airflow/.local/lib/python3.7/site-packages/airflow/example_dags/example_time_delta_sensor_async.py for tasks to queue
[2024-09-24T04:36:27.723+0000] {logging_mixin.py:120} INFO - [2024-09-24T04:36:27.723+0000] {dagbag.py:537} INFO - Filling up the DagBag from /home/airflow/.local/lib/python3.7/site-packages/airflow/example_dags/example_time_delta_sensor_async.py
[2024-09-24T04:36:27.743+0000] {processor.py:766} INFO - DAG(s) dict_keys(['example_time_delta_sensor_async']) retrieved from /home/airflow/.local/lib/python3.7/site-packages/airflow/example_dags/example_time_delta_sensor_async.py
[2024-09-24T04:36:28.059+0000] {logging_mixin.py:120} INFO - [2024-09-24T04:36:28.058+0000] {dag.py:2585} INFO - Sync 1 DAGs
[2024-09-24T04:36:28.098+0000] {logging_mixin.py:120} INFO - [2024-09-24T04:36:28.098+0000] {dag.py:3340} INFO - Setting next_dagrun for example_time_delta_sensor_async to None, run_after=None
[2024-09-24T04:36:28.128+0000] {processor.py:176} INFO - Processing /home/airflow/.local/lib/python3.7/site-packages/airflow/example_dags/example_time_delta_sensor_async.py took 0.416 seconds
[2024-09-24T04:36:58.161+0000] {processor.py:154} INFO - Started process (PID=16066) to work on /home/airflow/.local/lib/python3.7/site-packages/airflow/example_dags/example_time_delta_sensor_async.py
[2024-09-24T04:36:58.163+0000] {processor.py:756} INFO - Processing file /home/airflow/.local/lib/python3.7/site-packages/airflow/example_dags/example_time_delta_sensor_async.py for tasks to queue
[2024-09-24T04:36:58.164+0000] {logging_mixin.py:120} INFO - [2024-09-24T04:36:58.164+0000] {dagbag.py:537} INFO - Filling up the DagBag from /home/airflow/.local/lib/python3.7/site-packages/airflow/example_dags/example_time_delta_sensor_async.py
[2024-09-24T04:36:58.182+0000] {processor.py:766} INFO - DAG(s) dict_keys(['example_time_delta_sensor_async']) retrieved from /home/airflow/.local/lib/python3.7/site-packages/airflow/example_dags/example_time_delta_sensor_async.py
[2024-09-24T04:36:58.446+0000] {logging_mixin.py:120} INFO - [2024-09-24T04:36:58.446+0000] {dag.py:2585} INFO - Sync 1 DAGs
[2024-09-24T04:36:58.487+0000] {logging_mixin.py:120} INFO - [2024-09-24T04:36:58.487+0000] {dag.py:3340} INFO - Setting next_dagrun for example_time_delta_sensor_async to None, run_after=None
[2024-09-24T04:36:58.516+0000] {processor.py:176} INFO - Processing /home/airflow/.local/lib/python3.7/site-packages/airflow/example_dags/example_time_delta_sensor_async.py took 0.360 seconds
[2024-09-24T04:37:51.378+0000] {processor.py:154} INFO - Started process (PID=16133) to work on /home/airflow/.local/lib/python3.7/site-packages/airflow/example_dags/example_time_delta_sensor_async.py
[2024-09-24T04:37:51.386+0000] {processor.py:756} INFO - Processing file /home/airflow/.local/lib/python3.7/site-packages/airflow/example_dags/example_time_delta_sensor_async.py for tasks to queue
[2024-09-24T04:37:51.392+0000] {logging_mixin.py:120} INFO - [2024-09-24T04:37:51.391+0000] {dagbag.py:537} INFO - Filling up the DagBag from /home/airflow/.local/lib/python3.7/site-packages/airflow/example_dags/example_time_delta_sensor_async.py
[2024-09-24T04:37:51.475+0000] {processor.py:766} INFO - DAG(s) dict_keys(['example_time_delta_sensor_async']) retrieved from /home/airflow/.local/lib/python3.7/site-packages/airflow/example_dags/example_time_delta_sensor_async.py
[2024-09-24T04:37:52.963+0000] {logging_mixin.py:120} INFO - [2024-09-24T04:37:52.962+0000] {dag.py:2585} INFO - Sync 1 DAGs
[2024-09-24T04:37:53.102+0000] {logging_mixin.py:120} INFO - [2024-09-24T04:37:53.101+0000] {dag.py:3340} INFO - Setting next_dagrun for example_time_delta_sensor_async to None, run_after=None
[2024-09-24T04:37:53.202+0000] {processor.py:176} INFO - Processing /home/airflow/.local/lib/python3.7/site-packages/airflow/example_dags/example_time_delta_sensor_async.py took 1.847 seconds
[2024-09-24T06:15:52.363+0000] {processor.py:154} INFO - Started process (PID=16205) to work on /home/airflow/.local/lib/python3.7/site-packages/airflow/example_dags/example_time_delta_sensor_async.py
[2024-09-24T06:15:52.367+0000] {processor.py:756} INFO - Processing file /home/airflow/.local/lib/python3.7/site-packages/airflow/example_dags/example_time_delta_sensor_async.py for tasks to queue
[2024-09-24T06:15:52.372+0000] {logging_mixin.py:120} INFO - [2024-09-24T06:15:52.371+0000] {dagbag.py:537} INFO - Filling up the DagBag from /home/airflow/.local/lib/python3.7/site-packages/airflow/example_dags/example_time_delta_sensor_async.py
[2024-09-24T06:15:52.402+0000] {processor.py:766} INFO - DAG(s) dict_keys(['example_time_delta_sensor_async']) retrieved from /home/airflow/.local/lib/python3.7/site-packages/airflow/example_dags/example_time_delta_sensor_async.py
[2024-09-24T06:15:52.790+0000] {logging_mixin.py:120} INFO - [2024-09-24T06:15:52.790+0000] {dag.py:2585} INFO - Sync 1 DAGs
[2024-09-24T06:15:52.842+0000] {logging_mixin.py:120} INFO - [2024-09-24T06:15:52.842+0000] {dag.py:3340} INFO - Setting next_dagrun for example_time_delta_sensor_async to None, run_after=None
[2024-09-24T06:15:52.884+0000] {processor.py:176} INFO - Processing /home/airflow/.local/lib/python3.7/site-packages/airflow/example_dags/example_time_delta_sensor_async.py took 0.527 seconds
[2024-09-24T06:31:00.522+0000] {processor.py:154} INFO - Started process (PID=16259) to work on /home/airflow/.local/lib/python3.7/site-packages/airflow/example_dags/example_time_delta_sensor_async.py
[2024-09-24T06:31:00.523+0000] {processor.py:756} INFO - Processing file /home/airflow/.local/lib/python3.7/site-packages/airflow/example_dags/example_time_delta_sensor_async.py for tasks to queue
[2024-09-24T06:31:00.528+0000] {logging_mixin.py:120} INFO - [2024-09-24T06:31:00.527+0000] {dagbag.py:537} INFO - Filling up the DagBag from /home/airflow/.local/lib/python3.7/site-packages/airflow/example_dags/example_time_delta_sensor_async.py
[2024-09-24T06:31:00.552+0000] {processor.py:766} INFO - DAG(s) dict_keys(['example_time_delta_sensor_async']) retrieved from /home/airflow/.local/lib/python3.7/site-packages/airflow/example_dags/example_time_delta_sensor_async.py
[2024-09-24T06:31:00.916+0000] {logging_mixin.py:120} INFO - [2024-09-24T06:31:00.916+0000] {dag.py:2585} INFO - Sync 1 DAGs
[2024-09-24T06:31:00.962+0000] {logging_mixin.py:120} INFO - [2024-09-24T06:31:00.962+0000] {dag.py:3340} INFO - Setting next_dagrun for example_time_delta_sensor_async to None, run_after=None
[2024-09-24T06:31:00.998+0000] {processor.py:176} INFO - Processing /home/airflow/.local/lib/python3.7/site-packages/airflow/example_dags/example_time_delta_sensor_async.py took 0.483 seconds
[2024-09-24T08:40:09.762+0000] {processor.py:154} INFO - Started process (PID=16322) to work on /home/airflow/.local/lib/python3.7/site-packages/airflow/example_dags/example_time_delta_sensor_async.py
[2024-09-24T08:40:09.765+0000] {processor.py:756} INFO - Processing file /home/airflow/.local/lib/python3.7/site-packages/airflow/example_dags/example_time_delta_sensor_async.py for tasks to queue
[2024-09-24T08:40:09.768+0000] {logging_mixin.py:120} INFO - [2024-09-24T08:40:09.768+0000] {dagbag.py:537} INFO - Filling up the DagBag from /home/airflow/.local/lib/python3.7/site-packages/airflow/example_dags/example_time_delta_sensor_async.py
[2024-09-24T08:40:09.800+0000] {processor.py:766} INFO - DAG(s) dict_keys(['example_time_delta_sensor_async']) retrieved from /home/airflow/.local/lib/python3.7/site-packages/airflow/example_dags/example_time_delta_sensor_async.py
[2024-09-24T08:40:10.162+0000] {logging_mixin.py:120} INFO - [2024-09-24T08:40:10.162+0000] {dag.py:2585} INFO - Sync 1 DAGs
[2024-09-24T08:40:10.193+0000] {logging_mixin.py:120} INFO - [2024-09-24T08:40:10.193+0000] {dag.py:3340} INFO - Setting next_dagrun for example_time_delta_sensor_async to None, run_after=None
[2024-09-24T08:40:10.224+0000] {processor.py:176} INFO - Processing /home/airflow/.local/lib/python3.7/site-packages/airflow/example_dags/example_time_delta_sensor_async.py took 0.468 seconds
[2024-09-24T11:11:18.434+0000] {processor.py:154} INFO - Started process (PID=16376) to work on /home/airflow/.local/lib/python3.7/site-packages/airflow/example_dags/example_time_delta_sensor_async.py
[2024-09-24T11:11:18.438+0000] {processor.py:756} INFO - Processing file /home/airflow/.local/lib/python3.7/site-packages/airflow/example_dags/example_time_delta_sensor_async.py for tasks to queue
[2024-09-24T11:11:18.439+0000] {logging_mixin.py:120} INFO - [2024-09-24T11:11:18.439+0000] {dagbag.py:537} INFO - Filling up the DagBag from /home/airflow/.local/lib/python3.7/site-packages/airflow/example_dags/example_time_delta_sensor_async.py
[2024-09-24T11:11:18.482+0000] {processor.py:766} INFO - DAG(s) dict_keys(['example_time_delta_sensor_async']) retrieved from /home/airflow/.local/lib/python3.7/site-packages/airflow/example_dags/example_time_delta_sensor_async.py
[2024-09-24T11:11:19.063+0000] {logging_mixin.py:120} INFO - [2024-09-24T11:11:19.063+0000] {dag.py:2585} INFO - Sync 1 DAGs
[2024-09-24T11:11:19.125+0000] {logging_mixin.py:120} INFO - [2024-09-24T11:11:19.125+0000] {dag.py:3340} INFO - Setting next_dagrun for example_time_delta_sensor_async to None, run_after=None
[2024-09-24T11:11:19.175+0000] {processor.py:176} INFO - Processing /home/airflow/.local/lib/python3.7/site-packages/airflow/example_dags/example_time_delta_sensor_async.py took 0.753 seconds
[2024-09-24T12:44:47.684+0000] {processor.py:154} INFO - Started process (PID=16439) to work on /home/airflow/.local/lib/python3.7/site-packages/airflow/example_dags/example_time_delta_sensor_async.py
[2024-09-24T12:44:47.686+0000] {processor.py:756} INFO - Processing file /home/airflow/.local/lib/python3.7/site-packages/airflow/example_dags/example_time_delta_sensor_async.py for tasks to queue
[2024-09-24T12:44:47.688+0000] {logging_mixin.py:120} INFO - [2024-09-24T12:44:47.688+0000] {dagbag.py:537} INFO - Filling up the DagBag from /home/airflow/.local/lib/python3.7/site-packages/airflow/example_dags/example_time_delta_sensor_async.py
[2024-09-24T12:44:47.704+0000] {processor.py:766} INFO - DAG(s) dict_keys(['example_time_delta_sensor_async']) retrieved from /home/airflow/.local/lib/python3.7/site-packages/airflow/example_dags/example_time_delta_sensor_async.py
[2024-09-24T12:44:47.933+0000] {logging_mixin.py:120} INFO - [2024-09-24T12:44:47.933+0000] {dag.py:2585} INFO - Sync 1 DAGs
[2024-09-24T12:44:47.957+0000] {logging_mixin.py:120} INFO - [2024-09-24T12:44:47.957+0000] {dag.py:3340} INFO - Setting next_dagrun for example_time_delta_sensor_async to None, run_after=None
[2024-09-24T12:44:47.976+0000] {processor.py:176} INFO - Processing /home/airflow/.local/lib/python3.7/site-packages/airflow/example_dags/example_time_delta_sensor_async.py took 0.296 seconds
[2024-09-24T14:24:38.565+0000] {processor.py:154} INFO - Started process (PID=16493) to work on /home/airflow/.local/lib/python3.7/site-packages/airflow/example_dags/example_time_delta_sensor_async.py
[2024-09-24T14:24:38.567+0000] {processor.py:756} INFO - Processing file /home/airflow/.local/lib/python3.7/site-packages/airflow/example_dags/example_time_delta_sensor_async.py for tasks to queue
[2024-09-24T14:24:38.569+0000] {logging_mixin.py:120} INFO - [2024-09-24T14:24:38.569+0000] {dagbag.py:537} INFO - Filling up the DagBag from /home/airflow/.local/lib/python3.7/site-packages/airflow/example_dags/example_time_delta_sensor_async.py
[2024-09-24T14:24:38.590+0000] {processor.py:766} INFO - DAG(s) dict_keys(['example_time_delta_sensor_async']) retrieved from /home/airflow/.local/lib/python3.7/site-packages/airflow/example_dags/example_time_delta_sensor_async.py
[2024-09-24T14:24:38.860+0000] {logging_mixin.py:120} INFO - [2024-09-24T14:24:38.860+0000] {dag.py:2585} INFO - Sync 1 DAGs
[2024-09-24T14:24:38.901+0000] {logging_mixin.py:120} INFO - [2024-09-24T14:24:38.901+0000] {dag.py:3340} INFO - Setting next_dagrun for example_time_delta_sensor_async to None, run_after=None
[2024-09-24T14:24:38.930+0000] {processor.py:176} INFO - Processing /home/airflow/.local/lib/python3.7/site-packages/airflow/example_dags/example_time_delta_sensor_async.py took 0.371 seconds
[2024-09-24T14:26:38.795+0000] {processor.py:154} INFO - Started process (PID=16556) to work on /home/airflow/.local/lib/python3.7/site-packages/airflow/example_dags/example_time_delta_sensor_async.py
[2024-09-24T14:26:38.796+0000] {processor.py:756} INFO - Processing file /home/airflow/.local/lib/python3.7/site-packages/airflow/example_dags/example_time_delta_sensor_async.py for tasks to queue
[2024-09-24T14:26:38.797+0000] {logging_mixin.py:120} INFO - [2024-09-24T14:26:38.797+0000] {dagbag.py:537} INFO - Filling up the DagBag from /home/airflow/.local/lib/python3.7/site-packages/airflow/example_dags/example_time_delta_sensor_async.py
[2024-09-24T14:26:38.814+0000] {processor.py:766} INFO - DAG(s) dict_keys(['example_time_delta_sensor_async']) retrieved from /home/airflow/.local/lib/python3.7/site-packages/airflow/example_dags/example_time_delta_sensor_async.py
[2024-09-24T14:26:39.049+0000] {logging_mixin.py:120} INFO - [2024-09-24T14:26:39.049+0000] {dag.py:2585} INFO - Sync 1 DAGs
[2024-09-24T14:26:39.075+0000] {logging_mixin.py:120} INFO - [2024-09-24T14:26:39.075+0000] {dag.py:3340} INFO - Setting next_dagrun for example_time_delta_sensor_async to None, run_after=None
[2024-09-24T14:26:39.094+0000] {processor.py:176} INFO - Processing /home/airflow/.local/lib/python3.7/site-packages/airflow/example_dags/example_time_delta_sensor_async.py took 0.303 seconds
[2024-09-24T15:01:01.678+0000] {processor.py:154} INFO - Started process (PID=16610) to work on /home/airflow/.local/lib/python3.7/site-packages/airflow/example_dags/example_time_delta_sensor_async.py
[2024-09-24T15:01:01.680+0000] {processor.py:756} INFO - Processing file /home/airflow/.local/lib/python3.7/site-packages/airflow/example_dags/example_time_delta_sensor_async.py for tasks to queue
[2024-09-24T15:01:01.683+0000] {logging_mixin.py:120} INFO - [2024-09-24T15:01:01.682+0000] {dagbag.py:537} INFO - Filling up the DagBag from /home/airflow/.local/lib/python3.7/site-packages/airflow/example_dags/example_time_delta_sensor_async.py
[2024-09-24T15:01:01.704+0000] {processor.py:766} INFO - DAG(s) dict_keys(['example_time_delta_sensor_async']) retrieved from /home/airflow/.local/lib/python3.7/site-packages/airflow/example_dags/example_time_delta_sensor_async.py
[2024-09-24T15:01:02.033+0000] {logging_mixin.py:120} INFO - [2024-09-24T15:01:02.033+0000] {dag.py:2585} INFO - Sync 1 DAGs
[2024-09-24T15:01:02.066+0000] {logging_mixin.py:120} INFO - [2024-09-24T15:01:02.065+0000] {dag.py:3340} INFO - Setting next_dagrun for example_time_delta_sensor_async to None, run_after=None
[2024-09-24T15:01:02.096+0000] {processor.py:176} INFO - Processing /home/airflow/.local/lib/python3.7/site-packages/airflow/example_dags/example_time_delta_sensor_async.py took 0.421 seconds
[2024-09-24T16:32:26.634+0000] {processor.py:154} INFO - Started process (PID=16673) to work on /home/airflow/.local/lib/python3.7/site-packages/airflow/example_dags/example_time_delta_sensor_async.py
[2024-09-24T16:32:26.636+0000] {processor.py:756} INFO - Processing file /home/airflow/.local/lib/python3.7/site-packages/airflow/example_dags/example_time_delta_sensor_async.py for tasks to queue
[2024-09-24T16:32:26.638+0000] {logging_mixin.py:120} INFO - [2024-09-24T16:32:26.638+0000] {dagbag.py:537} INFO - Filling up the DagBag from /home/airflow/.local/lib/python3.7/site-packages/airflow/example_dags/example_time_delta_sensor_async.py
[2024-09-24T16:32:26.657+0000] {processor.py:766} INFO - DAG(s) dict_keys(['example_time_delta_sensor_async']) retrieved from /home/airflow/.local/lib/python3.7/site-packages/airflow/example_dags/example_time_delta_sensor_async.py
[2024-09-24T16:32:26.915+0000] {logging_mixin.py:120} INFO - [2024-09-24T16:32:26.915+0000] {dag.py:2585} INFO - Sync 1 DAGs
[2024-09-24T16:32:26.945+0000] {logging_mixin.py:120} INFO - [2024-09-24T16:32:26.945+0000] {dag.py:3340} INFO - Setting next_dagrun for example_time_delta_sensor_async to None, run_after=None
[2024-09-24T16:32:26.966+0000] {processor.py:176} INFO - Processing /home/airflow/.local/lib/python3.7/site-packages/airflow/example_dags/example_time_delta_sensor_async.py took 0.339 seconds
[2024-09-24T16:38:48.119+0000] {processor.py:154} INFO - Started process (PID=16734) to work on /home/airflow/.local/lib/python3.7/site-packages/airflow/example_dags/example_time_delta_sensor_async.py
[2024-09-24T16:38:48.123+0000] {processor.py:756} INFO - Processing file /home/airflow/.local/lib/python3.7/site-packages/airflow/example_dags/example_time_delta_sensor_async.py for tasks to queue
[2024-09-24T16:38:48.125+0000] {logging_mixin.py:120} INFO - [2024-09-24T16:38:48.125+0000] {dagbag.py:537} INFO - Filling up the DagBag from /home/airflow/.local/lib/python3.7/site-packages/airflow/example_dags/example_time_delta_sensor_async.py
[2024-09-24T16:38:48.158+0000] {processor.py:766} INFO - DAG(s) dict_keys(['example_time_delta_sensor_async']) retrieved from /home/airflow/.local/lib/python3.7/site-packages/airflow/example_dags/example_time_delta_sensor_async.py
[2024-09-24T16:38:48.682+0000] {logging_mixin.py:120} INFO - [2024-09-24T16:38:48.682+0000] {dag.py:2585} INFO - Sync 1 DAGs
[2024-09-24T16:38:48.756+0000] {logging_mixin.py:120} INFO - [2024-09-24T16:38:48.755+0000] {dag.py:3340} INFO - Setting next_dagrun for example_time_delta_sensor_async to None, run_after=None
[2024-09-24T16:38:48.801+0000] {processor.py:176} INFO - Processing /home/airflow/.local/lib/python3.7/site-packages/airflow/example_dags/example_time_delta_sensor_async.py took 0.689 seconds
[2024-09-24T17:03:34.613+0000] {processor.py:154} INFO - Started process (PID=16781) to work on /home/airflow/.local/lib/python3.7/site-packages/airflow/example_dags/example_time_delta_sensor_async.py
[2024-09-24T17:03:34.620+0000] {processor.py:756} INFO - Processing file /home/airflow/.local/lib/python3.7/site-packages/airflow/example_dags/example_time_delta_sensor_async.py for tasks to queue
[2024-09-24T17:03:34.628+0000] {logging_mixin.py:120} INFO - [2024-09-24T17:03:34.627+0000] {dagbag.py:537} INFO - Filling up the DagBag from /home/airflow/.local/lib/python3.7/site-packages/airflow/example_dags/example_time_delta_sensor_async.py
[2024-09-24T17:03:34.731+0000] {processor.py:766} INFO - DAG(s) dict_keys(['example_time_delta_sensor_async']) retrieved from /home/airflow/.local/lib/python3.7/site-packages/airflow/example_dags/example_time_delta_sensor_async.py
[2024-09-24T17:03:36.742+0000] {logging_mixin.py:120} INFO - [2024-09-24T17:03:36.741+0000] {dag.py:2585} INFO - Sync 1 DAGs
[2024-09-24T17:03:36.984+0000] {logging_mixin.py:120} INFO - [2024-09-24T17:03:36.984+0000] {dag.py:3340} INFO - Setting next_dagrun for example_time_delta_sensor_async to None, run_after=None
[2024-09-24T17:03:37.182+0000] {processor.py:176} INFO - Processing /home/airflow/.local/lib/python3.7/site-packages/airflow/example_dags/example_time_delta_sensor_async.py took 2.592 seconds
[2024-09-24T17:24:25.522+0000] {processor.py:154} INFO - Started process (PID=16835) to work on /home/airflow/.local/lib/python3.7/site-packages/airflow/example_dags/example_time_delta_sensor_async.py
[2024-09-24T17:24:25.533+0000] {processor.py:756} INFO - Processing file /home/airflow/.local/lib/python3.7/site-packages/airflow/example_dags/example_time_delta_sensor_async.py for tasks to queue
[2024-09-24T17:24:25.541+0000] {logging_mixin.py:120} INFO - [2024-09-24T17:24:25.540+0000] {dagbag.py:537} INFO - Filling up the DagBag from /home/airflow/.local/lib/python3.7/site-packages/airflow/example_dags/example_time_delta_sensor_async.py
[2024-09-24T17:24:25.648+0000] {processor.py:766} INFO - DAG(s) dict_keys(['example_time_delta_sensor_async']) retrieved from /home/airflow/.local/lib/python3.7/site-packages/airflow/example_dags/example_time_delta_sensor_async.py
[2024-09-24T17:24:27.385+0000] {logging_mixin.py:120} INFO - [2024-09-24T17:24:27.384+0000] {dag.py:2585} INFO - Sync 1 DAGs
[2024-09-24T17:24:27.553+0000] {logging_mixin.py:120} INFO - [2024-09-24T17:24:27.552+0000] {dag.py:3340} INFO - Setting next_dagrun for example_time_delta_sensor_async to None, run_after=None
[2024-09-24T17:24:27.672+0000] {processor.py:176} INFO - Processing /home/airflow/.local/lib/python3.7/site-packages/airflow/example_dags/example_time_delta_sensor_async.py took 2.184 seconds
[2024-09-24T18:04:31.831+0000] {processor.py:154} INFO - Started process (PID=16889) to work on /home/airflow/.local/lib/python3.7/site-packages/airflow/example_dags/example_time_delta_sensor_async.py
[2024-09-24T18:04:31.841+0000] {processor.py:756} INFO - Processing file /home/airflow/.local/lib/python3.7/site-packages/airflow/example_dags/example_time_delta_sensor_async.py for tasks to queue
[2024-09-24T18:04:31.849+0000] {logging_mixin.py:120} INFO - [2024-09-24T18:04:31.847+0000] {dagbag.py:537} INFO - Filling up the DagBag from /home/airflow/.local/lib/python3.7/site-packages/airflow/example_dags/example_time_delta_sensor_async.py
[2024-09-24T18:04:31.987+0000] {processor.py:766} INFO - DAG(s) dict_keys(['example_time_delta_sensor_async']) retrieved from /home/airflow/.local/lib/python3.7/site-packages/airflow/example_dags/example_time_delta_sensor_async.py
[2024-09-24T18:04:34.026+0000] {logging_mixin.py:120} INFO - [2024-09-24T18:04:34.024+0000] {dag.py:2585} INFO - Sync 1 DAGs
[2024-09-24T18:04:34.232+0000] {logging_mixin.py:120} INFO - [2024-09-24T18:04:34.231+0000] {dag.py:3340} INFO - Setting next_dagrun for example_time_delta_sensor_async to None, run_after=None
[2024-09-24T18:04:34.370+0000] {processor.py:176} INFO - Processing /home/airflow/.local/lib/python3.7/site-packages/airflow/example_dags/example_time_delta_sensor_async.py took 2.581 seconds
[2024-09-24T19:05:31.762+0000] {processor.py:154} INFO - Started process (PID=16943) to work on /home/airflow/.local/lib/python3.7/site-packages/airflow/example_dags/example_time_delta_sensor_async.py
[2024-09-24T19:05:31.775+0000] {processor.py:756} INFO - Processing file /home/airflow/.local/lib/python3.7/site-packages/airflow/example_dags/example_time_delta_sensor_async.py for tasks to queue
[2024-09-24T19:05:31.783+0000] {logging_mixin.py:120} INFO - [2024-09-24T19:05:31.782+0000] {dagbag.py:537} INFO - Filling up the DagBag from /home/airflow/.local/lib/python3.7/site-packages/airflow/example_dags/example_time_delta_sensor_async.py
[2024-09-24T19:05:31.906+0000] {processor.py:766} INFO - DAG(s) dict_keys(['example_time_delta_sensor_async']) retrieved from /home/airflow/.local/lib/python3.7/site-packages/airflow/example_dags/example_time_delta_sensor_async.py
[2024-09-24T19:05:34.297+0000] {logging_mixin.py:120} INFO - [2024-09-24T19:05:34.297+0000] {dag.py:2585} INFO - Sync 1 DAGs
[2024-09-24T19:05:34.368+0000] {logging_mixin.py:120} INFO - [2024-09-24T19:05:34.367+0000] {dag.py:3340} INFO - Setting next_dagrun for example_time_delta_sensor_async to None, run_after=None
[2024-09-24T19:05:34.410+0000] {processor.py:176} INFO - Processing /home/airflow/.local/lib/python3.7/site-packages/airflow/example_dags/example_time_delta_sensor_async.py took 2.686 seconds
[2024-09-24T20:06:35.212+0000] {processor.py:154} INFO - Started process (PID=16988) to work on /home/airflow/.local/lib/python3.7/site-packages/airflow/example_dags/example_time_delta_sensor_async.py
[2024-09-24T20:06:35.223+0000] {processor.py:756} INFO - Processing file /home/airflow/.local/lib/python3.7/site-packages/airflow/example_dags/example_time_delta_sensor_async.py for tasks to queue
[2024-09-24T20:06:35.230+0000] {logging_mixin.py:120} INFO - [2024-09-24T20:06:35.229+0000] {dagbag.py:537} INFO - Filling up the DagBag from /home/airflow/.local/lib/python3.7/site-packages/airflow/example_dags/example_time_delta_sensor_async.py
[2024-09-24T20:06:35.348+0000] {processor.py:766} INFO - DAG(s) dict_keys(['example_time_delta_sensor_async']) retrieved from /home/airflow/.local/lib/python3.7/site-packages/airflow/example_dags/example_time_delta_sensor_async.py
[2024-09-24T20:06:37.181+0000] {logging_mixin.py:120} INFO - [2024-09-24T20:06:37.180+0000] {dag.py:2585} INFO - Sync 1 DAGs
[2024-09-24T20:06:37.455+0000] {logging_mixin.py:120} INFO - [2024-09-24T20:06:37.454+0000] {dag.py:3340} INFO - Setting next_dagrun for example_time_delta_sensor_async to None, run_after=None
[2024-09-24T20:06:37.592+0000] {processor.py:176} INFO - Processing /home/airflow/.local/lib/python3.7/site-packages/airflow/example_dags/example_time_delta_sensor_async.py took 2.405 seconds
[2024-09-24T22:08:22.116+0000] {processor.py:154} INFO - Started process (PID=17042) to work on /home/airflow/.local/lib/python3.7/site-packages/airflow/example_dags/example_time_delta_sensor_async.py
[2024-09-24T22:08:22.118+0000] {processor.py:756} INFO - Processing file /home/airflow/.local/lib/python3.7/site-packages/airflow/example_dags/example_time_delta_sensor_async.py for tasks to queue
[2024-09-24T22:08:22.122+0000] {logging_mixin.py:120} INFO - [2024-09-24T22:08:22.122+0000] {dagbag.py:537} INFO - Filling up the DagBag from /home/airflow/.local/lib/python3.7/site-packages/airflow/example_dags/example_time_delta_sensor_async.py
[2024-09-24T22:08:22.150+0000] {processor.py:766} INFO - DAG(s) dict_keys(['example_time_delta_sensor_async']) retrieved from /home/airflow/.local/lib/python3.7/site-packages/airflow/example_dags/example_time_delta_sensor_async.py
[2024-09-24T22:08:22.452+0000] {logging_mixin.py:120} INFO - [2024-09-24T22:08:22.452+0000] {dag.py:2585} INFO - Sync 1 DAGs
[2024-09-24T22:08:22.596+0000] {logging_mixin.py:120} INFO - [2024-09-24T22:08:22.595+0000] {dag.py:3340} INFO - Setting next_dagrun for example_time_delta_sensor_async to None, run_after=None
[2024-09-24T22:08:22.739+0000] {processor.py:176} INFO - Processing /home/airflow/.local/lib/python3.7/site-packages/airflow/example_dags/example_time_delta_sensor_async.py took 0.629 seconds
