[2024-09-24T01:38:20.481+0000] {processor.py:154} INFO - Started process (PID=13875) to work on /home/airflow/.local/lib/python3.7/site-packages/airflow/example_dags/example_xcomargs.py
[2024-09-24T01:38:20.483+0000] {processor.py:756} INFO - Processing file /home/airflow/.local/lib/python3.7/site-packages/airflow/example_dags/example_xcomargs.py for tasks to queue
[2024-09-24T01:38:20.484+0000] {logging_mixin.py:120} INFO - [2024-09-24T01:38:20.484+0000] {dagbag.py:537} INFO - Filling up the DagBag from /home/airflow/.local/lib/python3.7/site-packages/airflow/example_dags/example_xcomargs.py
[2024-09-24T01:38:20.533+0000] {processor.py:766} INFO - DAG(s) dict_keys(['example_xcom_args_with_operators', 'example_xcom_args']) retrieved from /home/airflow/.local/lib/python3.7/site-packages/airflow/example_dags/example_xcomargs.py
[2024-09-24T01:38:20.646+0000] {logging_mixin.py:120} INFO - [2024-09-24T01:38:20.646+0000] {dag.py:2585} INFO - Sync 2 DAGs
[2024-09-24T01:38:20.719+0000] {logging_mixin.py:120} INFO - [2024-09-24T01:38:20.718+0000] {dag.py:3340} INFO - Setting next_dagrun for example_xcom_args to None, run_after=None
[2024-09-24T01:38:20.731+0000] {logging_mixin.py:120} INFO - [2024-09-24T01:38:20.731+0000] {dag.py:3340} INFO - Setting next_dagrun for example_xcom_args_with_operators to None, run_after=None
[2024-09-24T01:38:20.779+0000] {processor.py:176} INFO - Processing /home/airflow/.local/lib/python3.7/site-packages/airflow/example_dags/example_xcomargs.py took 0.303 seconds
[2024-09-24T01:41:41.170+0000] {processor.py:154} INFO - Started process (PID=13929) to work on /home/airflow/.local/lib/python3.7/site-packages/airflow/example_dags/example_xcomargs.py
[2024-09-24T01:41:41.172+0000] {processor.py:756} INFO - Processing file /home/airflow/.local/lib/python3.7/site-packages/airflow/example_dags/example_xcomargs.py for tasks to queue
[2024-09-24T01:41:41.175+0000] {logging_mixin.py:120} INFO - [2024-09-24T01:41:41.174+0000] {dagbag.py:537} INFO - Filling up the DagBag from /home/airflow/.local/lib/python3.7/site-packages/airflow/example_dags/example_xcomargs.py
[2024-09-24T01:41:41.224+0000] {processor.py:766} INFO - DAG(s) dict_keys(['example_xcom_args_with_operators', 'example_xcom_args']) retrieved from /home/airflow/.local/lib/python3.7/site-packages/airflow/example_dags/example_xcomargs.py
[2024-09-24T01:41:41.290+0000] {logging_mixin.py:120} INFO - [2024-09-24T01:41:41.290+0000] {dag.py:2585} INFO - Sync 2 DAGs
[2024-09-24T01:41:42.917+0000] {logging_mixin.py:120} INFO - [2024-09-24T01:41:42.917+0000] {dag.py:3340} INFO - Setting next_dagrun for example_xcom_args to None, run_after=None
[2024-09-24T01:41:42.938+0000] {logging_mixin.py:120} INFO - [2024-09-24T01:41:42.938+0000] {dag.py:3340} INFO - Setting next_dagrun for example_xcom_args_with_operators to None, run_after=None
[2024-09-24T01:41:43.011+0000] {processor.py:176} INFO - Processing /home/airflow/.local/lib/python3.7/site-packages/airflow/example_dags/example_xcomargs.py took 1.847 seconds
[2024-09-24T03:27:56.483+0000] {processor.py:154} INFO - Started process (PID=13992) to work on /home/airflow/.local/lib/python3.7/site-packages/airflow/example_dags/example_xcomargs.py
[2024-09-24T03:27:56.485+0000] {processor.py:756} INFO - Processing file /home/airflow/.local/lib/python3.7/site-packages/airflow/example_dags/example_xcomargs.py for tasks to queue
[2024-09-24T03:27:56.488+0000] {logging_mixin.py:120} INFO - [2024-09-24T03:27:56.488+0000] {dagbag.py:537} INFO - Filling up the DagBag from /home/airflow/.local/lib/python3.7/site-packages/airflow/example_dags/example_xcomargs.py
[2024-09-24T03:27:56.533+0000] {processor.py:766} INFO - DAG(s) dict_keys(['example_xcom_args', 'example_xcom_args_with_operators']) retrieved from /home/airflow/.local/lib/python3.7/site-packages/airflow/example_dags/example_xcomargs.py
[2024-09-24T03:27:56.617+0000] {logging_mixin.py:120} INFO - [2024-09-24T03:27:56.616+0000] {dag.py:2585} INFO - Sync 2 DAGs
[2024-09-24T03:27:56.661+0000] {logging_mixin.py:120} INFO - [2024-09-24T03:27:56.661+0000] {dag.py:3340} INFO - Setting next_dagrun for example_xcom_args to None, run_after=None
[2024-09-24T03:27:56.666+0000] {logging_mixin.py:120} INFO - [2024-09-24T03:27:56.666+0000] {dag.py:3340} INFO - Setting next_dagrun for example_xcom_args_with_operators to None, run_after=None
[2024-09-24T03:27:56.690+0000] {processor.py:176} INFO - Processing /home/airflow/.local/lib/python3.7/site-packages/airflow/example_dags/example_xcomargs.py took 0.216 seconds
[2024-09-24T04:19:37.687+0000] {processor.py:154} INFO - Started process (PID=14055) to work on /home/airflow/.local/lib/python3.7/site-packages/airflow/example_dags/example_xcomargs.py
[2024-09-24T04:19:37.709+0000] {processor.py:756} INFO - Processing file /home/airflow/.local/lib/python3.7/site-packages/airflow/example_dags/example_xcomargs.py for tasks to queue
[2024-09-24T04:19:37.728+0000] {logging_mixin.py:120} INFO - [2024-09-24T04:19:37.728+0000] {dagbag.py:537} INFO - Filling up the DagBag from /home/airflow/.local/lib/python3.7/site-packages/airflow/example_dags/example_xcomargs.py
[2024-09-24T04:19:37.782+0000] {processor.py:766} INFO - DAG(s) dict_keys(['example_xcom_args_with_operators', 'example_xcom_args']) retrieved from /home/airflow/.local/lib/python3.7/site-packages/airflow/example_dags/example_xcomargs.py
[2024-09-24T04:19:37.878+0000] {logging_mixin.py:120} INFO - [2024-09-24T04:19:37.878+0000] {dag.py:2585} INFO - Sync 2 DAGs
[2024-09-24T04:19:37.945+0000] {logging_mixin.py:120} INFO - [2024-09-24T04:19:37.945+0000] {dag.py:3340} INFO - Setting next_dagrun for example_xcom_args to None, run_after=None
[2024-09-24T04:19:37.953+0000] {logging_mixin.py:120} INFO - [2024-09-24T04:19:37.953+0000] {dag.py:3340} INFO - Setting next_dagrun for example_xcom_args_with_operators to None, run_after=None
[2024-09-24T04:19:38.002+0000] {processor.py:176} INFO - Processing /home/airflow/.local/lib/python3.7/site-packages/airflow/example_dags/example_xcomargs.py took 0.321 seconds
[2024-09-24T04:20:08.841+0000] {processor.py:154} INFO - Started process (PID=14109) to work on /home/airflow/.local/lib/python3.7/site-packages/airflow/example_dags/example_xcomargs.py
[2024-09-24T04:20:08.843+0000] {processor.py:756} INFO - Processing file /home/airflow/.local/lib/python3.7/site-packages/airflow/example_dags/example_xcomargs.py for tasks to queue
[2024-09-24T04:20:08.844+0000] {logging_mixin.py:120} INFO - [2024-09-24T04:20:08.844+0000] {dagbag.py:537} INFO - Filling up the DagBag from /home/airflow/.local/lib/python3.7/site-packages/airflow/example_dags/example_xcomargs.py
[2024-09-24T04:20:08.874+0000] {processor.py:766} INFO - DAG(s) dict_keys(['example_xcom_args_with_operators', 'example_xcom_args']) retrieved from /home/airflow/.local/lib/python3.7/site-packages/airflow/example_dags/example_xcomargs.py
[2024-09-24T04:20:08.933+0000] {logging_mixin.py:120} INFO - [2024-09-24T04:20:08.933+0000] {dag.py:2585} INFO - Sync 2 DAGs
[2024-09-24T04:20:08.969+0000] {logging_mixin.py:120} INFO - [2024-09-24T04:20:08.969+0000] {dag.py:3340} INFO - Setting next_dagrun for example_xcom_args to None, run_after=None
[2024-09-24T04:20:08.974+0000] {logging_mixin.py:120} INFO - [2024-09-24T04:20:08.973+0000] {dag.py:3340} INFO - Setting next_dagrun for example_xcom_args_with_operators to None, run_after=None
[2024-09-24T04:20:09.000+0000] {processor.py:176} INFO - Processing /home/airflow/.local/lib/python3.7/site-packages/airflow/example_dags/example_xcomargs.py took 0.163 seconds
[2024-09-24T04:20:39.136+0000] {processor.py:154} INFO - Started process (PID=14171) to work on /home/airflow/.local/lib/python3.7/site-packages/airflow/example_dags/example_xcomargs.py
[2024-09-24T04:20:39.137+0000] {processor.py:756} INFO - Processing file /home/airflow/.local/lib/python3.7/site-packages/airflow/example_dags/example_xcomargs.py for tasks to queue
[2024-09-24T04:20:39.138+0000] {logging_mixin.py:120} INFO - [2024-09-24T04:20:39.138+0000] {dagbag.py:537} INFO - Filling up the DagBag from /home/airflow/.local/lib/python3.7/site-packages/airflow/example_dags/example_xcomargs.py
[2024-09-24T04:20:39.166+0000] {processor.py:766} INFO - DAG(s) dict_keys(['example_xcom_args', 'example_xcom_args_with_operators']) retrieved from /home/airflow/.local/lib/python3.7/site-packages/airflow/example_dags/example_xcomargs.py
[2024-09-24T04:20:39.219+0000] {logging_mixin.py:120} INFO - [2024-09-24T04:20:39.218+0000] {dag.py:2585} INFO - Sync 2 DAGs
[2024-09-24T04:20:39.251+0000] {logging_mixin.py:120} INFO - [2024-09-24T04:20:39.251+0000] {dag.py:3340} INFO - Setting next_dagrun for example_xcom_args to None, run_after=None
[2024-09-24T04:20:39.257+0000] {logging_mixin.py:120} INFO - [2024-09-24T04:20:39.256+0000] {dag.py:3340} INFO - Setting next_dagrun for example_xcom_args_with_operators to None, run_after=None
[2024-09-24T04:20:39.281+0000] {processor.py:176} INFO - Processing /home/airflow/.local/lib/python3.7/site-packages/airflow/example_dags/example_xcomargs.py took 0.150 seconds
[2024-09-24T04:21:09.755+0000] {processor.py:154} INFO - Started process (PID=14225) to work on /home/airflow/.local/lib/python3.7/site-packages/airflow/example_dags/example_xcomargs.py
[2024-09-24T04:21:09.757+0000] {processor.py:756} INFO - Processing file /home/airflow/.local/lib/python3.7/site-packages/airflow/example_dags/example_xcomargs.py for tasks to queue
[2024-09-24T04:21:09.758+0000] {logging_mixin.py:120} INFO - [2024-09-24T04:21:09.758+0000] {dagbag.py:537} INFO - Filling up the DagBag from /home/airflow/.local/lib/python3.7/site-packages/airflow/example_dags/example_xcomargs.py
[2024-09-24T04:21:09.799+0000] {processor.py:766} INFO - DAG(s) dict_keys(['example_xcom_args', 'example_xcom_args_with_operators']) retrieved from /home/airflow/.local/lib/python3.7/site-packages/airflow/example_dags/example_xcomargs.py
[2024-09-24T04:21:09.893+0000] {logging_mixin.py:120} INFO - [2024-09-24T04:21:09.893+0000] {dag.py:2585} INFO - Sync 2 DAGs
[2024-09-24T04:21:09.932+0000] {logging_mixin.py:120} INFO - [2024-09-24T04:21:09.932+0000] {dag.py:3340} INFO - Setting next_dagrun for example_xcom_args to None, run_after=None
[2024-09-24T04:21:09.939+0000] {logging_mixin.py:120} INFO - [2024-09-24T04:21:09.939+0000] {dag.py:3340} INFO - Setting next_dagrun for example_xcom_args_with_operators to None, run_after=None
[2024-09-24T04:21:09.968+0000] {processor.py:176} INFO - Processing /home/airflow/.local/lib/python3.7/site-packages/airflow/example_dags/example_xcomargs.py took 0.219 seconds
[2024-09-24T04:21:40.191+0000] {processor.py:154} INFO - Started process (PID=14288) to work on /home/airflow/.local/lib/python3.7/site-packages/airflow/example_dags/example_xcomargs.py
[2024-09-24T04:21:40.193+0000] {processor.py:756} INFO - Processing file /home/airflow/.local/lib/python3.7/site-packages/airflow/example_dags/example_xcomargs.py for tasks to queue
[2024-09-24T04:21:40.194+0000] {logging_mixin.py:120} INFO - [2024-09-24T04:21:40.193+0000] {dagbag.py:537} INFO - Filling up the DagBag from /home/airflow/.local/lib/python3.7/site-packages/airflow/example_dags/example_xcomargs.py
[2024-09-24T04:21:40.223+0000] {processor.py:766} INFO - DAG(s) dict_keys(['example_xcom_args', 'example_xcom_args_with_operators']) retrieved from /home/airflow/.local/lib/python3.7/site-packages/airflow/example_dags/example_xcomargs.py
[2024-09-24T04:21:40.282+0000] {logging_mixin.py:120} INFO - [2024-09-24T04:21:40.281+0000] {dag.py:2585} INFO - Sync 2 DAGs
[2024-09-24T04:21:40.318+0000] {logging_mixin.py:120} INFO - [2024-09-24T04:21:40.318+0000] {dag.py:3340} INFO - Setting next_dagrun for example_xcom_args to None, run_after=None
[2024-09-24T04:21:40.322+0000] {logging_mixin.py:120} INFO - [2024-09-24T04:21:40.322+0000] {dag.py:3340} INFO - Setting next_dagrun for example_xcom_args_with_operators to None, run_after=None
[2024-09-24T04:21:40.347+0000] {processor.py:176} INFO - Processing /home/airflow/.local/lib/python3.7/site-packages/airflow/example_dags/example_xcomargs.py took 0.161 seconds
[2024-09-24T04:22:10.549+0000] {processor.py:154} INFO - Started process (PID=14352) to work on /home/airflow/.local/lib/python3.7/site-packages/airflow/example_dags/example_xcomargs.py
[2024-09-24T04:22:10.550+0000] {processor.py:756} INFO - Processing file /home/airflow/.local/lib/python3.7/site-packages/airflow/example_dags/example_xcomargs.py for tasks to queue
[2024-09-24T04:22:10.551+0000] {logging_mixin.py:120} INFO - [2024-09-24T04:22:10.551+0000] {dagbag.py:537} INFO - Filling up the DagBag from /home/airflow/.local/lib/python3.7/site-packages/airflow/example_dags/example_xcomargs.py
[2024-09-24T04:22:10.580+0000] {processor.py:766} INFO - DAG(s) dict_keys(['example_xcom_args_with_operators', 'example_xcom_args']) retrieved from /home/airflow/.local/lib/python3.7/site-packages/airflow/example_dags/example_xcomargs.py
[2024-09-24T04:22:10.631+0000] {logging_mixin.py:120} INFO - [2024-09-24T04:22:10.630+0000] {dag.py:2585} INFO - Sync 2 DAGs
[2024-09-24T04:22:10.665+0000] {logging_mixin.py:120} INFO - [2024-09-24T04:22:10.665+0000] {dag.py:3340} INFO - Setting next_dagrun for example_xcom_args to None, run_after=None
[2024-09-24T04:22:10.670+0000] {logging_mixin.py:120} INFO - [2024-09-24T04:22:10.670+0000] {dag.py:3340} INFO - Setting next_dagrun for example_xcom_args_with_operators to None, run_after=None
[2024-09-24T04:22:10.693+0000] {processor.py:176} INFO - Processing /home/airflow/.local/lib/python3.7/site-packages/airflow/example_dags/example_xcomargs.py took 0.149 seconds
[2024-09-24T04:22:40.820+0000] {processor.py:154} INFO - Started process (PID=14406) to work on /home/airflow/.local/lib/python3.7/site-packages/airflow/example_dags/example_xcomargs.py
[2024-09-24T04:22:40.822+0000] {processor.py:756} INFO - Processing file /home/airflow/.local/lib/python3.7/site-packages/airflow/example_dags/example_xcomargs.py for tasks to queue
[2024-09-24T04:22:40.824+0000] {logging_mixin.py:120} INFO - [2024-09-24T04:22:40.823+0000] {dagbag.py:537} INFO - Filling up the DagBag from /home/airflow/.local/lib/python3.7/site-packages/airflow/example_dags/example_xcomargs.py
[2024-09-24T04:22:40.863+0000] {processor.py:766} INFO - DAG(s) dict_keys(['example_xcom_args', 'example_xcom_args_with_operators']) retrieved from /home/airflow/.local/lib/python3.7/site-packages/airflow/example_dags/example_xcomargs.py
[2024-09-24T04:22:40.928+0000] {logging_mixin.py:120} INFO - [2024-09-24T04:22:40.928+0000] {dag.py:2585} INFO - Sync 2 DAGs
[2024-09-24T04:22:40.956+0000] {logging_mixin.py:120} INFO - [2024-09-24T04:22:40.956+0000] {dag.py:3340} INFO - Setting next_dagrun for example_xcom_args to None, run_after=None
[2024-09-24T04:22:40.960+0000] {logging_mixin.py:120} INFO - [2024-09-24T04:22:40.960+0000] {dag.py:3340} INFO - Setting next_dagrun for example_xcom_args_with_operators to None, run_after=None
[2024-09-24T04:22:40.981+0000] {processor.py:176} INFO - Processing /home/airflow/.local/lib/python3.7/site-packages/airflow/example_dags/example_xcomargs.py took 0.172 seconds
[2024-09-24T04:23:11.049+0000] {processor.py:154} INFO - Started process (PID=14468) to work on /home/airflow/.local/lib/python3.7/site-packages/airflow/example_dags/example_xcomargs.py
[2024-09-24T04:23:11.050+0000] {processor.py:756} INFO - Processing file /home/airflow/.local/lib/python3.7/site-packages/airflow/example_dags/example_xcomargs.py for tasks to queue
[2024-09-24T04:23:11.051+0000] {logging_mixin.py:120} INFO - [2024-09-24T04:23:11.051+0000] {dagbag.py:537} INFO - Filling up the DagBag from /home/airflow/.local/lib/python3.7/site-packages/airflow/example_dags/example_xcomargs.py
[2024-09-24T04:23:11.081+0000] {processor.py:766} INFO - DAG(s) dict_keys(['example_xcom_args', 'example_xcom_args_with_operators']) retrieved from /home/airflow/.local/lib/python3.7/site-packages/airflow/example_dags/example_xcomargs.py
[2024-09-24T04:23:11.132+0000] {logging_mixin.py:120} INFO - [2024-09-24T04:23:11.132+0000] {dag.py:2585} INFO - Sync 2 DAGs
[2024-09-24T04:23:11.160+0000] {logging_mixin.py:120} INFO - [2024-09-24T04:23:11.160+0000] {dag.py:3340} INFO - Setting next_dagrun for example_xcom_args to None, run_after=None
[2024-09-24T04:23:11.163+0000] {logging_mixin.py:120} INFO - [2024-09-24T04:23:11.163+0000] {dag.py:3340} INFO - Setting next_dagrun for example_xcom_args_with_operators to None, run_after=None
[2024-09-24T04:23:11.181+0000] {processor.py:176} INFO - Processing /home/airflow/.local/lib/python3.7/site-packages/airflow/example_dags/example_xcomargs.py took 0.136 seconds
[2024-09-24T04:23:41.218+0000] {processor.py:154} INFO - Started process (PID=14531) to work on /home/airflow/.local/lib/python3.7/site-packages/airflow/example_dags/example_xcomargs.py
[2024-09-24T04:23:41.219+0000] {processor.py:756} INFO - Processing file /home/airflow/.local/lib/python3.7/site-packages/airflow/example_dags/example_xcomargs.py for tasks to queue
[2024-09-24T04:23:41.220+0000] {logging_mixin.py:120} INFO - [2024-09-24T04:23:41.220+0000] {dagbag.py:537} INFO - Filling up the DagBag from /home/airflow/.local/lib/python3.7/site-packages/airflow/example_dags/example_xcomargs.py
[2024-09-24T04:23:41.248+0000] {processor.py:766} INFO - DAG(s) dict_keys(['example_xcom_args_with_operators', 'example_xcom_args']) retrieved from /home/airflow/.local/lib/python3.7/site-packages/airflow/example_dags/example_xcomargs.py
[2024-09-24T04:23:41.298+0000] {logging_mixin.py:120} INFO - [2024-09-24T04:23:41.298+0000] {dag.py:2585} INFO - Sync 2 DAGs
[2024-09-24T04:23:41.326+0000] {logging_mixin.py:120} INFO - [2024-09-24T04:23:41.326+0000] {dag.py:3340} INFO - Setting next_dagrun for example_xcom_args to None, run_after=None
[2024-09-24T04:23:41.329+0000] {logging_mixin.py:120} INFO - [2024-09-24T04:23:41.329+0000] {dag.py:3340} INFO - Setting next_dagrun for example_xcom_args_with_operators to None, run_after=None
[2024-09-24T04:23:41.345+0000] {processor.py:176} INFO - Processing /home/airflow/.local/lib/python3.7/site-packages/airflow/example_dags/example_xcomargs.py took 0.131 seconds
[2024-09-24T04:24:11.452+0000] {processor.py:154} INFO - Started process (PID=14584) to work on /home/airflow/.local/lib/python3.7/site-packages/airflow/example_dags/example_xcomargs.py
[2024-09-24T04:24:11.453+0000] {processor.py:756} INFO - Processing file /home/airflow/.local/lib/python3.7/site-packages/airflow/example_dags/example_xcomargs.py for tasks to queue
[2024-09-24T04:24:11.454+0000] {logging_mixin.py:120} INFO - [2024-09-24T04:24:11.454+0000] {dagbag.py:537} INFO - Filling up the DagBag from /home/airflow/.local/lib/python3.7/site-packages/airflow/example_dags/example_xcomargs.py
[2024-09-24T04:24:11.485+0000] {processor.py:766} INFO - DAG(s) dict_keys(['example_xcom_args', 'example_xcom_args_with_operators']) retrieved from /home/airflow/.local/lib/python3.7/site-packages/airflow/example_dags/example_xcomargs.py
[2024-09-24T04:24:11.545+0000] {logging_mixin.py:120} INFO - [2024-09-24T04:24:11.545+0000] {dag.py:2585} INFO - Sync 2 DAGs
[2024-09-24T04:24:11.583+0000] {logging_mixin.py:120} INFO - [2024-09-24T04:24:11.582+0000] {dag.py:3340} INFO - Setting next_dagrun for example_xcom_args to None, run_after=None
[2024-09-24T04:24:11.586+0000] {logging_mixin.py:120} INFO - [2024-09-24T04:24:11.586+0000] {dag.py:3340} INFO - Setting next_dagrun for example_xcom_args_with_operators to None, run_after=None
[2024-09-24T04:24:11.606+0000] {processor.py:176} INFO - Processing /home/airflow/.local/lib/python3.7/site-packages/airflow/example_dags/example_xcomargs.py took 0.158 seconds
[2024-09-24T04:24:42.444+0000] {processor.py:154} INFO - Started process (PID=14647) to work on /home/airflow/.local/lib/python3.7/site-packages/airflow/example_dags/example_xcomargs.py
[2024-09-24T04:24:42.446+0000] {processor.py:756} INFO - Processing file /home/airflow/.local/lib/python3.7/site-packages/airflow/example_dags/example_xcomargs.py for tasks to queue
[2024-09-24T04:24:42.449+0000] {logging_mixin.py:120} INFO - [2024-09-24T04:24:42.449+0000] {dagbag.py:537} INFO - Filling up the DagBag from /home/airflow/.local/lib/python3.7/site-packages/airflow/example_dags/example_xcomargs.py
[2024-09-24T04:24:42.482+0000] {processor.py:766} INFO - DAG(s) dict_keys(['example_xcom_args', 'example_xcom_args_with_operators']) retrieved from /home/airflow/.local/lib/python3.7/site-packages/airflow/example_dags/example_xcomargs.py
[2024-09-24T04:24:42.540+0000] {logging_mixin.py:120} INFO - [2024-09-24T04:24:42.540+0000] {dag.py:2585} INFO - Sync 2 DAGs
[2024-09-24T04:24:42.581+0000] {logging_mixin.py:120} INFO - [2024-09-24T04:24:42.581+0000] {dag.py:3340} INFO - Setting next_dagrun for example_xcom_args to None, run_after=None
[2024-09-24T04:24:42.588+0000] {logging_mixin.py:120} INFO - [2024-09-24T04:24:42.588+0000] {dag.py:3340} INFO - Setting next_dagrun for example_xcom_args_with_operators to None, run_after=None
[2024-09-24T04:24:42.611+0000] {processor.py:176} INFO - Processing /home/airflow/.local/lib/python3.7/site-packages/airflow/example_dags/example_xcomargs.py took 0.171 seconds
[2024-09-24T04:25:12.851+0000] {processor.py:154} INFO - Started process (PID=14710) to work on /home/airflow/.local/lib/python3.7/site-packages/airflow/example_dags/example_xcomargs.py
[2024-09-24T04:25:12.852+0000] {processor.py:756} INFO - Processing file /home/airflow/.local/lib/python3.7/site-packages/airflow/example_dags/example_xcomargs.py for tasks to queue
[2024-09-24T04:25:12.853+0000] {logging_mixin.py:120} INFO - [2024-09-24T04:25:12.853+0000] {dagbag.py:537} INFO - Filling up the DagBag from /home/airflow/.local/lib/python3.7/site-packages/airflow/example_dags/example_xcomargs.py
[2024-09-24T04:25:12.884+0000] {processor.py:766} INFO - DAG(s) dict_keys(['example_xcom_args', 'example_xcom_args_with_operators']) retrieved from /home/airflow/.local/lib/python3.7/site-packages/airflow/example_dags/example_xcomargs.py
[2024-09-24T04:25:12.969+0000] {logging_mixin.py:120} INFO - [2024-09-24T04:25:12.969+0000] {dag.py:2585} INFO - Sync 2 DAGs
[2024-09-24T04:25:13.010+0000] {logging_mixin.py:120} INFO - [2024-09-24T04:25:13.010+0000] {dag.py:3340} INFO - Setting next_dagrun for example_xcom_args to None, run_after=None
[2024-09-24T04:25:13.016+0000] {logging_mixin.py:120} INFO - [2024-09-24T04:25:13.016+0000] {dag.py:3340} INFO - Setting next_dagrun for example_xcom_args_with_operators to None, run_after=None
[2024-09-24T04:25:13.040+0000] {processor.py:176} INFO - Processing /home/airflow/.local/lib/python3.7/site-packages/airflow/example_dags/example_xcomargs.py took 0.194 seconds
[2024-09-24T04:25:44.091+0000] {processor.py:154} INFO - Started process (PID=14772) to work on /home/airflow/.local/lib/python3.7/site-packages/airflow/example_dags/example_xcomargs.py
[2024-09-24T04:25:44.093+0000] {processor.py:756} INFO - Processing file /home/airflow/.local/lib/python3.7/site-packages/airflow/example_dags/example_xcomargs.py for tasks to queue
[2024-09-24T04:25:44.094+0000] {logging_mixin.py:120} INFO - [2024-09-24T04:25:44.094+0000] {dagbag.py:537} INFO - Filling up the DagBag from /home/airflow/.local/lib/python3.7/site-packages/airflow/example_dags/example_xcomargs.py
[2024-09-24T04:25:44.127+0000] {processor.py:766} INFO - DAG(s) dict_keys(['example_xcom_args', 'example_xcom_args_with_operators']) retrieved from /home/airflow/.local/lib/python3.7/site-packages/airflow/example_dags/example_xcomargs.py
[2024-09-24T04:25:44.184+0000] {logging_mixin.py:120} INFO - [2024-09-24T04:25:44.184+0000] {dag.py:2585} INFO - Sync 2 DAGs
[2024-09-24T04:25:44.218+0000] {logging_mixin.py:120} INFO - [2024-09-24T04:25:44.218+0000] {dag.py:3340} INFO - Setting next_dagrun for example_xcom_args to None, run_after=None
[2024-09-24T04:25:44.222+0000] {logging_mixin.py:120} INFO - [2024-09-24T04:25:44.222+0000] {dag.py:3340} INFO - Setting next_dagrun for example_xcom_args_with_operators to None, run_after=None
[2024-09-24T04:25:44.247+0000] {processor.py:176} INFO - Processing /home/airflow/.local/lib/python3.7/site-packages/airflow/example_dags/example_xcomargs.py took 0.161 seconds
[2024-09-24T04:26:15.318+0000] {processor.py:154} INFO - Started process (PID=14827) to work on /home/airflow/.local/lib/python3.7/site-packages/airflow/example_dags/example_xcomargs.py
[2024-09-24T04:26:15.320+0000] {processor.py:756} INFO - Processing file /home/airflow/.local/lib/python3.7/site-packages/airflow/example_dags/example_xcomargs.py for tasks to queue
[2024-09-24T04:26:15.321+0000] {logging_mixin.py:120} INFO - [2024-09-24T04:26:15.320+0000] {dagbag.py:537} INFO - Filling up the DagBag from /home/airflow/.local/lib/python3.7/site-packages/airflow/example_dags/example_xcomargs.py
[2024-09-24T04:26:15.348+0000] {processor.py:766} INFO - DAG(s) dict_keys(['example_xcom_args_with_operators', 'example_xcom_args']) retrieved from /home/airflow/.local/lib/python3.7/site-packages/airflow/example_dags/example_xcomargs.py
[2024-09-24T04:26:15.393+0000] {logging_mixin.py:120} INFO - [2024-09-24T04:26:15.393+0000] {dag.py:2585} INFO - Sync 2 DAGs
[2024-09-24T04:26:15.417+0000] {logging_mixin.py:120} INFO - [2024-09-24T04:26:15.417+0000] {dag.py:3340} INFO - Setting next_dagrun for example_xcom_args to None, run_after=None
[2024-09-24T04:26:15.421+0000] {logging_mixin.py:120} INFO - [2024-09-24T04:26:15.421+0000] {dag.py:3340} INFO - Setting next_dagrun for example_xcom_args_with_operators to None, run_after=None
[2024-09-24T04:26:15.438+0000] {processor.py:176} INFO - Processing /home/airflow/.local/lib/python3.7/site-packages/airflow/example_dags/example_xcomargs.py took 0.123 seconds
[2024-09-24T04:26:45.877+0000] {processor.py:154} INFO - Started process (PID=14888) to work on /home/airflow/.local/lib/python3.7/site-packages/airflow/example_dags/example_xcomargs.py
[2024-09-24T04:26:45.879+0000] {processor.py:756} INFO - Processing file /home/airflow/.local/lib/python3.7/site-packages/airflow/example_dags/example_xcomargs.py for tasks to queue
[2024-09-24T04:26:45.880+0000] {logging_mixin.py:120} INFO - [2024-09-24T04:26:45.879+0000] {dagbag.py:537} INFO - Filling up the DagBag from /home/airflow/.local/lib/python3.7/site-packages/airflow/example_dags/example_xcomargs.py
[2024-09-24T04:26:45.911+0000] {processor.py:766} INFO - DAG(s) dict_keys(['example_xcom_args', 'example_xcom_args_with_operators']) retrieved from /home/airflow/.local/lib/python3.7/site-packages/airflow/example_dags/example_xcomargs.py
[2024-09-24T04:26:45.972+0000] {logging_mixin.py:120} INFO - [2024-09-24T04:26:45.972+0000] {dag.py:2585} INFO - Sync 2 DAGs
[2024-09-24T04:26:46.005+0000] {logging_mixin.py:120} INFO - [2024-09-24T04:26:46.005+0000] {dag.py:3340} INFO - Setting next_dagrun for example_xcom_args to None, run_after=None
[2024-09-24T04:26:46.010+0000] {logging_mixin.py:120} INFO - [2024-09-24T04:26:46.009+0000] {dag.py:3340} INFO - Setting next_dagrun for example_xcom_args_with_operators to None, run_after=None
[2024-09-24T04:26:46.032+0000] {processor.py:176} INFO - Processing /home/airflow/.local/lib/python3.7/site-packages/airflow/example_dags/example_xcomargs.py took 0.160 seconds
[2024-09-24T04:27:16.584+0000] {processor.py:154} INFO - Started process (PID=14951) to work on /home/airflow/.local/lib/python3.7/site-packages/airflow/example_dags/example_xcomargs.py
[2024-09-24T04:27:16.585+0000] {processor.py:756} INFO - Processing file /home/airflow/.local/lib/python3.7/site-packages/airflow/example_dags/example_xcomargs.py for tasks to queue
[2024-09-24T04:27:16.586+0000] {logging_mixin.py:120} INFO - [2024-09-24T04:27:16.586+0000] {dagbag.py:537} INFO - Filling up the DagBag from /home/airflow/.local/lib/python3.7/site-packages/airflow/example_dags/example_xcomargs.py
[2024-09-24T04:27:16.621+0000] {processor.py:766} INFO - DAG(s) dict_keys(['example_xcom_args', 'example_xcom_args_with_operators']) retrieved from /home/airflow/.local/lib/python3.7/site-packages/airflow/example_dags/example_xcomargs.py
[2024-09-24T04:27:16.678+0000] {logging_mixin.py:120} INFO - [2024-09-24T04:27:16.678+0000] {dag.py:2585} INFO - Sync 2 DAGs
[2024-09-24T04:27:16.711+0000] {logging_mixin.py:120} INFO - [2024-09-24T04:27:16.711+0000] {dag.py:3340} INFO - Setting next_dagrun for example_xcom_args to None, run_after=None
[2024-09-24T04:27:16.716+0000] {logging_mixin.py:120} INFO - [2024-09-24T04:27:16.716+0000] {dag.py:3340} INFO - Setting next_dagrun for example_xcom_args_with_operators to None, run_after=None
[2024-09-24T04:27:16.737+0000] {processor.py:176} INFO - Processing /home/airflow/.local/lib/python3.7/site-packages/airflow/example_dags/example_xcomargs.py took 0.159 seconds
[2024-09-24T04:27:46.822+0000] {processor.py:154} INFO - Started process (PID=15004) to work on /home/airflow/.local/lib/python3.7/site-packages/airflow/example_dags/example_xcomargs.py
[2024-09-24T04:27:46.824+0000] {processor.py:756} INFO - Processing file /home/airflow/.local/lib/python3.7/site-packages/airflow/example_dags/example_xcomargs.py for tasks to queue
[2024-09-24T04:27:46.825+0000] {logging_mixin.py:120} INFO - [2024-09-24T04:27:46.825+0000] {dagbag.py:537} INFO - Filling up the DagBag from /home/airflow/.local/lib/python3.7/site-packages/airflow/example_dags/example_xcomargs.py
[2024-09-24T04:27:46.853+0000] {processor.py:766} INFO - DAG(s) dict_keys(['example_xcom_args', 'example_xcom_args_with_operators']) retrieved from /home/airflow/.local/lib/python3.7/site-packages/airflow/example_dags/example_xcomargs.py
[2024-09-24T04:27:46.904+0000] {logging_mixin.py:120} INFO - [2024-09-24T04:27:46.904+0000] {dag.py:2585} INFO - Sync 2 DAGs
[2024-09-24T04:27:46.934+0000] {logging_mixin.py:120} INFO - [2024-09-24T04:27:46.934+0000] {dag.py:3340} INFO - Setting next_dagrun for example_xcom_args to None, run_after=None
[2024-09-24T04:27:46.938+0000] {logging_mixin.py:120} INFO - [2024-09-24T04:27:46.938+0000] {dag.py:3340} INFO - Setting next_dagrun for example_xcom_args_with_operators to None, run_after=None
[2024-09-24T04:27:46.957+0000] {processor.py:176} INFO - Processing /home/airflow/.local/lib/python3.7/site-packages/airflow/example_dags/example_xcomargs.py took 0.139 seconds
[2024-09-24T04:28:17.256+0000] {processor.py:154} INFO - Started process (PID=15067) to work on /home/airflow/.local/lib/python3.7/site-packages/airflow/example_dags/example_xcomargs.py
[2024-09-24T04:28:17.258+0000] {processor.py:756} INFO - Processing file /home/airflow/.local/lib/python3.7/site-packages/airflow/example_dags/example_xcomargs.py for tasks to queue
[2024-09-24T04:28:17.259+0000] {logging_mixin.py:120} INFO - [2024-09-24T04:28:17.259+0000] {dagbag.py:537} INFO - Filling up the DagBag from /home/airflow/.local/lib/python3.7/site-packages/airflow/example_dags/example_xcomargs.py
[2024-09-24T04:28:17.288+0000] {processor.py:766} INFO - DAG(s) dict_keys(['example_xcom_args', 'example_xcom_args_with_operators']) retrieved from /home/airflow/.local/lib/python3.7/site-packages/airflow/example_dags/example_xcomargs.py
[2024-09-24T04:28:17.346+0000] {logging_mixin.py:120} INFO - [2024-09-24T04:28:17.346+0000] {dag.py:2585} INFO - Sync 2 DAGs
[2024-09-24T04:28:17.377+0000] {logging_mixin.py:120} INFO - [2024-09-24T04:28:17.376+0000] {dag.py:3340} INFO - Setting next_dagrun for example_xcom_args to None, run_after=None
[2024-09-24T04:28:17.381+0000] {logging_mixin.py:120} INFO - [2024-09-24T04:28:17.380+0000] {dag.py:3340} INFO - Setting next_dagrun for example_xcom_args_with_operators to None, run_after=None
[2024-09-24T04:28:17.401+0000] {processor.py:176} INFO - Processing /home/airflow/.local/lib/python3.7/site-packages/airflow/example_dags/example_xcomargs.py took 0.149 seconds
[2024-09-24T04:28:47.715+0000] {processor.py:154} INFO - Started process (PID=15130) to work on /home/airflow/.local/lib/python3.7/site-packages/airflow/example_dags/example_xcomargs.py
[2024-09-24T04:28:47.717+0000] {processor.py:756} INFO - Processing file /home/airflow/.local/lib/python3.7/site-packages/airflow/example_dags/example_xcomargs.py for tasks to queue
[2024-09-24T04:28:47.718+0000] {logging_mixin.py:120} INFO - [2024-09-24T04:28:47.717+0000] {dagbag.py:537} INFO - Filling up the DagBag from /home/airflow/.local/lib/python3.7/site-packages/airflow/example_dags/example_xcomargs.py
[2024-09-24T04:28:47.750+0000] {processor.py:766} INFO - DAG(s) dict_keys(['example_xcom_args_with_operators', 'example_xcom_args']) retrieved from /home/airflow/.local/lib/python3.7/site-packages/airflow/example_dags/example_xcomargs.py
[2024-09-24T04:28:47.816+0000] {logging_mixin.py:120} INFO - [2024-09-24T04:28:47.816+0000] {dag.py:2585} INFO - Sync 2 DAGs
[2024-09-24T04:28:47.854+0000] {logging_mixin.py:120} INFO - [2024-09-24T04:28:47.854+0000] {dag.py:3340} INFO - Setting next_dagrun for example_xcom_args to None, run_after=None
[2024-09-24T04:28:47.859+0000] {logging_mixin.py:120} INFO - [2024-09-24T04:28:47.859+0000] {dag.py:3340} INFO - Setting next_dagrun for example_xcom_args_with_operators to None, run_after=None
[2024-09-24T04:28:47.884+0000] {processor.py:176} INFO - Processing /home/airflow/.local/lib/python3.7/site-packages/airflow/example_dags/example_xcomargs.py took 0.173 seconds
[2024-09-24T04:29:18.483+0000] {processor.py:154} INFO - Started process (PID=15184) to work on /home/airflow/.local/lib/python3.7/site-packages/airflow/example_dags/example_xcomargs.py
[2024-09-24T04:29:18.484+0000] {processor.py:756} INFO - Processing file /home/airflow/.local/lib/python3.7/site-packages/airflow/example_dags/example_xcomargs.py for tasks to queue
[2024-09-24T04:29:18.485+0000] {logging_mixin.py:120} INFO - [2024-09-24T04:29:18.485+0000] {dagbag.py:537} INFO - Filling up the DagBag from /home/airflow/.local/lib/python3.7/site-packages/airflow/example_dags/example_xcomargs.py
[2024-09-24T04:29:18.520+0000] {processor.py:766} INFO - DAG(s) dict_keys(['example_xcom_args_with_operators', 'example_xcom_args']) retrieved from /home/airflow/.local/lib/python3.7/site-packages/airflow/example_dags/example_xcomargs.py
[2024-09-24T04:29:18.586+0000] {logging_mixin.py:120} INFO - [2024-09-24T04:29:18.586+0000] {dag.py:2585} INFO - Sync 2 DAGs
[2024-09-24T04:29:18.620+0000] {logging_mixin.py:120} INFO - [2024-09-24T04:29:18.620+0000] {dag.py:3340} INFO - Setting next_dagrun for example_xcom_args to None, run_after=None
[2024-09-24T04:29:18.624+0000] {logging_mixin.py:120} INFO - [2024-09-24T04:29:18.624+0000] {dag.py:3340} INFO - Setting next_dagrun for example_xcom_args_with_operators to None, run_after=None
[2024-09-24T04:29:18.647+0000] {processor.py:176} INFO - Processing /home/airflow/.local/lib/python3.7/site-packages/airflow/example_dags/example_xcomargs.py took 0.168 seconds
[2024-09-24T04:29:49.697+0000] {processor.py:154} INFO - Started process (PID=15248) to work on /home/airflow/.local/lib/python3.7/site-packages/airflow/example_dags/example_xcomargs.py
[2024-09-24T04:29:49.698+0000] {processor.py:756} INFO - Processing file /home/airflow/.local/lib/python3.7/site-packages/airflow/example_dags/example_xcomargs.py for tasks to queue
[2024-09-24T04:29:49.700+0000] {logging_mixin.py:120} INFO - [2024-09-24T04:29:49.699+0000] {dagbag.py:537} INFO - Filling up the DagBag from /home/airflow/.local/lib/python3.7/site-packages/airflow/example_dags/example_xcomargs.py
[2024-09-24T04:29:49.732+0000] {processor.py:766} INFO - DAG(s) dict_keys(['example_xcom_args', 'example_xcom_args_with_operators']) retrieved from /home/airflow/.local/lib/python3.7/site-packages/airflow/example_dags/example_xcomargs.py
[2024-09-24T04:29:49.792+0000] {logging_mixin.py:120} INFO - [2024-09-24T04:29:49.792+0000] {dag.py:2585} INFO - Sync 2 DAGs
[2024-09-24T04:29:49.827+0000] {logging_mixin.py:120} INFO - [2024-09-24T04:29:49.826+0000] {dag.py:3340} INFO - Setting next_dagrun for example_xcom_args to None, run_after=None
[2024-09-24T04:29:49.831+0000] {logging_mixin.py:120} INFO - [2024-09-24T04:29:49.831+0000] {dag.py:3340} INFO - Setting next_dagrun for example_xcom_args_with_operators to None, run_after=None
[2024-09-24T04:29:49.861+0000] {processor.py:176} INFO - Processing /home/airflow/.local/lib/python3.7/site-packages/airflow/example_dags/example_xcomargs.py took 0.168 seconds
[2024-09-24T04:30:20.066+0000] {processor.py:154} INFO - Started process (PID=15311) to work on /home/airflow/.local/lib/python3.7/site-packages/airflow/example_dags/example_xcomargs.py
[2024-09-24T04:30:20.067+0000] {processor.py:756} INFO - Processing file /home/airflow/.local/lib/python3.7/site-packages/airflow/example_dags/example_xcomargs.py for tasks to queue
[2024-09-24T04:30:20.068+0000] {logging_mixin.py:120} INFO - [2024-09-24T04:30:20.068+0000] {dagbag.py:537} INFO - Filling up the DagBag from /home/airflow/.local/lib/python3.7/site-packages/airflow/example_dags/example_xcomargs.py
[2024-09-24T04:30:20.098+0000] {processor.py:766} INFO - DAG(s) dict_keys(['example_xcom_args_with_operators', 'example_xcom_args']) retrieved from /home/airflow/.local/lib/python3.7/site-packages/airflow/example_dags/example_xcomargs.py
[2024-09-24T04:30:20.154+0000] {logging_mixin.py:120} INFO - [2024-09-24T04:30:20.154+0000] {dag.py:2585} INFO - Sync 2 DAGs
[2024-09-24T04:30:20.186+0000] {logging_mixin.py:120} INFO - [2024-09-24T04:30:20.185+0000] {dag.py:3340} INFO - Setting next_dagrun for example_xcom_args to None, run_after=None
[2024-09-24T04:30:20.189+0000] {logging_mixin.py:120} INFO - [2024-09-24T04:30:20.189+0000] {dag.py:3340} INFO - Setting next_dagrun for example_xcom_args_with_operators to None, run_after=None
[2024-09-24T04:30:20.209+0000] {processor.py:176} INFO - Processing /home/airflow/.local/lib/python3.7/site-packages/airflow/example_dags/example_xcomargs.py took 0.148 seconds
[2024-09-24T04:30:50.481+0000] {processor.py:154} INFO - Started process (PID=15365) to work on /home/airflow/.local/lib/python3.7/site-packages/airflow/example_dags/example_xcomargs.py
[2024-09-24T04:30:50.482+0000] {processor.py:756} INFO - Processing file /home/airflow/.local/lib/python3.7/site-packages/airflow/example_dags/example_xcomargs.py for tasks to queue
[2024-09-24T04:30:50.483+0000] {logging_mixin.py:120} INFO - [2024-09-24T04:30:50.483+0000] {dagbag.py:537} INFO - Filling up the DagBag from /home/airflow/.local/lib/python3.7/site-packages/airflow/example_dags/example_xcomargs.py
[2024-09-24T04:30:50.520+0000] {processor.py:766} INFO - DAG(s) dict_keys(['example_xcom_args', 'example_xcom_args_with_operators']) retrieved from /home/airflow/.local/lib/python3.7/site-packages/airflow/example_dags/example_xcomargs.py
[2024-09-24T04:30:50.576+0000] {logging_mixin.py:120} INFO - [2024-09-24T04:30:50.576+0000] {dag.py:2585} INFO - Sync 2 DAGs
[2024-09-24T04:30:50.606+0000] {logging_mixin.py:120} INFO - [2024-09-24T04:30:50.606+0000] {dag.py:3340} INFO - Setting next_dagrun for example_xcom_args to None, run_after=None
[2024-09-24T04:30:50.610+0000] {logging_mixin.py:120} INFO - [2024-09-24T04:30:50.610+0000] {dag.py:3340} INFO - Setting next_dagrun for example_xcom_args_with_operators to None, run_after=None
[2024-09-24T04:30:50.632+0000] {processor.py:176} INFO - Processing /home/airflow/.local/lib/python3.7/site-packages/airflow/example_dags/example_xcomargs.py took 0.156 seconds
[2024-09-24T04:31:21.086+0000] {processor.py:154} INFO - Started process (PID=15428) to work on /home/airflow/.local/lib/python3.7/site-packages/airflow/example_dags/example_xcomargs.py
[2024-09-24T04:31:21.088+0000] {processor.py:756} INFO - Processing file /home/airflow/.local/lib/python3.7/site-packages/airflow/example_dags/example_xcomargs.py for tasks to queue
[2024-09-24T04:31:21.089+0000] {logging_mixin.py:120} INFO - [2024-09-24T04:31:21.088+0000] {dagbag.py:537} INFO - Filling up the DagBag from /home/airflow/.local/lib/python3.7/site-packages/airflow/example_dags/example_xcomargs.py
[2024-09-24T04:31:21.121+0000] {processor.py:766} INFO - DAG(s) dict_keys(['example_xcom_args_with_operators', 'example_xcom_args']) retrieved from /home/airflow/.local/lib/python3.7/site-packages/airflow/example_dags/example_xcomargs.py
[2024-09-24T04:31:21.179+0000] {logging_mixin.py:120} INFO - [2024-09-24T04:31:21.179+0000] {dag.py:2585} INFO - Sync 2 DAGs
[2024-09-24T04:31:21.218+0000] {logging_mixin.py:120} INFO - [2024-09-24T04:31:21.218+0000] {dag.py:3340} INFO - Setting next_dagrun for example_xcom_args to None, run_after=None
[2024-09-24T04:31:21.224+0000] {logging_mixin.py:120} INFO - [2024-09-24T04:31:21.224+0000] {dag.py:3340} INFO - Setting next_dagrun for example_xcom_args_with_operators to None, run_after=None
[2024-09-24T04:31:21.251+0000] {processor.py:176} INFO - Processing /home/airflow/.local/lib/python3.7/site-packages/airflow/example_dags/example_xcomargs.py took 0.169 seconds
[2024-09-24T04:31:51.833+0000] {processor.py:154} INFO - Started process (PID=15491) to work on /home/airflow/.local/lib/python3.7/site-packages/airflow/example_dags/example_xcomargs.py
[2024-09-24T04:31:51.835+0000] {processor.py:756} INFO - Processing file /home/airflow/.local/lib/python3.7/site-packages/airflow/example_dags/example_xcomargs.py for tasks to queue
[2024-09-24T04:31:51.836+0000] {logging_mixin.py:120} INFO - [2024-09-24T04:31:51.836+0000] {dagbag.py:537} INFO - Filling up the DagBag from /home/airflow/.local/lib/python3.7/site-packages/airflow/example_dags/example_xcomargs.py
[2024-09-24T04:31:51.879+0000] {processor.py:766} INFO - DAG(s) dict_keys(['example_xcom_args', 'example_xcom_args_with_operators']) retrieved from /home/airflow/.local/lib/python3.7/site-packages/airflow/example_dags/example_xcomargs.py
[2024-09-24T04:31:51.948+0000] {logging_mixin.py:120} INFO - [2024-09-24T04:31:51.948+0000] {dag.py:2585} INFO - Sync 2 DAGs
[2024-09-24T04:31:51.988+0000] {logging_mixin.py:120} INFO - [2024-09-24T04:31:51.988+0000] {dag.py:3340} INFO - Setting next_dagrun for example_xcom_args to None, run_after=None
[2024-09-24T04:31:51.994+0000] {logging_mixin.py:120} INFO - [2024-09-24T04:31:51.994+0000] {dag.py:3340} INFO - Setting next_dagrun for example_xcom_args_with_operators to None, run_after=None
[2024-09-24T04:31:52.021+0000] {processor.py:176} INFO - Processing /home/airflow/.local/lib/python3.7/site-packages/airflow/example_dags/example_xcomargs.py took 0.193 seconds
[2024-09-24T04:32:22.752+0000] {processor.py:154} INFO - Started process (PID=15545) to work on /home/airflow/.local/lib/python3.7/site-packages/airflow/example_dags/example_xcomargs.py
[2024-09-24T04:32:22.754+0000] {processor.py:756} INFO - Processing file /home/airflow/.local/lib/python3.7/site-packages/airflow/example_dags/example_xcomargs.py for tasks to queue
[2024-09-24T04:32:22.755+0000] {logging_mixin.py:120} INFO - [2024-09-24T04:32:22.754+0000] {dagbag.py:537} INFO - Filling up the DagBag from /home/airflow/.local/lib/python3.7/site-packages/airflow/example_dags/example_xcomargs.py
[2024-09-24T04:32:22.793+0000] {processor.py:766} INFO - DAG(s) dict_keys(['example_xcom_args', 'example_xcom_args_with_operators']) retrieved from /home/airflow/.local/lib/python3.7/site-packages/airflow/example_dags/example_xcomargs.py
[2024-09-24T04:32:22.862+0000] {logging_mixin.py:120} INFO - [2024-09-24T04:32:22.862+0000] {dag.py:2585} INFO - Sync 2 DAGs
[2024-09-24T04:32:22.900+0000] {logging_mixin.py:120} INFO - [2024-09-24T04:32:22.900+0000] {dag.py:3340} INFO - Setting next_dagrun for example_xcom_args to None, run_after=None
[2024-09-24T04:32:22.905+0000] {logging_mixin.py:120} INFO - [2024-09-24T04:32:22.905+0000] {dag.py:3340} INFO - Setting next_dagrun for example_xcom_args_with_operators to None, run_after=None
[2024-09-24T04:32:22.931+0000] {processor.py:176} INFO - Processing /home/airflow/.local/lib/python3.7/site-packages/airflow/example_dags/example_xcomargs.py took 0.185 seconds
[2024-09-24T04:32:53.741+0000] {processor.py:154} INFO - Started process (PID=15608) to work on /home/airflow/.local/lib/python3.7/site-packages/airflow/example_dags/example_xcomargs.py
[2024-09-24T04:32:53.743+0000] {processor.py:756} INFO - Processing file /home/airflow/.local/lib/python3.7/site-packages/airflow/example_dags/example_xcomargs.py for tasks to queue
[2024-09-24T04:32:53.744+0000] {logging_mixin.py:120} INFO - [2024-09-24T04:32:53.744+0000] {dagbag.py:537} INFO - Filling up the DagBag from /home/airflow/.local/lib/python3.7/site-packages/airflow/example_dags/example_xcomargs.py
[2024-09-24T04:32:53.781+0000] {processor.py:766} INFO - DAG(s) dict_keys(['example_xcom_args', 'example_xcom_args_with_operators']) retrieved from /home/airflow/.local/lib/python3.7/site-packages/airflow/example_dags/example_xcomargs.py
[2024-09-24T04:32:53.851+0000] {logging_mixin.py:120} INFO - [2024-09-24T04:32:53.851+0000] {dag.py:2585} INFO - Sync 2 DAGs
[2024-09-24T04:32:53.889+0000] {logging_mixin.py:120} INFO - [2024-09-24T04:32:53.889+0000] {dag.py:3340} INFO - Setting next_dagrun for example_xcom_args to None, run_after=None
[2024-09-24T04:32:53.894+0000] {logging_mixin.py:120} INFO - [2024-09-24T04:32:53.894+0000] {dag.py:3340} INFO - Setting next_dagrun for example_xcom_args_with_operators to None, run_after=None
[2024-09-24T04:32:53.922+0000] {processor.py:176} INFO - Processing /home/airflow/.local/lib/python3.7/site-packages/airflow/example_dags/example_xcomargs.py took 0.184 seconds
[2024-09-24T04:33:24.699+0000] {processor.py:154} INFO - Started process (PID=15662) to work on /home/airflow/.local/lib/python3.7/site-packages/airflow/example_dags/example_xcomargs.py
[2024-09-24T04:33:24.702+0000] {processor.py:756} INFO - Processing file /home/airflow/.local/lib/python3.7/site-packages/airflow/example_dags/example_xcomargs.py for tasks to queue
[2024-09-24T04:33:24.704+0000] {logging_mixin.py:120} INFO - [2024-09-24T04:33:24.704+0000] {dagbag.py:537} INFO - Filling up the DagBag from /home/airflow/.local/lib/python3.7/site-packages/airflow/example_dags/example_xcomargs.py
[2024-09-24T04:33:24.748+0000] {processor.py:766} INFO - DAG(s) dict_keys(['example_xcom_args', 'example_xcom_args_with_operators']) retrieved from /home/airflow/.local/lib/python3.7/site-packages/airflow/example_dags/example_xcomargs.py
[2024-09-24T04:33:24.833+0000] {logging_mixin.py:120} INFO - [2024-09-24T04:33:24.832+0000] {dag.py:2585} INFO - Sync 2 DAGs
[2024-09-24T04:33:24.892+0000] {logging_mixin.py:120} INFO - [2024-09-24T04:33:24.891+0000] {dag.py:3340} INFO - Setting next_dagrun for example_xcom_args to None, run_after=None
[2024-09-24T04:33:24.901+0000] {logging_mixin.py:120} INFO - [2024-09-24T04:33:24.901+0000] {dag.py:3340} INFO - Setting next_dagrun for example_xcom_args_with_operators to None, run_after=None
[2024-09-24T04:33:24.939+0000] {processor.py:176} INFO - Processing /home/airflow/.local/lib/python3.7/site-packages/airflow/example_dags/example_xcomargs.py took 0.249 seconds
[2024-09-24T04:33:55.150+0000] {processor.py:154} INFO - Started process (PID=15725) to work on /home/airflow/.local/lib/python3.7/site-packages/airflow/example_dags/example_xcomargs.py
[2024-09-24T04:33:55.152+0000] {processor.py:756} INFO - Processing file /home/airflow/.local/lib/python3.7/site-packages/airflow/example_dags/example_xcomargs.py for tasks to queue
[2024-09-24T04:33:55.154+0000] {logging_mixin.py:120} INFO - [2024-09-24T04:33:55.154+0000] {dagbag.py:537} INFO - Filling up the DagBag from /home/airflow/.local/lib/python3.7/site-packages/airflow/example_dags/example_xcomargs.py
[2024-09-24T04:33:55.195+0000] {processor.py:766} INFO - DAG(s) dict_keys(['example_xcom_args_with_operators', 'example_xcom_args']) retrieved from /home/airflow/.local/lib/python3.7/site-packages/airflow/example_dags/example_xcomargs.py
[2024-09-24T04:33:55.268+0000] {logging_mixin.py:120} INFO - [2024-09-24T04:33:55.267+0000] {dag.py:2585} INFO - Sync 2 DAGs
[2024-09-24T04:33:55.313+0000] {logging_mixin.py:120} INFO - [2024-09-24T04:33:55.312+0000] {dag.py:3340} INFO - Setting next_dagrun for example_xcom_args to None, run_after=None
[2024-09-24T04:33:55.319+0000] {logging_mixin.py:120} INFO - [2024-09-24T04:33:55.318+0000] {dag.py:3340} INFO - Setting next_dagrun for example_xcom_args_with_operators to None, run_after=None
[2024-09-24T04:33:55.348+0000] {processor.py:176} INFO - Processing /home/airflow/.local/lib/python3.7/site-packages/airflow/example_dags/example_xcomargs.py took 0.205 seconds
[2024-09-24T04:34:26.553+0000] {processor.py:154} INFO - Started process (PID=15789) to work on /home/airflow/.local/lib/python3.7/site-packages/airflow/example_dags/example_xcomargs.py
[2024-09-24T04:34:26.555+0000] {processor.py:756} INFO - Processing file /home/airflow/.local/lib/python3.7/site-packages/airflow/example_dags/example_xcomargs.py for tasks to queue
[2024-09-24T04:34:26.557+0000] {logging_mixin.py:120} INFO - [2024-09-24T04:34:26.557+0000] {dagbag.py:537} INFO - Filling up the DagBag from /home/airflow/.local/lib/python3.7/site-packages/airflow/example_dags/example_xcomargs.py
[2024-09-24T04:34:26.596+0000] {processor.py:766} INFO - DAG(s) dict_keys(['example_xcom_args_with_operators', 'example_xcom_args']) retrieved from /home/airflow/.local/lib/python3.7/site-packages/airflow/example_dags/example_xcomargs.py
[2024-09-24T04:34:26.668+0000] {logging_mixin.py:120} INFO - [2024-09-24T04:34:26.668+0000] {dag.py:2585} INFO - Sync 2 DAGs
[2024-09-24T04:34:26.713+0000] {logging_mixin.py:120} INFO - [2024-09-24T04:34:26.713+0000] {dag.py:3340} INFO - Setting next_dagrun for example_xcom_args to None, run_after=None
[2024-09-24T04:34:26.719+0000] {logging_mixin.py:120} INFO - [2024-09-24T04:34:26.719+0000] {dag.py:3340} INFO - Setting next_dagrun for example_xcom_args_with_operators to None, run_after=None
[2024-09-24T04:34:26.751+0000] {processor.py:176} INFO - Processing /home/airflow/.local/lib/python3.7/site-packages/airflow/example_dags/example_xcomargs.py took 0.204 seconds
[2024-09-24T04:34:57.038+0000] {processor.py:154} INFO - Started process (PID=15843) to work on /home/airflow/.local/lib/python3.7/site-packages/airflow/example_dags/example_xcomargs.py
[2024-09-24T04:34:57.041+0000] {processor.py:756} INFO - Processing file /home/airflow/.local/lib/python3.7/site-packages/airflow/example_dags/example_xcomargs.py for tasks to queue
[2024-09-24T04:34:57.042+0000] {logging_mixin.py:120} INFO - [2024-09-24T04:34:57.042+0000] {dagbag.py:537} INFO - Filling up the DagBag from /home/airflow/.local/lib/python3.7/site-packages/airflow/example_dags/example_xcomargs.py
[2024-09-24T04:34:57.081+0000] {processor.py:766} INFO - DAG(s) dict_keys(['example_xcom_args_with_operators', 'example_xcom_args']) retrieved from /home/airflow/.local/lib/python3.7/site-packages/airflow/example_dags/example_xcomargs.py
[2024-09-24T04:34:57.148+0000] {logging_mixin.py:120} INFO - [2024-09-24T04:34:57.148+0000] {dag.py:2585} INFO - Sync 2 DAGs
[2024-09-24T04:34:57.192+0000] {logging_mixin.py:120} INFO - [2024-09-24T04:34:57.192+0000] {dag.py:3340} INFO - Setting next_dagrun for example_xcom_args to None, run_after=None
[2024-09-24T04:34:57.198+0000] {logging_mixin.py:120} INFO - [2024-09-24T04:34:57.198+0000] {dag.py:3340} INFO - Setting next_dagrun for example_xcom_args_with_operators to None, run_after=None
[2024-09-24T04:34:57.226+0000] {processor.py:176} INFO - Processing /home/airflow/.local/lib/python3.7/site-packages/airflow/example_dags/example_xcomargs.py took 0.194 seconds
[2024-09-24T04:35:27.507+0000] {processor.py:154} INFO - Started process (PID=15906) to work on /home/airflow/.local/lib/python3.7/site-packages/airflow/example_dags/example_xcomargs.py
[2024-09-24T04:35:27.510+0000] {processor.py:756} INFO - Processing file /home/airflow/.local/lib/python3.7/site-packages/airflow/example_dags/example_xcomargs.py for tasks to queue
[2024-09-24T04:35:27.511+0000] {logging_mixin.py:120} INFO - [2024-09-24T04:35:27.511+0000] {dagbag.py:537} INFO - Filling up the DagBag from /home/airflow/.local/lib/python3.7/site-packages/airflow/example_dags/example_xcomargs.py
[2024-09-24T04:35:27.551+0000] {processor.py:766} INFO - DAG(s) dict_keys(['example_xcom_args', 'example_xcom_args_with_operators']) retrieved from /home/airflow/.local/lib/python3.7/site-packages/airflow/example_dags/example_xcomargs.py
[2024-09-24T04:35:27.625+0000] {logging_mixin.py:120} INFO - [2024-09-24T04:35:27.625+0000] {dag.py:2585} INFO - Sync 2 DAGs
[2024-09-24T04:35:27.667+0000] {logging_mixin.py:120} INFO - [2024-09-24T04:35:27.666+0000] {dag.py:3340} INFO - Setting next_dagrun for example_xcom_args to None, run_after=None
[2024-09-24T04:35:27.678+0000] {logging_mixin.py:120} INFO - [2024-09-24T04:35:27.677+0000] {dag.py:3340} INFO - Setting next_dagrun for example_xcom_args_with_operators to None, run_after=None
[2024-09-24T04:35:27.714+0000] {processor.py:176} INFO - Processing /home/airflow/.local/lib/python3.7/site-packages/airflow/example_dags/example_xcomargs.py took 0.213 seconds
[2024-09-24T04:35:58.842+0000] {processor.py:154} INFO - Started process (PID=15960) to work on /home/airflow/.local/lib/python3.7/site-packages/airflow/example_dags/example_xcomargs.py
[2024-09-24T04:35:58.844+0000] {processor.py:756} INFO - Processing file /home/airflow/.local/lib/python3.7/site-packages/airflow/example_dags/example_xcomargs.py for tasks to queue
[2024-09-24T04:35:58.845+0000] {logging_mixin.py:120} INFO - [2024-09-24T04:35:58.845+0000] {dagbag.py:537} INFO - Filling up the DagBag from /home/airflow/.local/lib/python3.7/site-packages/airflow/example_dags/example_xcomargs.py
[2024-09-24T04:35:58.890+0000] {processor.py:766} INFO - DAG(s) dict_keys(['example_xcom_args_with_operators', 'example_xcom_args']) retrieved from /home/airflow/.local/lib/python3.7/site-packages/airflow/example_dags/example_xcomargs.py
[2024-09-24T04:35:58.960+0000] {logging_mixin.py:120} INFO - [2024-09-24T04:35:58.960+0000] {dag.py:2585} INFO - Sync 2 DAGs
[2024-09-24T04:35:59.002+0000] {logging_mixin.py:120} INFO - [2024-09-24T04:35:59.002+0000] {dag.py:3340} INFO - Setting next_dagrun for example_xcom_args to None, run_after=None
[2024-09-24T04:35:59.008+0000] {logging_mixin.py:120} INFO - [2024-09-24T04:35:59.008+0000] {dag.py:3340} INFO - Setting next_dagrun for example_xcom_args_with_operators to None, run_after=None
[2024-09-24T04:35:59.038+0000] {processor.py:176} INFO - Processing /home/airflow/.local/lib/python3.7/site-packages/airflow/example_dags/example_xcomargs.py took 0.201 seconds
[2024-09-24T04:36:29.282+0000] {processor.py:154} INFO - Started process (PID=16023) to work on /home/airflow/.local/lib/python3.7/site-packages/airflow/example_dags/example_xcomargs.py
[2024-09-24T04:36:29.285+0000] {processor.py:756} INFO - Processing file /home/airflow/.local/lib/python3.7/site-packages/airflow/example_dags/example_xcomargs.py for tasks to queue
[2024-09-24T04:36:29.288+0000] {logging_mixin.py:120} INFO - [2024-09-24T04:36:29.288+0000] {dagbag.py:537} INFO - Filling up the DagBag from /home/airflow/.local/lib/python3.7/site-packages/airflow/example_dags/example_xcomargs.py
[2024-09-24T04:36:29.332+0000] {processor.py:766} INFO - DAG(s) dict_keys(['example_xcom_args_with_operators', 'example_xcom_args']) retrieved from /home/airflow/.local/lib/python3.7/site-packages/airflow/example_dags/example_xcomargs.py
[2024-09-24T04:36:29.443+0000] {logging_mixin.py:120} INFO - [2024-09-24T04:36:29.442+0000] {dag.py:2585} INFO - Sync 2 DAGs
[2024-09-24T04:36:29.505+0000] {logging_mixin.py:120} INFO - [2024-09-24T04:36:29.505+0000] {dag.py:3340} INFO - Setting next_dagrun for example_xcom_args to None, run_after=None
[2024-09-24T04:36:29.512+0000] {logging_mixin.py:120} INFO - [2024-09-24T04:36:29.512+0000] {dag.py:3340} INFO - Setting next_dagrun for example_xcom_args_with_operators to None, run_after=None
[2024-09-24T04:36:29.562+0000] {processor.py:176} INFO - Processing /home/airflow/.local/lib/python3.7/site-packages/airflow/example_dags/example_xcomargs.py took 0.286 seconds
[2024-09-24T04:36:59.924+0000] {processor.py:154} INFO - Started process (PID=16077) to work on /home/airflow/.local/lib/python3.7/site-packages/airflow/example_dags/example_xcomargs.py
[2024-09-24T04:36:59.926+0000] {processor.py:756} INFO - Processing file /home/airflow/.local/lib/python3.7/site-packages/airflow/example_dags/example_xcomargs.py for tasks to queue
[2024-09-24T04:36:59.928+0000] {logging_mixin.py:120} INFO - [2024-09-24T04:36:59.927+0000] {dagbag.py:537} INFO - Filling up the DagBag from /home/airflow/.local/lib/python3.7/site-packages/airflow/example_dags/example_xcomargs.py
[2024-09-24T04:36:59.971+0000] {processor.py:766} INFO - DAG(s) dict_keys(['example_xcom_args_with_operators', 'example_xcom_args']) retrieved from /home/airflow/.local/lib/python3.7/site-packages/airflow/example_dags/example_xcomargs.py
[2024-09-24T04:37:00.051+0000] {logging_mixin.py:120} INFO - [2024-09-24T04:37:00.051+0000] {dag.py:2585} INFO - Sync 2 DAGs
[2024-09-24T04:37:00.103+0000] {logging_mixin.py:120} INFO - [2024-09-24T04:37:00.102+0000] {dag.py:3340} INFO - Setting next_dagrun for example_xcom_args to None, run_after=None
[2024-09-24T04:37:00.108+0000] {logging_mixin.py:120} INFO - [2024-09-24T04:37:00.108+0000] {dag.py:3340} INFO - Setting next_dagrun for example_xcom_args_with_operators to None, run_after=None
[2024-09-24T04:37:00.148+0000] {processor.py:176} INFO - Processing /home/airflow/.local/lib/python3.7/site-packages/airflow/example_dags/example_xcomargs.py took 0.228 seconds
[2024-09-24T04:37:57.231+0000] {processor.py:154} INFO - Started process (PID=16151) to work on /home/airflow/.local/lib/python3.7/site-packages/airflow/example_dags/example_xcomargs.py
[2024-09-24T04:37:57.233+0000] {processor.py:756} INFO - Processing file /home/airflow/.local/lib/python3.7/site-packages/airflow/example_dags/example_xcomargs.py for tasks to queue
[2024-09-24T04:37:57.235+0000] {logging_mixin.py:120} INFO - [2024-09-24T04:37:57.234+0000] {dagbag.py:537} INFO - Filling up the DagBag from /home/airflow/.local/lib/python3.7/site-packages/airflow/example_dags/example_xcomargs.py
[2024-09-24T04:37:57.288+0000] {processor.py:766} INFO - DAG(s) dict_keys(['example_xcom_args_with_operators', 'example_xcom_args']) retrieved from /home/airflow/.local/lib/python3.7/site-packages/airflow/example_dags/example_xcomargs.py
[2024-09-24T04:37:57.389+0000] {logging_mixin.py:120} INFO - [2024-09-24T04:37:57.387+0000] {dag.py:2585} INFO - Sync 2 DAGs
[2024-09-24T04:37:57.468+0000] {logging_mixin.py:120} INFO - [2024-09-24T04:37:57.467+0000] {dag.py:3340} INFO - Setting next_dagrun for example_xcom_args to None, run_after=None
[2024-09-24T04:37:57.477+0000] {logging_mixin.py:120} INFO - [2024-09-24T04:37:57.477+0000] {dag.py:3340} INFO - Setting next_dagrun for example_xcom_args_with_operators to None, run_after=None
[2024-09-24T04:37:57.539+0000] {processor.py:176} INFO - Processing /home/airflow/.local/lib/python3.7/site-packages/airflow/example_dags/example_xcomargs.py took 0.315 seconds
[2024-09-24T06:15:54.254+0000] {processor.py:154} INFO - Started process (PID=16217) to work on /home/airflow/.local/lib/python3.7/site-packages/airflow/example_dags/example_xcomargs.py
[2024-09-24T06:15:54.256+0000] {processor.py:756} INFO - Processing file /home/airflow/.local/lib/python3.7/site-packages/airflow/example_dags/example_xcomargs.py for tasks to queue
[2024-09-24T06:15:54.259+0000] {logging_mixin.py:120} INFO - [2024-09-24T06:15:54.258+0000] {dagbag.py:537} INFO - Filling up the DagBag from /home/airflow/.local/lib/python3.7/site-packages/airflow/example_dags/example_xcomargs.py
[2024-09-24T06:15:54.300+0000] {processor.py:766} INFO - DAG(s) dict_keys(['example_xcom_args', 'example_xcom_args_with_operators']) retrieved from /home/airflow/.local/lib/python3.7/site-packages/airflow/example_dags/example_xcomargs.py
[2024-09-24T06:15:54.368+0000] {logging_mixin.py:120} INFO - [2024-09-24T06:15:54.368+0000] {dag.py:2585} INFO - Sync 2 DAGs
[2024-09-24T06:15:54.429+0000] {logging_mixin.py:120} INFO - [2024-09-24T06:15:54.428+0000] {dag.py:3340} INFO - Setting next_dagrun for example_xcom_args to None, run_after=None
[2024-09-24T06:15:54.436+0000] {logging_mixin.py:120} INFO - [2024-09-24T06:15:54.436+0000] {dag.py:3340} INFO - Setting next_dagrun for example_xcom_args_with_operators to None, run_after=None
[2024-09-24T06:15:54.470+0000] {processor.py:176} INFO - Processing /home/airflow/.local/lib/python3.7/site-packages/airflow/example_dags/example_xcomargs.py took 0.221 seconds
[2024-09-24T06:31:02.285+0000] {processor.py:154} INFO - Started process (PID=16271) to work on /home/airflow/.local/lib/python3.7/site-packages/airflow/example_dags/example_xcomargs.py
[2024-09-24T06:31:02.287+0000] {processor.py:756} INFO - Processing file /home/airflow/.local/lib/python3.7/site-packages/airflow/example_dags/example_xcomargs.py for tasks to queue
[2024-09-24T06:31:02.288+0000] {logging_mixin.py:120} INFO - [2024-09-24T06:31:02.288+0000] {dagbag.py:537} INFO - Filling up the DagBag from /home/airflow/.local/lib/python3.7/site-packages/airflow/example_dags/example_xcomargs.py
[2024-09-24T06:31:02.332+0000] {processor.py:766} INFO - DAG(s) dict_keys(['example_xcom_args', 'example_xcom_args_with_operators']) retrieved from /home/airflow/.local/lib/python3.7/site-packages/airflow/example_dags/example_xcomargs.py
[2024-09-24T06:31:02.393+0000] {logging_mixin.py:120} INFO - [2024-09-24T06:31:02.393+0000] {dag.py:2585} INFO - Sync 2 DAGs
[2024-09-24T06:31:02.433+0000] {logging_mixin.py:120} INFO - [2024-09-24T06:31:02.433+0000] {dag.py:3340} INFO - Setting next_dagrun for example_xcom_args to None, run_after=None
[2024-09-24T06:31:02.438+0000] {logging_mixin.py:120} INFO - [2024-09-24T06:31:02.438+0000] {dag.py:3340} INFO - Setting next_dagrun for example_xcom_args_with_operators to None, run_after=None
[2024-09-24T06:31:02.468+0000] {processor.py:176} INFO - Processing /home/airflow/.local/lib/python3.7/site-packages/airflow/example_dags/example_xcomargs.py took 0.188 seconds
[2024-09-24T08:40:11.596+0000] {processor.py:154} INFO - Started process (PID=16334) to work on /home/airflow/.local/lib/python3.7/site-packages/airflow/example_dags/example_xcomargs.py
[2024-09-24T08:40:11.598+0000] {processor.py:756} INFO - Processing file /home/airflow/.local/lib/python3.7/site-packages/airflow/example_dags/example_xcomargs.py for tasks to queue
[2024-09-24T08:40:11.599+0000] {logging_mixin.py:120} INFO - [2024-09-24T08:40:11.599+0000] {dagbag.py:537} INFO - Filling up the DagBag from /home/airflow/.local/lib/python3.7/site-packages/airflow/example_dags/example_xcomargs.py
[2024-09-24T08:40:11.634+0000] {processor.py:766} INFO - DAG(s) dict_keys(['example_xcom_args_with_operators', 'example_xcom_args']) retrieved from /home/airflow/.local/lib/python3.7/site-packages/airflow/example_dags/example_xcomargs.py
[2024-09-24T08:40:11.702+0000] {logging_mixin.py:120} INFO - [2024-09-24T08:40:11.702+0000] {dag.py:2585} INFO - Sync 2 DAGs
[2024-09-24T08:40:11.737+0000] {logging_mixin.py:120} INFO - [2024-09-24T08:40:11.737+0000] {dag.py:3340} INFO - Setting next_dagrun for example_xcom_args to None, run_after=None
[2024-09-24T08:40:11.742+0000] {logging_mixin.py:120} INFO - [2024-09-24T08:40:11.742+0000] {dag.py:3340} INFO - Setting next_dagrun for example_xcom_args_with_operators to None, run_after=None
[2024-09-24T08:40:11.765+0000] {processor.py:176} INFO - Processing /home/airflow/.local/lib/python3.7/site-packages/airflow/example_dags/example_xcomargs.py took 0.174 seconds
[2024-09-24T11:11:20.812+0000] {processor.py:154} INFO - Started process (PID=16395) to work on /home/airflow/.local/lib/python3.7/site-packages/airflow/example_dags/example_xcomargs.py
[2024-09-24T11:11:20.818+0000] {processor.py:756} INFO - Processing file /home/airflow/.local/lib/python3.7/site-packages/airflow/example_dags/example_xcomargs.py for tasks to queue
[2024-09-24T11:11:20.821+0000] {logging_mixin.py:120} INFO - [2024-09-24T11:11:20.821+0000] {dagbag.py:537} INFO - Filling up the DagBag from /home/airflow/.local/lib/python3.7/site-packages/airflow/example_dags/example_xcomargs.py
[2024-09-24T11:11:20.891+0000] {processor.py:766} INFO - DAG(s) dict_keys(['example_xcom_args', 'example_xcom_args_with_operators']) retrieved from /home/airflow/.local/lib/python3.7/site-packages/airflow/example_dags/example_xcomargs.py
[2024-09-24T11:11:20.977+0000] {logging_mixin.py:120} INFO - [2024-09-24T11:11:20.977+0000] {dag.py:2585} INFO - Sync 2 DAGs
[2024-09-24T11:11:21.026+0000] {logging_mixin.py:120} INFO - [2024-09-24T11:11:21.026+0000] {dag.py:3340} INFO - Setting next_dagrun for example_xcom_args to None, run_after=None
[2024-09-24T11:11:21.037+0000] {logging_mixin.py:120} INFO - [2024-09-24T11:11:21.036+0000] {dag.py:3340} INFO - Setting next_dagrun for example_xcom_args_with_operators to None, run_after=None
[2024-09-24T11:11:21.070+0000] {processor.py:176} INFO - Processing /home/airflow/.local/lib/python3.7/site-packages/airflow/example_dags/example_xcomargs.py took 0.266 seconds
[2024-09-24T12:44:50.916+0000] {processor.py:154} INFO - Started process (PID=16451) to work on /home/airflow/.local/lib/python3.7/site-packages/airflow/example_dags/example_xcomargs.py
[2024-09-24T12:44:50.919+0000] {processor.py:756} INFO - Processing file /home/airflow/.local/lib/python3.7/site-packages/airflow/example_dags/example_xcomargs.py for tasks to queue
[2024-09-24T12:44:50.921+0000] {logging_mixin.py:120} INFO - [2024-09-24T12:44:50.920+0000] {dagbag.py:537} INFO - Filling up the DagBag from /home/airflow/.local/lib/python3.7/site-packages/airflow/example_dags/example_xcomargs.py
[2024-09-24T12:44:50.969+0000] {processor.py:766} INFO - DAG(s) dict_keys(['example_xcom_args_with_operators', 'example_xcom_args']) retrieved from /home/airflow/.local/lib/python3.7/site-packages/airflow/example_dags/example_xcomargs.py
[2024-09-24T12:44:51.032+0000] {logging_mixin.py:120} INFO - [2024-09-24T12:44:51.031+0000] {dag.py:2585} INFO - Sync 2 DAGs
[2024-09-24T12:44:51.067+0000] {logging_mixin.py:120} INFO - [2024-09-24T12:44:51.067+0000] {dag.py:3340} INFO - Setting next_dagrun for example_xcom_args to None, run_after=None
[2024-09-24T12:44:51.072+0000] {logging_mixin.py:120} INFO - [2024-09-24T12:44:51.072+0000] {dag.py:3340} INFO - Setting next_dagrun for example_xcom_args_with_operators to None, run_after=None
[2024-09-24T12:44:51.101+0000] {processor.py:176} INFO - Processing /home/airflow/.local/lib/python3.7/site-packages/airflow/example_dags/example_xcomargs.py took 0.191 seconds
[2024-09-24T14:24:40.297+0000] {processor.py:154} INFO - Started process (PID=16505) to work on /home/airflow/.local/lib/python3.7/site-packages/airflow/example_dags/example_xcomargs.py
[2024-09-24T14:24:40.298+0000] {processor.py:756} INFO - Processing file /home/airflow/.local/lib/python3.7/site-packages/airflow/example_dags/example_xcomargs.py for tasks to queue
[2024-09-24T14:24:40.300+0000] {logging_mixin.py:120} INFO - [2024-09-24T14:24:40.299+0000] {dagbag.py:537} INFO - Filling up the DagBag from /home/airflow/.local/lib/python3.7/site-packages/airflow/example_dags/example_xcomargs.py
[2024-09-24T14:24:40.335+0000] {processor.py:766} INFO - DAG(s) dict_keys(['example_xcom_args_with_operators', 'example_xcom_args']) retrieved from /home/airflow/.local/lib/python3.7/site-packages/airflow/example_dags/example_xcomargs.py
[2024-09-24T14:24:40.390+0000] {logging_mixin.py:120} INFO - [2024-09-24T14:24:40.390+0000] {dag.py:2585} INFO - Sync 2 DAGs
[2024-09-24T14:24:40.419+0000] {logging_mixin.py:120} INFO - [2024-09-24T14:24:40.418+0000] {dag.py:3340} INFO - Setting next_dagrun for example_xcom_args to None, run_after=None
[2024-09-24T14:24:40.423+0000] {logging_mixin.py:120} INFO - [2024-09-24T14:24:40.423+0000] {dag.py:3340} INFO - Setting next_dagrun for example_xcom_args_with_operators to None, run_after=None
[2024-09-24T14:24:40.441+0000] {processor.py:176} INFO - Processing /home/airflow/.local/lib/python3.7/site-packages/airflow/example_dags/example_xcomargs.py took 0.150 seconds
[2024-09-24T14:26:40.042+0000] {processor.py:154} INFO - Started process (PID=16568) to work on /home/airflow/.local/lib/python3.7/site-packages/airflow/example_dags/example_xcomargs.py
[2024-09-24T14:26:40.043+0000] {processor.py:756} INFO - Processing file /home/airflow/.local/lib/python3.7/site-packages/airflow/example_dags/example_xcomargs.py for tasks to queue
[2024-09-24T14:26:40.045+0000] {logging_mixin.py:120} INFO - [2024-09-24T14:26:40.045+0000] {dagbag.py:537} INFO - Filling up the DagBag from /home/airflow/.local/lib/python3.7/site-packages/airflow/example_dags/example_xcomargs.py
[2024-09-24T14:26:40.075+0000] {processor.py:766} INFO - DAG(s) dict_keys(['example_xcom_args_with_operators', 'example_xcom_args']) retrieved from /home/airflow/.local/lib/python3.7/site-packages/airflow/example_dags/example_xcomargs.py
[2024-09-24T14:26:40.133+0000] {logging_mixin.py:120} INFO - [2024-09-24T14:26:40.132+0000] {dag.py:2585} INFO - Sync 2 DAGs
[2024-09-24T14:26:40.165+0000] {logging_mixin.py:120} INFO - [2024-09-24T14:26:40.165+0000] {dag.py:3340} INFO - Setting next_dagrun for example_xcom_args to None, run_after=None
[2024-09-24T14:26:40.170+0000] {logging_mixin.py:120} INFO - [2024-09-24T14:26:40.170+0000] {dag.py:3340} INFO - Setting next_dagrun for example_xcom_args_with_operators to None, run_after=None
[2024-09-24T14:26:40.195+0000] {processor.py:176} INFO - Processing /home/airflow/.local/lib/python3.7/site-packages/airflow/example_dags/example_xcomargs.py took 0.157 seconds
[2024-09-24T15:01:03.221+0000] {processor.py:154} INFO - Started process (PID=16622) to work on /home/airflow/.local/lib/python3.7/site-packages/airflow/example_dags/example_xcomargs.py
[2024-09-24T15:01:03.225+0000] {processor.py:756} INFO - Processing file /home/airflow/.local/lib/python3.7/site-packages/airflow/example_dags/example_xcomargs.py for tasks to queue
[2024-09-24T15:01:03.226+0000] {logging_mixin.py:120} INFO - [2024-09-24T15:01:03.226+0000] {dagbag.py:537} INFO - Filling up the DagBag from /home/airflow/.local/lib/python3.7/site-packages/airflow/example_dags/example_xcomargs.py
[2024-09-24T15:01:03.262+0000] {processor.py:766} INFO - DAG(s) dict_keys(['example_xcom_args_with_operators', 'example_xcom_args']) retrieved from /home/airflow/.local/lib/python3.7/site-packages/airflow/example_dags/example_xcomargs.py
[2024-09-24T15:01:03.342+0000] {logging_mixin.py:120} INFO - [2024-09-24T15:01:03.342+0000] {dag.py:2585} INFO - Sync 2 DAGs
[2024-09-24T15:01:03.379+0000] {logging_mixin.py:120} INFO - [2024-09-24T15:01:03.379+0000] {dag.py:3340} INFO - Setting next_dagrun for example_xcom_args to None, run_after=None
[2024-09-24T15:01:03.383+0000] {logging_mixin.py:120} INFO - [2024-09-24T15:01:03.383+0000] {dag.py:3340} INFO - Setting next_dagrun for example_xcom_args_with_operators to None, run_after=None
[2024-09-24T15:01:03.406+0000] {processor.py:176} INFO - Processing /home/airflow/.local/lib/python3.7/site-packages/airflow/example_dags/example_xcomargs.py took 0.191 seconds
[2024-09-24T16:32:28.107+0000] {processor.py:154} INFO - Started process (PID=16685) to work on /home/airflow/.local/lib/python3.7/site-packages/airflow/example_dags/example_xcomargs.py
[2024-09-24T16:32:28.109+0000] {processor.py:756} INFO - Processing file /home/airflow/.local/lib/python3.7/site-packages/airflow/example_dags/example_xcomargs.py for tasks to queue
[2024-09-24T16:32:28.110+0000] {logging_mixin.py:120} INFO - [2024-09-24T16:32:28.110+0000] {dagbag.py:537} INFO - Filling up the DagBag from /home/airflow/.local/lib/python3.7/site-packages/airflow/example_dags/example_xcomargs.py
[2024-09-24T16:32:28.138+0000] {processor.py:766} INFO - DAG(s) dict_keys(['example_xcom_args', 'example_xcom_args_with_operators']) retrieved from /home/airflow/.local/lib/python3.7/site-packages/airflow/example_dags/example_xcomargs.py
[2024-09-24T16:32:28.192+0000] {logging_mixin.py:120} INFO - [2024-09-24T16:32:28.191+0000] {dag.py:2585} INFO - Sync 2 DAGs
[2024-09-24T16:32:28.222+0000] {logging_mixin.py:120} INFO - [2024-09-24T16:32:28.222+0000] {dag.py:3340} INFO - Setting next_dagrun for example_xcom_args to None, run_after=None
[2024-09-24T16:32:28.227+0000] {logging_mixin.py:120} INFO - [2024-09-24T16:32:28.227+0000] {dag.py:3340} INFO - Setting next_dagrun for example_xcom_args_with_operators to None, run_after=None
[2024-09-24T16:32:28.250+0000] {processor.py:176} INFO - Processing /home/airflow/.local/lib/python3.7/site-packages/airflow/example_dags/example_xcomargs.py took 0.148 seconds
[2024-09-24T16:38:51.297+0000] {processor.py:154} INFO - Started process (PID=16748) to work on /home/airflow/.local/lib/python3.7/site-packages/airflow/example_dags/example_xcomargs.py
[2024-09-24T16:38:51.299+0000] {processor.py:756} INFO - Processing file /home/airflow/.local/lib/python3.7/site-packages/airflow/example_dags/example_xcomargs.py for tasks to queue
[2024-09-24T16:38:51.301+0000] {logging_mixin.py:120} INFO - [2024-09-24T16:38:51.300+0000] {dagbag.py:537} INFO - Filling up the DagBag from /home/airflow/.local/lib/python3.7/site-packages/airflow/example_dags/example_xcomargs.py
[2024-09-24T16:38:51.359+0000] {processor.py:766} INFO - DAG(s) dict_keys(['example_xcom_args', 'example_xcom_args_with_operators']) retrieved from /home/airflow/.local/lib/python3.7/site-packages/airflow/example_dags/example_xcomargs.py
[2024-09-24T16:38:51.479+0000] {logging_mixin.py:120} INFO - [2024-09-24T16:38:51.479+0000] {dag.py:2585} INFO - Sync 2 DAGs
[2024-09-24T16:38:51.557+0000] {logging_mixin.py:120} INFO - [2024-09-24T16:38:51.556+0000] {dag.py:3340} INFO - Setting next_dagrun for example_xcom_args to None, run_after=None
[2024-09-24T16:38:51.569+0000] {logging_mixin.py:120} INFO - [2024-09-24T16:38:51.568+0000] {dag.py:3340} INFO - Setting next_dagrun for example_xcom_args_with_operators to None, run_after=None
[2024-09-24T16:38:51.619+0000] {processor.py:176} INFO - Processing /home/airflow/.local/lib/python3.7/site-packages/airflow/example_dags/example_xcomargs.py took 0.329 seconds
[2024-09-24T17:03:41.381+0000] {processor.py:154} INFO - Started process (PID=16802) to work on /home/airflow/.local/lib/python3.7/site-packages/airflow/example_dags/example_xcomargs.py
[2024-09-24T17:03:41.384+0000] {processor.py:756} INFO - Processing file /home/airflow/.local/lib/python3.7/site-packages/airflow/example_dags/example_xcomargs.py for tasks to queue
[2024-09-24T17:03:41.386+0000] {logging_mixin.py:120} INFO - [2024-09-24T17:03:41.385+0000] {dagbag.py:537} INFO - Filling up the DagBag from /home/airflow/.local/lib/python3.7/site-packages/airflow/example_dags/example_xcomargs.py
[2024-09-24T17:03:41.440+0000] {processor.py:766} INFO - DAG(s) dict_keys(['example_xcom_args_with_operators', 'example_xcom_args']) retrieved from /home/airflow/.local/lib/python3.7/site-packages/airflow/example_dags/example_xcomargs.py
[2024-09-24T17:03:41.567+0000] {logging_mixin.py:120} INFO - [2024-09-24T17:03:41.567+0000] {dag.py:2585} INFO - Sync 2 DAGs
[2024-09-24T17:03:41.630+0000] {logging_mixin.py:120} INFO - [2024-09-24T17:03:41.630+0000] {dag.py:3340} INFO - Setting next_dagrun for example_xcom_args to None, run_after=None
[2024-09-24T17:03:41.639+0000] {logging_mixin.py:120} INFO - [2024-09-24T17:03:41.638+0000] {dag.py:3340} INFO - Setting next_dagrun for example_xcom_args_with_operators to None, run_after=None
[2024-09-24T17:03:41.679+0000] {processor.py:176} INFO - Processing /home/airflow/.local/lib/python3.7/site-packages/airflow/example_dags/example_xcomargs.py took 0.305 seconds
[2024-09-24T17:24:32.961+0000] {processor.py:154} INFO - Started process (PID=16856) to work on /home/airflow/.local/lib/python3.7/site-packages/airflow/example_dags/example_xcomargs.py
[2024-09-24T17:24:32.964+0000] {processor.py:756} INFO - Processing file /home/airflow/.local/lib/python3.7/site-packages/airflow/example_dags/example_xcomargs.py for tasks to queue
[2024-09-24T17:24:32.967+0000] {logging_mixin.py:120} INFO - [2024-09-24T17:24:32.966+0000] {dagbag.py:537} INFO - Filling up the DagBag from /home/airflow/.local/lib/python3.7/site-packages/airflow/example_dags/example_xcomargs.py
[2024-09-24T17:24:33.023+0000] {processor.py:766} INFO - DAG(s) dict_keys(['example_xcom_args', 'example_xcom_args_with_operators']) retrieved from /home/airflow/.local/lib/python3.7/site-packages/airflow/example_dags/example_xcomargs.py
[2024-09-24T17:24:33.154+0000] {logging_mixin.py:120} INFO - [2024-09-24T17:24:33.154+0000] {dag.py:2585} INFO - Sync 2 DAGs
[2024-09-24T17:24:33.221+0000] {logging_mixin.py:120} INFO - [2024-09-24T17:24:33.220+0000] {dag.py:3340} INFO - Setting next_dagrun for example_xcom_args to None, run_after=None
[2024-09-24T17:24:33.228+0000] {logging_mixin.py:120} INFO - [2024-09-24T17:24:33.228+0000] {dag.py:3340} INFO - Setting next_dagrun for example_xcom_args_with_operators to None, run_after=None
[2024-09-24T17:24:33.267+0000] {processor.py:176} INFO - Processing /home/airflow/.local/lib/python3.7/site-packages/airflow/example_dags/example_xcomargs.py took 0.311 seconds
[2024-09-24T18:04:40.491+0000] {processor.py:154} INFO - Started process (PID=16901) to work on /home/airflow/.local/lib/python3.7/site-packages/airflow/example_dags/example_xcomargs.py
[2024-09-24T18:04:40.493+0000] {processor.py:756} INFO - Processing file /home/airflow/.local/lib/python3.7/site-packages/airflow/example_dags/example_xcomargs.py for tasks to queue
[2024-09-24T18:04:40.495+0000] {logging_mixin.py:120} INFO - [2024-09-24T18:04:40.495+0000] {dagbag.py:537} INFO - Filling up the DagBag from /home/airflow/.local/lib/python3.7/site-packages/airflow/example_dags/example_xcomargs.py
[2024-09-24T18:04:40.533+0000] {processor.py:766} INFO - DAG(s) dict_keys(['example_xcom_args_with_operators', 'example_xcom_args']) retrieved from /home/airflow/.local/lib/python3.7/site-packages/airflow/example_dags/example_xcomargs.py
[2024-09-24T18:04:40.607+0000] {logging_mixin.py:120} INFO - [2024-09-24T18:04:40.606+0000] {dag.py:2585} INFO - Sync 2 DAGs
[2024-09-24T18:04:40.674+0000] {logging_mixin.py:120} INFO - [2024-09-24T18:04:40.673+0000] {dag.py:3340} INFO - Setting next_dagrun for example_xcom_args to None, run_after=None
[2024-09-24T18:04:40.684+0000] {logging_mixin.py:120} INFO - [2024-09-24T18:04:40.684+0000] {dag.py:3340} INFO - Setting next_dagrun for example_xcom_args_with_operators to None, run_after=None
[2024-09-24T18:04:40.731+0000] {processor.py:176} INFO - Processing /home/airflow/.local/lib/python3.7/site-packages/airflow/example_dags/example_xcomargs.py took 0.246 seconds
[2024-09-24T19:05:36.535+0000] {processor.py:154} INFO - Started process (PID=16955) to work on /home/airflow/.local/lib/python3.7/site-packages/airflow/example_dags/example_xcomargs.py
[2024-09-24T19:05:36.538+0000] {processor.py:756} INFO - Processing file /home/airflow/.local/lib/python3.7/site-packages/airflow/example_dags/example_xcomargs.py for tasks to queue
[2024-09-24T19:05:36.540+0000] {logging_mixin.py:120} INFO - [2024-09-24T19:05:36.539+0000] {dagbag.py:537} INFO - Filling up the DagBag from /home/airflow/.local/lib/python3.7/site-packages/airflow/example_dags/example_xcomargs.py
[2024-09-24T19:05:36.579+0000] {processor.py:766} INFO - DAG(s) dict_keys(['example_xcom_args_with_operators', 'example_xcom_args']) retrieved from /home/airflow/.local/lib/python3.7/site-packages/airflow/example_dags/example_xcomargs.py
[2024-09-24T19:05:36.672+0000] {logging_mixin.py:120} INFO - [2024-09-24T19:05:36.670+0000] {dag.py:2585} INFO - Sync 2 DAGs
[2024-09-24T19:05:36.726+0000] {logging_mixin.py:120} INFO - [2024-09-24T19:05:36.726+0000] {dag.py:3340} INFO - Setting next_dagrun for example_xcom_args to None, run_after=None
[2024-09-24T19:05:36.737+0000] {logging_mixin.py:120} INFO - [2024-09-24T19:05:36.736+0000] {dag.py:3340} INFO - Setting next_dagrun for example_xcom_args_with_operators to None, run_after=None
[2024-09-24T19:05:36.781+0000] {processor.py:176} INFO - Processing /home/airflow/.local/lib/python3.7/site-packages/airflow/example_dags/example_xcomargs.py took 0.252 seconds
[2024-09-24T20:06:42.708+0000] {processor.py:154} INFO - Started process (PID=17009) to work on /home/airflow/.local/lib/python3.7/site-packages/airflow/example_dags/example_xcomargs.py
[2024-09-24T20:06:42.713+0000] {processor.py:756} INFO - Processing file /home/airflow/.local/lib/python3.7/site-packages/airflow/example_dags/example_xcomargs.py for tasks to queue
[2024-09-24T20:06:42.717+0000] {logging_mixin.py:120} INFO - [2024-09-24T20:06:42.717+0000] {dagbag.py:537} INFO - Filling up the DagBag from /home/airflow/.local/lib/python3.7/site-packages/airflow/example_dags/example_xcomargs.py
[2024-09-24T20:06:42.776+0000] {processor.py:766} INFO - DAG(s) dict_keys(['example_xcom_args', 'example_xcom_args_with_operators']) retrieved from /home/airflow/.local/lib/python3.7/site-packages/airflow/example_dags/example_xcomargs.py
[2024-09-24T20:06:42.869+0000] {logging_mixin.py:120} INFO - [2024-09-24T20:06:42.869+0000] {dag.py:2585} INFO - Sync 2 DAGs
[2024-09-24T20:06:42.943+0000] {logging_mixin.py:120} INFO - [2024-09-24T20:06:42.943+0000] {dag.py:3340} INFO - Setting next_dagrun for example_xcom_args to None, run_after=None
[2024-09-24T20:06:42.952+0000] {logging_mixin.py:120} INFO - [2024-09-24T20:06:42.952+0000] {dag.py:3340} INFO - Setting next_dagrun for example_xcom_args_with_operators to None, run_after=None
[2024-09-24T20:06:43.012+0000] {processor.py:176} INFO - Processing /home/airflow/.local/lib/python3.7/site-packages/airflow/example_dags/example_xcomargs.py took 0.310 seconds
[2024-09-24T22:08:31.087+0000] {processor.py:154} INFO - Started process (PID=17063) to work on /home/airflow/.local/lib/python3.7/site-packages/airflow/example_dags/example_xcomargs.py
[2024-09-24T22:08:31.103+0000] {processor.py:756} INFO - Processing file /home/airflow/.local/lib/python3.7/site-packages/airflow/example_dags/example_xcomargs.py for tasks to queue
[2024-09-24T22:08:31.112+0000] {logging_mixin.py:120} INFO - [2024-09-24T22:08:31.111+0000] {dagbag.py:537} INFO - Filling up the DagBag from /home/airflow/.local/lib/python3.7/site-packages/airflow/example_dags/example_xcomargs.py
[2024-09-24T22:08:31.368+0000] {processor.py:766} INFO - DAG(s) dict_keys(['example_xcom_args', 'example_xcom_args_with_operators']) retrieved from /home/airflow/.local/lib/python3.7/site-packages/airflow/example_dags/example_xcomargs.py
[2024-09-24T22:08:31.819+0000] {logging_mixin.py:120} INFO - [2024-09-24T22:08:31.818+0000] {dag.py:2585} INFO - Sync 2 DAGs
[2024-09-24T22:08:32.129+0000] {logging_mixin.py:120} INFO - [2024-09-24T22:08:32.129+0000] {dag.py:3340} INFO - Setting next_dagrun for example_xcom_args to None, run_after=None
[2024-09-24T22:08:32.163+0000] {logging_mixin.py:120} INFO - [2024-09-24T22:08:32.162+0000] {dag.py:3340} INFO - Setting next_dagrun for example_xcom_args_with_operators to None, run_after=None
[2024-09-24T22:08:32.336+0000] {processor.py:176} INFO - Processing /home/airflow/.local/lib/python3.7/site-packages/airflow/example_dags/example_xcomargs.py took 1.280 seconds
