[2024-09-24T01:38:14.367+0000] {processor.py:154} INFO - Started process (PID=13856) to work on /home/airflow/.local/lib/python3.7/site-packages/airflow/example_dags/example_branch_day_of_week_operator.py
[2024-09-24T01:38:14.370+0000] {processor.py:756} INFO - Processing file /home/airflow/.local/lib/python3.7/site-packages/airflow/example_dags/example_branch_day_of_week_operator.py for tasks to queue
[2024-09-24T01:38:14.373+0000] {logging_mixin.py:120} INFO - [2024-09-24T01:38:14.372+0000] {dagbag.py:537} INFO - Filling up the DagBag from /home/airflow/.local/lib/python3.7/site-packages/airflow/example_dags/example_branch_day_of_week_operator.py
[2024-09-24T01:38:14.400+0000] {processor.py:766} INFO - DAG(s) dict_keys(['example_weekday_branch_operator']) retrieved from /home/airflow/.local/lib/python3.7/site-packages/airflow/example_dags/example_branch_day_of_week_operator.py
[2024-09-24T01:38:14.458+0000] {logging_mixin.py:120} INFO - [2024-09-24T01:38:14.458+0000] {dag.py:2585} INFO - Sync 1 DAGs
[2024-09-24T01:38:14.495+0000] {logging_mixin.py:120} INFO - [2024-09-24T01:38:14.495+0000] {dag.py:3340} INFO - Setting next_dagrun for example_weekday_branch_operator to 2024-09-23T00:00:00+00:00, run_after=2024-09-24T00:00:00+00:00
[2024-09-24T01:38:14.534+0000] {processor.py:176} INFO - Processing /home/airflow/.local/lib/python3.7/site-packages/airflow/example_dags/example_branch_day_of_week_operator.py took 0.173 seconds
[2024-09-24T01:41:38.192+0000] {processor.py:154} INFO - Started process (PID=13910) to work on /home/airflow/.local/lib/python3.7/site-packages/airflow/example_dags/example_branch_day_of_week_operator.py
[2024-09-24T01:41:38.195+0000] {processor.py:756} INFO - Processing file /home/airflow/.local/lib/python3.7/site-packages/airflow/example_dags/example_branch_day_of_week_operator.py for tasks to queue
[2024-09-24T01:41:38.197+0000] {logging_mixin.py:120} INFO - [2024-09-24T01:41:38.197+0000] {dagbag.py:537} INFO - Filling up the DagBag from /home/airflow/.local/lib/python3.7/site-packages/airflow/example_dags/example_branch_day_of_week_operator.py
[2024-09-24T01:41:38.230+0000] {processor.py:766} INFO - DAG(s) dict_keys(['example_weekday_branch_operator']) retrieved from /home/airflow/.local/lib/python3.7/site-packages/airflow/example_dags/example_branch_day_of_week_operator.py
[2024-09-24T01:41:38.297+0000] {logging_mixin.py:120} INFO - [2024-09-24T01:41:38.297+0000] {dag.py:2585} INFO - Sync 1 DAGs
[2024-09-24T01:41:38.334+0000] {logging_mixin.py:120} INFO - [2024-09-24T01:41:38.333+0000] {dag.py:3340} INFO - Setting next_dagrun for example_weekday_branch_operator to 2024-09-23T00:00:00+00:00, run_after=2024-09-24T00:00:00+00:00
[2024-09-24T01:41:38.363+0000] {processor.py:176} INFO - Processing /home/airflow/.local/lib/python3.7/site-packages/airflow/example_dags/example_branch_day_of_week_operator.py took 0.176 seconds
[2024-09-24T03:27:53.420+0000] {processor.py:154} INFO - Started process (PID=13973) to work on /home/airflow/.local/lib/python3.7/site-packages/airflow/example_dags/example_branch_day_of_week_operator.py
[2024-09-24T03:27:53.425+0000] {processor.py:756} INFO - Processing file /home/airflow/.local/lib/python3.7/site-packages/airflow/example_dags/example_branch_day_of_week_operator.py for tasks to queue
[2024-09-24T03:27:53.427+0000] {logging_mixin.py:120} INFO - [2024-09-24T03:27:53.427+0000] {dagbag.py:537} INFO - Filling up the DagBag from /home/airflow/.local/lib/python3.7/site-packages/airflow/example_dags/example_branch_day_of_week_operator.py
[2024-09-24T03:27:53.478+0000] {processor.py:766} INFO - DAG(s) dict_keys(['example_weekday_branch_operator']) retrieved from /home/airflow/.local/lib/python3.7/site-packages/airflow/example_dags/example_branch_day_of_week_operator.py
[2024-09-24T03:27:53.575+0000] {logging_mixin.py:120} INFO - [2024-09-24T03:27:53.575+0000] {dag.py:2585} INFO - Sync 1 DAGs
[2024-09-24T03:27:53.632+0000] {logging_mixin.py:120} INFO - [2024-09-24T03:27:53.631+0000] {dag.py:3340} INFO - Setting next_dagrun for example_weekday_branch_operator to 2024-09-23T00:00:00+00:00, run_after=2024-09-24T00:00:00+00:00
[2024-09-24T03:27:53.685+0000] {processor.py:176} INFO - Processing /home/airflow/.local/lib/python3.7/site-packages/airflow/example_dags/example_branch_day_of_week_operator.py took 0.273 seconds
[2024-09-24T04:19:29.448+0000] {processor.py:154} INFO - Started process (PID=14027) to work on /home/airflow/.local/lib/python3.7/site-packages/airflow/example_dags/example_branch_day_of_week_operator.py
[2024-09-24T04:19:29.450+0000] {processor.py:756} INFO - Processing file /home/airflow/.local/lib/python3.7/site-packages/airflow/example_dags/example_branch_day_of_week_operator.py for tasks to queue
[2024-09-24T04:19:29.452+0000] {logging_mixin.py:120} INFO - [2024-09-24T04:19:29.452+0000] {dagbag.py:537} INFO - Filling up the DagBag from /home/airflow/.local/lib/python3.7/site-packages/airflow/example_dags/example_branch_day_of_week_operator.py
[2024-09-24T04:19:29.518+0000] {processor.py:766} INFO - DAG(s) dict_keys(['example_weekday_branch_operator']) retrieved from /home/airflow/.local/lib/python3.7/site-packages/airflow/example_dags/example_branch_day_of_week_operator.py
[2024-09-24T04:19:29.770+0000] {logging_mixin.py:120} INFO - [2024-09-24T04:19:29.769+0000] {dag.py:2585} INFO - Sync 1 DAGs
[2024-09-24T04:19:29.927+0000] {logging_mixin.py:120} INFO - [2024-09-24T04:19:29.927+0000] {dag.py:3340} INFO - Setting next_dagrun for example_weekday_branch_operator to 2024-09-23T00:00:00+00:00, run_after=2024-09-24T00:00:00+00:00
[2024-09-24T04:19:30.122+0000] {processor.py:176} INFO - Processing /home/airflow/.local/lib/python3.7/site-packages/airflow/example_dags/example_branch_day_of_week_operator.py took 0.686 seconds
[2024-09-24T04:20:00.408+0000] {processor.py:154} INFO - Started process (PID=14081) to work on /home/airflow/.local/lib/python3.7/site-packages/airflow/example_dags/example_branch_day_of_week_operator.py
[2024-09-24T04:20:00.409+0000] {processor.py:756} INFO - Processing file /home/airflow/.local/lib/python3.7/site-packages/airflow/example_dags/example_branch_day_of_week_operator.py for tasks to queue
[2024-09-24T04:20:00.410+0000] {logging_mixin.py:120} INFO - [2024-09-24T04:20:00.410+0000] {dagbag.py:537} INFO - Filling up the DagBag from /home/airflow/.local/lib/python3.7/site-packages/airflow/example_dags/example_branch_day_of_week_operator.py
[2024-09-24T04:20:00.433+0000] {processor.py:766} INFO - DAG(s) dict_keys(['example_weekday_branch_operator']) retrieved from /home/airflow/.local/lib/python3.7/site-packages/airflow/example_dags/example_branch_day_of_week_operator.py
[2024-09-24T04:20:00.498+0000] {logging_mixin.py:120} INFO - [2024-09-24T04:20:00.497+0000] {dag.py:2585} INFO - Sync 1 DAGs
[2024-09-24T04:20:00.542+0000] {logging_mixin.py:120} INFO - [2024-09-24T04:20:00.541+0000] {dag.py:3340} INFO - Setting next_dagrun for example_weekday_branch_operator to 2024-09-23T00:00:00+00:00, run_after=2024-09-24T00:00:00+00:00
[2024-09-24T04:20:00.579+0000] {processor.py:176} INFO - Processing /home/airflow/.local/lib/python3.7/site-packages/airflow/example_dags/example_branch_day_of_week_operator.py took 0.180 seconds
[2024-09-24T04:20:31.209+0000] {processor.py:154} INFO - Started process (PID=14143) to work on /home/airflow/.local/lib/python3.7/site-packages/airflow/example_dags/example_branch_day_of_week_operator.py
[2024-09-24T04:20:31.211+0000] {processor.py:756} INFO - Processing file /home/airflow/.local/lib/python3.7/site-packages/airflow/example_dags/example_branch_day_of_week_operator.py for tasks to queue
[2024-09-24T04:20:31.212+0000] {logging_mixin.py:120} INFO - [2024-09-24T04:20:31.212+0000] {dagbag.py:537} INFO - Filling up the DagBag from /home/airflow/.local/lib/python3.7/site-packages/airflow/example_dags/example_branch_day_of_week_operator.py
[2024-09-24T04:20:31.233+0000] {processor.py:766} INFO - DAG(s) dict_keys(['example_weekday_branch_operator']) retrieved from /home/airflow/.local/lib/python3.7/site-packages/airflow/example_dags/example_branch_day_of_week_operator.py
[2024-09-24T04:20:31.295+0000] {logging_mixin.py:120} INFO - [2024-09-24T04:20:31.294+0000] {dag.py:2585} INFO - Sync 1 DAGs
[2024-09-24T04:20:31.326+0000] {logging_mixin.py:120} INFO - [2024-09-24T04:20:31.326+0000] {dag.py:3340} INFO - Setting next_dagrun for example_weekday_branch_operator to 2024-09-23T00:00:00+00:00, run_after=2024-09-24T00:00:00+00:00
[2024-09-24T04:20:31.353+0000] {processor.py:176} INFO - Processing /home/airflow/.local/lib/python3.7/site-packages/airflow/example_dags/example_branch_day_of_week_operator.py took 0.149 seconds
[2024-09-24T04:21:01.618+0000] {processor.py:154} INFO - Started process (PID=14206) to work on /home/airflow/.local/lib/python3.7/site-packages/airflow/example_dags/example_branch_day_of_week_operator.py
[2024-09-24T04:21:01.621+0000] {processor.py:756} INFO - Processing file /home/airflow/.local/lib/python3.7/site-packages/airflow/example_dags/example_branch_day_of_week_operator.py for tasks to queue
[2024-09-24T04:21:01.622+0000] {logging_mixin.py:120} INFO - [2024-09-24T04:21:01.622+0000] {dagbag.py:537} INFO - Filling up the DagBag from /home/airflow/.local/lib/python3.7/site-packages/airflow/example_dags/example_branch_day_of_week_operator.py
[2024-09-24T04:21:01.651+0000] {processor.py:766} INFO - DAG(s) dict_keys(['example_weekday_branch_operator']) retrieved from /home/airflow/.local/lib/python3.7/site-packages/airflow/example_dags/example_branch_day_of_week_operator.py
[2024-09-24T04:21:01.739+0000] {logging_mixin.py:120} INFO - [2024-09-24T04:21:01.739+0000] {dag.py:2585} INFO - Sync 1 DAGs
[2024-09-24T04:21:01.790+0000] {logging_mixin.py:120} INFO - [2024-09-24T04:21:01.790+0000] {dag.py:3340} INFO - Setting next_dagrun for example_weekday_branch_operator to 2024-09-23T00:00:00+00:00, run_after=2024-09-24T00:00:00+00:00
[2024-09-24T04:21:01.830+0000] {processor.py:176} INFO - Processing /home/airflow/.local/lib/python3.7/site-packages/airflow/example_dags/example_branch_day_of_week_operator.py took 0.217 seconds
[2024-09-24T04:21:32.102+0000] {processor.py:154} INFO - Started process (PID=14260) to work on /home/airflow/.local/lib/python3.7/site-packages/airflow/example_dags/example_branch_day_of_week_operator.py
[2024-09-24T04:21:32.103+0000] {processor.py:756} INFO - Processing file /home/airflow/.local/lib/python3.7/site-packages/airflow/example_dags/example_branch_day_of_week_operator.py for tasks to queue
[2024-09-24T04:21:32.104+0000] {logging_mixin.py:120} INFO - [2024-09-24T04:21:32.104+0000] {dagbag.py:537} INFO - Filling up the DagBag from /home/airflow/.local/lib/python3.7/site-packages/airflow/example_dags/example_branch_day_of_week_operator.py
[2024-09-24T04:21:32.125+0000] {processor.py:766} INFO - DAG(s) dict_keys(['example_weekday_branch_operator']) retrieved from /home/airflow/.local/lib/python3.7/site-packages/airflow/example_dags/example_branch_day_of_week_operator.py
[2024-09-24T04:21:32.178+0000] {logging_mixin.py:120} INFO - [2024-09-24T04:21:32.178+0000] {dag.py:2585} INFO - Sync 1 DAGs
[2024-09-24T04:21:32.211+0000] {logging_mixin.py:120} INFO - [2024-09-24T04:21:32.211+0000] {dag.py:3340} INFO - Setting next_dagrun for example_weekday_branch_operator to 2024-09-23T00:00:00+00:00, run_after=2024-09-24T00:00:00+00:00
[2024-09-24T04:21:32.241+0000] {processor.py:176} INFO - Processing /home/airflow/.local/lib/python3.7/site-packages/airflow/example_dags/example_branch_day_of_week_operator.py took 0.144 seconds
[2024-09-24T04:22:02.448+0000] {processor.py:154} INFO - Started process (PID=14324) to work on /home/airflow/.local/lib/python3.7/site-packages/airflow/example_dags/example_branch_day_of_week_operator.py
[2024-09-24T04:22:02.449+0000] {processor.py:756} INFO - Processing file /home/airflow/.local/lib/python3.7/site-packages/airflow/example_dags/example_branch_day_of_week_operator.py for tasks to queue
[2024-09-24T04:22:02.450+0000] {logging_mixin.py:120} INFO - [2024-09-24T04:22:02.450+0000] {dagbag.py:537} INFO - Filling up the DagBag from /home/airflow/.local/lib/python3.7/site-packages/airflow/example_dags/example_branch_day_of_week_operator.py
[2024-09-24T04:22:02.472+0000] {processor.py:766} INFO - DAG(s) dict_keys(['example_weekday_branch_operator']) retrieved from /home/airflow/.local/lib/python3.7/site-packages/airflow/example_dags/example_branch_day_of_week_operator.py
[2024-09-24T04:22:02.525+0000] {logging_mixin.py:120} INFO - [2024-09-24T04:22:02.525+0000] {dag.py:2585} INFO - Sync 1 DAGs
[2024-09-24T04:22:02.560+0000] {logging_mixin.py:120} INFO - [2024-09-24T04:22:02.560+0000] {dag.py:3340} INFO - Setting next_dagrun for example_weekday_branch_operator to 2024-09-23T00:00:00+00:00, run_after=2024-09-24T00:00:00+00:00
[2024-09-24T04:22:02.587+0000] {processor.py:176} INFO - Processing /home/airflow/.local/lib/python3.7/site-packages/airflow/example_dags/example_branch_day_of_week_operator.py took 0.144 seconds
[2024-09-24T04:22:33.345+0000] {processor.py:154} INFO - Started process (PID=14387) to work on /home/airflow/.local/lib/python3.7/site-packages/airflow/example_dags/example_branch_day_of_week_operator.py
[2024-09-24T04:22:33.347+0000] {processor.py:756} INFO - Processing file /home/airflow/.local/lib/python3.7/site-packages/airflow/example_dags/example_branch_day_of_week_operator.py for tasks to queue
[2024-09-24T04:22:33.348+0000] {logging_mixin.py:120} INFO - [2024-09-24T04:22:33.347+0000] {dagbag.py:537} INFO - Filling up the DagBag from /home/airflow/.local/lib/python3.7/site-packages/airflow/example_dags/example_branch_day_of_week_operator.py
[2024-09-24T04:22:33.367+0000] {processor.py:766} INFO - DAG(s) dict_keys(['example_weekday_branch_operator']) retrieved from /home/airflow/.local/lib/python3.7/site-packages/airflow/example_dags/example_branch_day_of_week_operator.py
[2024-09-24T04:22:33.425+0000] {logging_mixin.py:120} INFO - [2024-09-24T04:22:33.424+0000] {dag.py:2585} INFO - Sync 1 DAGs
[2024-09-24T04:22:33.459+0000] {logging_mixin.py:120} INFO - [2024-09-24T04:22:33.459+0000] {dag.py:3340} INFO - Setting next_dagrun for example_weekday_branch_operator to 2024-09-23T00:00:00+00:00, run_after=2024-09-24T00:00:00+00:00
[2024-09-24T04:22:33.487+0000] {processor.py:176} INFO - Processing /home/airflow/.local/lib/python3.7/site-packages/airflow/example_dags/example_branch_day_of_week_operator.py took 0.146 seconds
[2024-09-24T04:23:04.333+0000] {processor.py:154} INFO - Started process (PID=14448) to work on /home/airflow/.local/lib/python3.7/site-packages/airflow/example_dags/example_branch_day_of_week_operator.py
[2024-09-24T04:23:04.334+0000] {processor.py:756} INFO - Processing file /home/airflow/.local/lib/python3.7/site-packages/airflow/example_dags/example_branch_day_of_week_operator.py for tasks to queue
[2024-09-24T04:23:04.334+0000] {logging_mixin.py:120} INFO - [2024-09-24T04:23:04.334+0000] {dagbag.py:537} INFO - Filling up the DagBag from /home/airflow/.local/lib/python3.7/site-packages/airflow/example_dags/example_branch_day_of_week_operator.py
[2024-09-24T04:23:04.352+0000] {processor.py:766} INFO - DAG(s) dict_keys(['example_weekday_branch_operator']) retrieved from /home/airflow/.local/lib/python3.7/site-packages/airflow/example_dags/example_branch_day_of_week_operator.py
[2024-09-24T04:23:04.407+0000] {logging_mixin.py:120} INFO - [2024-09-24T04:23:04.407+0000] {dag.py:2585} INFO - Sync 1 DAGs
[2024-09-24T04:23:04.440+0000] {logging_mixin.py:120} INFO - [2024-09-24T04:23:04.440+0000] {dag.py:3340} INFO - Setting next_dagrun for example_weekday_branch_operator to 2024-09-23T00:00:00+00:00, run_after=2024-09-24T00:00:00+00:00
[2024-09-24T04:23:04.466+0000] {processor.py:176} INFO - Processing /home/airflow/.local/lib/python3.7/site-packages/airflow/example_dags/example_branch_day_of_week_operator.py took 0.137 seconds
[2024-09-24T04:23:34.553+0000] {processor.py:154} INFO - Started process (PID=14504) to work on /home/airflow/.local/lib/python3.7/site-packages/airflow/example_dags/example_branch_day_of_week_operator.py
[2024-09-24T04:23:34.554+0000] {processor.py:756} INFO - Processing file /home/airflow/.local/lib/python3.7/site-packages/airflow/example_dags/example_branch_day_of_week_operator.py for tasks to queue
[2024-09-24T04:23:34.555+0000] {logging_mixin.py:120} INFO - [2024-09-24T04:23:34.555+0000] {dagbag.py:537} INFO - Filling up the DagBag from /home/airflow/.local/lib/python3.7/site-packages/airflow/example_dags/example_branch_day_of_week_operator.py
[2024-09-24T04:23:34.578+0000] {processor.py:766} INFO - DAG(s) dict_keys(['example_weekday_branch_operator']) retrieved from /home/airflow/.local/lib/python3.7/site-packages/airflow/example_dags/example_branch_day_of_week_operator.py
[2024-09-24T04:23:34.627+0000] {logging_mixin.py:120} INFO - [2024-09-24T04:23:34.627+0000] {dag.py:2585} INFO - Sync 1 DAGs
[2024-09-24T04:23:34.658+0000] {logging_mixin.py:120} INFO - [2024-09-24T04:23:34.657+0000] {dag.py:3340} INFO - Setting next_dagrun for example_weekday_branch_operator to 2024-09-23T00:00:00+00:00, run_after=2024-09-24T00:00:00+00:00
[2024-09-24T04:23:34.685+0000] {processor.py:176} INFO - Processing /home/airflow/.local/lib/python3.7/site-packages/airflow/example_dags/example_branch_day_of_week_operator.py took 0.136 seconds
[2024-09-24T04:24:04.877+0000] {processor.py:154} INFO - Started process (PID=14566) to work on /home/airflow/.local/lib/python3.7/site-packages/airflow/example_dags/example_branch_day_of_week_operator.py
[2024-09-24T04:24:04.878+0000] {processor.py:756} INFO - Processing file /home/airflow/.local/lib/python3.7/site-packages/airflow/example_dags/example_branch_day_of_week_operator.py for tasks to queue
[2024-09-24T04:24:04.879+0000] {logging_mixin.py:120} INFO - [2024-09-24T04:24:04.879+0000] {dagbag.py:537} INFO - Filling up the DagBag from /home/airflow/.local/lib/python3.7/site-packages/airflow/example_dags/example_branch_day_of_week_operator.py
[2024-09-24T04:24:04.900+0000] {processor.py:766} INFO - DAG(s) dict_keys(['example_weekday_branch_operator']) retrieved from /home/airflow/.local/lib/python3.7/site-packages/airflow/example_dags/example_branch_day_of_week_operator.py
[2024-09-24T04:24:04.950+0000] {logging_mixin.py:120} INFO - [2024-09-24T04:24:04.950+0000] {dag.py:2585} INFO - Sync 1 DAGs
[2024-09-24T04:24:04.984+0000] {logging_mixin.py:120} INFO - [2024-09-24T04:24:04.984+0000] {dag.py:3340} INFO - Setting next_dagrun for example_weekday_branch_operator to 2024-09-23T00:00:00+00:00, run_after=2024-09-24T00:00:00+00:00
[2024-09-24T04:24:05.009+0000] {processor.py:176} INFO - Processing /home/airflow/.local/lib/python3.7/site-packages/airflow/example_dags/example_branch_day_of_week_operator.py took 0.137 seconds
[2024-09-24T04:24:35.755+0000] {processor.py:154} INFO - Started process (PID=14629) to work on /home/airflow/.local/lib/python3.7/site-packages/airflow/example_dags/example_branch_day_of_week_operator.py
[2024-09-24T04:24:35.756+0000] {processor.py:756} INFO - Processing file /home/airflow/.local/lib/python3.7/site-packages/airflow/example_dags/example_branch_day_of_week_operator.py for tasks to queue
[2024-09-24T04:24:35.756+0000] {logging_mixin.py:120} INFO - [2024-09-24T04:24:35.756+0000] {dagbag.py:537} INFO - Filling up the DagBag from /home/airflow/.local/lib/python3.7/site-packages/airflow/example_dags/example_branch_day_of_week_operator.py
[2024-09-24T04:24:35.776+0000] {processor.py:766} INFO - DAG(s) dict_keys(['example_weekday_branch_operator']) retrieved from /home/airflow/.local/lib/python3.7/site-packages/airflow/example_dags/example_branch_day_of_week_operator.py
[2024-09-24T04:24:35.828+0000] {logging_mixin.py:120} INFO - [2024-09-24T04:24:35.828+0000] {dag.py:2585} INFO - Sync 1 DAGs
[2024-09-24T04:24:35.860+0000] {logging_mixin.py:120} INFO - [2024-09-24T04:24:35.859+0000] {dag.py:3340} INFO - Setting next_dagrun for example_weekday_branch_operator to 2024-09-23T00:00:00+00:00, run_after=2024-09-24T00:00:00+00:00
[2024-09-24T04:24:35.886+0000] {processor.py:176} INFO - Processing /home/airflow/.local/lib/python3.7/site-packages/airflow/example_dags/example_branch_day_of_week_operator.py took 0.135 seconds
[2024-09-24T04:25:05.985+0000] {processor.py:154} INFO - Started process (PID=14683) to work on /home/airflow/.local/lib/python3.7/site-packages/airflow/example_dags/example_branch_day_of_week_operator.py
[2024-09-24T04:25:05.986+0000] {processor.py:756} INFO - Processing file /home/airflow/.local/lib/python3.7/site-packages/airflow/example_dags/example_branch_day_of_week_operator.py for tasks to queue
[2024-09-24T04:25:05.990+0000] {logging_mixin.py:120} INFO - [2024-09-24T04:25:05.989+0000] {dagbag.py:537} INFO - Filling up the DagBag from /home/airflow/.local/lib/python3.7/site-packages/airflow/example_dags/example_branch_day_of_week_operator.py
[2024-09-24T04:25:06.011+0000] {processor.py:766} INFO - DAG(s) dict_keys(['example_weekday_branch_operator']) retrieved from /home/airflow/.local/lib/python3.7/site-packages/airflow/example_dags/example_branch_day_of_week_operator.py
[2024-09-24T04:25:06.064+0000] {logging_mixin.py:120} INFO - [2024-09-24T04:25:06.064+0000] {dag.py:2585} INFO - Sync 1 DAGs
[2024-09-24T04:25:06.096+0000] {logging_mixin.py:120} INFO - [2024-09-24T04:25:06.096+0000] {dag.py:3340} INFO - Setting next_dagrun for example_weekday_branch_operator to 2024-09-23T00:00:00+00:00, run_after=2024-09-24T00:00:00+00:00
[2024-09-24T04:25:06.119+0000] {processor.py:176} INFO - Processing /home/airflow/.local/lib/python3.7/site-packages/airflow/example_dags/example_branch_day_of_week_operator.py took 0.139 seconds
[2024-09-24T04:25:36.331+0000] {processor.py:154} INFO - Started process (PID=14745) to work on /home/airflow/.local/lib/python3.7/site-packages/airflow/example_dags/example_branch_day_of_week_operator.py
[2024-09-24T04:25:36.334+0000] {processor.py:756} INFO - Processing file /home/airflow/.local/lib/python3.7/site-packages/airflow/example_dags/example_branch_day_of_week_operator.py for tasks to queue
[2024-09-24T04:25:36.335+0000] {logging_mixin.py:120} INFO - [2024-09-24T04:25:36.334+0000] {dagbag.py:537} INFO - Filling up the DagBag from /home/airflow/.local/lib/python3.7/site-packages/airflow/example_dags/example_branch_day_of_week_operator.py
[2024-09-24T04:25:36.355+0000] {processor.py:766} INFO - DAG(s) dict_keys(['example_weekday_branch_operator']) retrieved from /home/airflow/.local/lib/python3.7/site-packages/airflow/example_dags/example_branch_day_of_week_operator.py
[2024-09-24T04:25:36.405+0000] {logging_mixin.py:120} INFO - [2024-09-24T04:25:36.405+0000] {dag.py:2585} INFO - Sync 1 DAGs
[2024-09-24T04:25:36.438+0000] {logging_mixin.py:120} INFO - [2024-09-24T04:25:36.438+0000] {dag.py:3340} INFO - Setting next_dagrun for example_weekday_branch_operator to 2024-09-23T00:00:00+00:00, run_after=2024-09-24T00:00:00+00:00
[2024-09-24T04:25:36.466+0000] {processor.py:176} INFO - Processing /home/airflow/.local/lib/python3.7/site-packages/airflow/example_dags/example_branch_day_of_week_operator.py took 0.139 seconds
[2024-09-24T04:26:06.691+0000] {processor.py:154} INFO - Started process (PID=14808) to work on /home/airflow/.local/lib/python3.7/site-packages/airflow/example_dags/example_branch_day_of_week_operator.py
[2024-09-24T04:26:06.692+0000] {processor.py:756} INFO - Processing file /home/airflow/.local/lib/python3.7/site-packages/airflow/example_dags/example_branch_day_of_week_operator.py for tasks to queue
[2024-09-24T04:26:06.693+0000] {logging_mixin.py:120} INFO - [2024-09-24T04:26:06.693+0000] {dagbag.py:537} INFO - Filling up the DagBag from /home/airflow/.local/lib/python3.7/site-packages/airflow/example_dags/example_branch_day_of_week_operator.py
[2024-09-24T04:26:06.716+0000] {processor.py:766} INFO - DAG(s) dict_keys(['example_weekday_branch_operator']) retrieved from /home/airflow/.local/lib/python3.7/site-packages/airflow/example_dags/example_branch_day_of_week_operator.py
[2024-09-24T04:26:06.771+0000] {logging_mixin.py:120} INFO - [2024-09-24T04:26:06.771+0000] {dag.py:2585} INFO - Sync 1 DAGs
[2024-09-24T04:26:06.806+0000] {logging_mixin.py:120} INFO - [2024-09-24T04:26:06.806+0000] {dag.py:3340} INFO - Setting next_dagrun for example_weekday_branch_operator to 2024-09-23T00:00:00+00:00, run_after=2024-09-24T00:00:00+00:00
[2024-09-24T04:26:06.831+0000] {processor.py:176} INFO - Processing /home/airflow/.local/lib/python3.7/site-packages/airflow/example_dags/example_branch_day_of_week_operator.py took 0.144 seconds
[2024-09-24T04:26:37.635+0000] {processor.py:154} INFO - Started process (PID=14861) to work on /home/airflow/.local/lib/python3.7/site-packages/airflow/example_dags/example_branch_day_of_week_operator.py
[2024-09-24T04:26:37.637+0000] {processor.py:756} INFO - Processing file /home/airflow/.local/lib/python3.7/site-packages/airflow/example_dags/example_branch_day_of_week_operator.py for tasks to queue
[2024-09-24T04:26:37.638+0000] {logging_mixin.py:120} INFO - [2024-09-24T04:26:37.638+0000] {dagbag.py:537} INFO - Filling up the DagBag from /home/airflow/.local/lib/python3.7/site-packages/airflow/example_dags/example_branch_day_of_week_operator.py
[2024-09-24T04:26:37.660+0000] {processor.py:766} INFO - DAG(s) dict_keys(['example_weekday_branch_operator']) retrieved from /home/airflow/.local/lib/python3.7/site-packages/airflow/example_dags/example_branch_day_of_week_operator.py
[2024-09-24T04:26:37.735+0000] {logging_mixin.py:120} INFO - [2024-09-24T04:26:37.735+0000] {dag.py:2585} INFO - Sync 1 DAGs
[2024-09-24T04:26:37.791+0000] {logging_mixin.py:120} INFO - [2024-09-24T04:26:37.791+0000] {dag.py:3340} INFO - Setting next_dagrun for example_weekday_branch_operator to 2024-09-23T00:00:00+00:00, run_after=2024-09-24T00:00:00+00:00
[2024-09-24T04:26:37.828+0000] {processor.py:176} INFO - Processing /home/airflow/.local/lib/python3.7/site-packages/airflow/example_dags/example_branch_day_of_week_operator.py took 0.197 seconds
[2024-09-24T04:27:08.305+0000] {processor.py:154} INFO - Started process (PID=14924) to work on /home/airflow/.local/lib/python3.7/site-packages/airflow/example_dags/example_branch_day_of_week_operator.py
[2024-09-24T04:27:08.306+0000] {processor.py:756} INFO - Processing file /home/airflow/.local/lib/python3.7/site-packages/airflow/example_dags/example_branch_day_of_week_operator.py for tasks to queue
[2024-09-24T04:27:08.309+0000] {logging_mixin.py:120} INFO - [2024-09-24T04:27:08.308+0000] {dagbag.py:537} INFO - Filling up the DagBag from /home/airflow/.local/lib/python3.7/site-packages/airflow/example_dags/example_branch_day_of_week_operator.py
[2024-09-24T04:27:08.333+0000] {processor.py:766} INFO - DAG(s) dict_keys(['example_weekday_branch_operator']) retrieved from /home/airflow/.local/lib/python3.7/site-packages/airflow/example_dags/example_branch_day_of_week_operator.py
[2024-09-24T04:27:08.392+0000] {logging_mixin.py:120} INFO - [2024-09-24T04:27:08.391+0000] {dag.py:2585} INFO - Sync 1 DAGs
[2024-09-24T04:27:08.429+0000] {logging_mixin.py:120} INFO - [2024-09-24T04:27:08.429+0000] {dag.py:3340} INFO - Setting next_dagrun for example_weekday_branch_operator to 2024-09-23T00:00:00+00:00, run_after=2024-09-24T00:00:00+00:00
[2024-09-24T04:27:08.457+0000] {processor.py:176} INFO - Processing /home/airflow/.local/lib/python3.7/site-packages/airflow/example_dags/example_branch_day_of_week_operator.py took 0.157 seconds
[2024-09-24T04:27:39.134+0000] {processor.py:154} INFO - Started process (PID=14986) to work on /home/airflow/.local/lib/python3.7/site-packages/airflow/example_dags/example_branch_day_of_week_operator.py
[2024-09-24T04:27:39.135+0000] {processor.py:756} INFO - Processing file /home/airflow/.local/lib/python3.7/site-packages/airflow/example_dags/example_branch_day_of_week_operator.py for tasks to queue
[2024-09-24T04:27:39.136+0000] {logging_mixin.py:120} INFO - [2024-09-24T04:27:39.136+0000] {dagbag.py:537} INFO - Filling up the DagBag from /home/airflow/.local/lib/python3.7/site-packages/airflow/example_dags/example_branch_day_of_week_operator.py
[2024-09-24T04:27:39.156+0000] {processor.py:766} INFO - DAG(s) dict_keys(['example_weekday_branch_operator']) retrieved from /home/airflow/.local/lib/python3.7/site-packages/airflow/example_dags/example_branch_day_of_week_operator.py
[2024-09-24T04:27:39.211+0000] {logging_mixin.py:120} INFO - [2024-09-24T04:27:39.210+0000] {dag.py:2585} INFO - Sync 1 DAGs
[2024-09-24T04:27:39.246+0000] {logging_mixin.py:120} INFO - [2024-09-24T04:27:39.246+0000] {dag.py:3340} INFO - Setting next_dagrun for example_weekday_branch_operator to 2024-09-23T00:00:00+00:00, run_after=2024-09-24T00:00:00+00:00
[2024-09-24T04:27:39.274+0000] {processor.py:176} INFO - Processing /home/airflow/.local/lib/python3.7/site-packages/airflow/example_dags/example_branch_day_of_week_operator.py took 0.143 seconds
[2024-09-24T04:28:09.311+0000] {processor.py:154} INFO - Started process (PID=15039) to work on /home/airflow/.local/lib/python3.7/site-packages/airflow/example_dags/example_branch_day_of_week_operator.py
[2024-09-24T04:28:09.313+0000] {processor.py:756} INFO - Processing file /home/airflow/.local/lib/python3.7/site-packages/airflow/example_dags/example_branch_day_of_week_operator.py for tasks to queue
[2024-09-24T04:28:09.314+0000] {logging_mixin.py:120} INFO - [2024-09-24T04:28:09.313+0000] {dagbag.py:537} INFO - Filling up the DagBag from /home/airflow/.local/lib/python3.7/site-packages/airflow/example_dags/example_branch_day_of_week_operator.py
[2024-09-24T04:28:09.337+0000] {processor.py:766} INFO - DAG(s) dict_keys(['example_weekday_branch_operator']) retrieved from /home/airflow/.local/lib/python3.7/site-packages/airflow/example_dags/example_branch_day_of_week_operator.py
[2024-09-24T04:28:09.395+0000] {logging_mixin.py:120} INFO - [2024-09-24T04:28:09.395+0000] {dag.py:2585} INFO - Sync 1 DAGs
[2024-09-24T04:28:09.434+0000] {logging_mixin.py:120} INFO - [2024-09-24T04:28:09.433+0000] {dag.py:3340} INFO - Setting next_dagrun for example_weekday_branch_operator to 2024-09-23T00:00:00+00:00, run_after=2024-09-24T00:00:00+00:00
[2024-09-24T04:28:09.461+0000] {processor.py:176} INFO - Processing /home/airflow/.local/lib/python3.7/site-packages/airflow/example_dags/example_branch_day_of_week_operator.py took 0.154 seconds
[2024-09-24T04:28:39.610+0000] {processor.py:154} INFO - Started process (PID=15102) to work on /home/airflow/.local/lib/python3.7/site-packages/airflow/example_dags/example_branch_day_of_week_operator.py
[2024-09-24T04:28:39.612+0000] {processor.py:756} INFO - Processing file /home/airflow/.local/lib/python3.7/site-packages/airflow/example_dags/example_branch_day_of_week_operator.py for tasks to queue
[2024-09-24T04:28:39.613+0000] {logging_mixin.py:120} INFO - [2024-09-24T04:28:39.612+0000] {dagbag.py:537} INFO - Filling up the DagBag from /home/airflow/.local/lib/python3.7/site-packages/airflow/example_dags/example_branch_day_of_week_operator.py
[2024-09-24T04:28:39.632+0000] {processor.py:766} INFO - DAG(s) dict_keys(['example_weekday_branch_operator']) retrieved from /home/airflow/.local/lib/python3.7/site-packages/airflow/example_dags/example_branch_day_of_week_operator.py
[2024-09-24T04:28:39.683+0000] {logging_mixin.py:120} INFO - [2024-09-24T04:28:39.683+0000] {dag.py:2585} INFO - Sync 1 DAGs
[2024-09-24T04:28:39.720+0000] {logging_mixin.py:120} INFO - [2024-09-24T04:28:39.720+0000] {dag.py:3340} INFO - Setting next_dagrun for example_weekday_branch_operator to 2024-09-23T00:00:00+00:00, run_after=2024-09-24T00:00:00+00:00
[2024-09-24T04:28:39.746+0000] {processor.py:176} INFO - Processing /home/airflow/.local/lib/python3.7/site-packages/airflow/example_dags/example_branch_day_of_week_operator.py took 0.139 seconds
[2024-09-24T04:29:10.413+0000] {processor.py:154} INFO - Started process (PID=15166) to work on /home/airflow/.local/lib/python3.7/site-packages/airflow/example_dags/example_branch_day_of_week_operator.py
[2024-09-24T04:29:10.414+0000] {processor.py:756} INFO - Processing file /home/airflow/.local/lib/python3.7/site-packages/airflow/example_dags/example_branch_day_of_week_operator.py for tasks to queue
[2024-09-24T04:29:10.415+0000] {logging_mixin.py:120} INFO - [2024-09-24T04:29:10.415+0000] {dagbag.py:537} INFO - Filling up the DagBag from /home/airflow/.local/lib/python3.7/site-packages/airflow/example_dags/example_branch_day_of_week_operator.py
[2024-09-24T04:29:10.437+0000] {processor.py:766} INFO - DAG(s) dict_keys(['example_weekday_branch_operator']) retrieved from /home/airflow/.local/lib/python3.7/site-packages/airflow/example_dags/example_branch_day_of_week_operator.py
[2024-09-24T04:29:10.486+0000] {logging_mixin.py:120} INFO - [2024-09-24T04:29:10.486+0000] {dag.py:2585} INFO - Sync 1 DAGs
[2024-09-24T04:29:10.517+0000] {logging_mixin.py:120} INFO - [2024-09-24T04:29:10.517+0000] {dag.py:3340} INFO - Setting next_dagrun for example_weekday_branch_operator to 2024-09-23T00:00:00+00:00, run_after=2024-09-24T00:00:00+00:00
[2024-09-24T04:29:10.538+0000] {processor.py:176} INFO - Processing /home/airflow/.local/lib/python3.7/site-packages/airflow/example_dags/example_branch_day_of_week_operator.py took 0.130 seconds
[2024-09-24T04:29:41.398+0000] {processor.py:154} INFO - Started process (PID=15220) to work on /home/airflow/.local/lib/python3.7/site-packages/airflow/example_dags/example_branch_day_of_week_operator.py
[2024-09-24T04:29:41.400+0000] {processor.py:756} INFO - Processing file /home/airflow/.local/lib/python3.7/site-packages/airflow/example_dags/example_branch_day_of_week_operator.py for tasks to queue
[2024-09-24T04:29:41.401+0000] {logging_mixin.py:120} INFO - [2024-09-24T04:29:41.400+0000] {dagbag.py:537} INFO - Filling up the DagBag from /home/airflow/.local/lib/python3.7/site-packages/airflow/example_dags/example_branch_day_of_week_operator.py
[2024-09-24T04:29:41.432+0000] {processor.py:766} INFO - DAG(s) dict_keys(['example_weekday_branch_operator']) retrieved from /home/airflow/.local/lib/python3.7/site-packages/airflow/example_dags/example_branch_day_of_week_operator.py
[2024-09-24T04:29:41.508+0000] {logging_mixin.py:120} INFO - [2024-09-24T04:29:41.507+0000] {dag.py:2585} INFO - Sync 1 DAGs
[2024-09-24T04:29:41.555+0000] {logging_mixin.py:120} INFO - [2024-09-24T04:29:41.555+0000] {dag.py:3340} INFO - Setting next_dagrun for example_weekday_branch_operator to 2024-09-23T00:00:00+00:00, run_after=2024-09-24T00:00:00+00:00
[2024-09-24T04:29:41.584+0000] {processor.py:176} INFO - Processing /home/airflow/.local/lib/python3.7/site-packages/airflow/example_dags/example_branch_day_of_week_operator.py took 0.192 seconds
[2024-09-24T04:30:12.132+0000] {processor.py:154} INFO - Started process (PID=15283) to work on /home/airflow/.local/lib/python3.7/site-packages/airflow/example_dags/example_branch_day_of_week_operator.py
[2024-09-24T04:30:12.133+0000] {processor.py:756} INFO - Processing file /home/airflow/.local/lib/python3.7/site-packages/airflow/example_dags/example_branch_day_of_week_operator.py for tasks to queue
[2024-09-24T04:30:12.134+0000] {logging_mixin.py:120} INFO - [2024-09-24T04:30:12.134+0000] {dagbag.py:537} INFO - Filling up the DagBag from /home/airflow/.local/lib/python3.7/site-packages/airflow/example_dags/example_branch_day_of_week_operator.py
[2024-09-24T04:30:12.155+0000] {processor.py:766} INFO - DAG(s) dict_keys(['example_weekday_branch_operator']) retrieved from /home/airflow/.local/lib/python3.7/site-packages/airflow/example_dags/example_branch_day_of_week_operator.py
[2024-09-24T04:30:12.204+0000] {logging_mixin.py:120} INFO - [2024-09-24T04:30:12.204+0000] {dag.py:2585} INFO - Sync 1 DAGs
[2024-09-24T04:30:12.236+0000] {logging_mixin.py:120} INFO - [2024-09-24T04:30:12.236+0000] {dag.py:3340} INFO - Setting next_dagrun for example_weekday_branch_operator to 2024-09-23T00:00:00+00:00, run_after=2024-09-24T00:00:00+00:00
[2024-09-24T04:30:12.264+0000] {processor.py:176} INFO - Processing /home/airflow/.local/lib/python3.7/site-packages/airflow/example_dags/example_branch_day_of_week_operator.py took 0.137 seconds
[2024-09-24T04:30:42.455+0000] {processor.py:154} INFO - Started process (PID=15346) to work on /home/airflow/.local/lib/python3.7/site-packages/airflow/example_dags/example_branch_day_of_week_operator.py
[2024-09-24T04:30:42.456+0000] {processor.py:756} INFO - Processing file /home/airflow/.local/lib/python3.7/site-packages/airflow/example_dags/example_branch_day_of_week_operator.py for tasks to queue
[2024-09-24T04:30:42.457+0000] {logging_mixin.py:120} INFO - [2024-09-24T04:30:42.457+0000] {dagbag.py:537} INFO - Filling up the DagBag from /home/airflow/.local/lib/python3.7/site-packages/airflow/example_dags/example_branch_day_of_week_operator.py
[2024-09-24T04:30:42.477+0000] {processor.py:766} INFO - DAG(s) dict_keys(['example_weekday_branch_operator']) retrieved from /home/airflow/.local/lib/python3.7/site-packages/airflow/example_dags/example_branch_day_of_week_operator.py
[2024-09-24T04:30:42.525+0000] {logging_mixin.py:120} INFO - [2024-09-24T04:30:42.525+0000] {dag.py:2585} INFO - Sync 1 DAGs
[2024-09-24T04:30:42.555+0000] {logging_mixin.py:120} INFO - [2024-09-24T04:30:42.555+0000] {dag.py:3340} INFO - Setting next_dagrun for example_weekday_branch_operator to 2024-09-23T00:00:00+00:00, run_after=2024-09-24T00:00:00+00:00
[2024-09-24T04:30:42.576+0000] {processor.py:176} INFO - Processing /home/airflow/.local/lib/python3.7/site-packages/airflow/example_dags/example_branch_day_of_week_operator.py took 0.125 seconds
[2024-09-24T04:31:12.845+0000] {processor.py:154} INFO - Started process (PID=15400) to work on /home/airflow/.local/lib/python3.7/site-packages/airflow/example_dags/example_branch_day_of_week_operator.py
[2024-09-24T04:31:12.847+0000] {processor.py:756} INFO - Processing file /home/airflow/.local/lib/python3.7/site-packages/airflow/example_dags/example_branch_day_of_week_operator.py for tasks to queue
[2024-09-24T04:31:12.848+0000] {logging_mixin.py:120} INFO - [2024-09-24T04:31:12.848+0000] {dagbag.py:537} INFO - Filling up the DagBag from /home/airflow/.local/lib/python3.7/site-packages/airflow/example_dags/example_branch_day_of_week_operator.py
[2024-09-24T04:31:12.872+0000] {processor.py:766} INFO - DAG(s) dict_keys(['example_weekday_branch_operator']) retrieved from /home/airflow/.local/lib/python3.7/site-packages/airflow/example_dags/example_branch_day_of_week_operator.py
[2024-09-24T04:31:12.926+0000] {logging_mixin.py:120} INFO - [2024-09-24T04:31:12.926+0000] {dag.py:2585} INFO - Sync 1 DAGs
[2024-09-24T04:31:12.959+0000] {logging_mixin.py:120} INFO - [2024-09-24T04:31:12.959+0000] {dag.py:3340} INFO - Setting next_dagrun for example_weekday_branch_operator to 2024-09-23T00:00:00+00:00, run_after=2024-09-24T00:00:00+00:00
[2024-09-24T04:31:12.984+0000] {processor.py:176} INFO - Processing /home/airflow/.local/lib/python3.7/site-packages/airflow/example_dags/example_branch_day_of_week_operator.py took 0.144 seconds
[2024-09-24T04:31:43.438+0000] {processor.py:154} INFO - Started process (PID=15463) to work on /home/airflow/.local/lib/python3.7/site-packages/airflow/example_dags/example_branch_day_of_week_operator.py
[2024-09-24T04:31:43.440+0000] {processor.py:756} INFO - Processing file /home/airflow/.local/lib/python3.7/site-packages/airflow/example_dags/example_branch_day_of_week_operator.py for tasks to queue
[2024-09-24T04:31:43.442+0000] {logging_mixin.py:120} INFO - [2024-09-24T04:31:43.441+0000] {dagbag.py:537} INFO - Filling up the DagBag from /home/airflow/.local/lib/python3.7/site-packages/airflow/example_dags/example_branch_day_of_week_operator.py
[2024-09-24T04:31:43.467+0000] {processor.py:766} INFO - DAG(s) dict_keys(['example_weekday_branch_operator']) retrieved from /home/airflow/.local/lib/python3.7/site-packages/airflow/example_dags/example_branch_day_of_week_operator.py
[2024-09-24T04:31:43.529+0000] {logging_mixin.py:120} INFO - [2024-09-24T04:31:43.528+0000] {dag.py:2585} INFO - Sync 1 DAGs
[2024-09-24T04:31:43.568+0000] {logging_mixin.py:120} INFO - [2024-09-24T04:31:43.568+0000] {dag.py:3340} INFO - Setting next_dagrun for example_weekday_branch_operator to 2024-09-23T00:00:00+00:00, run_after=2024-09-24T00:00:00+00:00
[2024-09-24T04:31:43.601+0000] {processor.py:176} INFO - Processing /home/airflow/.local/lib/python3.7/site-packages/airflow/example_dags/example_branch_day_of_week_operator.py took 0.167 seconds
[2024-09-24T04:32:14.511+0000] {processor.py:154} INFO - Started process (PID=15524) to work on /home/airflow/.local/lib/python3.7/site-packages/airflow/example_dags/example_branch_day_of_week_operator.py
[2024-09-24T04:32:14.515+0000] {processor.py:756} INFO - Processing file /home/airflow/.local/lib/python3.7/site-packages/airflow/example_dags/example_branch_day_of_week_operator.py for tasks to queue
[2024-09-24T04:32:14.516+0000] {logging_mixin.py:120} INFO - [2024-09-24T04:32:14.516+0000] {dagbag.py:537} INFO - Filling up the DagBag from /home/airflow/.local/lib/python3.7/site-packages/airflow/example_dags/example_branch_day_of_week_operator.py
[2024-09-24T04:32:14.549+0000] {processor.py:766} INFO - DAG(s) dict_keys(['example_weekday_branch_operator']) retrieved from /home/airflow/.local/lib/python3.7/site-packages/airflow/example_dags/example_branch_day_of_week_operator.py
[2024-09-24T04:32:14.613+0000] {logging_mixin.py:120} INFO - [2024-09-24T04:32:14.612+0000] {dag.py:2585} INFO - Sync 1 DAGs
[2024-09-24T04:32:14.655+0000] {logging_mixin.py:120} INFO - [2024-09-24T04:32:14.655+0000] {dag.py:3340} INFO - Setting next_dagrun for example_weekday_branch_operator to 2024-09-23T00:00:00+00:00, run_after=2024-09-24T00:00:00+00:00
[2024-09-24T04:32:14.689+0000] {processor.py:176} INFO - Processing /home/airflow/.local/lib/python3.7/site-packages/airflow/example_dags/example_branch_day_of_week_operator.py took 0.183 seconds
[2024-09-24T04:32:45.466+0000] {processor.py:154} INFO - Started process (PID=15580) to work on /home/airflow/.local/lib/python3.7/site-packages/airflow/example_dags/example_branch_day_of_week_operator.py
[2024-09-24T04:32:45.467+0000] {processor.py:756} INFO - Processing file /home/airflow/.local/lib/python3.7/site-packages/airflow/example_dags/example_branch_day_of_week_operator.py for tasks to queue
[2024-09-24T04:32:45.468+0000] {logging_mixin.py:120} INFO - [2024-09-24T04:32:45.468+0000] {dagbag.py:537} INFO - Filling up the DagBag from /home/airflow/.local/lib/python3.7/site-packages/airflow/example_dags/example_branch_day_of_week_operator.py
[2024-09-24T04:32:45.494+0000] {processor.py:766} INFO - DAG(s) dict_keys(['example_weekday_branch_operator']) retrieved from /home/airflow/.local/lib/python3.7/site-packages/airflow/example_dags/example_branch_day_of_week_operator.py
[2024-09-24T04:32:45.555+0000] {logging_mixin.py:120} INFO - [2024-09-24T04:32:45.555+0000] {dag.py:2585} INFO - Sync 1 DAGs
[2024-09-24T04:32:45.593+0000] {logging_mixin.py:120} INFO - [2024-09-24T04:32:45.593+0000] {dag.py:3340} INFO - Setting next_dagrun for example_weekday_branch_operator to 2024-09-23T00:00:00+00:00, run_after=2024-09-24T00:00:00+00:00
[2024-09-24T04:32:45.620+0000] {processor.py:176} INFO - Processing /home/airflow/.local/lib/python3.7/site-packages/airflow/example_dags/example_branch_day_of_week_operator.py took 0.161 seconds
[2024-09-24T04:33:16.332+0000] {processor.py:154} INFO - Started process (PID=15643) to work on /home/airflow/.local/lib/python3.7/site-packages/airflow/example_dags/example_branch_day_of_week_operator.py
[2024-09-24T04:33:16.334+0000] {processor.py:756} INFO - Processing file /home/airflow/.local/lib/python3.7/site-packages/airflow/example_dags/example_branch_day_of_week_operator.py for tasks to queue
[2024-09-24T04:33:16.335+0000] {logging_mixin.py:120} INFO - [2024-09-24T04:33:16.335+0000] {dagbag.py:537} INFO - Filling up the DagBag from /home/airflow/.local/lib/python3.7/site-packages/airflow/example_dags/example_branch_day_of_week_operator.py
[2024-09-24T04:33:16.362+0000] {processor.py:766} INFO - DAG(s) dict_keys(['example_weekday_branch_operator']) retrieved from /home/airflow/.local/lib/python3.7/site-packages/airflow/example_dags/example_branch_day_of_week_operator.py
[2024-09-24T04:33:16.427+0000] {logging_mixin.py:120} INFO - [2024-09-24T04:33:16.426+0000] {dag.py:2585} INFO - Sync 1 DAGs
[2024-09-24T04:33:16.470+0000] {logging_mixin.py:120} INFO - [2024-09-24T04:33:16.469+0000] {dag.py:3340} INFO - Setting next_dagrun for example_weekday_branch_operator to 2024-09-23T00:00:00+00:00, run_after=2024-09-24T00:00:00+00:00
[2024-09-24T04:33:16.498+0000] {processor.py:176} INFO - Processing /home/airflow/.local/lib/python3.7/site-packages/airflow/example_dags/example_branch_day_of_week_operator.py took 0.172 seconds
[2024-09-24T04:33:46.591+0000] {processor.py:154} INFO - Started process (PID=15697) to work on /home/airflow/.local/lib/python3.7/site-packages/airflow/example_dags/example_branch_day_of_week_operator.py
[2024-09-24T04:33:46.593+0000] {processor.py:756} INFO - Processing file /home/airflow/.local/lib/python3.7/site-packages/airflow/example_dags/example_branch_day_of_week_operator.py for tasks to queue
[2024-09-24T04:33:46.594+0000] {logging_mixin.py:120} INFO - [2024-09-24T04:33:46.594+0000] {dagbag.py:537} INFO - Filling up the DagBag from /home/airflow/.local/lib/python3.7/site-packages/airflow/example_dags/example_branch_day_of_week_operator.py
[2024-09-24T04:33:46.618+0000] {processor.py:766} INFO - DAG(s) dict_keys(['example_weekday_branch_operator']) retrieved from /home/airflow/.local/lib/python3.7/site-packages/airflow/example_dags/example_branch_day_of_week_operator.py
[2024-09-24T04:33:46.679+0000] {logging_mixin.py:120} INFO - [2024-09-24T04:33:46.679+0000] {dag.py:2585} INFO - Sync 1 DAGs
[2024-09-24T04:33:46.717+0000] {logging_mixin.py:120} INFO - [2024-09-24T04:33:46.717+0000] {dag.py:3340} INFO - Setting next_dagrun for example_weekday_branch_operator to 2024-09-23T00:00:00+00:00, run_after=2024-09-24T00:00:00+00:00
[2024-09-24T04:33:46.743+0000] {processor.py:176} INFO - Processing /home/airflow/.local/lib/python3.7/site-packages/airflow/example_dags/example_branch_day_of_week_operator.py took 0.156 seconds
[2024-09-24T04:34:17.144+0000] {processor.py:154} INFO - Started process (PID=15760) to work on /home/airflow/.local/lib/python3.7/site-packages/airflow/example_dags/example_branch_day_of_week_operator.py
[2024-09-24T04:34:17.147+0000] {processor.py:756} INFO - Processing file /home/airflow/.local/lib/python3.7/site-packages/airflow/example_dags/example_branch_day_of_week_operator.py for tasks to queue
[2024-09-24T04:34:17.148+0000] {logging_mixin.py:120} INFO - [2024-09-24T04:34:17.148+0000] {dagbag.py:537} INFO - Filling up the DagBag from /home/airflow/.local/lib/python3.7/site-packages/airflow/example_dags/example_branch_day_of_week_operator.py
[2024-09-24T04:34:17.174+0000] {processor.py:766} INFO - DAG(s) dict_keys(['example_weekday_branch_operator']) retrieved from /home/airflow/.local/lib/python3.7/site-packages/airflow/example_dags/example_branch_day_of_week_operator.py
[2024-09-24T04:34:17.237+0000] {logging_mixin.py:120} INFO - [2024-09-24T04:34:17.237+0000] {dag.py:2585} INFO - Sync 1 DAGs
[2024-09-24T04:34:17.279+0000] {logging_mixin.py:120} INFO - [2024-09-24T04:34:17.279+0000] {dag.py:3340} INFO - Setting next_dagrun for example_weekday_branch_operator to 2024-09-23T00:00:00+00:00, run_after=2024-09-24T00:00:00+00:00
[2024-09-24T04:34:17.310+0000] {processor.py:176} INFO - Processing /home/airflow/.local/lib/python3.7/site-packages/airflow/example_dags/example_branch_day_of_week_operator.py took 0.171 seconds
[2024-09-24T04:34:47.434+0000] {processor.py:154} INFO - Started process (PID=15815) to work on /home/airflow/.local/lib/python3.7/site-packages/airflow/example_dags/example_branch_day_of_week_operator.py
[2024-09-24T04:34:47.436+0000] {processor.py:756} INFO - Processing file /home/airflow/.local/lib/python3.7/site-packages/airflow/example_dags/example_branch_day_of_week_operator.py for tasks to queue
[2024-09-24T04:34:47.437+0000] {logging_mixin.py:120} INFO - [2024-09-24T04:34:47.437+0000] {dagbag.py:537} INFO - Filling up the DagBag from /home/airflow/.local/lib/python3.7/site-packages/airflow/example_dags/example_branch_day_of_week_operator.py
[2024-09-24T04:34:47.469+0000] {processor.py:766} INFO - DAG(s) dict_keys(['example_weekday_branch_operator']) retrieved from /home/airflow/.local/lib/python3.7/site-packages/airflow/example_dags/example_branch_day_of_week_operator.py
[2024-09-24T04:34:47.542+0000] {logging_mixin.py:120} INFO - [2024-09-24T04:34:47.541+0000] {dag.py:2585} INFO - Sync 1 DAGs
[2024-09-24T04:34:47.585+0000] {logging_mixin.py:120} INFO - [2024-09-24T04:34:47.585+0000] {dag.py:3340} INFO - Setting next_dagrun for example_weekday_branch_operator to 2024-09-23T00:00:00+00:00, run_after=2024-09-24T00:00:00+00:00
[2024-09-24T04:34:47.618+0000] {processor.py:176} INFO - Processing /home/airflow/.local/lib/python3.7/site-packages/airflow/example_dags/example_branch_day_of_week_operator.py took 0.189 seconds
[2024-09-24T04:35:17.889+0000] {processor.py:154} INFO - Started process (PID=15878) to work on /home/airflow/.local/lib/python3.7/site-packages/airflow/example_dags/example_branch_day_of_week_operator.py
[2024-09-24T04:35:17.891+0000] {processor.py:756} INFO - Processing file /home/airflow/.local/lib/python3.7/site-packages/airflow/example_dags/example_branch_day_of_week_operator.py for tasks to queue
[2024-09-24T04:35:17.892+0000] {logging_mixin.py:120} INFO - [2024-09-24T04:35:17.892+0000] {dagbag.py:537} INFO - Filling up the DagBag from /home/airflow/.local/lib/python3.7/site-packages/airflow/example_dags/example_branch_day_of_week_operator.py
[2024-09-24T04:35:17.917+0000] {processor.py:766} INFO - DAG(s) dict_keys(['example_weekday_branch_operator']) retrieved from /home/airflow/.local/lib/python3.7/site-packages/airflow/example_dags/example_branch_day_of_week_operator.py
[2024-09-24T04:35:17.983+0000] {logging_mixin.py:120} INFO - [2024-09-24T04:35:17.982+0000] {dag.py:2585} INFO - Sync 1 DAGs
[2024-09-24T04:35:18.022+0000] {logging_mixin.py:120} INFO - [2024-09-24T04:35:18.022+0000] {dag.py:3340} INFO - Setting next_dagrun for example_weekday_branch_operator to 2024-09-23T00:00:00+00:00, run_after=2024-09-24T00:00:00+00:00
[2024-09-24T04:35:18.050+0000] {processor.py:176} INFO - Processing /home/airflow/.local/lib/python3.7/site-packages/airflow/example_dags/example_branch_day_of_week_operator.py took 0.167 seconds
[2024-09-24T04:35:48.241+0000] {processor.py:154} INFO - Started process (PID=15932) to work on /home/airflow/.local/lib/python3.7/site-packages/airflow/example_dags/example_branch_day_of_week_operator.py
[2024-09-24T04:35:48.243+0000] {processor.py:756} INFO - Processing file /home/airflow/.local/lib/python3.7/site-packages/airflow/example_dags/example_branch_day_of_week_operator.py for tasks to queue
[2024-09-24T04:35:48.244+0000] {logging_mixin.py:120} INFO - [2024-09-24T04:35:48.244+0000] {dagbag.py:537} INFO - Filling up the DagBag from /home/airflow/.local/lib/python3.7/site-packages/airflow/example_dags/example_branch_day_of_week_operator.py
[2024-09-24T04:35:48.284+0000] {processor.py:766} INFO - DAG(s) dict_keys(['example_weekday_branch_operator']) retrieved from /home/airflow/.local/lib/python3.7/site-packages/airflow/example_dags/example_branch_day_of_week_operator.py
[2024-09-24T04:35:48.361+0000] {logging_mixin.py:120} INFO - [2024-09-24T04:35:48.361+0000] {dag.py:2585} INFO - Sync 1 DAGs
[2024-09-24T04:35:48.414+0000] {logging_mixin.py:120} INFO - [2024-09-24T04:35:48.413+0000] {dag.py:3340} INFO - Setting next_dagrun for example_weekday_branch_operator to 2024-09-23T00:00:00+00:00, run_after=2024-09-24T00:00:00+00:00
[2024-09-24T04:35:48.451+0000] {processor.py:176} INFO - Processing /home/airflow/.local/lib/python3.7/site-packages/airflow/example_dags/example_branch_day_of_week_operator.py took 0.218 seconds
[2024-09-24T04:36:18.570+0000] {processor.py:154} INFO - Started process (PID=15995) to work on /home/airflow/.local/lib/python3.7/site-packages/airflow/example_dags/example_branch_day_of_week_operator.py
[2024-09-24T04:36:18.572+0000] {processor.py:756} INFO - Processing file /home/airflow/.local/lib/python3.7/site-packages/airflow/example_dags/example_branch_day_of_week_operator.py for tasks to queue
[2024-09-24T04:36:18.573+0000] {logging_mixin.py:120} INFO - [2024-09-24T04:36:18.573+0000] {dagbag.py:537} INFO - Filling up the DagBag from /home/airflow/.local/lib/python3.7/site-packages/airflow/example_dags/example_branch_day_of_week_operator.py
[2024-09-24T04:36:18.599+0000] {processor.py:766} INFO - DAG(s) dict_keys(['example_weekday_branch_operator']) retrieved from /home/airflow/.local/lib/python3.7/site-packages/airflow/example_dags/example_branch_day_of_week_operator.py
[2024-09-24T04:36:18.661+0000] {logging_mixin.py:120} INFO - [2024-09-24T04:36:18.661+0000] {dag.py:2585} INFO - Sync 1 DAGs
[2024-09-24T04:36:18.705+0000] {logging_mixin.py:120} INFO - [2024-09-24T04:36:18.705+0000] {dag.py:3340} INFO - Setting next_dagrun for example_weekday_branch_operator to 2024-09-23T00:00:00+00:00, run_after=2024-09-24T00:00:00+00:00
[2024-09-24T04:36:18.733+0000] {processor.py:176} INFO - Processing /home/airflow/.local/lib/python3.7/site-packages/airflow/example_dags/example_branch_day_of_week_operator.py took 0.168 seconds
[2024-09-24T04:36:49.710+0000] {processor.py:154} INFO - Started process (PID=16058) to work on /home/airflow/.local/lib/python3.7/site-packages/airflow/example_dags/example_branch_day_of_week_operator.py
[2024-09-24T04:36:49.712+0000] {processor.py:756} INFO - Processing file /home/airflow/.local/lib/python3.7/site-packages/airflow/example_dags/example_branch_day_of_week_operator.py for tasks to queue
[2024-09-24T04:36:49.713+0000] {logging_mixin.py:120} INFO - [2024-09-24T04:36:49.713+0000] {dagbag.py:537} INFO - Filling up the DagBag from /home/airflow/.local/lib/python3.7/site-packages/airflow/example_dags/example_branch_day_of_week_operator.py
[2024-09-24T04:36:49.755+0000] {processor.py:766} INFO - DAG(s) dict_keys(['example_weekday_branch_operator']) retrieved from /home/airflow/.local/lib/python3.7/site-packages/airflow/example_dags/example_branch_day_of_week_operator.py
[2024-09-24T04:36:49.844+0000] {logging_mixin.py:120} INFO - [2024-09-24T04:36:49.844+0000] {dag.py:2585} INFO - Sync 1 DAGs
[2024-09-24T04:36:49.895+0000] {logging_mixin.py:120} INFO - [2024-09-24T04:36:49.895+0000] {dag.py:3340} INFO - Setting next_dagrun for example_weekday_branch_operator to 2024-09-23T00:00:00+00:00, run_after=2024-09-24T00:00:00+00:00
[2024-09-24T04:36:49.933+0000] {processor.py:176} INFO - Processing /home/airflow/.local/lib/python3.7/site-packages/airflow/example_dags/example_branch_day_of_week_operator.py took 0.229 seconds
[2024-09-24T04:37:19.990+0000] {processor.py:154} INFO - Started process (PID=16112) to work on /home/airflow/.local/lib/python3.7/site-packages/airflow/example_dags/example_branch_day_of_week_operator.py
[2024-09-24T04:37:19.992+0000] {processor.py:756} INFO - Processing file /home/airflow/.local/lib/python3.7/site-packages/airflow/example_dags/example_branch_day_of_week_operator.py for tasks to queue
[2024-09-24T04:37:19.993+0000] {logging_mixin.py:120} INFO - [2024-09-24T04:37:19.993+0000] {dagbag.py:537} INFO - Filling up the DagBag from /home/airflow/.local/lib/python3.7/site-packages/airflow/example_dags/example_branch_day_of_week_operator.py
[2024-09-24T04:37:20.030+0000] {processor.py:766} INFO - DAG(s) dict_keys(['example_weekday_branch_operator']) retrieved from /home/airflow/.local/lib/python3.7/site-packages/airflow/example_dags/example_branch_day_of_week_operator.py
[2024-09-24T04:37:20.115+0000] {logging_mixin.py:120} INFO - [2024-09-24T04:37:20.115+0000] {dag.py:2585} INFO - Sync 1 DAGs
[2024-09-24T04:37:20.143+0000] {logging_mixin.py:120} INFO - [2024-09-24T04:37:20.143+0000] {dag.py:3340} INFO - Setting next_dagrun for example_weekday_branch_operator to 2024-09-23T00:00:00+00:00, run_after=2024-09-24T00:00:00+00:00
[2024-09-24T04:37:20.160+0000] {processor.py:176} INFO - Processing /home/airflow/.local/lib/python3.7/site-packages/airflow/example_dags/example_branch_day_of_week_operator.py took 0.175 seconds
[2024-09-24T04:37:58.729+0000] {processor.py:154} INFO - Started process (PID=16166) to work on /home/airflow/.local/lib/python3.7/site-packages/airflow/example_dags/example_branch_day_of_week_operator.py
[2024-09-24T04:37:58.731+0000] {processor.py:756} INFO - Processing file /home/airflow/.local/lib/python3.7/site-packages/airflow/example_dags/example_branch_day_of_week_operator.py for tasks to queue
[2024-09-24T04:37:58.732+0000] {logging_mixin.py:120} INFO - [2024-09-24T04:37:58.732+0000] {dagbag.py:537} INFO - Filling up the DagBag from /home/airflow/.local/lib/python3.7/site-packages/airflow/example_dags/example_branch_day_of_week_operator.py
[2024-09-24T04:37:58.756+0000] {processor.py:766} INFO - DAG(s) dict_keys(['example_weekday_branch_operator']) retrieved from /home/airflow/.local/lib/python3.7/site-packages/airflow/example_dags/example_branch_day_of_week_operator.py
[2024-09-24T04:37:58.814+0000] {logging_mixin.py:120} INFO - [2024-09-24T04:37:58.814+0000] {dag.py:2585} INFO - Sync 1 DAGs
[2024-09-24T04:37:58.857+0000] {logging_mixin.py:120} INFO - [2024-09-24T04:37:58.857+0000] {dag.py:3340} INFO - Setting next_dagrun for example_weekday_branch_operator to 2024-09-23T00:00:00+00:00, run_after=2024-09-24T00:00:00+00:00
[2024-09-24T04:37:58.885+0000] {processor.py:176} INFO - Processing /home/airflow/.local/lib/python3.7/site-packages/airflow/example_dags/example_branch_day_of_week_operator.py took 0.160 seconds
[2024-09-24T06:15:51.101+0000] {processor.py:154} INFO - Started process (PID=16196) to work on /home/airflow/.local/lib/python3.7/site-packages/airflow/example_dags/example_branch_day_of_week_operator.py
[2024-09-24T06:15:51.104+0000] {processor.py:756} INFO - Processing file /home/airflow/.local/lib/python3.7/site-packages/airflow/example_dags/example_branch_day_of_week_operator.py for tasks to queue
[2024-09-24T06:15:51.106+0000] {logging_mixin.py:120} INFO - [2024-09-24T06:15:51.105+0000] {dagbag.py:537} INFO - Filling up the DagBag from /home/airflow/.local/lib/python3.7/site-packages/airflow/example_dags/example_branch_day_of_week_operator.py
[2024-09-24T06:15:51.140+0000] {processor.py:766} INFO - DAG(s) dict_keys(['example_weekday_branch_operator']) retrieved from /home/airflow/.local/lib/python3.7/site-packages/airflow/example_dags/example_branch_day_of_week_operator.py
[2024-09-24T06:15:51.214+0000] {logging_mixin.py:120} INFO - [2024-09-24T06:15:51.213+0000] {dag.py:2585} INFO - Sync 1 DAGs
[2024-09-24T06:15:51.263+0000] {logging_mixin.py:120} INFO - [2024-09-24T06:15:51.263+0000] {dag.py:3340} INFO - Setting next_dagrun for example_weekday_branch_operator to 2024-09-23T00:00:00+00:00, run_after=2024-09-24T00:00:00+00:00
[2024-09-24T06:15:51.309+0000] {processor.py:176} INFO - Processing /home/airflow/.local/lib/python3.7/site-packages/airflow/example_dags/example_branch_day_of_week_operator.py took 0.215 seconds
[2024-09-24T06:30:59.558+0000] {processor.py:154} INFO - Started process (PID=16252) to work on /home/airflow/.local/lib/python3.7/site-packages/airflow/example_dags/example_branch_day_of_week_operator.py
[2024-09-24T06:30:59.560+0000] {processor.py:756} INFO - Processing file /home/airflow/.local/lib/python3.7/site-packages/airflow/example_dags/example_branch_day_of_week_operator.py for tasks to queue
[2024-09-24T06:30:59.562+0000] {logging_mixin.py:120} INFO - [2024-09-24T06:30:59.562+0000] {dagbag.py:537} INFO - Filling up the DagBag from /home/airflow/.local/lib/python3.7/site-packages/airflow/example_dags/example_branch_day_of_week_operator.py
[2024-09-24T06:30:59.587+0000] {processor.py:766} INFO - DAG(s) dict_keys(['example_weekday_branch_operator']) retrieved from /home/airflow/.local/lib/python3.7/site-packages/airflow/example_dags/example_branch_day_of_week_operator.py
[2024-09-24T06:30:59.659+0000] {logging_mixin.py:120} INFO - [2024-09-24T06:30:59.659+0000] {dag.py:2585} INFO - Sync 1 DAGs
[2024-09-24T06:30:59.699+0000] {logging_mixin.py:120} INFO - [2024-09-24T06:30:59.699+0000] {dag.py:3340} INFO - Setting next_dagrun for example_weekday_branch_operator to 2024-09-23T00:00:00+00:00, run_after=2024-09-24T00:00:00+00:00
[2024-09-24T06:30:59.731+0000] {processor.py:176} INFO - Processing /home/airflow/.local/lib/python3.7/site-packages/airflow/example_dags/example_branch_day_of_week_operator.py took 0.179 seconds
[2024-09-24T08:40:08.544+0000] {processor.py:154} INFO - Started process (PID=16306) to work on /home/airflow/.local/lib/python3.7/site-packages/airflow/example_dags/example_branch_day_of_week_operator.py
[2024-09-24T08:40:08.549+0000] {processor.py:756} INFO - Processing file /home/airflow/.local/lib/python3.7/site-packages/airflow/example_dags/example_branch_day_of_week_operator.py for tasks to queue
[2024-09-24T08:40:08.550+0000] {logging_mixin.py:120} INFO - [2024-09-24T08:40:08.550+0000] {dagbag.py:537} INFO - Filling up the DagBag from /home/airflow/.local/lib/python3.7/site-packages/airflow/example_dags/example_branch_day_of_week_operator.py
[2024-09-24T08:40:08.573+0000] {processor.py:766} INFO - DAG(s) dict_keys(['example_weekday_branch_operator']) retrieved from /home/airflow/.local/lib/python3.7/site-packages/airflow/example_dags/example_branch_day_of_week_operator.py
[2024-09-24T08:40:08.640+0000] {logging_mixin.py:120} INFO - [2024-09-24T08:40:08.640+0000] {dag.py:2585} INFO - Sync 1 DAGs
[2024-09-24T08:40:08.680+0000] {logging_mixin.py:120} INFO - [2024-09-24T08:40:08.679+0000] {dag.py:3340} INFO - Setting next_dagrun for example_weekday_branch_operator to 2024-09-23T00:00:00+00:00, run_after=2024-09-24T00:00:00+00:00
[2024-09-24T08:40:08.714+0000] {processor.py:176} INFO - Processing /home/airflow/.local/lib/python3.7/site-packages/airflow/example_dags/example_branch_day_of_week_operator.py took 0.176 seconds
[2024-09-24T11:11:15.425+0000] {processor.py:154} INFO - Started process (PID=16369) to work on /home/airflow/.local/lib/python3.7/site-packages/airflow/example_dags/example_branch_day_of_week_operator.py
[2024-09-24T11:11:15.428+0000] {processor.py:756} INFO - Processing file /home/airflow/.local/lib/python3.7/site-packages/airflow/example_dags/example_branch_day_of_week_operator.py for tasks to queue
[2024-09-24T11:11:15.430+0000] {logging_mixin.py:120} INFO - [2024-09-24T11:11:15.429+0000] {dagbag.py:537} INFO - Filling up the DagBag from /home/airflow/.local/lib/python3.7/site-packages/airflow/example_dags/example_branch_day_of_week_operator.py
[2024-09-24T11:11:16.960+0000] {processor.py:766} INFO - DAG(s) dict_keys(['example_weekday_branch_operator']) retrieved from /home/airflow/.local/lib/python3.7/site-packages/airflow/example_dags/example_branch_day_of_week_operator.py
[2024-09-24T11:11:17.222+0000] {logging_mixin.py:120} INFO - [2024-09-24T11:11:17.222+0000] {dag.py:2585} INFO - Sync 1 DAGs
[2024-09-24T11:11:17.339+0000] {logging_mixin.py:120} INFO - [2024-09-24T11:11:17.338+0000] {dag.py:3340} INFO - Setting next_dagrun for example_weekday_branch_operator to 2024-09-23T00:00:00+00:00, run_after=2024-09-24T00:00:00+00:00
[2024-09-24T11:11:17.395+0000] {processor.py:176} INFO - Processing /home/airflow/.local/lib/python3.7/site-packages/airflow/example_dags/example_branch_day_of_week_operator.py took 1.976 seconds
[2024-09-24T12:44:46.975+0000] {processor.py:154} INFO - Started process (PID=16432) to work on /home/airflow/.local/lib/python3.7/site-packages/airflow/example_dags/example_branch_day_of_week_operator.py
[2024-09-24T12:44:46.976+0000] {processor.py:756} INFO - Processing file /home/airflow/.local/lib/python3.7/site-packages/airflow/example_dags/example_branch_day_of_week_operator.py for tasks to queue
[2024-09-24T12:44:46.977+0000] {logging_mixin.py:120} INFO - [2024-09-24T12:44:46.977+0000] {dagbag.py:537} INFO - Filling up the DagBag from /home/airflow/.local/lib/python3.7/site-packages/airflow/example_dags/example_branch_day_of_week_operator.py
[2024-09-24T12:44:47.003+0000] {processor.py:766} INFO - DAG(s) dict_keys(['example_weekday_branch_operator']) retrieved from /home/airflow/.local/lib/python3.7/site-packages/airflow/example_dags/example_branch_day_of_week_operator.py
[2024-09-24T12:44:47.061+0000] {logging_mixin.py:120} INFO - [2024-09-24T12:44:47.060+0000] {dag.py:2585} INFO - Sync 1 DAGs
[2024-09-24T12:44:47.102+0000] {logging_mixin.py:120} INFO - [2024-09-24T12:44:47.101+0000] {dag.py:3340} INFO - Setting next_dagrun for example_weekday_branch_operator to 2024-09-23T00:00:00+00:00, run_after=2024-09-24T00:00:00+00:00
[2024-09-24T12:44:47.130+0000] {processor.py:176} INFO - Processing /home/airflow/.local/lib/python3.7/site-packages/airflow/example_dags/example_branch_day_of_week_operator.py took 0.160 seconds
[2024-09-24T14:24:37.689+0000] {processor.py:154} INFO - Started process (PID=16486) to work on /home/airflow/.local/lib/python3.7/site-packages/airflow/example_dags/example_branch_day_of_week_operator.py
[2024-09-24T14:24:37.693+0000] {processor.py:756} INFO - Processing file /home/airflow/.local/lib/python3.7/site-packages/airflow/example_dags/example_branch_day_of_week_operator.py for tasks to queue
[2024-09-24T14:24:37.697+0000] {logging_mixin.py:120} INFO - [2024-09-24T14:24:37.697+0000] {dagbag.py:537} INFO - Filling up the DagBag from /home/airflow/.local/lib/python3.7/site-packages/airflow/example_dags/example_branch_day_of_week_operator.py
[2024-09-24T14:24:37.724+0000] {processor.py:766} INFO - DAG(s) dict_keys(['example_weekday_branch_operator']) retrieved from /home/airflow/.local/lib/python3.7/site-packages/airflow/example_dags/example_branch_day_of_week_operator.py
[2024-09-24T14:24:37.780+0000] {logging_mixin.py:120} INFO - [2024-09-24T14:24:37.780+0000] {dag.py:2585} INFO - Sync 1 DAGs
[2024-09-24T14:24:37.814+0000] {logging_mixin.py:120} INFO - [2024-09-24T14:24:37.813+0000] {dag.py:3340} INFO - Setting next_dagrun for example_weekday_branch_operator to 2024-09-23T00:00:00+00:00, run_after=2024-09-24T00:00:00+00:00
[2024-09-24T14:24:37.839+0000] {processor.py:176} INFO - Processing /home/airflow/.local/lib/python3.7/site-packages/airflow/example_dags/example_branch_day_of_week_operator.py took 0.156 seconds
[2024-09-24T14:26:38.016+0000] {processor.py:154} INFO - Started process (PID=16549) to work on /home/airflow/.local/lib/python3.7/site-packages/airflow/example_dags/example_branch_day_of_week_operator.py
[2024-09-24T14:26:38.018+0000] {processor.py:756} INFO - Processing file /home/airflow/.local/lib/python3.7/site-packages/airflow/example_dags/example_branch_day_of_week_operator.py for tasks to queue
[2024-09-24T14:26:38.020+0000] {logging_mixin.py:120} INFO - [2024-09-24T14:26:38.020+0000] {dagbag.py:537} INFO - Filling up the DagBag from /home/airflow/.local/lib/python3.7/site-packages/airflow/example_dags/example_branch_day_of_week_operator.py
[2024-09-24T14:26:38.042+0000] {processor.py:766} INFO - DAG(s) dict_keys(['example_weekday_branch_operator']) retrieved from /home/airflow/.local/lib/python3.7/site-packages/airflow/example_dags/example_branch_day_of_week_operator.py
[2024-09-24T14:26:38.094+0000] {logging_mixin.py:120} INFO - [2024-09-24T14:26:38.094+0000] {dag.py:2585} INFO - Sync 1 DAGs
[2024-09-24T14:26:38.131+0000] {logging_mixin.py:120} INFO - [2024-09-24T14:26:38.131+0000] {dag.py:3340} INFO - Setting next_dagrun for example_weekday_branch_operator to 2024-09-23T00:00:00+00:00, run_after=2024-09-24T00:00:00+00:00
[2024-09-24T14:26:38.192+0000] {processor.py:176} INFO - Processing /home/airflow/.local/lib/python3.7/site-packages/airflow/example_dags/example_branch_day_of_week_operator.py took 0.181 seconds
[2024-09-24T15:01:00.821+0000] {processor.py:154} INFO - Started process (PID=16603) to work on /home/airflow/.local/lib/python3.7/site-packages/airflow/example_dags/example_branch_day_of_week_operator.py
[2024-09-24T15:01:00.823+0000] {processor.py:756} INFO - Processing file /home/airflow/.local/lib/python3.7/site-packages/airflow/example_dags/example_branch_day_of_week_operator.py for tasks to queue
[2024-09-24T15:01:00.824+0000] {logging_mixin.py:120} INFO - [2024-09-24T15:01:00.824+0000] {dagbag.py:537} INFO - Filling up the DagBag from /home/airflow/.local/lib/python3.7/site-packages/airflow/example_dags/example_branch_day_of_week_operator.py
[2024-09-24T15:01:00.849+0000] {processor.py:766} INFO - DAG(s) dict_keys(['example_weekday_branch_operator']) retrieved from /home/airflow/.local/lib/python3.7/site-packages/airflow/example_dags/example_branch_day_of_week_operator.py
[2024-09-24T15:01:00.918+0000] {logging_mixin.py:120} INFO - [2024-09-24T15:01:00.918+0000] {dag.py:2585} INFO - Sync 1 DAGs
[2024-09-24T15:01:00.956+0000] {logging_mixin.py:120} INFO - [2024-09-24T15:01:00.956+0000] {dag.py:3340} INFO - Setting next_dagrun for example_weekday_branch_operator to 2024-09-23T00:00:00+00:00, run_after=2024-09-24T00:00:00+00:00
[2024-09-24T15:01:00.985+0000] {processor.py:176} INFO - Processing /home/airflow/.local/lib/python3.7/site-packages/airflow/example_dags/example_branch_day_of_week_operator.py took 0.170 seconds
[2024-09-24T16:32:25.709+0000] {processor.py:154} INFO - Started process (PID=16666) to work on /home/airflow/.local/lib/python3.7/site-packages/airflow/example_dags/example_branch_day_of_week_operator.py
[2024-09-24T16:32:25.711+0000] {processor.py:756} INFO - Processing file /home/airflow/.local/lib/python3.7/site-packages/airflow/example_dags/example_branch_day_of_week_operator.py for tasks to queue
[2024-09-24T16:32:25.712+0000] {logging_mixin.py:120} INFO - [2024-09-24T16:32:25.711+0000] {dagbag.py:537} INFO - Filling up the DagBag from /home/airflow/.local/lib/python3.7/site-packages/airflow/example_dags/example_branch_day_of_week_operator.py
[2024-09-24T16:32:25.732+0000] {processor.py:766} INFO - DAG(s) dict_keys(['example_weekday_branch_operator']) retrieved from /home/airflow/.local/lib/python3.7/site-packages/airflow/example_dags/example_branch_day_of_week_operator.py
[2024-09-24T16:32:25.786+0000] {logging_mixin.py:120} INFO - [2024-09-24T16:32:25.785+0000] {dag.py:2585} INFO - Sync 1 DAGs
[2024-09-24T16:32:25.829+0000] {logging_mixin.py:120} INFO - [2024-09-24T16:32:25.829+0000] {dag.py:3340} INFO - Setting next_dagrun for example_weekday_branch_operator to 2024-09-23T00:00:00+00:00, run_after=2024-09-24T00:00:00+00:00
[2024-09-24T16:32:25.863+0000] {processor.py:176} INFO - Processing /home/airflow/.local/lib/python3.7/site-packages/airflow/example_dags/example_branch_day_of_week_operator.py took 0.160 seconds
[2024-09-24T16:38:42.915+0000] {processor.py:154} INFO - Started process (PID=16720) to work on /home/airflow/.local/lib/python3.7/site-packages/airflow/example_dags/example_branch_day_of_week_operator.py
[2024-09-24T16:38:42.923+0000] {processor.py:756} INFO - Processing file /home/airflow/.local/lib/python3.7/site-packages/airflow/example_dags/example_branch_day_of_week_operator.py for tasks to queue
[2024-09-24T16:38:42.928+0000] {logging_mixin.py:120} INFO - [2024-09-24T16:38:42.927+0000] {dagbag.py:537} INFO - Filling up the DagBag from /home/airflow/.local/lib/python3.7/site-packages/airflow/example_dags/example_branch_day_of_week_operator.py
[2024-09-24T16:38:43.055+0000] {processor.py:766} INFO - DAG(s) dict_keys(['example_weekday_branch_operator']) retrieved from /home/airflow/.local/lib/python3.7/site-packages/airflow/example_dags/example_branch_day_of_week_operator.py
[2024-09-24T16:38:43.348+0000] {logging_mixin.py:120} INFO - [2024-09-24T16:38:43.347+0000] {dag.py:2585} INFO - Sync 1 DAGs
[2024-09-24T16:38:43.574+0000] {logging_mixin.py:120} INFO - [2024-09-24T16:38:43.573+0000] {dag.py:3340} INFO - Setting next_dagrun for example_weekday_branch_operator to 2024-09-23T00:00:00+00:00, run_after=2024-09-24T00:00:00+00:00
[2024-09-24T16:38:43.705+0000] {processor.py:176} INFO - Processing /home/airflow/.local/lib/python3.7/site-packages/airflow/example_dags/example_branch_day_of_week_operator.py took 0.820 seconds
[2024-09-24T17:03:30.646+0000] {processor.py:154} INFO - Started process (PID=16774) to work on /home/airflow/.local/lib/python3.7/site-packages/airflow/example_dags/example_branch_day_of_week_operator.py
[2024-09-24T17:03:30.656+0000] {processor.py:756} INFO - Processing file /home/airflow/.local/lib/python3.7/site-packages/airflow/example_dags/example_branch_day_of_week_operator.py for tasks to queue
[2024-09-24T17:03:30.663+0000] {logging_mixin.py:120} INFO - [2024-09-24T17:03:30.662+0000] {dagbag.py:537} INFO - Filling up the DagBag from /home/airflow/.local/lib/python3.7/site-packages/airflow/example_dags/example_branch_day_of_week_operator.py
[2024-09-24T17:03:30.819+0000] {processor.py:766} INFO - DAG(s) dict_keys(['example_weekday_branch_operator']) retrieved from /home/airflow/.local/lib/python3.7/site-packages/airflow/example_dags/example_branch_day_of_week_operator.py
[2024-09-24T17:03:31.172+0000] {logging_mixin.py:120} INFO - [2024-09-24T17:03:31.170+0000] {dag.py:2585} INFO - Sync 1 DAGs
[2024-09-24T17:03:31.439+0000] {logging_mixin.py:120} INFO - [2024-09-24T17:03:31.438+0000] {dag.py:3340} INFO - Setting next_dagrun for example_weekday_branch_operator to 2024-09-23T00:00:00+00:00, run_after=2024-09-24T00:00:00+00:00
[2024-09-24T17:03:31.579+0000] {processor.py:176} INFO - Processing /home/airflow/.local/lib/python3.7/site-packages/airflow/example_dags/example_branch_day_of_week_operator.py took 0.968 seconds
[2024-09-24T17:24:21.170+0000] {processor.py:154} INFO - Started process (PID=16828) to work on /home/airflow/.local/lib/python3.7/site-packages/airflow/example_dags/example_branch_day_of_week_operator.py
[2024-09-24T17:24:21.182+0000] {processor.py:756} INFO - Processing file /home/airflow/.local/lib/python3.7/site-packages/airflow/example_dags/example_branch_day_of_week_operator.py for tasks to queue
[2024-09-24T17:24:21.190+0000] {logging_mixin.py:120} INFO - [2024-09-24T17:24:21.189+0000] {dagbag.py:537} INFO - Filling up the DagBag from /home/airflow/.local/lib/python3.7/site-packages/airflow/example_dags/example_branch_day_of_week_operator.py
[2024-09-24T17:24:21.381+0000] {processor.py:766} INFO - DAG(s) dict_keys(['example_weekday_branch_operator']) retrieved from /home/airflow/.local/lib/python3.7/site-packages/airflow/example_dags/example_branch_day_of_week_operator.py
[2024-09-24T17:24:21.785+0000] {logging_mixin.py:120} INFO - [2024-09-24T17:24:21.784+0000] {dag.py:2585} INFO - Sync 1 DAGs
[2024-09-24T17:24:22.064+0000] {logging_mixin.py:120} INFO - [2024-09-24T17:24:22.063+0000] {dag.py:3340} INFO - Setting next_dagrun for example_weekday_branch_operator to 2024-09-23T00:00:00+00:00, run_after=2024-09-24T00:00:00+00:00
[2024-09-24T17:24:22.230+0000] {processor.py:176} INFO - Processing /home/airflow/.local/lib/python3.7/site-packages/airflow/example_dags/example_branch_day_of_week_operator.py took 1.089 seconds
[2024-09-24T18:04:26.299+0000] {processor.py:154} INFO - Started process (PID=16882) to work on /home/airflow/.local/lib/python3.7/site-packages/airflow/example_dags/example_branch_day_of_week_operator.py
[2024-09-24T18:04:26.306+0000] {processor.py:756} INFO - Processing file /home/airflow/.local/lib/python3.7/site-packages/airflow/example_dags/example_branch_day_of_week_operator.py for tasks to queue
[2024-09-24T18:04:26.316+0000] {logging_mixin.py:120} INFO - [2024-09-24T18:04:26.314+0000] {dagbag.py:537} INFO - Filling up the DagBag from /home/airflow/.local/lib/python3.7/site-packages/airflow/example_dags/example_branch_day_of_week_operator.py
[2024-09-24T18:04:26.499+0000] {processor.py:766} INFO - DAG(s) dict_keys(['example_weekday_branch_operator']) retrieved from /home/airflow/.local/lib/python3.7/site-packages/airflow/example_dags/example_branch_day_of_week_operator.py
[2024-09-24T18:04:26.933+0000] {logging_mixin.py:120} INFO - [2024-09-24T18:04:26.932+0000] {dag.py:2585} INFO - Sync 1 DAGs
[2024-09-24T18:04:27.236+0000] {logging_mixin.py:120} INFO - [2024-09-24T18:04:27.235+0000] {dag.py:3340} INFO - Setting next_dagrun for example_weekday_branch_operator to 2024-09-23T00:00:00+00:00, run_after=2024-09-24T00:00:00+00:00
[2024-09-24T18:04:27.449+0000] {processor.py:176} INFO - Processing /home/airflow/.local/lib/python3.7/site-packages/airflow/example_dags/example_branch_day_of_week_operator.py took 1.177 seconds
[2024-09-24T19:05:26.433+0000] {processor.py:154} INFO - Started process (PID=16936) to work on /home/airflow/.local/lib/python3.7/site-packages/airflow/example_dags/example_branch_day_of_week_operator.py
[2024-09-24T19:05:26.442+0000] {processor.py:756} INFO - Processing file /home/airflow/.local/lib/python3.7/site-packages/airflow/example_dags/example_branch_day_of_week_operator.py for tasks to queue
[2024-09-24T19:05:26.450+0000] {logging_mixin.py:120} INFO - [2024-09-24T19:05:26.449+0000] {dagbag.py:537} INFO - Filling up the DagBag from /home/airflow/.local/lib/python3.7/site-packages/airflow/example_dags/example_branch_day_of_week_operator.py
[2024-09-24T19:05:26.637+0000] {processor.py:766} INFO - DAG(s) dict_keys(['example_weekday_branch_operator']) retrieved from /home/airflow/.local/lib/python3.7/site-packages/airflow/example_dags/example_branch_day_of_week_operator.py
[2024-09-24T19:05:27.039+0000] {logging_mixin.py:120} INFO - [2024-09-24T19:05:27.038+0000] {dag.py:2585} INFO - Sync 1 DAGs
[2024-09-24T19:05:27.362+0000] {logging_mixin.py:120} INFO - [2024-09-24T19:05:27.360+0000] {dag.py:3340} INFO - Setting next_dagrun for example_weekday_branch_operator to 2024-09-23T00:00:00+00:00, run_after=2024-09-24T00:00:00+00:00
[2024-09-24T19:05:27.537+0000] {processor.py:176} INFO - Processing /home/airflow/.local/lib/python3.7/site-packages/airflow/example_dags/example_branch_day_of_week_operator.py took 1.136 seconds
[2024-09-24T20:06:31.382+0000] {processor.py:154} INFO - Started process (PID=16981) to work on /home/airflow/.local/lib/python3.7/site-packages/airflow/example_dags/example_branch_day_of_week_operator.py
[2024-09-24T20:06:31.391+0000] {processor.py:756} INFO - Processing file /home/airflow/.local/lib/python3.7/site-packages/airflow/example_dags/example_branch_day_of_week_operator.py for tasks to queue
[2024-09-24T20:06:31.399+0000] {logging_mixin.py:120} INFO - [2024-09-24T20:06:31.397+0000] {dagbag.py:537} INFO - Filling up the DagBag from /home/airflow/.local/lib/python3.7/site-packages/airflow/example_dags/example_branch_day_of_week_operator.py
[2024-09-24T20:06:31.568+0000] {processor.py:766} INFO - DAG(s) dict_keys(['example_weekday_branch_operator']) retrieved from /home/airflow/.local/lib/python3.7/site-packages/airflow/example_dags/example_branch_day_of_week_operator.py
[2024-09-24T20:06:31.939+0000] {logging_mixin.py:120} INFO - [2024-09-24T20:06:31.938+0000] {dag.py:2585} INFO - Sync 1 DAGs
[2024-09-24T20:06:32.230+0000] {logging_mixin.py:120} INFO - [2024-09-24T20:06:32.229+0000] {dag.py:3340} INFO - Setting next_dagrun for example_weekday_branch_operator to 2024-09-23T00:00:00+00:00, run_after=2024-09-24T00:00:00+00:00
[2024-09-24T20:06:32.384+0000] {processor.py:176} INFO - Processing /home/airflow/.local/lib/python3.7/site-packages/airflow/example_dags/example_branch_day_of_week_operator.py took 1.033 seconds
[2024-09-24T22:08:20.909+0000] {processor.py:154} INFO - Started process (PID=17035) to work on /home/airflow/.local/lib/python3.7/site-packages/airflow/example_dags/example_branch_day_of_week_operator.py
[2024-09-24T22:08:20.911+0000] {processor.py:756} INFO - Processing file /home/airflow/.local/lib/python3.7/site-packages/airflow/example_dags/example_branch_day_of_week_operator.py for tasks to queue
[2024-09-24T22:08:20.913+0000] {logging_mixin.py:120} INFO - [2024-09-24T22:08:20.913+0000] {dagbag.py:537} INFO - Filling up the DagBag from /home/airflow/.local/lib/python3.7/site-packages/airflow/example_dags/example_branch_day_of_week_operator.py
[2024-09-24T22:08:20.943+0000] {processor.py:766} INFO - DAG(s) dict_keys(['example_weekday_branch_operator']) retrieved from /home/airflow/.local/lib/python3.7/site-packages/airflow/example_dags/example_branch_day_of_week_operator.py
[2024-09-24T22:08:21.002+0000] {logging_mixin.py:120} INFO - [2024-09-24T22:08:21.002+0000] {dag.py:2585} INFO - Sync 1 DAGs
[2024-09-24T22:08:21.037+0000] {logging_mixin.py:120} INFO - [2024-09-24T22:08:21.037+0000] {dag.py:3340} INFO - Setting next_dagrun for example_weekday_branch_operator to 2024-09-23T00:00:00+00:00, run_after=2024-09-24T00:00:00+00:00
[2024-09-24T22:08:21.071+0000] {processor.py:176} INFO - Processing /home/airflow/.local/lib/python3.7/site-packages/airflow/example_dags/example_branch_day_of_week_operator.py took 0.168 seconds
