[2024-09-24T01:38:13.496+0000] {processor.py:154} INFO - Started process (PID=13850) to work on /home/airflow/.local/lib/python3.7/site-packages/airflow/example_dags/example_nested_branch_dag.py
[2024-09-24T01:38:13.498+0000] {processor.py:756} INFO - Processing file /home/airflow/.local/lib/python3.7/site-packages/airflow/example_dags/example_nested_branch_dag.py for tasks to queue
[2024-09-24T01:38:13.500+0000] {logging_mixin.py:120} INFO - [2024-09-24T01:38:13.499+0000] {dagbag.py:537} INFO - Filling up the DagBag from /home/airflow/.local/lib/python3.7/site-packages/airflow/example_dags/example_nested_branch_dag.py
[2024-09-24T01:38:13.549+0000] {processor.py:766} INFO - DAG(s) dict_keys(['example_nested_branch_dag']) retrieved from /home/airflow/.local/lib/python3.7/site-packages/airflow/example_dags/example_nested_branch_dag.py
[2024-09-24T01:38:13.652+0000] {logging_mixin.py:120} INFO - [2024-09-24T01:38:13.652+0000] {dag.py:2585} INFO - Sync 1 DAGs
[2024-09-24T01:38:13.714+0000] {logging_mixin.py:120} INFO - [2024-09-24T01:38:13.713+0000] {dag.py:3340} INFO - Setting next_dagrun for example_nested_branch_dag to 2024-09-23T00:00:00+00:00, run_after=2024-09-24T00:00:00+00:00
[2024-09-24T01:38:13.760+0000] {processor.py:176} INFO - Processing /home/airflow/.local/lib/python3.7/site-packages/airflow/example_dags/example_nested_branch_dag.py took 0.270 seconds
[2024-09-24T01:41:37.300+0000] {processor.py:154} INFO - Started process (PID=13904) to work on /home/airflow/.local/lib/python3.7/site-packages/airflow/example_dags/example_nested_branch_dag.py
[2024-09-24T01:41:37.302+0000] {processor.py:756} INFO - Processing file /home/airflow/.local/lib/python3.7/site-packages/airflow/example_dags/example_nested_branch_dag.py for tasks to queue
[2024-09-24T01:41:37.305+0000] {logging_mixin.py:120} INFO - [2024-09-24T01:41:37.305+0000] {dagbag.py:537} INFO - Filling up the DagBag from /home/airflow/.local/lib/python3.7/site-packages/airflow/example_dags/example_nested_branch_dag.py
[2024-09-24T01:41:37.366+0000] {processor.py:766} INFO - DAG(s) dict_keys(['example_nested_branch_dag']) retrieved from /home/airflow/.local/lib/python3.7/site-packages/airflow/example_dags/example_nested_branch_dag.py
[2024-09-24T01:41:37.461+0000] {logging_mixin.py:120} INFO - [2024-09-24T01:41:37.461+0000] {dag.py:2585} INFO - Sync 1 DAGs
[2024-09-24T01:41:37.521+0000] {logging_mixin.py:120} INFO - [2024-09-24T01:41:37.519+0000] {dag.py:3340} INFO - Setting next_dagrun for example_nested_branch_dag to 2024-09-23T00:00:00+00:00, run_after=2024-09-24T00:00:00+00:00
[2024-09-24T01:41:37.571+0000] {processor.py:176} INFO - Processing /home/airflow/.local/lib/python3.7/site-packages/airflow/example_dags/example_nested_branch_dag.py took 0.278 seconds
[2024-09-24T03:27:52.392+0000] {processor.py:154} INFO - Started process (PID=13967) to work on /home/airflow/.local/lib/python3.7/site-packages/airflow/example_dags/example_nested_branch_dag.py
[2024-09-24T03:27:52.397+0000] {processor.py:756} INFO - Processing file /home/airflow/.local/lib/python3.7/site-packages/airflow/example_dags/example_nested_branch_dag.py for tasks to queue
[2024-09-24T03:27:52.399+0000] {logging_mixin.py:120} INFO - [2024-09-24T03:27:52.399+0000] {dagbag.py:537} INFO - Filling up the DagBag from /home/airflow/.local/lib/python3.7/site-packages/airflow/example_dags/example_nested_branch_dag.py
[2024-09-24T03:27:52.460+0000] {processor.py:766} INFO - DAG(s) dict_keys(['example_nested_branch_dag']) retrieved from /home/airflow/.local/lib/python3.7/site-packages/airflow/example_dags/example_nested_branch_dag.py
[2024-09-24T03:27:52.574+0000] {logging_mixin.py:120} INFO - [2024-09-24T03:27:52.574+0000] {dag.py:2585} INFO - Sync 1 DAGs
[2024-09-24T03:27:52.657+0000] {logging_mixin.py:120} INFO - [2024-09-24T03:27:52.657+0000] {dag.py:3340} INFO - Setting next_dagrun for example_nested_branch_dag to 2024-09-23T00:00:00+00:00, run_after=2024-09-24T00:00:00+00:00
[2024-09-24T03:27:52.717+0000] {processor.py:176} INFO - Processing /home/airflow/.local/lib/python3.7/site-packages/airflow/example_dags/example_nested_branch_dag.py took 0.332 seconds
[2024-09-24T04:19:27.518+0000] {processor.py:154} INFO - Started process (PID=14021) to work on /home/airflow/.local/lib/python3.7/site-packages/airflow/example_dags/example_nested_branch_dag.py
[2024-09-24T04:19:27.529+0000] {processor.py:756} INFO - Processing file /home/airflow/.local/lib/python3.7/site-packages/airflow/example_dags/example_nested_branch_dag.py for tasks to queue
[2024-09-24T04:19:27.552+0000] {logging_mixin.py:120} INFO - [2024-09-24T04:19:27.551+0000] {dagbag.py:537} INFO - Filling up the DagBag from /home/airflow/.local/lib/python3.7/site-packages/airflow/example_dags/example_nested_branch_dag.py
[2024-09-24T04:19:27.690+0000] {processor.py:766} INFO - DAG(s) dict_keys(['example_nested_branch_dag']) retrieved from /home/airflow/.local/lib/python3.7/site-packages/airflow/example_dags/example_nested_branch_dag.py
[2024-09-24T04:19:27.902+0000] {logging_mixin.py:120} INFO - [2024-09-24T04:19:27.902+0000] {dag.py:2585} INFO - Sync 1 DAGs
[2024-09-24T04:19:28.013+0000] {logging_mixin.py:120} INFO - [2024-09-24T04:19:28.013+0000] {dag.py:3340} INFO - Setting next_dagrun for example_nested_branch_dag to 2024-09-23T00:00:00+00:00, run_after=2024-09-24T00:00:00+00:00
[2024-09-24T04:19:28.118+0000] {processor.py:176} INFO - Processing /home/airflow/.local/lib/python3.7/site-packages/airflow/example_dags/example_nested_branch_dag.py took 0.626 seconds
[2024-09-24T04:19:58.167+0000] {processor.py:154} INFO - Started process (PID=14075) to work on /home/airflow/.local/lib/python3.7/site-packages/airflow/example_dags/example_nested_branch_dag.py
[2024-09-24T04:19:58.168+0000] {processor.py:756} INFO - Processing file /home/airflow/.local/lib/python3.7/site-packages/airflow/example_dags/example_nested_branch_dag.py for tasks to queue
[2024-09-24T04:19:58.169+0000] {logging_mixin.py:120} INFO - [2024-09-24T04:19:58.169+0000] {dagbag.py:537} INFO - Filling up the DagBag from /home/airflow/.local/lib/python3.7/site-packages/airflow/example_dags/example_nested_branch_dag.py
[2024-09-24T04:19:58.205+0000] {processor.py:766} INFO - DAG(s) dict_keys(['example_nested_branch_dag']) retrieved from /home/airflow/.local/lib/python3.7/site-packages/airflow/example_dags/example_nested_branch_dag.py
[2024-09-24T04:19:58.257+0000] {logging_mixin.py:120} INFO - [2024-09-24T04:19:58.257+0000] {dag.py:2585} INFO - Sync 1 DAGs
[2024-09-24T04:19:58.291+0000] {logging_mixin.py:120} INFO - [2024-09-24T04:19:58.291+0000] {dag.py:3340} INFO - Setting next_dagrun for example_nested_branch_dag to 2024-09-23T00:00:00+00:00, run_after=2024-09-24T00:00:00+00:00
[2024-09-24T04:19:58.319+0000] {processor.py:176} INFO - Processing /home/airflow/.local/lib/python3.7/site-packages/airflow/example_dags/example_nested_branch_dag.py took 0.157 seconds
[2024-09-24T04:20:28.865+0000] {processor.py:154} INFO - Started process (PID=14137) to work on /home/airflow/.local/lib/python3.7/site-packages/airflow/example_dags/example_nested_branch_dag.py
[2024-09-24T04:20:28.867+0000] {processor.py:756} INFO - Processing file /home/airflow/.local/lib/python3.7/site-packages/airflow/example_dags/example_nested_branch_dag.py for tasks to queue
[2024-09-24T04:20:28.868+0000] {logging_mixin.py:120} INFO - [2024-09-24T04:20:28.868+0000] {dagbag.py:537} INFO - Filling up the DagBag from /home/airflow/.local/lib/python3.7/site-packages/airflow/example_dags/example_nested_branch_dag.py
[2024-09-24T04:20:28.899+0000] {processor.py:766} INFO - DAG(s) dict_keys(['example_nested_branch_dag']) retrieved from /home/airflow/.local/lib/python3.7/site-packages/airflow/example_dags/example_nested_branch_dag.py
[2024-09-24T04:20:28.950+0000] {logging_mixin.py:120} INFO - [2024-09-24T04:20:28.950+0000] {dag.py:2585} INFO - Sync 1 DAGs
[2024-09-24T04:20:28.981+0000] {logging_mixin.py:120} INFO - [2024-09-24T04:20:28.981+0000] {dag.py:3340} INFO - Setting next_dagrun for example_nested_branch_dag to 2024-09-23T00:00:00+00:00, run_after=2024-09-24T00:00:00+00:00
[2024-09-24T04:20:29.010+0000] {processor.py:176} INFO - Processing /home/airflow/.local/lib/python3.7/site-packages/airflow/example_dags/example_nested_branch_dag.py took 0.149 seconds
[2024-09-24T04:20:59.308+0000] {processor.py:154} INFO - Started process (PID=14200) to work on /home/airflow/.local/lib/python3.7/site-packages/airflow/example_dags/example_nested_branch_dag.py
[2024-09-24T04:20:59.310+0000] {processor.py:756} INFO - Processing file /home/airflow/.local/lib/python3.7/site-packages/airflow/example_dags/example_nested_branch_dag.py for tasks to queue
[2024-09-24T04:20:59.311+0000] {logging_mixin.py:120} INFO - [2024-09-24T04:20:59.311+0000] {dagbag.py:537} INFO - Filling up the DagBag from /home/airflow/.local/lib/python3.7/site-packages/airflow/example_dags/example_nested_branch_dag.py
[2024-09-24T04:20:59.343+0000] {processor.py:766} INFO - DAG(s) dict_keys(['example_nested_branch_dag']) retrieved from /home/airflow/.local/lib/python3.7/site-packages/airflow/example_dags/example_nested_branch_dag.py
[2024-09-24T04:20:59.401+0000] {logging_mixin.py:120} INFO - [2024-09-24T04:20:59.400+0000] {dag.py:2585} INFO - Sync 1 DAGs
[2024-09-24T04:20:59.439+0000] {logging_mixin.py:120} INFO - [2024-09-24T04:20:59.439+0000] {dag.py:3340} INFO - Setting next_dagrun for example_nested_branch_dag to 2024-09-23T00:00:00+00:00, run_after=2024-09-24T00:00:00+00:00
[2024-09-24T04:20:59.470+0000] {processor.py:176} INFO - Processing /home/airflow/.local/lib/python3.7/site-packages/airflow/example_dags/example_nested_branch_dag.py took 0.166 seconds
[2024-09-24T04:21:29.809+0000] {processor.py:154} INFO - Started process (PID=14254) to work on /home/airflow/.local/lib/python3.7/site-packages/airflow/example_dags/example_nested_branch_dag.py
[2024-09-24T04:21:29.811+0000] {processor.py:756} INFO - Processing file /home/airflow/.local/lib/python3.7/site-packages/airflow/example_dags/example_nested_branch_dag.py for tasks to queue
[2024-09-24T04:21:29.812+0000] {logging_mixin.py:120} INFO - [2024-09-24T04:21:29.812+0000] {dagbag.py:537} INFO - Filling up the DagBag from /home/airflow/.local/lib/python3.7/site-packages/airflow/example_dags/example_nested_branch_dag.py
[2024-09-24T04:21:29.886+0000] {processor.py:766} INFO - DAG(s) dict_keys(['example_nested_branch_dag']) retrieved from /home/airflow/.local/lib/python3.7/site-packages/airflow/example_dags/example_nested_branch_dag.py
[2024-09-24T04:21:29.971+0000] {logging_mixin.py:120} INFO - [2024-09-24T04:21:29.971+0000] {dag.py:2585} INFO - Sync 1 DAGs
[2024-09-24T04:21:30.020+0000] {logging_mixin.py:120} INFO - [2024-09-24T04:21:30.020+0000] {dag.py:3340} INFO - Setting next_dagrun for example_nested_branch_dag to 2024-09-23T00:00:00+00:00, run_after=2024-09-24T00:00:00+00:00
[2024-09-24T04:21:30.062+0000] {processor.py:176} INFO - Processing /home/airflow/.local/lib/python3.7/site-packages/airflow/example_dags/example_nested_branch_dag.py took 0.260 seconds
[2024-09-24T04:22:00.121+0000] {processor.py:154} INFO - Started process (PID=14318) to work on /home/airflow/.local/lib/python3.7/site-packages/airflow/example_dags/example_nested_branch_dag.py
[2024-09-24T04:22:00.122+0000] {processor.py:756} INFO - Processing file /home/airflow/.local/lib/python3.7/site-packages/airflow/example_dags/example_nested_branch_dag.py for tasks to queue
[2024-09-24T04:22:00.123+0000] {logging_mixin.py:120} INFO - [2024-09-24T04:22:00.123+0000] {dagbag.py:537} INFO - Filling up the DagBag from /home/airflow/.local/lib/python3.7/site-packages/airflow/example_dags/example_nested_branch_dag.py
[2024-09-24T04:22:00.156+0000] {processor.py:766} INFO - DAG(s) dict_keys(['example_nested_branch_dag']) retrieved from /home/airflow/.local/lib/python3.7/site-packages/airflow/example_dags/example_nested_branch_dag.py
[2024-09-24T04:22:00.206+0000] {logging_mixin.py:120} INFO - [2024-09-24T04:22:00.206+0000] {dag.py:2585} INFO - Sync 1 DAGs
[2024-09-24T04:22:00.238+0000] {logging_mixin.py:120} INFO - [2024-09-24T04:22:00.238+0000] {dag.py:3340} INFO - Setting next_dagrun for example_nested_branch_dag to 2024-09-23T00:00:00+00:00, run_after=2024-09-24T00:00:00+00:00
[2024-09-24T04:22:00.267+0000] {processor.py:176} INFO - Processing /home/airflow/.local/lib/python3.7/site-packages/airflow/example_dags/example_nested_branch_dag.py took 0.151 seconds
[2024-09-24T04:22:30.997+0000] {processor.py:154} INFO - Started process (PID=14381) to work on /home/airflow/.local/lib/python3.7/site-packages/airflow/example_dags/example_nested_branch_dag.py
[2024-09-24T04:22:30.998+0000] {processor.py:756} INFO - Processing file /home/airflow/.local/lib/python3.7/site-packages/airflow/example_dags/example_nested_branch_dag.py for tasks to queue
[2024-09-24T04:22:30.999+0000] {logging_mixin.py:120} INFO - [2024-09-24T04:22:30.999+0000] {dagbag.py:537} INFO - Filling up the DagBag from /home/airflow/.local/lib/python3.7/site-packages/airflow/example_dags/example_nested_branch_dag.py
[2024-09-24T04:22:31.027+0000] {processor.py:766} INFO - DAG(s) dict_keys(['example_nested_branch_dag']) retrieved from /home/airflow/.local/lib/python3.7/site-packages/airflow/example_dags/example_nested_branch_dag.py
[2024-09-24T04:22:31.083+0000] {logging_mixin.py:120} INFO - [2024-09-24T04:22:31.083+0000] {dag.py:2585} INFO - Sync 1 DAGs
[2024-09-24T04:22:31.121+0000] {logging_mixin.py:120} INFO - [2024-09-24T04:22:31.121+0000] {dag.py:3340} INFO - Setting next_dagrun for example_nested_branch_dag to 2024-09-23T00:00:00+00:00, run_after=2024-09-24T00:00:00+00:00
[2024-09-24T04:22:31.149+0000] {processor.py:176} INFO - Processing /home/airflow/.local/lib/python3.7/site-packages/airflow/example_dags/example_nested_branch_dag.py took 0.157 seconds
[2024-09-24T04:23:02.108+0000] {processor.py:154} INFO - Started process (PID=14435) to work on /home/airflow/.local/lib/python3.7/site-packages/airflow/example_dags/example_nested_branch_dag.py
[2024-09-24T04:23:02.109+0000] {processor.py:756} INFO - Processing file /home/airflow/.local/lib/python3.7/site-packages/airflow/example_dags/example_nested_branch_dag.py for tasks to queue
[2024-09-24T04:23:02.110+0000] {logging_mixin.py:120} INFO - [2024-09-24T04:23:02.110+0000] {dagbag.py:537} INFO - Filling up the DagBag from /home/airflow/.local/lib/python3.7/site-packages/airflow/example_dags/example_nested_branch_dag.py
[2024-09-24T04:23:02.144+0000] {processor.py:766} INFO - DAG(s) dict_keys(['example_nested_branch_dag']) retrieved from /home/airflow/.local/lib/python3.7/site-packages/airflow/example_dags/example_nested_branch_dag.py
[2024-09-24T04:23:02.196+0000] {logging_mixin.py:120} INFO - [2024-09-24T04:23:02.196+0000] {dag.py:2585} INFO - Sync 1 DAGs
[2024-09-24T04:23:02.231+0000] {logging_mixin.py:120} INFO - [2024-09-24T04:23:02.231+0000] {dag.py:3340} INFO - Setting next_dagrun for example_nested_branch_dag to 2024-09-23T00:00:00+00:00, run_after=2024-09-24T00:00:00+00:00
[2024-09-24T04:23:02.260+0000] {processor.py:176} INFO - Processing /home/airflow/.local/lib/python3.7/site-packages/airflow/example_dags/example_nested_branch_dag.py took 0.158 seconds
[2024-09-24T04:23:32.299+0000] {processor.py:154} INFO - Started process (PID=14498) to work on /home/airflow/.local/lib/python3.7/site-packages/airflow/example_dags/example_nested_branch_dag.py
[2024-09-24T04:23:32.300+0000] {processor.py:756} INFO - Processing file /home/airflow/.local/lib/python3.7/site-packages/airflow/example_dags/example_nested_branch_dag.py for tasks to queue
[2024-09-24T04:23:32.301+0000] {logging_mixin.py:120} INFO - [2024-09-24T04:23:32.301+0000] {dagbag.py:537} INFO - Filling up the DagBag from /home/airflow/.local/lib/python3.7/site-packages/airflow/example_dags/example_nested_branch_dag.py
[2024-09-24T04:23:32.333+0000] {processor.py:766} INFO - DAG(s) dict_keys(['example_nested_branch_dag']) retrieved from /home/airflow/.local/lib/python3.7/site-packages/airflow/example_dags/example_nested_branch_dag.py
[2024-09-24T04:23:32.385+0000] {logging_mixin.py:120} INFO - [2024-09-24T04:23:32.385+0000] {dag.py:2585} INFO - Sync 1 DAGs
[2024-09-24T04:23:32.417+0000] {logging_mixin.py:120} INFO - [2024-09-24T04:23:32.417+0000] {dag.py:3340} INFO - Setting next_dagrun for example_nested_branch_dag to 2024-09-23T00:00:00+00:00, run_after=2024-09-24T00:00:00+00:00
[2024-09-24T04:23:32.442+0000] {processor.py:176} INFO - Processing /home/airflow/.local/lib/python3.7/site-packages/airflow/example_dags/example_nested_branch_dag.py took 0.149 seconds
[2024-09-24T04:24:02.623+0000] {processor.py:154} INFO - Started process (PID=14560) to work on /home/airflow/.local/lib/python3.7/site-packages/airflow/example_dags/example_nested_branch_dag.py
[2024-09-24T04:24:02.625+0000] {processor.py:756} INFO - Processing file /home/airflow/.local/lib/python3.7/site-packages/airflow/example_dags/example_nested_branch_dag.py for tasks to queue
[2024-09-24T04:24:02.626+0000] {logging_mixin.py:120} INFO - [2024-09-24T04:24:02.626+0000] {dagbag.py:537} INFO - Filling up the DagBag from /home/airflow/.local/lib/python3.7/site-packages/airflow/example_dags/example_nested_branch_dag.py
[2024-09-24T04:24:02.660+0000] {processor.py:766} INFO - DAG(s) dict_keys(['example_nested_branch_dag']) retrieved from /home/airflow/.local/lib/python3.7/site-packages/airflow/example_dags/example_nested_branch_dag.py
[2024-09-24T04:24:02.713+0000] {logging_mixin.py:120} INFO - [2024-09-24T04:24:02.712+0000] {dag.py:2585} INFO - Sync 1 DAGs
[2024-09-24T04:24:02.745+0000] {logging_mixin.py:120} INFO - [2024-09-24T04:24:02.745+0000] {dag.py:3340} INFO - Setting next_dagrun for example_nested_branch_dag to 2024-09-23T00:00:00+00:00, run_after=2024-09-24T00:00:00+00:00
[2024-09-24T04:24:02.770+0000] {processor.py:176} INFO - Processing /home/airflow/.local/lib/python3.7/site-packages/airflow/example_dags/example_nested_branch_dag.py took 0.151 seconds
[2024-09-24T04:24:33.544+0000] {processor.py:154} INFO - Started process (PID=14614) to work on /home/airflow/.local/lib/python3.7/site-packages/airflow/example_dags/example_nested_branch_dag.py
[2024-09-24T04:24:33.545+0000] {processor.py:756} INFO - Processing file /home/airflow/.local/lib/python3.7/site-packages/airflow/example_dags/example_nested_branch_dag.py for tasks to queue
[2024-09-24T04:24:33.546+0000] {logging_mixin.py:120} INFO - [2024-09-24T04:24:33.546+0000] {dagbag.py:537} INFO - Filling up the DagBag from /home/airflow/.local/lib/python3.7/site-packages/airflow/example_dags/example_nested_branch_dag.py
[2024-09-24T04:24:33.581+0000] {processor.py:766} INFO - DAG(s) dict_keys(['example_nested_branch_dag']) retrieved from /home/airflow/.local/lib/python3.7/site-packages/airflow/example_dags/example_nested_branch_dag.py
[2024-09-24T04:24:33.634+0000] {logging_mixin.py:120} INFO - [2024-09-24T04:24:33.634+0000] {dag.py:2585} INFO - Sync 1 DAGs
[2024-09-24T04:24:33.667+0000] {logging_mixin.py:120} INFO - [2024-09-24T04:24:33.667+0000] {dag.py:3340} INFO - Setting next_dagrun for example_nested_branch_dag to 2024-09-23T00:00:00+00:00, run_after=2024-09-24T00:00:00+00:00
[2024-09-24T04:24:33.717+0000] {processor.py:176} INFO - Processing /home/airflow/.local/lib/python3.7/site-packages/airflow/example_dags/example_nested_branch_dag.py took 0.178 seconds
[2024-09-24T04:25:03.786+0000] {processor.py:154} INFO - Started process (PID=14677) to work on /home/airflow/.local/lib/python3.7/site-packages/airflow/example_dags/example_nested_branch_dag.py
[2024-09-24T04:25:03.788+0000] {processor.py:756} INFO - Processing file /home/airflow/.local/lib/python3.7/site-packages/airflow/example_dags/example_nested_branch_dag.py for tasks to queue
[2024-09-24T04:25:03.789+0000] {logging_mixin.py:120} INFO - [2024-09-24T04:25:03.789+0000] {dagbag.py:537} INFO - Filling up the DagBag from /home/airflow/.local/lib/python3.7/site-packages/airflow/example_dags/example_nested_branch_dag.py
[2024-09-24T04:25:03.821+0000] {processor.py:766} INFO - DAG(s) dict_keys(['example_nested_branch_dag']) retrieved from /home/airflow/.local/lib/python3.7/site-packages/airflow/example_dags/example_nested_branch_dag.py
[2024-09-24T04:25:03.873+0000] {logging_mixin.py:120} INFO - [2024-09-24T04:25:03.873+0000] {dag.py:2585} INFO - Sync 1 DAGs
[2024-09-24T04:25:03.903+0000] {logging_mixin.py:120} INFO - [2024-09-24T04:25:03.903+0000] {dag.py:3340} INFO - Setting next_dagrun for example_nested_branch_dag to 2024-09-23T00:00:00+00:00, run_after=2024-09-24T00:00:00+00:00
[2024-09-24T04:25:03.927+0000] {processor.py:176} INFO - Processing /home/airflow/.local/lib/python3.7/site-packages/airflow/example_dags/example_nested_branch_dag.py took 0.145 seconds
[2024-09-24T04:25:34.117+0000] {processor.py:154} INFO - Started process (PID=14739) to work on /home/airflow/.local/lib/python3.7/site-packages/airflow/example_dags/example_nested_branch_dag.py
[2024-09-24T04:25:34.118+0000] {processor.py:756} INFO - Processing file /home/airflow/.local/lib/python3.7/site-packages/airflow/example_dags/example_nested_branch_dag.py for tasks to queue
[2024-09-24T04:25:34.120+0000] {logging_mixin.py:120} INFO - [2024-09-24T04:25:34.119+0000] {dagbag.py:537} INFO - Filling up the DagBag from /home/airflow/.local/lib/python3.7/site-packages/airflow/example_dags/example_nested_branch_dag.py
[2024-09-24T04:25:34.153+0000] {processor.py:766} INFO - DAG(s) dict_keys(['example_nested_branch_dag']) retrieved from /home/airflow/.local/lib/python3.7/site-packages/airflow/example_dags/example_nested_branch_dag.py
[2024-09-24T04:25:34.205+0000] {logging_mixin.py:120} INFO - [2024-09-24T04:25:34.205+0000] {dag.py:2585} INFO - Sync 1 DAGs
[2024-09-24T04:25:34.242+0000] {logging_mixin.py:120} INFO - [2024-09-24T04:25:34.241+0000] {dag.py:3340} INFO - Setting next_dagrun for example_nested_branch_dag to 2024-09-23T00:00:00+00:00, run_after=2024-09-24T00:00:00+00:00
[2024-09-24T04:25:34.270+0000] {processor.py:176} INFO - Processing /home/airflow/.local/lib/python3.7/site-packages/airflow/example_dags/example_nested_branch_dag.py took 0.158 seconds
[2024-09-24T04:26:04.388+0000] {processor.py:154} INFO - Started process (PID=14793) to work on /home/airflow/.local/lib/python3.7/site-packages/airflow/example_dags/example_nested_branch_dag.py
[2024-09-24T04:26:04.390+0000] {processor.py:756} INFO - Processing file /home/airflow/.local/lib/python3.7/site-packages/airflow/example_dags/example_nested_branch_dag.py for tasks to queue
[2024-09-24T04:26:04.391+0000] {logging_mixin.py:120} INFO - [2024-09-24T04:26:04.391+0000] {dagbag.py:537} INFO - Filling up the DagBag from /home/airflow/.local/lib/python3.7/site-packages/airflow/example_dags/example_nested_branch_dag.py
[2024-09-24T04:26:04.422+0000] {processor.py:766} INFO - DAG(s) dict_keys(['example_nested_branch_dag']) retrieved from /home/airflow/.local/lib/python3.7/site-packages/airflow/example_dags/example_nested_branch_dag.py
[2024-09-24T04:26:04.474+0000] {logging_mixin.py:120} INFO - [2024-09-24T04:26:04.474+0000] {dag.py:2585} INFO - Sync 1 DAGs
[2024-09-24T04:26:04.513+0000] {logging_mixin.py:120} INFO - [2024-09-24T04:26:04.513+0000] {dag.py:3340} INFO - Setting next_dagrun for example_nested_branch_dag to 2024-09-23T00:00:00+00:00, run_after=2024-09-24T00:00:00+00:00
[2024-09-24T04:26:04.541+0000] {processor.py:176} INFO - Processing /home/airflow/.local/lib/python3.7/site-packages/airflow/example_dags/example_nested_branch_dag.py took 0.156 seconds
[2024-09-24T04:26:35.293+0000] {processor.py:154} INFO - Started process (PID=14855) to work on /home/airflow/.local/lib/python3.7/site-packages/airflow/example_dags/example_nested_branch_dag.py
[2024-09-24T04:26:35.295+0000] {processor.py:756} INFO - Processing file /home/airflow/.local/lib/python3.7/site-packages/airflow/example_dags/example_nested_branch_dag.py for tasks to queue
[2024-09-24T04:26:35.296+0000] {logging_mixin.py:120} INFO - [2024-09-24T04:26:35.296+0000] {dagbag.py:537} INFO - Filling up the DagBag from /home/airflow/.local/lib/python3.7/site-packages/airflow/example_dags/example_nested_branch_dag.py
[2024-09-24T04:26:35.329+0000] {processor.py:766} INFO - DAG(s) dict_keys(['example_nested_branch_dag']) retrieved from /home/airflow/.local/lib/python3.7/site-packages/airflow/example_dags/example_nested_branch_dag.py
[2024-09-24T04:26:35.382+0000] {logging_mixin.py:120} INFO - [2024-09-24T04:26:35.382+0000] {dag.py:2585} INFO - Sync 1 DAGs
[2024-09-24T04:26:35.417+0000] {logging_mixin.py:120} INFO - [2024-09-24T04:26:35.417+0000] {dag.py:3340} INFO - Setting next_dagrun for example_nested_branch_dag to 2024-09-23T00:00:00+00:00, run_after=2024-09-24T00:00:00+00:00
[2024-09-24T04:26:35.442+0000] {processor.py:176} INFO - Processing /home/airflow/.local/lib/python3.7/site-packages/airflow/example_dags/example_nested_branch_dag.py took 0.153 seconds
[2024-09-24T04:27:05.991+0000] {processor.py:154} INFO - Started process (PID=14918) to work on /home/airflow/.local/lib/python3.7/site-packages/airflow/example_dags/example_nested_branch_dag.py
[2024-09-24T04:27:05.993+0000] {processor.py:756} INFO - Processing file /home/airflow/.local/lib/python3.7/site-packages/airflow/example_dags/example_nested_branch_dag.py for tasks to queue
[2024-09-24T04:27:05.994+0000] {logging_mixin.py:120} INFO - [2024-09-24T04:27:05.994+0000] {dagbag.py:537} INFO - Filling up the DagBag from /home/airflow/.local/lib/python3.7/site-packages/airflow/example_dags/example_nested_branch_dag.py
[2024-09-24T04:27:06.027+0000] {processor.py:766} INFO - DAG(s) dict_keys(['example_nested_branch_dag']) retrieved from /home/airflow/.local/lib/python3.7/site-packages/airflow/example_dags/example_nested_branch_dag.py
[2024-09-24T04:27:06.079+0000] {logging_mixin.py:120} INFO - [2024-09-24T04:27:06.079+0000] {dag.py:2585} INFO - Sync 1 DAGs
[2024-09-24T04:27:06.110+0000] {logging_mixin.py:120} INFO - [2024-09-24T04:27:06.110+0000] {dag.py:3340} INFO - Setting next_dagrun for example_nested_branch_dag to 2024-09-23T00:00:00+00:00, run_after=2024-09-24T00:00:00+00:00
[2024-09-24T04:27:06.134+0000] {processor.py:176} INFO - Processing /home/airflow/.local/lib/python3.7/site-packages/airflow/example_dags/example_nested_branch_dag.py took 0.147 seconds
[2024-09-24T04:27:36.800+0000] {processor.py:154} INFO - Started process (PID=14971) to work on /home/airflow/.local/lib/python3.7/site-packages/airflow/example_dags/example_nested_branch_dag.py
[2024-09-24T04:27:36.802+0000] {processor.py:756} INFO - Processing file /home/airflow/.local/lib/python3.7/site-packages/airflow/example_dags/example_nested_branch_dag.py for tasks to queue
[2024-09-24T04:27:36.803+0000] {logging_mixin.py:120} INFO - [2024-09-24T04:27:36.803+0000] {dagbag.py:537} INFO - Filling up the DagBag from /home/airflow/.local/lib/python3.7/site-packages/airflow/example_dags/example_nested_branch_dag.py
[2024-09-24T04:27:36.836+0000] {processor.py:766} INFO - DAG(s) dict_keys(['example_nested_branch_dag']) retrieved from /home/airflow/.local/lib/python3.7/site-packages/airflow/example_dags/example_nested_branch_dag.py
[2024-09-24T04:27:36.886+0000] {logging_mixin.py:120} INFO - [2024-09-24T04:27:36.886+0000] {dag.py:2585} INFO - Sync 1 DAGs
[2024-09-24T04:27:36.918+0000] {logging_mixin.py:120} INFO - [2024-09-24T04:27:36.917+0000] {dag.py:3340} INFO - Setting next_dagrun for example_nested_branch_dag to 2024-09-23T00:00:00+00:00, run_after=2024-09-24T00:00:00+00:00
[2024-09-24T04:27:36.943+0000] {processor.py:176} INFO - Processing /home/airflow/.local/lib/python3.7/site-packages/airflow/example_dags/example_nested_branch_dag.py took 0.149 seconds
[2024-09-24T04:28:06.975+0000] {processor.py:154} INFO - Started process (PID=15034) to work on /home/airflow/.local/lib/python3.7/site-packages/airflow/example_dags/example_nested_branch_dag.py
[2024-09-24T04:28:06.976+0000] {processor.py:756} INFO - Processing file /home/airflow/.local/lib/python3.7/site-packages/airflow/example_dags/example_nested_branch_dag.py for tasks to queue
[2024-09-24T04:28:06.977+0000] {logging_mixin.py:120} INFO - [2024-09-24T04:28:06.977+0000] {dagbag.py:537} INFO - Filling up the DagBag from /home/airflow/.local/lib/python3.7/site-packages/airflow/example_dags/example_nested_branch_dag.py
[2024-09-24T04:28:07.008+0000] {processor.py:766} INFO - DAG(s) dict_keys(['example_nested_branch_dag']) retrieved from /home/airflow/.local/lib/python3.7/site-packages/airflow/example_dags/example_nested_branch_dag.py
[2024-09-24T04:28:07.057+0000] {logging_mixin.py:120} INFO - [2024-09-24T04:28:07.057+0000] {dag.py:2585} INFO - Sync 1 DAGs
[2024-09-24T04:28:07.090+0000] {logging_mixin.py:120} INFO - [2024-09-24T04:28:07.090+0000] {dag.py:3340} INFO - Setting next_dagrun for example_nested_branch_dag to 2024-09-23T00:00:00+00:00, run_after=2024-09-24T00:00:00+00:00
[2024-09-24T04:28:07.115+0000] {processor.py:176} INFO - Processing /home/airflow/.local/lib/python3.7/site-packages/airflow/example_dags/example_nested_branch_dag.py took 0.145 seconds
[2024-09-24T04:28:37.430+0000] {processor.py:154} INFO - Started process (PID=15097) to work on /home/airflow/.local/lib/python3.7/site-packages/airflow/example_dags/example_nested_branch_dag.py
[2024-09-24T04:28:37.432+0000] {processor.py:756} INFO - Processing file /home/airflow/.local/lib/python3.7/site-packages/airflow/example_dags/example_nested_branch_dag.py for tasks to queue
[2024-09-24T04:28:37.433+0000] {logging_mixin.py:120} INFO - [2024-09-24T04:28:37.433+0000] {dagbag.py:537} INFO - Filling up the DagBag from /home/airflow/.local/lib/python3.7/site-packages/airflow/example_dags/example_nested_branch_dag.py
[2024-09-24T04:28:37.468+0000] {processor.py:766} INFO - DAG(s) dict_keys(['example_nested_branch_dag']) retrieved from /home/airflow/.local/lib/python3.7/site-packages/airflow/example_dags/example_nested_branch_dag.py
[2024-09-24T04:28:37.520+0000] {logging_mixin.py:120} INFO - [2024-09-24T04:28:37.520+0000] {dag.py:2585} INFO - Sync 1 DAGs
[2024-09-24T04:28:37.553+0000] {logging_mixin.py:120} INFO - [2024-09-24T04:28:37.553+0000] {dag.py:3340} INFO - Setting next_dagrun for example_nested_branch_dag to 2024-09-23T00:00:00+00:00, run_after=2024-09-24T00:00:00+00:00
[2024-09-24T04:28:37.577+0000] {processor.py:176} INFO - Processing /home/airflow/.local/lib/python3.7/site-packages/airflow/example_dags/example_nested_branch_dag.py took 0.151 seconds
[2024-09-24T04:29:07.845+0000] {processor.py:154} INFO - Started process (PID=15151) to work on /home/airflow/.local/lib/python3.7/site-packages/airflow/example_dags/example_nested_branch_dag.py
[2024-09-24T04:29:07.847+0000] {processor.py:756} INFO - Processing file /home/airflow/.local/lib/python3.7/site-packages/airflow/example_dags/example_nested_branch_dag.py for tasks to queue
[2024-09-24T04:29:07.849+0000] {logging_mixin.py:120} INFO - [2024-09-24T04:29:07.849+0000] {dagbag.py:537} INFO - Filling up the DagBag from /home/airflow/.local/lib/python3.7/site-packages/airflow/example_dags/example_nested_branch_dag.py
[2024-09-24T04:29:07.882+0000] {processor.py:766} INFO - DAG(s) dict_keys(['example_nested_branch_dag']) retrieved from /home/airflow/.local/lib/python3.7/site-packages/airflow/example_dags/example_nested_branch_dag.py
[2024-09-24T04:29:07.943+0000] {logging_mixin.py:120} INFO - [2024-09-24T04:29:07.943+0000] {dag.py:2585} INFO - Sync 1 DAGs
[2024-09-24T04:29:07.992+0000] {logging_mixin.py:120} INFO - [2024-09-24T04:29:07.992+0000] {dag.py:3340} INFO - Setting next_dagrun for example_nested_branch_dag to 2024-09-23T00:00:00+00:00, run_after=2024-09-24T00:00:00+00:00
[2024-09-24T04:29:08.028+0000] {processor.py:176} INFO - Processing /home/airflow/.local/lib/python3.7/site-packages/airflow/example_dags/example_nested_branch_dag.py took 0.188 seconds
[2024-09-24T04:29:38.771+0000] {processor.py:154} INFO - Started process (PID=15214) to work on /home/airflow/.local/lib/python3.7/site-packages/airflow/example_dags/example_nested_branch_dag.py
[2024-09-24T04:29:38.773+0000] {processor.py:756} INFO - Processing file /home/airflow/.local/lib/python3.7/site-packages/airflow/example_dags/example_nested_branch_dag.py for tasks to queue
[2024-09-24T04:29:38.775+0000] {logging_mixin.py:120} INFO - [2024-09-24T04:29:38.774+0000] {dagbag.py:537} INFO - Filling up the DagBag from /home/airflow/.local/lib/python3.7/site-packages/airflow/example_dags/example_nested_branch_dag.py
[2024-09-24T04:29:38.814+0000] {processor.py:766} INFO - DAG(s) dict_keys(['example_nested_branch_dag']) retrieved from /home/airflow/.local/lib/python3.7/site-packages/airflow/example_dags/example_nested_branch_dag.py
[2024-09-24T04:29:38.875+0000] {logging_mixin.py:120} INFO - [2024-09-24T04:29:38.875+0000] {dag.py:2585} INFO - Sync 1 DAGs
[2024-09-24T04:29:38.914+0000] {logging_mixin.py:120} INFO - [2024-09-24T04:29:38.914+0000] {dag.py:3340} INFO - Setting next_dagrun for example_nested_branch_dag to 2024-09-23T00:00:00+00:00, run_after=2024-09-24T00:00:00+00:00
[2024-09-24T04:29:38.943+0000] {processor.py:176} INFO - Processing /home/airflow/.local/lib/python3.7/site-packages/airflow/example_dags/example_nested_branch_dag.py took 0.177 seconds
[2024-09-24T04:30:09.633+0000] {processor.py:154} INFO - Started process (PID=15277) to work on /home/airflow/.local/lib/python3.7/site-packages/airflow/example_dags/example_nested_branch_dag.py
[2024-09-24T04:30:09.635+0000] {processor.py:756} INFO - Processing file /home/airflow/.local/lib/python3.7/site-packages/airflow/example_dags/example_nested_branch_dag.py for tasks to queue
[2024-09-24T04:30:09.636+0000] {logging_mixin.py:120} INFO - [2024-09-24T04:30:09.636+0000] {dagbag.py:537} INFO - Filling up the DagBag from /home/airflow/.local/lib/python3.7/site-packages/airflow/example_dags/example_nested_branch_dag.py
[2024-09-24T04:30:09.674+0000] {processor.py:766} INFO - DAG(s) dict_keys(['example_nested_branch_dag']) retrieved from /home/airflow/.local/lib/python3.7/site-packages/airflow/example_dags/example_nested_branch_dag.py
[2024-09-24T04:30:09.742+0000] {logging_mixin.py:120} INFO - [2024-09-24T04:30:09.742+0000] {dag.py:2585} INFO - Sync 1 DAGs
[2024-09-24T04:30:09.797+0000] {logging_mixin.py:120} INFO - [2024-09-24T04:30:09.797+0000] {dag.py:3340} INFO - Setting next_dagrun for example_nested_branch_dag to 2024-09-23T00:00:00+00:00, run_after=2024-09-24T00:00:00+00:00
[2024-09-24T04:30:09.844+0000] {processor.py:176} INFO - Processing /home/airflow/.local/lib/python3.7/site-packages/airflow/example_dags/example_nested_branch_dag.py took 0.217 seconds
[2024-09-24T04:30:39.950+0000] {processor.py:154} INFO - Started process (PID=15331) to work on /home/airflow/.local/lib/python3.7/site-packages/airflow/example_dags/example_nested_branch_dag.py
[2024-09-24T04:30:39.952+0000] {processor.py:756} INFO - Processing file /home/airflow/.local/lib/python3.7/site-packages/airflow/example_dags/example_nested_branch_dag.py for tasks to queue
[2024-09-24T04:30:39.953+0000] {logging_mixin.py:120} INFO - [2024-09-24T04:30:39.953+0000] {dagbag.py:537} INFO - Filling up the DagBag from /home/airflow/.local/lib/python3.7/site-packages/airflow/example_dags/example_nested_branch_dag.py
[2024-09-24T04:30:39.983+0000] {processor.py:766} INFO - DAG(s) dict_keys(['example_nested_branch_dag']) retrieved from /home/airflow/.local/lib/python3.7/site-packages/airflow/example_dags/example_nested_branch_dag.py
[2024-09-24T04:30:40.037+0000] {logging_mixin.py:120} INFO - [2024-09-24T04:30:40.037+0000] {dag.py:2585} INFO - Sync 1 DAGs
[2024-09-24T04:30:40.071+0000] {logging_mixin.py:120} INFO - [2024-09-24T04:30:40.071+0000] {dag.py:3340} INFO - Setting next_dagrun for example_nested_branch_dag to 2024-09-23T00:00:00+00:00, run_after=2024-09-24T00:00:00+00:00
[2024-09-24T04:30:40.097+0000] {processor.py:176} INFO - Processing /home/airflow/.local/lib/python3.7/site-packages/airflow/example_dags/example_nested_branch_dag.py took 0.153 seconds
[2024-09-24T04:31:10.378+0000] {processor.py:154} INFO - Started process (PID=15394) to work on /home/airflow/.local/lib/python3.7/site-packages/airflow/example_dags/example_nested_branch_dag.py
[2024-09-24T04:31:10.380+0000] {processor.py:756} INFO - Processing file /home/airflow/.local/lib/python3.7/site-packages/airflow/example_dags/example_nested_branch_dag.py for tasks to queue
[2024-09-24T04:31:10.381+0000] {logging_mixin.py:120} INFO - [2024-09-24T04:31:10.381+0000] {dagbag.py:537} INFO - Filling up the DagBag from /home/airflow/.local/lib/python3.7/site-packages/airflow/example_dags/example_nested_branch_dag.py
[2024-09-24T04:31:10.417+0000] {processor.py:766} INFO - DAG(s) dict_keys(['example_nested_branch_dag']) retrieved from /home/airflow/.local/lib/python3.7/site-packages/airflow/example_dags/example_nested_branch_dag.py
[2024-09-24T04:31:10.473+0000] {logging_mixin.py:120} INFO - [2024-09-24T04:31:10.473+0000] {dag.py:2585} INFO - Sync 1 DAGs
[2024-09-24T04:31:10.506+0000] {logging_mixin.py:120} INFO - [2024-09-24T04:31:10.506+0000] {dag.py:3340} INFO - Setting next_dagrun for example_nested_branch_dag to 2024-09-23T00:00:00+00:00, run_after=2024-09-24T00:00:00+00:00
[2024-09-24T04:31:10.530+0000] {processor.py:176} INFO - Processing /home/airflow/.local/lib/python3.7/site-packages/airflow/example_dags/example_nested_branch_dag.py took 0.158 seconds
[2024-09-24T04:31:41.045+0000] {processor.py:154} INFO - Started process (PID=15457) to work on /home/airflow/.local/lib/python3.7/site-packages/airflow/example_dags/example_nested_branch_dag.py
[2024-09-24T04:31:41.047+0000] {processor.py:756} INFO - Processing file /home/airflow/.local/lib/python3.7/site-packages/airflow/example_dags/example_nested_branch_dag.py for tasks to queue
[2024-09-24T04:31:41.048+0000] {logging_mixin.py:120} INFO - [2024-09-24T04:31:41.048+0000] {dagbag.py:537} INFO - Filling up the DagBag from /home/airflow/.local/lib/python3.7/site-packages/airflow/example_dags/example_nested_branch_dag.py
[2024-09-24T04:31:41.088+0000] {processor.py:766} INFO - DAG(s) dict_keys(['example_nested_branch_dag']) retrieved from /home/airflow/.local/lib/python3.7/site-packages/airflow/example_dags/example_nested_branch_dag.py
[2024-09-24T04:31:41.155+0000] {logging_mixin.py:120} INFO - [2024-09-24T04:31:41.155+0000] {dag.py:2585} INFO - Sync 1 DAGs
[2024-09-24T04:31:41.195+0000] {logging_mixin.py:120} INFO - [2024-09-24T04:31:41.195+0000] {dag.py:3340} INFO - Setting next_dagrun for example_nested_branch_dag to 2024-09-23T00:00:00+00:00, run_after=2024-09-24T00:00:00+00:00
[2024-09-24T04:31:41.226+0000] {processor.py:176} INFO - Processing /home/airflow/.local/lib/python3.7/site-packages/airflow/example_dags/example_nested_branch_dag.py took 0.186 seconds
[2024-09-24T04:32:11.939+0000] {processor.py:154} INFO - Started process (PID=15511) to work on /home/airflow/.local/lib/python3.7/site-packages/airflow/example_dags/example_nested_branch_dag.py
[2024-09-24T04:32:11.940+0000] {processor.py:756} INFO - Processing file /home/airflow/.local/lib/python3.7/site-packages/airflow/example_dags/example_nested_branch_dag.py for tasks to queue
[2024-09-24T04:32:11.941+0000] {logging_mixin.py:120} INFO - [2024-09-24T04:32:11.941+0000] {dagbag.py:537} INFO - Filling up the DagBag from /home/airflow/.local/lib/python3.7/site-packages/airflow/example_dags/example_nested_branch_dag.py
[2024-09-24T04:32:11.977+0000] {processor.py:766} INFO - DAG(s) dict_keys(['example_nested_branch_dag']) retrieved from /home/airflow/.local/lib/python3.7/site-packages/airflow/example_dags/example_nested_branch_dag.py
[2024-09-24T04:32:12.037+0000] {logging_mixin.py:120} INFO - [2024-09-24T04:32:12.037+0000] {dag.py:2585} INFO - Sync 1 DAGs
[2024-09-24T04:32:12.077+0000] {logging_mixin.py:120} INFO - [2024-09-24T04:32:12.077+0000] {dag.py:3340} INFO - Setting next_dagrun for example_nested_branch_dag to 2024-09-23T00:00:00+00:00, run_after=2024-09-24T00:00:00+00:00
[2024-09-24T04:32:12.105+0000] {processor.py:176} INFO - Processing /home/airflow/.local/lib/python3.7/site-packages/airflow/example_dags/example_nested_branch_dag.py took 0.171 seconds
[2024-09-24T04:32:42.891+0000] {processor.py:154} INFO - Started process (PID=15574) to work on /home/airflow/.local/lib/python3.7/site-packages/airflow/example_dags/example_nested_branch_dag.py
[2024-09-24T04:32:42.893+0000] {processor.py:756} INFO - Processing file /home/airflow/.local/lib/python3.7/site-packages/airflow/example_dags/example_nested_branch_dag.py for tasks to queue
[2024-09-24T04:32:42.894+0000] {logging_mixin.py:120} INFO - [2024-09-24T04:32:42.894+0000] {dagbag.py:537} INFO - Filling up the DagBag from /home/airflow/.local/lib/python3.7/site-packages/airflow/example_dags/example_nested_branch_dag.py
[2024-09-24T04:32:42.932+0000] {processor.py:766} INFO - DAG(s) dict_keys(['example_nested_branch_dag']) retrieved from /home/airflow/.local/lib/python3.7/site-packages/airflow/example_dags/example_nested_branch_dag.py
[2024-09-24T04:32:42.993+0000] {logging_mixin.py:120} INFO - [2024-09-24T04:32:42.993+0000] {dag.py:2585} INFO - Sync 1 DAGs
[2024-09-24T04:32:43.031+0000] {logging_mixin.py:120} INFO - [2024-09-24T04:32:43.030+0000] {dag.py:3340} INFO - Setting next_dagrun for example_nested_branch_dag to 2024-09-23T00:00:00+00:00, run_after=2024-09-24T00:00:00+00:00
[2024-09-24T04:32:43.059+0000] {processor.py:176} INFO - Processing /home/airflow/.local/lib/python3.7/site-packages/airflow/example_dags/example_nested_branch_dag.py took 0.173 seconds
[2024-09-24T04:33:13.792+0000] {processor.py:154} INFO - Started process (PID=15637) to work on /home/airflow/.local/lib/python3.7/site-packages/airflow/example_dags/example_nested_branch_dag.py
[2024-09-24T04:33:13.793+0000] {processor.py:756} INFO - Processing file /home/airflow/.local/lib/python3.7/site-packages/airflow/example_dags/example_nested_branch_dag.py for tasks to queue
[2024-09-24T04:33:13.795+0000] {logging_mixin.py:120} INFO - [2024-09-24T04:33:13.795+0000] {dagbag.py:537} INFO - Filling up the DagBag from /home/airflow/.local/lib/python3.7/site-packages/airflow/example_dags/example_nested_branch_dag.py
[2024-09-24T04:33:13.831+0000] {processor.py:766} INFO - DAG(s) dict_keys(['example_nested_branch_dag']) retrieved from /home/airflow/.local/lib/python3.7/site-packages/airflow/example_dags/example_nested_branch_dag.py
[2024-09-24T04:33:13.893+0000] {logging_mixin.py:120} INFO - [2024-09-24T04:33:13.893+0000] {dag.py:2585} INFO - Sync 1 DAGs
[2024-09-24T04:33:13.935+0000] {logging_mixin.py:120} INFO - [2024-09-24T04:33:13.935+0000] {dag.py:3340} INFO - Setting next_dagrun for example_nested_branch_dag to 2024-09-23T00:00:00+00:00, run_after=2024-09-24T00:00:00+00:00
[2024-09-24T04:33:13.966+0000] {processor.py:176} INFO - Processing /home/airflow/.local/lib/python3.7/site-packages/airflow/example_dags/example_nested_branch_dag.py took 0.178 seconds
[2024-09-24T04:33:44.016+0000] {processor.py:154} INFO - Started process (PID=15691) to work on /home/airflow/.local/lib/python3.7/site-packages/airflow/example_dags/example_nested_branch_dag.py
[2024-09-24T04:33:44.019+0000] {processor.py:756} INFO - Processing file /home/airflow/.local/lib/python3.7/site-packages/airflow/example_dags/example_nested_branch_dag.py for tasks to queue
[2024-09-24T04:33:44.021+0000] {logging_mixin.py:120} INFO - [2024-09-24T04:33:44.020+0000] {dagbag.py:537} INFO - Filling up the DagBag from /home/airflow/.local/lib/python3.7/site-packages/airflow/example_dags/example_nested_branch_dag.py
[2024-09-24T04:33:44.062+0000] {processor.py:766} INFO - DAG(s) dict_keys(['example_nested_branch_dag']) retrieved from /home/airflow/.local/lib/python3.7/site-packages/airflow/example_dags/example_nested_branch_dag.py
[2024-09-24T04:33:44.122+0000] {logging_mixin.py:120} INFO - [2024-09-24T04:33:44.122+0000] {dag.py:2585} INFO - Sync 1 DAGs
[2024-09-24T04:33:44.162+0000] {logging_mixin.py:120} INFO - [2024-09-24T04:33:44.162+0000] {dag.py:3340} INFO - Setting next_dagrun for example_nested_branch_dag to 2024-09-23T00:00:00+00:00, run_after=2024-09-24T00:00:00+00:00
[2024-09-24T04:33:44.189+0000] {processor.py:176} INFO - Processing /home/airflow/.local/lib/python3.7/site-packages/airflow/example_dags/example_nested_branch_dag.py took 0.177 seconds
[2024-09-24T04:34:14.580+0000] {processor.py:154} INFO - Started process (PID=15754) to work on /home/airflow/.local/lib/python3.7/site-packages/airflow/example_dags/example_nested_branch_dag.py
[2024-09-24T04:34:14.584+0000] {processor.py:756} INFO - Processing file /home/airflow/.local/lib/python3.7/site-packages/airflow/example_dags/example_nested_branch_dag.py for tasks to queue
[2024-09-24T04:34:14.587+0000] {logging_mixin.py:120} INFO - [2024-09-24T04:34:14.587+0000] {dagbag.py:537} INFO - Filling up the DagBag from /home/airflow/.local/lib/python3.7/site-packages/airflow/example_dags/example_nested_branch_dag.py
[2024-09-24T04:34:14.642+0000] {processor.py:766} INFO - DAG(s) dict_keys(['example_nested_branch_dag']) retrieved from /home/airflow/.local/lib/python3.7/site-packages/airflow/example_dags/example_nested_branch_dag.py
[2024-09-24T04:34:14.728+0000] {logging_mixin.py:120} INFO - [2024-09-24T04:34:14.728+0000] {dag.py:2585} INFO - Sync 1 DAGs
[2024-09-24T04:34:14.798+0000] {logging_mixin.py:120} INFO - [2024-09-24T04:34:14.798+0000] {dag.py:3340} INFO - Setting next_dagrun for example_nested_branch_dag to 2024-09-23T00:00:00+00:00, run_after=2024-09-24T00:00:00+00:00
[2024-09-24T04:34:14.856+0000] {processor.py:176} INFO - Processing /home/airflow/.local/lib/python3.7/site-packages/airflow/example_dags/example_nested_branch_dag.py took 0.289 seconds
[2024-09-24T04:34:45.773+0000] {processor.py:154} INFO - Started process (PID=15809) to work on /home/airflow/.local/lib/python3.7/site-packages/airflow/example_dags/example_nested_branch_dag.py
[2024-09-24T04:34:45.777+0000] {processor.py:756} INFO - Processing file /home/airflow/.local/lib/python3.7/site-packages/airflow/example_dags/example_nested_branch_dag.py for tasks to queue
[2024-09-24T04:34:45.778+0000] {logging_mixin.py:120} INFO - [2024-09-24T04:34:45.777+0000] {dagbag.py:537} INFO - Filling up the DagBag from /home/airflow/.local/lib/python3.7/site-packages/airflow/example_dags/example_nested_branch_dag.py
[2024-09-24T04:34:45.817+0000] {processor.py:766} INFO - DAG(s) dict_keys(['example_nested_branch_dag']) retrieved from /home/airflow/.local/lib/python3.7/site-packages/airflow/example_dags/example_nested_branch_dag.py
[2024-09-24T04:34:45.885+0000] {logging_mixin.py:120} INFO - [2024-09-24T04:34:45.884+0000] {dag.py:2585} INFO - Sync 1 DAGs
[2024-09-24T04:34:45.929+0000] {logging_mixin.py:120} INFO - [2024-09-24T04:34:45.929+0000] {dag.py:3340} INFO - Setting next_dagrun for example_nested_branch_dag to 2024-09-23T00:00:00+00:00, run_after=2024-09-24T00:00:00+00:00
[2024-09-24T04:34:45.964+0000] {processor.py:176} INFO - Processing /home/airflow/.local/lib/python3.7/site-packages/airflow/example_dags/example_nested_branch_dag.py took 0.196 seconds
[2024-09-24T04:35:16.214+0000] {processor.py:154} INFO - Started process (PID=15872) to work on /home/airflow/.local/lib/python3.7/site-packages/airflow/example_dags/example_nested_branch_dag.py
[2024-09-24T04:35:16.216+0000] {processor.py:756} INFO - Processing file /home/airflow/.local/lib/python3.7/site-packages/airflow/example_dags/example_nested_branch_dag.py for tasks to queue
[2024-09-24T04:35:16.217+0000] {logging_mixin.py:120} INFO - [2024-09-24T04:35:16.217+0000] {dagbag.py:537} INFO - Filling up the DagBag from /home/airflow/.local/lib/python3.7/site-packages/airflow/example_dags/example_nested_branch_dag.py
[2024-09-24T04:35:16.260+0000] {processor.py:766} INFO - DAG(s) dict_keys(['example_nested_branch_dag']) retrieved from /home/airflow/.local/lib/python3.7/site-packages/airflow/example_dags/example_nested_branch_dag.py
[2024-09-24T04:35:16.332+0000] {logging_mixin.py:120} INFO - [2024-09-24T04:35:16.331+0000] {dag.py:2585} INFO - Sync 1 DAGs
[2024-09-24T04:35:16.378+0000] {logging_mixin.py:120} INFO - [2024-09-24T04:35:16.377+0000] {dag.py:3340} INFO - Setting next_dagrun for example_nested_branch_dag to 2024-09-23T00:00:00+00:00, run_after=2024-09-24T00:00:00+00:00
[2024-09-24T04:35:16.415+0000] {processor.py:176} INFO - Processing /home/airflow/.local/lib/python3.7/site-packages/airflow/example_dags/example_nested_branch_dag.py took 0.206 seconds
[2024-09-24T04:35:46.719+0000] {processor.py:154} INFO - Started process (PID=15926) to work on /home/airflow/.local/lib/python3.7/site-packages/airflow/example_dags/example_nested_branch_dag.py
[2024-09-24T04:35:46.721+0000] {processor.py:756} INFO - Processing file /home/airflow/.local/lib/python3.7/site-packages/airflow/example_dags/example_nested_branch_dag.py for tasks to queue
[2024-09-24T04:35:46.723+0000] {logging_mixin.py:120} INFO - [2024-09-24T04:35:46.723+0000] {dagbag.py:537} INFO - Filling up the DagBag from /home/airflow/.local/lib/python3.7/site-packages/airflow/example_dags/example_nested_branch_dag.py
[2024-09-24T04:35:46.765+0000] {processor.py:766} INFO - DAG(s) dict_keys(['example_nested_branch_dag']) retrieved from /home/airflow/.local/lib/python3.7/site-packages/airflow/example_dags/example_nested_branch_dag.py
[2024-09-24T04:35:46.839+0000] {logging_mixin.py:120} INFO - [2024-09-24T04:35:46.839+0000] {dag.py:2585} INFO - Sync 1 DAGs
[2024-09-24T04:35:46.885+0000] {logging_mixin.py:120} INFO - [2024-09-24T04:35:46.885+0000] {dag.py:3340} INFO - Setting next_dagrun for example_nested_branch_dag to 2024-09-23T00:00:00+00:00, run_after=2024-09-24T00:00:00+00:00
[2024-09-24T04:35:46.918+0000] {processor.py:176} INFO - Processing /home/airflow/.local/lib/python3.7/site-packages/airflow/example_dags/example_nested_branch_dag.py took 0.205 seconds
[2024-09-24T04:36:16.962+0000] {processor.py:154} INFO - Started process (PID=15989) to work on /home/airflow/.local/lib/python3.7/site-packages/airflow/example_dags/example_nested_branch_dag.py
[2024-09-24T04:36:16.964+0000] {processor.py:756} INFO - Processing file /home/airflow/.local/lib/python3.7/site-packages/airflow/example_dags/example_nested_branch_dag.py for tasks to queue
[2024-09-24T04:36:16.965+0000] {logging_mixin.py:120} INFO - [2024-09-24T04:36:16.965+0000] {dagbag.py:537} INFO - Filling up the DagBag from /home/airflow/.local/lib/python3.7/site-packages/airflow/example_dags/example_nested_branch_dag.py
[2024-09-24T04:36:17.004+0000] {processor.py:766} INFO - DAG(s) dict_keys(['example_nested_branch_dag']) retrieved from /home/airflow/.local/lib/python3.7/site-packages/airflow/example_dags/example_nested_branch_dag.py
[2024-09-24T04:36:17.071+0000] {logging_mixin.py:120} INFO - [2024-09-24T04:36:17.071+0000] {dag.py:2585} INFO - Sync 1 DAGs
[2024-09-24T04:36:17.111+0000] {logging_mixin.py:120} INFO - [2024-09-24T04:36:17.111+0000] {dag.py:3340} INFO - Setting next_dagrun for example_nested_branch_dag to 2024-09-23T00:00:00+00:00, run_after=2024-09-24T00:00:00+00:00
[2024-09-24T04:36:17.140+0000] {processor.py:176} INFO - Processing /home/airflow/.local/lib/python3.7/site-packages/airflow/example_dags/example_nested_branch_dag.py took 0.183 seconds
[2024-09-24T04:36:48.024+0000] {processor.py:154} INFO - Started process (PID=16043) to work on /home/airflow/.local/lib/python3.7/site-packages/airflow/example_dags/example_nested_branch_dag.py
[2024-09-24T04:36:48.026+0000] {processor.py:756} INFO - Processing file /home/airflow/.local/lib/python3.7/site-packages/airflow/example_dags/example_nested_branch_dag.py for tasks to queue
[2024-09-24T04:36:48.028+0000] {logging_mixin.py:120} INFO - [2024-09-24T04:36:48.028+0000] {dagbag.py:537} INFO - Filling up the DagBag from /home/airflow/.local/lib/python3.7/site-packages/airflow/example_dags/example_nested_branch_dag.py
[2024-09-24T04:36:48.063+0000] {processor.py:766} INFO - DAG(s) dict_keys(['example_nested_branch_dag']) retrieved from /home/airflow/.local/lib/python3.7/site-packages/airflow/example_dags/example_nested_branch_dag.py
[2024-09-24T04:36:48.131+0000] {logging_mixin.py:120} INFO - [2024-09-24T04:36:48.130+0000] {dag.py:2585} INFO - Sync 1 DAGs
[2024-09-24T04:36:48.180+0000] {logging_mixin.py:120} INFO - [2024-09-24T04:36:48.180+0000] {dag.py:3340} INFO - Setting next_dagrun for example_nested_branch_dag to 2024-09-23T00:00:00+00:00, run_after=2024-09-24T00:00:00+00:00
[2024-09-24T04:36:48.226+0000] {processor.py:176} INFO - Processing /home/airflow/.local/lib/python3.7/site-packages/airflow/example_dags/example_nested_branch_dag.py took 0.207 seconds
[2024-09-24T04:37:18.405+0000] {processor.py:154} INFO - Started process (PID=16106) to work on /home/airflow/.local/lib/python3.7/site-packages/airflow/example_dags/example_nested_branch_dag.py
[2024-09-24T04:37:18.407+0000] {processor.py:756} INFO - Processing file /home/airflow/.local/lib/python3.7/site-packages/airflow/example_dags/example_nested_branch_dag.py for tasks to queue
[2024-09-24T04:37:18.408+0000] {logging_mixin.py:120} INFO - [2024-09-24T04:37:18.408+0000] {dagbag.py:537} INFO - Filling up the DagBag from /home/airflow/.local/lib/python3.7/site-packages/airflow/example_dags/example_nested_branch_dag.py
[2024-09-24T04:37:18.445+0000] {processor.py:766} INFO - DAG(s) dict_keys(['example_nested_branch_dag']) retrieved from /home/airflow/.local/lib/python3.7/site-packages/airflow/example_dags/example_nested_branch_dag.py
[2024-09-24T04:37:18.495+0000] {logging_mixin.py:120} INFO - [2024-09-24T04:37:18.495+0000] {dag.py:2585} INFO - Sync 1 DAGs
[2024-09-24T04:37:18.526+0000] {logging_mixin.py:120} INFO - [2024-09-24T04:37:18.526+0000] {dag.py:3340} INFO - Setting next_dagrun for example_nested_branch_dag to 2024-09-23T00:00:00+00:00, run_after=2024-09-24T00:00:00+00:00
[2024-09-24T04:37:18.549+0000] {processor.py:176} INFO - Processing /home/airflow/.local/lib/python3.7/site-packages/airflow/example_dags/example_nested_branch_dag.py took 0.149 seconds
[2024-09-24T04:37:49.698+0000] {processor.py:154} INFO - Started process (PID=16129) to work on /home/airflow/.local/lib/python3.7/site-packages/airflow/example_dags/example_nested_branch_dag.py
[2024-09-24T04:37:49.705+0000] {processor.py:756} INFO - Processing file /home/airflow/.local/lib/python3.7/site-packages/airflow/example_dags/example_nested_branch_dag.py for tasks to queue
[2024-09-24T04:37:49.709+0000] {logging_mixin.py:120} INFO - [2024-09-24T04:37:49.708+0000] {dagbag.py:537} INFO - Filling up the DagBag from /home/airflow/.local/lib/python3.7/site-packages/airflow/example_dags/example_nested_branch_dag.py
[2024-09-24T04:37:49.854+0000] {processor.py:766} INFO - DAG(s) dict_keys(['example_nested_branch_dag']) retrieved from /home/airflow/.local/lib/python3.7/site-packages/airflow/example_dags/example_nested_branch_dag.py
[2024-09-24T04:37:50.165+0000] {logging_mixin.py:120} INFO - [2024-09-24T04:37:50.164+0000] {dag.py:2585} INFO - Sync 1 DAGs
[2024-09-24T04:37:50.450+0000] {logging_mixin.py:120} INFO - [2024-09-24T04:37:50.449+0000] {dag.py:3340} INFO - Setting next_dagrun for example_nested_branch_dag to 2024-09-23T00:00:00+00:00, run_after=2024-09-24T00:00:00+00:00
[2024-09-24T04:37:50.598+0000] {processor.py:176} INFO - Processing /home/airflow/.local/lib/python3.7/site-packages/airflow/example_dags/example_nested_branch_dag.py took 0.919 seconds
[2024-09-24T06:15:50.213+0000] {processor.py:154} INFO - Started process (PID=16183) to work on /home/airflow/.local/lib/python3.7/site-packages/airflow/example_dags/example_nested_branch_dag.py
[2024-09-24T06:15:50.216+0000] {processor.py:756} INFO - Processing file /home/airflow/.local/lib/python3.7/site-packages/airflow/example_dags/example_nested_branch_dag.py for tasks to queue
[2024-09-24T06:15:50.218+0000] {logging_mixin.py:120} INFO - [2024-09-24T06:15:50.218+0000] {dagbag.py:537} INFO - Filling up the DagBag from /home/airflow/.local/lib/python3.7/site-packages/airflow/example_dags/example_nested_branch_dag.py
[2024-09-24T06:15:50.285+0000] {processor.py:766} INFO - DAG(s) dict_keys(['example_nested_branch_dag']) retrieved from /home/airflow/.local/lib/python3.7/site-packages/airflow/example_dags/example_nested_branch_dag.py
[2024-09-24T06:15:50.379+0000] {logging_mixin.py:120} INFO - [2024-09-24T06:15:50.379+0000] {dag.py:2585} INFO - Sync 1 DAGs
[2024-09-24T06:15:50.450+0000] {logging_mixin.py:120} INFO - [2024-09-24T06:15:50.450+0000] {dag.py:3340} INFO - Setting next_dagrun for example_nested_branch_dag to 2024-09-23T00:00:00+00:00, run_after=2024-09-24T00:00:00+00:00
[2024-09-24T06:15:50.505+0000] {processor.py:176} INFO - Processing /home/airflow/.local/lib/python3.7/site-packages/airflow/example_dags/example_nested_branch_dag.py took 0.298 seconds
[2024-09-24T06:30:58.640+0000] {processor.py:154} INFO - Started process (PID=16246) to work on /home/airflow/.local/lib/python3.7/site-packages/airflow/example_dags/example_nested_branch_dag.py
[2024-09-24T06:30:58.644+0000] {processor.py:756} INFO - Processing file /home/airflow/.local/lib/python3.7/site-packages/airflow/example_dags/example_nested_branch_dag.py for tasks to queue
[2024-09-24T06:30:58.647+0000] {logging_mixin.py:120} INFO - [2024-09-24T06:30:58.646+0000] {dagbag.py:537} INFO - Filling up the DagBag from /home/airflow/.local/lib/python3.7/site-packages/airflow/example_dags/example_nested_branch_dag.py
[2024-09-24T06:30:58.710+0000] {processor.py:766} INFO - DAG(s) dict_keys(['example_nested_branch_dag']) retrieved from /home/airflow/.local/lib/python3.7/site-packages/airflow/example_dags/example_nested_branch_dag.py
[2024-09-24T06:30:58.813+0000] {logging_mixin.py:120} INFO - [2024-09-24T06:30:58.813+0000] {dag.py:2585} INFO - Sync 1 DAGs
[2024-09-24T06:30:58.891+0000] {logging_mixin.py:120} INFO - [2024-09-24T06:30:58.890+0000] {dag.py:3340} INFO - Setting next_dagrun for example_nested_branch_dag to 2024-09-23T00:00:00+00:00, run_after=2024-09-24T00:00:00+00:00
[2024-09-24T06:30:58.940+0000] {processor.py:176} INFO - Processing /home/airflow/.local/lib/python3.7/site-packages/airflow/example_dags/example_nested_branch_dag.py took 0.309 seconds
[2024-09-24T08:40:07.735+0000] {processor.py:154} INFO - Started process (PID=16300) to work on /home/airflow/.local/lib/python3.7/site-packages/airflow/example_dags/example_nested_branch_dag.py
[2024-09-24T08:40:07.741+0000] {processor.py:756} INFO - Processing file /home/airflow/.local/lib/python3.7/site-packages/airflow/example_dags/example_nested_branch_dag.py for tasks to queue
[2024-09-24T08:40:07.744+0000] {logging_mixin.py:120} INFO - [2024-09-24T08:40:07.743+0000] {dagbag.py:537} INFO - Filling up the DagBag from /home/airflow/.local/lib/python3.7/site-packages/airflow/example_dags/example_nested_branch_dag.py
[2024-09-24T08:40:07.814+0000] {processor.py:766} INFO - DAG(s) dict_keys(['example_nested_branch_dag']) retrieved from /home/airflow/.local/lib/python3.7/site-packages/airflow/example_dags/example_nested_branch_dag.py
[2024-09-24T08:40:07.942+0000] {logging_mixin.py:120} INFO - [2024-09-24T08:40:07.942+0000] {dag.py:2585} INFO - Sync 1 DAGs
[2024-09-24T08:40:08.001+0000] {logging_mixin.py:120} INFO - [2024-09-24T08:40:08.001+0000] {dag.py:3340} INFO - Setting next_dagrun for example_nested_branch_dag to 2024-09-23T00:00:00+00:00, run_after=2024-09-24T00:00:00+00:00
[2024-09-24T08:40:08.047+0000] {processor.py:176} INFO - Processing /home/airflow/.local/lib/python3.7/site-packages/airflow/example_dags/example_nested_branch_dag.py took 0.318 seconds
[2024-09-24T11:11:14.544+0000] {processor.py:154} INFO - Started process (PID=16363) to work on /home/airflow/.local/lib/python3.7/site-packages/airflow/example_dags/example_nested_branch_dag.py
[2024-09-24T11:11:14.548+0000] {processor.py:756} INFO - Processing file /home/airflow/.local/lib/python3.7/site-packages/airflow/example_dags/example_nested_branch_dag.py for tasks to queue
[2024-09-24T11:11:14.549+0000] {logging_mixin.py:120} INFO - [2024-09-24T11:11:14.549+0000] {dagbag.py:537} INFO - Filling up the DagBag from /home/airflow/.local/lib/python3.7/site-packages/airflow/example_dags/example_nested_branch_dag.py
[2024-09-24T11:11:14.602+0000] {processor.py:766} INFO - DAG(s) dict_keys(['example_nested_branch_dag']) retrieved from /home/airflow/.local/lib/python3.7/site-packages/airflow/example_dags/example_nested_branch_dag.py
[2024-09-24T11:11:14.704+0000] {logging_mixin.py:120} INFO - [2024-09-24T11:11:14.704+0000] {dag.py:2585} INFO - Sync 1 DAGs
[2024-09-24T11:11:14.764+0000] {logging_mixin.py:120} INFO - [2024-09-24T11:11:14.764+0000] {dag.py:3340} INFO - Setting next_dagrun for example_nested_branch_dag to 2024-09-23T00:00:00+00:00, run_after=2024-09-24T00:00:00+00:00
[2024-09-24T11:11:14.812+0000] {processor.py:176} INFO - Processing /home/airflow/.local/lib/python3.7/site-packages/airflow/example_dags/example_nested_branch_dag.py took 0.276 seconds
[2024-09-24T12:44:46.435+0000] {processor.py:154} INFO - Started process (PID=16426) to work on /home/airflow/.local/lib/python3.7/site-packages/airflow/example_dags/example_nested_branch_dag.py
[2024-09-24T12:44:46.438+0000] {processor.py:756} INFO - Processing file /home/airflow/.local/lib/python3.7/site-packages/airflow/example_dags/example_nested_branch_dag.py for tasks to queue
[2024-09-24T12:44:46.439+0000] {logging_mixin.py:120} INFO - [2024-09-24T12:44:46.438+0000] {dagbag.py:537} INFO - Filling up the DagBag from /home/airflow/.local/lib/python3.7/site-packages/airflow/example_dags/example_nested_branch_dag.py
[2024-09-24T12:44:46.473+0000] {processor.py:766} INFO - DAG(s) dict_keys(['example_nested_branch_dag']) retrieved from /home/airflow/.local/lib/python3.7/site-packages/airflow/example_dags/example_nested_branch_dag.py
[2024-09-24T12:44:46.529+0000] {logging_mixin.py:120} INFO - [2024-09-24T12:44:46.529+0000] {dag.py:2585} INFO - Sync 1 DAGs
[2024-09-24T12:44:46.562+0000] {logging_mixin.py:120} INFO - [2024-09-24T12:44:46.562+0000] {dag.py:3340} INFO - Setting next_dagrun for example_nested_branch_dag to 2024-09-23T00:00:00+00:00, run_after=2024-09-24T00:00:00+00:00
[2024-09-24T12:44:46.592+0000] {processor.py:176} INFO - Processing /home/airflow/.local/lib/python3.7/site-packages/airflow/example_dags/example_nested_branch_dag.py took 0.161 seconds
[2024-09-24T14:24:36.836+0000] {processor.py:154} INFO - Started process (PID=16480) to work on /home/airflow/.local/lib/python3.7/site-packages/airflow/example_dags/example_nested_branch_dag.py
[2024-09-24T14:24:36.839+0000] {processor.py:756} INFO - Processing file /home/airflow/.local/lib/python3.7/site-packages/airflow/example_dags/example_nested_branch_dag.py for tasks to queue
[2024-09-24T14:24:36.841+0000] {logging_mixin.py:120} INFO - [2024-09-24T14:24:36.841+0000] {dagbag.py:537} INFO - Filling up the DagBag from /home/airflow/.local/lib/python3.7/site-packages/airflow/example_dags/example_nested_branch_dag.py
[2024-09-24T14:24:36.913+0000] {processor.py:766} INFO - DAG(s) dict_keys(['example_nested_branch_dag']) retrieved from /home/airflow/.local/lib/python3.7/site-packages/airflow/example_dags/example_nested_branch_dag.py
[2024-09-24T14:24:37.014+0000] {logging_mixin.py:120} INFO - [2024-09-24T14:24:37.013+0000] {dag.py:2585} INFO - Sync 1 DAGs
[2024-09-24T14:24:37.082+0000] {logging_mixin.py:120} INFO - [2024-09-24T14:24:37.082+0000] {dag.py:3340} INFO - Setting next_dagrun for example_nested_branch_dag to 2024-09-23T00:00:00+00:00, run_after=2024-09-24T00:00:00+00:00
[2024-09-24T14:24:37.130+0000] {processor.py:176} INFO - Processing /home/airflow/.local/lib/python3.7/site-packages/airflow/example_dags/example_nested_branch_dag.py took 0.302 seconds
[2024-09-24T14:26:37.524+0000] {processor.py:154} INFO - Started process (PID=16543) to work on /home/airflow/.local/lib/python3.7/site-packages/airflow/example_dags/example_nested_branch_dag.py
[2024-09-24T14:26:37.527+0000] {processor.py:756} INFO - Processing file /home/airflow/.local/lib/python3.7/site-packages/airflow/example_dags/example_nested_branch_dag.py for tasks to queue
[2024-09-24T14:26:37.528+0000] {logging_mixin.py:120} INFO - [2024-09-24T14:26:37.528+0000] {dagbag.py:537} INFO - Filling up the DagBag from /home/airflow/.local/lib/python3.7/site-packages/airflow/example_dags/example_nested_branch_dag.py
[2024-09-24T14:26:37.559+0000] {processor.py:766} INFO - DAG(s) dict_keys(['example_nested_branch_dag']) retrieved from /home/airflow/.local/lib/python3.7/site-packages/airflow/example_dags/example_nested_branch_dag.py
[2024-09-24T14:26:37.618+0000] {logging_mixin.py:120} INFO - [2024-09-24T14:26:37.618+0000] {dag.py:2585} INFO - Sync 1 DAGs
[2024-09-24T14:26:37.650+0000] {logging_mixin.py:120} INFO - [2024-09-24T14:26:37.650+0000] {dag.py:3340} INFO - Setting next_dagrun for example_nested_branch_dag to 2024-09-23T00:00:00+00:00, run_after=2024-09-24T00:00:00+00:00
[2024-09-24T14:26:37.673+0000] {processor.py:176} INFO - Processing /home/airflow/.local/lib/python3.7/site-packages/airflow/example_dags/example_nested_branch_dag.py took 0.153 seconds
[2024-09-24T15:00:59.896+0000] {processor.py:154} INFO - Started process (PID=16597) to work on /home/airflow/.local/lib/python3.7/site-packages/airflow/example_dags/example_nested_branch_dag.py
[2024-09-24T15:00:59.899+0000] {processor.py:756} INFO - Processing file /home/airflow/.local/lib/python3.7/site-packages/airflow/example_dags/example_nested_branch_dag.py for tasks to queue
[2024-09-24T15:00:59.901+0000] {logging_mixin.py:120} INFO - [2024-09-24T15:00:59.901+0000] {dagbag.py:537} INFO - Filling up the DagBag from /home/airflow/.local/lib/python3.7/site-packages/airflow/example_dags/example_nested_branch_dag.py
[2024-09-24T15:00:59.954+0000] {processor.py:766} INFO - DAG(s) dict_keys(['example_nested_branch_dag']) retrieved from /home/airflow/.local/lib/python3.7/site-packages/airflow/example_dags/example_nested_branch_dag.py
[2024-09-24T15:01:00.058+0000] {logging_mixin.py:120} INFO - [2024-09-24T15:01:00.057+0000] {dag.py:2585} INFO - Sync 1 DAGs
[2024-09-24T15:01:00.122+0000] {logging_mixin.py:120} INFO - [2024-09-24T15:01:00.121+0000] {dag.py:3340} INFO - Setting next_dagrun for example_nested_branch_dag to 2024-09-23T00:00:00+00:00, run_after=2024-09-24T00:00:00+00:00
[2024-09-24T15:01:00.176+0000] {processor.py:176} INFO - Processing /home/airflow/.local/lib/python3.7/site-packages/airflow/example_dags/example_nested_branch_dag.py took 0.289 seconds
[2024-09-24T16:32:24.982+0000] {processor.py:154} INFO - Started process (PID=16660) to work on /home/airflow/.local/lib/python3.7/site-packages/airflow/example_dags/example_nested_branch_dag.py
[2024-09-24T16:32:25.005+0000] {processor.py:756} INFO - Processing file /home/airflow/.local/lib/python3.7/site-packages/airflow/example_dags/example_nested_branch_dag.py for tasks to queue
[2024-09-24T16:32:25.012+0000] {logging_mixin.py:120} INFO - [2024-09-24T16:32:25.012+0000] {dagbag.py:537} INFO - Filling up the DagBag from /home/airflow/.local/lib/python3.7/site-packages/airflow/example_dags/example_nested_branch_dag.py
[2024-09-24T16:32:25.206+0000] {processor.py:766} INFO - DAG(s) dict_keys(['example_nested_branch_dag']) retrieved from /home/airflow/.local/lib/python3.7/site-packages/airflow/example_dags/example_nested_branch_dag.py
[2024-09-24T16:32:25.281+0000] {logging_mixin.py:120} INFO - [2024-09-24T16:32:25.281+0000] {dag.py:2585} INFO - Sync 1 DAGs
[2024-09-24T16:32:25.314+0000] {logging_mixin.py:120} INFO - [2024-09-24T16:32:25.314+0000] {dag.py:3340} INFO - Setting next_dagrun for example_nested_branch_dag to 2024-09-23T00:00:00+00:00, run_after=2024-09-24T00:00:00+00:00
[2024-09-24T16:32:25.346+0000] {processor.py:176} INFO - Processing /home/airflow/.local/lib/python3.7/site-packages/airflow/example_dags/example_nested_branch_dag.py took 0.375 seconds
[2024-09-24T16:38:39.588+0000] {processor.py:154} INFO - Started process (PID=16714) to work on /home/airflow/.local/lib/python3.7/site-packages/airflow/example_dags/example_nested_branch_dag.py
[2024-09-24T16:38:39.598+0000] {processor.py:756} INFO - Processing file /home/airflow/.local/lib/python3.7/site-packages/airflow/example_dags/example_nested_branch_dag.py for tasks to queue
[2024-09-24T16:38:39.605+0000] {logging_mixin.py:120} INFO - [2024-09-24T16:38:39.603+0000] {dagbag.py:537} INFO - Filling up the DagBag from /home/airflow/.local/lib/python3.7/site-packages/airflow/example_dags/example_nested_branch_dag.py
[2024-09-24T16:38:39.936+0000] {processor.py:766} INFO - DAG(s) dict_keys(['example_nested_branch_dag']) retrieved from /home/airflow/.local/lib/python3.7/site-packages/airflow/example_dags/example_nested_branch_dag.py
[2024-09-24T16:38:40.333+0000] {logging_mixin.py:120} INFO - [2024-09-24T16:38:40.332+0000] {dag.py:2585} INFO - Sync 1 DAGs
[2024-09-24T16:38:40.573+0000] {logging_mixin.py:120} INFO - [2024-09-24T16:38:40.572+0000] {dag.py:3340} INFO - Setting next_dagrun for example_nested_branch_dag to 2024-09-23T00:00:00+00:00, run_after=2024-09-24T00:00:00+00:00
[2024-09-24T16:38:40.760+0000] {processor.py:176} INFO - Processing /home/airflow/.local/lib/python3.7/site-packages/airflow/example_dags/example_nested_branch_dag.py took 1.205 seconds
[2024-09-24T17:03:27.309+0000] {processor.py:154} INFO - Started process (PID=16768) to work on /home/airflow/.local/lib/python3.7/site-packages/airflow/example_dags/example_nested_branch_dag.py
[2024-09-24T17:03:27.317+0000] {processor.py:756} INFO - Processing file /home/airflow/.local/lib/python3.7/site-packages/airflow/example_dags/example_nested_branch_dag.py for tasks to queue
[2024-09-24T17:03:27.325+0000] {logging_mixin.py:120} INFO - [2024-09-24T17:03:27.323+0000] {dagbag.py:537} INFO - Filling up the DagBag from /home/airflow/.local/lib/python3.7/site-packages/airflow/example_dags/example_nested_branch_dag.py
[2024-09-24T17:03:27.517+0000] {processor.py:766} INFO - DAG(s) dict_keys(['example_nested_branch_dag']) retrieved from /home/airflow/.local/lib/python3.7/site-packages/airflow/example_dags/example_nested_branch_dag.py
[2024-09-24T17:03:27.832+0000] {logging_mixin.py:120} INFO - [2024-09-24T17:03:27.831+0000] {dag.py:2585} INFO - Sync 1 DAGs
[2024-09-24T17:03:28.120+0000] {logging_mixin.py:120} INFO - [2024-09-24T17:03:28.119+0000] {dag.py:3340} INFO - Setting next_dagrun for example_nested_branch_dag to 2024-09-23T00:00:00+00:00, run_after=2024-09-24T00:00:00+00:00
[2024-09-24T17:03:28.281+0000] {processor.py:176} INFO - Processing /home/airflow/.local/lib/python3.7/site-packages/airflow/example_dags/example_nested_branch_dag.py took 1.009 seconds
[2024-09-24T17:24:17.133+0000] {processor.py:154} INFO - Started process (PID=16822) to work on /home/airflow/.local/lib/python3.7/site-packages/airflow/example_dags/example_nested_branch_dag.py
[2024-09-24T17:24:17.147+0000] {processor.py:756} INFO - Processing file /home/airflow/.local/lib/python3.7/site-packages/airflow/example_dags/example_nested_branch_dag.py for tasks to queue
[2024-09-24T17:24:17.158+0000] {logging_mixin.py:120} INFO - [2024-09-24T17:24:17.156+0000] {dagbag.py:537} INFO - Filling up the DagBag from /home/airflow/.local/lib/python3.7/site-packages/airflow/example_dags/example_nested_branch_dag.py
[2024-09-24T17:24:17.419+0000] {processor.py:766} INFO - DAG(s) dict_keys(['example_nested_branch_dag']) retrieved from /home/airflow/.local/lib/python3.7/site-packages/airflow/example_dags/example_nested_branch_dag.py
[2024-09-24T17:24:17.822+0000] {logging_mixin.py:120} INFO - [2024-09-24T17:24:17.820+0000] {dag.py:2585} INFO - Sync 1 DAGs
[2024-09-24T17:24:18.131+0000] {logging_mixin.py:120} INFO - [2024-09-24T17:24:18.130+0000] {dag.py:3340} INFO - Setting next_dagrun for example_nested_branch_dag to 2024-09-23T00:00:00+00:00, run_after=2024-09-24T00:00:00+00:00
[2024-09-24T17:24:18.327+0000] {processor.py:176} INFO - Processing /home/airflow/.local/lib/python3.7/site-packages/airflow/example_dags/example_nested_branch_dag.py took 1.226 seconds
[2024-09-24T18:04:22.502+0000] {processor.py:154} INFO - Started process (PID=16876) to work on /home/airflow/.local/lib/python3.7/site-packages/airflow/example_dags/example_nested_branch_dag.py
[2024-09-24T18:04:22.511+0000] {processor.py:756} INFO - Processing file /home/airflow/.local/lib/python3.7/site-packages/airflow/example_dags/example_nested_branch_dag.py for tasks to queue
[2024-09-24T18:04:22.516+0000] {logging_mixin.py:120} INFO - [2024-09-24T18:04:22.515+0000] {dagbag.py:537} INFO - Filling up the DagBag from /home/airflow/.local/lib/python3.7/site-packages/airflow/example_dags/example_nested_branch_dag.py
[2024-09-24T18:04:22.728+0000] {processor.py:766} INFO - DAG(s) dict_keys(['example_nested_branch_dag']) retrieved from /home/airflow/.local/lib/python3.7/site-packages/airflow/example_dags/example_nested_branch_dag.py
[2024-09-24T18:04:23.034+0000] {logging_mixin.py:120} INFO - [2024-09-24T18:04:23.033+0000] {dag.py:2585} INFO - Sync 1 DAGs
[2024-09-24T18:04:23.378+0000] {logging_mixin.py:120} INFO - [2024-09-24T18:04:23.377+0000] {dag.py:3340} INFO - Setting next_dagrun for example_nested_branch_dag to 2024-09-23T00:00:00+00:00, run_after=2024-09-24T00:00:00+00:00
[2024-09-24T18:04:23.563+0000] {processor.py:176} INFO - Processing /home/airflow/.local/lib/python3.7/site-packages/airflow/example_dags/example_nested_branch_dag.py took 1.082 seconds
[2024-09-24T19:05:22.376+0000] {processor.py:154} INFO - Started process (PID=16921) to work on /home/airflow/.local/lib/python3.7/site-packages/airflow/example_dags/example_nested_branch_dag.py
[2024-09-24T19:05:22.386+0000] {processor.py:756} INFO - Processing file /home/airflow/.local/lib/python3.7/site-packages/airflow/example_dags/example_nested_branch_dag.py for tasks to queue
[2024-09-24T19:05:22.395+0000] {logging_mixin.py:120} INFO - [2024-09-24T19:05:22.393+0000] {dagbag.py:537} INFO - Filling up the DagBag from /home/airflow/.local/lib/python3.7/site-packages/airflow/example_dags/example_nested_branch_dag.py
[2024-09-24T19:05:22.696+0000] {processor.py:766} INFO - DAG(s) dict_keys(['example_nested_branch_dag']) retrieved from /home/airflow/.local/lib/python3.7/site-packages/airflow/example_dags/example_nested_branch_dag.py
[2024-09-24T19:05:23.197+0000] {logging_mixin.py:120} INFO - [2024-09-24T19:05:23.195+0000] {dag.py:2585} INFO - Sync 1 DAGs
[2024-09-24T19:05:23.471+0000] {logging_mixin.py:120} INFO - [2024-09-24T19:05:23.470+0000] {dag.py:3340} INFO - Setting next_dagrun for example_nested_branch_dag to 2024-09-23T00:00:00+00:00, run_after=2024-09-24T00:00:00+00:00
[2024-09-24T19:05:23.641+0000] {processor.py:176} INFO - Processing /home/airflow/.local/lib/python3.7/site-packages/airflow/example_dags/example_nested_branch_dag.py took 1.299 seconds
[2024-09-24T20:06:28.279+0000] {processor.py:154} INFO - Started process (PID=16975) to work on /home/airflow/.local/lib/python3.7/site-packages/airflow/example_dags/example_nested_branch_dag.py
[2024-09-24T20:06:28.288+0000] {processor.py:756} INFO - Processing file /home/airflow/.local/lib/python3.7/site-packages/airflow/example_dags/example_nested_branch_dag.py for tasks to queue
[2024-09-24T20:06:28.293+0000] {logging_mixin.py:120} INFO - [2024-09-24T20:06:28.292+0000] {dagbag.py:537} INFO - Filling up the DagBag from /home/airflow/.local/lib/python3.7/site-packages/airflow/example_dags/example_nested_branch_dag.py
[2024-09-24T20:06:28.455+0000] {processor.py:766} INFO - DAG(s) dict_keys(['example_nested_branch_dag']) retrieved from /home/airflow/.local/lib/python3.7/site-packages/airflow/example_dags/example_nested_branch_dag.py
[2024-09-24T20:06:28.719+0000] {logging_mixin.py:120} INFO - [2024-09-24T20:06:28.718+0000] {dag.py:2585} INFO - Sync 1 DAGs
[2024-09-24T20:06:28.900+0000] {logging_mixin.py:120} INFO - [2024-09-24T20:06:28.900+0000] {dag.py:3340} INFO - Setting next_dagrun for example_nested_branch_dag to 2024-09-23T00:00:00+00:00, run_after=2024-09-24T00:00:00+00:00
[2024-09-24T20:06:29.097+0000] {processor.py:176} INFO - Processing /home/airflow/.local/lib/python3.7/site-packages/airflow/example_dags/example_nested_branch_dag.py took 0.841 seconds
[2024-09-24T22:08:20.023+0000] {processor.py:154} INFO - Started process (PID=17029) to work on /home/airflow/.local/lib/python3.7/site-packages/airflow/example_dags/example_nested_branch_dag.py
[2024-09-24T22:08:20.026+0000] {processor.py:756} INFO - Processing file /home/airflow/.local/lib/python3.7/site-packages/airflow/example_dags/example_nested_branch_dag.py for tasks to queue
[2024-09-24T22:08:20.028+0000] {logging_mixin.py:120} INFO - [2024-09-24T22:08:20.028+0000] {dagbag.py:537} INFO - Filling up the DagBag from /home/airflow/.local/lib/python3.7/site-packages/airflow/example_dags/example_nested_branch_dag.py
[2024-09-24T22:08:20.087+0000] {processor.py:766} INFO - DAG(s) dict_keys(['example_nested_branch_dag']) retrieved from /home/airflow/.local/lib/python3.7/site-packages/airflow/example_dags/example_nested_branch_dag.py
[2024-09-24T22:08:20.176+0000] {logging_mixin.py:120} INFO - [2024-09-24T22:08:20.176+0000] {dag.py:2585} INFO - Sync 1 DAGs
[2024-09-24T22:08:20.235+0000] {logging_mixin.py:120} INFO - [2024-09-24T22:08:20.234+0000] {dag.py:3340} INFO - Setting next_dagrun for example_nested_branch_dag to 2024-09-23T00:00:00+00:00, run_after=2024-09-24T00:00:00+00:00
[2024-09-24T22:08:20.286+0000] {processor.py:176} INFO - Processing /home/airflow/.local/lib/python3.7/site-packages/airflow/example_dags/example_nested_branch_dag.py took 0.271 seconds
