[2024-09-24T01:38:21.033+0000] {processor.py:154} INFO - Started process (PID=13885) to work on /home/airflow/.local/lib/python3.7/site-packages/airflow/example_dags/example_trigger_target_dag.py
[2024-09-24T01:38:21.035+0000] {processor.py:756} INFO - Processing file /home/airflow/.local/lib/python3.7/site-packages/airflow/example_dags/example_trigger_target_dag.py for tasks to queue
[2024-09-24T01:38:21.037+0000] {logging_mixin.py:120} INFO - [2024-09-24T01:38:21.036+0000] {dagbag.py:537} INFO - Filling up the DagBag from /home/airflow/.local/lib/python3.7/site-packages/airflow/example_dags/example_trigger_target_dag.py
[2024-09-24T01:38:21.086+0000] {processor.py:766} INFO - DAG(s) dict_keys(['example_trigger_target_dag']) retrieved from /home/airflow/.local/lib/python3.7/site-packages/airflow/example_dags/example_trigger_target_dag.py
[2024-09-24T01:38:21.190+0000] {logging_mixin.py:120} INFO - [2024-09-24T01:38:21.189+0000] {dag.py:2585} INFO - Sync 1 DAGs
[2024-09-24T01:38:21.254+0000] {logging_mixin.py:120} INFO - [2024-09-24T01:38:21.254+0000] {dag.py:3340} INFO - Setting next_dagrun for example_trigger_target_dag to None, run_after=None
[2024-09-24T01:38:21.319+0000] {processor.py:176} INFO - Processing /home/airflow/.local/lib/python3.7/site-packages/airflow/example_dags/example_trigger_target_dag.py took 0.292 seconds
[2024-09-24T01:41:43.181+0000] {processor.py:154} INFO - Started process (PID=13932) to work on /home/airflow/.local/lib/python3.7/site-packages/airflow/example_dags/example_trigger_target_dag.py
[2024-09-24T01:41:43.183+0000] {processor.py:756} INFO - Processing file /home/airflow/.local/lib/python3.7/site-packages/airflow/example_dags/example_trigger_target_dag.py for tasks to queue
[2024-09-24T01:41:43.187+0000] {logging_mixin.py:120} INFO - [2024-09-24T01:41:43.187+0000] {dagbag.py:537} INFO - Filling up the DagBag from /home/airflow/.local/lib/python3.7/site-packages/airflow/example_dags/example_trigger_target_dag.py
[2024-09-24T01:41:43.237+0000] {processor.py:766} INFO - DAG(s) dict_keys(['example_trigger_target_dag']) retrieved from /home/airflow/.local/lib/python3.7/site-packages/airflow/example_dags/example_trigger_target_dag.py
[2024-09-24T01:41:43.359+0000] {logging_mixin.py:120} INFO - [2024-09-24T01:41:43.358+0000] {dag.py:2585} INFO - Sync 1 DAGs
[2024-09-24T01:41:43.421+0000] {logging_mixin.py:120} INFO - [2024-09-24T01:41:43.421+0000] {dag.py:3340} INFO - Setting next_dagrun for example_trigger_target_dag to None, run_after=None
[2024-09-24T01:41:43.465+0000] {processor.py:176} INFO - Processing /home/airflow/.local/lib/python3.7/site-packages/airflow/example_dags/example_trigger_target_dag.py took 0.291 seconds
[2024-09-24T03:27:56.769+0000] {processor.py:154} INFO - Started process (PID=13995) to work on /home/airflow/.local/lib/python3.7/site-packages/airflow/example_dags/example_trigger_target_dag.py
[2024-09-24T03:27:56.770+0000] {processor.py:756} INFO - Processing file /home/airflow/.local/lib/python3.7/site-packages/airflow/example_dags/example_trigger_target_dag.py for tasks to queue
[2024-09-24T03:27:56.772+0000] {logging_mixin.py:120} INFO - [2024-09-24T03:27:56.771+0000] {dagbag.py:537} INFO - Filling up the DagBag from /home/airflow/.local/lib/python3.7/site-packages/airflow/example_dags/example_trigger_target_dag.py
[2024-09-24T03:27:56.811+0000] {processor.py:766} INFO - DAG(s) dict_keys(['example_trigger_target_dag']) retrieved from /home/airflow/.local/lib/python3.7/site-packages/airflow/example_dags/example_trigger_target_dag.py
[2024-09-24T03:27:56.879+0000] {logging_mixin.py:120} INFO - [2024-09-24T03:27:56.879+0000] {dag.py:2585} INFO - Sync 1 DAGs
[2024-09-24T03:27:56.922+0000] {logging_mixin.py:120} INFO - [2024-09-24T03:27:56.922+0000] {dag.py:3340} INFO - Setting next_dagrun for example_trigger_target_dag to None, run_after=None
[2024-09-24T03:27:56.955+0000] {processor.py:176} INFO - Processing /home/airflow/.local/lib/python3.7/site-packages/airflow/example_dags/example_trigger_target_dag.py took 0.192 seconds
[2024-09-24T04:19:38.292+0000] {processor.py:154} INFO - Started process (PID=14058) to work on /home/airflow/.local/lib/python3.7/site-packages/airflow/example_dags/example_trigger_target_dag.py
[2024-09-24T04:19:38.297+0000] {processor.py:756} INFO - Processing file /home/airflow/.local/lib/python3.7/site-packages/airflow/example_dags/example_trigger_target_dag.py for tasks to queue
[2024-09-24T04:19:38.299+0000] {logging_mixin.py:120} INFO - [2024-09-24T04:19:38.299+0000] {dagbag.py:537} INFO - Filling up the DagBag from /home/airflow/.local/lib/python3.7/site-packages/airflow/example_dags/example_trigger_target_dag.py
[2024-09-24T04:19:38.352+0000] {processor.py:766} INFO - DAG(s) dict_keys(['example_trigger_target_dag']) retrieved from /home/airflow/.local/lib/python3.7/site-packages/airflow/example_dags/example_trigger_target_dag.py
[2024-09-24T04:19:38.458+0000] {logging_mixin.py:120} INFO - [2024-09-24T04:19:38.458+0000] {dag.py:2585} INFO - Sync 1 DAGs
[2024-09-24T04:19:38.546+0000] {logging_mixin.py:120} INFO - [2024-09-24T04:19:38.545+0000] {dag.py:3340} INFO - Setting next_dagrun for example_trigger_target_dag to None, run_after=None
[2024-09-24T04:19:38.597+0000] {processor.py:176} INFO - Processing /home/airflow/.local/lib/python3.7/site-packages/airflow/example_dags/example_trigger_target_dag.py took 0.310 seconds
[2024-09-24T04:20:09.057+0000] {processor.py:154} INFO - Started process (PID=14112) to work on /home/airflow/.local/lib/python3.7/site-packages/airflow/example_dags/example_trigger_target_dag.py
[2024-09-24T04:20:09.058+0000] {processor.py:756} INFO - Processing file /home/airflow/.local/lib/python3.7/site-packages/airflow/example_dags/example_trigger_target_dag.py for tasks to queue
[2024-09-24T04:20:09.059+0000] {logging_mixin.py:120} INFO - [2024-09-24T04:20:09.059+0000] {dagbag.py:537} INFO - Filling up the DagBag from /home/airflow/.local/lib/python3.7/site-packages/airflow/example_dags/example_trigger_target_dag.py
[2024-09-24T04:20:09.088+0000] {processor.py:766} INFO - DAG(s) dict_keys(['example_trigger_target_dag']) retrieved from /home/airflow/.local/lib/python3.7/site-packages/airflow/example_dags/example_trigger_target_dag.py
[2024-09-24T04:20:09.151+0000] {logging_mixin.py:120} INFO - [2024-09-24T04:20:09.151+0000] {dag.py:2585} INFO - Sync 1 DAGs
[2024-09-24T04:20:09.185+0000] {logging_mixin.py:120} INFO - [2024-09-24T04:20:09.185+0000] {dag.py:3340} INFO - Setting next_dagrun for example_trigger_target_dag to None, run_after=None
[2024-09-24T04:20:09.214+0000] {processor.py:176} INFO - Processing /home/airflow/.local/lib/python3.7/site-packages/airflow/example_dags/example_trigger_target_dag.py took 0.161 seconds
[2024-09-24T04:20:39.437+0000] {processor.py:154} INFO - Started process (PID=14174) to work on /home/airflow/.local/lib/python3.7/site-packages/airflow/example_dags/example_trigger_target_dag.py
[2024-09-24T04:20:39.440+0000] {processor.py:756} INFO - Processing file /home/airflow/.local/lib/python3.7/site-packages/airflow/example_dags/example_trigger_target_dag.py for tasks to queue
[2024-09-24T04:20:39.441+0000] {logging_mixin.py:120} INFO - [2024-09-24T04:20:39.441+0000] {dagbag.py:537} INFO - Filling up the DagBag from /home/airflow/.local/lib/python3.7/site-packages/airflow/example_dags/example_trigger_target_dag.py
[2024-09-24T04:20:39.466+0000] {processor.py:766} INFO - DAG(s) dict_keys(['example_trigger_target_dag']) retrieved from /home/airflow/.local/lib/python3.7/site-packages/airflow/example_dags/example_trigger_target_dag.py
[2024-09-24T04:20:39.521+0000] {logging_mixin.py:120} INFO - [2024-09-24T04:20:39.520+0000] {dag.py:2585} INFO - Sync 1 DAGs
[2024-09-24T04:20:39.550+0000] {logging_mixin.py:120} INFO - [2024-09-24T04:20:39.550+0000] {dag.py:3340} INFO - Setting next_dagrun for example_trigger_target_dag to None, run_after=None
[2024-09-24T04:20:39.577+0000] {processor.py:176} INFO - Processing /home/airflow/.local/lib/python3.7/site-packages/airflow/example_dags/example_trigger_target_dag.py took 0.143 seconds
[2024-09-24T04:21:10.023+0000] {processor.py:154} INFO - Started process (PID=14235) to work on /home/airflow/.local/lib/python3.7/site-packages/airflow/example_dags/example_trigger_target_dag.py
[2024-09-24T04:21:10.025+0000] {processor.py:756} INFO - Processing file /home/airflow/.local/lib/python3.7/site-packages/airflow/example_dags/example_trigger_target_dag.py for tasks to queue
[2024-09-24T04:21:10.026+0000] {logging_mixin.py:120} INFO - [2024-09-24T04:21:10.026+0000] {dagbag.py:537} INFO - Filling up the DagBag from /home/airflow/.local/lib/python3.7/site-packages/airflow/example_dags/example_trigger_target_dag.py
[2024-09-24T04:21:10.055+0000] {processor.py:766} INFO - DAG(s) dict_keys(['example_trigger_target_dag']) retrieved from /home/airflow/.local/lib/python3.7/site-packages/airflow/example_dags/example_trigger_target_dag.py
[2024-09-24T04:21:10.113+0000] {logging_mixin.py:120} INFO - [2024-09-24T04:21:10.113+0000] {dag.py:2585} INFO - Sync 1 DAGs
[2024-09-24T04:21:10.147+0000] {logging_mixin.py:120} INFO - [2024-09-24T04:21:10.147+0000] {dag.py:3340} INFO - Setting next_dagrun for example_trigger_target_dag to None, run_after=None
[2024-09-24T04:21:10.178+0000] {processor.py:176} INFO - Processing /home/airflow/.local/lib/python3.7/site-packages/airflow/example_dags/example_trigger_target_dag.py took 0.162 seconds
[2024-09-24T04:21:40.405+0000] {processor.py:154} INFO - Started process (PID=14291) to work on /home/airflow/.local/lib/python3.7/site-packages/airflow/example_dags/example_trigger_target_dag.py
[2024-09-24T04:21:40.406+0000] {processor.py:756} INFO - Processing file /home/airflow/.local/lib/python3.7/site-packages/airflow/example_dags/example_trigger_target_dag.py for tasks to queue
[2024-09-24T04:21:40.407+0000] {logging_mixin.py:120} INFO - [2024-09-24T04:21:40.407+0000] {dagbag.py:537} INFO - Filling up the DagBag from /home/airflow/.local/lib/python3.7/site-packages/airflow/example_dags/example_trigger_target_dag.py
[2024-09-24T04:21:40.433+0000] {processor.py:766} INFO - DAG(s) dict_keys(['example_trigger_target_dag']) retrieved from /home/airflow/.local/lib/python3.7/site-packages/airflow/example_dags/example_trigger_target_dag.py
[2024-09-24T04:21:40.488+0000] {logging_mixin.py:120} INFO - [2024-09-24T04:21:40.488+0000] {dag.py:2585} INFO - Sync 1 DAGs
[2024-09-24T04:21:40.526+0000] {logging_mixin.py:120} INFO - [2024-09-24T04:21:40.526+0000] {dag.py:3340} INFO - Setting next_dagrun for example_trigger_target_dag to None, run_after=None
[2024-09-24T04:21:40.549+0000] {processor.py:176} INFO - Processing /home/airflow/.local/lib/python3.7/site-packages/airflow/example_dags/example_trigger_target_dag.py took 0.148 seconds
[2024-09-24T04:22:11.043+0000] {processor.py:154} INFO - Started process (PID=14355) to work on /home/airflow/.local/lib/python3.7/site-packages/airflow/example_dags/example_trigger_target_dag.py
[2024-09-24T04:22:11.045+0000] {processor.py:756} INFO - Processing file /home/airflow/.local/lib/python3.7/site-packages/airflow/example_dags/example_trigger_target_dag.py for tasks to queue
[2024-09-24T04:22:11.047+0000] {logging_mixin.py:120} INFO - [2024-09-24T04:22:11.047+0000] {dagbag.py:537} INFO - Filling up the DagBag from /home/airflow/.local/lib/python3.7/site-packages/airflow/example_dags/example_trigger_target_dag.py
[2024-09-24T04:22:11.082+0000] {processor.py:766} INFO - DAG(s) dict_keys(['example_trigger_target_dag']) retrieved from /home/airflow/.local/lib/python3.7/site-packages/airflow/example_dags/example_trigger_target_dag.py
[2024-09-24T04:22:11.156+0000] {logging_mixin.py:120} INFO - [2024-09-24T04:22:11.156+0000] {dag.py:2585} INFO - Sync 1 DAGs
[2024-09-24T04:22:11.205+0000] {logging_mixin.py:120} INFO - [2024-09-24T04:22:11.205+0000] {dag.py:3340} INFO - Setting next_dagrun for example_trigger_target_dag to None, run_after=None
[2024-09-24T04:22:11.246+0000] {processor.py:176} INFO - Processing /home/airflow/.local/lib/python3.7/site-packages/airflow/example_dags/example_trigger_target_dag.py took 0.209 seconds
[2024-09-24T04:22:41.283+0000] {processor.py:154} INFO - Started process (PID=14409) to work on /home/airflow/.local/lib/python3.7/site-packages/airflow/example_dags/example_trigger_target_dag.py
[2024-09-24T04:22:41.284+0000] {processor.py:756} INFO - Processing file /home/airflow/.local/lib/python3.7/site-packages/airflow/example_dags/example_trigger_target_dag.py for tasks to queue
[2024-09-24T04:22:41.285+0000] {logging_mixin.py:120} INFO - [2024-09-24T04:22:41.285+0000] {dagbag.py:537} INFO - Filling up the DagBag from /home/airflow/.local/lib/python3.7/site-packages/airflow/example_dags/example_trigger_target_dag.py
[2024-09-24T04:22:41.312+0000] {processor.py:766} INFO - DAG(s) dict_keys(['example_trigger_target_dag']) retrieved from /home/airflow/.local/lib/python3.7/site-packages/airflow/example_dags/example_trigger_target_dag.py
[2024-09-24T04:22:41.362+0000] {logging_mixin.py:120} INFO - [2024-09-24T04:22:41.362+0000] {dag.py:2585} INFO - Sync 1 DAGs
[2024-09-24T04:22:41.392+0000] {logging_mixin.py:120} INFO - [2024-09-24T04:22:41.392+0000] {dag.py:3340} INFO - Setting next_dagrun for example_trigger_target_dag to None, run_after=None
[2024-09-24T04:22:41.413+0000] {processor.py:176} INFO - Processing /home/airflow/.local/lib/python3.7/site-packages/airflow/example_dags/example_trigger_target_dag.py took 0.134 seconds
[2024-09-24T04:23:11.484+0000] {processor.py:154} INFO - Started process (PID=14472) to work on /home/airflow/.local/lib/python3.7/site-packages/airflow/example_dags/example_trigger_target_dag.py
[2024-09-24T04:23:11.485+0000] {processor.py:756} INFO - Processing file /home/airflow/.local/lib/python3.7/site-packages/airflow/example_dags/example_trigger_target_dag.py for tasks to queue
[2024-09-24T04:23:11.486+0000] {logging_mixin.py:120} INFO - [2024-09-24T04:23:11.486+0000] {dagbag.py:537} INFO - Filling up the DagBag from /home/airflow/.local/lib/python3.7/site-packages/airflow/example_dags/example_trigger_target_dag.py
[2024-09-24T04:23:11.514+0000] {processor.py:766} INFO - DAG(s) dict_keys(['example_trigger_target_dag']) retrieved from /home/airflow/.local/lib/python3.7/site-packages/airflow/example_dags/example_trigger_target_dag.py
[2024-09-24T04:23:11.606+0000] {logging_mixin.py:120} INFO - [2024-09-24T04:23:11.606+0000] {dag.py:2585} INFO - Sync 1 DAGs
[2024-09-24T04:23:11.634+0000] {logging_mixin.py:120} INFO - [2024-09-24T04:23:11.634+0000] {dag.py:3340} INFO - Setting next_dagrun for example_trigger_target_dag to None, run_after=None
[2024-09-24T04:23:11.652+0000] {processor.py:176} INFO - Processing /home/airflow/.local/lib/python3.7/site-packages/airflow/example_dags/example_trigger_target_dag.py took 0.173 seconds
[2024-09-24T04:23:41.977+0000] {processor.py:154} INFO - Started process (PID=14535) to work on /home/airflow/.local/lib/python3.7/site-packages/airflow/example_dags/example_trigger_target_dag.py
[2024-09-24T04:23:41.978+0000] {processor.py:756} INFO - Processing file /home/airflow/.local/lib/python3.7/site-packages/airflow/example_dags/example_trigger_target_dag.py for tasks to queue
[2024-09-24T04:23:41.980+0000] {logging_mixin.py:120} INFO - [2024-09-24T04:23:41.979+0000] {dagbag.py:537} INFO - Filling up the DagBag from /home/airflow/.local/lib/python3.7/site-packages/airflow/example_dags/example_trigger_target_dag.py
[2024-09-24T04:23:42.009+0000] {processor.py:766} INFO - DAG(s) dict_keys(['example_trigger_target_dag']) retrieved from /home/airflow/.local/lib/python3.7/site-packages/airflow/example_dags/example_trigger_target_dag.py
[2024-09-24T04:23:42.061+0000] {logging_mixin.py:120} INFO - [2024-09-24T04:23:42.061+0000] {dag.py:2585} INFO - Sync 1 DAGs
[2024-09-24T04:23:42.091+0000] {logging_mixin.py:120} INFO - [2024-09-24T04:23:42.091+0000] {dag.py:3340} INFO - Setting next_dagrun for example_trigger_target_dag to None, run_after=None
[2024-09-24T04:23:42.114+0000] {processor.py:176} INFO - Processing /home/airflow/.local/lib/python3.7/site-packages/airflow/example_dags/example_trigger_target_dag.py took 0.142 seconds
[2024-09-24T04:24:12.698+0000] {processor.py:154} INFO - Started process (PID=14597) to work on /home/airflow/.local/lib/python3.7/site-packages/airflow/example_dags/example_trigger_target_dag.py
[2024-09-24T04:24:12.700+0000] {processor.py:756} INFO - Processing file /home/airflow/.local/lib/python3.7/site-packages/airflow/example_dags/example_trigger_target_dag.py for tasks to queue
[2024-09-24T04:24:12.701+0000] {logging_mixin.py:120} INFO - [2024-09-24T04:24:12.701+0000] {dagbag.py:537} INFO - Filling up the DagBag from /home/airflow/.local/lib/python3.7/site-packages/airflow/example_dags/example_trigger_target_dag.py
[2024-09-24T04:24:12.733+0000] {processor.py:766} INFO - DAG(s) dict_keys(['example_trigger_target_dag']) retrieved from /home/airflow/.local/lib/python3.7/site-packages/airflow/example_dags/example_trigger_target_dag.py
[2024-09-24T04:24:12.793+0000] {logging_mixin.py:120} INFO - [2024-09-24T04:24:12.793+0000] {dag.py:2585} INFO - Sync 1 DAGs
[2024-09-24T04:24:12.832+0000] {logging_mixin.py:120} INFO - [2024-09-24T04:24:12.831+0000] {dag.py:3340} INFO - Setting next_dagrun for example_trigger_target_dag to None, run_after=None
[2024-09-24T04:24:12.856+0000] {processor.py:176} INFO - Processing /home/airflow/.local/lib/python3.7/site-packages/airflow/example_dags/example_trigger_target_dag.py took 0.162 seconds
[2024-09-24T04:24:43.722+0000] {processor.py:154} INFO - Started process (PID=14651) to work on /home/airflow/.local/lib/python3.7/site-packages/airflow/example_dags/example_trigger_target_dag.py
[2024-09-24T04:24:43.724+0000] {processor.py:756} INFO - Processing file /home/airflow/.local/lib/python3.7/site-packages/airflow/example_dags/example_trigger_target_dag.py for tasks to queue
[2024-09-24T04:24:43.728+0000] {logging_mixin.py:120} INFO - [2024-09-24T04:24:43.728+0000] {dagbag.py:537} INFO - Filling up the DagBag from /home/airflow/.local/lib/python3.7/site-packages/airflow/example_dags/example_trigger_target_dag.py
[2024-09-24T04:24:43.757+0000] {processor.py:766} INFO - DAG(s) dict_keys(['example_trigger_target_dag']) retrieved from /home/airflow/.local/lib/python3.7/site-packages/airflow/example_dags/example_trigger_target_dag.py
[2024-09-24T04:24:43.818+0000] {logging_mixin.py:120} INFO - [2024-09-24T04:24:43.818+0000] {dag.py:2585} INFO - Sync 1 DAGs
[2024-09-24T04:24:43.857+0000] {logging_mixin.py:120} INFO - [2024-09-24T04:24:43.857+0000] {dag.py:3340} INFO - Setting next_dagrun for example_trigger_target_dag to None, run_after=None
[2024-09-24T04:24:43.888+0000] {processor.py:176} INFO - Processing /home/airflow/.local/lib/python3.7/site-packages/airflow/example_dags/example_trigger_target_dag.py took 0.171 seconds
[2024-09-24T04:25:14.198+0000] {processor.py:154} INFO - Started process (PID=14713) to work on /home/airflow/.local/lib/python3.7/site-packages/airflow/example_dags/example_trigger_target_dag.py
[2024-09-24T04:25:14.200+0000] {processor.py:756} INFO - Processing file /home/airflow/.local/lib/python3.7/site-packages/airflow/example_dags/example_trigger_target_dag.py for tasks to queue
[2024-09-24T04:25:14.200+0000] {logging_mixin.py:120} INFO - [2024-09-24T04:25:14.200+0000] {dagbag.py:537} INFO - Filling up the DagBag from /home/airflow/.local/lib/python3.7/site-packages/airflow/example_dags/example_trigger_target_dag.py
[2024-09-24T04:25:14.228+0000] {processor.py:766} INFO - DAG(s) dict_keys(['example_trigger_target_dag']) retrieved from /home/airflow/.local/lib/python3.7/site-packages/airflow/example_dags/example_trigger_target_dag.py
[2024-09-24T04:25:14.280+0000] {logging_mixin.py:120} INFO - [2024-09-24T04:25:14.280+0000] {dag.py:2585} INFO - Sync 1 DAGs
[2024-09-24T04:25:14.312+0000] {logging_mixin.py:120} INFO - [2024-09-24T04:25:14.312+0000] {dag.py:3340} INFO - Setting next_dagrun for example_trigger_target_dag to None, run_after=None
[2024-09-24T04:25:14.339+0000] {processor.py:176} INFO - Processing /home/airflow/.local/lib/python3.7/site-packages/airflow/example_dags/example_trigger_target_dag.py took 0.145 seconds
[2024-09-24T04:25:44.454+0000] {processor.py:154} INFO - Started process (PID=14775) to work on /home/airflow/.local/lib/python3.7/site-packages/airflow/example_dags/example_trigger_target_dag.py
[2024-09-24T04:25:44.456+0000] {processor.py:756} INFO - Processing file /home/airflow/.local/lib/python3.7/site-packages/airflow/example_dags/example_trigger_target_dag.py for tasks to queue
[2024-09-24T04:25:44.457+0000] {logging_mixin.py:120} INFO - [2024-09-24T04:25:44.457+0000] {dagbag.py:537} INFO - Filling up the DagBag from /home/airflow/.local/lib/python3.7/site-packages/airflow/example_dags/example_trigger_target_dag.py
[2024-09-24T04:25:44.494+0000] {processor.py:766} INFO - DAG(s) dict_keys(['example_trigger_target_dag']) retrieved from /home/airflow/.local/lib/python3.7/site-packages/airflow/example_dags/example_trigger_target_dag.py
[2024-09-24T04:25:44.554+0000] {logging_mixin.py:120} INFO - [2024-09-24T04:25:44.554+0000] {dag.py:2585} INFO - Sync 1 DAGs
[2024-09-24T04:25:44.588+0000] {logging_mixin.py:120} INFO - [2024-09-24T04:25:44.588+0000] {dag.py:3340} INFO - Setting next_dagrun for example_trigger_target_dag to None, run_after=None
[2024-09-24T04:25:44.616+0000] {processor.py:176} INFO - Processing /home/airflow/.local/lib/python3.7/site-packages/airflow/example_dags/example_trigger_target_dag.py took 0.167 seconds
[2024-09-24T04:26:15.609+0000] {processor.py:154} INFO - Started process (PID=14830) to work on /home/airflow/.local/lib/python3.7/site-packages/airflow/example_dags/example_trigger_target_dag.py
[2024-09-24T04:26:15.610+0000] {processor.py:756} INFO - Processing file /home/airflow/.local/lib/python3.7/site-packages/airflow/example_dags/example_trigger_target_dag.py for tasks to queue
[2024-09-24T04:26:15.611+0000] {logging_mixin.py:120} INFO - [2024-09-24T04:26:15.611+0000] {dagbag.py:537} INFO - Filling up the DagBag from /home/airflow/.local/lib/python3.7/site-packages/airflow/example_dags/example_trigger_target_dag.py
[2024-09-24T04:26:15.639+0000] {processor.py:766} INFO - DAG(s) dict_keys(['example_trigger_target_dag']) retrieved from /home/airflow/.local/lib/python3.7/site-packages/airflow/example_dags/example_trigger_target_dag.py
[2024-09-24T04:26:15.688+0000] {logging_mixin.py:120} INFO - [2024-09-24T04:26:15.688+0000] {dag.py:2585} INFO - Sync 1 DAGs
[2024-09-24T04:26:15.720+0000] {logging_mixin.py:120} INFO - [2024-09-24T04:26:15.720+0000] {dag.py:3340} INFO - Setting next_dagrun for example_trigger_target_dag to None, run_after=None
[2024-09-24T04:26:15.744+0000] {processor.py:176} INFO - Processing /home/airflow/.local/lib/python3.7/site-packages/airflow/example_dags/example_trigger_target_dag.py took 0.139 seconds
[2024-09-24T04:26:46.331+0000] {processor.py:154} INFO - Started process (PID=14892) to work on /home/airflow/.local/lib/python3.7/site-packages/airflow/example_dags/example_trigger_target_dag.py
[2024-09-24T04:26:46.333+0000] {processor.py:756} INFO - Processing file /home/airflow/.local/lib/python3.7/site-packages/airflow/example_dags/example_trigger_target_dag.py for tasks to queue
[2024-09-24T04:26:46.334+0000] {logging_mixin.py:120} INFO - [2024-09-24T04:26:46.334+0000] {dagbag.py:537} INFO - Filling up the DagBag from /home/airflow/.local/lib/python3.7/site-packages/airflow/example_dags/example_trigger_target_dag.py
[2024-09-24T04:26:46.366+0000] {processor.py:766} INFO - DAG(s) dict_keys(['example_trigger_target_dag']) retrieved from /home/airflow/.local/lib/python3.7/site-packages/airflow/example_dags/example_trigger_target_dag.py
[2024-09-24T04:26:46.418+0000] {logging_mixin.py:120} INFO - [2024-09-24T04:26:46.418+0000] {dag.py:2585} INFO - Sync 1 DAGs
[2024-09-24T04:26:46.449+0000] {logging_mixin.py:120} INFO - [2024-09-24T04:26:46.448+0000] {dag.py:3340} INFO - Setting next_dagrun for example_trigger_target_dag to None, run_after=None
[2024-09-24T04:26:46.474+0000] {processor.py:176} INFO - Processing /home/airflow/.local/lib/python3.7/site-packages/airflow/example_dags/example_trigger_target_dag.py took 0.148 seconds
[2024-09-24T04:27:17.036+0000] {processor.py:154} INFO - Started process (PID=14954) to work on /home/airflow/.local/lib/python3.7/site-packages/airflow/example_dags/example_trigger_target_dag.py
[2024-09-24T04:27:17.037+0000] {processor.py:756} INFO - Processing file /home/airflow/.local/lib/python3.7/site-packages/airflow/example_dags/example_trigger_target_dag.py for tasks to queue
[2024-09-24T04:27:17.039+0000] {logging_mixin.py:120} INFO - [2024-09-24T04:27:17.038+0000] {dagbag.py:537} INFO - Filling up the DagBag from /home/airflow/.local/lib/python3.7/site-packages/airflow/example_dags/example_trigger_target_dag.py
[2024-09-24T04:27:17.063+0000] {processor.py:766} INFO - DAG(s) dict_keys(['example_trigger_target_dag']) retrieved from /home/airflow/.local/lib/python3.7/site-packages/airflow/example_dags/example_trigger_target_dag.py
[2024-09-24T04:27:17.110+0000] {logging_mixin.py:120} INFO - [2024-09-24T04:27:17.110+0000] {dag.py:2585} INFO - Sync 1 DAGs
[2024-09-24T04:27:17.142+0000] {logging_mixin.py:120} INFO - [2024-09-24T04:27:17.142+0000] {dag.py:3340} INFO - Setting next_dagrun for example_trigger_target_dag to None, run_after=None
[2024-09-24T04:27:17.166+0000] {processor.py:176} INFO - Processing /home/airflow/.local/lib/python3.7/site-packages/airflow/example_dags/example_trigger_target_dag.py took 0.134 seconds
[2024-09-24T04:27:47.266+0000] {processor.py:154} INFO - Started process (PID=15008) to work on /home/airflow/.local/lib/python3.7/site-packages/airflow/example_dags/example_trigger_target_dag.py
[2024-09-24T04:27:47.267+0000] {processor.py:756} INFO - Processing file /home/airflow/.local/lib/python3.7/site-packages/airflow/example_dags/example_trigger_target_dag.py for tasks to queue
[2024-09-24T04:27:47.268+0000] {logging_mixin.py:120} INFO - [2024-09-24T04:27:47.268+0000] {dagbag.py:537} INFO - Filling up the DagBag from /home/airflow/.local/lib/python3.7/site-packages/airflow/example_dags/example_trigger_target_dag.py
[2024-09-24T04:27:47.295+0000] {processor.py:766} INFO - DAG(s) dict_keys(['example_trigger_target_dag']) retrieved from /home/airflow/.local/lib/python3.7/site-packages/airflow/example_dags/example_trigger_target_dag.py
[2024-09-24T04:27:47.343+0000] {logging_mixin.py:120} INFO - [2024-09-24T04:27:47.343+0000] {dag.py:2585} INFO - Sync 1 DAGs
[2024-09-24T04:27:47.373+0000] {logging_mixin.py:120} INFO - [2024-09-24T04:27:47.373+0000] {dag.py:3340} INFO - Setting next_dagrun for example_trigger_target_dag to None, run_after=None
[2024-09-24T04:27:47.393+0000] {processor.py:176} INFO - Processing /home/airflow/.local/lib/python3.7/site-packages/airflow/example_dags/example_trigger_target_dag.py took 0.131 seconds
[2024-09-24T04:28:17.637+0000] {processor.py:154} INFO - Started process (PID=15071) to work on /home/airflow/.local/lib/python3.7/site-packages/airflow/example_dags/example_trigger_target_dag.py
[2024-09-24T04:28:17.638+0000] {processor.py:756} INFO - Processing file /home/airflow/.local/lib/python3.7/site-packages/airflow/example_dags/example_trigger_target_dag.py for tasks to queue
[2024-09-24T04:28:17.639+0000] {logging_mixin.py:120} INFO - [2024-09-24T04:28:17.639+0000] {dagbag.py:537} INFO - Filling up the DagBag from /home/airflow/.local/lib/python3.7/site-packages/airflow/example_dags/example_trigger_target_dag.py
[2024-09-24T04:28:17.663+0000] {processor.py:766} INFO - DAG(s) dict_keys(['example_trigger_target_dag']) retrieved from /home/airflow/.local/lib/python3.7/site-packages/airflow/example_dags/example_trigger_target_dag.py
[2024-09-24T04:28:17.707+0000] {logging_mixin.py:120} INFO - [2024-09-24T04:28:17.707+0000] {dag.py:2585} INFO - Sync 1 DAGs
[2024-09-24T04:28:17.739+0000] {logging_mixin.py:120} INFO - [2024-09-24T04:28:17.739+0000] {dag.py:3340} INFO - Setting next_dagrun for example_trigger_target_dag to None, run_after=None
[2024-09-24T04:28:17.762+0000] {processor.py:176} INFO - Processing /home/airflow/.local/lib/python3.7/site-packages/airflow/example_dags/example_trigger_target_dag.py took 0.129 seconds
[2024-09-24T04:28:48.165+0000] {processor.py:154} INFO - Started process (PID=15134) to work on /home/airflow/.local/lib/python3.7/site-packages/airflow/example_dags/example_trigger_target_dag.py
[2024-09-24T04:28:48.166+0000] {processor.py:756} INFO - Processing file /home/airflow/.local/lib/python3.7/site-packages/airflow/example_dags/example_trigger_target_dag.py for tasks to queue
[2024-09-24T04:28:48.167+0000] {logging_mixin.py:120} INFO - [2024-09-24T04:28:48.167+0000] {dagbag.py:537} INFO - Filling up the DagBag from /home/airflow/.local/lib/python3.7/site-packages/airflow/example_dags/example_trigger_target_dag.py
[2024-09-24T04:28:48.194+0000] {processor.py:766} INFO - DAG(s) dict_keys(['example_trigger_target_dag']) retrieved from /home/airflow/.local/lib/python3.7/site-packages/airflow/example_dags/example_trigger_target_dag.py
[2024-09-24T04:28:48.246+0000] {logging_mixin.py:120} INFO - [2024-09-24T04:28:48.246+0000] {dag.py:2585} INFO - Sync 1 DAGs
[2024-09-24T04:28:48.277+0000] {logging_mixin.py:120} INFO - [2024-09-24T04:28:48.277+0000] {dag.py:3340} INFO - Setting next_dagrun for example_trigger_target_dag to None, run_after=None
[2024-09-24T04:28:48.299+0000] {processor.py:176} INFO - Processing /home/airflow/.local/lib/python3.7/site-packages/airflow/example_dags/example_trigger_target_dag.py took 0.138 seconds
[2024-09-24T04:29:18.949+0000] {processor.py:154} INFO - Started process (PID=15188) to work on /home/airflow/.local/lib/python3.7/site-packages/airflow/example_dags/example_trigger_target_dag.py
[2024-09-24T04:29:18.950+0000] {processor.py:756} INFO - Processing file /home/airflow/.local/lib/python3.7/site-packages/airflow/example_dags/example_trigger_target_dag.py for tasks to queue
[2024-09-24T04:29:18.951+0000] {logging_mixin.py:120} INFO - [2024-09-24T04:29:18.951+0000] {dagbag.py:537} INFO - Filling up the DagBag from /home/airflow/.local/lib/python3.7/site-packages/airflow/example_dags/example_trigger_target_dag.py
[2024-09-24T04:29:18.982+0000] {processor.py:766} INFO - DAG(s) dict_keys(['example_trigger_target_dag']) retrieved from /home/airflow/.local/lib/python3.7/site-packages/airflow/example_dags/example_trigger_target_dag.py
[2024-09-24T04:29:19.039+0000] {logging_mixin.py:120} INFO - [2024-09-24T04:29:19.039+0000] {dag.py:2585} INFO - Sync 1 DAGs
[2024-09-24T04:29:19.073+0000] {logging_mixin.py:120} INFO - [2024-09-24T04:29:19.073+0000] {dag.py:3340} INFO - Setting next_dagrun for example_trigger_target_dag to None, run_after=None
[2024-09-24T04:29:19.104+0000] {processor.py:176} INFO - Processing /home/airflow/.local/lib/python3.7/site-packages/airflow/example_dags/example_trigger_target_dag.py took 0.160 seconds
[2024-09-24T04:29:49.939+0000] {processor.py:154} INFO - Started process (PID=15251) to work on /home/airflow/.local/lib/python3.7/site-packages/airflow/example_dags/example_trigger_target_dag.py
[2024-09-24T04:29:49.941+0000] {processor.py:756} INFO - Processing file /home/airflow/.local/lib/python3.7/site-packages/airflow/example_dags/example_trigger_target_dag.py for tasks to queue
[2024-09-24T04:29:49.942+0000] {logging_mixin.py:120} INFO - [2024-09-24T04:29:49.942+0000] {dagbag.py:537} INFO - Filling up the DagBag from /home/airflow/.local/lib/python3.7/site-packages/airflow/example_dags/example_trigger_target_dag.py
[2024-09-24T04:29:49.971+0000] {processor.py:766} INFO - DAG(s) dict_keys(['example_trigger_target_dag']) retrieved from /home/airflow/.local/lib/python3.7/site-packages/airflow/example_dags/example_trigger_target_dag.py
[2024-09-24T04:29:50.025+0000] {logging_mixin.py:120} INFO - [2024-09-24T04:29:50.025+0000] {dag.py:2585} INFO - Sync 1 DAGs
[2024-09-24T04:29:50.063+0000] {logging_mixin.py:120} INFO - [2024-09-24T04:29:50.063+0000] {dag.py:3340} INFO - Setting next_dagrun for example_trigger_target_dag to None, run_after=None
[2024-09-24T04:29:50.089+0000] {processor.py:176} INFO - Processing /home/airflow/.local/lib/python3.7/site-packages/airflow/example_dags/example_trigger_target_dag.py took 0.155 seconds
[2024-09-24T04:30:20.317+0000] {processor.py:154} INFO - Started process (PID=15314) to work on /home/airflow/.local/lib/python3.7/site-packages/airflow/example_dags/example_trigger_target_dag.py
[2024-09-24T04:30:20.318+0000] {processor.py:756} INFO - Processing file /home/airflow/.local/lib/python3.7/site-packages/airflow/example_dags/example_trigger_target_dag.py for tasks to queue
[2024-09-24T04:30:20.319+0000] {logging_mixin.py:120} INFO - [2024-09-24T04:30:20.319+0000] {dagbag.py:537} INFO - Filling up the DagBag from /home/airflow/.local/lib/python3.7/site-packages/airflow/example_dags/example_trigger_target_dag.py
[2024-09-24T04:30:20.346+0000] {processor.py:766} INFO - DAG(s) dict_keys(['example_trigger_target_dag']) retrieved from /home/airflow/.local/lib/python3.7/site-packages/airflow/example_dags/example_trigger_target_dag.py
[2024-09-24T04:30:20.400+0000] {logging_mixin.py:120} INFO - [2024-09-24T04:30:20.400+0000] {dag.py:2585} INFO - Sync 1 DAGs
[2024-09-24T04:30:20.431+0000] {logging_mixin.py:120} INFO - [2024-09-24T04:30:20.431+0000] {dag.py:3340} INFO - Setting next_dagrun for example_trigger_target_dag to None, run_after=None
[2024-09-24T04:30:20.453+0000] {processor.py:176} INFO - Processing /home/airflow/.local/lib/python3.7/site-packages/airflow/example_dags/example_trigger_target_dag.py took 0.141 seconds
[2024-09-24T04:30:50.708+0000] {processor.py:154} INFO - Started process (PID=15368) to work on /home/airflow/.local/lib/python3.7/site-packages/airflow/example_dags/example_trigger_target_dag.py
[2024-09-24T04:30:50.709+0000] {processor.py:756} INFO - Processing file /home/airflow/.local/lib/python3.7/site-packages/airflow/example_dags/example_trigger_target_dag.py for tasks to queue
[2024-09-24T04:30:50.710+0000] {logging_mixin.py:120} INFO - [2024-09-24T04:30:50.710+0000] {dagbag.py:537} INFO - Filling up the DagBag from /home/airflow/.local/lib/python3.7/site-packages/airflow/example_dags/example_trigger_target_dag.py
[2024-09-24T04:30:50.738+0000] {processor.py:766} INFO - DAG(s) dict_keys(['example_trigger_target_dag']) retrieved from /home/airflow/.local/lib/python3.7/site-packages/airflow/example_dags/example_trigger_target_dag.py
[2024-09-24T04:30:50.789+0000] {logging_mixin.py:120} INFO - [2024-09-24T04:30:50.789+0000] {dag.py:2585} INFO - Sync 1 DAGs
[2024-09-24T04:30:50.821+0000] {logging_mixin.py:120} INFO - [2024-09-24T04:30:50.820+0000] {dag.py:3340} INFO - Setting next_dagrun for example_trigger_target_dag to None, run_after=None
[2024-09-24T04:30:50.844+0000] {processor.py:176} INFO - Processing /home/airflow/.local/lib/python3.7/site-packages/airflow/example_dags/example_trigger_target_dag.py took 0.141 seconds
[2024-09-24T04:31:21.339+0000] {processor.py:154} INFO - Started process (PID=15431) to work on /home/airflow/.local/lib/python3.7/site-packages/airflow/example_dags/example_trigger_target_dag.py
[2024-09-24T04:31:21.341+0000] {processor.py:756} INFO - Processing file /home/airflow/.local/lib/python3.7/site-packages/airflow/example_dags/example_trigger_target_dag.py for tasks to queue
[2024-09-24T04:31:21.342+0000] {logging_mixin.py:120} INFO - [2024-09-24T04:31:21.342+0000] {dagbag.py:537} INFO - Filling up the DagBag from /home/airflow/.local/lib/python3.7/site-packages/airflow/example_dags/example_trigger_target_dag.py
[2024-09-24T04:31:21.375+0000] {processor.py:766} INFO - DAG(s) dict_keys(['example_trigger_target_dag']) retrieved from /home/airflow/.local/lib/python3.7/site-packages/airflow/example_dags/example_trigger_target_dag.py
[2024-09-24T04:31:21.435+0000] {logging_mixin.py:120} INFO - [2024-09-24T04:31:21.435+0000] {dag.py:2585} INFO - Sync 1 DAGs
[2024-09-24T04:31:21.473+0000] {logging_mixin.py:120} INFO - [2024-09-24T04:31:21.473+0000] {dag.py:3340} INFO - Setting next_dagrun for example_trigger_target_dag to None, run_after=None
[2024-09-24T04:31:21.499+0000] {processor.py:176} INFO - Processing /home/airflow/.local/lib/python3.7/site-packages/airflow/example_dags/example_trigger_target_dag.py took 0.165 seconds
[2024-09-24T04:31:52.083+0000] {processor.py:154} INFO - Started process (PID=15494) to work on /home/airflow/.local/lib/python3.7/site-packages/airflow/example_dags/example_trigger_target_dag.py
[2024-09-24T04:31:52.085+0000] {processor.py:756} INFO - Processing file /home/airflow/.local/lib/python3.7/site-packages/airflow/example_dags/example_trigger_target_dag.py for tasks to queue
[2024-09-24T04:31:52.087+0000] {logging_mixin.py:120} INFO - [2024-09-24T04:31:52.087+0000] {dagbag.py:537} INFO - Filling up the DagBag from /home/airflow/.local/lib/python3.7/site-packages/airflow/example_dags/example_trigger_target_dag.py
[2024-09-24T04:31:52.123+0000] {processor.py:766} INFO - DAG(s) dict_keys(['example_trigger_target_dag']) retrieved from /home/airflow/.local/lib/python3.7/site-packages/airflow/example_dags/example_trigger_target_dag.py
[2024-09-24T04:31:52.189+0000] {logging_mixin.py:120} INFO - [2024-09-24T04:31:52.189+0000] {dag.py:2585} INFO - Sync 1 DAGs
[2024-09-24T04:31:52.231+0000] {logging_mixin.py:120} INFO - [2024-09-24T04:31:52.230+0000] {dag.py:3340} INFO - Setting next_dagrun for example_trigger_target_dag to None, run_after=None
[2024-09-24T04:31:52.265+0000] {processor.py:176} INFO - Processing /home/airflow/.local/lib/python3.7/site-packages/airflow/example_dags/example_trigger_target_dag.py took 0.187 seconds
[2024-09-24T04:32:23.076+0000] {processor.py:154} INFO - Started process (PID=15548) to work on /home/airflow/.local/lib/python3.7/site-packages/airflow/example_dags/example_trigger_target_dag.py
[2024-09-24T04:32:23.078+0000] {processor.py:756} INFO - Processing file /home/airflow/.local/lib/python3.7/site-packages/airflow/example_dags/example_trigger_target_dag.py for tasks to queue
[2024-09-24T04:32:23.079+0000] {logging_mixin.py:120} INFO - [2024-09-24T04:32:23.079+0000] {dagbag.py:537} INFO - Filling up the DagBag from /home/airflow/.local/lib/python3.7/site-packages/airflow/example_dags/example_trigger_target_dag.py
[2024-09-24T04:32:23.113+0000] {processor.py:766} INFO - DAG(s) dict_keys(['example_trigger_target_dag']) retrieved from /home/airflow/.local/lib/python3.7/site-packages/airflow/example_dags/example_trigger_target_dag.py
[2024-09-24T04:32:23.182+0000] {logging_mixin.py:120} INFO - [2024-09-24T04:32:23.182+0000] {dag.py:2585} INFO - Sync 1 DAGs
[2024-09-24T04:32:23.236+0000] {logging_mixin.py:120} INFO - [2024-09-24T04:32:23.236+0000] {dag.py:3340} INFO - Setting next_dagrun for example_trigger_target_dag to None, run_after=None
[2024-09-24T04:32:23.272+0000] {processor.py:176} INFO - Processing /home/airflow/.local/lib/python3.7/site-packages/airflow/example_dags/example_trigger_target_dag.py took 0.201 seconds
[2024-09-24T04:32:53.986+0000] {processor.py:154} INFO - Started process (PID=15611) to work on /home/airflow/.local/lib/python3.7/site-packages/airflow/example_dags/example_trigger_target_dag.py
[2024-09-24T04:32:53.987+0000] {processor.py:756} INFO - Processing file /home/airflow/.local/lib/python3.7/site-packages/airflow/example_dags/example_trigger_target_dag.py for tasks to queue
[2024-09-24T04:32:53.988+0000] {logging_mixin.py:120} INFO - [2024-09-24T04:32:53.988+0000] {dagbag.py:537} INFO - Filling up the DagBag from /home/airflow/.local/lib/python3.7/site-packages/airflow/example_dags/example_trigger_target_dag.py
[2024-09-24T04:32:54.023+0000] {processor.py:766} INFO - DAG(s) dict_keys(['example_trigger_target_dag']) retrieved from /home/airflow/.local/lib/python3.7/site-packages/airflow/example_dags/example_trigger_target_dag.py
[2024-09-24T04:32:54.089+0000] {logging_mixin.py:120} INFO - [2024-09-24T04:32:54.089+0000] {dag.py:2585} INFO - Sync 1 DAGs
[2024-09-24T04:32:54.130+0000] {logging_mixin.py:120} INFO - [2024-09-24T04:32:54.130+0000] {dag.py:3340} INFO - Setting next_dagrun for example_trigger_target_dag to None, run_after=None
[2024-09-24T04:32:54.159+0000] {processor.py:176} INFO - Processing /home/airflow/.local/lib/python3.7/site-packages/airflow/example_dags/example_trigger_target_dag.py took 0.179 seconds
[2024-09-24T04:33:25.008+0000] {processor.py:154} INFO - Started process (PID=15672) to work on /home/airflow/.local/lib/python3.7/site-packages/airflow/example_dags/example_trigger_target_dag.py
[2024-09-24T04:33:25.010+0000] {processor.py:756} INFO - Processing file /home/airflow/.local/lib/python3.7/site-packages/airflow/example_dags/example_trigger_target_dag.py for tasks to queue
[2024-09-24T04:33:25.012+0000] {logging_mixin.py:120} INFO - [2024-09-24T04:33:25.012+0000] {dagbag.py:537} INFO - Filling up the DagBag from /home/airflow/.local/lib/python3.7/site-packages/airflow/example_dags/example_trigger_target_dag.py
[2024-09-24T04:33:25.047+0000] {processor.py:766} INFO - DAG(s) dict_keys(['example_trigger_target_dag']) retrieved from /home/airflow/.local/lib/python3.7/site-packages/airflow/example_dags/example_trigger_target_dag.py
[2024-09-24T04:33:25.113+0000] {logging_mixin.py:120} INFO - [2024-09-24T04:33:25.113+0000] {dag.py:2585} INFO - Sync 1 DAGs
[2024-09-24T04:33:25.154+0000] {logging_mixin.py:120} INFO - [2024-09-24T04:33:25.154+0000] {dag.py:3340} INFO - Setting next_dagrun for example_trigger_target_dag to None, run_after=None
[2024-09-24T04:33:25.189+0000] {processor.py:176} INFO - Processing /home/airflow/.local/lib/python3.7/site-packages/airflow/example_dags/example_trigger_target_dag.py took 0.187 seconds
[2024-09-24T04:33:55.548+0000] {processor.py:154} INFO - Started process (PID=15728) to work on /home/airflow/.local/lib/python3.7/site-packages/airflow/example_dags/example_trigger_target_dag.py
[2024-09-24T04:33:55.550+0000] {processor.py:756} INFO - Processing file /home/airflow/.local/lib/python3.7/site-packages/airflow/example_dags/example_trigger_target_dag.py for tasks to queue
[2024-09-24T04:33:55.551+0000] {logging_mixin.py:120} INFO - [2024-09-24T04:33:55.551+0000] {dagbag.py:537} INFO - Filling up the DagBag from /home/airflow/.local/lib/python3.7/site-packages/airflow/example_dags/example_trigger_target_dag.py
[2024-09-24T04:33:55.598+0000] {processor.py:766} INFO - DAG(s) dict_keys(['example_trigger_target_dag']) retrieved from /home/airflow/.local/lib/python3.7/site-packages/airflow/example_dags/example_trigger_target_dag.py
[2024-09-24T04:33:55.703+0000] {logging_mixin.py:120} INFO - [2024-09-24T04:33:55.703+0000] {dag.py:2585} INFO - Sync 1 DAGs
[2024-09-24T04:33:55.783+0000] {logging_mixin.py:120} INFO - [2024-09-24T04:33:55.783+0000] {dag.py:3340} INFO - Setting next_dagrun for example_trigger_target_dag to None, run_after=None
[2024-09-24T04:33:55.830+0000] {processor.py:176} INFO - Processing /home/airflow/.local/lib/python3.7/site-packages/airflow/example_dags/example_trigger_target_dag.py took 0.288 seconds
[2024-09-24T04:34:26.906+0000] {processor.py:154} INFO - Started process (PID=15792) to work on /home/airflow/.local/lib/python3.7/site-packages/airflow/example_dags/example_trigger_target_dag.py
[2024-09-24T04:34:26.908+0000] {processor.py:756} INFO - Processing file /home/airflow/.local/lib/python3.7/site-packages/airflow/example_dags/example_trigger_target_dag.py for tasks to queue
[2024-09-24T04:34:26.910+0000] {logging_mixin.py:120} INFO - [2024-09-24T04:34:26.909+0000] {dagbag.py:537} INFO - Filling up the DagBag from /home/airflow/.local/lib/python3.7/site-packages/airflow/example_dags/example_trigger_target_dag.py
[2024-09-24T04:34:26.948+0000] {processor.py:766} INFO - DAG(s) dict_keys(['example_trigger_target_dag']) retrieved from /home/airflow/.local/lib/python3.7/site-packages/airflow/example_dags/example_trigger_target_dag.py
[2024-09-24T04:34:27.025+0000] {logging_mixin.py:120} INFO - [2024-09-24T04:34:27.025+0000] {dag.py:2585} INFO - Sync 1 DAGs
[2024-09-24T04:34:27.061+0000] {logging_mixin.py:120} INFO - [2024-09-24T04:34:27.061+0000] {dag.py:3340} INFO - Setting next_dagrun for example_trigger_target_dag to None, run_after=None
[2024-09-24T04:34:27.091+0000] {processor.py:176} INFO - Processing /home/airflow/.local/lib/python3.7/site-packages/airflow/example_dags/example_trigger_target_dag.py took 0.192 seconds
[2024-09-24T04:34:57.303+0000] {processor.py:154} INFO - Started process (PID=15846) to work on /home/airflow/.local/lib/python3.7/site-packages/airflow/example_dags/example_trigger_target_dag.py
[2024-09-24T04:34:57.305+0000] {processor.py:756} INFO - Processing file /home/airflow/.local/lib/python3.7/site-packages/airflow/example_dags/example_trigger_target_dag.py for tasks to queue
[2024-09-24T04:34:57.307+0000] {logging_mixin.py:120} INFO - [2024-09-24T04:34:57.307+0000] {dagbag.py:537} INFO - Filling up the DagBag from /home/airflow/.local/lib/python3.7/site-packages/airflow/example_dags/example_trigger_target_dag.py
[2024-09-24T04:34:57.340+0000] {processor.py:766} INFO - DAG(s) dict_keys(['example_trigger_target_dag']) retrieved from /home/airflow/.local/lib/python3.7/site-packages/airflow/example_dags/example_trigger_target_dag.py
[2024-09-24T04:34:57.410+0000] {logging_mixin.py:120} INFO - [2024-09-24T04:34:57.410+0000] {dag.py:2585} INFO - Sync 1 DAGs
[2024-09-24T04:34:57.452+0000] {logging_mixin.py:120} INFO - [2024-09-24T04:34:57.452+0000] {dag.py:3340} INFO - Setting next_dagrun for example_trigger_target_dag to None, run_after=None
[2024-09-24T04:34:57.485+0000] {processor.py:176} INFO - Processing /home/airflow/.local/lib/python3.7/site-packages/airflow/example_dags/example_trigger_target_dag.py took 0.187 seconds
[2024-09-24T04:35:27.833+0000] {processor.py:154} INFO - Started process (PID=15909) to work on /home/airflow/.local/lib/python3.7/site-packages/airflow/example_dags/example_trigger_target_dag.py
[2024-09-24T04:35:27.835+0000] {processor.py:756} INFO - Processing file /home/airflow/.local/lib/python3.7/site-packages/airflow/example_dags/example_trigger_target_dag.py for tasks to queue
[2024-09-24T04:35:27.837+0000] {logging_mixin.py:120} INFO - [2024-09-24T04:35:27.836+0000] {dagbag.py:537} INFO - Filling up the DagBag from /home/airflow/.local/lib/python3.7/site-packages/airflow/example_dags/example_trigger_target_dag.py
[2024-09-24T04:35:27.874+0000] {processor.py:766} INFO - DAG(s) dict_keys(['example_trigger_target_dag']) retrieved from /home/airflow/.local/lib/python3.7/site-packages/airflow/example_dags/example_trigger_target_dag.py
[2024-09-24T04:35:27.941+0000] {logging_mixin.py:120} INFO - [2024-09-24T04:35:27.941+0000] {dag.py:2585} INFO - Sync 1 DAGs
[2024-09-24T04:35:27.980+0000] {logging_mixin.py:120} INFO - [2024-09-24T04:35:27.979+0000] {dag.py:3340} INFO - Setting next_dagrun for example_trigger_target_dag to None, run_after=None
[2024-09-24T04:35:28.013+0000] {processor.py:176} INFO - Processing /home/airflow/.local/lib/python3.7/site-packages/airflow/example_dags/example_trigger_target_dag.py took 0.185 seconds
[2024-09-24T04:35:59.089+0000] {processor.py:154} INFO - Started process (PID=15963) to work on /home/airflow/.local/lib/python3.7/site-packages/airflow/example_dags/example_trigger_target_dag.py
[2024-09-24T04:35:59.091+0000] {processor.py:756} INFO - Processing file /home/airflow/.local/lib/python3.7/site-packages/airflow/example_dags/example_trigger_target_dag.py for tasks to queue
[2024-09-24T04:35:59.092+0000] {logging_mixin.py:120} INFO - [2024-09-24T04:35:59.091+0000] {dagbag.py:537} INFO - Filling up the DagBag from /home/airflow/.local/lib/python3.7/site-packages/airflow/example_dags/example_trigger_target_dag.py
[2024-09-24T04:35:59.125+0000] {processor.py:766} INFO - DAG(s) dict_keys(['example_trigger_target_dag']) retrieved from /home/airflow/.local/lib/python3.7/site-packages/airflow/example_dags/example_trigger_target_dag.py
[2024-09-24T04:35:59.192+0000] {logging_mixin.py:120} INFO - [2024-09-24T04:35:59.192+0000] {dag.py:2585} INFO - Sync 1 DAGs
[2024-09-24T04:35:59.240+0000] {logging_mixin.py:120} INFO - [2024-09-24T04:35:59.239+0000] {dag.py:3340} INFO - Setting next_dagrun for example_trigger_target_dag to None, run_after=None
[2024-09-24T04:35:59.276+0000] {processor.py:176} INFO - Processing /home/airflow/.local/lib/python3.7/site-packages/airflow/example_dags/example_trigger_target_dag.py took 0.192 seconds
[2024-09-24T04:36:29.827+0000] {processor.py:154} INFO - Started process (PID=16026) to work on /home/airflow/.local/lib/python3.7/site-packages/airflow/example_dags/example_trigger_target_dag.py
[2024-09-24T04:36:29.828+0000] {processor.py:756} INFO - Processing file /home/airflow/.local/lib/python3.7/site-packages/airflow/example_dags/example_trigger_target_dag.py for tasks to queue
[2024-09-24T04:36:29.830+0000] {logging_mixin.py:120} INFO - [2024-09-24T04:36:29.829+0000] {dagbag.py:537} INFO - Filling up the DagBag from /home/airflow/.local/lib/python3.7/site-packages/airflow/example_dags/example_trigger_target_dag.py
[2024-09-24T04:36:29.880+0000] {processor.py:766} INFO - DAG(s) dict_keys(['example_trigger_target_dag']) retrieved from /home/airflow/.local/lib/python3.7/site-packages/airflow/example_dags/example_trigger_target_dag.py
[2024-09-24T04:36:30.002+0000] {logging_mixin.py:120} INFO - [2024-09-24T04:36:30.001+0000] {dag.py:2585} INFO - Sync 1 DAGs
[2024-09-24T04:36:30.080+0000] {logging_mixin.py:120} INFO - [2024-09-24T04:36:30.079+0000] {dag.py:3340} INFO - Setting next_dagrun for example_trigger_target_dag to None, run_after=None
[2024-09-24T04:36:30.151+0000] {processor.py:176} INFO - Processing /home/airflow/.local/lib/python3.7/site-packages/airflow/example_dags/example_trigger_target_dag.py took 0.330 seconds
[2024-09-24T04:37:00.366+0000] {processor.py:154} INFO - Started process (PID=16087) to work on /home/airflow/.local/lib/python3.7/site-packages/airflow/example_dags/example_trigger_target_dag.py
[2024-09-24T04:37:00.410+0000] {processor.py:756} INFO - Processing file /home/airflow/.local/lib/python3.7/site-packages/airflow/example_dags/example_trigger_target_dag.py for tasks to queue
[2024-09-24T04:37:00.411+0000] {logging_mixin.py:120} INFO - [2024-09-24T04:37:00.411+0000] {dagbag.py:537} INFO - Filling up the DagBag from /home/airflow/.local/lib/python3.7/site-packages/airflow/example_dags/example_trigger_target_dag.py
[2024-09-24T04:37:00.462+0000] {processor.py:766} INFO - DAG(s) dict_keys(['example_trigger_target_dag']) retrieved from /home/airflow/.local/lib/python3.7/site-packages/airflow/example_dags/example_trigger_target_dag.py
[2024-09-24T04:37:00.538+0000] {logging_mixin.py:120} INFO - [2024-09-24T04:37:00.538+0000] {dag.py:2585} INFO - Sync 1 DAGs
[2024-09-24T04:37:00.585+0000] {logging_mixin.py:120} INFO - [2024-09-24T04:37:00.585+0000] {dag.py:3340} INFO - Setting next_dagrun for example_trigger_target_dag to None, run_after=None
[2024-09-24T04:37:00.618+0000] {processor.py:176} INFO - Processing /home/airflow/.local/lib/python3.7/site-packages/airflow/example_dags/example_trigger_target_dag.py took 0.260 seconds
[2024-09-24T04:37:57.665+0000] {processor.py:154} INFO - Started process (PID=16156) to work on /home/airflow/.local/lib/python3.7/site-packages/airflow/example_dags/example_trigger_target_dag.py
[2024-09-24T04:37:57.669+0000] {processor.py:756} INFO - Processing file /home/airflow/.local/lib/python3.7/site-packages/airflow/example_dags/example_trigger_target_dag.py for tasks to queue
[2024-09-24T04:37:57.673+0000] {logging_mixin.py:120} INFO - [2024-09-24T04:37:57.671+0000] {dagbag.py:537} INFO - Filling up the DagBag from /home/airflow/.local/lib/python3.7/site-packages/airflow/example_dags/example_trigger_target_dag.py
[2024-09-24T04:37:57.745+0000] {processor.py:766} INFO - DAG(s) dict_keys(['example_trigger_target_dag']) retrieved from /home/airflow/.local/lib/python3.7/site-packages/airflow/example_dags/example_trigger_target_dag.py
[2024-09-24T04:37:57.855+0000] {logging_mixin.py:120} INFO - [2024-09-24T04:37:57.854+0000] {dag.py:2585} INFO - Sync 1 DAGs
[2024-09-24T04:37:57.929+0000] {logging_mixin.py:120} INFO - [2024-09-24T04:37:57.929+0000] {dag.py:3340} INFO - Setting next_dagrun for example_trigger_target_dag to None, run_after=None
[2024-09-24T04:37:57.974+0000] {processor.py:176} INFO - Processing /home/airflow/.local/lib/python3.7/site-packages/airflow/example_dags/example_trigger_target_dag.py took 0.317 seconds
[2024-09-24T06:15:54.559+0000] {processor.py:154} INFO - Started process (PID=16220) to work on /home/airflow/.local/lib/python3.7/site-packages/airflow/example_dags/example_trigger_target_dag.py
[2024-09-24T06:15:54.562+0000] {processor.py:756} INFO - Processing file /home/airflow/.local/lib/python3.7/site-packages/airflow/example_dags/example_trigger_target_dag.py for tasks to queue
[2024-09-24T06:15:54.563+0000] {logging_mixin.py:120} INFO - [2024-09-24T06:15:54.563+0000] {dagbag.py:537} INFO - Filling up the DagBag from /home/airflow/.local/lib/python3.7/site-packages/airflow/example_dags/example_trigger_target_dag.py
[2024-09-24T06:15:54.589+0000] {processor.py:766} INFO - DAG(s) dict_keys(['example_trigger_target_dag']) retrieved from /home/airflow/.local/lib/python3.7/site-packages/airflow/example_dags/example_trigger_target_dag.py
[2024-09-24T06:15:54.650+0000] {logging_mixin.py:120} INFO - [2024-09-24T06:15:54.650+0000] {dag.py:2585} INFO - Sync 1 DAGs
[2024-09-24T06:15:54.684+0000] {logging_mixin.py:120} INFO - [2024-09-24T06:15:54.684+0000] {dag.py:3340} INFO - Setting next_dagrun for example_trigger_target_dag to None, run_after=None
[2024-09-24T06:15:54.707+0000] {processor.py:176} INFO - Processing /home/airflow/.local/lib/python3.7/site-packages/airflow/example_dags/example_trigger_target_dag.py took 0.151 seconds
[2024-09-24T06:31:02.563+0000] {processor.py:154} INFO - Started process (PID=16274) to work on /home/airflow/.local/lib/python3.7/site-packages/airflow/example_dags/example_trigger_target_dag.py
[2024-09-24T06:31:02.565+0000] {processor.py:756} INFO - Processing file /home/airflow/.local/lib/python3.7/site-packages/airflow/example_dags/example_trigger_target_dag.py for tasks to queue
[2024-09-24T06:31:02.566+0000] {logging_mixin.py:120} INFO - [2024-09-24T06:31:02.566+0000] {dagbag.py:537} INFO - Filling up the DagBag from /home/airflow/.local/lib/python3.7/site-packages/airflow/example_dags/example_trigger_target_dag.py
[2024-09-24T06:31:02.596+0000] {processor.py:766} INFO - DAG(s) dict_keys(['example_trigger_target_dag']) retrieved from /home/airflow/.local/lib/python3.7/site-packages/airflow/example_dags/example_trigger_target_dag.py
[2024-09-24T06:31:02.659+0000] {logging_mixin.py:120} INFO - [2024-09-24T06:31:02.659+0000] {dag.py:2585} INFO - Sync 1 DAGs
[2024-09-24T06:31:02.694+0000] {logging_mixin.py:120} INFO - [2024-09-24T06:31:02.694+0000] {dag.py:3340} INFO - Setting next_dagrun for example_trigger_target_dag to None, run_after=None
[2024-09-24T06:31:02.735+0000] {processor.py:176} INFO - Processing /home/airflow/.local/lib/python3.7/site-packages/airflow/example_dags/example_trigger_target_dag.py took 0.177 seconds
[2024-09-24T08:40:11.860+0000] {processor.py:154} INFO - Started process (PID=16337) to work on /home/airflow/.local/lib/python3.7/site-packages/airflow/example_dags/example_trigger_target_dag.py
[2024-09-24T08:40:11.863+0000] {processor.py:756} INFO - Processing file /home/airflow/.local/lib/python3.7/site-packages/airflow/example_dags/example_trigger_target_dag.py for tasks to queue
[2024-09-24T08:40:11.865+0000] {logging_mixin.py:120} INFO - [2024-09-24T08:40:11.865+0000] {dagbag.py:537} INFO - Filling up the DagBag from /home/airflow/.local/lib/python3.7/site-packages/airflow/example_dags/example_trigger_target_dag.py
[2024-09-24T08:40:11.896+0000] {processor.py:766} INFO - DAG(s) dict_keys(['example_trigger_target_dag']) retrieved from /home/airflow/.local/lib/python3.7/site-packages/airflow/example_dags/example_trigger_target_dag.py
[2024-09-24T08:40:11.961+0000] {logging_mixin.py:120} INFO - [2024-09-24T08:40:11.961+0000] {dag.py:2585} INFO - Sync 1 DAGs
[2024-09-24T08:40:12.000+0000] {logging_mixin.py:120} INFO - [2024-09-24T08:40:11.999+0000] {dag.py:3340} INFO - Setting next_dagrun for example_trigger_target_dag to None, run_after=None
[2024-09-24T08:40:12.031+0000] {processor.py:176} INFO - Processing /home/airflow/.local/lib/python3.7/site-packages/airflow/example_dags/example_trigger_target_dag.py took 0.175 seconds
[2024-09-24T11:11:21.341+0000] {processor.py:154} INFO - Started process (PID=16400) to work on /home/airflow/.local/lib/python3.7/site-packages/airflow/example_dags/example_trigger_target_dag.py
[2024-09-24T11:11:21.343+0000] {processor.py:756} INFO - Processing file /home/airflow/.local/lib/python3.7/site-packages/airflow/example_dags/example_trigger_target_dag.py for tasks to queue
[2024-09-24T11:11:21.345+0000] {logging_mixin.py:120} INFO - [2024-09-24T11:11:21.344+0000] {dagbag.py:537} INFO - Filling up the DagBag from /home/airflow/.local/lib/python3.7/site-packages/airflow/example_dags/example_trigger_target_dag.py
[2024-09-24T11:11:21.387+0000] {processor.py:766} INFO - DAG(s) dict_keys(['example_trigger_target_dag']) retrieved from /home/airflow/.local/lib/python3.7/site-packages/airflow/example_dags/example_trigger_target_dag.py
[2024-09-24T11:11:21.476+0000] {logging_mixin.py:120} INFO - [2024-09-24T11:11:21.475+0000] {dag.py:2585} INFO - Sync 1 DAGs
[2024-09-24T11:11:21.528+0000] {logging_mixin.py:120} INFO - [2024-09-24T11:11:21.527+0000] {dag.py:3340} INFO - Setting next_dagrun for example_trigger_target_dag to None, run_after=None
[2024-09-24T11:11:21.569+0000] {processor.py:176} INFO - Processing /home/airflow/.local/lib/python3.7/site-packages/airflow/example_dags/example_trigger_target_dag.py took 0.233 seconds
[2024-09-24T12:44:51.193+0000] {processor.py:154} INFO - Started process (PID=16454) to work on /home/airflow/.local/lib/python3.7/site-packages/airflow/example_dags/example_trigger_target_dag.py
[2024-09-24T12:44:51.196+0000] {processor.py:756} INFO - Processing file /home/airflow/.local/lib/python3.7/site-packages/airflow/example_dags/example_trigger_target_dag.py for tasks to queue
[2024-09-24T12:44:51.197+0000] {logging_mixin.py:120} INFO - [2024-09-24T12:44:51.197+0000] {dagbag.py:537} INFO - Filling up the DagBag from /home/airflow/.local/lib/python3.7/site-packages/airflow/example_dags/example_trigger_target_dag.py
[2024-09-24T12:44:51.224+0000] {processor.py:766} INFO - DAG(s) dict_keys(['example_trigger_target_dag']) retrieved from /home/airflow/.local/lib/python3.7/site-packages/airflow/example_dags/example_trigger_target_dag.py
[2024-09-24T12:44:51.282+0000] {logging_mixin.py:120} INFO - [2024-09-24T12:44:51.282+0000] {dag.py:2585} INFO - Sync 1 DAGs
[2024-09-24T12:44:51.322+0000] {logging_mixin.py:120} INFO - [2024-09-24T12:44:51.322+0000] {dag.py:3340} INFO - Setting next_dagrun for example_trigger_target_dag to None, run_after=None
[2024-09-24T12:44:51.355+0000] {processor.py:176} INFO - Processing /home/airflow/.local/lib/python3.7/site-packages/airflow/example_dags/example_trigger_target_dag.py took 0.166 seconds
[2024-09-24T14:24:40.487+0000] {processor.py:154} INFO - Started process (PID=16508) to work on /home/airflow/.local/lib/python3.7/site-packages/airflow/example_dags/example_trigger_target_dag.py
[2024-09-24T14:24:40.491+0000] {processor.py:756} INFO - Processing file /home/airflow/.local/lib/python3.7/site-packages/airflow/example_dags/example_trigger_target_dag.py for tasks to queue
[2024-09-24T14:24:40.494+0000] {logging_mixin.py:120} INFO - [2024-09-24T14:24:40.493+0000] {dagbag.py:537} INFO - Filling up the DagBag from /home/airflow/.local/lib/python3.7/site-packages/airflow/example_dags/example_trigger_target_dag.py
[2024-09-24T14:24:40.528+0000] {processor.py:766} INFO - DAG(s) dict_keys(['example_trigger_target_dag']) retrieved from /home/airflow/.local/lib/python3.7/site-packages/airflow/example_dags/example_trigger_target_dag.py
[2024-09-24T14:24:40.599+0000] {logging_mixin.py:120} INFO - [2024-09-24T14:24:40.599+0000] {dag.py:2585} INFO - Sync 1 DAGs
[2024-09-24T14:24:40.634+0000] {logging_mixin.py:120} INFO - [2024-09-24T14:24:40.634+0000] {dag.py:3340} INFO - Setting next_dagrun for example_trigger_target_dag to None, run_after=None
[2024-09-24T14:24:40.660+0000] {processor.py:176} INFO - Processing /home/airflow/.local/lib/python3.7/site-packages/airflow/example_dags/example_trigger_target_dag.py took 0.179 seconds
[2024-09-24T14:26:40.253+0000] {processor.py:154} INFO - Started process (PID=16571) to work on /home/airflow/.local/lib/python3.7/site-packages/airflow/example_dags/example_trigger_target_dag.py
[2024-09-24T14:26:40.255+0000] {processor.py:756} INFO - Processing file /home/airflow/.local/lib/python3.7/site-packages/airflow/example_dags/example_trigger_target_dag.py for tasks to queue
[2024-09-24T14:26:40.255+0000] {logging_mixin.py:120} INFO - [2024-09-24T14:26:40.255+0000] {dagbag.py:537} INFO - Filling up the DagBag from /home/airflow/.local/lib/python3.7/site-packages/airflow/example_dags/example_trigger_target_dag.py
[2024-09-24T14:26:40.283+0000] {processor.py:766} INFO - DAG(s) dict_keys(['example_trigger_target_dag']) retrieved from /home/airflow/.local/lib/python3.7/site-packages/airflow/example_dags/example_trigger_target_dag.py
[2024-09-24T14:26:40.333+0000] {logging_mixin.py:120} INFO - [2024-09-24T14:26:40.333+0000] {dag.py:2585} INFO - Sync 1 DAGs
[2024-09-24T14:26:40.363+0000] {logging_mixin.py:120} INFO - [2024-09-24T14:26:40.363+0000] {dag.py:3340} INFO - Setting next_dagrun for example_trigger_target_dag to None, run_after=None
[2024-09-24T14:26:40.387+0000] {processor.py:176} INFO - Processing /home/airflow/.local/lib/python3.7/site-packages/airflow/example_dags/example_trigger_target_dag.py took 0.139 seconds
[2024-09-24T15:01:03.461+0000] {processor.py:154} INFO - Started process (PID=16625) to work on /home/airflow/.local/lib/python3.7/site-packages/airflow/example_dags/example_trigger_target_dag.py
[2024-09-24T15:01:03.465+0000] {processor.py:756} INFO - Processing file /home/airflow/.local/lib/python3.7/site-packages/airflow/example_dags/example_trigger_target_dag.py for tasks to queue
[2024-09-24T15:01:03.466+0000] {logging_mixin.py:120} INFO - [2024-09-24T15:01:03.466+0000] {dagbag.py:537} INFO - Filling up the DagBag from /home/airflow/.local/lib/python3.7/site-packages/airflow/example_dags/example_trigger_target_dag.py
[2024-09-24T15:01:03.489+0000] {processor.py:766} INFO - DAG(s) dict_keys(['example_trigger_target_dag']) retrieved from /home/airflow/.local/lib/python3.7/site-packages/airflow/example_dags/example_trigger_target_dag.py
[2024-09-24T15:01:03.533+0000] {logging_mixin.py:120} INFO - [2024-09-24T15:01:03.532+0000] {dag.py:2585} INFO - Sync 1 DAGs
[2024-09-24T15:01:03.562+0000] {logging_mixin.py:120} INFO - [2024-09-24T15:01:03.562+0000] {dag.py:3340} INFO - Setting next_dagrun for example_trigger_target_dag to None, run_after=None
[2024-09-24T15:01:03.592+0000] {processor.py:176} INFO - Processing /home/airflow/.local/lib/python3.7/site-packages/airflow/example_dags/example_trigger_target_dag.py took 0.135 seconds
[2024-09-24T16:32:28.309+0000] {processor.py:154} INFO - Started process (PID=16688) to work on /home/airflow/.local/lib/python3.7/site-packages/airflow/example_dags/example_trigger_target_dag.py
[2024-09-24T16:32:28.311+0000] {processor.py:756} INFO - Processing file /home/airflow/.local/lib/python3.7/site-packages/airflow/example_dags/example_trigger_target_dag.py for tasks to queue
[2024-09-24T16:32:28.312+0000] {logging_mixin.py:120} INFO - [2024-09-24T16:32:28.311+0000] {dagbag.py:537} INFO - Filling up the DagBag from /home/airflow/.local/lib/python3.7/site-packages/airflow/example_dags/example_trigger_target_dag.py
[2024-09-24T16:32:28.337+0000] {processor.py:766} INFO - DAG(s) dict_keys(['example_trigger_target_dag']) retrieved from /home/airflow/.local/lib/python3.7/site-packages/airflow/example_dags/example_trigger_target_dag.py
[2024-09-24T16:32:28.395+0000] {logging_mixin.py:120} INFO - [2024-09-24T16:32:28.395+0000] {dag.py:2585} INFO - Sync 1 DAGs
[2024-09-24T16:32:28.431+0000] {logging_mixin.py:120} INFO - [2024-09-24T16:32:28.431+0000] {dag.py:3340} INFO - Setting next_dagrun for example_trigger_target_dag to None, run_after=None
[2024-09-24T16:32:28.457+0000] {processor.py:176} INFO - Processing /home/airflow/.local/lib/python3.7/site-packages/airflow/example_dags/example_trigger_target_dag.py took 0.152 seconds
[2024-09-24T16:38:51.840+0000] {processor.py:154} INFO - Started process (PID=16751) to work on /home/airflow/.local/lib/python3.7/site-packages/airflow/example_dags/example_trigger_target_dag.py
[2024-09-24T16:38:51.844+0000] {processor.py:756} INFO - Processing file /home/airflow/.local/lib/python3.7/site-packages/airflow/example_dags/example_trigger_target_dag.py for tasks to queue
[2024-09-24T16:38:51.846+0000] {logging_mixin.py:120} INFO - [2024-09-24T16:38:51.846+0000] {dagbag.py:537} INFO - Filling up the DagBag from /home/airflow/.local/lib/python3.7/site-packages/airflow/example_dags/example_trigger_target_dag.py
[2024-09-24T16:38:51.892+0000] {processor.py:766} INFO - DAG(s) dict_keys(['example_trigger_target_dag']) retrieved from /home/airflow/.local/lib/python3.7/site-packages/airflow/example_dags/example_trigger_target_dag.py
[2024-09-24T16:38:51.987+0000] {logging_mixin.py:120} INFO - [2024-09-24T16:38:51.987+0000] {dag.py:2585} INFO - Sync 1 DAGs
[2024-09-24T16:38:52.044+0000] {logging_mixin.py:120} INFO - [2024-09-24T16:38:52.044+0000] {dag.py:3340} INFO - Setting next_dagrun for example_trigger_target_dag to None, run_after=None
[2024-09-24T16:38:52.090+0000] {processor.py:176} INFO - Processing /home/airflow/.local/lib/python3.7/site-packages/airflow/example_dags/example_trigger_target_dag.py took 0.257 seconds
[2024-09-24T17:03:41.878+0000] {processor.py:154} INFO - Started process (PID=16805) to work on /home/airflow/.local/lib/python3.7/site-packages/airflow/example_dags/example_trigger_target_dag.py
[2024-09-24T17:03:41.881+0000] {processor.py:756} INFO - Processing file /home/airflow/.local/lib/python3.7/site-packages/airflow/example_dags/example_trigger_target_dag.py for tasks to queue
[2024-09-24T17:03:41.883+0000] {logging_mixin.py:120} INFO - [2024-09-24T17:03:41.883+0000] {dagbag.py:537} INFO - Filling up the DagBag from /home/airflow/.local/lib/python3.7/site-packages/airflow/example_dags/example_trigger_target_dag.py
[2024-09-24T17:03:41.940+0000] {processor.py:766} INFO - DAG(s) dict_keys(['example_trigger_target_dag']) retrieved from /home/airflow/.local/lib/python3.7/site-packages/airflow/example_dags/example_trigger_target_dag.py
[2024-09-24T17:03:42.055+0000] {logging_mixin.py:120} INFO - [2024-09-24T17:03:42.055+0000] {dag.py:2585} INFO - Sync 1 DAGs
[2024-09-24T17:03:42.130+0000] {logging_mixin.py:120} INFO - [2024-09-24T17:03:42.129+0000] {dag.py:3340} INFO - Setting next_dagrun for example_trigger_target_dag to None, run_after=None
[2024-09-24T17:03:42.188+0000] {processor.py:176} INFO - Processing /home/airflow/.local/lib/python3.7/site-packages/airflow/example_dags/example_trigger_target_dag.py took 0.317 seconds
[2024-09-24T17:24:33.478+0000] {processor.py:154} INFO - Started process (PID=16859) to work on /home/airflow/.local/lib/python3.7/site-packages/airflow/example_dags/example_trigger_target_dag.py
[2024-09-24T17:24:33.480+0000] {processor.py:756} INFO - Processing file /home/airflow/.local/lib/python3.7/site-packages/airflow/example_dags/example_trigger_target_dag.py for tasks to queue
[2024-09-24T17:24:33.482+0000] {logging_mixin.py:120} INFO - [2024-09-24T17:24:33.482+0000] {dagbag.py:537} INFO - Filling up the DagBag from /home/airflow/.local/lib/python3.7/site-packages/airflow/example_dags/example_trigger_target_dag.py
[2024-09-24T17:24:33.530+0000] {processor.py:766} INFO - DAG(s) dict_keys(['example_trigger_target_dag']) retrieved from /home/airflow/.local/lib/python3.7/site-packages/airflow/example_dags/example_trigger_target_dag.py
[2024-09-24T17:24:33.620+0000] {logging_mixin.py:120} INFO - [2024-09-24T17:24:33.620+0000] {dag.py:2585} INFO - Sync 1 DAGs
[2024-09-24T17:24:33.688+0000] {logging_mixin.py:120} INFO - [2024-09-24T17:24:33.687+0000] {dag.py:3340} INFO - Setting next_dagrun for example_trigger_target_dag to None, run_after=None
[2024-09-24T17:24:33.751+0000] {processor.py:176} INFO - Processing /home/airflow/.local/lib/python3.7/site-packages/airflow/example_dags/example_trigger_target_dag.py took 0.279 seconds
[2024-09-24T18:04:41.018+0000] {processor.py:154} INFO - Started process (PID=16911) to work on /home/airflow/.local/lib/python3.7/site-packages/airflow/example_dags/example_trigger_target_dag.py
[2024-09-24T18:04:41.021+0000] {processor.py:756} INFO - Processing file /home/airflow/.local/lib/python3.7/site-packages/airflow/example_dags/example_trigger_target_dag.py for tasks to queue
[2024-09-24T18:04:41.022+0000] {logging_mixin.py:120} INFO - [2024-09-24T18:04:41.022+0000] {dagbag.py:537} INFO - Filling up the DagBag from /home/airflow/.local/lib/python3.7/site-packages/airflow/example_dags/example_trigger_target_dag.py
[2024-09-24T18:04:41.065+0000] {processor.py:766} INFO - DAG(s) dict_keys(['example_trigger_target_dag']) retrieved from /home/airflow/.local/lib/python3.7/site-packages/airflow/example_dags/example_trigger_target_dag.py
[2024-09-24T18:04:41.163+0000] {logging_mixin.py:120} INFO - [2024-09-24T18:04:41.163+0000] {dag.py:2585} INFO - Sync 1 DAGs
[2024-09-24T18:04:41.221+0000] {logging_mixin.py:120} INFO - [2024-09-24T18:04:41.221+0000] {dag.py:3340} INFO - Setting next_dagrun for example_trigger_target_dag to None, run_after=None
[2024-09-24T18:04:41.268+0000] {processor.py:176} INFO - Processing /home/airflow/.local/lib/python3.7/site-packages/airflow/example_dags/example_trigger_target_dag.py took 0.256 seconds
[2024-09-24T19:05:36.841+0000] {processor.py:154} INFO - Started process (PID=16958) to work on /home/airflow/.local/lib/python3.7/site-packages/airflow/example_dags/example_trigger_target_dag.py
[2024-09-24T19:05:36.843+0000] {processor.py:756} INFO - Processing file /home/airflow/.local/lib/python3.7/site-packages/airflow/example_dags/example_trigger_target_dag.py for tasks to queue
[2024-09-24T19:05:36.844+0000] {logging_mixin.py:120} INFO - [2024-09-24T19:05:36.844+0000] {dagbag.py:537} INFO - Filling up the DagBag from /home/airflow/.local/lib/python3.7/site-packages/airflow/example_dags/example_trigger_target_dag.py
[2024-09-24T19:05:36.883+0000] {processor.py:766} INFO - DAG(s) dict_keys(['example_trigger_target_dag']) retrieved from /home/airflow/.local/lib/python3.7/site-packages/airflow/example_dags/example_trigger_target_dag.py
[2024-09-24T19:05:36.972+0000] {logging_mixin.py:120} INFO - [2024-09-24T19:05:36.971+0000] {dag.py:2585} INFO - Sync 1 DAGs
[2024-09-24T19:05:37.022+0000] {logging_mixin.py:120} INFO - [2024-09-24T19:05:37.022+0000] {dag.py:3340} INFO - Setting next_dagrun for example_trigger_target_dag to None, run_after=None
[2024-09-24T19:05:37.055+0000] {processor.py:176} INFO - Processing /home/airflow/.local/lib/python3.7/site-packages/airflow/example_dags/example_trigger_target_dag.py took 0.219 seconds
[2024-09-24T20:06:43.255+0000] {processor.py:154} INFO - Started process (PID=17012) to work on /home/airflow/.local/lib/python3.7/site-packages/airflow/example_dags/example_trigger_target_dag.py
[2024-09-24T20:06:43.260+0000] {processor.py:756} INFO - Processing file /home/airflow/.local/lib/python3.7/site-packages/airflow/example_dags/example_trigger_target_dag.py for tasks to queue
[2024-09-24T20:06:43.263+0000] {logging_mixin.py:120} INFO - [2024-09-24T20:06:43.262+0000] {dagbag.py:537} INFO - Filling up the DagBag from /home/airflow/.local/lib/python3.7/site-packages/airflow/example_dags/example_trigger_target_dag.py
[2024-09-24T20:06:43.312+0000] {processor.py:766} INFO - DAG(s) dict_keys(['example_trigger_target_dag']) retrieved from /home/airflow/.local/lib/python3.7/site-packages/airflow/example_dags/example_trigger_target_dag.py
[2024-09-24T20:06:43.406+0000] {logging_mixin.py:120} INFO - [2024-09-24T20:06:43.406+0000] {dag.py:2585} INFO - Sync 1 DAGs
[2024-09-24T20:06:43.480+0000] {logging_mixin.py:120} INFO - [2024-09-24T20:06:43.480+0000] {dag.py:3340} INFO - Setting next_dagrun for example_trigger_target_dag to None, run_after=None
[2024-09-24T20:06:43.525+0000] {processor.py:176} INFO - Processing /home/airflow/.local/lib/python3.7/site-packages/airflow/example_dags/example_trigger_target_dag.py took 0.277 seconds
[2024-09-24T22:08:33.035+0000] {processor.py:154} INFO - Started process (PID=17066) to work on /home/airflow/.local/lib/python3.7/site-packages/airflow/example_dags/example_trigger_target_dag.py
[2024-09-24T22:08:33.045+0000] {processor.py:756} INFO - Processing file /home/airflow/.local/lib/python3.7/site-packages/airflow/example_dags/example_trigger_target_dag.py for tasks to queue
[2024-09-24T22:08:33.054+0000] {logging_mixin.py:120} INFO - [2024-09-24T22:08:33.052+0000] {dagbag.py:537} INFO - Filling up the DagBag from /home/airflow/.local/lib/python3.7/site-packages/airflow/example_dags/example_trigger_target_dag.py
[2024-09-24T22:08:33.275+0000] {processor.py:766} INFO - DAG(s) dict_keys(['example_trigger_target_dag']) retrieved from /home/airflow/.local/lib/python3.7/site-packages/airflow/example_dags/example_trigger_target_dag.py
[2024-09-24T22:08:33.709+0000] {logging_mixin.py:120} INFO - [2024-09-24T22:08:33.707+0000] {dag.py:2585} INFO - Sync 1 DAGs
[2024-09-24T22:08:35.286+0000] {logging_mixin.py:120} INFO - [2024-09-24T22:08:35.286+0000] {dag.py:3340} INFO - Setting next_dagrun for example_trigger_target_dag to None, run_after=None
[2024-09-24T22:08:35.439+0000] {processor.py:176} INFO - Processing /home/airflow/.local/lib/python3.7/site-packages/airflow/example_dags/example_trigger_target_dag.py took 2.441 seconds
