[2024-09-24T01:38:18.914+0000] {processor.py:154} INFO - Started process (PID=13869) to work on /home/airflow/.local/lib/python3.7/site-packages/airflow/example_dags/example_latest_only.py
[2024-09-24T01:38:18.925+0000] {processor.py:756} INFO - Processing file /home/airflow/.local/lib/python3.7/site-packages/airflow/example_dags/example_latest_only.py for tasks to queue
[2024-09-24T01:38:18.941+0000] {logging_mixin.py:120} INFO - [2024-09-24T01:38:18.941+0000] {dagbag.py:537} INFO - Filling up the DagBag from /home/airflow/.local/lib/python3.7/site-packages/airflow/example_dags/example_latest_only.py
[2024-09-24T01:38:18.977+0000] {processor.py:766} INFO - DAG(s) dict_keys(['latest_only']) retrieved from /home/airflow/.local/lib/python3.7/site-packages/airflow/example_dags/example_latest_only.py
[2024-09-24T01:38:19.074+0000] {logging_mixin.py:120} INFO - [2024-09-24T01:38:19.073+0000] {dag.py:2585} INFO - Sync 1 DAGs
[2024-09-24T01:38:19.147+0000] {logging_mixin.py:120} INFO - [2024-09-24T01:38:19.146+0000] {dag.py:3340} INFO - Setting next_dagrun for latest_only to 2024-09-23T21:38:19.146333+00:00, run_after=2024-09-24T01:38:19.146333+00:00
[2024-09-24T01:38:19.205+0000] {processor.py:176} INFO - Processing /home/airflow/.local/lib/python3.7/site-packages/airflow/example_dags/example_latest_only.py took 0.335 seconds
[2024-09-24T01:41:40.338+0000] {processor.py:154} INFO - Started process (PID=13923) to work on /home/airflow/.local/lib/python3.7/site-packages/airflow/example_dags/example_latest_only.py
[2024-09-24T01:41:40.340+0000] {processor.py:756} INFO - Processing file /home/airflow/.local/lib/python3.7/site-packages/airflow/example_dags/example_latest_only.py for tasks to queue
[2024-09-24T01:41:40.342+0000] {logging_mixin.py:120} INFO - [2024-09-24T01:41:40.342+0000] {dagbag.py:537} INFO - Filling up the DagBag from /home/airflow/.local/lib/python3.7/site-packages/airflow/example_dags/example_latest_only.py
[2024-09-24T01:41:40.364+0000] {processor.py:766} INFO - DAG(s) dict_keys(['latest_only']) retrieved from /home/airflow/.local/lib/python3.7/site-packages/airflow/example_dags/example_latest_only.py
[2024-09-24T01:41:40.427+0000] {logging_mixin.py:120} INFO - [2024-09-24T01:41:40.427+0000] {dag.py:2585} INFO - Sync 1 DAGs
[2024-09-24T01:41:40.468+0000] {logging_mixin.py:120} INFO - [2024-09-24T01:41:40.468+0000] {dag.py:3340} INFO - Setting next_dagrun for latest_only to 2024-09-23T21:41:40.467640+00:00, run_after=2024-09-24T01:41:40.467640+00:00
[2024-09-24T01:41:40.508+0000] {processor.py:176} INFO - Processing /home/airflow/.local/lib/python3.7/site-packages/airflow/example_dags/example_latest_only.py took 0.175 seconds
[2024-09-24T03:27:55.651+0000] {processor.py:154} INFO - Started process (PID=13986) to work on /home/airflow/.local/lib/python3.7/site-packages/airflow/example_dags/example_latest_only.py
[2024-09-24T03:27:55.652+0000] {processor.py:756} INFO - Processing file /home/airflow/.local/lib/python3.7/site-packages/airflow/example_dags/example_latest_only.py for tasks to queue
[2024-09-24T03:27:55.654+0000] {logging_mixin.py:120} INFO - [2024-09-24T03:27:55.653+0000] {dagbag.py:537} INFO - Filling up the DagBag from /home/airflow/.local/lib/python3.7/site-packages/airflow/example_dags/example_latest_only.py
[2024-09-24T03:27:55.679+0000] {processor.py:766} INFO - DAG(s) dict_keys(['latest_only']) retrieved from /home/airflow/.local/lib/python3.7/site-packages/airflow/example_dags/example_latest_only.py
[2024-09-24T03:27:55.754+0000] {logging_mixin.py:120} INFO - [2024-09-24T03:27:55.753+0000] {dag.py:2585} INFO - Sync 1 DAGs
[2024-09-24T03:27:55.803+0000] {logging_mixin.py:120} INFO - [2024-09-24T03:27:55.803+0000] {dag.py:3340} INFO - Setting next_dagrun for latest_only to 2024-09-23T23:27:55.803102+00:00, run_after=2024-09-24T03:27:55.803102+00:00
[2024-09-24T03:27:55.840+0000] {processor.py:176} INFO - Processing /home/airflow/.local/lib/python3.7/site-packages/airflow/example_dags/example_latest_only.py took 0.195 seconds
[2024-09-24T04:19:36.212+0000] {processor.py:154} INFO - Started process (PID=14047) to work on /home/airflow/.local/lib/python3.7/site-packages/airflow/example_dags/example_latest_only.py
[2024-09-24T04:19:36.234+0000] {processor.py:756} INFO - Processing file /home/airflow/.local/lib/python3.7/site-packages/airflow/example_dags/example_latest_only.py for tasks to queue
[2024-09-24T04:19:36.237+0000] {logging_mixin.py:120} INFO - [2024-09-24T04:19:36.237+0000] {dagbag.py:537} INFO - Filling up the DagBag from /home/airflow/.local/lib/python3.7/site-packages/airflow/example_dags/example_latest_only.py
[2024-09-24T04:19:36.264+0000] {processor.py:766} INFO - DAG(s) dict_keys(['latest_only']) retrieved from /home/airflow/.local/lib/python3.7/site-packages/airflow/example_dags/example_latest_only.py
[2024-09-24T04:19:36.379+0000] {logging_mixin.py:120} INFO - [2024-09-24T04:19:36.379+0000] {dag.py:2585} INFO - Sync 1 DAGs
[2024-09-24T04:19:36.449+0000] {logging_mixin.py:120} INFO - [2024-09-24T04:19:36.449+0000] {dag.py:3340} INFO - Setting next_dagrun for latest_only to 2024-09-24T00:19:36.449296+00:00, run_after=2024-09-24T04:19:36.449296+00:00
[2024-09-24T04:19:36.549+0000] {processor.py:176} INFO - Processing /home/airflow/.local/lib/python3.7/site-packages/airflow/example_dags/example_latest_only.py took 0.345 seconds
[2024-09-24T04:20:07.220+0000] {processor.py:154} INFO - Started process (PID=14103) to work on /home/airflow/.local/lib/python3.7/site-packages/airflow/example_dags/example_latest_only.py
[2024-09-24T04:20:07.224+0000] {processor.py:756} INFO - Processing file /home/airflow/.local/lib/python3.7/site-packages/airflow/example_dags/example_latest_only.py for tasks to queue
[2024-09-24T04:20:07.225+0000] {logging_mixin.py:120} INFO - [2024-09-24T04:20:07.225+0000] {dagbag.py:537} INFO - Filling up the DagBag from /home/airflow/.local/lib/python3.7/site-packages/airflow/example_dags/example_latest_only.py
[2024-09-24T04:20:07.248+0000] {processor.py:766} INFO - DAG(s) dict_keys(['latest_only']) retrieved from /home/airflow/.local/lib/python3.7/site-packages/airflow/example_dags/example_latest_only.py
[2024-09-24T04:20:07.313+0000] {logging_mixin.py:120} INFO - [2024-09-24T04:20:07.313+0000] {dag.py:2585} INFO - Sync 1 DAGs
[2024-09-24T04:20:07.350+0000] {logging_mixin.py:120} INFO - [2024-09-24T04:20:07.350+0000] {dag.py:3340} INFO - Setting next_dagrun for latest_only to 2024-09-24T00:20:07.349618+00:00, run_after=2024-09-24T04:20:07.349618+00:00
[2024-09-24T04:20:07.387+0000] {processor.py:176} INFO - Processing /home/airflow/.local/lib/python3.7/site-packages/airflow/example_dags/example_latest_only.py took 0.172 seconds
[2024-09-24T04:20:37.578+0000] {processor.py:154} INFO - Started process (PID=14165) to work on /home/airflow/.local/lib/python3.7/site-packages/airflow/example_dags/example_latest_only.py
[2024-09-24T04:20:37.579+0000] {processor.py:756} INFO - Processing file /home/airflow/.local/lib/python3.7/site-packages/airflow/example_dags/example_latest_only.py for tasks to queue
[2024-09-24T04:20:37.580+0000] {logging_mixin.py:120} INFO - [2024-09-24T04:20:37.580+0000] {dagbag.py:537} INFO - Filling up the DagBag from /home/airflow/.local/lib/python3.7/site-packages/airflow/example_dags/example_latest_only.py
[2024-09-24T04:20:37.597+0000] {processor.py:766} INFO - DAG(s) dict_keys(['latest_only']) retrieved from /home/airflow/.local/lib/python3.7/site-packages/airflow/example_dags/example_latest_only.py
[2024-09-24T04:20:37.648+0000] {logging_mixin.py:120} INFO - [2024-09-24T04:20:37.648+0000] {dag.py:2585} INFO - Sync 1 DAGs
[2024-09-24T04:20:37.679+0000] {logging_mixin.py:120} INFO - [2024-09-24T04:20:37.679+0000] {dag.py:3340} INFO - Setting next_dagrun for latest_only to 2024-09-24T00:20:37.679419+00:00, run_after=2024-09-24T04:20:37.679419+00:00
[2024-09-24T04:20:37.704+0000] {processor.py:176} INFO - Processing /home/airflow/.local/lib/python3.7/site-packages/airflow/example_dags/example_latest_only.py took 0.131 seconds
[2024-09-24T04:21:08.184+0000] {processor.py:154} INFO - Started process (PID=14219) to work on /home/airflow/.local/lib/python3.7/site-packages/airflow/example_dags/example_latest_only.py
[2024-09-24T04:21:08.186+0000] {processor.py:756} INFO - Processing file /home/airflow/.local/lib/python3.7/site-packages/airflow/example_dags/example_latest_only.py for tasks to queue
[2024-09-24T04:21:08.187+0000] {logging_mixin.py:120} INFO - [2024-09-24T04:21:08.187+0000] {dagbag.py:537} INFO - Filling up the DagBag from /home/airflow/.local/lib/python3.7/site-packages/airflow/example_dags/example_latest_only.py
[2024-09-24T04:21:08.206+0000] {processor.py:766} INFO - DAG(s) dict_keys(['latest_only']) retrieved from /home/airflow/.local/lib/python3.7/site-packages/airflow/example_dags/example_latest_only.py
[2024-09-24T04:21:08.264+0000] {logging_mixin.py:120} INFO - [2024-09-24T04:21:08.264+0000] {dag.py:2585} INFO - Sync 1 DAGs
[2024-09-24T04:21:08.301+0000] {logging_mixin.py:120} INFO - [2024-09-24T04:21:08.300+0000] {dag.py:3340} INFO - Setting next_dagrun for latest_only to 2024-09-24T00:21:08.300384+00:00, run_after=2024-09-24T04:21:08.300384+00:00
[2024-09-24T04:21:08.334+0000] {processor.py:176} INFO - Processing /home/airflow/.local/lib/python3.7/site-packages/airflow/example_dags/example_latest_only.py took 0.154 seconds
[2024-09-24T04:21:38.594+0000] {processor.py:154} INFO - Started process (PID=14282) to work on /home/airflow/.local/lib/python3.7/site-packages/airflow/example_dags/example_latest_only.py
[2024-09-24T04:21:38.596+0000] {processor.py:756} INFO - Processing file /home/airflow/.local/lib/python3.7/site-packages/airflow/example_dags/example_latest_only.py for tasks to queue
[2024-09-24T04:21:38.598+0000] {logging_mixin.py:120} INFO - [2024-09-24T04:21:38.598+0000] {dagbag.py:537} INFO - Filling up the DagBag from /home/airflow/.local/lib/python3.7/site-packages/airflow/example_dags/example_latest_only.py
[2024-09-24T04:21:38.620+0000] {processor.py:766} INFO - DAG(s) dict_keys(['latest_only']) retrieved from /home/airflow/.local/lib/python3.7/site-packages/airflow/example_dags/example_latest_only.py
[2024-09-24T04:21:38.679+0000] {logging_mixin.py:120} INFO - [2024-09-24T04:21:38.679+0000] {dag.py:2585} INFO - Sync 1 DAGs
[2024-09-24T04:21:38.724+0000] {logging_mixin.py:120} INFO - [2024-09-24T04:21:38.724+0000] {dag.py:3340} INFO - Setting next_dagrun for latest_only to 2024-09-24T00:21:38.721983+00:00, run_after=2024-09-24T04:21:38.721983+00:00
[2024-09-24T04:21:38.757+0000] {processor.py:176} INFO - Processing /home/airflow/.local/lib/python3.7/site-packages/airflow/example_dags/example_latest_only.py took 0.168 seconds
[2024-09-24T04:22:08.886+0000] {processor.py:154} INFO - Started process (PID=14346) to work on /home/airflow/.local/lib/python3.7/site-packages/airflow/example_dags/example_latest_only.py
[2024-09-24T04:22:08.887+0000] {processor.py:756} INFO - Processing file /home/airflow/.local/lib/python3.7/site-packages/airflow/example_dags/example_latest_only.py for tasks to queue
[2024-09-24T04:22:08.888+0000] {logging_mixin.py:120} INFO - [2024-09-24T04:22:08.888+0000] {dagbag.py:537} INFO - Filling up the DagBag from /home/airflow/.local/lib/python3.7/site-packages/airflow/example_dags/example_latest_only.py
[2024-09-24T04:22:08.907+0000] {processor.py:766} INFO - DAG(s) dict_keys(['latest_only']) retrieved from /home/airflow/.local/lib/python3.7/site-packages/airflow/example_dags/example_latest_only.py
[2024-09-24T04:22:08.959+0000] {logging_mixin.py:120} INFO - [2024-09-24T04:22:08.959+0000] {dag.py:2585} INFO - Sync 1 DAGs
[2024-09-24T04:22:08.993+0000] {logging_mixin.py:120} INFO - [2024-09-24T04:22:08.992+0000] {dag.py:3340} INFO - Setting next_dagrun for latest_only to 2024-09-24T00:22:08.992646+00:00, run_after=2024-09-24T04:22:08.992646+00:00
[2024-09-24T04:22:09.020+0000] {processor.py:176} INFO - Processing /home/airflow/.local/lib/python3.7/site-packages/airflow/example_dags/example_latest_only.py took 0.138 seconds
[2024-09-24T04:22:39.366+0000] {processor.py:154} INFO - Started process (PID=14400) to work on /home/airflow/.local/lib/python3.7/site-packages/airflow/example_dags/example_latest_only.py
[2024-09-24T04:22:39.367+0000] {processor.py:756} INFO - Processing file /home/airflow/.local/lib/python3.7/site-packages/airflow/example_dags/example_latest_only.py for tasks to queue
[2024-09-24T04:22:39.368+0000] {logging_mixin.py:120} INFO - [2024-09-24T04:22:39.368+0000] {dagbag.py:537} INFO - Filling up the DagBag from /home/airflow/.local/lib/python3.7/site-packages/airflow/example_dags/example_latest_only.py
[2024-09-24T04:22:39.386+0000] {processor.py:766} INFO - DAG(s) dict_keys(['latest_only']) retrieved from /home/airflow/.local/lib/python3.7/site-packages/airflow/example_dags/example_latest_only.py
[2024-09-24T04:22:39.437+0000] {logging_mixin.py:120} INFO - [2024-09-24T04:22:39.437+0000] {dag.py:2585} INFO - Sync 1 DAGs
[2024-09-24T04:22:39.468+0000] {logging_mixin.py:120} INFO - [2024-09-24T04:22:39.468+0000] {dag.py:3340} INFO - Setting next_dagrun for latest_only to 2024-09-24T00:22:39.468512+00:00, run_after=2024-09-24T04:22:39.468512+00:00
[2024-09-24T04:22:39.493+0000] {processor.py:176} INFO - Processing /home/airflow/.local/lib/python3.7/site-packages/airflow/example_dags/example_latest_only.py took 0.131 seconds
[2024-09-24T04:23:09.514+0000] {processor.py:154} INFO - Started process (PID=14463) to work on /home/airflow/.local/lib/python3.7/site-packages/airflow/example_dags/example_latest_only.py
[2024-09-24T04:23:09.515+0000] {processor.py:756} INFO - Processing file /home/airflow/.local/lib/python3.7/site-packages/airflow/example_dags/example_latest_only.py for tasks to queue
[2024-09-24T04:23:09.516+0000] {logging_mixin.py:120} INFO - [2024-09-24T04:23:09.516+0000] {dagbag.py:537} INFO - Filling up the DagBag from /home/airflow/.local/lib/python3.7/site-packages/airflow/example_dags/example_latest_only.py
[2024-09-24T04:23:09.534+0000] {processor.py:766} INFO - DAG(s) dict_keys(['latest_only']) retrieved from /home/airflow/.local/lib/python3.7/site-packages/airflow/example_dags/example_latest_only.py
[2024-09-24T04:23:09.584+0000] {logging_mixin.py:120} INFO - [2024-09-24T04:23:09.583+0000] {dag.py:2585} INFO - Sync 1 DAGs
[2024-09-24T04:23:09.614+0000] {logging_mixin.py:120} INFO - [2024-09-24T04:23:09.614+0000] {dag.py:3340} INFO - Setting next_dagrun for latest_only to 2024-09-24T00:23:09.614068+00:00, run_after=2024-09-24T04:23:09.614068+00:00
[2024-09-24T04:23:09.636+0000] {processor.py:176} INFO - Processing /home/airflow/.local/lib/python3.7/site-packages/airflow/example_dags/example_latest_only.py took 0.127 seconds
[2024-09-24T04:23:40.676+0000] {processor.py:154} INFO - Started process (PID=14526) to work on /home/airflow/.local/lib/python3.7/site-packages/airflow/example_dags/example_latest_only.py
[2024-09-24T04:23:40.678+0000] {processor.py:756} INFO - Processing file /home/airflow/.local/lib/python3.7/site-packages/airflow/example_dags/example_latest_only.py for tasks to queue
[2024-09-24T04:23:40.679+0000] {logging_mixin.py:120} INFO - [2024-09-24T04:23:40.678+0000] {dagbag.py:537} INFO - Filling up the DagBag from /home/airflow/.local/lib/python3.7/site-packages/airflow/example_dags/example_latest_only.py
[2024-09-24T04:23:40.695+0000] {processor.py:766} INFO - DAG(s) dict_keys(['latest_only']) retrieved from /home/airflow/.local/lib/python3.7/site-packages/airflow/example_dags/example_latest_only.py
[2024-09-24T04:23:40.745+0000] {logging_mixin.py:120} INFO - [2024-09-24T04:23:40.744+0000] {dag.py:2585} INFO - Sync 1 DAGs
[2024-09-24T04:23:40.776+0000] {logging_mixin.py:120} INFO - [2024-09-24T04:23:40.776+0000] {dag.py:3340} INFO - Setting next_dagrun for latest_only to 2024-09-24T00:23:40.776145+00:00, run_after=2024-09-24T04:23:40.776145+00:00
[2024-09-24T04:23:40.805+0000] {processor.py:176} INFO - Processing /home/airflow/.local/lib/python3.7/site-packages/airflow/example_dags/example_latest_only.py took 0.133 seconds
[2024-09-24T04:24:11.040+0000] {processor.py:154} INFO - Started process (PID=14579) to work on /home/airflow/.local/lib/python3.7/site-packages/airflow/example_dags/example_latest_only.py
[2024-09-24T04:24:11.041+0000] {processor.py:756} INFO - Processing file /home/airflow/.local/lib/python3.7/site-packages/airflow/example_dags/example_latest_only.py for tasks to queue
[2024-09-24T04:24:11.042+0000] {logging_mixin.py:120} INFO - [2024-09-24T04:24:11.042+0000] {dagbag.py:537} INFO - Filling up the DagBag from /home/airflow/.local/lib/python3.7/site-packages/airflow/example_dags/example_latest_only.py
[2024-09-24T04:24:11.059+0000] {processor.py:766} INFO - DAG(s) dict_keys(['latest_only']) retrieved from /home/airflow/.local/lib/python3.7/site-packages/airflow/example_dags/example_latest_only.py
[2024-09-24T04:24:11.106+0000] {logging_mixin.py:120} INFO - [2024-09-24T04:24:11.106+0000] {dag.py:2585} INFO - Sync 1 DAGs
[2024-09-24T04:24:11.139+0000] {logging_mixin.py:120} INFO - [2024-09-24T04:24:11.139+0000] {dag.py:3340} INFO - Setting next_dagrun for latest_only to 2024-09-24T00:24:11.138972+00:00, run_after=2024-09-24T04:24:11.138972+00:00
[2024-09-24T04:24:11.168+0000] {processor.py:176} INFO - Processing /home/airflow/.local/lib/python3.7/site-packages/airflow/example_dags/example_latest_only.py took 0.133 seconds
[2024-09-24T04:24:41.983+0000] {processor.py:154} INFO - Started process (PID=14642) to work on /home/airflow/.local/lib/python3.7/site-packages/airflow/example_dags/example_latest_only.py
[2024-09-24T04:24:41.984+0000] {processor.py:756} INFO - Processing file /home/airflow/.local/lib/python3.7/site-packages/airflow/example_dags/example_latest_only.py for tasks to queue
[2024-09-24T04:24:41.985+0000] {logging_mixin.py:120} INFO - [2024-09-24T04:24:41.985+0000] {dagbag.py:537} INFO - Filling up the DagBag from /home/airflow/.local/lib/python3.7/site-packages/airflow/example_dags/example_latest_only.py
[2024-09-24T04:24:42.006+0000] {processor.py:766} INFO - DAG(s) dict_keys(['latest_only']) retrieved from /home/airflow/.local/lib/python3.7/site-packages/airflow/example_dags/example_latest_only.py
[2024-09-24T04:24:42.056+0000] {logging_mixin.py:120} INFO - [2024-09-24T04:24:42.056+0000] {dag.py:2585} INFO - Sync 1 DAGs
[2024-09-24T04:24:42.088+0000] {logging_mixin.py:120} INFO - [2024-09-24T04:24:42.088+0000] {dag.py:3340} INFO - Setting next_dagrun for latest_only to 2024-09-24T00:24:42.088468+00:00, run_after=2024-09-24T04:24:42.088468+00:00
[2024-09-24T04:24:42.112+0000] {processor.py:176} INFO - Processing /home/airflow/.local/lib/python3.7/site-packages/airflow/example_dags/example_latest_only.py took 0.134 seconds
[2024-09-24T04:25:12.403+0000] {processor.py:154} INFO - Started process (PID=14705) to work on /home/airflow/.local/lib/python3.7/site-packages/airflow/example_dags/example_latest_only.py
[2024-09-24T04:25:12.404+0000] {processor.py:756} INFO - Processing file /home/airflow/.local/lib/python3.7/site-packages/airflow/example_dags/example_latest_only.py for tasks to queue
[2024-09-24T04:25:12.405+0000] {logging_mixin.py:120} INFO - [2024-09-24T04:25:12.405+0000] {dagbag.py:537} INFO - Filling up the DagBag from /home/airflow/.local/lib/python3.7/site-packages/airflow/example_dags/example_latest_only.py
[2024-09-24T04:25:12.425+0000] {processor.py:766} INFO - DAG(s) dict_keys(['latest_only']) retrieved from /home/airflow/.local/lib/python3.7/site-packages/airflow/example_dags/example_latest_only.py
[2024-09-24T04:25:12.479+0000] {logging_mixin.py:120} INFO - [2024-09-24T04:25:12.478+0000] {dag.py:2585} INFO - Sync 1 DAGs
[2024-09-24T04:25:12.512+0000] {logging_mixin.py:120} INFO - [2024-09-24T04:25:12.512+0000] {dag.py:3340} INFO - Setting next_dagrun for latest_only to 2024-09-24T00:25:12.511863+00:00, run_after=2024-09-24T04:25:12.511863+00:00
[2024-09-24T04:25:12.537+0000] {processor.py:176} INFO - Processing /home/airflow/.local/lib/python3.7/site-packages/airflow/example_dags/example_latest_only.py took 0.140 seconds
[2024-09-24T04:25:43.615+0000] {processor.py:154} INFO - Started process (PID=14765) to work on /home/airflow/.local/lib/python3.7/site-packages/airflow/example_dags/example_latest_only.py
[2024-09-24T04:25:43.617+0000] {processor.py:756} INFO - Processing file /home/airflow/.local/lib/python3.7/site-packages/airflow/example_dags/example_latest_only.py for tasks to queue
[2024-09-24T04:25:43.618+0000] {logging_mixin.py:120} INFO - [2024-09-24T04:25:43.617+0000] {dagbag.py:537} INFO - Filling up the DagBag from /home/airflow/.local/lib/python3.7/site-packages/airflow/example_dags/example_latest_only.py
[2024-09-24T04:25:43.638+0000] {processor.py:766} INFO - DAG(s) dict_keys(['latest_only']) retrieved from /home/airflow/.local/lib/python3.7/site-packages/airflow/example_dags/example_latest_only.py
[2024-09-24T04:25:43.700+0000] {logging_mixin.py:120} INFO - [2024-09-24T04:25:43.699+0000] {dag.py:2585} INFO - Sync 1 DAGs
[2024-09-24T04:25:43.744+0000] {logging_mixin.py:120} INFO - [2024-09-24T04:25:43.743+0000] {dag.py:3340} INFO - Setting next_dagrun for latest_only to 2024-09-24T00:25:43.743571+00:00, run_after=2024-09-24T04:25:43.743571+00:00
[2024-09-24T04:25:43.772+0000] {processor.py:176} INFO - Processing /home/airflow/.local/lib/python3.7/site-packages/airflow/example_dags/example_latest_only.py took 0.162 seconds
[2024-09-24T04:26:14.838+0000] {processor.py:154} INFO - Started process (PID=14821) to work on /home/airflow/.local/lib/python3.7/site-packages/airflow/example_dags/example_latest_only.py
[2024-09-24T04:26:14.839+0000] {processor.py:756} INFO - Processing file /home/airflow/.local/lib/python3.7/site-packages/airflow/example_dags/example_latest_only.py for tasks to queue
[2024-09-24T04:26:14.840+0000] {logging_mixin.py:120} INFO - [2024-09-24T04:26:14.840+0000] {dagbag.py:537} INFO - Filling up the DagBag from /home/airflow/.local/lib/python3.7/site-packages/airflow/example_dags/example_latest_only.py
[2024-09-24T04:26:14.857+0000] {processor.py:766} INFO - DAG(s) dict_keys(['latest_only']) retrieved from /home/airflow/.local/lib/python3.7/site-packages/airflow/example_dags/example_latest_only.py
[2024-09-24T04:26:14.904+0000] {logging_mixin.py:120} INFO - [2024-09-24T04:26:14.904+0000] {dag.py:2585} INFO - Sync 1 DAGs
[2024-09-24T04:26:14.935+0000] {logging_mixin.py:120} INFO - [2024-09-24T04:26:14.935+0000] {dag.py:3340} INFO - Setting next_dagrun for latest_only to 2024-09-24T00:26:14.935493+00:00, run_after=2024-09-24T04:26:14.935493+00:00
[2024-09-24T04:26:14.963+0000] {processor.py:176} INFO - Processing /home/airflow/.local/lib/python3.7/site-packages/airflow/example_dags/example_latest_only.py took 0.129 seconds
[2024-09-24T04:26:45.415+0000] {processor.py:154} INFO - Started process (PID=14883) to work on /home/airflow/.local/lib/python3.7/site-packages/airflow/example_dags/example_latest_only.py
[2024-09-24T04:26:45.416+0000] {processor.py:756} INFO - Processing file /home/airflow/.local/lib/python3.7/site-packages/airflow/example_dags/example_latest_only.py for tasks to queue
[2024-09-24T04:26:45.417+0000] {logging_mixin.py:120} INFO - [2024-09-24T04:26:45.417+0000] {dagbag.py:537} INFO - Filling up the DagBag from /home/airflow/.local/lib/python3.7/site-packages/airflow/example_dags/example_latest_only.py
[2024-09-24T04:26:45.436+0000] {processor.py:766} INFO - DAG(s) dict_keys(['latest_only']) retrieved from /home/airflow/.local/lib/python3.7/site-packages/airflow/example_dags/example_latest_only.py
[2024-09-24T04:26:45.496+0000] {logging_mixin.py:120} INFO - [2024-09-24T04:26:45.495+0000] {dag.py:2585} INFO - Sync 1 DAGs
[2024-09-24T04:26:45.537+0000] {logging_mixin.py:120} INFO - [2024-09-24T04:26:45.537+0000] {dag.py:3340} INFO - Setting next_dagrun for latest_only to 2024-09-24T00:26:45.537224+00:00, run_after=2024-09-24T04:26:45.537224+00:00
[2024-09-24T04:26:45.566+0000] {processor.py:176} INFO - Processing /home/airflow/.local/lib/python3.7/site-packages/airflow/example_dags/example_latest_only.py took 0.156 seconds
[2024-09-24T04:27:16.016+0000] {processor.py:154} INFO - Started process (PID=14945) to work on /home/airflow/.local/lib/python3.7/site-packages/airflow/example_dags/example_latest_only.py
[2024-09-24T04:27:16.018+0000] {processor.py:756} INFO - Processing file /home/airflow/.local/lib/python3.7/site-packages/airflow/example_dags/example_latest_only.py for tasks to queue
[2024-09-24T04:27:16.019+0000] {logging_mixin.py:120} INFO - [2024-09-24T04:27:16.019+0000] {dagbag.py:537} INFO - Filling up the DagBag from /home/airflow/.local/lib/python3.7/site-packages/airflow/example_dags/example_latest_only.py
[2024-09-24T04:27:16.040+0000] {processor.py:766} INFO - DAG(s) dict_keys(['latest_only']) retrieved from /home/airflow/.local/lib/python3.7/site-packages/airflow/example_dags/example_latest_only.py
[2024-09-24T04:27:16.102+0000] {logging_mixin.py:120} INFO - [2024-09-24T04:27:16.102+0000] {dag.py:2585} INFO - Sync 1 DAGs
[2024-09-24T04:27:16.139+0000] {logging_mixin.py:120} INFO - [2024-09-24T04:27:16.139+0000] {dag.py:3340} INFO - Setting next_dagrun for latest_only to 2024-09-24T00:27:16.139489+00:00, run_after=2024-09-24T04:27:16.139489+00:00
[2024-09-24T04:27:16.167+0000] {processor.py:176} INFO - Processing /home/airflow/.local/lib/python3.7/site-packages/airflow/example_dags/example_latest_only.py took 0.155 seconds
[2024-09-24T04:27:46.350+0000] {processor.py:154} INFO - Started process (PID=14999) to work on /home/airflow/.local/lib/python3.7/site-packages/airflow/example_dags/example_latest_only.py
[2024-09-24T04:27:46.351+0000] {processor.py:756} INFO - Processing file /home/airflow/.local/lib/python3.7/site-packages/airflow/example_dags/example_latest_only.py for tasks to queue
[2024-09-24T04:27:46.352+0000] {logging_mixin.py:120} INFO - [2024-09-24T04:27:46.352+0000] {dagbag.py:537} INFO - Filling up the DagBag from /home/airflow/.local/lib/python3.7/site-packages/airflow/example_dags/example_latest_only.py
[2024-09-24T04:27:46.369+0000] {processor.py:766} INFO - DAG(s) dict_keys(['latest_only']) retrieved from /home/airflow/.local/lib/python3.7/site-packages/airflow/example_dags/example_latest_only.py
[2024-09-24T04:27:46.416+0000] {logging_mixin.py:120} INFO - [2024-09-24T04:27:46.416+0000] {dag.py:2585} INFO - Sync 1 DAGs
[2024-09-24T04:27:46.449+0000] {logging_mixin.py:120} INFO - [2024-09-24T04:27:46.448+0000] {dag.py:3340} INFO - Setting next_dagrun for latest_only to 2024-09-24T00:27:46.448476+00:00, run_after=2024-09-24T04:27:46.448476+00:00
[2024-09-24T04:27:46.476+0000] {processor.py:176} INFO - Processing /home/airflow/.local/lib/python3.7/site-packages/airflow/example_dags/example_latest_only.py took 0.130 seconds
[2024-09-24T04:28:16.820+0000] {processor.py:154} INFO - Started process (PID=15062) to work on /home/airflow/.local/lib/python3.7/site-packages/airflow/example_dags/example_latest_only.py
[2024-09-24T04:28:16.821+0000] {processor.py:756} INFO - Processing file /home/airflow/.local/lib/python3.7/site-packages/airflow/example_dags/example_latest_only.py for tasks to queue
[2024-09-24T04:28:16.822+0000] {logging_mixin.py:120} INFO - [2024-09-24T04:28:16.822+0000] {dagbag.py:537} INFO - Filling up the DagBag from /home/airflow/.local/lib/python3.7/site-packages/airflow/example_dags/example_latest_only.py
[2024-09-24T04:28:16.842+0000] {processor.py:766} INFO - DAG(s) dict_keys(['latest_only']) retrieved from /home/airflow/.local/lib/python3.7/site-packages/airflow/example_dags/example_latest_only.py
[2024-09-24T04:28:16.897+0000] {logging_mixin.py:120} INFO - [2024-09-24T04:28:16.897+0000] {dag.py:2585} INFO - Sync 1 DAGs
[2024-09-24T04:28:16.938+0000] {logging_mixin.py:120} INFO - [2024-09-24T04:28:16.938+0000] {dag.py:3340} INFO - Setting next_dagrun for latest_only to 2024-09-24T00:28:16.938318+00:00, run_after=2024-09-24T04:28:16.938318+00:00
[2024-09-24T04:28:16.968+0000] {processor.py:176} INFO - Processing /home/airflow/.local/lib/python3.7/site-packages/airflow/example_dags/example_latest_only.py took 0.153 seconds
[2024-09-24T04:28:47.297+0000] {processor.py:154} INFO - Started process (PID=15125) to work on /home/airflow/.local/lib/python3.7/site-packages/airflow/example_dags/example_latest_only.py
[2024-09-24T04:28:47.298+0000] {processor.py:756} INFO - Processing file /home/airflow/.local/lib/python3.7/site-packages/airflow/example_dags/example_latest_only.py for tasks to queue
[2024-09-24T04:28:47.299+0000] {logging_mixin.py:120} INFO - [2024-09-24T04:28:47.299+0000] {dagbag.py:537} INFO - Filling up the DagBag from /home/airflow/.local/lib/python3.7/site-packages/airflow/example_dags/example_latest_only.py
[2024-09-24T04:28:47.316+0000] {processor.py:766} INFO - DAG(s) dict_keys(['latest_only']) retrieved from /home/airflow/.local/lib/python3.7/site-packages/airflow/example_dags/example_latest_only.py
[2024-09-24T04:28:47.368+0000] {logging_mixin.py:120} INFO - [2024-09-24T04:28:47.368+0000] {dag.py:2585} INFO - Sync 1 DAGs
[2024-09-24T04:28:47.398+0000] {logging_mixin.py:120} INFO - [2024-09-24T04:28:47.398+0000] {dag.py:3340} INFO - Setting next_dagrun for latest_only to 2024-09-24T00:28:47.397894+00:00, run_after=2024-09-24T04:28:47.397894+00:00
[2024-09-24T04:28:47.424+0000] {processor.py:176} INFO - Processing /home/airflow/.local/lib/python3.7/site-packages/airflow/example_dags/example_latest_only.py took 0.132 seconds
[2024-09-24T04:29:17.952+0000] {processor.py:154} INFO - Started process (PID=15179) to work on /home/airflow/.local/lib/python3.7/site-packages/airflow/example_dags/example_latest_only.py
[2024-09-24T04:29:17.954+0000] {processor.py:756} INFO - Processing file /home/airflow/.local/lib/python3.7/site-packages/airflow/example_dags/example_latest_only.py for tasks to queue
[2024-09-24T04:29:17.955+0000] {logging_mixin.py:120} INFO - [2024-09-24T04:29:17.955+0000] {dagbag.py:537} INFO - Filling up the DagBag from /home/airflow/.local/lib/python3.7/site-packages/airflow/example_dags/example_latest_only.py
[2024-09-24T04:29:17.980+0000] {processor.py:766} INFO - DAG(s) dict_keys(['latest_only']) retrieved from /home/airflow/.local/lib/python3.7/site-packages/airflow/example_dags/example_latest_only.py
[2024-09-24T04:29:18.049+0000] {logging_mixin.py:120} INFO - [2024-09-24T04:29:18.049+0000] {dag.py:2585} INFO - Sync 1 DAGs
[2024-09-24T04:29:18.098+0000] {logging_mixin.py:120} INFO - [2024-09-24T04:29:18.098+0000] {dag.py:3340} INFO - Setting next_dagrun for latest_only to 2024-09-24T00:29:18.097356+00:00, run_after=2024-09-24T04:29:18.097356+00:00
[2024-09-24T04:29:18.127+0000] {processor.py:176} INFO - Processing /home/airflow/.local/lib/python3.7/site-packages/airflow/example_dags/example_latest_only.py took 0.181 seconds
[2024-09-24T04:29:49.091+0000] {processor.py:154} INFO - Started process (PID=15242) to work on /home/airflow/.local/lib/python3.7/site-packages/airflow/example_dags/example_latest_only.py
[2024-09-24T04:29:49.093+0000] {processor.py:756} INFO - Processing file /home/airflow/.local/lib/python3.7/site-packages/airflow/example_dags/example_latest_only.py for tasks to queue
[2024-09-24T04:29:49.094+0000] {logging_mixin.py:120} INFO - [2024-09-24T04:29:49.094+0000] {dagbag.py:537} INFO - Filling up the DagBag from /home/airflow/.local/lib/python3.7/site-packages/airflow/example_dags/example_latest_only.py
[2024-09-24T04:29:49.112+0000] {processor.py:766} INFO - DAG(s) dict_keys(['latest_only']) retrieved from /home/airflow/.local/lib/python3.7/site-packages/airflow/example_dags/example_latest_only.py
[2024-09-24T04:29:49.161+0000] {logging_mixin.py:120} INFO - [2024-09-24T04:29:49.161+0000] {dag.py:2585} INFO - Sync 1 DAGs
[2024-09-24T04:29:49.191+0000] {logging_mixin.py:120} INFO - [2024-09-24T04:29:49.191+0000] {dag.py:3340} INFO - Setting next_dagrun for latest_only to 2024-09-24T00:29:49.191403+00:00, run_after=2024-09-24T04:29:49.191403+00:00
[2024-09-24T04:29:49.216+0000] {processor.py:176} INFO - Processing /home/airflow/.local/lib/python3.7/site-packages/airflow/example_dags/example_latest_only.py took 0.130 seconds
[2024-09-24T04:30:19.473+0000] {processor.py:154} INFO - Started process (PID=15305) to work on /home/airflow/.local/lib/python3.7/site-packages/airflow/example_dags/example_latest_only.py
[2024-09-24T04:30:19.474+0000] {processor.py:756} INFO - Processing file /home/airflow/.local/lib/python3.7/site-packages/airflow/example_dags/example_latest_only.py for tasks to queue
[2024-09-24T04:30:19.475+0000] {logging_mixin.py:120} INFO - [2024-09-24T04:30:19.475+0000] {dagbag.py:537} INFO - Filling up the DagBag from /home/airflow/.local/lib/python3.7/site-packages/airflow/example_dags/example_latest_only.py
[2024-09-24T04:30:19.496+0000] {processor.py:766} INFO - DAG(s) dict_keys(['latest_only']) retrieved from /home/airflow/.local/lib/python3.7/site-packages/airflow/example_dags/example_latest_only.py
[2024-09-24T04:30:19.547+0000] {logging_mixin.py:120} INFO - [2024-09-24T04:30:19.547+0000] {dag.py:2585} INFO - Sync 1 DAGs
[2024-09-24T04:30:19.578+0000] {logging_mixin.py:120} INFO - [2024-09-24T04:30:19.578+0000] {dag.py:3340} INFO - Setting next_dagrun for latest_only to 2024-09-24T00:30:19.578268+00:00, run_after=2024-09-24T04:30:19.578268+00:00
[2024-09-24T04:30:19.601+0000] {processor.py:176} INFO - Processing /home/airflow/.local/lib/python3.7/site-packages/airflow/example_dags/example_latest_only.py took 0.133 seconds
[2024-09-24T04:30:49.852+0000] {processor.py:154} INFO - Started process (PID=15359) to work on /home/airflow/.local/lib/python3.7/site-packages/airflow/example_dags/example_latest_only.py
[2024-09-24T04:30:49.853+0000] {processor.py:756} INFO - Processing file /home/airflow/.local/lib/python3.7/site-packages/airflow/example_dags/example_latest_only.py for tasks to queue
[2024-09-24T04:30:49.854+0000] {logging_mixin.py:120} INFO - [2024-09-24T04:30:49.854+0000] {dagbag.py:537} INFO - Filling up the DagBag from /home/airflow/.local/lib/python3.7/site-packages/airflow/example_dags/example_latest_only.py
[2024-09-24T04:30:49.871+0000] {processor.py:766} INFO - DAG(s) dict_keys(['latest_only']) retrieved from /home/airflow/.local/lib/python3.7/site-packages/airflow/example_dags/example_latest_only.py
[2024-09-24T04:30:49.923+0000] {logging_mixin.py:120} INFO - [2024-09-24T04:30:49.923+0000] {dag.py:2585} INFO - Sync 1 DAGs
[2024-09-24T04:30:49.954+0000] {logging_mixin.py:120} INFO - [2024-09-24T04:30:49.954+0000] {dag.py:3340} INFO - Setting next_dagrun for latest_only to 2024-09-24T00:30:49.954357+00:00, run_after=2024-09-24T04:30:49.954357+00:00
[2024-09-24T04:30:49.977+0000] {processor.py:176} INFO - Processing /home/airflow/.local/lib/python3.7/site-packages/airflow/example_dags/example_latest_only.py took 0.129 seconds
[2024-09-24T04:31:20.399+0000] {processor.py:154} INFO - Started process (PID=15422) to work on /home/airflow/.local/lib/python3.7/site-packages/airflow/example_dags/example_latest_only.py
[2024-09-24T04:31:20.401+0000] {processor.py:756} INFO - Processing file /home/airflow/.local/lib/python3.7/site-packages/airflow/example_dags/example_latest_only.py for tasks to queue
[2024-09-24T04:31:20.402+0000] {logging_mixin.py:120} INFO - [2024-09-24T04:31:20.402+0000] {dagbag.py:537} INFO - Filling up the DagBag from /home/airflow/.local/lib/python3.7/site-packages/airflow/example_dags/example_latest_only.py
[2024-09-24T04:31:20.421+0000] {processor.py:766} INFO - DAG(s) dict_keys(['latest_only']) retrieved from /home/airflow/.local/lib/python3.7/site-packages/airflow/example_dags/example_latest_only.py
[2024-09-24T04:31:20.489+0000] {logging_mixin.py:120} INFO - [2024-09-24T04:31:20.489+0000] {dag.py:2585} INFO - Sync 1 DAGs
[2024-09-24T04:31:20.520+0000] {logging_mixin.py:120} INFO - [2024-09-24T04:31:20.520+0000] {dag.py:3340} INFO - Setting next_dagrun for latest_only to 2024-09-24T00:31:20.520291+00:00, run_after=2024-09-24T04:31:20.520291+00:00
[2024-09-24T04:31:20.544+0000] {processor.py:176} INFO - Processing /home/airflow/.local/lib/python3.7/site-packages/airflow/example_dags/example_latest_only.py took 0.149 seconds
[2024-09-24T04:31:50.972+0000] {processor.py:154} INFO - Started process (PID=15483) to work on /home/airflow/.local/lib/python3.7/site-packages/airflow/example_dags/example_latest_only.py
[2024-09-24T04:31:50.973+0000] {processor.py:756} INFO - Processing file /home/airflow/.local/lib/python3.7/site-packages/airflow/example_dags/example_latest_only.py for tasks to queue
[2024-09-24T04:31:50.975+0000] {logging_mixin.py:120} INFO - [2024-09-24T04:31:50.974+0000] {dagbag.py:537} INFO - Filling up the DagBag from /home/airflow/.local/lib/python3.7/site-packages/airflow/example_dags/example_latest_only.py
[2024-09-24T04:31:50.995+0000] {processor.py:766} INFO - DAG(s) dict_keys(['latest_only']) retrieved from /home/airflow/.local/lib/python3.7/site-packages/airflow/example_dags/example_latest_only.py
[2024-09-24T04:31:51.061+0000] {logging_mixin.py:120} INFO - [2024-09-24T04:31:51.060+0000] {dag.py:2585} INFO - Sync 1 DAGs
[2024-09-24T04:31:51.111+0000] {logging_mixin.py:120} INFO - [2024-09-24T04:31:51.110+0000] {dag.py:3340} INFO - Setting next_dagrun for latest_only to 2024-09-24T00:31:51.110412+00:00, run_after=2024-09-24T04:31:51.110412+00:00
[2024-09-24T04:31:51.147+0000] {processor.py:176} INFO - Processing /home/airflow/.local/lib/python3.7/site-packages/airflow/example_dags/example_latest_only.py took 0.181 seconds
[2024-09-24T04:32:22.020+0000] {processor.py:154} INFO - Started process (PID=15539) to work on /home/airflow/.local/lib/python3.7/site-packages/airflow/example_dags/example_latest_only.py
[2024-09-24T04:32:22.021+0000] {processor.py:756} INFO - Processing file /home/airflow/.local/lib/python3.7/site-packages/airflow/example_dags/example_latest_only.py for tasks to queue
[2024-09-24T04:32:22.022+0000] {logging_mixin.py:120} INFO - [2024-09-24T04:32:22.022+0000] {dagbag.py:537} INFO - Filling up the DagBag from /home/airflow/.local/lib/python3.7/site-packages/airflow/example_dags/example_latest_only.py
[2024-09-24T04:32:22.044+0000] {processor.py:766} INFO - DAG(s) dict_keys(['latest_only']) retrieved from /home/airflow/.local/lib/python3.7/site-packages/airflow/example_dags/example_latest_only.py
[2024-09-24T04:32:22.105+0000] {logging_mixin.py:120} INFO - [2024-09-24T04:32:22.105+0000] {dag.py:2585} INFO - Sync 1 DAGs
[2024-09-24T04:32:22.142+0000] {logging_mixin.py:120} INFO - [2024-09-24T04:32:22.142+0000] {dag.py:3340} INFO - Setting next_dagrun for latest_only to 2024-09-24T00:32:22.142197+00:00, run_after=2024-09-24T04:32:22.142197+00:00
[2024-09-24T04:32:22.171+0000] {processor.py:176} INFO - Processing /home/airflow/.local/lib/python3.7/site-packages/airflow/example_dags/example_latest_only.py took 0.156 seconds
[2024-09-24T04:32:52.947+0000] {processor.py:154} INFO - Started process (PID=15602) to work on /home/airflow/.local/lib/python3.7/site-packages/airflow/example_dags/example_latest_only.py
[2024-09-24T04:32:52.948+0000] {processor.py:756} INFO - Processing file /home/airflow/.local/lib/python3.7/site-packages/airflow/example_dags/example_latest_only.py for tasks to queue
[2024-09-24T04:32:52.949+0000] {logging_mixin.py:120} INFO - [2024-09-24T04:32:52.949+0000] {dagbag.py:537} INFO - Filling up the DagBag from /home/airflow/.local/lib/python3.7/site-packages/airflow/example_dags/example_latest_only.py
[2024-09-24T04:32:52.972+0000] {processor.py:766} INFO - DAG(s) dict_keys(['latest_only']) retrieved from /home/airflow/.local/lib/python3.7/site-packages/airflow/example_dags/example_latest_only.py
[2024-09-24T04:32:53.035+0000] {logging_mixin.py:120} INFO - [2024-09-24T04:32:53.035+0000] {dag.py:2585} INFO - Sync 1 DAGs
[2024-09-24T04:32:53.073+0000] {logging_mixin.py:120} INFO - [2024-09-24T04:32:53.073+0000] {dag.py:3340} INFO - Setting next_dagrun for latest_only to 2024-09-24T00:32:53.072904+00:00, run_after=2024-09-24T04:32:53.072904+00:00
[2024-09-24T04:32:53.102+0000] {processor.py:176} INFO - Processing /home/airflow/.local/lib/python3.7/site-packages/airflow/example_dags/example_latest_only.py took 0.160 seconds
[2024-09-24T04:33:23.854+0000] {processor.py:154} INFO - Started process (PID=15656) to work on /home/airflow/.local/lib/python3.7/site-packages/airflow/example_dags/example_latest_only.py
[2024-09-24T04:33:23.856+0000] {processor.py:756} INFO - Processing file /home/airflow/.local/lib/python3.7/site-packages/airflow/example_dags/example_latest_only.py for tasks to queue
[2024-09-24T04:33:23.857+0000] {logging_mixin.py:120} INFO - [2024-09-24T04:33:23.857+0000] {dagbag.py:537} INFO - Filling up the DagBag from /home/airflow/.local/lib/python3.7/site-packages/airflow/example_dags/example_latest_only.py
[2024-09-24T04:33:23.880+0000] {processor.py:766} INFO - DAG(s) dict_keys(['latest_only']) retrieved from /home/airflow/.local/lib/python3.7/site-packages/airflow/example_dags/example_latest_only.py
[2024-09-24T04:33:23.939+0000] {logging_mixin.py:120} INFO - [2024-09-24T04:33:23.939+0000] {dag.py:2585} INFO - Sync 1 DAGs
[2024-09-24T04:33:23.981+0000] {logging_mixin.py:120} INFO - [2024-09-24T04:33:23.981+0000] {dag.py:3340} INFO - Setting next_dagrun for latest_only to 2024-09-24T00:33:23.981309+00:00, run_after=2024-09-24T04:33:23.981309+00:00
[2024-09-24T04:33:24.013+0000] {processor.py:176} INFO - Processing /home/airflow/.local/lib/python3.7/site-packages/airflow/example_dags/example_latest_only.py took 0.165 seconds
[2024-09-24T04:33:54.225+0000] {processor.py:154} INFO - Started process (PID=15719) to work on /home/airflow/.local/lib/python3.7/site-packages/airflow/example_dags/example_latest_only.py
[2024-09-24T04:33:54.227+0000] {processor.py:756} INFO - Processing file /home/airflow/.local/lib/python3.7/site-packages/airflow/example_dags/example_latest_only.py for tasks to queue
[2024-09-24T04:33:54.228+0000] {logging_mixin.py:120} INFO - [2024-09-24T04:33:54.228+0000] {dagbag.py:537} INFO - Filling up the DagBag from /home/airflow/.local/lib/python3.7/site-packages/airflow/example_dags/example_latest_only.py
[2024-09-24T04:33:54.246+0000] {processor.py:766} INFO - DAG(s) dict_keys(['latest_only']) retrieved from /home/airflow/.local/lib/python3.7/site-packages/airflow/example_dags/example_latest_only.py
[2024-09-24T04:33:54.295+0000] {logging_mixin.py:120} INFO - [2024-09-24T04:33:54.295+0000] {dag.py:2585} INFO - Sync 1 DAGs
[2024-09-24T04:33:54.336+0000] {logging_mixin.py:120} INFO - [2024-09-24T04:33:54.336+0000] {dag.py:3340} INFO - Setting next_dagrun for latest_only to 2024-09-24T00:33:54.336027+00:00, run_after=2024-09-24T04:33:54.336027+00:00
[2024-09-24T04:33:54.387+0000] {processor.py:176} INFO - Processing /home/airflow/.local/lib/python3.7/site-packages/airflow/example_dags/example_latest_only.py took 0.166 seconds
[2024-09-24T04:34:25.509+0000] {processor.py:154} INFO - Started process (PID=15783) to work on /home/airflow/.local/lib/python3.7/site-packages/airflow/example_dags/example_latest_only.py
[2024-09-24T04:34:25.514+0000] {processor.py:756} INFO - Processing file /home/airflow/.local/lib/python3.7/site-packages/airflow/example_dags/example_latest_only.py for tasks to queue
[2024-09-24T04:34:25.534+0000] {logging_mixin.py:120} INFO - [2024-09-24T04:34:25.534+0000] {dagbag.py:537} INFO - Filling up the DagBag from /home/airflow/.local/lib/python3.7/site-packages/airflow/example_dags/example_latest_only.py
[2024-09-24T04:34:25.570+0000] {processor.py:766} INFO - DAG(s) dict_keys(['latest_only']) retrieved from /home/airflow/.local/lib/python3.7/site-packages/airflow/example_dags/example_latest_only.py
[2024-09-24T04:34:25.647+0000] {logging_mixin.py:120} INFO - [2024-09-24T04:34:25.646+0000] {dag.py:2585} INFO - Sync 1 DAGs
[2024-09-24T04:34:25.691+0000] {logging_mixin.py:120} INFO - [2024-09-24T04:34:25.691+0000] {dag.py:3340} INFO - Setting next_dagrun for latest_only to 2024-09-24T00:34:25.690676+00:00, run_after=2024-09-24T04:34:25.690676+00:00
[2024-09-24T04:34:25.725+0000] {processor.py:176} INFO - Processing /home/airflow/.local/lib/python3.7/site-packages/airflow/example_dags/example_latest_only.py took 0.224 seconds
[2024-09-24T04:34:56.040+0000] {processor.py:154} INFO - Started process (PID=15837) to work on /home/airflow/.local/lib/python3.7/site-packages/airflow/example_dags/example_latest_only.py
[2024-09-24T04:34:56.042+0000] {processor.py:756} INFO - Processing file /home/airflow/.local/lib/python3.7/site-packages/airflow/example_dags/example_latest_only.py for tasks to queue
[2024-09-24T04:34:56.043+0000] {logging_mixin.py:120} INFO - [2024-09-24T04:34:56.043+0000] {dagbag.py:537} INFO - Filling up the DagBag from /home/airflow/.local/lib/python3.7/site-packages/airflow/example_dags/example_latest_only.py
[2024-09-24T04:34:56.067+0000] {processor.py:766} INFO - DAG(s) dict_keys(['latest_only']) retrieved from /home/airflow/.local/lib/python3.7/site-packages/airflow/example_dags/example_latest_only.py
[2024-09-24T04:34:56.134+0000] {logging_mixin.py:120} INFO - [2024-09-24T04:34:56.133+0000] {dag.py:2585} INFO - Sync 1 DAGs
[2024-09-24T04:34:56.175+0000] {logging_mixin.py:120} INFO - [2024-09-24T04:34:56.175+0000] {dag.py:3340} INFO - Setting next_dagrun for latest_only to 2024-09-24T00:34:56.175104+00:00, run_after=2024-09-24T04:34:56.175104+00:00
[2024-09-24T04:34:56.209+0000] {processor.py:176} INFO - Processing /home/airflow/.local/lib/python3.7/site-packages/airflow/example_dags/example_latest_only.py took 0.175 seconds
[2024-09-24T04:35:26.677+0000] {processor.py:154} INFO - Started process (PID=15900) to work on /home/airflow/.local/lib/python3.7/site-packages/airflow/example_dags/example_latest_only.py
[2024-09-24T04:35:26.681+0000] {processor.py:756} INFO - Processing file /home/airflow/.local/lib/python3.7/site-packages/airflow/example_dags/example_latest_only.py for tasks to queue
[2024-09-24T04:35:26.682+0000] {logging_mixin.py:120} INFO - [2024-09-24T04:35:26.682+0000] {dagbag.py:537} INFO - Filling up the DagBag from /home/airflow/.local/lib/python3.7/site-packages/airflow/example_dags/example_latest_only.py
[2024-09-24T04:35:26.708+0000] {processor.py:766} INFO - DAG(s) dict_keys(['latest_only']) retrieved from /home/airflow/.local/lib/python3.7/site-packages/airflow/example_dags/example_latest_only.py
[2024-09-24T04:35:26.784+0000] {logging_mixin.py:120} INFO - [2024-09-24T04:35:26.784+0000] {dag.py:2585} INFO - Sync 1 DAGs
[2024-09-24T04:35:26.832+0000] {logging_mixin.py:120} INFO - [2024-09-24T04:35:26.832+0000] {dag.py:3340} INFO - Setting next_dagrun for latest_only to 2024-09-24T00:35:26.832371+00:00, run_after=2024-09-24T04:35:26.832371+00:00
[2024-09-24T04:35:26.868+0000] {processor.py:176} INFO - Processing /home/airflow/.local/lib/python3.7/site-packages/airflow/example_dags/example_latest_only.py took 0.198 seconds
[2024-09-24T04:35:57.949+0000] {processor.py:154} INFO - Started process (PID=15954) to work on /home/airflow/.local/lib/python3.7/site-packages/airflow/example_dags/example_latest_only.py
[2024-09-24T04:35:57.951+0000] {processor.py:756} INFO - Processing file /home/airflow/.local/lib/python3.7/site-packages/airflow/example_dags/example_latest_only.py for tasks to queue
[2024-09-24T04:35:57.953+0000] {logging_mixin.py:120} INFO - [2024-09-24T04:35:57.952+0000] {dagbag.py:537} INFO - Filling up the DagBag from /home/airflow/.local/lib/python3.7/site-packages/airflow/example_dags/example_latest_only.py
[2024-09-24T04:35:57.977+0000] {processor.py:766} INFO - DAG(s) dict_keys(['latest_only']) retrieved from /home/airflow/.local/lib/python3.7/site-packages/airflow/example_dags/example_latest_only.py
[2024-09-24T04:35:58.045+0000] {logging_mixin.py:120} INFO - [2024-09-24T04:35:58.045+0000] {dag.py:2585} INFO - Sync 1 DAGs
[2024-09-24T04:35:58.088+0000] {logging_mixin.py:120} INFO - [2024-09-24T04:35:58.088+0000] {dag.py:3340} INFO - Setting next_dagrun for latest_only to 2024-09-24T00:35:58.088396+00:00, run_after=2024-09-24T04:35:58.088396+00:00
[2024-09-24T04:35:58.124+0000] {processor.py:176} INFO - Processing /home/airflow/.local/lib/python3.7/site-packages/airflow/example_dags/example_latest_only.py took 0.180 seconds
[2024-09-24T04:36:28.406+0000] {processor.py:154} INFO - Started process (PID=16016) to work on /home/airflow/.local/lib/python3.7/site-packages/airflow/example_dags/example_latest_only.py
[2024-09-24T04:36:28.408+0000] {processor.py:756} INFO - Processing file /home/airflow/.local/lib/python3.7/site-packages/airflow/example_dags/example_latest_only.py for tasks to queue
[2024-09-24T04:36:28.409+0000] {logging_mixin.py:120} INFO - [2024-09-24T04:36:28.409+0000] {dagbag.py:537} INFO - Filling up the DagBag from /home/airflow/.local/lib/python3.7/site-packages/airflow/example_dags/example_latest_only.py
[2024-09-24T04:36:28.437+0000] {processor.py:766} INFO - DAG(s) dict_keys(['latest_only']) retrieved from /home/airflow/.local/lib/python3.7/site-packages/airflow/example_dags/example_latest_only.py
[2024-09-24T04:36:28.499+0000] {logging_mixin.py:120} INFO - [2024-09-24T04:36:28.498+0000] {dag.py:2585} INFO - Sync 1 DAGs
[2024-09-24T04:36:28.544+0000] {logging_mixin.py:120} INFO - [2024-09-24T04:36:28.544+0000] {dag.py:3340} INFO - Setting next_dagrun for latest_only to 2024-09-24T00:36:28.543789+00:00, run_after=2024-09-24T04:36:28.543789+00:00
[2024-09-24T04:36:28.583+0000] {processor.py:176} INFO - Processing /home/airflow/.local/lib/python3.7/site-packages/airflow/example_dags/example_latest_only.py took 0.182 seconds
[2024-09-24T04:36:59.015+0000] {processor.py:154} INFO - Started process (PID=16071) to work on /home/airflow/.local/lib/python3.7/site-packages/airflow/example_dags/example_latest_only.py
[2024-09-24T04:36:59.017+0000] {processor.py:756} INFO - Processing file /home/airflow/.local/lib/python3.7/site-packages/airflow/example_dags/example_latest_only.py for tasks to queue
[2024-09-24T04:36:59.018+0000] {logging_mixin.py:120} INFO - [2024-09-24T04:36:59.018+0000] {dagbag.py:537} INFO - Filling up the DagBag from /home/airflow/.local/lib/python3.7/site-packages/airflow/example_dags/example_latest_only.py
[2024-09-24T04:36:59.040+0000] {processor.py:766} INFO - DAG(s) dict_keys(['latest_only']) retrieved from /home/airflow/.local/lib/python3.7/site-packages/airflow/example_dags/example_latest_only.py
[2024-09-24T04:36:59.134+0000] {logging_mixin.py:120} INFO - [2024-09-24T04:36:59.134+0000] {dag.py:2585} INFO - Sync 1 DAGs
[2024-09-24T04:36:59.187+0000] {logging_mixin.py:120} INFO - [2024-09-24T04:36:59.187+0000] {dag.py:3340} INFO - Setting next_dagrun for latest_only to 2024-09-24T00:36:59.187036+00:00, run_after=2024-09-24T04:36:59.187036+00:00
[2024-09-24T04:36:59.225+0000] {processor.py:176} INFO - Processing /home/airflow/.local/lib/python3.7/site-packages/airflow/example_dags/example_latest_only.py took 0.217 seconds
[2024-09-24T04:37:56.253+0000] {processor.py:154} INFO - Started process (PID=16138) to work on /home/airflow/.local/lib/python3.7/site-packages/airflow/example_dags/example_latest_only.py
[2024-09-24T04:37:56.255+0000] {processor.py:756} INFO - Processing file /home/airflow/.local/lib/python3.7/site-packages/airflow/example_dags/example_latest_only.py for tasks to queue
[2024-09-24T04:37:56.258+0000] {logging_mixin.py:120} INFO - [2024-09-24T04:37:56.257+0000] {dagbag.py:537} INFO - Filling up the DagBag from /home/airflow/.local/lib/python3.7/site-packages/airflow/example_dags/example_latest_only.py
[2024-09-24T04:37:56.284+0000] {processor.py:766} INFO - DAG(s) dict_keys(['latest_only']) retrieved from /home/airflow/.local/lib/python3.7/site-packages/airflow/example_dags/example_latest_only.py
[2024-09-24T04:37:56.364+0000] {logging_mixin.py:120} INFO - [2024-09-24T04:37:56.363+0000] {dag.py:2585} INFO - Sync 1 DAGs
[2024-09-24T04:37:56.427+0000] {logging_mixin.py:120} INFO - [2024-09-24T04:37:56.427+0000] {dag.py:3340} INFO - Setting next_dagrun for latest_only to 2024-09-24T00:37:56.426813+00:00, run_after=2024-09-24T04:37:56.426813+00:00
[2024-09-24T04:37:56.473+0000] {processor.py:176} INFO - Processing /home/airflow/.local/lib/python3.7/site-packages/airflow/example_dags/example_latest_only.py took 0.226 seconds
[2024-09-24T06:15:53.409+0000] {processor.py:154} INFO - Started process (PID=16211) to work on /home/airflow/.local/lib/python3.7/site-packages/airflow/example_dags/example_latest_only.py
[2024-09-24T06:15:53.412+0000] {processor.py:756} INFO - Processing file /home/airflow/.local/lib/python3.7/site-packages/airflow/example_dags/example_latest_only.py for tasks to queue
[2024-09-24T06:15:53.414+0000] {logging_mixin.py:120} INFO - [2024-09-24T06:15:53.414+0000] {dagbag.py:537} INFO - Filling up the DagBag from /home/airflow/.local/lib/python3.7/site-packages/airflow/example_dags/example_latest_only.py
[2024-09-24T06:15:53.446+0000] {processor.py:766} INFO - DAG(s) dict_keys(['latest_only']) retrieved from /home/airflow/.local/lib/python3.7/site-packages/airflow/example_dags/example_latest_only.py
[2024-09-24T06:15:53.517+0000] {logging_mixin.py:120} INFO - [2024-09-24T06:15:53.517+0000] {dag.py:2585} INFO - Sync 1 DAGs
[2024-09-24T06:15:53.553+0000] {logging_mixin.py:120} INFO - [2024-09-24T06:15:53.552+0000] {dag.py:3340} INFO - Setting next_dagrun for latest_only to 2024-09-24T02:15:53.552627+00:00, run_after=2024-09-24T06:15:53.552627+00:00
[2024-09-24T06:15:53.594+0000] {processor.py:176} INFO - Processing /home/airflow/.local/lib/python3.7/site-packages/airflow/example_dags/example_latest_only.py took 0.194 seconds
[2024-09-24T06:31:01.485+0000] {processor.py:154} INFO - Started process (PID=16265) to work on /home/airflow/.local/lib/python3.7/site-packages/airflow/example_dags/example_latest_only.py
[2024-09-24T06:31:01.487+0000] {processor.py:756} INFO - Processing file /home/airflow/.local/lib/python3.7/site-packages/airflow/example_dags/example_latest_only.py for tasks to queue
[2024-09-24T06:31:01.488+0000] {logging_mixin.py:120} INFO - [2024-09-24T06:31:01.488+0000] {dagbag.py:537} INFO - Filling up the DagBag from /home/airflow/.local/lib/python3.7/site-packages/airflow/example_dags/example_latest_only.py
[2024-09-24T06:31:01.510+0000] {processor.py:766} INFO - DAG(s) dict_keys(['latest_only']) retrieved from /home/airflow/.local/lib/python3.7/site-packages/airflow/example_dags/example_latest_only.py
[2024-09-24T06:31:01.580+0000] {logging_mixin.py:120} INFO - [2024-09-24T06:31:01.580+0000] {dag.py:2585} INFO - Sync 1 DAGs
[2024-09-24T06:31:01.621+0000] {logging_mixin.py:120} INFO - [2024-09-24T06:31:01.621+0000] {dag.py:3340} INFO - Setting next_dagrun for latest_only to 2024-09-24T02:31:01.621336+00:00, run_after=2024-09-24T06:31:01.621336+00:00
[2024-09-24T06:31:01.659+0000] {processor.py:176} INFO - Processing /home/airflow/.local/lib/python3.7/site-packages/airflow/example_dags/example_latest_only.py took 0.180 seconds
[2024-09-24T08:40:10.691+0000] {processor.py:154} INFO - Started process (PID=16328) to work on /home/airflow/.local/lib/python3.7/site-packages/airflow/example_dags/example_latest_only.py
[2024-09-24T08:40:10.696+0000] {processor.py:756} INFO - Processing file /home/airflow/.local/lib/python3.7/site-packages/airflow/example_dags/example_latest_only.py for tasks to queue
[2024-09-24T08:40:10.698+0000] {logging_mixin.py:120} INFO - [2024-09-24T08:40:10.697+0000] {dagbag.py:537} INFO - Filling up the DagBag from /home/airflow/.local/lib/python3.7/site-packages/airflow/example_dags/example_latest_only.py
[2024-09-24T08:40:10.725+0000] {processor.py:766} INFO - DAG(s) dict_keys(['latest_only']) retrieved from /home/airflow/.local/lib/python3.7/site-packages/airflow/example_dags/example_latest_only.py
[2024-09-24T08:40:10.792+0000] {logging_mixin.py:120} INFO - [2024-09-24T08:40:10.791+0000] {dag.py:2585} INFO - Sync 1 DAGs
[2024-09-24T08:40:10.835+0000] {logging_mixin.py:120} INFO - [2024-09-24T08:40:10.835+0000] {dag.py:3340} INFO - Setting next_dagrun for latest_only to 2024-09-24T04:40:10.834742+00:00, run_after=2024-09-24T08:40:10.834742+00:00
[2024-09-24T08:40:10.869+0000] {processor.py:176} INFO - Processing /home/airflow/.local/lib/python3.7/site-packages/airflow/example_dags/example_latest_only.py took 0.184 seconds
[2024-09-24T11:11:19.742+0000] {processor.py:154} INFO - Started process (PID=16382) to work on /home/airflow/.local/lib/python3.7/site-packages/airflow/example_dags/example_latest_only.py
[2024-09-24T11:11:19.744+0000] {processor.py:756} INFO - Processing file /home/airflow/.local/lib/python3.7/site-packages/airflow/example_dags/example_latest_only.py for tasks to queue
[2024-09-24T11:11:19.747+0000] {logging_mixin.py:120} INFO - [2024-09-24T11:11:19.747+0000] {dagbag.py:537} INFO - Filling up the DagBag from /home/airflow/.local/lib/python3.7/site-packages/airflow/example_dags/example_latest_only.py
[2024-09-24T11:11:19.769+0000] {processor.py:766} INFO - DAG(s) dict_keys(['latest_only']) retrieved from /home/airflow/.local/lib/python3.7/site-packages/airflow/example_dags/example_latest_only.py
[2024-09-24T11:11:19.845+0000] {logging_mixin.py:120} INFO - [2024-09-24T11:11:19.844+0000] {dag.py:2585} INFO - Sync 1 DAGs
[2024-09-24T11:11:19.888+0000] {logging_mixin.py:120} INFO - [2024-09-24T11:11:19.888+0000] {dag.py:3340} INFO - Setting next_dagrun for latest_only to 2024-09-24T07:11:19.887635+00:00, run_after=2024-09-24T11:11:19.887635+00:00
[2024-09-24T11:11:19.919+0000] {processor.py:176} INFO - Processing /home/airflow/.local/lib/python3.7/site-packages/airflow/example_dags/example_latest_only.py took 0.182 seconds
[2024-09-24T12:44:48.329+0000] {processor.py:154} INFO - Started process (PID=16445) to work on /home/airflow/.local/lib/python3.7/site-packages/airflow/example_dags/example_latest_only.py
[2024-09-24T12:44:48.331+0000] {processor.py:756} INFO - Processing file /home/airflow/.local/lib/python3.7/site-packages/airflow/example_dags/example_latest_only.py for tasks to queue
[2024-09-24T12:44:48.332+0000] {logging_mixin.py:120} INFO - [2024-09-24T12:44:48.332+0000] {dagbag.py:537} INFO - Filling up the DagBag from /home/airflow/.local/lib/python3.7/site-packages/airflow/example_dags/example_latest_only.py
[2024-09-24T12:44:48.352+0000] {processor.py:766} INFO - DAG(s) dict_keys(['latest_only']) retrieved from /home/airflow/.local/lib/python3.7/site-packages/airflow/example_dags/example_latest_only.py
[2024-09-24T12:44:49.971+0000] {logging_mixin.py:120} INFO - [2024-09-24T12:44:49.971+0000] {dag.py:2585} INFO - Sync 1 DAGs
[2024-09-24T12:44:50.165+0000] {logging_mixin.py:120} INFO - [2024-09-24T12:44:50.164+0000] {dag.py:3340} INFO - Setting next_dagrun for latest_only to 2024-09-24T08:44:50.164150+00:00, run_after=2024-09-24T12:44:50.164150+00:00
[2024-09-24T12:44:50.220+0000] {processor.py:176} INFO - Processing /home/airflow/.local/lib/python3.7/site-packages/airflow/example_dags/example_latest_only.py took 1.895 seconds
[2024-09-24T14:24:39.326+0000] {processor.py:154} INFO - Started process (PID=16499) to work on /home/airflow/.local/lib/python3.7/site-packages/airflow/example_dags/example_latest_only.py
[2024-09-24T14:24:39.327+0000] {processor.py:756} INFO - Processing file /home/airflow/.local/lib/python3.7/site-packages/airflow/example_dags/example_latest_only.py for tasks to queue
[2024-09-24T14:24:39.329+0000] {logging_mixin.py:120} INFO - [2024-09-24T14:24:39.329+0000] {dagbag.py:537} INFO - Filling up the DagBag from /home/airflow/.local/lib/python3.7/site-packages/airflow/example_dags/example_latest_only.py
[2024-09-24T14:24:39.349+0000] {processor.py:766} INFO - DAG(s) dict_keys(['latest_only']) retrieved from /home/airflow/.local/lib/python3.7/site-packages/airflow/example_dags/example_latest_only.py
[2024-09-24T14:24:39.406+0000] {logging_mixin.py:120} INFO - [2024-09-24T14:24:39.405+0000] {dag.py:2585} INFO - Sync 1 DAGs
[2024-09-24T14:24:39.453+0000] {logging_mixin.py:120} INFO - [2024-09-24T14:24:39.453+0000] {dag.py:3340} INFO - Setting next_dagrun for latest_only to 2024-09-24T10:24:39.452918+00:00, run_after=2024-09-24T14:24:39.452918+00:00
[2024-09-24T14:24:39.488+0000] {processor.py:176} INFO - Processing /home/airflow/.local/lib/python3.7/site-packages/airflow/example_dags/example_latest_only.py took 0.166 seconds
[2024-09-24T14:26:39.425+0000] {processor.py:154} INFO - Started process (PID=16562) to work on /home/airflow/.local/lib/python3.7/site-packages/airflow/example_dags/example_latest_only.py
[2024-09-24T14:26:39.426+0000] {processor.py:756} INFO - Processing file /home/airflow/.local/lib/python3.7/site-packages/airflow/example_dags/example_latest_only.py for tasks to queue
[2024-09-24T14:26:39.427+0000] {logging_mixin.py:120} INFO - [2024-09-24T14:26:39.427+0000] {dagbag.py:537} INFO - Filling up the DagBag from /home/airflow/.local/lib/python3.7/site-packages/airflow/example_dags/example_latest_only.py
[2024-09-24T14:26:39.445+0000] {processor.py:766} INFO - DAG(s) dict_keys(['latest_only']) retrieved from /home/airflow/.local/lib/python3.7/site-packages/airflow/example_dags/example_latest_only.py
[2024-09-24T14:26:39.501+0000] {logging_mixin.py:120} INFO - [2024-09-24T14:26:39.501+0000] {dag.py:2585} INFO - Sync 1 DAGs
[2024-09-24T14:26:39.535+0000] {logging_mixin.py:120} INFO - [2024-09-24T14:26:39.534+0000] {dag.py:3340} INFO - Setting next_dagrun for latest_only to 2024-09-24T10:26:39.534570+00:00, run_after=2024-09-24T14:26:39.534570+00:00
[2024-09-24T14:26:39.569+0000] {processor.py:176} INFO - Processing /home/airflow/.local/lib/python3.7/site-packages/airflow/example_dags/example_latest_only.py took 0.148 seconds
[2024-09-24T15:01:02.489+0000] {processor.py:154} INFO - Started process (PID=16616) to work on /home/airflow/.local/lib/python3.7/site-packages/airflow/example_dags/example_latest_only.py
[2024-09-24T15:01:02.491+0000] {processor.py:756} INFO - Processing file /home/airflow/.local/lib/python3.7/site-packages/airflow/example_dags/example_latest_only.py for tasks to queue
[2024-09-24T15:01:02.492+0000] {logging_mixin.py:120} INFO - [2024-09-24T15:01:02.492+0000] {dagbag.py:537} INFO - Filling up the DagBag from /home/airflow/.local/lib/python3.7/site-packages/airflow/example_dags/example_latest_only.py
[2024-09-24T15:01:02.510+0000] {processor.py:766} INFO - DAG(s) dict_keys(['latest_only']) retrieved from /home/airflow/.local/lib/python3.7/site-packages/airflow/example_dags/example_latest_only.py
[2024-09-24T15:01:02.564+0000] {logging_mixin.py:120} INFO - [2024-09-24T15:01:02.564+0000] {dag.py:2585} INFO - Sync 1 DAGs
[2024-09-24T15:01:02.600+0000] {logging_mixin.py:120} INFO - [2024-09-24T15:01:02.600+0000] {dag.py:3340} INFO - Setting next_dagrun for latest_only to 2024-09-24T11:01:02.599791+00:00, run_after=2024-09-24T15:01:02.599791+00:00
[2024-09-24T15:01:02.631+0000] {processor.py:176} INFO - Processing /home/airflow/.local/lib/python3.7/site-packages/airflow/example_dags/example_latest_only.py took 0.146 seconds
[2024-09-24T16:32:27.526+0000] {processor.py:154} INFO - Started process (PID=16679) to work on /home/airflow/.local/lib/python3.7/site-packages/airflow/example_dags/example_latest_only.py
[2024-09-24T16:32:27.528+0000] {processor.py:756} INFO - Processing file /home/airflow/.local/lib/python3.7/site-packages/airflow/example_dags/example_latest_only.py for tasks to queue
[2024-09-24T16:32:27.529+0000] {logging_mixin.py:120} INFO - [2024-09-24T16:32:27.529+0000] {dagbag.py:537} INFO - Filling up the DagBag from /home/airflow/.local/lib/python3.7/site-packages/airflow/example_dags/example_latest_only.py
[2024-09-24T16:32:27.548+0000] {processor.py:766} INFO - DAG(s) dict_keys(['latest_only']) retrieved from /home/airflow/.local/lib/python3.7/site-packages/airflow/example_dags/example_latest_only.py
[2024-09-24T16:32:27.597+0000] {logging_mixin.py:120} INFO - [2024-09-24T16:32:27.597+0000] {dag.py:2585} INFO - Sync 1 DAGs
[2024-09-24T16:32:27.628+0000] {logging_mixin.py:120} INFO - [2024-09-24T16:32:27.628+0000] {dag.py:3340} INFO - Setting next_dagrun for latest_only to 2024-09-24T12:32:27.628340+00:00, run_after=2024-09-24T16:32:27.628340+00:00
[2024-09-24T16:32:27.656+0000] {processor.py:176} INFO - Processing /home/airflow/.local/lib/python3.7/site-packages/airflow/example_dags/example_latest_only.py took 0.134 seconds
[2024-09-24T16:38:49.675+0000] {processor.py:154} INFO - Started process (PID=16742) to work on /home/airflow/.local/lib/python3.7/site-packages/airflow/example_dags/example_latest_only.py
[2024-09-24T16:38:49.681+0000] {processor.py:756} INFO - Processing file /home/airflow/.local/lib/python3.7/site-packages/airflow/example_dags/example_latest_only.py for tasks to queue
[2024-09-24T16:38:49.698+0000] {logging_mixin.py:120} INFO - [2024-09-24T16:38:49.697+0000] {dagbag.py:537} INFO - Filling up the DagBag from /home/airflow/.local/lib/python3.7/site-packages/airflow/example_dags/example_latest_only.py
[2024-09-24T16:38:49.775+0000] {processor.py:766} INFO - DAG(s) dict_keys(['latest_only']) retrieved from /home/airflow/.local/lib/python3.7/site-packages/airflow/example_dags/example_latest_only.py
[2024-09-24T16:38:49.903+0000] {logging_mixin.py:120} INFO - [2024-09-24T16:38:49.902+0000] {dag.py:2585} INFO - Sync 1 DAGs
[2024-09-24T16:38:49.992+0000] {logging_mixin.py:120} INFO - [2024-09-24T16:38:49.991+0000] {dag.py:3340} INFO - Setting next_dagrun for latest_only to 2024-09-24T12:38:49.991451+00:00, run_after=2024-09-24T16:38:49.991451+00:00
[2024-09-24T16:38:50.047+0000] {processor.py:176} INFO - Processing /home/airflow/.local/lib/python3.7/site-packages/airflow/example_dags/example_latest_only.py took 0.381 seconds
[2024-09-24T17:03:40.129+0000] {processor.py:154} INFO - Started process (PID=16796) to work on /home/airflow/.local/lib/python3.7/site-packages/airflow/example_dags/example_latest_only.py
[2024-09-24T17:03:40.131+0000] {processor.py:756} INFO - Processing file /home/airflow/.local/lib/python3.7/site-packages/airflow/example_dags/example_latest_only.py for tasks to queue
[2024-09-24T17:03:40.133+0000] {logging_mixin.py:120} INFO - [2024-09-24T17:03:40.133+0000] {dagbag.py:537} INFO - Filling up the DagBag from /home/airflow/.local/lib/python3.7/site-packages/airflow/example_dags/example_latest_only.py
[2024-09-24T17:03:40.163+0000] {processor.py:766} INFO - DAG(s) dict_keys(['latest_only']) retrieved from /home/airflow/.local/lib/python3.7/site-packages/airflow/example_dags/example_latest_only.py
[2024-09-24T17:03:40.259+0000] {logging_mixin.py:120} INFO - [2024-09-24T17:03:40.258+0000] {dag.py:2585} INFO - Sync 1 DAGs
[2024-09-24T17:03:40.323+0000] {logging_mixin.py:120} INFO - [2024-09-24T17:03:40.323+0000] {dag.py:3340} INFO - Setting next_dagrun for latest_only to 2024-09-24T13:03:40.322343+00:00, run_after=2024-09-24T17:03:40.322343+00:00
[2024-09-24T17:03:40.369+0000] {processor.py:176} INFO - Processing /home/airflow/.local/lib/python3.7/site-packages/airflow/example_dags/example_latest_only.py took 0.247 seconds
[2024-09-24T17:24:31.357+0000] {processor.py:154} INFO - Started process (PID=16841) to work on /home/airflow/.local/lib/python3.7/site-packages/airflow/example_dags/example_latest_only.py
[2024-09-24T17:24:31.363+0000] {processor.py:756} INFO - Processing file /home/airflow/.local/lib/python3.7/site-packages/airflow/example_dags/example_latest_only.py for tasks to queue
[2024-09-24T17:24:31.367+0000] {logging_mixin.py:120} INFO - [2024-09-24T17:24:31.366+0000] {dagbag.py:537} INFO - Filling up the DagBag from /home/airflow/.local/lib/python3.7/site-packages/airflow/example_dags/example_latest_only.py
[2024-09-24T17:24:31.572+0000] {processor.py:766} INFO - DAG(s) dict_keys(['latest_only']) retrieved from /home/airflow/.local/lib/python3.7/site-packages/airflow/example_dags/example_latest_only.py
[2024-09-24T17:24:31.772+0000] {logging_mixin.py:120} INFO - [2024-09-24T17:24:31.772+0000] {dag.py:2585} INFO - Sync 1 DAGs
[2024-09-24T17:24:31.853+0000] {logging_mixin.py:120} INFO - [2024-09-24T17:24:31.852+0000] {dag.py:3340} INFO - Setting next_dagrun for latest_only to 2024-09-24T13:24:31.852171+00:00, run_after=2024-09-24T17:24:31.852171+00:00
[2024-09-24T17:24:31.899+0000] {processor.py:176} INFO - Processing /home/airflow/.local/lib/python3.7/site-packages/airflow/example_dags/example_latest_only.py took 0.557 seconds
[2024-09-24T18:04:36.936+0000] {processor.py:154} INFO - Started process (PID=16895) to work on /home/airflow/.local/lib/python3.7/site-packages/airflow/example_dags/example_latest_only.py
[2024-09-24T18:04:36.947+0000] {processor.py:756} INFO - Processing file /home/airflow/.local/lib/python3.7/site-packages/airflow/example_dags/example_latest_only.py for tasks to queue
[2024-09-24T18:04:36.953+0000] {logging_mixin.py:120} INFO - [2024-09-24T18:04:36.952+0000] {dagbag.py:537} INFO - Filling up the DagBag from /home/airflow/.local/lib/python3.7/site-packages/airflow/example_dags/example_latest_only.py
[2024-09-24T18:04:37.087+0000] {processor.py:766} INFO - DAG(s) dict_keys(['latest_only']) retrieved from /home/airflow/.local/lib/python3.7/site-packages/airflow/example_dags/example_latest_only.py
[2024-09-24T18:04:37.481+0000] {logging_mixin.py:120} INFO - [2024-09-24T18:04:37.479+0000] {dag.py:2585} INFO - Sync 1 DAGs
[2024-09-24T18:04:37.768+0000] {logging_mixin.py:120} INFO - [2024-09-24T18:04:37.767+0000] {dag.py:3340} INFO - Setting next_dagrun for latest_only to 2024-09-24T14:04:37.765844+00:00, run_after=2024-09-24T18:04:37.765844+00:00
[2024-09-24T18:04:39.364+0000] {processor.py:176} INFO - Processing /home/airflow/.local/lib/python3.7/site-packages/airflow/example_dags/example_latest_only.py took 2.458 seconds
[2024-09-24T19:05:35.106+0000] {processor.py:154} INFO - Started process (PID=16949) to work on /home/airflow/.local/lib/python3.7/site-packages/airflow/example_dags/example_latest_only.py
[2024-09-24T19:05:35.108+0000] {processor.py:756} INFO - Processing file /home/airflow/.local/lib/python3.7/site-packages/airflow/example_dags/example_latest_only.py for tasks to queue
[2024-09-24T19:05:35.114+0000] {logging_mixin.py:120} INFO - [2024-09-24T19:05:35.114+0000] {dagbag.py:537} INFO - Filling up the DagBag from /home/airflow/.local/lib/python3.7/site-packages/airflow/example_dags/example_latest_only.py
[2024-09-24T19:05:35.149+0000] {processor.py:766} INFO - DAG(s) dict_keys(['latest_only']) retrieved from /home/airflow/.local/lib/python3.7/site-packages/airflow/example_dags/example_latest_only.py
[2024-09-24T19:05:35.252+0000] {logging_mixin.py:120} INFO - [2024-09-24T19:05:35.251+0000] {dag.py:2585} INFO - Sync 1 DAGs
[2024-09-24T19:05:35.323+0000] {logging_mixin.py:120} INFO - [2024-09-24T19:05:35.322+0000] {dag.py:3340} INFO - Setting next_dagrun for latest_only to 2024-09-24T15:05:35.321993+00:00, run_after=2024-09-24T19:05:35.321993+00:00
[2024-09-24T19:05:35.372+0000] {processor.py:176} INFO - Processing /home/airflow/.local/lib/python3.7/site-packages/airflow/example_dags/example_latest_only.py took 0.272 seconds
[2024-09-24T20:06:41.314+0000] {processor.py:154} INFO - Started process (PID=17001) to work on /home/airflow/.local/lib/python3.7/site-packages/airflow/example_dags/example_latest_only.py
[2024-09-24T20:06:41.316+0000] {processor.py:756} INFO - Processing file /home/airflow/.local/lib/python3.7/site-packages/airflow/example_dags/example_latest_only.py for tasks to queue
[2024-09-24T20:06:41.317+0000] {logging_mixin.py:120} INFO - [2024-09-24T20:06:41.317+0000] {dagbag.py:537} INFO - Filling up the DagBag from /home/airflow/.local/lib/python3.7/site-packages/airflow/example_dags/example_latest_only.py
[2024-09-24T20:06:41.348+0000] {processor.py:766} INFO - DAG(s) dict_keys(['latest_only']) retrieved from /home/airflow/.local/lib/python3.7/site-packages/airflow/example_dags/example_latest_only.py
[2024-09-24T20:06:41.451+0000] {logging_mixin.py:120} INFO - [2024-09-24T20:06:41.450+0000] {dag.py:2585} INFO - Sync 1 DAGs
[2024-09-24T20:06:41.514+0000] {logging_mixin.py:120} INFO - [2024-09-24T20:06:41.514+0000] {dag.py:3340} INFO - Setting next_dagrun for latest_only to 2024-09-24T16:06:41.514208+00:00, run_after=2024-09-24T20:06:41.514208+00:00
[2024-09-24T20:06:41.556+0000] {processor.py:176} INFO - Processing /home/airflow/.local/lib/python3.7/site-packages/airflow/example_dags/example_latest_only.py took 0.250 seconds
[2024-09-24T22:08:25.597+0000] {processor.py:154} INFO - Started process (PID=17048) to work on /home/airflow/.local/lib/python3.7/site-packages/airflow/example_dags/example_latest_only.py
[2024-09-24T22:08:25.612+0000] {processor.py:756} INFO - Processing file /home/airflow/.local/lib/python3.7/site-packages/airflow/example_dags/example_latest_only.py for tasks to queue
[2024-09-24T22:08:25.622+0000] {logging_mixin.py:120} INFO - [2024-09-24T22:08:25.620+0000] {dagbag.py:537} INFO - Filling up the DagBag from /home/airflow/.local/lib/python3.7/site-packages/airflow/example_dags/example_latest_only.py
[2024-09-24T22:08:25.771+0000] {processor.py:766} INFO - DAG(s) dict_keys(['latest_only']) retrieved from /home/airflow/.local/lib/python3.7/site-packages/airflow/example_dags/example_latest_only.py
[2024-09-24T22:08:26.229+0000] {logging_mixin.py:120} INFO - [2024-09-24T22:08:26.228+0000] {dag.py:2585} INFO - Sync 1 DAGs
[2024-09-24T22:08:26.639+0000] {logging_mixin.py:120} INFO - [2024-09-24T22:08:26.638+0000] {dag.py:3340} INFO - Setting next_dagrun for latest_only to 2024-09-24T18:08:26.626618+00:00, run_after=2024-09-24T22:08:26.626618+00:00
[2024-09-24T22:08:26.839+0000] {processor.py:176} INFO - Processing /home/airflow/.local/lib/python3.7/site-packages/airflow/example_dags/example_latest_only.py took 1.278 seconds
