[2024-09-24T01:38:13.496+0000] {processor.py:154} INFO - Started process (PID=13851) to work on /home/airflow/.local/lib/python3.7/site-packages/airflow/example_dags/example_local_kubernetes_executor.py
[2024-09-24T01:38:13.498+0000] {processor.py:756} INFO - Processing file /home/airflow/.local/lib/python3.7/site-packages/airflow/example_dags/example_local_kubernetes_executor.py for tasks to queue
[2024-09-24T01:38:13.500+0000] {logging_mixin.py:120} INFO - [2024-09-24T01:38:13.500+0000] {dagbag.py:537} INFO - Filling up the DagBag from /home/airflow/.local/lib/python3.7/site-packages/airflow/example_dags/example_local_kubernetes_executor.py
[2024-09-24T01:38:13.545+0000] {processor.py:766} INFO - DAG(s) dict_keys(['example_local_kubernetes_executor']) retrieved from /home/airflow/.local/lib/python3.7/site-packages/airflow/example_dags/example_local_kubernetes_executor.py
[2024-09-24T01:38:13.645+0000] {logging_mixin.py:120} INFO - [2024-09-24T01:38:13.644+0000] {dag.py:2585} INFO - Sync 1 DAGs
[2024-09-24T01:38:13.700+0000] {logging_mixin.py:120} INFO - [2024-09-24T01:38:13.700+0000] {dag.py:3340} INFO - Setting next_dagrun for example_local_kubernetes_executor to None, run_after=None
[2024-09-24T01:38:13.741+0000] {processor.py:176} INFO - Processing /home/airflow/.local/lib/python3.7/site-packages/airflow/example_dags/example_local_kubernetes_executor.py took 0.250 seconds
[2024-09-24T01:41:37.312+0000] {processor.py:154} INFO - Started process (PID=13905) to work on /home/airflow/.local/lib/python3.7/site-packages/airflow/example_dags/example_local_kubernetes_executor.py
[2024-09-24T01:41:37.317+0000] {processor.py:756} INFO - Processing file /home/airflow/.local/lib/python3.7/site-packages/airflow/example_dags/example_local_kubernetes_executor.py for tasks to queue
[2024-09-24T01:41:37.322+0000] {logging_mixin.py:120} INFO - [2024-09-24T01:41:37.322+0000] {dagbag.py:537} INFO - Filling up the DagBag from /home/airflow/.local/lib/python3.7/site-packages/airflow/example_dags/example_local_kubernetes_executor.py
[2024-09-24T01:41:37.376+0000] {processor.py:766} INFO - DAG(s) dict_keys(['example_local_kubernetes_executor']) retrieved from /home/airflow/.local/lib/python3.7/site-packages/airflow/example_dags/example_local_kubernetes_executor.py
[2024-09-24T01:41:37.462+0000] {logging_mixin.py:120} INFO - [2024-09-24T01:41:37.462+0000] {dag.py:2585} INFO - Sync 1 DAGs
[2024-09-24T01:41:37.521+0000] {logging_mixin.py:120} INFO - [2024-09-24T01:41:37.520+0000] {dag.py:3340} INFO - Setting next_dagrun for example_local_kubernetes_executor to None, run_after=None
[2024-09-24T01:41:37.570+0000] {processor.py:176} INFO - Processing /home/airflow/.local/lib/python3.7/site-packages/airflow/example_dags/example_local_kubernetes_executor.py took 0.265 seconds
[2024-09-24T03:27:52.400+0000] {processor.py:154} INFO - Started process (PID=13968) to work on /home/airflow/.local/lib/python3.7/site-packages/airflow/example_dags/example_local_kubernetes_executor.py
[2024-09-24T03:27:52.402+0000] {processor.py:756} INFO - Processing file /home/airflow/.local/lib/python3.7/site-packages/airflow/example_dags/example_local_kubernetes_executor.py for tasks to queue
[2024-09-24T03:27:52.405+0000] {logging_mixin.py:120} INFO - [2024-09-24T03:27:52.404+0000] {dagbag.py:537} INFO - Filling up the DagBag from /home/airflow/.local/lib/python3.7/site-packages/airflow/example_dags/example_local_kubernetes_executor.py
[2024-09-24T03:27:52.460+0000] {processor.py:766} INFO - DAG(s) dict_keys(['example_local_kubernetes_executor']) retrieved from /home/airflow/.local/lib/python3.7/site-packages/airflow/example_dags/example_local_kubernetes_executor.py
[2024-09-24T03:27:52.562+0000] {logging_mixin.py:120} INFO - [2024-09-24T03:27:52.562+0000] {dag.py:2585} INFO - Sync 1 DAGs
[2024-09-24T03:27:52.640+0000] {logging_mixin.py:120} INFO - [2024-09-24T03:27:52.640+0000] {dag.py:3340} INFO - Setting next_dagrun for example_local_kubernetes_executor to None, run_after=None
[2024-09-24T03:27:52.708+0000] {processor.py:176} INFO - Processing /home/airflow/.local/lib/python3.7/site-packages/airflow/example_dags/example_local_kubernetes_executor.py took 0.315 seconds
[2024-09-24T04:19:27.535+0000] {processor.py:154} INFO - Started process (PID=14022) to work on /home/airflow/.local/lib/python3.7/site-packages/airflow/example_dags/example_local_kubernetes_executor.py
[2024-09-24T04:19:27.551+0000] {processor.py:756} INFO - Processing file /home/airflow/.local/lib/python3.7/site-packages/airflow/example_dags/example_local_kubernetes_executor.py for tasks to queue
[2024-09-24T04:19:27.556+0000] {logging_mixin.py:120} INFO - [2024-09-24T04:19:27.554+0000] {dagbag.py:537} INFO - Filling up the DagBag from /home/airflow/.local/lib/python3.7/site-packages/airflow/example_dags/example_local_kubernetes_executor.py
[2024-09-24T04:19:27.675+0000] {processor.py:766} INFO - DAG(s) dict_keys(['example_local_kubernetes_executor']) retrieved from /home/airflow/.local/lib/python3.7/site-packages/airflow/example_dags/example_local_kubernetes_executor.py
[2024-09-24T04:19:27.904+0000] {logging_mixin.py:120} INFO - [2024-09-24T04:19:27.903+0000] {dag.py:2585} INFO - Sync 1 DAGs
[2024-09-24T04:19:28.004+0000] {logging_mixin.py:120} INFO - [2024-09-24T04:19:28.003+0000] {dag.py:3340} INFO - Setting next_dagrun for example_local_kubernetes_executor to None, run_after=None
[2024-09-24T04:19:28.106+0000] {processor.py:176} INFO - Processing /home/airflow/.local/lib/python3.7/site-packages/airflow/example_dags/example_local_kubernetes_executor.py took 0.595 seconds
[2024-09-24T04:19:58.171+0000] {processor.py:154} INFO - Started process (PID=14076) to work on /home/airflow/.local/lib/python3.7/site-packages/airflow/example_dags/example_local_kubernetes_executor.py
[2024-09-24T04:19:58.173+0000] {processor.py:756} INFO - Processing file /home/airflow/.local/lib/python3.7/site-packages/airflow/example_dags/example_local_kubernetes_executor.py for tasks to queue
[2024-09-24T04:19:58.177+0000] {logging_mixin.py:120} INFO - [2024-09-24T04:19:58.177+0000] {dagbag.py:537} INFO - Filling up the DagBag from /home/airflow/.local/lib/python3.7/site-packages/airflow/example_dags/example_local_kubernetes_executor.py
[2024-09-24T04:19:58.207+0000] {processor.py:766} INFO - DAG(s) dict_keys(['example_local_kubernetes_executor']) retrieved from /home/airflow/.local/lib/python3.7/site-packages/airflow/example_dags/example_local_kubernetes_executor.py
[2024-09-24T04:19:58.262+0000] {logging_mixin.py:120} INFO - [2024-09-24T04:19:58.262+0000] {dag.py:2585} INFO - Sync 1 DAGs
[2024-09-24T04:19:58.293+0000] {logging_mixin.py:120} INFO - [2024-09-24T04:19:58.293+0000] {dag.py:3340} INFO - Setting next_dagrun for example_local_kubernetes_executor to None, run_after=None
[2024-09-24T04:19:58.319+0000] {processor.py:176} INFO - Processing /home/airflow/.local/lib/python3.7/site-packages/airflow/example_dags/example_local_kubernetes_executor.py took 0.153 seconds
[2024-09-24T04:20:28.870+0000] {processor.py:154} INFO - Started process (PID=14138) to work on /home/airflow/.local/lib/python3.7/site-packages/airflow/example_dags/example_local_kubernetes_executor.py
[2024-09-24T04:20:28.871+0000] {processor.py:756} INFO - Processing file /home/airflow/.local/lib/python3.7/site-packages/airflow/example_dags/example_local_kubernetes_executor.py for tasks to queue
[2024-09-24T04:20:28.872+0000] {logging_mixin.py:120} INFO - [2024-09-24T04:20:28.872+0000] {dagbag.py:537} INFO - Filling up the DagBag from /home/airflow/.local/lib/python3.7/site-packages/airflow/example_dags/example_local_kubernetes_executor.py
[2024-09-24T04:20:28.902+0000] {processor.py:766} INFO - DAG(s) dict_keys(['example_local_kubernetes_executor']) retrieved from /home/airflow/.local/lib/python3.7/site-packages/airflow/example_dags/example_local_kubernetes_executor.py
[2024-09-24T04:20:28.949+0000] {logging_mixin.py:120} INFO - [2024-09-24T04:20:28.949+0000] {dag.py:2585} INFO - Sync 1 DAGs
[2024-09-24T04:20:28.980+0000] {logging_mixin.py:120} INFO - [2024-09-24T04:20:28.980+0000] {dag.py:3340} INFO - Setting next_dagrun for example_local_kubernetes_executor to None, run_after=None
[2024-09-24T04:20:29.003+0000] {processor.py:176} INFO - Processing /home/airflow/.local/lib/python3.7/site-packages/airflow/example_dags/example_local_kubernetes_executor.py took 0.138 seconds
[2024-09-24T04:20:59.312+0000] {processor.py:154} INFO - Started process (PID=14201) to work on /home/airflow/.local/lib/python3.7/site-packages/airflow/example_dags/example_local_kubernetes_executor.py
[2024-09-24T04:20:59.314+0000] {processor.py:756} INFO - Processing file /home/airflow/.local/lib/python3.7/site-packages/airflow/example_dags/example_local_kubernetes_executor.py for tasks to queue
[2024-09-24T04:20:59.315+0000] {logging_mixin.py:120} INFO - [2024-09-24T04:20:59.315+0000] {dagbag.py:537} INFO - Filling up the DagBag from /home/airflow/.local/lib/python3.7/site-packages/airflow/example_dags/example_local_kubernetes_executor.py
[2024-09-24T04:20:59.348+0000] {processor.py:766} INFO - DAG(s) dict_keys(['example_local_kubernetes_executor']) retrieved from /home/airflow/.local/lib/python3.7/site-packages/airflow/example_dags/example_local_kubernetes_executor.py
[2024-09-24T04:20:59.405+0000] {logging_mixin.py:120} INFO - [2024-09-24T04:20:59.404+0000] {dag.py:2585} INFO - Sync 1 DAGs
[2024-09-24T04:20:59.440+0000] {logging_mixin.py:120} INFO - [2024-09-24T04:20:59.440+0000] {dag.py:3340} INFO - Setting next_dagrun for example_local_kubernetes_executor to None, run_after=None
[2024-09-24T04:20:59.471+0000] {processor.py:176} INFO - Processing /home/airflow/.local/lib/python3.7/site-packages/airflow/example_dags/example_local_kubernetes_executor.py took 0.163 seconds
[2024-09-24T04:21:29.815+0000] {processor.py:154} INFO - Started process (PID=14255) to work on /home/airflow/.local/lib/python3.7/site-packages/airflow/example_dags/example_local_kubernetes_executor.py
[2024-09-24T04:21:29.817+0000] {processor.py:756} INFO - Processing file /home/airflow/.local/lib/python3.7/site-packages/airflow/example_dags/example_local_kubernetes_executor.py for tasks to queue
[2024-09-24T04:21:29.819+0000] {logging_mixin.py:120} INFO - [2024-09-24T04:21:29.818+0000] {dagbag.py:537} INFO - Filling up the DagBag from /home/airflow/.local/lib/python3.7/site-packages/airflow/example_dags/example_local_kubernetes_executor.py
[2024-09-24T04:21:29.884+0000] {processor.py:766} INFO - DAG(s) dict_keys(['example_local_kubernetes_executor']) retrieved from /home/airflow/.local/lib/python3.7/site-packages/airflow/example_dags/example_local_kubernetes_executor.py
[2024-09-24T04:21:29.966+0000] {logging_mixin.py:120} INFO - [2024-09-24T04:21:29.965+0000] {dag.py:2585} INFO - Sync 1 DAGs
[2024-09-24T04:21:30.017+0000] {logging_mixin.py:120} INFO - [2024-09-24T04:21:30.016+0000] {dag.py:3340} INFO - Setting next_dagrun for example_local_kubernetes_executor to None, run_after=None
[2024-09-24T04:21:30.057+0000] {processor.py:176} INFO - Processing /home/airflow/.local/lib/python3.7/site-packages/airflow/example_dags/example_local_kubernetes_executor.py took 0.248 seconds
[2024-09-24T04:22:00.125+0000] {processor.py:154} INFO - Started process (PID=14319) to work on /home/airflow/.local/lib/python3.7/site-packages/airflow/example_dags/example_local_kubernetes_executor.py
[2024-09-24T04:22:00.126+0000] {processor.py:756} INFO - Processing file /home/airflow/.local/lib/python3.7/site-packages/airflow/example_dags/example_local_kubernetes_executor.py for tasks to queue
[2024-09-24T04:22:00.127+0000] {logging_mixin.py:120} INFO - [2024-09-24T04:22:00.127+0000] {dagbag.py:537} INFO - Filling up the DagBag from /home/airflow/.local/lib/python3.7/site-packages/airflow/example_dags/example_local_kubernetes_executor.py
[2024-09-24T04:22:00.157+0000] {processor.py:766} INFO - DAG(s) dict_keys(['example_local_kubernetes_executor']) retrieved from /home/airflow/.local/lib/python3.7/site-packages/airflow/example_dags/example_local_kubernetes_executor.py
[2024-09-24T04:22:00.206+0000] {logging_mixin.py:120} INFO - [2024-09-24T04:22:00.206+0000] {dag.py:2585} INFO - Sync 1 DAGs
[2024-09-24T04:22:00.237+0000] {logging_mixin.py:120} INFO - [2024-09-24T04:22:00.237+0000] {dag.py:3340} INFO - Setting next_dagrun for example_local_kubernetes_executor to None, run_after=None
[2024-09-24T04:22:00.264+0000] {processor.py:176} INFO - Processing /home/airflow/.local/lib/python3.7/site-packages/airflow/example_dags/example_local_kubernetes_executor.py took 0.143 seconds
[2024-09-24T04:22:31.001+0000] {processor.py:154} INFO - Started process (PID=14382) to work on /home/airflow/.local/lib/python3.7/site-packages/airflow/example_dags/example_local_kubernetes_executor.py
[2024-09-24T04:22:31.005+0000] {processor.py:756} INFO - Processing file /home/airflow/.local/lib/python3.7/site-packages/airflow/example_dags/example_local_kubernetes_executor.py for tasks to queue
[2024-09-24T04:22:31.007+0000] {logging_mixin.py:120} INFO - [2024-09-24T04:22:31.007+0000] {dagbag.py:537} INFO - Filling up the DagBag from /home/airflow/.local/lib/python3.7/site-packages/airflow/example_dags/example_local_kubernetes_executor.py
[2024-09-24T04:22:31.035+0000] {processor.py:766} INFO - DAG(s) dict_keys(['example_local_kubernetes_executor']) retrieved from /home/airflow/.local/lib/python3.7/site-packages/airflow/example_dags/example_local_kubernetes_executor.py
[2024-09-24T04:22:31.092+0000] {logging_mixin.py:120} INFO - [2024-09-24T04:22:31.091+0000] {dag.py:2585} INFO - Sync 1 DAGs
[2024-09-24T04:22:31.127+0000] {logging_mixin.py:120} INFO - [2024-09-24T04:22:31.127+0000] {dag.py:3340} INFO - Setting next_dagrun for example_local_kubernetes_executor to None, run_after=None
[2024-09-24T04:22:31.154+0000] {processor.py:176} INFO - Processing /home/airflow/.local/lib/python3.7/site-packages/airflow/example_dags/example_local_kubernetes_executor.py took 0.157 seconds
[2024-09-24T04:23:02.112+0000] {processor.py:154} INFO - Started process (PID=14436) to work on /home/airflow/.local/lib/python3.7/site-packages/airflow/example_dags/example_local_kubernetes_executor.py
[2024-09-24T04:23:02.113+0000] {processor.py:756} INFO - Processing file /home/airflow/.local/lib/python3.7/site-packages/airflow/example_dags/example_local_kubernetes_executor.py for tasks to queue
[2024-09-24T04:23:02.114+0000] {logging_mixin.py:120} INFO - [2024-09-24T04:23:02.114+0000] {dagbag.py:537} INFO - Filling up the DagBag from /home/airflow/.local/lib/python3.7/site-packages/airflow/example_dags/example_local_kubernetes_executor.py
[2024-09-24T04:23:02.143+0000] {processor.py:766} INFO - DAG(s) dict_keys(['example_local_kubernetes_executor']) retrieved from /home/airflow/.local/lib/python3.7/site-packages/airflow/example_dags/example_local_kubernetes_executor.py
[2024-09-24T04:23:02.193+0000] {logging_mixin.py:120} INFO - [2024-09-24T04:23:02.193+0000] {dag.py:2585} INFO - Sync 1 DAGs
[2024-09-24T04:23:02.226+0000] {logging_mixin.py:120} INFO - [2024-09-24T04:23:02.226+0000] {dag.py:3340} INFO - Setting next_dagrun for example_local_kubernetes_executor to None, run_after=None
[2024-09-24T04:23:02.256+0000] {processor.py:176} INFO - Processing /home/airflow/.local/lib/python3.7/site-packages/airflow/example_dags/example_local_kubernetes_executor.py took 0.148 seconds
[2024-09-24T04:23:32.303+0000] {processor.py:154} INFO - Started process (PID=14499) to work on /home/airflow/.local/lib/python3.7/site-packages/airflow/example_dags/example_local_kubernetes_executor.py
[2024-09-24T04:23:32.304+0000] {processor.py:756} INFO - Processing file /home/airflow/.local/lib/python3.7/site-packages/airflow/example_dags/example_local_kubernetes_executor.py for tasks to queue
[2024-09-24T04:23:32.305+0000] {logging_mixin.py:120} INFO - [2024-09-24T04:23:32.305+0000] {dagbag.py:537} INFO - Filling up the DagBag from /home/airflow/.local/lib/python3.7/site-packages/airflow/example_dags/example_local_kubernetes_executor.py
[2024-09-24T04:23:32.334+0000] {processor.py:766} INFO - DAG(s) dict_keys(['example_local_kubernetes_executor']) retrieved from /home/airflow/.local/lib/python3.7/site-packages/airflow/example_dags/example_local_kubernetes_executor.py
[2024-09-24T04:23:32.383+0000] {logging_mixin.py:120} INFO - [2024-09-24T04:23:32.382+0000] {dag.py:2585} INFO - Sync 1 DAGs
[2024-09-24T04:23:32.415+0000] {logging_mixin.py:120} INFO - [2024-09-24T04:23:32.414+0000] {dag.py:3340} INFO - Setting next_dagrun for example_local_kubernetes_executor to None, run_after=None
[2024-09-24T04:23:32.441+0000] {processor.py:176} INFO - Processing /home/airflow/.local/lib/python3.7/site-packages/airflow/example_dags/example_local_kubernetes_executor.py took 0.143 seconds
[2024-09-24T04:24:02.628+0000] {processor.py:154} INFO - Started process (PID=14561) to work on /home/airflow/.local/lib/python3.7/site-packages/airflow/example_dags/example_local_kubernetes_executor.py
[2024-09-24T04:24:02.629+0000] {processor.py:756} INFO - Processing file /home/airflow/.local/lib/python3.7/site-packages/airflow/example_dags/example_local_kubernetes_executor.py for tasks to queue
[2024-09-24T04:24:02.630+0000] {logging_mixin.py:120} INFO - [2024-09-24T04:24:02.630+0000] {dagbag.py:537} INFO - Filling up the DagBag from /home/airflow/.local/lib/python3.7/site-packages/airflow/example_dags/example_local_kubernetes_executor.py
[2024-09-24T04:24:02.660+0000] {processor.py:766} INFO - DAG(s) dict_keys(['example_local_kubernetes_executor']) retrieved from /home/airflow/.local/lib/python3.7/site-packages/airflow/example_dags/example_local_kubernetes_executor.py
[2024-09-24T04:24:02.710+0000] {logging_mixin.py:120} INFO - [2024-09-24T04:24:02.710+0000] {dag.py:2585} INFO - Sync 1 DAGs
[2024-09-24T04:24:02.743+0000] {logging_mixin.py:120} INFO - [2024-09-24T04:24:02.743+0000] {dag.py:3340} INFO - Setting next_dagrun for example_local_kubernetes_executor to None, run_after=None
[2024-09-24T04:24:02.772+0000] {processor.py:176} INFO - Processing /home/airflow/.local/lib/python3.7/site-packages/airflow/example_dags/example_local_kubernetes_executor.py took 0.149 seconds
[2024-09-24T04:24:33.548+0000] {processor.py:154} INFO - Started process (PID=14615) to work on /home/airflow/.local/lib/python3.7/site-packages/airflow/example_dags/example_local_kubernetes_executor.py
[2024-09-24T04:24:33.549+0000] {processor.py:756} INFO - Processing file /home/airflow/.local/lib/python3.7/site-packages/airflow/example_dags/example_local_kubernetes_executor.py for tasks to queue
[2024-09-24T04:24:33.550+0000] {logging_mixin.py:120} INFO - [2024-09-24T04:24:33.550+0000] {dagbag.py:537} INFO - Filling up the DagBag from /home/airflow/.local/lib/python3.7/site-packages/airflow/example_dags/example_local_kubernetes_executor.py
[2024-09-24T04:24:33.581+0000] {processor.py:766} INFO - DAG(s) dict_keys(['example_local_kubernetes_executor']) retrieved from /home/airflow/.local/lib/python3.7/site-packages/airflow/example_dags/example_local_kubernetes_executor.py
[2024-09-24T04:24:33.635+0000] {logging_mixin.py:120} INFO - [2024-09-24T04:24:33.634+0000] {dag.py:2585} INFO - Sync 1 DAGs
[2024-09-24T04:24:33.665+0000] {logging_mixin.py:120} INFO - [2024-09-24T04:24:33.665+0000] {dag.py:3340} INFO - Setting next_dagrun for example_local_kubernetes_executor to None, run_after=None
[2024-09-24T04:24:33.714+0000] {processor.py:176} INFO - Processing /home/airflow/.local/lib/python3.7/site-packages/airflow/example_dags/example_local_kubernetes_executor.py took 0.170 seconds
[2024-09-24T04:25:03.791+0000] {processor.py:154} INFO - Started process (PID=14678) to work on /home/airflow/.local/lib/python3.7/site-packages/airflow/example_dags/example_local_kubernetes_executor.py
[2024-09-24T04:25:03.792+0000] {processor.py:756} INFO - Processing file /home/airflow/.local/lib/python3.7/site-packages/airflow/example_dags/example_local_kubernetes_executor.py for tasks to queue
[2024-09-24T04:25:03.793+0000] {logging_mixin.py:120} INFO - [2024-09-24T04:25:03.793+0000] {dagbag.py:537} INFO - Filling up the DagBag from /home/airflow/.local/lib/python3.7/site-packages/airflow/example_dags/example_local_kubernetes_executor.py
[2024-09-24T04:25:03.823+0000] {processor.py:766} INFO - DAG(s) dict_keys(['example_local_kubernetes_executor']) retrieved from /home/airflow/.local/lib/python3.7/site-packages/airflow/example_dags/example_local_kubernetes_executor.py
[2024-09-24T04:25:03.870+0000] {logging_mixin.py:120} INFO - [2024-09-24T04:25:03.870+0000] {dag.py:2585} INFO - Sync 1 DAGs
[2024-09-24T04:25:03.899+0000] {logging_mixin.py:120} INFO - [2024-09-24T04:25:03.899+0000] {dag.py:3340} INFO - Setting next_dagrun for example_local_kubernetes_executor to None, run_after=None
[2024-09-24T04:25:03.923+0000] {processor.py:176} INFO - Processing /home/airflow/.local/lib/python3.7/site-packages/airflow/example_dags/example_local_kubernetes_executor.py took 0.136 seconds
[2024-09-24T04:25:34.122+0000] {processor.py:154} INFO - Started process (PID=14740) to work on /home/airflow/.local/lib/python3.7/site-packages/airflow/example_dags/example_local_kubernetes_executor.py
[2024-09-24T04:25:34.123+0000] {processor.py:756} INFO - Processing file /home/airflow/.local/lib/python3.7/site-packages/airflow/example_dags/example_local_kubernetes_executor.py for tasks to queue
[2024-09-24T04:25:34.124+0000] {logging_mixin.py:120} INFO - [2024-09-24T04:25:34.124+0000] {dagbag.py:537} INFO - Filling up the DagBag from /home/airflow/.local/lib/python3.7/site-packages/airflow/example_dags/example_local_kubernetes_executor.py
[2024-09-24T04:25:34.153+0000] {processor.py:766} INFO - DAG(s) dict_keys(['example_local_kubernetes_executor']) retrieved from /home/airflow/.local/lib/python3.7/site-packages/airflow/example_dags/example_local_kubernetes_executor.py
[2024-09-24T04:25:34.207+0000] {logging_mixin.py:120} INFO - [2024-09-24T04:25:34.207+0000] {dag.py:2585} INFO - Sync 1 DAGs
[2024-09-24T04:25:34.240+0000] {logging_mixin.py:120} INFO - [2024-09-24T04:25:34.240+0000] {dag.py:3340} INFO - Setting next_dagrun for example_local_kubernetes_executor to None, run_after=None
[2024-09-24T04:25:34.266+0000] {processor.py:176} INFO - Processing /home/airflow/.local/lib/python3.7/site-packages/airflow/example_dags/example_local_kubernetes_executor.py took 0.149 seconds
[2024-09-24T04:26:04.392+0000] {processor.py:154} INFO - Started process (PID=14794) to work on /home/airflow/.local/lib/python3.7/site-packages/airflow/example_dags/example_local_kubernetes_executor.py
[2024-09-24T04:26:04.393+0000] {processor.py:756} INFO - Processing file /home/airflow/.local/lib/python3.7/site-packages/airflow/example_dags/example_local_kubernetes_executor.py for tasks to queue
[2024-09-24T04:26:04.394+0000] {logging_mixin.py:120} INFO - [2024-09-24T04:26:04.394+0000] {dagbag.py:537} INFO - Filling up the DagBag from /home/airflow/.local/lib/python3.7/site-packages/airflow/example_dags/example_local_kubernetes_executor.py
[2024-09-24T04:26:04.423+0000] {processor.py:766} INFO - DAG(s) dict_keys(['example_local_kubernetes_executor']) retrieved from /home/airflow/.local/lib/python3.7/site-packages/airflow/example_dags/example_local_kubernetes_executor.py
[2024-09-24T04:26:04.474+0000] {logging_mixin.py:120} INFO - [2024-09-24T04:26:04.474+0000] {dag.py:2585} INFO - Sync 1 DAGs
[2024-09-24T04:26:04.508+0000] {logging_mixin.py:120} INFO - [2024-09-24T04:26:04.508+0000] {dag.py:3340} INFO - Setting next_dagrun for example_local_kubernetes_executor to None, run_after=None
[2024-09-24T04:26:04.535+0000] {processor.py:176} INFO - Processing /home/airflow/.local/lib/python3.7/site-packages/airflow/example_dags/example_local_kubernetes_executor.py took 0.147 seconds
[2024-09-24T04:26:35.297+0000] {processor.py:154} INFO - Started process (PID=14856) to work on /home/airflow/.local/lib/python3.7/site-packages/airflow/example_dags/example_local_kubernetes_executor.py
[2024-09-24T04:26:35.299+0000] {processor.py:756} INFO - Processing file /home/airflow/.local/lib/python3.7/site-packages/airflow/example_dags/example_local_kubernetes_executor.py for tasks to queue
[2024-09-24T04:26:35.300+0000] {logging_mixin.py:120} INFO - [2024-09-24T04:26:35.300+0000] {dagbag.py:537} INFO - Filling up the DagBag from /home/airflow/.local/lib/python3.7/site-packages/airflow/example_dags/example_local_kubernetes_executor.py
[2024-09-24T04:26:35.329+0000] {processor.py:766} INFO - DAG(s) dict_keys(['example_local_kubernetes_executor']) retrieved from /home/airflow/.local/lib/python3.7/site-packages/airflow/example_dags/example_local_kubernetes_executor.py
[2024-09-24T04:26:35.381+0000] {logging_mixin.py:120} INFO - [2024-09-24T04:26:35.381+0000] {dag.py:2585} INFO - Sync 1 DAGs
[2024-09-24T04:26:35.414+0000] {logging_mixin.py:120} INFO - [2024-09-24T04:26:35.414+0000] {dag.py:3340} INFO - Setting next_dagrun for example_local_kubernetes_executor to None, run_after=None
[2024-09-24T04:26:35.441+0000] {processor.py:176} INFO - Processing /home/airflow/.local/lib/python3.7/site-packages/airflow/example_dags/example_local_kubernetes_executor.py took 0.148 seconds
[2024-09-24T04:27:05.996+0000] {processor.py:154} INFO - Started process (PID=14919) to work on /home/airflow/.local/lib/python3.7/site-packages/airflow/example_dags/example_local_kubernetes_executor.py
[2024-09-24T04:27:05.997+0000] {processor.py:756} INFO - Processing file /home/airflow/.local/lib/python3.7/site-packages/airflow/example_dags/example_local_kubernetes_executor.py for tasks to queue
[2024-09-24T04:27:05.998+0000] {logging_mixin.py:120} INFO - [2024-09-24T04:27:05.998+0000] {dagbag.py:537} INFO - Filling up the DagBag from /home/airflow/.local/lib/python3.7/site-packages/airflow/example_dags/example_local_kubernetes_executor.py
[2024-09-24T04:27:06.027+0000] {processor.py:766} INFO - DAG(s) dict_keys(['example_local_kubernetes_executor']) retrieved from /home/airflow/.local/lib/python3.7/site-packages/airflow/example_dags/example_local_kubernetes_executor.py
[2024-09-24T04:27:06.076+0000] {logging_mixin.py:120} INFO - [2024-09-24T04:27:06.076+0000] {dag.py:2585} INFO - Sync 1 DAGs
[2024-09-24T04:27:06.107+0000] {logging_mixin.py:120} INFO - [2024-09-24T04:27:06.106+0000] {dag.py:3340} INFO - Setting next_dagrun for example_local_kubernetes_executor to None, run_after=None
[2024-09-24T04:27:06.130+0000] {processor.py:176} INFO - Processing /home/airflow/.local/lib/python3.7/site-packages/airflow/example_dags/example_local_kubernetes_executor.py took 0.139 seconds
[2024-09-24T04:27:36.804+0000] {processor.py:154} INFO - Started process (PID=14972) to work on /home/airflow/.local/lib/python3.7/site-packages/airflow/example_dags/example_local_kubernetes_executor.py
[2024-09-24T04:27:36.805+0000] {processor.py:756} INFO - Processing file /home/airflow/.local/lib/python3.7/site-packages/airflow/example_dags/example_local_kubernetes_executor.py for tasks to queue
[2024-09-24T04:27:36.806+0000] {logging_mixin.py:120} INFO - [2024-09-24T04:27:36.806+0000] {dagbag.py:537} INFO - Filling up the DagBag from /home/airflow/.local/lib/python3.7/site-packages/airflow/example_dags/example_local_kubernetes_executor.py
[2024-09-24T04:27:36.836+0000] {processor.py:766} INFO - DAG(s) dict_keys(['example_local_kubernetes_executor']) retrieved from /home/airflow/.local/lib/python3.7/site-packages/airflow/example_dags/example_local_kubernetes_executor.py
[2024-09-24T04:27:36.885+0000] {logging_mixin.py:120} INFO - [2024-09-24T04:27:36.884+0000] {dag.py:2585} INFO - Sync 1 DAGs
[2024-09-24T04:27:36.917+0000] {logging_mixin.py:120} INFO - [2024-09-24T04:27:36.917+0000] {dag.py:3340} INFO - Setting next_dagrun for example_local_kubernetes_executor to None, run_after=None
[2024-09-24T04:27:36.940+0000] {processor.py:176} INFO - Processing /home/airflow/.local/lib/python3.7/site-packages/airflow/example_dags/example_local_kubernetes_executor.py took 0.142 seconds
[2024-09-24T04:28:06.979+0000] {processor.py:154} INFO - Started process (PID=15035) to work on /home/airflow/.local/lib/python3.7/site-packages/airflow/example_dags/example_local_kubernetes_executor.py
[2024-09-24T04:28:06.980+0000] {processor.py:756} INFO - Processing file /home/airflow/.local/lib/python3.7/site-packages/airflow/example_dags/example_local_kubernetes_executor.py for tasks to queue
[2024-09-24T04:28:06.981+0000] {logging_mixin.py:120} INFO - [2024-09-24T04:28:06.981+0000] {dagbag.py:537} INFO - Filling up the DagBag from /home/airflow/.local/lib/python3.7/site-packages/airflow/example_dags/example_local_kubernetes_executor.py
[2024-09-24T04:28:07.008+0000] {processor.py:766} INFO - DAG(s) dict_keys(['example_local_kubernetes_executor']) retrieved from /home/airflow/.local/lib/python3.7/site-packages/airflow/example_dags/example_local_kubernetes_executor.py
[2024-09-24T04:28:07.056+0000] {logging_mixin.py:120} INFO - [2024-09-24T04:28:07.056+0000] {dag.py:2585} INFO - Sync 1 DAGs
[2024-09-24T04:28:07.088+0000] {logging_mixin.py:120} INFO - [2024-09-24T04:28:07.088+0000] {dag.py:3340} INFO - Setting next_dagrun for example_local_kubernetes_executor to None, run_after=None
[2024-09-24T04:28:07.114+0000] {processor.py:176} INFO - Processing /home/airflow/.local/lib/python3.7/site-packages/airflow/example_dags/example_local_kubernetes_executor.py took 0.139 seconds
[2024-09-24T04:28:37.434+0000] {processor.py:154} INFO - Started process (PID=15098) to work on /home/airflow/.local/lib/python3.7/site-packages/airflow/example_dags/example_local_kubernetes_executor.py
[2024-09-24T04:28:37.437+0000] {processor.py:756} INFO - Processing file /home/airflow/.local/lib/python3.7/site-packages/airflow/example_dags/example_local_kubernetes_executor.py for tasks to queue
[2024-09-24T04:28:37.438+0000] {logging_mixin.py:120} INFO - [2024-09-24T04:28:37.438+0000] {dagbag.py:537} INFO - Filling up the DagBag from /home/airflow/.local/lib/python3.7/site-packages/airflow/example_dags/example_local_kubernetes_executor.py
[2024-09-24T04:28:37.469+0000] {processor.py:766} INFO - DAG(s) dict_keys(['example_local_kubernetes_executor']) retrieved from /home/airflow/.local/lib/python3.7/site-packages/airflow/example_dags/example_local_kubernetes_executor.py
[2024-09-24T04:28:37.520+0000] {logging_mixin.py:120} INFO - [2024-09-24T04:28:37.520+0000] {dag.py:2585} INFO - Sync 1 DAGs
[2024-09-24T04:28:37.550+0000] {logging_mixin.py:120} INFO - [2024-09-24T04:28:37.549+0000] {dag.py:3340} INFO - Setting next_dagrun for example_local_kubernetes_executor to None, run_after=None
[2024-09-24T04:28:37.575+0000] {processor.py:176} INFO - Processing /home/airflow/.local/lib/python3.7/site-packages/airflow/example_dags/example_local_kubernetes_executor.py took 0.146 seconds
[2024-09-24T04:29:07.849+0000] {processor.py:154} INFO - Started process (PID=15152) to work on /home/airflow/.local/lib/python3.7/site-packages/airflow/example_dags/example_local_kubernetes_executor.py
[2024-09-24T04:29:07.850+0000] {processor.py:756} INFO - Processing file /home/airflow/.local/lib/python3.7/site-packages/airflow/example_dags/example_local_kubernetes_executor.py for tasks to queue
[2024-09-24T04:29:07.851+0000] {logging_mixin.py:120} INFO - [2024-09-24T04:29:07.851+0000] {dagbag.py:537} INFO - Filling up the DagBag from /home/airflow/.local/lib/python3.7/site-packages/airflow/example_dags/example_local_kubernetes_executor.py
[2024-09-24T04:29:07.880+0000] {processor.py:766} INFO - DAG(s) dict_keys(['example_local_kubernetes_executor']) retrieved from /home/airflow/.local/lib/python3.7/site-packages/airflow/example_dags/example_local_kubernetes_executor.py
[2024-09-24T04:29:07.934+0000] {logging_mixin.py:120} INFO - [2024-09-24T04:29:07.934+0000] {dag.py:2585} INFO - Sync 1 DAGs
[2024-09-24T04:29:07.980+0000] {logging_mixin.py:120} INFO - [2024-09-24T04:29:07.979+0000] {dag.py:3340} INFO - Setting next_dagrun for example_local_kubernetes_executor to None, run_after=None
[2024-09-24T04:29:08.019+0000] {processor.py:176} INFO - Processing /home/airflow/.local/lib/python3.7/site-packages/airflow/example_dags/example_local_kubernetes_executor.py took 0.174 seconds
[2024-09-24T04:29:38.775+0000] {processor.py:154} INFO - Started process (PID=15215) to work on /home/airflow/.local/lib/python3.7/site-packages/airflow/example_dags/example_local_kubernetes_executor.py
[2024-09-24T04:29:38.777+0000] {processor.py:756} INFO - Processing file /home/airflow/.local/lib/python3.7/site-packages/airflow/example_dags/example_local_kubernetes_executor.py for tasks to queue
[2024-09-24T04:29:38.778+0000] {logging_mixin.py:120} INFO - [2024-09-24T04:29:38.778+0000] {dagbag.py:537} INFO - Filling up the DagBag from /home/airflow/.local/lib/python3.7/site-packages/airflow/example_dags/example_local_kubernetes_executor.py
[2024-09-24T04:29:38.814+0000] {processor.py:766} INFO - DAG(s) dict_keys(['example_local_kubernetes_executor']) retrieved from /home/airflow/.local/lib/python3.7/site-packages/airflow/example_dags/example_local_kubernetes_executor.py
[2024-09-24T04:29:38.873+0000] {logging_mixin.py:120} INFO - [2024-09-24T04:29:38.872+0000] {dag.py:2585} INFO - Sync 1 DAGs
[2024-09-24T04:29:38.911+0000] {logging_mixin.py:120} INFO - [2024-09-24T04:29:38.911+0000] {dag.py:3340} INFO - Setting next_dagrun for example_local_kubernetes_executor to None, run_after=None
[2024-09-24T04:29:38.940+0000] {processor.py:176} INFO - Processing /home/airflow/.local/lib/python3.7/site-packages/airflow/example_dags/example_local_kubernetes_executor.py took 0.169 seconds
[2024-09-24T04:30:09.639+0000] {processor.py:154} INFO - Started process (PID=15278) to work on /home/airflow/.local/lib/python3.7/site-packages/airflow/example_dags/example_local_kubernetes_executor.py
[2024-09-24T04:30:09.641+0000] {processor.py:756} INFO - Processing file /home/airflow/.local/lib/python3.7/site-packages/airflow/example_dags/example_local_kubernetes_executor.py for tasks to queue
[2024-09-24T04:30:09.642+0000] {logging_mixin.py:120} INFO - [2024-09-24T04:30:09.642+0000] {dagbag.py:537} INFO - Filling up the DagBag from /home/airflow/.local/lib/python3.7/site-packages/airflow/example_dags/example_local_kubernetes_executor.py
[2024-09-24T04:30:09.676+0000] {processor.py:766} INFO - DAG(s) dict_keys(['example_local_kubernetes_executor']) retrieved from /home/airflow/.local/lib/python3.7/site-packages/airflow/example_dags/example_local_kubernetes_executor.py
[2024-09-24T04:30:09.745+0000] {logging_mixin.py:120} INFO - [2024-09-24T04:30:09.745+0000] {dag.py:2585} INFO - Sync 1 DAGs
[2024-09-24T04:30:09.793+0000] {logging_mixin.py:120} INFO - [2024-09-24T04:30:09.792+0000] {dag.py:3340} INFO - Setting next_dagrun for example_local_kubernetes_executor to None, run_after=None
[2024-09-24T04:30:09.844+0000] {processor.py:176} INFO - Processing /home/airflow/.local/lib/python3.7/site-packages/airflow/example_dags/example_local_kubernetes_executor.py took 0.211 seconds
[2024-09-24T04:30:39.954+0000] {processor.py:154} INFO - Started process (PID=15332) to work on /home/airflow/.local/lib/python3.7/site-packages/airflow/example_dags/example_local_kubernetes_executor.py
[2024-09-24T04:30:39.955+0000] {processor.py:756} INFO - Processing file /home/airflow/.local/lib/python3.7/site-packages/airflow/example_dags/example_local_kubernetes_executor.py for tasks to queue
[2024-09-24T04:30:39.956+0000] {logging_mixin.py:120} INFO - [2024-09-24T04:30:39.956+0000] {dagbag.py:537} INFO - Filling up the DagBag from /home/airflow/.local/lib/python3.7/site-packages/airflow/example_dags/example_local_kubernetes_executor.py
[2024-09-24T04:30:39.984+0000] {processor.py:766} INFO - DAG(s) dict_keys(['example_local_kubernetes_executor']) retrieved from /home/airflow/.local/lib/python3.7/site-packages/airflow/example_dags/example_local_kubernetes_executor.py
[2024-09-24T04:30:40.035+0000] {logging_mixin.py:120} INFO - [2024-09-24T04:30:40.035+0000] {dag.py:2585} INFO - Sync 1 DAGs
[2024-09-24T04:30:40.069+0000] {logging_mixin.py:120} INFO - [2024-09-24T04:30:40.069+0000] {dag.py:3340} INFO - Setting next_dagrun for example_local_kubernetes_executor to None, run_after=None
[2024-09-24T04:30:40.094+0000] {processor.py:176} INFO - Processing /home/airflow/.local/lib/python3.7/site-packages/airflow/example_dags/example_local_kubernetes_executor.py took 0.146 seconds
[2024-09-24T04:31:10.383+0000] {processor.py:154} INFO - Started process (PID=15395) to work on /home/airflow/.local/lib/python3.7/site-packages/airflow/example_dags/example_local_kubernetes_executor.py
[2024-09-24T04:31:10.384+0000] {processor.py:756} INFO - Processing file /home/airflow/.local/lib/python3.7/site-packages/airflow/example_dags/example_local_kubernetes_executor.py for tasks to queue
[2024-09-24T04:31:10.385+0000] {logging_mixin.py:120} INFO - [2024-09-24T04:31:10.385+0000] {dagbag.py:537} INFO - Filling up the DagBag from /home/airflow/.local/lib/python3.7/site-packages/airflow/example_dags/example_local_kubernetes_executor.py
[2024-09-24T04:31:10.417+0000] {processor.py:766} INFO - DAG(s) dict_keys(['example_local_kubernetes_executor']) retrieved from /home/airflow/.local/lib/python3.7/site-packages/airflow/example_dags/example_local_kubernetes_executor.py
[2024-09-24T04:31:10.471+0000] {logging_mixin.py:120} INFO - [2024-09-24T04:31:10.471+0000] {dag.py:2585} INFO - Sync 1 DAGs
[2024-09-24T04:31:10.503+0000] {logging_mixin.py:120} INFO - [2024-09-24T04:31:10.503+0000] {dag.py:3340} INFO - Setting next_dagrun for example_local_kubernetes_executor to None, run_after=None
[2024-09-24T04:31:10.527+0000] {processor.py:176} INFO - Processing /home/airflow/.local/lib/python3.7/site-packages/airflow/example_dags/example_local_kubernetes_executor.py took 0.150 seconds
[2024-09-24T04:31:41.050+0000] {processor.py:154} INFO - Started process (PID=15458) to work on /home/airflow/.local/lib/python3.7/site-packages/airflow/example_dags/example_local_kubernetes_executor.py
[2024-09-24T04:31:41.051+0000] {processor.py:756} INFO - Processing file /home/airflow/.local/lib/python3.7/site-packages/airflow/example_dags/example_local_kubernetes_executor.py for tasks to queue
[2024-09-24T04:31:41.053+0000] {logging_mixin.py:120} INFO - [2024-09-24T04:31:41.053+0000] {dagbag.py:537} INFO - Filling up the DagBag from /home/airflow/.local/lib/python3.7/site-packages/airflow/example_dags/example_local_kubernetes_executor.py
[2024-09-24T04:31:41.087+0000] {processor.py:766} INFO - DAG(s) dict_keys(['example_local_kubernetes_executor']) retrieved from /home/airflow/.local/lib/python3.7/site-packages/airflow/example_dags/example_local_kubernetes_executor.py
[2024-09-24T04:31:41.153+0000] {logging_mixin.py:120} INFO - [2024-09-24T04:31:41.153+0000] {dag.py:2585} INFO - Sync 1 DAGs
[2024-09-24T04:31:41.191+0000] {logging_mixin.py:120} INFO - [2024-09-24T04:31:41.191+0000] {dag.py:3340} INFO - Setting next_dagrun for example_local_kubernetes_executor to None, run_after=None
[2024-09-24T04:31:41.223+0000] {processor.py:176} INFO - Processing /home/airflow/.local/lib/python3.7/site-packages/airflow/example_dags/example_local_kubernetes_executor.py took 0.178 seconds
[2024-09-24T04:32:11.945+0000] {processor.py:154} INFO - Started process (PID=15512) to work on /home/airflow/.local/lib/python3.7/site-packages/airflow/example_dags/example_local_kubernetes_executor.py
[2024-09-24T04:32:11.947+0000] {processor.py:756} INFO - Processing file /home/airflow/.local/lib/python3.7/site-packages/airflow/example_dags/example_local_kubernetes_executor.py for tasks to queue
[2024-09-24T04:32:11.948+0000] {logging_mixin.py:120} INFO - [2024-09-24T04:32:11.948+0000] {dagbag.py:537} INFO - Filling up the DagBag from /home/airflow/.local/lib/python3.7/site-packages/airflow/example_dags/example_local_kubernetes_executor.py
[2024-09-24T04:32:11.980+0000] {processor.py:766} INFO - DAG(s) dict_keys(['example_local_kubernetes_executor']) retrieved from /home/airflow/.local/lib/python3.7/site-packages/airflow/example_dags/example_local_kubernetes_executor.py
[2024-09-24T04:32:12.037+0000] {logging_mixin.py:120} INFO - [2024-09-24T04:32:12.037+0000] {dag.py:2585} INFO - Sync 1 DAGs
[2024-09-24T04:32:12.075+0000] {logging_mixin.py:120} INFO - [2024-09-24T04:32:12.075+0000] {dag.py:3340} INFO - Setting next_dagrun for example_local_kubernetes_executor to None, run_after=None
[2024-09-24T04:32:12.103+0000] {processor.py:176} INFO - Processing /home/airflow/.local/lib/python3.7/site-packages/airflow/example_dags/example_local_kubernetes_executor.py took 0.163 seconds
[2024-09-24T04:32:42.896+0000] {processor.py:154} INFO - Started process (PID=15575) to work on /home/airflow/.local/lib/python3.7/site-packages/airflow/example_dags/example_local_kubernetes_executor.py
[2024-09-24T04:32:42.898+0000] {processor.py:756} INFO - Processing file /home/airflow/.local/lib/python3.7/site-packages/airflow/example_dags/example_local_kubernetes_executor.py for tasks to queue
[2024-09-24T04:32:42.900+0000] {logging_mixin.py:120} INFO - [2024-09-24T04:32:42.900+0000] {dagbag.py:537} INFO - Filling up the DagBag from /home/airflow/.local/lib/python3.7/site-packages/airflow/example_dags/example_local_kubernetes_executor.py
[2024-09-24T04:32:42.934+0000] {processor.py:766} INFO - DAG(s) dict_keys(['example_local_kubernetes_executor']) retrieved from /home/airflow/.local/lib/python3.7/site-packages/airflow/example_dags/example_local_kubernetes_executor.py
[2024-09-24T04:32:42.992+0000] {logging_mixin.py:120} INFO - [2024-09-24T04:32:42.991+0000] {dag.py:2585} INFO - Sync 1 DAGs
[2024-09-24T04:32:43.028+0000] {logging_mixin.py:120} INFO - [2024-09-24T04:32:43.028+0000] {dag.py:3340} INFO - Setting next_dagrun for example_local_kubernetes_executor to None, run_after=None
[2024-09-24T04:32:43.057+0000] {processor.py:176} INFO - Processing /home/airflow/.local/lib/python3.7/site-packages/airflow/example_dags/example_local_kubernetes_executor.py took 0.166 seconds
[2024-09-24T04:33:13.795+0000] {processor.py:154} INFO - Started process (PID=15638) to work on /home/airflow/.local/lib/python3.7/site-packages/airflow/example_dags/example_local_kubernetes_executor.py
[2024-09-24T04:33:13.797+0000] {processor.py:756} INFO - Processing file /home/airflow/.local/lib/python3.7/site-packages/airflow/example_dags/example_local_kubernetes_executor.py for tasks to queue
[2024-09-24T04:33:13.798+0000] {logging_mixin.py:120} INFO - [2024-09-24T04:33:13.798+0000] {dagbag.py:537} INFO - Filling up the DagBag from /home/airflow/.local/lib/python3.7/site-packages/airflow/example_dags/example_local_kubernetes_executor.py
[2024-09-24T04:33:13.831+0000] {processor.py:766} INFO - DAG(s) dict_keys(['example_local_kubernetes_executor']) retrieved from /home/airflow/.local/lib/python3.7/site-packages/airflow/example_dags/example_local_kubernetes_executor.py
[2024-09-24T04:33:13.892+0000] {logging_mixin.py:120} INFO - [2024-09-24T04:33:13.891+0000] {dag.py:2585} INFO - Sync 1 DAGs
[2024-09-24T04:33:13.932+0000] {logging_mixin.py:120} INFO - [2024-09-24T04:33:13.931+0000] {dag.py:3340} INFO - Setting next_dagrun for example_local_kubernetes_executor to None, run_after=None
[2024-09-24T04:33:13.961+0000] {processor.py:176} INFO - Processing /home/airflow/.local/lib/python3.7/site-packages/airflow/example_dags/example_local_kubernetes_executor.py took 0.171 seconds
[2024-09-24T04:33:44.021+0000] {processor.py:154} INFO - Started process (PID=15692) to work on /home/airflow/.local/lib/python3.7/site-packages/airflow/example_dags/example_local_kubernetes_executor.py
[2024-09-24T04:33:44.023+0000] {processor.py:756} INFO - Processing file /home/airflow/.local/lib/python3.7/site-packages/airflow/example_dags/example_local_kubernetes_executor.py for tasks to queue
[2024-09-24T04:33:44.024+0000] {logging_mixin.py:120} INFO - [2024-09-24T04:33:44.023+0000] {dagbag.py:537} INFO - Filling up the DagBag from /home/airflow/.local/lib/python3.7/site-packages/airflow/example_dags/example_local_kubernetes_executor.py
[2024-09-24T04:33:44.062+0000] {processor.py:766} INFO - DAG(s) dict_keys(['example_local_kubernetes_executor']) retrieved from /home/airflow/.local/lib/python3.7/site-packages/airflow/example_dags/example_local_kubernetes_executor.py
[2024-09-24T04:33:44.120+0000] {logging_mixin.py:120} INFO - [2024-09-24T04:33:44.119+0000] {dag.py:2585} INFO - Sync 1 DAGs
[2024-09-24T04:33:44.154+0000] {logging_mixin.py:120} INFO - [2024-09-24T04:33:44.154+0000] {dag.py:3340} INFO - Setting next_dagrun for example_local_kubernetes_executor to None, run_after=None
[2024-09-24T04:33:44.184+0000] {processor.py:176} INFO - Processing /home/airflow/.local/lib/python3.7/site-packages/airflow/example_dags/example_local_kubernetes_executor.py took 0.168 seconds
[2024-09-24T04:34:14.594+0000] {processor.py:154} INFO - Started process (PID=15755) to work on /home/airflow/.local/lib/python3.7/site-packages/airflow/example_dags/example_local_kubernetes_executor.py
[2024-09-24T04:34:14.597+0000] {processor.py:756} INFO - Processing file /home/airflow/.local/lib/python3.7/site-packages/airflow/example_dags/example_local_kubernetes_executor.py for tasks to queue
[2024-09-24T04:34:14.600+0000] {logging_mixin.py:120} INFO - [2024-09-24T04:34:14.600+0000] {dagbag.py:537} INFO - Filling up the DagBag from /home/airflow/.local/lib/python3.7/site-packages/airflow/example_dags/example_local_kubernetes_executor.py
[2024-09-24T04:34:14.645+0000] {processor.py:766} INFO - DAG(s) dict_keys(['example_local_kubernetes_executor']) retrieved from /home/airflow/.local/lib/python3.7/site-packages/airflow/example_dags/example_local_kubernetes_executor.py
[2024-09-24T04:34:14.726+0000] {logging_mixin.py:120} INFO - [2024-09-24T04:34:14.725+0000] {dag.py:2585} INFO - Sync 1 DAGs
[2024-09-24T04:34:14.793+0000] {logging_mixin.py:120} INFO - [2024-09-24T04:34:14.793+0000] {dag.py:3340} INFO - Setting next_dagrun for example_local_kubernetes_executor to None, run_after=None
[2024-09-24T04:34:14.852+0000] {processor.py:176} INFO - Processing /home/airflow/.local/lib/python3.7/site-packages/airflow/example_dags/example_local_kubernetes_executor.py took 0.268 seconds
[2024-09-24T04:34:45.778+0000] {processor.py:154} INFO - Started process (PID=15810) to work on /home/airflow/.local/lib/python3.7/site-packages/airflow/example_dags/example_local_kubernetes_executor.py
[2024-09-24T04:34:45.779+0000] {processor.py:756} INFO - Processing file /home/airflow/.local/lib/python3.7/site-packages/airflow/example_dags/example_local_kubernetes_executor.py for tasks to queue
[2024-09-24T04:34:45.780+0000] {logging_mixin.py:120} INFO - [2024-09-24T04:34:45.780+0000] {dagbag.py:537} INFO - Filling up the DagBag from /home/airflow/.local/lib/python3.7/site-packages/airflow/example_dags/example_local_kubernetes_executor.py
[2024-09-24T04:34:45.815+0000] {processor.py:766} INFO - DAG(s) dict_keys(['example_local_kubernetes_executor']) retrieved from /home/airflow/.local/lib/python3.7/site-packages/airflow/example_dags/example_local_kubernetes_executor.py
[2024-09-24T04:34:45.881+0000] {logging_mixin.py:120} INFO - [2024-09-24T04:34:45.880+0000] {dag.py:2585} INFO - Sync 1 DAGs
[2024-09-24T04:34:45.923+0000] {logging_mixin.py:120} INFO - [2024-09-24T04:34:45.922+0000] {dag.py:3340} INFO - Setting next_dagrun for example_local_kubernetes_executor to None, run_after=None
[2024-09-24T04:34:45.955+0000] {processor.py:176} INFO - Processing /home/airflow/.local/lib/python3.7/site-packages/airflow/example_dags/example_local_kubernetes_executor.py took 0.182 seconds
[2024-09-24T04:35:16.220+0000] {processor.py:154} INFO - Started process (PID=15873) to work on /home/airflow/.local/lib/python3.7/site-packages/airflow/example_dags/example_local_kubernetes_executor.py
[2024-09-24T04:35:16.224+0000] {processor.py:756} INFO - Processing file /home/airflow/.local/lib/python3.7/site-packages/airflow/example_dags/example_local_kubernetes_executor.py for tasks to queue
[2024-09-24T04:35:16.226+0000] {logging_mixin.py:120} INFO - [2024-09-24T04:35:16.226+0000] {dagbag.py:537} INFO - Filling up the DagBag from /home/airflow/.local/lib/python3.7/site-packages/airflow/example_dags/example_local_kubernetes_executor.py
[2024-09-24T04:35:16.261+0000] {processor.py:766} INFO - DAG(s) dict_keys(['example_local_kubernetes_executor']) retrieved from /home/airflow/.local/lib/python3.7/site-packages/airflow/example_dags/example_local_kubernetes_executor.py
[2024-09-24T04:35:16.332+0000] {logging_mixin.py:120} INFO - [2024-09-24T04:35:16.332+0000] {dag.py:2585} INFO - Sync 1 DAGs
[2024-09-24T04:35:16.380+0000] {logging_mixin.py:120} INFO - [2024-09-24T04:35:16.380+0000] {dag.py:3340} INFO - Setting next_dagrun for example_local_kubernetes_executor to None, run_after=None
[2024-09-24T04:35:16.415+0000] {processor.py:176} INFO - Processing /home/airflow/.local/lib/python3.7/site-packages/airflow/example_dags/example_local_kubernetes_executor.py took 0.200 seconds
[2024-09-24T04:35:46.725+0000] {processor.py:154} INFO - Started process (PID=15927) to work on /home/airflow/.local/lib/python3.7/site-packages/airflow/example_dags/example_local_kubernetes_executor.py
[2024-09-24T04:35:46.727+0000] {processor.py:756} INFO - Processing file /home/airflow/.local/lib/python3.7/site-packages/airflow/example_dags/example_local_kubernetes_executor.py for tasks to queue
[2024-09-24T04:35:46.728+0000] {logging_mixin.py:120} INFO - [2024-09-24T04:35:46.728+0000] {dagbag.py:537} INFO - Filling up the DagBag from /home/airflow/.local/lib/python3.7/site-packages/airflow/example_dags/example_local_kubernetes_executor.py
[2024-09-24T04:35:46.765+0000] {processor.py:766} INFO - DAG(s) dict_keys(['example_local_kubernetes_executor']) retrieved from /home/airflow/.local/lib/python3.7/site-packages/airflow/example_dags/example_local_kubernetes_executor.py
[2024-09-24T04:35:46.832+0000] {logging_mixin.py:120} INFO - [2024-09-24T04:35:46.832+0000] {dag.py:2585} INFO - Sync 1 DAGs
[2024-09-24T04:35:46.877+0000] {logging_mixin.py:120} INFO - [2024-09-24T04:35:46.876+0000] {dag.py:3340} INFO - Setting next_dagrun for example_local_kubernetes_executor to None, run_after=None
[2024-09-24T04:35:46.909+0000] {processor.py:176} INFO - Processing /home/airflow/.local/lib/python3.7/site-packages/airflow/example_dags/example_local_kubernetes_executor.py took 0.191 seconds
[2024-09-24T04:36:16.968+0000] {processor.py:154} INFO - Started process (PID=15990) to work on /home/airflow/.local/lib/python3.7/site-packages/airflow/example_dags/example_local_kubernetes_executor.py
[2024-09-24T04:36:16.970+0000] {processor.py:756} INFO - Processing file /home/airflow/.local/lib/python3.7/site-packages/airflow/example_dags/example_local_kubernetes_executor.py for tasks to queue
[2024-09-24T04:36:16.971+0000] {logging_mixin.py:120} INFO - [2024-09-24T04:36:16.971+0000] {dagbag.py:537} INFO - Filling up the DagBag from /home/airflow/.local/lib/python3.7/site-packages/airflow/example_dags/example_local_kubernetes_executor.py
[2024-09-24T04:36:17.005+0000] {processor.py:766} INFO - DAG(s) dict_keys(['example_local_kubernetes_executor']) retrieved from /home/airflow/.local/lib/python3.7/site-packages/airflow/example_dags/example_local_kubernetes_executor.py
[2024-09-24T04:36:17.070+0000] {logging_mixin.py:120} INFO - [2024-09-24T04:36:17.070+0000] {dag.py:2585} INFO - Sync 1 DAGs
[2024-09-24T04:36:17.109+0000] {logging_mixin.py:120} INFO - [2024-09-24T04:36:17.108+0000] {dag.py:3340} INFO - Setting next_dagrun for example_local_kubernetes_executor to None, run_after=None
[2024-09-24T04:36:17.139+0000] {processor.py:176} INFO - Processing /home/airflow/.local/lib/python3.7/site-packages/airflow/example_dags/example_local_kubernetes_executor.py took 0.176 seconds
[2024-09-24T04:36:48.028+0000] {processor.py:154} INFO - Started process (PID=16044) to work on /home/airflow/.local/lib/python3.7/site-packages/airflow/example_dags/example_local_kubernetes_executor.py
[2024-09-24T04:36:48.029+0000] {processor.py:756} INFO - Processing file /home/airflow/.local/lib/python3.7/site-packages/airflow/example_dags/example_local_kubernetes_executor.py for tasks to queue
[2024-09-24T04:36:48.030+0000] {logging_mixin.py:120} INFO - [2024-09-24T04:36:48.030+0000] {dagbag.py:537} INFO - Filling up the DagBag from /home/airflow/.local/lib/python3.7/site-packages/airflow/example_dags/example_local_kubernetes_executor.py
[2024-09-24T04:36:48.061+0000] {processor.py:766} INFO - DAG(s) dict_keys(['example_local_kubernetes_executor']) retrieved from /home/airflow/.local/lib/python3.7/site-packages/airflow/example_dags/example_local_kubernetes_executor.py
[2024-09-24T04:36:48.123+0000] {logging_mixin.py:120} INFO - [2024-09-24T04:36:48.123+0000] {dag.py:2585} INFO - Sync 1 DAGs
[2024-09-24T04:36:48.169+0000] {logging_mixin.py:120} INFO - [2024-09-24T04:36:48.168+0000] {dag.py:3340} INFO - Setting next_dagrun for example_local_kubernetes_executor to None, run_after=None
[2024-09-24T04:36:48.209+0000] {processor.py:176} INFO - Processing /home/airflow/.local/lib/python3.7/site-packages/airflow/example_dags/example_local_kubernetes_executor.py took 0.185 seconds
[2024-09-24T04:37:18.409+0000] {processor.py:154} INFO - Started process (PID=16107) to work on /home/airflow/.local/lib/python3.7/site-packages/airflow/example_dags/example_local_kubernetes_executor.py
[2024-09-24T04:37:18.410+0000] {processor.py:756} INFO - Processing file /home/airflow/.local/lib/python3.7/site-packages/airflow/example_dags/example_local_kubernetes_executor.py for tasks to queue
[2024-09-24T04:37:18.411+0000] {logging_mixin.py:120} INFO - [2024-09-24T04:37:18.411+0000] {dagbag.py:537} INFO - Filling up the DagBag from /home/airflow/.local/lib/python3.7/site-packages/airflow/example_dags/example_local_kubernetes_executor.py
[2024-09-24T04:37:18.441+0000] {processor.py:766} INFO - DAG(s) dict_keys(['example_local_kubernetes_executor']) retrieved from /home/airflow/.local/lib/python3.7/site-packages/airflow/example_dags/example_local_kubernetes_executor.py
[2024-09-24T04:37:18.491+0000] {logging_mixin.py:120} INFO - [2024-09-24T04:37:18.491+0000] {dag.py:2585} INFO - Sync 1 DAGs
[2024-09-24T04:37:18.521+0000] {logging_mixin.py:120} INFO - [2024-09-24T04:37:18.521+0000] {dag.py:3340} INFO - Setting next_dagrun for example_local_kubernetes_executor to None, run_after=None
[2024-09-24T04:37:18.545+0000] {processor.py:176} INFO - Processing /home/airflow/.local/lib/python3.7/site-packages/airflow/example_dags/example_local_kubernetes_executor.py took 0.140 seconds
[2024-09-24T04:37:49.719+0000] {processor.py:154} INFO - Started process (PID=16130) to work on /home/airflow/.local/lib/python3.7/site-packages/airflow/example_dags/example_local_kubernetes_executor.py
[2024-09-24T04:37:49.724+0000] {processor.py:756} INFO - Processing file /home/airflow/.local/lib/python3.7/site-packages/airflow/example_dags/example_local_kubernetes_executor.py for tasks to queue
[2024-09-24T04:37:49.728+0000] {logging_mixin.py:120} INFO - [2024-09-24T04:37:49.728+0000] {dagbag.py:537} INFO - Filling up the DagBag from /home/airflow/.local/lib/python3.7/site-packages/airflow/example_dags/example_local_kubernetes_executor.py
[2024-09-24T04:37:49.865+0000] {processor.py:766} INFO - DAG(s) dict_keys(['example_local_kubernetes_executor']) retrieved from /home/airflow/.local/lib/python3.7/site-packages/airflow/example_dags/example_local_kubernetes_executor.py
[2024-09-24T04:37:50.152+0000] {logging_mixin.py:120} INFO - [2024-09-24T04:37:50.151+0000] {dag.py:2585} INFO - Sync 1 DAGs
[2024-09-24T04:37:50.385+0000] {logging_mixin.py:120} INFO - [2024-09-24T04:37:50.384+0000] {dag.py:3340} INFO - Setting next_dagrun for example_local_kubernetes_executor to None, run_after=None
[2024-09-24T04:37:50.511+0000] {processor.py:176} INFO - Processing /home/airflow/.local/lib/python3.7/site-packages/airflow/example_dags/example_local_kubernetes_executor.py took 0.812 seconds
[2024-09-24T06:15:50.218+0000] {processor.py:154} INFO - Started process (PID=16184) to work on /home/airflow/.local/lib/python3.7/site-packages/airflow/example_dags/example_local_kubernetes_executor.py
[2024-09-24T06:15:50.221+0000] {processor.py:756} INFO - Processing file /home/airflow/.local/lib/python3.7/site-packages/airflow/example_dags/example_local_kubernetes_executor.py for tasks to queue
[2024-09-24T06:15:50.225+0000] {logging_mixin.py:120} INFO - [2024-09-24T06:15:50.224+0000] {dagbag.py:537} INFO - Filling up the DagBag from /home/airflow/.local/lib/python3.7/site-packages/airflow/example_dags/example_local_kubernetes_executor.py
[2024-09-24T06:15:50.287+0000] {processor.py:766} INFO - DAG(s) dict_keys(['example_local_kubernetes_executor']) retrieved from /home/airflow/.local/lib/python3.7/site-packages/airflow/example_dags/example_local_kubernetes_executor.py
[2024-09-24T06:15:50.375+0000] {logging_mixin.py:120} INFO - [2024-09-24T06:15:50.375+0000] {dag.py:2585} INFO - Sync 1 DAGs
[2024-09-24T06:15:50.441+0000] {logging_mixin.py:120} INFO - [2024-09-24T06:15:50.441+0000] {dag.py:3340} INFO - Setting next_dagrun for example_local_kubernetes_executor to None, run_after=None
[2024-09-24T06:15:50.492+0000] {processor.py:176} INFO - Processing /home/airflow/.local/lib/python3.7/site-packages/airflow/example_dags/example_local_kubernetes_executor.py took 0.280 seconds
[2024-09-24T06:30:58.647+0000] {processor.py:154} INFO - Started process (PID=16247) to work on /home/airflow/.local/lib/python3.7/site-packages/airflow/example_dags/example_local_kubernetes_executor.py
[2024-09-24T06:30:58.649+0000] {processor.py:756} INFO - Processing file /home/airflow/.local/lib/python3.7/site-packages/airflow/example_dags/example_local_kubernetes_executor.py for tasks to queue
[2024-09-24T06:30:58.653+0000] {logging_mixin.py:120} INFO - [2024-09-24T06:30:58.652+0000] {dagbag.py:537} INFO - Filling up the DagBag from /home/airflow/.local/lib/python3.7/site-packages/airflow/example_dags/example_local_kubernetes_executor.py
[2024-09-24T06:30:58.704+0000] {processor.py:766} INFO - DAG(s) dict_keys(['example_local_kubernetes_executor']) retrieved from /home/airflow/.local/lib/python3.7/site-packages/airflow/example_dags/example_local_kubernetes_executor.py
[2024-09-24T06:30:58.811+0000] {logging_mixin.py:120} INFO - [2024-09-24T06:30:58.810+0000] {dag.py:2585} INFO - Sync 1 DAGs
[2024-09-24T06:30:58.882+0000] {logging_mixin.py:120} INFO - [2024-09-24T06:30:58.881+0000] {dag.py:3340} INFO - Setting next_dagrun for example_local_kubernetes_executor to None, run_after=None
[2024-09-24T06:30:58.934+0000] {processor.py:176} INFO - Processing /home/airflow/.local/lib/python3.7/site-packages/airflow/example_dags/example_local_kubernetes_executor.py took 0.295 seconds
[2024-09-24T08:40:07.743+0000] {processor.py:154} INFO - Started process (PID=16301) to work on /home/airflow/.local/lib/python3.7/site-packages/airflow/example_dags/example_local_kubernetes_executor.py
[2024-09-24T08:40:07.745+0000] {processor.py:756} INFO - Processing file /home/airflow/.local/lib/python3.7/site-packages/airflow/example_dags/example_local_kubernetes_executor.py for tasks to queue
[2024-09-24T08:40:07.747+0000] {logging_mixin.py:120} INFO - [2024-09-24T08:40:07.747+0000] {dagbag.py:537} INFO - Filling up the DagBag from /home/airflow/.local/lib/python3.7/site-packages/airflow/example_dags/example_local_kubernetes_executor.py
[2024-09-24T08:40:07.825+0000] {processor.py:766} INFO - DAG(s) dict_keys(['example_local_kubernetes_executor']) retrieved from /home/airflow/.local/lib/python3.7/site-packages/airflow/example_dags/example_local_kubernetes_executor.py
[2024-09-24T08:40:07.945+0000] {logging_mixin.py:120} INFO - [2024-09-24T08:40:07.945+0000] {dag.py:2585} INFO - Sync 1 DAGs
[2024-09-24T08:40:07.995+0000] {logging_mixin.py:120} INFO - [2024-09-24T08:40:07.995+0000] {dag.py:3340} INFO - Setting next_dagrun for example_local_kubernetes_executor to None, run_after=None
[2024-09-24T08:40:08.044+0000] {processor.py:176} INFO - Processing /home/airflow/.local/lib/python3.7/site-packages/airflow/example_dags/example_local_kubernetes_executor.py took 0.309 seconds
[2024-09-24T11:11:14.546+0000] {processor.py:154} INFO - Started process (PID=16364) to work on /home/airflow/.local/lib/python3.7/site-packages/airflow/example_dags/example_local_kubernetes_executor.py
[2024-09-24T11:11:14.548+0000] {processor.py:756} INFO - Processing file /home/airflow/.local/lib/python3.7/site-packages/airflow/example_dags/example_local_kubernetes_executor.py for tasks to queue
[2024-09-24T11:11:14.550+0000] {logging_mixin.py:120} INFO - [2024-09-24T11:11:14.550+0000] {dagbag.py:537} INFO - Filling up the DagBag from /home/airflow/.local/lib/python3.7/site-packages/airflow/example_dags/example_local_kubernetes_executor.py
[2024-09-24T11:11:14.598+0000] {processor.py:766} INFO - DAG(s) dict_keys(['example_local_kubernetes_executor']) retrieved from /home/airflow/.local/lib/python3.7/site-packages/airflow/example_dags/example_local_kubernetes_executor.py
[2024-09-24T11:11:14.697+0000] {logging_mixin.py:120} INFO - [2024-09-24T11:11:14.697+0000] {dag.py:2585} INFO - Sync 1 DAGs
[2024-09-24T11:11:14.756+0000] {logging_mixin.py:120} INFO - [2024-09-24T11:11:14.755+0000] {dag.py:3340} INFO - Setting next_dagrun for example_local_kubernetes_executor to None, run_after=None
[2024-09-24T11:11:14.801+0000] {processor.py:176} INFO - Processing /home/airflow/.local/lib/python3.7/site-packages/airflow/example_dags/example_local_kubernetes_executor.py took 0.261 seconds
[2024-09-24T12:44:46.438+0000] {processor.py:154} INFO - Started process (PID=16427) to work on /home/airflow/.local/lib/python3.7/site-packages/airflow/example_dags/example_local_kubernetes_executor.py
[2024-09-24T12:44:46.439+0000] {processor.py:756} INFO - Processing file /home/airflow/.local/lib/python3.7/site-packages/airflow/example_dags/example_local_kubernetes_executor.py for tasks to queue
[2024-09-24T12:44:46.440+0000] {logging_mixin.py:120} INFO - [2024-09-24T12:44:46.440+0000] {dagbag.py:537} INFO - Filling up the DagBag from /home/airflow/.local/lib/python3.7/site-packages/airflow/example_dags/example_local_kubernetes_executor.py
[2024-09-24T12:44:46.472+0000] {processor.py:766} INFO - DAG(s) dict_keys(['example_local_kubernetes_executor']) retrieved from /home/airflow/.local/lib/python3.7/site-packages/airflow/example_dags/example_local_kubernetes_executor.py
[2024-09-24T12:44:46.527+0000] {logging_mixin.py:120} INFO - [2024-09-24T12:44:46.527+0000] {dag.py:2585} INFO - Sync 1 DAGs
[2024-09-24T12:44:46.558+0000] {logging_mixin.py:120} INFO - [2024-09-24T12:44:46.558+0000] {dag.py:3340} INFO - Setting next_dagrun for example_local_kubernetes_executor to None, run_after=None
[2024-09-24T12:44:46.584+0000] {processor.py:176} INFO - Processing /home/airflow/.local/lib/python3.7/site-packages/airflow/example_dags/example_local_kubernetes_executor.py took 0.150 seconds
[2024-09-24T14:24:36.840+0000] {processor.py:154} INFO - Started process (PID=16481) to work on /home/airflow/.local/lib/python3.7/site-packages/airflow/example_dags/example_local_kubernetes_executor.py
[2024-09-24T14:24:36.842+0000] {processor.py:756} INFO - Processing file /home/airflow/.local/lib/python3.7/site-packages/airflow/example_dags/example_local_kubernetes_executor.py for tasks to queue
[2024-09-24T14:24:36.848+0000] {logging_mixin.py:120} INFO - [2024-09-24T14:24:36.847+0000] {dagbag.py:537} INFO - Filling up the DagBag from /home/airflow/.local/lib/python3.7/site-packages/airflow/example_dags/example_local_kubernetes_executor.py
[2024-09-24T14:24:36.906+0000] {processor.py:766} INFO - DAG(s) dict_keys(['example_local_kubernetes_executor']) retrieved from /home/airflow/.local/lib/python3.7/site-packages/airflow/example_dags/example_local_kubernetes_executor.py
[2024-09-24T14:24:37.002+0000] {logging_mixin.py:120} INFO - [2024-09-24T14:24:37.001+0000] {dag.py:2585} INFO - Sync 1 DAGs
[2024-09-24T14:24:37.066+0000] {logging_mixin.py:120} INFO - [2024-09-24T14:24:37.066+0000] {dag.py:3340} INFO - Setting next_dagrun for example_local_kubernetes_executor to None, run_after=None
[2024-09-24T14:24:37.108+0000] {processor.py:176} INFO - Processing /home/airflow/.local/lib/python3.7/site-packages/airflow/example_dags/example_local_kubernetes_executor.py took 0.274 seconds
[2024-09-24T14:26:37.525+0000] {processor.py:154} INFO - Started process (PID=16544) to work on /home/airflow/.local/lib/python3.7/site-packages/airflow/example_dags/example_local_kubernetes_executor.py
[2024-09-24T14:26:37.527+0000] {processor.py:756} INFO - Processing file /home/airflow/.local/lib/python3.7/site-packages/airflow/example_dags/example_local_kubernetes_executor.py for tasks to queue
[2024-09-24T14:26:37.528+0000] {logging_mixin.py:120} INFO - [2024-09-24T14:26:37.528+0000] {dagbag.py:537} INFO - Filling up the DagBag from /home/airflow/.local/lib/python3.7/site-packages/airflow/example_dags/example_local_kubernetes_executor.py
[2024-09-24T14:26:37.558+0000] {processor.py:766} INFO - DAG(s) dict_keys(['example_local_kubernetes_executor']) retrieved from /home/airflow/.local/lib/python3.7/site-packages/airflow/example_dags/example_local_kubernetes_executor.py
[2024-09-24T14:26:37.609+0000] {logging_mixin.py:120} INFO - [2024-09-24T14:26:37.609+0000] {dag.py:2585} INFO - Sync 1 DAGs
[2024-09-24T14:26:37.639+0000] {logging_mixin.py:120} INFO - [2024-09-24T14:26:37.639+0000] {dag.py:3340} INFO - Setting next_dagrun for example_local_kubernetes_executor to None, run_after=None
[2024-09-24T14:26:37.666+0000] {processor.py:176} INFO - Processing /home/airflow/.local/lib/python3.7/site-packages/airflow/example_dags/example_local_kubernetes_executor.py took 0.144 seconds
[2024-09-24T15:00:59.904+0000] {processor.py:154} INFO - Started process (PID=16598) to work on /home/airflow/.local/lib/python3.7/site-packages/airflow/example_dags/example_local_kubernetes_executor.py
[2024-09-24T15:00:59.910+0000] {processor.py:756} INFO - Processing file /home/airflow/.local/lib/python3.7/site-packages/airflow/example_dags/example_local_kubernetes_executor.py for tasks to queue
[2024-09-24T15:00:59.912+0000] {logging_mixin.py:120} INFO - [2024-09-24T15:00:59.912+0000] {dagbag.py:537} INFO - Filling up the DagBag from /home/airflow/.local/lib/python3.7/site-packages/airflow/example_dags/example_local_kubernetes_executor.py
[2024-09-24T15:00:59.961+0000] {processor.py:766} INFO - DAG(s) dict_keys(['example_local_kubernetes_executor']) retrieved from /home/airflow/.local/lib/python3.7/site-packages/airflow/example_dags/example_local_kubernetes_executor.py
[2024-09-24T15:01:00.057+0000] {logging_mixin.py:120} INFO - [2024-09-24T15:01:00.057+0000] {dag.py:2585} INFO - Sync 1 DAGs
[2024-09-24T15:01:00.109+0000] {logging_mixin.py:120} INFO - [2024-09-24T15:01:00.109+0000] {dag.py:3340} INFO - Setting next_dagrun for example_local_kubernetes_executor to None, run_after=None
[2024-09-24T15:01:00.169+0000] {processor.py:176} INFO - Processing /home/airflow/.local/lib/python3.7/site-packages/airflow/example_dags/example_local_kubernetes_executor.py took 0.272 seconds
[2024-09-24T16:32:25.011+0000] {processor.py:154} INFO - Started process (PID=16661) to work on /home/airflow/.local/lib/python3.7/site-packages/airflow/example_dags/example_local_kubernetes_executor.py
[2024-09-24T16:32:25.013+0000] {processor.py:756} INFO - Processing file /home/airflow/.local/lib/python3.7/site-packages/airflow/example_dags/example_local_kubernetes_executor.py for tasks to queue
[2024-09-24T16:32:25.076+0000] {logging_mixin.py:120} INFO - [2024-09-24T16:32:25.076+0000] {dagbag.py:537} INFO - Filling up the DagBag from /home/airflow/.local/lib/python3.7/site-packages/airflow/example_dags/example_local_kubernetes_executor.py
[2024-09-24T16:32:25.187+0000] {processor.py:766} INFO - DAG(s) dict_keys(['example_local_kubernetes_executor']) retrieved from /home/airflow/.local/lib/python3.7/site-packages/airflow/example_dags/example_local_kubernetes_executor.py
[2024-09-24T16:32:25.271+0000] {logging_mixin.py:120} INFO - [2024-09-24T16:32:25.271+0000] {dag.py:2585} INFO - Sync 1 DAGs
[2024-09-24T16:32:25.302+0000] {logging_mixin.py:120} INFO - [2024-09-24T16:32:25.302+0000] {dag.py:3340} INFO - Setting next_dagrun for example_local_kubernetes_executor to None, run_after=None
[2024-09-24T16:32:25.333+0000] {processor.py:176} INFO - Processing /home/airflow/.local/lib/python3.7/site-packages/airflow/example_dags/example_local_kubernetes_executor.py took 0.337 seconds
[2024-09-24T16:38:39.607+0000] {processor.py:154} INFO - Started process (PID=16715) to work on /home/airflow/.local/lib/python3.7/site-packages/airflow/example_dags/example_local_kubernetes_executor.py
[2024-09-24T16:38:39.621+0000] {processor.py:756} INFO - Processing file /home/airflow/.local/lib/python3.7/site-packages/airflow/example_dags/example_local_kubernetes_executor.py for tasks to queue
[2024-09-24T16:38:39.629+0000] {logging_mixin.py:120} INFO - [2024-09-24T16:38:39.627+0000] {dagbag.py:537} INFO - Filling up the DagBag from /home/airflow/.local/lib/python3.7/site-packages/airflow/example_dags/example_local_kubernetes_executor.py
[2024-09-24T16:38:39.927+0000] {processor.py:766} INFO - DAG(s) dict_keys(['example_local_kubernetes_executor']) retrieved from /home/airflow/.local/lib/python3.7/site-packages/airflow/example_dags/example_local_kubernetes_executor.py
[2024-09-24T16:38:40.323+0000] {logging_mixin.py:120} INFO - [2024-09-24T16:38:40.321+0000] {dag.py:2585} INFO - Sync 1 DAGs
[2024-09-24T16:38:40.550+0000] {logging_mixin.py:120} INFO - [2024-09-24T16:38:40.549+0000] {dag.py:3340} INFO - Setting next_dagrun for example_local_kubernetes_executor to None, run_after=None
[2024-09-24T16:38:40.730+0000] {processor.py:176} INFO - Processing /home/airflow/.local/lib/python3.7/site-packages/airflow/example_dags/example_local_kubernetes_executor.py took 1.150 seconds
[2024-09-24T17:03:27.334+0000] {processor.py:154} INFO - Started process (PID=16769) to work on /home/airflow/.local/lib/python3.7/site-packages/airflow/example_dags/example_local_kubernetes_executor.py
[2024-09-24T17:03:27.341+0000] {processor.py:756} INFO - Processing file /home/airflow/.local/lib/python3.7/site-packages/airflow/example_dags/example_local_kubernetes_executor.py for tasks to queue
[2024-09-24T17:03:27.352+0000] {logging_mixin.py:120} INFO - [2024-09-24T17:03:27.350+0000] {dagbag.py:537} INFO - Filling up the DagBag from /home/airflow/.local/lib/python3.7/site-packages/airflow/example_dags/example_local_kubernetes_executor.py
[2024-09-24T17:03:27.517+0000] {processor.py:766} INFO - DAG(s) dict_keys(['example_local_kubernetes_executor']) retrieved from /home/airflow/.local/lib/python3.7/site-packages/airflow/example_dags/example_local_kubernetes_executor.py
[2024-09-24T17:03:27.835+0000] {logging_mixin.py:120} INFO - [2024-09-24T17:03:27.834+0000] {dag.py:2585} INFO - Sync 1 DAGs
[2024-09-24T17:03:28.093+0000] {logging_mixin.py:120} INFO - [2024-09-24T17:03:28.090+0000] {dag.py:3340} INFO - Setting next_dagrun for example_local_kubernetes_executor to None, run_after=None
[2024-09-24T17:03:28.257+0000] {processor.py:176} INFO - Processing /home/airflow/.local/lib/python3.7/site-packages/airflow/example_dags/example_local_kubernetes_executor.py took 0.949 seconds
[2024-09-24T17:24:17.165+0000] {processor.py:154} INFO - Started process (PID=16823) to work on /home/airflow/.local/lib/python3.7/site-packages/airflow/example_dags/example_local_kubernetes_executor.py
[2024-09-24T17:24:17.175+0000] {processor.py:756} INFO - Processing file /home/airflow/.local/lib/python3.7/site-packages/airflow/example_dags/example_local_kubernetes_executor.py for tasks to queue
[2024-09-24T17:24:17.183+0000] {logging_mixin.py:120} INFO - [2024-09-24T17:24:17.181+0000] {dagbag.py:537} INFO - Filling up the DagBag from /home/airflow/.local/lib/python3.7/site-packages/airflow/example_dags/example_local_kubernetes_executor.py
[2024-09-24T17:24:17.417+0000] {processor.py:766} INFO - DAG(s) dict_keys(['example_local_kubernetes_executor']) retrieved from /home/airflow/.local/lib/python3.7/site-packages/airflow/example_dags/example_local_kubernetes_executor.py
[2024-09-24T17:24:17.792+0000] {logging_mixin.py:120} INFO - [2024-09-24T17:24:17.790+0000] {dag.py:2585} INFO - Sync 1 DAGs
[2024-09-24T17:24:18.070+0000] {logging_mixin.py:120} INFO - [2024-09-24T17:24:18.068+0000] {dag.py:3340} INFO - Setting next_dagrun for example_local_kubernetes_executor to None, run_after=None
[2024-09-24T17:24:18.276+0000] {processor.py:176} INFO - Processing /home/airflow/.local/lib/python3.7/site-packages/airflow/example_dags/example_local_kubernetes_executor.py took 1.143 seconds
[2024-09-24T18:04:22.519+0000] {processor.py:154} INFO - Started process (PID=16877) to work on /home/airflow/.local/lib/python3.7/site-packages/airflow/example_dags/example_local_kubernetes_executor.py
[2024-09-24T18:04:22.528+0000] {processor.py:756} INFO - Processing file /home/airflow/.local/lib/python3.7/site-packages/airflow/example_dags/example_local_kubernetes_executor.py for tasks to queue
[2024-09-24T18:04:22.532+0000] {logging_mixin.py:120} INFO - [2024-09-24T18:04:22.531+0000] {dagbag.py:537} INFO - Filling up the DagBag from /home/airflow/.local/lib/python3.7/site-packages/airflow/example_dags/example_local_kubernetes_executor.py
[2024-09-24T18:04:22.716+0000] {processor.py:766} INFO - DAG(s) dict_keys(['example_local_kubernetes_executor']) retrieved from /home/airflow/.local/lib/python3.7/site-packages/airflow/example_dags/example_local_kubernetes_executor.py
[2024-09-24T18:04:23.007+0000] {logging_mixin.py:120} INFO - [2024-09-24T18:04:23.004+0000] {dag.py:2585} INFO - Sync 1 DAGs
[2024-09-24T18:04:23.351+0000] {logging_mixin.py:120} INFO - [2024-09-24T18:04:23.349+0000] {dag.py:3340} INFO - Setting next_dagrun for example_local_kubernetes_executor to None, run_after=None
[2024-09-24T18:04:23.539+0000] {processor.py:176} INFO - Processing /home/airflow/.local/lib/python3.7/site-packages/airflow/example_dags/example_local_kubernetes_executor.py took 1.037 seconds
[2024-09-24T19:05:22.400+0000] {processor.py:154} INFO - Started process (PID=16922) to work on /home/airflow/.local/lib/python3.7/site-packages/airflow/example_dags/example_local_kubernetes_executor.py
[2024-09-24T19:05:22.408+0000] {processor.py:756} INFO - Processing file /home/airflow/.local/lib/python3.7/site-packages/airflow/example_dags/example_local_kubernetes_executor.py for tasks to queue
[2024-09-24T19:05:22.415+0000] {logging_mixin.py:120} INFO - [2024-09-24T19:05:22.414+0000] {dagbag.py:537} INFO - Filling up the DagBag from /home/airflow/.local/lib/python3.7/site-packages/airflow/example_dags/example_local_kubernetes_executor.py
[2024-09-24T19:05:22.656+0000] {processor.py:766} INFO - DAG(s) dict_keys(['example_local_kubernetes_executor']) retrieved from /home/airflow/.local/lib/python3.7/site-packages/airflow/example_dags/example_local_kubernetes_executor.py
[2024-09-24T19:05:23.162+0000] {logging_mixin.py:120} INFO - [2024-09-24T19:05:23.160+0000] {dag.py:2585} INFO - Sync 1 DAGs
[2024-09-24T19:05:23.436+0000] {logging_mixin.py:120} INFO - [2024-09-24T19:05:23.435+0000] {dag.py:3340} INFO - Setting next_dagrun for example_local_kubernetes_executor to None, run_after=None
[2024-09-24T19:05:23.594+0000] {processor.py:176} INFO - Processing /home/airflow/.local/lib/python3.7/site-packages/airflow/example_dags/example_local_kubernetes_executor.py took 1.222 seconds
[2024-09-24T20:06:28.296+0000] {processor.py:154} INFO - Started process (PID=16976) to work on /home/airflow/.local/lib/python3.7/site-packages/airflow/example_dags/example_local_kubernetes_executor.py
[2024-09-24T20:06:28.302+0000] {processor.py:756} INFO - Processing file /home/airflow/.local/lib/python3.7/site-packages/airflow/example_dags/example_local_kubernetes_executor.py for tasks to queue
[2024-09-24T20:06:28.306+0000] {logging_mixin.py:120} INFO - [2024-09-24T20:06:28.305+0000] {dagbag.py:537} INFO - Filling up the DagBag from /home/airflow/.local/lib/python3.7/site-packages/airflow/example_dags/example_local_kubernetes_executor.py
[2024-09-24T20:06:28.446+0000] {processor.py:766} INFO - DAG(s) dict_keys(['example_local_kubernetes_executor']) retrieved from /home/airflow/.local/lib/python3.7/site-packages/airflow/example_dags/example_local_kubernetes_executor.py
[2024-09-24T20:06:28.702+0000] {logging_mixin.py:120} INFO - [2024-09-24T20:06:28.701+0000] {dag.py:2585} INFO - Sync 1 DAGs
[2024-09-24T20:06:28.871+0000] {logging_mixin.py:120} INFO - [2024-09-24T20:06:28.871+0000] {dag.py:3340} INFO - Setting next_dagrun for example_local_kubernetes_executor to None, run_after=None
[2024-09-24T20:06:29.030+0000] {processor.py:176} INFO - Processing /home/airflow/.local/lib/python3.7/site-packages/airflow/example_dags/example_local_kubernetes_executor.py took 0.752 seconds
[2024-09-24T22:08:20.032+0000] {processor.py:154} INFO - Started process (PID=17030) to work on /home/airflow/.local/lib/python3.7/site-packages/airflow/example_dags/example_local_kubernetes_executor.py
[2024-09-24T22:08:20.036+0000] {processor.py:756} INFO - Processing file /home/airflow/.local/lib/python3.7/site-packages/airflow/example_dags/example_local_kubernetes_executor.py for tasks to queue
[2024-09-24T22:08:20.038+0000] {logging_mixin.py:120} INFO - [2024-09-24T22:08:20.038+0000] {dagbag.py:537} INFO - Filling up the DagBag from /home/airflow/.local/lib/python3.7/site-packages/airflow/example_dags/example_local_kubernetes_executor.py
[2024-09-24T22:08:20.088+0000] {processor.py:766} INFO - DAG(s) dict_keys(['example_local_kubernetes_executor']) retrieved from /home/airflow/.local/lib/python3.7/site-packages/airflow/example_dags/example_local_kubernetes_executor.py
[2024-09-24T22:08:20.171+0000] {logging_mixin.py:120} INFO - [2024-09-24T22:08:20.170+0000] {dag.py:2585} INFO - Sync 1 DAGs
[2024-09-24T22:08:20.226+0000] {logging_mixin.py:120} INFO - [2024-09-24T22:08:20.226+0000] {dag.py:3340} INFO - Setting next_dagrun for example_local_kubernetes_executor to None, run_after=None
[2024-09-24T22:08:20.284+0000] {processor.py:176} INFO - Processing /home/airflow/.local/lib/python3.7/site-packages/airflow/example_dags/example_local_kubernetes_executor.py took 0.258 seconds
