[2024-09-24T01:38:14.361+0000] {processor.py:154} INFO - Started process (PID=13855) to work on /home/airflow/.local/lib/python3.7/site-packages/airflow/example_dags/example_task_group_decorator.py
[2024-09-24T01:38:14.363+0000] {processor.py:756} INFO - Processing file /home/airflow/.local/lib/python3.7/site-packages/airflow/example_dags/example_task_group_decorator.py for tasks to queue
[2024-09-24T01:38:14.364+0000] {logging_mixin.py:120} INFO - [2024-09-24T01:38:14.364+0000] {dagbag.py:537} INFO - Filling up the DagBag from /home/airflow/.local/lib/python3.7/site-packages/airflow/example_dags/example_task_group_decorator.py
[2024-09-24T01:38:14.407+0000] {processor.py:766} INFO - DAG(s) dict_keys(['example_task_group_decorator']) retrieved from /home/airflow/.local/lib/python3.7/site-packages/airflow/example_dags/example_task_group_decorator.py
[2024-09-24T01:38:14.467+0000] {logging_mixin.py:120} INFO - [2024-09-24T01:38:14.467+0000] {dag.py:2585} INFO - Sync 1 DAGs
[2024-09-24T01:38:14.503+0000] {logging_mixin.py:120} INFO - [2024-09-24T01:38:14.503+0000] {dag.py:3340} INFO - Setting next_dagrun for example_task_group_decorator to 2024-09-23T01:38:14.502780+00:00, run_after=2024-09-24T01:38:14.502780+00:00
[2024-09-24T01:38:14.538+0000] {processor.py:176} INFO - Processing /home/airflow/.local/lib/python3.7/site-packages/airflow/example_dags/example_task_group_decorator.py took 0.183 seconds
[2024-09-24T01:41:38.169+0000] {processor.py:154} INFO - Started process (PID=13909) to work on /home/airflow/.local/lib/python3.7/site-packages/airflow/example_dags/example_task_group_decorator.py
[2024-09-24T01:41:38.170+0000] {processor.py:756} INFO - Processing file /home/airflow/.local/lib/python3.7/site-packages/airflow/example_dags/example_task_group_decorator.py for tasks to queue
[2024-09-24T01:41:38.172+0000] {logging_mixin.py:120} INFO - [2024-09-24T01:41:38.172+0000] {dagbag.py:537} INFO - Filling up the DagBag from /home/airflow/.local/lib/python3.7/site-packages/airflow/example_dags/example_task_group_decorator.py
[2024-09-24T01:41:38.224+0000] {processor.py:766} INFO - DAG(s) dict_keys(['example_task_group_decorator']) retrieved from /home/airflow/.local/lib/python3.7/site-packages/airflow/example_dags/example_task_group_decorator.py
[2024-09-24T01:41:38.298+0000] {logging_mixin.py:120} INFO - [2024-09-24T01:41:38.297+0000] {dag.py:2585} INFO - Sync 1 DAGs
[2024-09-24T01:41:38.335+0000] {logging_mixin.py:120} INFO - [2024-09-24T01:41:38.335+0000] {dag.py:3340} INFO - Setting next_dagrun for example_task_group_decorator to 2024-09-23T01:41:38.334818+00:00, run_after=2024-09-24T01:41:38.334818+00:00
[2024-09-24T01:41:38.365+0000] {processor.py:176} INFO - Processing /home/airflow/.local/lib/python3.7/site-packages/airflow/example_dags/example_task_group_decorator.py took 0.202 seconds
[2024-09-24T03:27:53.382+0000] {processor.py:154} INFO - Started process (PID=13972) to work on /home/airflow/.local/lib/python3.7/site-packages/airflow/example_dags/example_task_group_decorator.py
[2024-09-24T03:27:53.384+0000] {processor.py:756} INFO - Processing file /home/airflow/.local/lib/python3.7/site-packages/airflow/example_dags/example_task_group_decorator.py for tasks to queue
[2024-09-24T03:27:53.385+0000] {logging_mixin.py:120} INFO - [2024-09-24T03:27:53.385+0000] {dagbag.py:537} INFO - Filling up the DagBag from /home/airflow/.local/lib/python3.7/site-packages/airflow/example_dags/example_task_group_decorator.py
[2024-09-24T03:27:53.471+0000] {processor.py:766} INFO - DAG(s) dict_keys(['example_task_group_decorator']) retrieved from /home/airflow/.local/lib/python3.7/site-packages/airflow/example_dags/example_task_group_decorator.py
[2024-09-24T03:27:53.569+0000] {logging_mixin.py:120} INFO - [2024-09-24T03:27:53.569+0000] {dag.py:2585} INFO - Sync 1 DAGs
[2024-09-24T03:27:53.624+0000] {logging_mixin.py:120} INFO - [2024-09-24T03:27:53.623+0000] {dag.py:3340} INFO - Setting next_dagrun for example_task_group_decorator to 2024-09-23T03:27:53.623447+00:00, run_after=2024-09-24T03:27:53.623447+00:00
[2024-09-24T03:27:53.676+0000] {processor.py:176} INFO - Processing /home/airflow/.local/lib/python3.7/site-packages/airflow/example_dags/example_task_group_decorator.py took 0.301 seconds
[2024-09-24T04:19:29.229+0000] {processor.py:154} INFO - Started process (PID=14026) to work on /home/airflow/.local/lib/python3.7/site-packages/airflow/example_dags/example_task_group_decorator.py
[2024-09-24T04:19:29.234+0000] {processor.py:756} INFO - Processing file /home/airflow/.local/lib/python3.7/site-packages/airflow/example_dags/example_task_group_decorator.py for tasks to queue
[2024-09-24T04:19:29.236+0000] {logging_mixin.py:120} INFO - [2024-09-24T04:19:29.236+0000] {dagbag.py:537} INFO - Filling up the DagBag from /home/airflow/.local/lib/python3.7/site-packages/airflow/example_dags/example_task_group_decorator.py
[2024-09-24T04:19:29.421+0000] {processor.py:766} INFO - DAG(s) dict_keys(['example_task_group_decorator']) retrieved from /home/airflow/.local/lib/python3.7/site-packages/airflow/example_dags/example_task_group_decorator.py
[2024-09-24T04:19:29.640+0000] {logging_mixin.py:120} INFO - [2024-09-24T04:19:29.637+0000] {dag.py:2585} INFO - Sync 1 DAGs
[2024-09-24T04:19:29.819+0000] {logging_mixin.py:120} INFO - [2024-09-24T04:19:29.819+0000] {dag.py:3340} INFO - Setting next_dagrun for example_task_group_decorator to 2024-09-23T04:19:29.815595+00:00, run_after=2024-09-24T04:19:29.815595+00:00
[2024-09-24T04:19:29.909+0000] {processor.py:176} INFO - Processing /home/airflow/.local/lib/python3.7/site-packages/airflow/example_dags/example_task_group_decorator.py took 0.696 seconds
[2024-09-24T04:20:00.400+0000] {processor.py:154} INFO - Started process (PID=14080) to work on /home/airflow/.local/lib/python3.7/site-packages/airflow/example_dags/example_task_group_decorator.py
[2024-09-24T04:20:00.402+0000] {processor.py:756} INFO - Processing file /home/airflow/.local/lib/python3.7/site-packages/airflow/example_dags/example_task_group_decorator.py for tasks to queue
[2024-09-24T04:20:00.403+0000] {logging_mixin.py:120} INFO - [2024-09-24T04:20:00.403+0000] {dagbag.py:537} INFO - Filling up the DagBag from /home/airflow/.local/lib/python3.7/site-packages/airflow/example_dags/example_task_group_decorator.py
[2024-09-24T04:20:00.449+0000] {processor.py:766} INFO - DAG(s) dict_keys(['example_task_group_decorator']) retrieved from /home/airflow/.local/lib/python3.7/site-packages/airflow/example_dags/example_task_group_decorator.py
[2024-09-24T04:20:00.516+0000] {logging_mixin.py:120} INFO - [2024-09-24T04:20:00.516+0000] {dag.py:2585} INFO - Sync 1 DAGs
[2024-09-24T04:20:00.560+0000] {logging_mixin.py:120} INFO - [2024-09-24T04:20:00.560+0000] {dag.py:3340} INFO - Setting next_dagrun for example_task_group_decorator to 2024-09-23T04:20:00.560253+00:00, run_after=2024-09-24T04:20:00.560253+00:00
[2024-09-24T04:20:00.594+0000] {processor.py:176} INFO - Processing /home/airflow/.local/lib/python3.7/site-packages/airflow/example_dags/example_task_group_decorator.py took 0.200 seconds
[2024-09-24T04:20:31.204+0000] {processor.py:154} INFO - Started process (PID=14142) to work on /home/airflow/.local/lib/python3.7/site-packages/airflow/example_dags/example_task_group_decorator.py
[2024-09-24T04:20:31.205+0000] {processor.py:756} INFO - Processing file /home/airflow/.local/lib/python3.7/site-packages/airflow/example_dags/example_task_group_decorator.py for tasks to queue
[2024-09-24T04:20:31.207+0000] {logging_mixin.py:120} INFO - [2024-09-24T04:20:31.206+0000] {dagbag.py:537} INFO - Filling up the DagBag from /home/airflow/.local/lib/python3.7/site-packages/airflow/example_dags/example_task_group_decorator.py
[2024-09-24T04:20:31.243+0000] {processor.py:766} INFO - DAG(s) dict_keys(['example_task_group_decorator']) retrieved from /home/airflow/.local/lib/python3.7/site-packages/airflow/example_dags/example_task_group_decorator.py
[2024-09-24T04:20:31.303+0000] {logging_mixin.py:120} INFO - [2024-09-24T04:20:31.303+0000] {dag.py:2585} INFO - Sync 1 DAGs
[2024-09-24T04:20:31.336+0000] {logging_mixin.py:120} INFO - [2024-09-24T04:20:31.336+0000] {dag.py:3340} INFO - Setting next_dagrun for example_task_group_decorator to 2024-09-23T04:20:31.335977+00:00, run_after=2024-09-24T04:20:31.335977+00:00
[2024-09-24T04:20:31.360+0000] {processor.py:176} INFO - Processing /home/airflow/.local/lib/python3.7/site-packages/airflow/example_dags/example_task_group_decorator.py took 0.161 seconds
[2024-09-24T04:21:01.613+0000] {processor.py:154} INFO - Started process (PID=14205) to work on /home/airflow/.local/lib/python3.7/site-packages/airflow/example_dags/example_task_group_decorator.py
[2024-09-24T04:21:01.615+0000] {processor.py:756} INFO - Processing file /home/airflow/.local/lib/python3.7/site-packages/airflow/example_dags/example_task_group_decorator.py for tasks to queue
[2024-09-24T04:21:01.616+0000] {logging_mixin.py:120} INFO - [2024-09-24T04:21:01.616+0000] {dagbag.py:537} INFO - Filling up the DagBag from /home/airflow/.local/lib/python3.7/site-packages/airflow/example_dags/example_task_group_decorator.py
[2024-09-24T04:21:01.670+0000] {processor.py:766} INFO - DAG(s) dict_keys(['example_task_group_decorator']) retrieved from /home/airflow/.local/lib/python3.7/site-packages/airflow/example_dags/example_task_group_decorator.py
[2024-09-24T04:21:01.761+0000] {logging_mixin.py:120} INFO - [2024-09-24T04:21:01.761+0000] {dag.py:2585} INFO - Sync 1 DAGs
[2024-09-24T04:21:01.808+0000] {logging_mixin.py:120} INFO - [2024-09-24T04:21:01.808+0000] {dag.py:3340} INFO - Setting next_dagrun for example_task_group_decorator to 2024-09-23T04:21:01.807745+00:00, run_after=2024-09-24T04:21:01.807745+00:00
[2024-09-24T04:21:01.848+0000] {processor.py:176} INFO - Processing /home/airflow/.local/lib/python3.7/site-packages/airflow/example_dags/example_task_group_decorator.py took 0.240 seconds
[2024-09-24T04:21:32.092+0000] {processor.py:154} INFO - Started process (PID=14259) to work on /home/airflow/.local/lib/python3.7/site-packages/airflow/example_dags/example_task_group_decorator.py
[2024-09-24T04:21:32.094+0000] {processor.py:756} INFO - Processing file /home/airflow/.local/lib/python3.7/site-packages/airflow/example_dags/example_task_group_decorator.py for tasks to queue
[2024-09-24T04:21:32.095+0000] {logging_mixin.py:120} INFO - [2024-09-24T04:21:32.094+0000] {dagbag.py:537} INFO - Filling up the DagBag from /home/airflow/.local/lib/python3.7/site-packages/airflow/example_dags/example_task_group_decorator.py
[2024-09-24T04:21:32.134+0000] {processor.py:766} INFO - DAG(s) dict_keys(['example_task_group_decorator']) retrieved from /home/airflow/.local/lib/python3.7/site-packages/airflow/example_dags/example_task_group_decorator.py
[2024-09-24T04:21:32.187+0000] {logging_mixin.py:120} INFO - [2024-09-24T04:21:32.187+0000] {dag.py:2585} INFO - Sync 1 DAGs
[2024-09-24T04:21:32.223+0000] {logging_mixin.py:120} INFO - [2024-09-24T04:21:32.223+0000] {dag.py:3340} INFO - Setting next_dagrun for example_task_group_decorator to 2024-09-23T04:21:32.222806+00:00, run_after=2024-09-24T04:21:32.222806+00:00
[2024-09-24T04:21:32.258+0000] {processor.py:176} INFO - Processing /home/airflow/.local/lib/python3.7/site-packages/airflow/example_dags/example_task_group_decorator.py took 0.170 seconds
[2024-09-24T04:22:02.444+0000] {processor.py:154} INFO - Started process (PID=14323) to work on /home/airflow/.local/lib/python3.7/site-packages/airflow/example_dags/example_task_group_decorator.py
[2024-09-24T04:22:02.445+0000] {processor.py:756} INFO - Processing file /home/airflow/.local/lib/python3.7/site-packages/airflow/example_dags/example_task_group_decorator.py for tasks to queue
[2024-09-24T04:22:02.446+0000] {logging_mixin.py:120} INFO - [2024-09-24T04:22:02.446+0000] {dagbag.py:537} INFO - Filling up the DagBag from /home/airflow/.local/lib/python3.7/site-packages/airflow/example_dags/example_task_group_decorator.py
[2024-09-24T04:22:02.484+0000] {processor.py:766} INFO - DAG(s) dict_keys(['example_task_group_decorator']) retrieved from /home/airflow/.local/lib/python3.7/site-packages/airflow/example_dags/example_task_group_decorator.py
[2024-09-24T04:22:02.538+0000] {logging_mixin.py:120} INFO - [2024-09-24T04:22:02.538+0000] {dag.py:2585} INFO - Sync 1 DAGs
[2024-09-24T04:22:02.570+0000] {logging_mixin.py:120} INFO - [2024-09-24T04:22:02.570+0000] {dag.py:3340} INFO - Setting next_dagrun for example_task_group_decorator to 2024-09-23T04:22:02.569956+00:00, run_after=2024-09-24T04:22:02.569956+00:00
[2024-09-24T04:22:02.599+0000] {processor.py:176} INFO - Processing /home/airflow/.local/lib/python3.7/site-packages/airflow/example_dags/example_task_group_decorator.py took 0.160 seconds
[2024-09-24T04:22:33.341+0000] {processor.py:154} INFO - Started process (PID=14386) to work on /home/airflow/.local/lib/python3.7/site-packages/airflow/example_dags/example_task_group_decorator.py
[2024-09-24T04:22:33.343+0000] {processor.py:756} INFO - Processing file /home/airflow/.local/lib/python3.7/site-packages/airflow/example_dags/example_task_group_decorator.py for tasks to queue
[2024-09-24T04:22:33.344+0000] {logging_mixin.py:120} INFO - [2024-09-24T04:22:33.344+0000] {dagbag.py:537} INFO - Filling up the DagBag from /home/airflow/.local/lib/python3.7/site-packages/airflow/example_dags/example_task_group_decorator.py
[2024-09-24T04:22:33.377+0000] {processor.py:766} INFO - DAG(s) dict_keys(['example_task_group_decorator']) retrieved from /home/airflow/.local/lib/python3.7/site-packages/airflow/example_dags/example_task_group_decorator.py
[2024-09-24T04:22:33.438+0000] {logging_mixin.py:120} INFO - [2024-09-24T04:22:33.438+0000] {dag.py:2585} INFO - Sync 1 DAGs
[2024-09-24T04:22:33.471+0000] {logging_mixin.py:120} INFO - [2024-09-24T04:22:33.471+0000] {dag.py:3340} INFO - Setting next_dagrun for example_task_group_decorator to 2024-09-23T04:22:33.471074+00:00, run_after=2024-09-24T04:22:33.471074+00:00
[2024-09-24T04:22:33.498+0000] {processor.py:176} INFO - Processing /home/airflow/.local/lib/python3.7/site-packages/airflow/example_dags/example_task_group_decorator.py took 0.161 seconds
[2024-09-24T04:23:04.327+0000] {processor.py:154} INFO - Started process (PID=14447) to work on /home/airflow/.local/lib/python3.7/site-packages/airflow/example_dags/example_task_group_decorator.py
[2024-09-24T04:23:04.328+0000] {processor.py:756} INFO - Processing file /home/airflow/.local/lib/python3.7/site-packages/airflow/example_dags/example_task_group_decorator.py for tasks to queue
[2024-09-24T04:23:04.329+0000] {logging_mixin.py:120} INFO - [2024-09-24T04:23:04.329+0000] {dagbag.py:537} INFO - Filling up the DagBag from /home/airflow/.local/lib/python3.7/site-packages/airflow/example_dags/example_task_group_decorator.py
[2024-09-24T04:23:04.359+0000] {processor.py:766} INFO - DAG(s) dict_keys(['example_task_group_decorator']) retrieved from /home/airflow/.local/lib/python3.7/site-packages/airflow/example_dags/example_task_group_decorator.py
[2024-09-24T04:23:04.419+0000] {logging_mixin.py:120} INFO - [2024-09-24T04:23:04.419+0000] {dag.py:2585} INFO - Sync 1 DAGs
[2024-09-24T04:23:04.450+0000] {logging_mixin.py:120} INFO - [2024-09-24T04:23:04.450+0000] {dag.py:3340} INFO - Setting next_dagrun for example_task_group_decorator to 2024-09-23T04:23:04.449762+00:00, run_after=2024-09-24T04:23:04.449762+00:00
[2024-09-24T04:23:04.476+0000] {processor.py:176} INFO - Processing /home/airflow/.local/lib/python3.7/site-packages/airflow/example_dags/example_task_group_decorator.py took 0.152 seconds
[2024-09-24T04:23:34.546+0000] {processor.py:154} INFO - Started process (PID=14503) to work on /home/airflow/.local/lib/python3.7/site-packages/airflow/example_dags/example_task_group_decorator.py
[2024-09-24T04:23:34.547+0000] {processor.py:756} INFO - Processing file /home/airflow/.local/lib/python3.7/site-packages/airflow/example_dags/example_task_group_decorator.py for tasks to queue
[2024-09-24T04:23:34.549+0000] {logging_mixin.py:120} INFO - [2024-09-24T04:23:34.548+0000] {dagbag.py:537} INFO - Filling up the DagBag from /home/airflow/.local/lib/python3.7/site-packages/airflow/example_dags/example_task_group_decorator.py
[2024-09-24T04:23:34.587+0000] {processor.py:766} INFO - DAG(s) dict_keys(['example_task_group_decorator']) retrieved from /home/airflow/.local/lib/python3.7/site-packages/airflow/example_dags/example_task_group_decorator.py
[2024-09-24T04:23:34.640+0000] {logging_mixin.py:120} INFO - [2024-09-24T04:23:34.640+0000] {dag.py:2585} INFO - Sync 1 DAGs
[2024-09-24T04:23:34.672+0000] {logging_mixin.py:120} INFO - [2024-09-24T04:23:34.672+0000] {dag.py:3340} INFO - Setting next_dagrun for example_task_group_decorator to 2024-09-23T04:23:34.672434+00:00, run_after=2024-09-24T04:23:34.672434+00:00
[2024-09-24T04:23:34.695+0000] {processor.py:176} INFO - Processing /home/airflow/.local/lib/python3.7/site-packages/airflow/example_dags/example_task_group_decorator.py took 0.154 seconds
[2024-09-24T04:24:04.872+0000] {processor.py:154} INFO - Started process (PID=14565) to work on /home/airflow/.local/lib/python3.7/site-packages/airflow/example_dags/example_task_group_decorator.py
[2024-09-24T04:24:04.874+0000] {processor.py:756} INFO - Processing file /home/airflow/.local/lib/python3.7/site-packages/airflow/example_dags/example_task_group_decorator.py for tasks to queue
[2024-09-24T04:24:04.875+0000] {logging_mixin.py:120} INFO - [2024-09-24T04:24:04.875+0000] {dagbag.py:537} INFO - Filling up the DagBag from /home/airflow/.local/lib/python3.7/site-packages/airflow/example_dags/example_task_group_decorator.py
[2024-09-24T04:24:04.912+0000] {processor.py:766} INFO - DAG(s) dict_keys(['example_task_group_decorator']) retrieved from /home/airflow/.local/lib/python3.7/site-packages/airflow/example_dags/example_task_group_decorator.py
[2024-09-24T04:24:04.964+0000] {logging_mixin.py:120} INFO - [2024-09-24T04:24:04.964+0000] {dag.py:2585} INFO - Sync 1 DAGs
[2024-09-24T04:24:04.994+0000] {logging_mixin.py:120} INFO - [2024-09-24T04:24:04.994+0000] {dag.py:3340} INFO - Setting next_dagrun for example_task_group_decorator to 2024-09-23T04:24:04.993966+00:00, run_after=2024-09-24T04:24:04.993966+00:00
[2024-09-24T04:24:05.021+0000] {processor.py:176} INFO - Processing /home/airflow/.local/lib/python3.7/site-packages/airflow/example_dags/example_task_group_decorator.py took 0.153 seconds
[2024-09-24T04:24:35.751+0000] {processor.py:154} INFO - Started process (PID=14628) to work on /home/airflow/.local/lib/python3.7/site-packages/airflow/example_dags/example_task_group_decorator.py
[2024-09-24T04:24:35.752+0000] {processor.py:756} INFO - Processing file /home/airflow/.local/lib/python3.7/site-packages/airflow/example_dags/example_task_group_decorator.py for tasks to queue
[2024-09-24T04:24:35.753+0000] {logging_mixin.py:120} INFO - [2024-09-24T04:24:35.753+0000] {dagbag.py:537} INFO - Filling up the DagBag from /home/airflow/.local/lib/python3.7/site-packages/airflow/example_dags/example_task_group_decorator.py
[2024-09-24T04:24:35.787+0000] {processor.py:766} INFO - DAG(s) dict_keys(['example_task_group_decorator']) retrieved from /home/airflow/.local/lib/python3.7/site-packages/airflow/example_dags/example_task_group_decorator.py
[2024-09-24T04:24:35.840+0000] {logging_mixin.py:120} INFO - [2024-09-24T04:24:35.840+0000] {dag.py:2585} INFO - Sync 1 DAGs
[2024-09-24T04:24:35.871+0000] {logging_mixin.py:120} INFO - [2024-09-24T04:24:35.871+0000] {dag.py:3340} INFO - Setting next_dagrun for example_task_group_decorator to 2024-09-23T04:24:35.871309+00:00, run_after=2024-09-24T04:24:35.871309+00:00
[2024-09-24T04:24:35.899+0000] {processor.py:176} INFO - Processing /home/airflow/.local/lib/python3.7/site-packages/airflow/example_dags/example_task_group_decorator.py took 0.151 seconds
[2024-09-24T04:25:05.983+0000] {processor.py:154} INFO - Started process (PID=14682) to work on /home/airflow/.local/lib/python3.7/site-packages/airflow/example_dags/example_task_group_decorator.py
[2024-09-24T04:25:05.985+0000] {processor.py:756} INFO - Processing file /home/airflow/.local/lib/python3.7/site-packages/airflow/example_dags/example_task_group_decorator.py for tasks to queue
[2024-09-24T04:25:05.986+0000] {logging_mixin.py:120} INFO - [2024-09-24T04:25:05.986+0000] {dagbag.py:537} INFO - Filling up the DagBag from /home/airflow/.local/lib/python3.7/site-packages/airflow/example_dags/example_task_group_decorator.py
[2024-09-24T04:25:06.024+0000] {processor.py:766} INFO - DAG(s) dict_keys(['example_task_group_decorator']) retrieved from /home/airflow/.local/lib/python3.7/site-packages/airflow/example_dags/example_task_group_decorator.py
[2024-09-24T04:25:06.077+0000] {logging_mixin.py:120} INFO - [2024-09-24T04:25:06.077+0000] {dag.py:2585} INFO - Sync 1 DAGs
[2024-09-24T04:25:06.106+0000] {logging_mixin.py:120} INFO - [2024-09-24T04:25:06.106+0000] {dag.py:3340} INFO - Setting next_dagrun for example_task_group_decorator to 2024-09-23T04:25:06.106482+00:00, run_after=2024-09-24T04:25:06.106482+00:00
[2024-09-24T04:25:06.133+0000] {processor.py:176} INFO - Processing /home/airflow/.local/lib/python3.7/site-packages/airflow/example_dags/example_task_group_decorator.py took 0.154 seconds
[2024-09-24T04:25:36.327+0000] {processor.py:154} INFO - Started process (PID=14744) to work on /home/airflow/.local/lib/python3.7/site-packages/airflow/example_dags/example_task_group_decorator.py
[2024-09-24T04:25:36.328+0000] {processor.py:756} INFO - Processing file /home/airflow/.local/lib/python3.7/site-packages/airflow/example_dags/example_task_group_decorator.py for tasks to queue
[2024-09-24T04:25:36.329+0000] {logging_mixin.py:120} INFO - [2024-09-24T04:25:36.329+0000] {dagbag.py:537} INFO - Filling up the DagBag from /home/airflow/.local/lib/python3.7/site-packages/airflow/example_dags/example_task_group_decorator.py
[2024-09-24T04:25:36.366+0000] {processor.py:766} INFO - DAG(s) dict_keys(['example_task_group_decorator']) retrieved from /home/airflow/.local/lib/python3.7/site-packages/airflow/example_dags/example_task_group_decorator.py
[2024-09-24T04:25:36.418+0000] {logging_mixin.py:120} INFO - [2024-09-24T04:25:36.418+0000] {dag.py:2585} INFO - Sync 1 DAGs
[2024-09-24T04:25:36.452+0000] {logging_mixin.py:120} INFO - [2024-09-24T04:25:36.452+0000] {dag.py:3340} INFO - Setting next_dagrun for example_task_group_decorator to 2024-09-23T04:25:36.451915+00:00, run_after=2024-09-24T04:25:36.451915+00:00
[2024-09-24T04:25:36.481+0000] {processor.py:176} INFO - Processing /home/airflow/.local/lib/python3.7/site-packages/airflow/example_dags/example_task_group_decorator.py took 0.159 seconds
[2024-09-24T04:26:06.687+0000] {processor.py:154} INFO - Started process (PID=14807) to work on /home/airflow/.local/lib/python3.7/site-packages/airflow/example_dags/example_task_group_decorator.py
[2024-09-24T04:26:06.689+0000] {processor.py:756} INFO - Processing file /home/airflow/.local/lib/python3.7/site-packages/airflow/example_dags/example_task_group_decorator.py for tasks to queue
[2024-09-24T04:26:06.690+0000] {logging_mixin.py:120} INFO - [2024-09-24T04:26:06.690+0000] {dagbag.py:537} INFO - Filling up the DagBag from /home/airflow/.local/lib/python3.7/site-packages/airflow/example_dags/example_task_group_decorator.py
[2024-09-24T04:26:06.728+0000] {processor.py:766} INFO - DAG(s) dict_keys(['example_task_group_decorator']) retrieved from /home/airflow/.local/lib/python3.7/site-packages/airflow/example_dags/example_task_group_decorator.py
[2024-09-24T04:26:06.785+0000] {logging_mixin.py:120} INFO - [2024-09-24T04:26:06.785+0000] {dag.py:2585} INFO - Sync 1 DAGs
[2024-09-24T04:26:06.816+0000] {logging_mixin.py:120} INFO - [2024-09-24T04:26:06.816+0000] {dag.py:3340} INFO - Setting next_dagrun for example_task_group_decorator to 2024-09-23T04:26:06.815999+00:00, run_after=2024-09-24T04:26:06.815999+00:00
[2024-09-24T04:26:06.846+0000] {processor.py:176} INFO - Processing /home/airflow/.local/lib/python3.7/site-packages/airflow/example_dags/example_task_group_decorator.py took 0.163 seconds
[2024-09-24T04:26:37.630+0000] {processor.py:154} INFO - Started process (PID=14860) to work on /home/airflow/.local/lib/python3.7/site-packages/airflow/example_dags/example_task_group_decorator.py
[2024-09-24T04:26:37.632+0000] {processor.py:756} INFO - Processing file /home/airflow/.local/lib/python3.7/site-packages/airflow/example_dags/example_task_group_decorator.py for tasks to queue
[2024-09-24T04:26:37.633+0000] {logging_mixin.py:120} INFO - [2024-09-24T04:26:37.633+0000] {dagbag.py:537} INFO - Filling up the DagBag from /home/airflow/.local/lib/python3.7/site-packages/airflow/example_dags/example_task_group_decorator.py
[2024-09-24T04:26:37.671+0000] {processor.py:766} INFO - DAG(s) dict_keys(['example_task_group_decorator']) retrieved from /home/airflow/.local/lib/python3.7/site-packages/airflow/example_dags/example_task_group_decorator.py
[2024-09-24T04:26:37.754+0000] {logging_mixin.py:120} INFO - [2024-09-24T04:26:37.754+0000] {dag.py:2585} INFO - Sync 1 DAGs
[2024-09-24T04:26:37.812+0000] {logging_mixin.py:120} INFO - [2024-09-24T04:26:37.812+0000] {dag.py:3340} INFO - Setting next_dagrun for example_task_group_decorator to 2024-09-23T04:26:37.812058+00:00, run_after=2024-09-24T04:26:37.812058+00:00
[2024-09-24T04:26:37.844+0000] {processor.py:176} INFO - Processing /home/airflow/.local/lib/python3.7/site-packages/airflow/example_dags/example_task_group_decorator.py took 0.218 seconds
[2024-09-24T04:27:08.295+0000] {processor.py:154} INFO - Started process (PID=14923) to work on /home/airflow/.local/lib/python3.7/site-packages/airflow/example_dags/example_task_group_decorator.py
[2024-09-24T04:27:08.298+0000] {processor.py:756} INFO - Processing file /home/airflow/.local/lib/python3.7/site-packages/airflow/example_dags/example_task_group_decorator.py for tasks to queue
[2024-09-24T04:27:08.299+0000] {logging_mixin.py:120} INFO - [2024-09-24T04:27:08.299+0000] {dagbag.py:537} INFO - Filling up the DagBag from /home/airflow/.local/lib/python3.7/site-packages/airflow/example_dags/example_task_group_decorator.py
[2024-09-24T04:27:08.344+0000] {processor.py:766} INFO - DAG(s) dict_keys(['example_task_group_decorator']) retrieved from /home/airflow/.local/lib/python3.7/site-packages/airflow/example_dags/example_task_group_decorator.py
[2024-09-24T04:27:08.403+0000] {logging_mixin.py:120} INFO - [2024-09-24T04:27:08.403+0000] {dag.py:2585} INFO - Sync 1 DAGs
[2024-09-24T04:27:08.441+0000] {logging_mixin.py:120} INFO - [2024-09-24T04:27:08.440+0000] {dag.py:3340} INFO - Setting next_dagrun for example_task_group_decorator to 2024-09-23T04:27:08.440568+00:00, run_after=2024-09-24T04:27:08.440568+00:00
[2024-09-24T04:27:08.467+0000] {processor.py:176} INFO - Processing /home/airflow/.local/lib/python3.7/site-packages/airflow/example_dags/example_task_group_decorator.py took 0.176 seconds
[2024-09-24T04:27:39.131+0000] {processor.py:154} INFO - Started process (PID=14985) to work on /home/airflow/.local/lib/python3.7/site-packages/airflow/example_dags/example_task_group_decorator.py
[2024-09-24T04:27:39.133+0000] {processor.py:756} INFO - Processing file /home/airflow/.local/lib/python3.7/site-packages/airflow/example_dags/example_task_group_decorator.py for tasks to queue
[2024-09-24T04:27:39.134+0000] {logging_mixin.py:120} INFO - [2024-09-24T04:27:39.133+0000] {dagbag.py:537} INFO - Filling up the DagBag from /home/airflow/.local/lib/python3.7/site-packages/airflow/example_dags/example_task_group_decorator.py
[2024-09-24T04:27:39.167+0000] {processor.py:766} INFO - DAG(s) dict_keys(['example_task_group_decorator']) retrieved from /home/airflow/.local/lib/python3.7/site-packages/airflow/example_dags/example_task_group_decorator.py
[2024-09-24T04:27:39.226+0000] {logging_mixin.py:120} INFO - [2024-09-24T04:27:39.225+0000] {dag.py:2585} INFO - Sync 1 DAGs
[2024-09-24T04:27:39.261+0000] {logging_mixin.py:120} INFO - [2024-09-24T04:27:39.261+0000] {dag.py:3340} INFO - Setting next_dagrun for example_task_group_decorator to 2024-09-23T04:27:39.260941+00:00, run_after=2024-09-24T04:27:39.260941+00:00
[2024-09-24T04:27:39.288+0000] {processor.py:176} INFO - Processing /home/airflow/.local/lib/python3.7/site-packages/airflow/example_dags/example_task_group_decorator.py took 0.161 seconds
[2024-09-24T04:28:09.484+0000] {processor.py:154} INFO - Started process (PID=15040) to work on /home/airflow/.local/lib/python3.7/site-packages/airflow/example_dags/example_task_group_decorator.py
[2024-09-24T04:28:09.486+0000] {processor.py:756} INFO - Processing file /home/airflow/.local/lib/python3.7/site-packages/airflow/example_dags/example_task_group_decorator.py for tasks to queue
[2024-09-24T04:28:09.487+0000] {logging_mixin.py:120} INFO - [2024-09-24T04:28:09.487+0000] {dagbag.py:537} INFO - Filling up the DagBag from /home/airflow/.local/lib/python3.7/site-packages/airflow/example_dags/example_task_group_decorator.py
[2024-09-24T04:28:09.525+0000] {processor.py:766} INFO - DAG(s) dict_keys(['example_task_group_decorator']) retrieved from /home/airflow/.local/lib/python3.7/site-packages/airflow/example_dags/example_task_group_decorator.py
[2024-09-24T04:28:09.578+0000] {logging_mixin.py:120} INFO - [2024-09-24T04:28:09.578+0000] {dag.py:2585} INFO - Sync 1 DAGs
[2024-09-24T04:28:09.613+0000] {logging_mixin.py:120} INFO - [2024-09-24T04:28:09.613+0000] {dag.py:3340} INFO - Setting next_dagrun for example_task_group_decorator to 2024-09-23T04:28:09.613290+00:00, run_after=2024-09-24T04:28:09.613290+00:00
[2024-09-24T04:28:09.638+0000] {processor.py:176} INFO - Processing /home/airflow/.local/lib/python3.7/site-packages/airflow/example_dags/example_task_group_decorator.py took 0.158 seconds
[2024-09-24T04:28:39.768+0000] {processor.py:154} INFO - Started process (PID=15103) to work on /home/airflow/.local/lib/python3.7/site-packages/airflow/example_dags/example_task_group_decorator.py
[2024-09-24T04:28:39.769+0000] {processor.py:756} INFO - Processing file /home/airflow/.local/lib/python3.7/site-packages/airflow/example_dags/example_task_group_decorator.py for tasks to queue
[2024-09-24T04:28:39.770+0000] {logging_mixin.py:120} INFO - [2024-09-24T04:28:39.770+0000] {dagbag.py:537} INFO - Filling up the DagBag from /home/airflow/.local/lib/python3.7/site-packages/airflow/example_dags/example_task_group_decorator.py
[2024-09-24T04:28:39.804+0000] {processor.py:766} INFO - DAG(s) dict_keys(['example_task_group_decorator']) retrieved from /home/airflow/.local/lib/python3.7/site-packages/airflow/example_dags/example_task_group_decorator.py
[2024-09-24T04:28:39.856+0000] {logging_mixin.py:120} INFO - [2024-09-24T04:28:39.856+0000] {dag.py:2585} INFO - Sync 1 DAGs
[2024-09-24T04:28:39.886+0000] {logging_mixin.py:120} INFO - [2024-09-24T04:28:39.886+0000] {dag.py:3340} INFO - Setting next_dagrun for example_task_group_decorator to 2024-09-23T04:28:39.886252+00:00, run_after=2024-09-24T04:28:39.886252+00:00
[2024-09-24T04:28:39.908+0000] {processor.py:176} INFO - Processing /home/airflow/.local/lib/python3.7/site-packages/airflow/example_dags/example_task_group_decorator.py took 0.144 seconds
[2024-09-24T04:29:10.242+0000] {processor.py:154} INFO - Started process (PID=15165) to work on /home/airflow/.local/lib/python3.7/site-packages/airflow/example_dags/example_task_group_decorator.py
[2024-09-24T04:29:10.245+0000] {processor.py:756} INFO - Processing file /home/airflow/.local/lib/python3.7/site-packages/airflow/example_dags/example_task_group_decorator.py for tasks to queue
[2024-09-24T04:29:10.246+0000] {logging_mixin.py:120} INFO - [2024-09-24T04:29:10.246+0000] {dagbag.py:537} INFO - Filling up the DagBag from /home/airflow/.local/lib/python3.7/site-packages/airflow/example_dags/example_task_group_decorator.py
[2024-09-24T04:29:10.283+0000] {processor.py:766} INFO - DAG(s) dict_keys(['example_task_group_decorator']) retrieved from /home/airflow/.local/lib/python3.7/site-packages/airflow/example_dags/example_task_group_decorator.py
[2024-09-24T04:29:10.341+0000] {logging_mixin.py:120} INFO - [2024-09-24T04:29:10.341+0000] {dag.py:2585} INFO - Sync 1 DAGs
[2024-09-24T04:29:10.373+0000] {logging_mixin.py:120} INFO - [2024-09-24T04:29:10.373+0000] {dag.py:3340} INFO - Setting next_dagrun for example_task_group_decorator to 2024-09-23T04:29:10.373035+00:00, run_after=2024-09-24T04:29:10.373035+00:00
[2024-09-24T04:29:10.399+0000] {processor.py:176} INFO - Processing /home/airflow/.local/lib/python3.7/site-packages/airflow/example_dags/example_task_group_decorator.py took 0.161 seconds
[2024-09-24T04:29:41.148+0000] {processor.py:154} INFO - Started process (PID=15219) to work on /home/airflow/.local/lib/python3.7/site-packages/airflow/example_dags/example_task_group_decorator.py
[2024-09-24T04:29:41.150+0000] {processor.py:756} INFO - Processing file /home/airflow/.local/lib/python3.7/site-packages/airflow/example_dags/example_task_group_decorator.py for tasks to queue
[2024-09-24T04:29:41.151+0000] {logging_mixin.py:120} INFO - [2024-09-24T04:29:41.151+0000] {dagbag.py:537} INFO - Filling up the DagBag from /home/airflow/.local/lib/python3.7/site-packages/airflow/example_dags/example_task_group_decorator.py
[2024-09-24T04:29:41.203+0000] {processor.py:766} INFO - DAG(s) dict_keys(['example_task_group_decorator']) retrieved from /home/airflow/.local/lib/python3.7/site-packages/airflow/example_dags/example_task_group_decorator.py
[2024-09-24T04:29:41.285+0000] {logging_mixin.py:120} INFO - [2024-09-24T04:29:41.285+0000] {dag.py:2585} INFO - Sync 1 DAGs
[2024-09-24T04:29:41.334+0000] {logging_mixin.py:120} INFO - [2024-09-24T04:29:41.334+0000] {dag.py:3340} INFO - Setting next_dagrun for example_task_group_decorator to 2024-09-23T04:29:41.333928+00:00, run_after=2024-09-24T04:29:41.333928+00:00
[2024-09-24T04:29:41.375+0000] {processor.py:176} INFO - Processing /home/airflow/.local/lib/python3.7/site-packages/airflow/example_dags/example_task_group_decorator.py took 0.231 seconds
[2024-09-24T04:30:11.970+0000] {processor.py:154} INFO - Started process (PID=15282) to work on /home/airflow/.local/lib/python3.7/site-packages/airflow/example_dags/example_task_group_decorator.py
[2024-09-24T04:30:11.972+0000] {processor.py:756} INFO - Processing file /home/airflow/.local/lib/python3.7/site-packages/airflow/example_dags/example_task_group_decorator.py for tasks to queue
[2024-09-24T04:30:11.973+0000] {logging_mixin.py:120} INFO - [2024-09-24T04:30:11.973+0000] {dagbag.py:537} INFO - Filling up the DagBag from /home/airflow/.local/lib/python3.7/site-packages/airflow/example_dags/example_task_group_decorator.py
[2024-09-24T04:30:12.009+0000] {processor.py:766} INFO - DAG(s) dict_keys(['example_task_group_decorator']) retrieved from /home/airflow/.local/lib/python3.7/site-packages/airflow/example_dags/example_task_group_decorator.py
[2024-09-24T04:30:12.062+0000] {logging_mixin.py:120} INFO - [2024-09-24T04:30:12.062+0000] {dag.py:2585} INFO - Sync 1 DAGs
[2024-09-24T04:30:12.093+0000] {logging_mixin.py:120} INFO - [2024-09-24T04:30:12.093+0000] {dag.py:3340} INFO - Setting next_dagrun for example_task_group_decorator to 2024-09-23T04:30:12.093494+00:00, run_after=2024-09-24T04:30:12.093494+00:00
[2024-09-24T04:30:12.115+0000] {processor.py:176} INFO - Processing /home/airflow/.local/lib/python3.7/site-packages/airflow/example_dags/example_task_group_decorator.py took 0.149 seconds
[2024-09-24T04:30:42.297+0000] {processor.py:154} INFO - Started process (PID=15345) to work on /home/airflow/.local/lib/python3.7/site-packages/airflow/example_dags/example_task_group_decorator.py
[2024-09-24T04:30:42.298+0000] {processor.py:756} INFO - Processing file /home/airflow/.local/lib/python3.7/site-packages/airflow/example_dags/example_task_group_decorator.py for tasks to queue
[2024-09-24T04:30:42.299+0000] {logging_mixin.py:120} INFO - [2024-09-24T04:30:42.299+0000] {dagbag.py:537} INFO - Filling up the DagBag from /home/airflow/.local/lib/python3.7/site-packages/airflow/example_dags/example_task_group_decorator.py
[2024-09-24T04:30:42.335+0000] {processor.py:766} INFO - DAG(s) dict_keys(['example_task_group_decorator']) retrieved from /home/airflow/.local/lib/python3.7/site-packages/airflow/example_dags/example_task_group_decorator.py
[2024-09-24T04:30:42.386+0000] {logging_mixin.py:120} INFO - [2024-09-24T04:30:42.385+0000] {dag.py:2585} INFO - Sync 1 DAGs
[2024-09-24T04:30:42.415+0000] {logging_mixin.py:120} INFO - [2024-09-24T04:30:42.415+0000] {dag.py:3340} INFO - Setting next_dagrun for example_task_group_decorator to 2024-09-23T04:30:42.415386+00:00, run_after=2024-09-24T04:30:42.415386+00:00
[2024-09-24T04:30:42.437+0000] {processor.py:176} INFO - Processing /home/airflow/.local/lib/python3.7/site-packages/airflow/example_dags/example_task_group_decorator.py took 0.144 seconds
[2024-09-24T04:31:12.635+0000] {processor.py:154} INFO - Started process (PID=15399) to work on /home/airflow/.local/lib/python3.7/site-packages/airflow/example_dags/example_task_group_decorator.py
[2024-09-24T04:31:12.637+0000] {processor.py:756} INFO - Processing file /home/airflow/.local/lib/python3.7/site-packages/airflow/example_dags/example_task_group_decorator.py for tasks to queue
[2024-09-24T04:31:12.638+0000] {logging_mixin.py:120} INFO - [2024-09-24T04:31:12.638+0000] {dagbag.py:537} INFO - Filling up the DagBag from /home/airflow/.local/lib/python3.7/site-packages/airflow/example_dags/example_task_group_decorator.py
[2024-09-24T04:31:12.695+0000] {processor.py:766} INFO - DAG(s) dict_keys(['example_task_group_decorator']) retrieved from /home/airflow/.local/lib/python3.7/site-packages/airflow/example_dags/example_task_group_decorator.py
[2024-09-24T04:31:12.761+0000] {logging_mixin.py:120} INFO - [2024-09-24T04:31:12.761+0000] {dag.py:2585} INFO - Sync 1 DAGs
[2024-09-24T04:31:12.796+0000] {logging_mixin.py:120} INFO - [2024-09-24T04:31:12.796+0000] {dag.py:3340} INFO - Setting next_dagrun for example_task_group_decorator to 2024-09-23T04:31:12.795668+00:00, run_after=2024-09-24T04:31:12.795668+00:00
[2024-09-24T04:31:12.827+0000] {processor.py:176} INFO - Processing /home/airflow/.local/lib/python3.7/site-packages/airflow/example_dags/example_task_group_decorator.py took 0.198 seconds
[2024-09-24T04:31:43.259+0000] {processor.py:154} INFO - Started process (PID=15462) to work on /home/airflow/.local/lib/python3.7/site-packages/airflow/example_dags/example_task_group_decorator.py
[2024-09-24T04:31:43.261+0000] {processor.py:756} INFO - Processing file /home/airflow/.local/lib/python3.7/site-packages/airflow/example_dags/example_task_group_decorator.py for tasks to queue
[2024-09-24T04:31:43.262+0000] {logging_mixin.py:120} INFO - [2024-09-24T04:31:43.262+0000] {dagbag.py:537} INFO - Filling up the DagBag from /home/airflow/.local/lib/python3.7/site-packages/airflow/example_dags/example_task_group_decorator.py
[2024-09-24T04:31:43.301+0000] {processor.py:766} INFO - DAG(s) dict_keys(['example_task_group_decorator']) retrieved from /home/airflow/.local/lib/python3.7/site-packages/airflow/example_dags/example_task_group_decorator.py
[2024-09-24T04:31:43.358+0000] {logging_mixin.py:120} INFO - [2024-09-24T04:31:43.358+0000] {dag.py:2585} INFO - Sync 1 DAGs
[2024-09-24T04:31:43.393+0000] {logging_mixin.py:120} INFO - [2024-09-24T04:31:43.393+0000] {dag.py:3340} INFO - Setting next_dagrun for example_task_group_decorator to 2024-09-23T04:31:43.393367+00:00, run_after=2024-09-24T04:31:43.393367+00:00
[2024-09-24T04:31:43.422+0000] {processor.py:176} INFO - Processing /home/airflow/.local/lib/python3.7/site-packages/airflow/example_dags/example_task_group_decorator.py took 0.166 seconds
[2024-09-24T04:32:14.314+0000] {processor.py:154} INFO - Started process (PID=15516) to work on /home/airflow/.local/lib/python3.7/site-packages/airflow/example_dags/example_task_group_decorator.py
[2024-09-24T04:32:14.316+0000] {processor.py:756} INFO - Processing file /home/airflow/.local/lib/python3.7/site-packages/airflow/example_dags/example_task_group_decorator.py for tasks to queue
[2024-09-24T04:32:14.317+0000] {logging_mixin.py:120} INFO - [2024-09-24T04:32:14.317+0000] {dagbag.py:537} INFO - Filling up the DagBag from /home/airflow/.local/lib/python3.7/site-packages/airflow/example_dags/example_task_group_decorator.py
[2024-09-24T04:32:14.360+0000] {processor.py:766} INFO - DAG(s) dict_keys(['example_task_group_decorator']) retrieved from /home/airflow/.local/lib/python3.7/site-packages/airflow/example_dags/example_task_group_decorator.py
[2024-09-24T04:32:14.423+0000] {logging_mixin.py:120} INFO - [2024-09-24T04:32:14.423+0000] {dag.py:2585} INFO - Sync 1 DAGs
[2024-09-24T04:32:14.467+0000] {logging_mixin.py:120} INFO - [2024-09-24T04:32:14.467+0000] {dag.py:3340} INFO - Setting next_dagrun for example_task_group_decorator to 2024-09-23T04:32:14.467103+00:00, run_after=2024-09-24T04:32:14.467103+00:00
[2024-09-24T04:32:14.500+0000] {processor.py:176} INFO - Processing /home/airflow/.local/lib/python3.7/site-packages/airflow/example_dags/example_task_group_decorator.py took 0.197 seconds
[2024-09-24T04:32:45.260+0000] {processor.py:154} INFO - Started process (PID=15579) to work on /home/airflow/.local/lib/python3.7/site-packages/airflow/example_dags/example_task_group_decorator.py
[2024-09-24T04:32:45.262+0000] {processor.py:756} INFO - Processing file /home/airflow/.local/lib/python3.7/site-packages/airflow/example_dags/example_task_group_decorator.py for tasks to queue
[2024-09-24T04:32:45.264+0000] {logging_mixin.py:120} INFO - [2024-09-24T04:32:45.263+0000] {dagbag.py:537} INFO - Filling up the DagBag from /home/airflow/.local/lib/python3.7/site-packages/airflow/example_dags/example_task_group_decorator.py
[2024-09-24T04:32:45.317+0000] {processor.py:766} INFO - DAG(s) dict_keys(['example_task_group_decorator']) retrieved from /home/airflow/.local/lib/python3.7/site-packages/airflow/example_dags/example_task_group_decorator.py
[2024-09-24T04:32:45.385+0000] {logging_mixin.py:120} INFO - [2024-09-24T04:32:45.385+0000] {dag.py:2585} INFO - Sync 1 DAGs
[2024-09-24T04:32:45.421+0000] {logging_mixin.py:120} INFO - [2024-09-24T04:32:45.421+0000] {dag.py:3340} INFO - Setting next_dagrun for example_task_group_decorator to 2024-09-23T04:32:45.421359+00:00, run_after=2024-09-24T04:32:45.421359+00:00
[2024-09-24T04:32:45.450+0000] {processor.py:176} INFO - Processing /home/airflow/.local/lib/python3.7/site-packages/airflow/example_dags/example_task_group_decorator.py took 0.194 seconds
[2024-09-24T04:33:16.139+0000] {processor.py:154} INFO - Started process (PID=15642) to work on /home/airflow/.local/lib/python3.7/site-packages/airflow/example_dags/example_task_group_decorator.py
[2024-09-24T04:33:16.140+0000] {processor.py:756} INFO - Processing file /home/airflow/.local/lib/python3.7/site-packages/airflow/example_dags/example_task_group_decorator.py for tasks to queue
[2024-09-24T04:33:16.141+0000] {logging_mixin.py:120} INFO - [2024-09-24T04:33:16.141+0000] {dagbag.py:537} INFO - Filling up the DagBag from /home/airflow/.local/lib/python3.7/site-packages/airflow/example_dags/example_task_group_decorator.py
[2024-09-24T04:33:16.184+0000] {processor.py:766} INFO - DAG(s) dict_keys(['example_task_group_decorator']) retrieved from /home/airflow/.local/lib/python3.7/site-packages/airflow/example_dags/example_task_group_decorator.py
[2024-09-24T04:33:16.243+0000] {logging_mixin.py:120} INFO - [2024-09-24T04:33:16.243+0000] {dag.py:2585} INFO - Sync 1 DAGs
[2024-09-24T04:33:16.280+0000] {logging_mixin.py:120} INFO - [2024-09-24T04:33:16.279+0000] {dag.py:3340} INFO - Setting next_dagrun for example_task_group_decorator to 2024-09-23T04:33:16.279276+00:00, run_after=2024-09-24T04:33:16.279276+00:00
[2024-09-24T04:33:16.307+0000] {processor.py:176} INFO - Processing /home/airflow/.local/lib/python3.7/site-packages/airflow/example_dags/example_task_group_decorator.py took 0.173 seconds
[2024-09-24T04:33:46.402+0000] {processor.py:154} INFO - Started process (PID=15696) to work on /home/airflow/.local/lib/python3.7/site-packages/airflow/example_dags/example_task_group_decorator.py
[2024-09-24T04:33:46.404+0000] {processor.py:756} INFO - Processing file /home/airflow/.local/lib/python3.7/site-packages/airflow/example_dags/example_task_group_decorator.py for tasks to queue
[2024-09-24T04:33:46.406+0000] {logging_mixin.py:120} INFO - [2024-09-24T04:33:46.406+0000] {dagbag.py:537} INFO - Filling up the DagBag from /home/airflow/.local/lib/python3.7/site-packages/airflow/example_dags/example_task_group_decorator.py
[2024-09-24T04:33:46.448+0000] {processor.py:766} INFO - DAG(s) dict_keys(['example_task_group_decorator']) retrieved from /home/airflow/.local/lib/python3.7/site-packages/airflow/example_dags/example_task_group_decorator.py
[2024-09-24T04:33:46.507+0000] {logging_mixin.py:120} INFO - [2024-09-24T04:33:46.507+0000] {dag.py:2585} INFO - Sync 1 DAGs
[2024-09-24T04:33:46.543+0000] {logging_mixin.py:120} INFO - [2024-09-24T04:33:46.543+0000] {dag.py:3340} INFO - Setting next_dagrun for example_task_group_decorator to 2024-09-23T04:33:46.542797+00:00, run_after=2024-09-24T04:33:46.542797+00:00
[2024-09-24T04:33:46.571+0000] {processor.py:176} INFO - Processing /home/airflow/.local/lib/python3.7/site-packages/airflow/example_dags/example_task_group_decorator.py took 0.173 seconds
[2024-09-24T04:34:16.908+0000] {processor.py:154} INFO - Started process (PID=15759) to work on /home/airflow/.local/lib/python3.7/site-packages/airflow/example_dags/example_task_group_decorator.py
[2024-09-24T04:34:16.910+0000] {processor.py:756} INFO - Processing file /home/airflow/.local/lib/python3.7/site-packages/airflow/example_dags/example_task_group_decorator.py for tasks to queue
[2024-09-24T04:34:16.911+0000] {logging_mixin.py:120} INFO - [2024-09-24T04:34:16.911+0000] {dagbag.py:537} INFO - Filling up the DagBag from /home/airflow/.local/lib/python3.7/site-packages/airflow/example_dags/example_task_group_decorator.py
[2024-09-24T04:34:16.957+0000] {processor.py:766} INFO - DAG(s) dict_keys(['example_task_group_decorator']) retrieved from /home/airflow/.local/lib/python3.7/site-packages/airflow/example_dags/example_task_group_decorator.py
[2024-09-24T04:34:17.033+0000] {logging_mixin.py:120} INFO - [2024-09-24T04:34:17.033+0000] {dag.py:2585} INFO - Sync 1 DAGs
[2024-09-24T04:34:17.084+0000] {logging_mixin.py:120} INFO - [2024-09-24T04:34:17.084+0000] {dag.py:3340} INFO - Setting next_dagrun for example_task_group_decorator to 2024-09-23T04:34:17.084137+00:00, run_after=2024-09-24T04:34:17.084137+00:00
[2024-09-24T04:34:17.121+0000] {processor.py:176} INFO - Processing /home/airflow/.local/lib/python3.7/site-packages/airflow/example_dags/example_task_group_decorator.py took 0.218 seconds
[2024-09-24T04:34:47.216+0000] {processor.py:154} INFO - Started process (PID=15814) to work on /home/airflow/.local/lib/python3.7/site-packages/airflow/example_dags/example_task_group_decorator.py
[2024-09-24T04:34:47.218+0000] {processor.py:756} INFO - Processing file /home/airflow/.local/lib/python3.7/site-packages/airflow/example_dags/example_task_group_decorator.py for tasks to queue
[2024-09-24T04:34:47.219+0000] {logging_mixin.py:120} INFO - [2024-09-24T04:34:47.219+0000] {dagbag.py:537} INFO - Filling up the DagBag from /home/airflow/.local/lib/python3.7/site-packages/airflow/example_dags/example_task_group_decorator.py
[2024-09-24T04:34:47.265+0000] {processor.py:766} INFO - DAG(s) dict_keys(['example_task_group_decorator']) retrieved from /home/airflow/.local/lib/python3.7/site-packages/airflow/example_dags/example_task_group_decorator.py
[2024-09-24T04:34:47.336+0000] {logging_mixin.py:120} INFO - [2024-09-24T04:34:47.335+0000] {dag.py:2585} INFO - Sync 1 DAGs
[2024-09-24T04:34:47.380+0000] {logging_mixin.py:120} INFO - [2024-09-24T04:34:47.380+0000] {dag.py:3340} INFO - Setting next_dagrun for example_task_group_decorator to 2024-09-23T04:34:47.379873+00:00, run_after=2024-09-24T04:34:47.379873+00:00
[2024-09-24T04:34:47.414+0000] {processor.py:176} INFO - Processing /home/airflow/.local/lib/python3.7/site-packages/airflow/example_dags/example_task_group_decorator.py took 0.202 seconds
[2024-09-24T04:35:17.676+0000] {processor.py:154} INFO - Started process (PID=15877) to work on /home/airflow/.local/lib/python3.7/site-packages/airflow/example_dags/example_task_group_decorator.py
[2024-09-24T04:35:17.677+0000] {processor.py:756} INFO - Processing file /home/airflow/.local/lib/python3.7/site-packages/airflow/example_dags/example_task_group_decorator.py for tasks to queue
[2024-09-24T04:35:17.679+0000] {logging_mixin.py:120} INFO - [2024-09-24T04:35:17.678+0000] {dagbag.py:537} INFO - Filling up the DagBag from /home/airflow/.local/lib/python3.7/site-packages/airflow/example_dags/example_task_group_decorator.py
[2024-09-24T04:35:17.725+0000] {processor.py:766} INFO - DAG(s) dict_keys(['example_task_group_decorator']) retrieved from /home/airflow/.local/lib/python3.7/site-packages/airflow/example_dags/example_task_group_decorator.py
[2024-09-24T04:35:17.793+0000] {logging_mixin.py:120} INFO - [2024-09-24T04:35:17.792+0000] {dag.py:2585} INFO - Sync 1 DAGs
[2024-09-24T04:35:17.833+0000] {logging_mixin.py:120} INFO - [2024-09-24T04:35:17.832+0000] {dag.py:3340} INFO - Setting next_dagrun for example_task_group_decorator to 2024-09-23T04:35:17.832514+00:00, run_after=2024-09-24T04:35:17.832514+00:00
[2024-09-24T04:35:17.864+0000] {processor.py:176} INFO - Processing /home/airflow/.local/lib/python3.7/site-packages/airflow/example_dags/example_task_group_decorator.py took 0.195 seconds
[2024-09-24T04:35:47.975+0000] {processor.py:154} INFO - Started process (PID=15931) to work on /home/airflow/.local/lib/python3.7/site-packages/airflow/example_dags/example_task_group_decorator.py
[2024-09-24T04:35:47.977+0000] {processor.py:756} INFO - Processing file /home/airflow/.local/lib/python3.7/site-packages/airflow/example_dags/example_task_group_decorator.py for tasks to queue
[2024-09-24T04:35:47.978+0000] {logging_mixin.py:120} INFO - [2024-09-24T04:35:47.978+0000] {dagbag.py:537} INFO - Filling up the DagBag from /home/airflow/.local/lib/python3.7/site-packages/airflow/example_dags/example_task_group_decorator.py
[2024-09-24T04:35:48.031+0000] {processor.py:766} INFO - DAG(s) dict_keys(['example_task_group_decorator']) retrieved from /home/airflow/.local/lib/python3.7/site-packages/airflow/example_dags/example_task_group_decorator.py
[2024-09-24T04:35:48.110+0000] {logging_mixin.py:120} INFO - [2024-09-24T04:35:48.110+0000] {dag.py:2585} INFO - Sync 1 DAGs
[2024-09-24T04:35:48.169+0000] {logging_mixin.py:120} INFO - [2024-09-24T04:35:48.169+0000] {dag.py:3340} INFO - Setting next_dagrun for example_task_group_decorator to 2024-09-23T04:35:48.168892+00:00, run_after=2024-09-24T04:35:48.168892+00:00
[2024-09-24T04:35:48.211+0000] {processor.py:176} INFO - Processing /home/airflow/.local/lib/python3.7/site-packages/airflow/example_dags/example_task_group_decorator.py took 0.243 seconds
[2024-09-24T04:36:18.367+0000] {processor.py:154} INFO - Started process (PID=15994) to work on /home/airflow/.local/lib/python3.7/site-packages/airflow/example_dags/example_task_group_decorator.py
[2024-09-24T04:36:18.369+0000] {processor.py:756} INFO - Processing file /home/airflow/.local/lib/python3.7/site-packages/airflow/example_dags/example_task_group_decorator.py for tasks to queue
[2024-09-24T04:36:18.370+0000] {logging_mixin.py:120} INFO - [2024-09-24T04:36:18.370+0000] {dagbag.py:537} INFO - Filling up the DagBag from /home/airflow/.local/lib/python3.7/site-packages/airflow/example_dags/example_task_group_decorator.py
[2024-09-24T04:36:18.411+0000] {processor.py:766} INFO - DAG(s) dict_keys(['example_task_group_decorator']) retrieved from /home/airflow/.local/lib/python3.7/site-packages/airflow/example_dags/example_task_group_decorator.py
[2024-09-24T04:36:18.479+0000] {logging_mixin.py:120} INFO - [2024-09-24T04:36:18.479+0000] {dag.py:2585} INFO - Sync 1 DAGs
[2024-09-24T04:36:18.520+0000] {logging_mixin.py:120} INFO - [2024-09-24T04:36:18.520+0000] {dag.py:3340} INFO - Setting next_dagrun for example_task_group_decorator to 2024-09-23T04:36:18.519926+00:00, run_after=2024-09-24T04:36:18.519926+00:00
[2024-09-24T04:36:18.554+0000] {processor.py:176} INFO - Processing /home/airflow/.local/lib/python3.7/site-packages/airflow/example_dags/example_task_group_decorator.py took 0.192 seconds
[2024-09-24T04:36:49.486+0000] {processor.py:154} INFO - Started process (PID=16057) to work on /home/airflow/.local/lib/python3.7/site-packages/airflow/example_dags/example_task_group_decorator.py
[2024-09-24T04:36:49.487+0000] {processor.py:756} INFO - Processing file /home/airflow/.local/lib/python3.7/site-packages/airflow/example_dags/example_task_group_decorator.py for tasks to queue
[2024-09-24T04:36:49.489+0000] {logging_mixin.py:120} INFO - [2024-09-24T04:36:49.489+0000] {dagbag.py:537} INFO - Filling up the DagBag from /home/airflow/.local/lib/python3.7/site-packages/airflow/example_dags/example_task_group_decorator.py
[2024-09-24T04:36:49.531+0000] {processor.py:766} INFO - DAG(s) dict_keys(['example_task_group_decorator']) retrieved from /home/airflow/.local/lib/python3.7/site-packages/airflow/example_dags/example_task_group_decorator.py
[2024-09-24T04:36:49.603+0000] {logging_mixin.py:120} INFO - [2024-09-24T04:36:49.603+0000] {dag.py:2585} INFO - Sync 1 DAGs
[2024-09-24T04:36:49.640+0000] {logging_mixin.py:120} INFO - [2024-09-24T04:36:49.640+0000] {dag.py:3340} INFO - Setting next_dagrun for example_task_group_decorator to 2024-09-23T04:36:49.640108+00:00, run_after=2024-09-24T04:36:49.640108+00:00
[2024-09-24T04:36:49.677+0000] {processor.py:176} INFO - Processing /home/airflow/.local/lib/python3.7/site-packages/airflow/example_dags/example_task_group_decorator.py took 0.199 seconds
[2024-09-24T04:37:19.749+0000] {processor.py:154} INFO - Started process (PID=16111) to work on /home/airflow/.local/lib/python3.7/site-packages/airflow/example_dags/example_task_group_decorator.py
[2024-09-24T04:37:19.752+0000] {processor.py:756} INFO - Processing file /home/airflow/.local/lib/python3.7/site-packages/airflow/example_dags/example_task_group_decorator.py for tasks to queue
[2024-09-24T04:37:19.753+0000] {logging_mixin.py:120} INFO - [2024-09-24T04:37:19.753+0000] {dagbag.py:537} INFO - Filling up the DagBag from /home/airflow/.local/lib/python3.7/site-packages/airflow/example_dags/example_task_group_decorator.py
[2024-09-24T04:37:19.816+0000] {processor.py:766} INFO - DAG(s) dict_keys(['example_task_group_decorator']) retrieved from /home/airflow/.local/lib/python3.7/site-packages/airflow/example_dags/example_task_group_decorator.py
[2024-09-24T04:37:19.874+0000] {logging_mixin.py:120} INFO - [2024-09-24T04:37:19.874+0000] {dag.py:2585} INFO - Sync 1 DAGs
[2024-09-24T04:37:19.932+0000] {logging_mixin.py:120} INFO - [2024-09-24T04:37:19.932+0000] {dag.py:3340} INFO - Setting next_dagrun for example_task_group_decorator to 2024-09-23T04:37:19.931827+00:00, run_after=2024-09-24T04:37:19.931827+00:00
[2024-09-24T04:37:19.980+0000] {processor.py:176} INFO - Processing /home/airflow/.local/lib/python3.7/site-packages/airflow/example_dags/example_task_group_decorator.py took 0.236 seconds
[2024-09-24T04:37:58.553+0000] {processor.py:154} INFO - Started process (PID=16165) to work on /home/airflow/.local/lib/python3.7/site-packages/airflow/example_dags/example_task_group_decorator.py
[2024-09-24T04:37:58.555+0000] {processor.py:756} INFO - Processing file /home/airflow/.local/lib/python3.7/site-packages/airflow/example_dags/example_task_group_decorator.py for tasks to queue
[2024-09-24T04:37:58.556+0000] {logging_mixin.py:120} INFO - [2024-09-24T04:37:58.556+0000] {dagbag.py:537} INFO - Filling up the DagBag from /home/airflow/.local/lib/python3.7/site-packages/airflow/example_dags/example_task_group_decorator.py
[2024-09-24T04:37:58.593+0000] {processor.py:766} INFO - DAG(s) dict_keys(['example_task_group_decorator']) retrieved from /home/airflow/.local/lib/python3.7/site-packages/airflow/example_dags/example_task_group_decorator.py
[2024-09-24T04:37:58.658+0000] {logging_mixin.py:120} INFO - [2024-09-24T04:37:58.658+0000] {dag.py:2585} INFO - Sync 1 DAGs
[2024-09-24T04:37:58.693+0000] {logging_mixin.py:120} INFO - [2024-09-24T04:37:58.693+0000] {dag.py:3340} INFO - Setting next_dagrun for example_task_group_decorator to 2024-09-23T04:37:58.693319+00:00, run_after=2024-09-24T04:37:58.693319+00:00
[2024-09-24T04:37:58.724+0000] {processor.py:176} INFO - Processing /home/airflow/.local/lib/python3.7/site-packages/airflow/example_dags/example_task_group_decorator.py took 0.175 seconds
[2024-09-24T06:15:51.095+0000] {processor.py:154} INFO - Started process (PID=16195) to work on /home/airflow/.local/lib/python3.7/site-packages/airflow/example_dags/example_task_group_decorator.py
[2024-09-24T06:15:51.097+0000] {processor.py:756} INFO - Processing file /home/airflow/.local/lib/python3.7/site-packages/airflow/example_dags/example_task_group_decorator.py for tasks to queue
[2024-09-24T06:15:51.099+0000] {logging_mixin.py:120} INFO - [2024-09-24T06:15:51.099+0000] {dagbag.py:537} INFO - Filling up the DagBag from /home/airflow/.local/lib/python3.7/site-packages/airflow/example_dags/example_task_group_decorator.py
[2024-09-24T06:15:51.163+0000] {processor.py:766} INFO - DAG(s) dict_keys(['example_task_group_decorator']) retrieved from /home/airflow/.local/lib/python3.7/site-packages/airflow/example_dags/example_task_group_decorator.py
[2024-09-24T06:15:51.237+0000] {logging_mixin.py:120} INFO - [2024-09-24T06:15:51.236+0000] {dag.py:2585} INFO - Sync 1 DAGs
[2024-09-24T06:15:51.289+0000] {logging_mixin.py:120} INFO - [2024-09-24T06:15:51.289+0000] {dag.py:3340} INFO - Setting next_dagrun for example_task_group_decorator to 2024-09-23T06:15:51.288596+00:00, run_after=2024-09-24T06:15:51.288596+00:00
[2024-09-24T06:15:51.325+0000] {processor.py:176} INFO - Processing /home/airflow/.local/lib/python3.7/site-packages/airflow/example_dags/example_task_group_decorator.py took 0.238 seconds
[2024-09-24T06:30:59.511+0000] {processor.py:154} INFO - Started process (PID=16251) to work on /home/airflow/.local/lib/python3.7/site-packages/airflow/example_dags/example_task_group_decorator.py
[2024-09-24T06:30:59.514+0000] {processor.py:756} INFO - Processing file /home/airflow/.local/lib/python3.7/site-packages/airflow/example_dags/example_task_group_decorator.py for tasks to queue
[2024-09-24T06:30:59.516+0000] {logging_mixin.py:120} INFO - [2024-09-24T06:30:59.516+0000] {dagbag.py:537} INFO - Filling up the DagBag from /home/airflow/.local/lib/python3.7/site-packages/airflow/example_dags/example_task_group_decorator.py
[2024-09-24T06:30:59.570+0000] {processor.py:766} INFO - DAG(s) dict_keys(['example_task_group_decorator']) retrieved from /home/airflow/.local/lib/python3.7/site-packages/airflow/example_dags/example_task_group_decorator.py
[2024-09-24T06:30:59.643+0000] {logging_mixin.py:120} INFO - [2024-09-24T06:30:59.643+0000] {dag.py:2585} INFO - Sync 1 DAGs
[2024-09-24T06:30:59.678+0000] {logging_mixin.py:120} INFO - [2024-09-24T06:30:59.678+0000] {dag.py:3340} INFO - Setting next_dagrun for example_task_group_decorator to 2024-09-23T06:30:59.678192+00:00, run_after=2024-09-24T06:30:59.678192+00:00
[2024-09-24T06:30:59.711+0000] {processor.py:176} INFO - Processing /home/airflow/.local/lib/python3.7/site-packages/airflow/example_dags/example_task_group_decorator.py took 0.206 seconds
[2024-09-24T08:40:08.513+0000] {processor.py:154} INFO - Started process (PID=16305) to work on /home/airflow/.local/lib/python3.7/site-packages/airflow/example_dags/example_task_group_decorator.py
[2024-09-24T08:40:08.516+0000] {processor.py:756} INFO - Processing file /home/airflow/.local/lib/python3.7/site-packages/airflow/example_dags/example_task_group_decorator.py for tasks to queue
[2024-09-24T08:40:08.517+0000] {logging_mixin.py:120} INFO - [2024-09-24T08:40:08.516+0000] {dagbag.py:537} INFO - Filling up the DagBag from /home/airflow/.local/lib/python3.7/site-packages/airflow/example_dags/example_task_group_decorator.py
[2024-09-24T08:40:08.565+0000] {processor.py:766} INFO - DAG(s) dict_keys(['example_task_group_decorator']) retrieved from /home/airflow/.local/lib/python3.7/site-packages/airflow/example_dags/example_task_group_decorator.py
[2024-09-24T08:40:08.632+0000] {logging_mixin.py:120} INFO - [2024-09-24T08:40:08.632+0000] {dag.py:2585} INFO - Sync 1 DAGs
[2024-09-24T08:40:08.666+0000] {logging_mixin.py:120} INFO - [2024-09-24T08:40:08.665+0000] {dag.py:3340} INFO - Setting next_dagrun for example_task_group_decorator to 2024-09-23T08:40:08.665553+00:00, run_after=2024-09-24T08:40:08.665553+00:00
[2024-09-24T08:40:08.703+0000] {processor.py:176} INFO - Processing /home/airflow/.local/lib/python3.7/site-packages/airflow/example_dags/example_task_group_decorator.py took 0.194 seconds
[2024-09-24T11:11:15.372+0000] {processor.py:154} INFO - Started process (PID=16368) to work on /home/airflow/.local/lib/python3.7/site-packages/airflow/example_dags/example_task_group_decorator.py
[2024-09-24T11:11:15.376+0000] {processor.py:756} INFO - Processing file /home/airflow/.local/lib/python3.7/site-packages/airflow/example_dags/example_task_group_decorator.py for tasks to queue
[2024-09-24T11:11:15.378+0000] {logging_mixin.py:120} INFO - [2024-09-24T11:11:15.378+0000] {dagbag.py:537} INFO - Filling up the DagBag from /home/airflow/.local/lib/python3.7/site-packages/airflow/example_dags/example_task_group_decorator.py
[2024-09-24T11:11:15.434+0000] {processor.py:766} INFO - DAG(s) dict_keys(['example_task_group_decorator']) retrieved from /home/airflow/.local/lib/python3.7/site-packages/airflow/example_dags/example_task_group_decorator.py
[2024-09-24T11:11:17.139+0000] {logging_mixin.py:120} INFO - [2024-09-24T11:11:17.138+0000] {dag.py:2585} INFO - Sync 1 DAGs
[2024-09-24T11:11:17.283+0000] {logging_mixin.py:120} INFO - [2024-09-24T11:11:17.282+0000] {dag.py:3340} INFO - Setting next_dagrun for example_task_group_decorator to 2024-09-23T11:11:17.281214+00:00, run_after=2024-09-24T11:11:17.281214+00:00
[2024-09-24T11:11:17.347+0000] {processor.py:176} INFO - Processing /home/airflow/.local/lib/python3.7/site-packages/airflow/example_dags/example_task_group_decorator.py took 1.982 seconds
[2024-09-24T12:44:46.970+0000] {processor.py:154} INFO - Started process (PID=16431) to work on /home/airflow/.local/lib/python3.7/site-packages/airflow/example_dags/example_task_group_decorator.py
[2024-09-24T12:44:46.972+0000] {processor.py:756} INFO - Processing file /home/airflow/.local/lib/python3.7/site-packages/airflow/example_dags/example_task_group_decorator.py for tasks to queue
[2024-09-24T12:44:46.973+0000] {logging_mixin.py:120} INFO - [2024-09-24T12:44:46.972+0000] {dagbag.py:537} INFO - Filling up the DagBag from /home/airflow/.local/lib/python3.7/site-packages/airflow/example_dags/example_task_group_decorator.py
[2024-09-24T12:44:47.014+0000] {processor.py:766} INFO - DAG(s) dict_keys(['example_task_group_decorator']) retrieved from /home/airflow/.local/lib/python3.7/site-packages/airflow/example_dags/example_task_group_decorator.py
[2024-09-24T12:44:47.077+0000] {logging_mixin.py:120} INFO - [2024-09-24T12:44:47.076+0000] {dag.py:2585} INFO - Sync 1 DAGs
[2024-09-24T12:44:47.117+0000] {logging_mixin.py:120} INFO - [2024-09-24T12:44:47.116+0000] {dag.py:3340} INFO - Setting next_dagrun for example_task_group_decorator to 2024-09-23T12:44:47.116387+00:00, run_after=2024-09-24T12:44:47.116387+00:00
[2024-09-24T12:44:47.141+0000] {processor.py:176} INFO - Processing /home/airflow/.local/lib/python3.7/site-packages/airflow/example_dags/example_task_group_decorator.py took 0.176 seconds
[2024-09-24T14:24:37.682+0000] {processor.py:154} INFO - Started process (PID=16485) to work on /home/airflow/.local/lib/python3.7/site-packages/airflow/example_dags/example_task_group_decorator.py
[2024-09-24T14:24:37.684+0000] {processor.py:756} INFO - Processing file /home/airflow/.local/lib/python3.7/site-packages/airflow/example_dags/example_task_group_decorator.py for tasks to queue
[2024-09-24T14:24:37.685+0000] {logging_mixin.py:120} INFO - [2024-09-24T14:24:37.685+0000] {dagbag.py:537} INFO - Filling up the DagBag from /home/airflow/.local/lib/python3.7/site-packages/airflow/example_dags/example_task_group_decorator.py
[2024-09-24T14:24:37.732+0000] {processor.py:766} INFO - DAG(s) dict_keys(['example_task_group_decorator']) retrieved from /home/airflow/.local/lib/python3.7/site-packages/airflow/example_dags/example_task_group_decorator.py
[2024-09-24T14:24:37.792+0000] {logging_mixin.py:120} INFO - [2024-09-24T14:24:37.791+0000] {dag.py:2585} INFO - Sync 1 DAGs
[2024-09-24T14:24:37.822+0000] {logging_mixin.py:120} INFO - [2024-09-24T14:24:37.822+0000] {dag.py:3340} INFO - Setting next_dagrun for example_task_group_decorator to 2024-09-23T14:24:37.821969+00:00, run_after=2024-09-24T14:24:37.821969+00:00
[2024-09-24T14:24:37.848+0000] {processor.py:176} INFO - Processing /home/airflow/.local/lib/python3.7/site-packages/airflow/example_dags/example_task_group_decorator.py took 0.173 seconds
[2024-09-24T14:26:38.011+0000] {processor.py:154} INFO - Started process (PID=16548) to work on /home/airflow/.local/lib/python3.7/site-packages/airflow/example_dags/example_task_group_decorator.py
[2024-09-24T14:26:38.012+0000] {processor.py:756} INFO - Processing file /home/airflow/.local/lib/python3.7/site-packages/airflow/example_dags/example_task_group_decorator.py for tasks to queue
[2024-09-24T14:26:38.014+0000] {logging_mixin.py:120} INFO - [2024-09-24T14:26:38.013+0000] {dagbag.py:537} INFO - Filling up the DagBag from /home/airflow/.local/lib/python3.7/site-packages/airflow/example_dags/example_task_group_decorator.py
[2024-09-24T14:26:38.053+0000] {processor.py:766} INFO - DAG(s) dict_keys(['example_task_group_decorator']) retrieved from /home/airflow/.local/lib/python3.7/site-packages/airflow/example_dags/example_task_group_decorator.py
[2024-09-24T14:26:38.106+0000] {logging_mixin.py:120} INFO - [2024-09-24T14:26:38.106+0000] {dag.py:2585} INFO - Sync 1 DAGs
[2024-09-24T14:26:38.144+0000] {logging_mixin.py:120} INFO - [2024-09-24T14:26:38.143+0000] {dag.py:3340} INFO - Setting next_dagrun for example_task_group_decorator to 2024-09-23T14:26:38.143518+00:00, run_after=2024-09-24T14:26:38.143518+00:00
[2024-09-24T14:26:38.203+0000] {processor.py:176} INFO - Processing /home/airflow/.local/lib/python3.7/site-packages/airflow/example_dags/example_task_group_decorator.py took 0.198 seconds
[2024-09-24T15:01:00.764+0000] {processor.py:154} INFO - Started process (PID=16602) to work on /home/airflow/.local/lib/python3.7/site-packages/airflow/example_dags/example_task_group_decorator.py
[2024-09-24T15:01:00.768+0000] {processor.py:756} INFO - Processing file /home/airflow/.local/lib/python3.7/site-packages/airflow/example_dags/example_task_group_decorator.py for tasks to queue
[2024-09-24T15:01:00.770+0000] {logging_mixin.py:120} INFO - [2024-09-24T15:01:00.769+0000] {dagbag.py:537} INFO - Filling up the DagBag from /home/airflow/.local/lib/python3.7/site-packages/airflow/example_dags/example_task_group_decorator.py
[2024-09-24T15:01:00.831+0000] {processor.py:766} INFO - DAG(s) dict_keys(['example_task_group_decorator']) retrieved from /home/airflow/.local/lib/python3.7/site-packages/airflow/example_dags/example_task_group_decorator.py
[2024-09-24T15:01:00.891+0000] {logging_mixin.py:120} INFO - [2024-09-24T15:01:00.891+0000] {dag.py:2585} INFO - Sync 1 DAGs
[2024-09-24T15:01:00.927+0000] {logging_mixin.py:120} INFO - [2024-09-24T15:01:00.927+0000] {dag.py:3340} INFO - Setting next_dagrun for example_task_group_decorator to 2024-09-23T15:01:00.926763+00:00, run_after=2024-09-24T15:01:00.926763+00:00
[2024-09-24T15:01:00.957+0000] {processor.py:176} INFO - Processing /home/airflow/.local/lib/python3.7/site-packages/airflow/example_dags/example_task_group_decorator.py took 0.199 seconds
[2024-09-24T16:32:25.704+0000] {processor.py:154} INFO - Started process (PID=16665) to work on /home/airflow/.local/lib/python3.7/site-packages/airflow/example_dags/example_task_group_decorator.py
[2024-09-24T16:32:25.705+0000] {processor.py:756} INFO - Processing file /home/airflow/.local/lib/python3.7/site-packages/airflow/example_dags/example_task_group_decorator.py for tasks to queue
[2024-09-24T16:32:25.706+0000] {logging_mixin.py:120} INFO - [2024-09-24T16:32:25.706+0000] {dagbag.py:537} INFO - Filling up the DagBag from /home/airflow/.local/lib/python3.7/site-packages/airflow/example_dags/example_task_group_decorator.py
[2024-09-24T16:32:25.744+0000] {processor.py:766} INFO - DAG(s) dict_keys(['example_task_group_decorator']) retrieved from /home/airflow/.local/lib/python3.7/site-packages/airflow/example_dags/example_task_group_decorator.py
[2024-09-24T16:32:25.803+0000] {logging_mixin.py:120} INFO - [2024-09-24T16:32:25.803+0000] {dag.py:2585} INFO - Sync 1 DAGs
[2024-09-24T16:32:25.838+0000] {logging_mixin.py:120} INFO - [2024-09-24T16:32:25.838+0000] {dag.py:3340} INFO - Setting next_dagrun for example_task_group_decorator to 2024-09-23T16:32:25.837819+00:00, run_after=2024-09-24T16:32:25.837819+00:00
[2024-09-24T16:32:25.865+0000] {processor.py:176} INFO - Processing /home/airflow/.local/lib/python3.7/site-packages/airflow/example_dags/example_task_group_decorator.py took 0.167 seconds
[2024-09-24T16:38:42.511+0000] {processor.py:154} INFO - Started process (PID=16719) to work on /home/airflow/.local/lib/python3.7/site-packages/airflow/example_dags/example_task_group_decorator.py
[2024-09-24T16:38:42.521+0000] {processor.py:756} INFO - Processing file /home/airflow/.local/lib/python3.7/site-packages/airflow/example_dags/example_task_group_decorator.py for tasks to queue
[2024-09-24T16:38:42.526+0000] {logging_mixin.py:120} INFO - [2024-09-24T16:38:42.525+0000] {dagbag.py:537} INFO - Filling up the DagBag from /home/airflow/.local/lib/python3.7/site-packages/airflow/example_dags/example_task_group_decorator.py
[2024-09-24T16:38:42.759+0000] {processor.py:766} INFO - DAG(s) dict_keys(['example_task_group_decorator']) retrieved from /home/airflow/.local/lib/python3.7/site-packages/airflow/example_dags/example_task_group_decorator.py
[2024-09-24T16:38:43.098+0000] {logging_mixin.py:120} INFO - [2024-09-24T16:38:43.097+0000] {dag.py:2585} INFO - Sync 1 DAGs
[2024-09-24T16:38:43.293+0000] {logging_mixin.py:120} INFO - [2024-09-24T16:38:43.291+0000] {dag.py:3340} INFO - Setting next_dagrun for example_task_group_decorator to 2024-09-23T16:38:43.289699+00:00, run_after=2024-09-24T16:38:43.289699+00:00
[2024-09-24T16:38:43.447+0000] {processor.py:176} INFO - Processing /home/airflow/.local/lib/python3.7/site-packages/airflow/example_dags/example_task_group_decorator.py took 0.959 seconds
[2024-09-24T17:03:29.595+0000] {processor.py:154} INFO - Started process (PID=16773) to work on /home/airflow/.local/lib/python3.7/site-packages/airflow/example_dags/example_task_group_decorator.py
[2024-09-24T17:03:29.603+0000] {processor.py:756} INFO - Processing file /home/airflow/.local/lib/python3.7/site-packages/airflow/example_dags/example_task_group_decorator.py for tasks to queue
[2024-09-24T17:03:29.609+0000] {logging_mixin.py:120} INFO - [2024-09-24T17:03:29.608+0000] {dagbag.py:537} INFO - Filling up the DagBag from /home/airflow/.local/lib/python3.7/site-packages/airflow/example_dags/example_task_group_decorator.py
[2024-09-24T17:03:29.868+0000] {processor.py:766} INFO - DAG(s) dict_keys(['example_task_group_decorator']) retrieved from /home/airflow/.local/lib/python3.7/site-packages/airflow/example_dags/example_task_group_decorator.py
[2024-09-24T17:03:30.232+0000] {logging_mixin.py:120} INFO - [2024-09-24T17:03:30.231+0000] {dag.py:2585} INFO - Sync 1 DAGs
[2024-09-24T17:03:30.479+0000] {logging_mixin.py:120} INFO - [2024-09-24T17:03:30.478+0000] {dag.py:3340} INFO - Setting next_dagrun for example_task_group_decorator to 2024-09-23T17:03:30.476473+00:00, run_after=2024-09-24T17:03:30.476473+00:00
[2024-09-24T17:03:30.671+0000] {processor.py:176} INFO - Processing /home/airflow/.local/lib/python3.7/site-packages/airflow/example_dags/example_task_group_decorator.py took 1.108 seconds
[2024-09-24T17:24:19.931+0000] {processor.py:154} INFO - Started process (PID=16827) to work on /home/airflow/.local/lib/python3.7/site-packages/airflow/example_dags/example_task_group_decorator.py
[2024-09-24T17:24:19.948+0000] {processor.py:756} INFO - Processing file /home/airflow/.local/lib/python3.7/site-packages/airflow/example_dags/example_task_group_decorator.py for tasks to queue
[2024-09-24T17:24:19.962+0000] {logging_mixin.py:120} INFO - [2024-09-24T17:24:19.959+0000] {dagbag.py:537} INFO - Filling up the DagBag from /home/airflow/.local/lib/python3.7/site-packages/airflow/example_dags/example_task_group_decorator.py
[2024-09-24T17:24:20.296+0000] {processor.py:766} INFO - DAG(s) dict_keys(['example_task_group_decorator']) retrieved from /home/airflow/.local/lib/python3.7/site-packages/airflow/example_dags/example_task_group_decorator.py
[2024-09-24T17:24:20.696+0000] {logging_mixin.py:120} INFO - [2024-09-24T17:24:20.694+0000] {dag.py:2585} INFO - Sync 1 DAGs
[2024-09-24T17:24:20.954+0000] {logging_mixin.py:120} INFO - [2024-09-24T17:24:20.953+0000] {dag.py:3340} INFO - Setting next_dagrun for example_task_group_decorator to 2024-09-23T17:24:20.950342+00:00, run_after=2024-09-24T17:24:20.950342+00:00
[2024-09-24T17:24:21.157+0000] {processor.py:176} INFO - Processing /home/airflow/.local/lib/python3.7/site-packages/airflow/example_dags/example_task_group_decorator.py took 1.252 seconds
[2024-09-24T18:04:25.871+0000] {processor.py:154} INFO - Started process (PID=16881) to work on /home/airflow/.local/lib/python3.7/site-packages/airflow/example_dags/example_task_group_decorator.py
[2024-09-24T18:04:25.884+0000] {processor.py:756} INFO - Processing file /home/airflow/.local/lib/python3.7/site-packages/airflow/example_dags/example_task_group_decorator.py for tasks to queue
[2024-09-24T18:04:25.891+0000] {logging_mixin.py:120} INFO - [2024-09-24T18:04:25.890+0000] {dagbag.py:537} INFO - Filling up the DagBag from /home/airflow/.local/lib/python3.7/site-packages/airflow/example_dags/example_task_group_decorator.py
[2024-09-24T18:04:26.175+0000] {processor.py:766} INFO - DAG(s) dict_keys(['example_task_group_decorator']) retrieved from /home/airflow/.local/lib/python3.7/site-packages/airflow/example_dags/example_task_group_decorator.py
[2024-09-24T18:04:26.620+0000] {logging_mixin.py:120} INFO - [2024-09-24T18:04:26.619+0000] {dag.py:2585} INFO - Sync 1 DAGs
[2024-09-24T18:04:26.922+0000] {logging_mixin.py:120} INFO - [2024-09-24T18:04:26.921+0000] {dag.py:3340} INFO - Setting next_dagrun for example_task_group_decorator to 2024-09-23T18:04:26.918154+00:00, run_after=2024-09-24T18:04:26.918154+00:00
[2024-09-24T18:04:27.108+0000] {processor.py:176} INFO - Processing /home/airflow/.local/lib/python3.7/site-packages/airflow/example_dags/example_task_group_decorator.py took 1.269 seconds
[2024-09-24T19:05:25.084+0000] {processor.py:154} INFO - Started process (PID=16933) to work on /home/airflow/.local/lib/python3.7/site-packages/airflow/example_dags/example_task_group_decorator.py
[2024-09-24T19:05:25.095+0000] {processor.py:756} INFO - Processing file /home/airflow/.local/lib/python3.7/site-packages/airflow/example_dags/example_task_group_decorator.py for tasks to queue
[2024-09-24T19:05:25.102+0000] {logging_mixin.py:120} INFO - [2024-09-24T19:05:25.101+0000] {dagbag.py:537} INFO - Filling up the DagBag from /home/airflow/.local/lib/python3.7/site-packages/airflow/example_dags/example_task_group_decorator.py
[2024-09-24T19:05:25.419+0000] {processor.py:766} INFO - DAG(s) dict_keys(['example_task_group_decorator']) retrieved from /home/airflow/.local/lib/python3.7/site-packages/airflow/example_dags/example_task_group_decorator.py
[2024-09-24T19:05:25.874+0000] {logging_mixin.py:120} INFO - [2024-09-24T19:05:25.872+0000] {dag.py:2585} INFO - Sync 1 DAGs
[2024-09-24T19:05:26.173+0000] {logging_mixin.py:120} INFO - [2024-09-24T19:05:26.171+0000] {dag.py:3340} INFO - Setting next_dagrun for example_task_group_decorator to 2024-09-23T19:05:26.169921+00:00, run_after=2024-09-24T19:05:26.169921+00:00
[2024-09-24T19:05:26.355+0000] {processor.py:176} INFO - Processing /home/airflow/.local/lib/python3.7/site-packages/airflow/example_dags/example_task_group_decorator.py took 1.305 seconds
[2024-09-24T20:06:30.333+0000] {processor.py:154} INFO - Started process (PID=16980) to work on /home/airflow/.local/lib/python3.7/site-packages/airflow/example_dags/example_task_group_decorator.py
[2024-09-24T20:06:30.343+0000] {processor.py:756} INFO - Processing file /home/airflow/.local/lib/python3.7/site-packages/airflow/example_dags/example_task_group_decorator.py for tasks to queue
[2024-09-24T20:06:30.354+0000] {logging_mixin.py:120} INFO - [2024-09-24T20:06:30.352+0000] {dagbag.py:537} INFO - Filling up the DagBag from /home/airflow/.local/lib/python3.7/site-packages/airflow/example_dags/example_task_group_decorator.py
[2024-09-24T20:06:30.596+0000] {processor.py:766} INFO - DAG(s) dict_keys(['example_task_group_decorator']) retrieved from /home/airflow/.local/lib/python3.7/site-packages/airflow/example_dags/example_task_group_decorator.py
[2024-09-24T20:06:30.941+0000] {logging_mixin.py:120} INFO - [2024-09-24T20:06:30.940+0000] {dag.py:2585} INFO - Sync 1 DAGs
[2024-09-24T20:06:31.139+0000] {logging_mixin.py:120} INFO - [2024-09-24T20:06:31.138+0000] {dag.py:3340} INFO - Setting next_dagrun for example_task_group_decorator to 2024-09-23T20:06:31.136682+00:00, run_after=2024-09-24T20:06:31.136682+00:00
[2024-09-24T20:06:31.316+0000] {processor.py:176} INFO - Processing /home/airflow/.local/lib/python3.7/site-packages/airflow/example_dags/example_task_group_decorator.py took 1.009 seconds
[2024-09-24T22:08:20.867+0000] {processor.py:154} INFO - Started process (PID=17034) to work on /home/airflow/.local/lib/python3.7/site-packages/airflow/example_dags/example_task_group_decorator.py
[2024-09-24T22:08:20.870+0000] {processor.py:756} INFO - Processing file /home/airflow/.local/lib/python3.7/site-packages/airflow/example_dags/example_task_group_decorator.py for tasks to queue
[2024-09-24T22:08:20.872+0000] {logging_mixin.py:120} INFO - [2024-09-24T22:08:20.872+0000] {dagbag.py:537} INFO - Filling up the DagBag from /home/airflow/.local/lib/python3.7/site-packages/airflow/example_dags/example_task_group_decorator.py
[2024-09-24T22:08:20.930+0000] {processor.py:766} INFO - DAG(s) dict_keys(['example_task_group_decorator']) retrieved from /home/airflow/.local/lib/python3.7/site-packages/airflow/example_dags/example_task_group_decorator.py
[2024-09-24T22:08:20.997+0000] {logging_mixin.py:120} INFO - [2024-09-24T22:08:20.997+0000] {dag.py:2585} INFO - Sync 1 DAGs
[2024-09-24T22:08:21.030+0000] {logging_mixin.py:120} INFO - [2024-09-24T22:08:21.030+0000] {dag.py:3340} INFO - Setting next_dagrun for example_task_group_decorator to 2024-09-23T22:08:21.030133+00:00, run_after=2024-09-24T22:08:21.030133+00:00
[2024-09-24T22:08:21.066+0000] {processor.py:176} INFO - Processing /home/airflow/.local/lib/python3.7/site-packages/airflow/example_dags/example_task_group_decorator.py took 0.206 seconds
