[2024-09-24T01:38:13.812+0000] {processor.py:154} INFO - Started process (PID=13853) to work on /home/airflow/.local/lib/python3.7/site-packages/airflow/example_dags/example_trigger_controller_dag.py
[2024-09-24T01:38:13.818+0000] {processor.py:756} INFO - Processing file /home/airflow/.local/lib/python3.7/site-packages/airflow/example_dags/example_trigger_controller_dag.py for tasks to queue
[2024-09-24T01:38:13.819+0000] {logging_mixin.py:120} INFO - [2024-09-24T01:38:13.819+0000] {dagbag.py:537} INFO - Filling up the DagBag from /home/airflow/.local/lib/python3.7/site-packages/airflow/example_dags/example_trigger_controller_dag.py
[2024-09-24T01:38:13.848+0000] {processor.py:766} INFO - DAG(s) dict_keys(['example_trigger_controller_dag']) retrieved from /home/airflow/.local/lib/python3.7/site-packages/airflow/example_dags/example_trigger_controller_dag.py
[2024-09-24T01:38:13.939+0000] {logging_mixin.py:120} INFO - [2024-09-24T01:38:13.939+0000] {dag.py:2585} INFO - Sync 1 DAGs
[2024-09-24T01:38:14.006+0000] {logging_mixin.py:120} INFO - [2024-09-24T01:38:14.005+0000] {dag.py:3340} INFO - Setting next_dagrun for example_trigger_controller_dag to 2021-01-01T00:00:00+00:00, run_after=2021-01-01T00:00:00+00:00
[2024-09-24T01:38:14.056+0000] {processor.py:176} INFO - Processing /home/airflow/.local/lib/python3.7/site-packages/airflow/example_dags/example_trigger_controller_dag.py took 0.251 seconds
[2024-09-24T01:41:37.872+0000] {processor.py:154} INFO - Started process (PID=13907) to work on /home/airflow/.local/lib/python3.7/site-packages/airflow/example_dags/example_trigger_controller_dag.py
[2024-09-24T01:41:37.876+0000] {processor.py:756} INFO - Processing file /home/airflow/.local/lib/python3.7/site-packages/airflow/example_dags/example_trigger_controller_dag.py for tasks to queue
[2024-09-24T01:41:37.878+0000] {logging_mixin.py:120} INFO - [2024-09-24T01:41:37.878+0000] {dagbag.py:537} INFO - Filling up the DagBag from /home/airflow/.local/lib/python3.7/site-packages/airflow/example_dags/example_trigger_controller_dag.py
[2024-09-24T01:41:37.909+0000] {processor.py:766} INFO - DAG(s) dict_keys(['example_trigger_controller_dag']) retrieved from /home/airflow/.local/lib/python3.7/site-packages/airflow/example_dags/example_trigger_controller_dag.py
[2024-09-24T01:41:38.015+0000] {logging_mixin.py:120} INFO - [2024-09-24T01:41:38.015+0000] {dag.py:2585} INFO - Sync 1 DAGs
[2024-09-24T01:41:38.080+0000] {logging_mixin.py:120} INFO - [2024-09-24T01:41:38.079+0000] {dag.py:3340} INFO - Setting next_dagrun for example_trigger_controller_dag to 2021-01-01T00:00:00+00:00, run_after=2021-01-01T00:00:00+00:00
[2024-09-24T01:41:38.133+0000] {processor.py:176} INFO - Processing /home/airflow/.local/lib/python3.7/site-packages/airflow/example_dags/example_trigger_controller_dag.py took 0.270 seconds
[2024-09-24T03:27:53.045+0000] {processor.py:154} INFO - Started process (PID=13970) to work on /home/airflow/.local/lib/python3.7/site-packages/airflow/example_dags/example_trigger_controller_dag.py
[2024-09-24T03:27:53.083+0000] {processor.py:756} INFO - Processing file /home/airflow/.local/lib/python3.7/site-packages/airflow/example_dags/example_trigger_controller_dag.py for tasks to queue
[2024-09-24T03:27:53.086+0000] {logging_mixin.py:120} INFO - [2024-09-24T03:27:53.085+0000] {dagbag.py:537} INFO - Filling up the DagBag from /home/airflow/.local/lib/python3.7/site-packages/airflow/example_dags/example_trigger_controller_dag.py
[2024-09-24T03:27:53.121+0000] {processor.py:766} INFO - DAG(s) dict_keys(['example_trigger_controller_dag']) retrieved from /home/airflow/.local/lib/python3.7/site-packages/airflow/example_dags/example_trigger_controller_dag.py
[2024-09-24T03:27:53.229+0000] {logging_mixin.py:120} INFO - [2024-09-24T03:27:53.229+0000] {dag.py:2585} INFO - Sync 1 DAGs
[2024-09-24T03:27:53.297+0000] {logging_mixin.py:120} INFO - [2024-09-24T03:27:53.296+0000] {dag.py:3340} INFO - Setting next_dagrun for example_trigger_controller_dag to 2021-01-01T00:00:00+00:00, run_after=2021-01-01T00:00:00+00:00
[2024-09-24T03:27:53.340+0000] {processor.py:176} INFO - Processing /home/airflow/.local/lib/python3.7/site-packages/airflow/example_dags/example_trigger_controller_dag.py took 0.303 seconds
[2024-09-24T04:19:28.196+0000] {processor.py:154} INFO - Started process (PID=14024) to work on /home/airflow/.local/lib/python3.7/site-packages/airflow/example_dags/example_trigger_controller_dag.py
[2024-09-24T04:19:28.206+0000] {processor.py:756} INFO - Processing file /home/airflow/.local/lib/python3.7/site-packages/airflow/example_dags/example_trigger_controller_dag.py for tasks to queue
[2024-09-24T04:19:28.209+0000] {logging_mixin.py:120} INFO - [2024-09-24T04:19:28.208+0000] {dagbag.py:537} INFO - Filling up the DagBag from /home/airflow/.local/lib/python3.7/site-packages/airflow/example_dags/example_trigger_controller_dag.py
[2024-09-24T04:19:28.252+0000] {processor.py:766} INFO - DAG(s) dict_keys(['example_trigger_controller_dag']) retrieved from /home/airflow/.local/lib/python3.7/site-packages/airflow/example_dags/example_trigger_controller_dag.py
[2024-09-24T04:19:28.413+0000] {logging_mixin.py:120} INFO - [2024-09-24T04:19:28.412+0000] {dag.py:2585} INFO - Sync 1 DAGs
[2024-09-24T04:19:28.512+0000] {logging_mixin.py:120} INFO - [2024-09-24T04:19:28.511+0000] {dag.py:3340} INFO - Setting next_dagrun for example_trigger_controller_dag to 2021-01-01T00:00:00+00:00, run_after=2021-01-01T00:00:00+00:00
[2024-09-24T04:19:28.613+0000] {processor.py:176} INFO - Processing /home/airflow/.local/lib/python3.7/site-packages/airflow/example_dags/example_trigger_controller_dag.py took 0.429 seconds
[2024-09-24T04:19:59.186+0000] {processor.py:154} INFO - Started process (PID=14078) to work on /home/airflow/.local/lib/python3.7/site-packages/airflow/example_dags/example_trigger_controller_dag.py
[2024-09-24T04:19:59.190+0000] {processor.py:756} INFO - Processing file /home/airflow/.local/lib/python3.7/site-packages/airflow/example_dags/example_trigger_controller_dag.py for tasks to queue
[2024-09-24T04:19:59.192+0000] {logging_mixin.py:120} INFO - [2024-09-24T04:19:59.192+0000] {dagbag.py:537} INFO - Filling up the DagBag from /home/airflow/.local/lib/python3.7/site-packages/airflow/example_dags/example_trigger_controller_dag.py
[2024-09-24T04:19:59.207+0000] {processor.py:766} INFO - DAG(s) dict_keys(['example_trigger_controller_dag']) retrieved from /home/airflow/.local/lib/python3.7/site-packages/airflow/example_dags/example_trigger_controller_dag.py
[2024-09-24T04:19:59.260+0000] {logging_mixin.py:120} INFO - [2024-09-24T04:19:59.260+0000] {dag.py:2585} INFO - Sync 1 DAGs
[2024-09-24T04:19:59.302+0000] {logging_mixin.py:120} INFO - [2024-09-24T04:19:59.302+0000] {dag.py:3340} INFO - Setting next_dagrun for example_trigger_controller_dag to 2021-01-01T00:00:00+00:00, run_after=2021-01-01T00:00:00+00:00
[2024-09-24T04:19:59.354+0000] {processor.py:176} INFO - Processing /home/airflow/.local/lib/python3.7/site-packages/airflow/example_dags/example_trigger_controller_dag.py took 0.172 seconds
[2024-09-24T04:20:30.038+0000] {processor.py:154} INFO - Started process (PID=14140) to work on /home/airflow/.local/lib/python3.7/site-packages/airflow/example_dags/example_trigger_controller_dag.py
[2024-09-24T04:20:30.039+0000] {processor.py:756} INFO - Processing file /home/airflow/.local/lib/python3.7/site-packages/airflow/example_dags/example_trigger_controller_dag.py for tasks to queue
[2024-09-24T04:20:30.042+0000] {logging_mixin.py:120} INFO - [2024-09-24T04:20:30.041+0000] {dagbag.py:537} INFO - Filling up the DagBag from /home/airflow/.local/lib/python3.7/site-packages/airflow/example_dags/example_trigger_controller_dag.py
[2024-09-24T04:20:30.057+0000] {processor.py:766} INFO - DAG(s) dict_keys(['example_trigger_controller_dag']) retrieved from /home/airflow/.local/lib/python3.7/site-packages/airflow/example_dags/example_trigger_controller_dag.py
[2024-09-24T04:20:30.112+0000] {logging_mixin.py:120} INFO - [2024-09-24T04:20:30.112+0000] {dag.py:2585} INFO - Sync 1 DAGs
[2024-09-24T04:20:30.145+0000] {logging_mixin.py:120} INFO - [2024-09-24T04:20:30.144+0000] {dag.py:3340} INFO - Setting next_dagrun for example_trigger_controller_dag to 2021-01-01T00:00:00+00:00, run_after=2021-01-01T00:00:00+00:00
[2024-09-24T04:20:30.173+0000] {processor.py:176} INFO - Processing /home/airflow/.local/lib/python3.7/site-packages/airflow/example_dags/example_trigger_controller_dag.py took 0.139 seconds
[2024-09-24T04:21:00.437+0000] {processor.py:154} INFO - Started process (PID=14203) to work on /home/airflow/.local/lib/python3.7/site-packages/airflow/example_dags/example_trigger_controller_dag.py
[2024-09-24T04:21:00.440+0000] {processor.py:756} INFO - Processing file /home/airflow/.local/lib/python3.7/site-packages/airflow/example_dags/example_trigger_controller_dag.py for tasks to queue
[2024-09-24T04:21:00.442+0000] {logging_mixin.py:120} INFO - [2024-09-24T04:21:00.442+0000] {dagbag.py:537} INFO - Filling up the DagBag from /home/airflow/.local/lib/python3.7/site-packages/airflow/example_dags/example_trigger_controller_dag.py
[2024-09-24T04:21:00.456+0000] {processor.py:766} INFO - DAG(s) dict_keys(['example_trigger_controller_dag']) retrieved from /home/airflow/.local/lib/python3.7/site-packages/airflow/example_dags/example_trigger_controller_dag.py
[2024-09-24T04:21:00.513+0000] {logging_mixin.py:120} INFO - [2024-09-24T04:21:00.512+0000] {dag.py:2585} INFO - Sync 1 DAGs
[2024-09-24T04:21:00.544+0000] {logging_mixin.py:120} INFO - [2024-09-24T04:21:00.544+0000] {dag.py:3340} INFO - Setting next_dagrun for example_trigger_controller_dag to 2021-01-01T00:00:00+00:00, run_after=2021-01-01T00:00:00+00:00
[2024-09-24T04:21:00.570+0000] {processor.py:176} INFO - Processing /home/airflow/.local/lib/python3.7/site-packages/airflow/example_dags/example_trigger_controller_dag.py took 0.137 seconds
[2024-09-24T04:21:30.917+0000] {processor.py:154} INFO - Started process (PID=14257) to work on /home/airflow/.local/lib/python3.7/site-packages/airflow/example_dags/example_trigger_controller_dag.py
[2024-09-24T04:21:30.919+0000] {processor.py:756} INFO - Processing file /home/airflow/.local/lib/python3.7/site-packages/airflow/example_dags/example_trigger_controller_dag.py for tasks to queue
[2024-09-24T04:21:30.920+0000] {logging_mixin.py:120} INFO - [2024-09-24T04:21:30.920+0000] {dagbag.py:537} INFO - Filling up the DagBag from /home/airflow/.local/lib/python3.7/site-packages/airflow/example_dags/example_trigger_controller_dag.py
[2024-09-24T04:21:30.936+0000] {processor.py:766} INFO - DAG(s) dict_keys(['example_trigger_controller_dag']) retrieved from /home/airflow/.local/lib/python3.7/site-packages/airflow/example_dags/example_trigger_controller_dag.py
[2024-09-24T04:21:30.992+0000] {logging_mixin.py:120} INFO - [2024-09-24T04:21:30.992+0000] {dag.py:2585} INFO - Sync 1 DAGs
[2024-09-24T04:21:31.025+0000] {logging_mixin.py:120} INFO - [2024-09-24T04:21:31.025+0000] {dag.py:3340} INFO - Setting next_dagrun for example_trigger_controller_dag to 2021-01-01T00:00:00+00:00, run_after=2021-01-01T00:00:00+00:00
[2024-09-24T04:21:31.058+0000] {processor.py:176} INFO - Processing /home/airflow/.local/lib/python3.7/site-packages/airflow/example_dags/example_trigger_controller_dag.py took 0.145 seconds
[2024-09-24T04:22:01.273+0000] {processor.py:154} INFO - Started process (PID=14321) to work on /home/airflow/.local/lib/python3.7/site-packages/airflow/example_dags/example_trigger_controller_dag.py
[2024-09-24T04:22:01.275+0000] {processor.py:756} INFO - Processing file /home/airflow/.local/lib/python3.7/site-packages/airflow/example_dags/example_trigger_controller_dag.py for tasks to queue
[2024-09-24T04:22:01.276+0000] {logging_mixin.py:120} INFO - [2024-09-24T04:22:01.276+0000] {dagbag.py:537} INFO - Filling up the DagBag from /home/airflow/.local/lib/python3.7/site-packages/airflow/example_dags/example_trigger_controller_dag.py
[2024-09-24T04:22:01.291+0000] {processor.py:766} INFO - DAG(s) dict_keys(['example_trigger_controller_dag']) retrieved from /home/airflow/.local/lib/python3.7/site-packages/airflow/example_dags/example_trigger_controller_dag.py
[2024-09-24T04:22:01.341+0000] {logging_mixin.py:120} INFO - [2024-09-24T04:22:01.340+0000] {dag.py:2585} INFO - Sync 1 DAGs
[2024-09-24T04:22:01.372+0000] {logging_mixin.py:120} INFO - [2024-09-24T04:22:01.372+0000] {dag.py:3340} INFO - Setting next_dagrun for example_trigger_controller_dag to 2021-01-01T00:00:00+00:00, run_after=2021-01-01T00:00:00+00:00
[2024-09-24T04:22:01.394+0000] {processor.py:176} INFO - Processing /home/airflow/.local/lib/python3.7/site-packages/airflow/example_dags/example_trigger_controller_dag.py took 0.125 seconds
[2024-09-24T04:22:32.184+0000] {processor.py:154} INFO - Started process (PID=14384) to work on /home/airflow/.local/lib/python3.7/site-packages/airflow/example_dags/example_trigger_controller_dag.py
[2024-09-24T04:22:32.186+0000] {processor.py:756} INFO - Processing file /home/airflow/.local/lib/python3.7/site-packages/airflow/example_dags/example_trigger_controller_dag.py for tasks to queue
[2024-09-24T04:22:32.186+0000] {logging_mixin.py:120} INFO - [2024-09-24T04:22:32.186+0000] {dagbag.py:537} INFO - Filling up the DagBag from /home/airflow/.local/lib/python3.7/site-packages/airflow/example_dags/example_trigger_controller_dag.py
[2024-09-24T04:22:32.202+0000] {processor.py:766} INFO - DAG(s) dict_keys(['example_trigger_controller_dag']) retrieved from /home/airflow/.local/lib/python3.7/site-packages/airflow/example_dags/example_trigger_controller_dag.py
[2024-09-24T04:22:32.250+0000] {logging_mixin.py:120} INFO - [2024-09-24T04:22:32.250+0000] {dag.py:2585} INFO - Sync 1 DAGs
[2024-09-24T04:22:32.282+0000] {logging_mixin.py:120} INFO - [2024-09-24T04:22:32.282+0000] {dag.py:3340} INFO - Setting next_dagrun for example_trigger_controller_dag to 2021-01-01T00:00:00+00:00, run_after=2021-01-01T00:00:00+00:00
[2024-09-24T04:22:32.304+0000] {processor.py:176} INFO - Processing /home/airflow/.local/lib/python3.7/site-packages/airflow/example_dags/example_trigger_controller_dag.py took 0.124 seconds
[2024-09-24T04:23:03.171+0000] {processor.py:154} INFO - Started process (PID=14438) to work on /home/airflow/.local/lib/python3.7/site-packages/airflow/example_dags/example_trigger_controller_dag.py
[2024-09-24T04:23:03.172+0000] {processor.py:756} INFO - Processing file /home/airflow/.local/lib/python3.7/site-packages/airflow/example_dags/example_trigger_controller_dag.py for tasks to queue
[2024-09-24T04:23:03.173+0000] {logging_mixin.py:120} INFO - [2024-09-24T04:23:03.173+0000] {dagbag.py:537} INFO - Filling up the DagBag from /home/airflow/.local/lib/python3.7/site-packages/airflow/example_dags/example_trigger_controller_dag.py
[2024-09-24T04:23:03.187+0000] {processor.py:766} INFO - DAG(s) dict_keys(['example_trigger_controller_dag']) retrieved from /home/airflow/.local/lib/python3.7/site-packages/airflow/example_dags/example_trigger_controller_dag.py
[2024-09-24T04:23:03.245+0000] {logging_mixin.py:120} INFO - [2024-09-24T04:23:03.244+0000] {dag.py:2585} INFO - Sync 1 DAGs
[2024-09-24T04:23:03.276+0000] {logging_mixin.py:120} INFO - [2024-09-24T04:23:03.275+0000] {dag.py:3340} INFO - Setting next_dagrun for example_trigger_controller_dag to 2021-01-01T00:00:00+00:00, run_after=2021-01-01T00:00:00+00:00
[2024-09-24T04:23:03.299+0000] {processor.py:176} INFO - Processing /home/airflow/.local/lib/python3.7/site-packages/airflow/example_dags/example_trigger_controller_dag.py took 0.133 seconds
[2024-09-24T04:23:33.370+0000] {processor.py:154} INFO - Started process (PID=14501) to work on /home/airflow/.local/lib/python3.7/site-packages/airflow/example_dags/example_trigger_controller_dag.py
[2024-09-24T04:23:33.371+0000] {processor.py:756} INFO - Processing file /home/airflow/.local/lib/python3.7/site-packages/airflow/example_dags/example_trigger_controller_dag.py for tasks to queue
[2024-09-24T04:23:33.372+0000] {logging_mixin.py:120} INFO - [2024-09-24T04:23:33.372+0000] {dagbag.py:537} INFO - Filling up the DagBag from /home/airflow/.local/lib/python3.7/site-packages/airflow/example_dags/example_trigger_controller_dag.py
[2024-09-24T04:23:33.388+0000] {processor.py:766} INFO - DAG(s) dict_keys(['example_trigger_controller_dag']) retrieved from /home/airflow/.local/lib/python3.7/site-packages/airflow/example_dags/example_trigger_controller_dag.py
[2024-09-24T04:23:33.445+0000] {logging_mixin.py:120} INFO - [2024-09-24T04:23:33.445+0000] {dag.py:2585} INFO - Sync 1 DAGs
[2024-09-24T04:23:33.479+0000] {logging_mixin.py:120} INFO - [2024-09-24T04:23:33.479+0000] {dag.py:3340} INFO - Setting next_dagrun for example_trigger_controller_dag to 2021-01-01T00:00:00+00:00, run_after=2021-01-01T00:00:00+00:00
[2024-09-24T04:23:33.508+0000] {processor.py:176} INFO - Processing /home/airflow/.local/lib/python3.7/site-packages/airflow/example_dags/example_trigger_controller_dag.py took 0.143 seconds
[2024-09-24T04:24:03.696+0000] {processor.py:154} INFO - Started process (PID=14563) to work on /home/airflow/.local/lib/python3.7/site-packages/airflow/example_dags/example_trigger_controller_dag.py
[2024-09-24T04:24:03.697+0000] {processor.py:756} INFO - Processing file /home/airflow/.local/lib/python3.7/site-packages/airflow/example_dags/example_trigger_controller_dag.py for tasks to queue
[2024-09-24T04:24:03.698+0000] {logging_mixin.py:120} INFO - [2024-09-24T04:24:03.698+0000] {dagbag.py:537} INFO - Filling up the DagBag from /home/airflow/.local/lib/python3.7/site-packages/airflow/example_dags/example_trigger_controller_dag.py
[2024-09-24T04:24:03.713+0000] {processor.py:766} INFO - DAG(s) dict_keys(['example_trigger_controller_dag']) retrieved from /home/airflow/.local/lib/python3.7/site-packages/airflow/example_dags/example_trigger_controller_dag.py
[2024-09-24T04:24:03.776+0000] {logging_mixin.py:120} INFO - [2024-09-24T04:24:03.776+0000] {dag.py:2585} INFO - Sync 1 DAGs
[2024-09-24T04:24:03.812+0000] {logging_mixin.py:120} INFO - [2024-09-24T04:24:03.812+0000] {dag.py:3340} INFO - Setting next_dagrun for example_trigger_controller_dag to 2021-01-01T00:00:00+00:00, run_after=2021-01-01T00:00:00+00:00
[2024-09-24T04:24:03.841+0000] {processor.py:176} INFO - Processing /home/airflow/.local/lib/python3.7/site-packages/airflow/example_dags/example_trigger_controller_dag.py took 0.151 seconds
[2024-09-24T04:24:34.597+0000] {processor.py:154} INFO - Started process (PID=14617) to work on /home/airflow/.local/lib/python3.7/site-packages/airflow/example_dags/example_trigger_controller_dag.py
[2024-09-24T04:24:34.598+0000] {processor.py:756} INFO - Processing file /home/airflow/.local/lib/python3.7/site-packages/airflow/example_dags/example_trigger_controller_dag.py for tasks to queue
[2024-09-24T04:24:34.598+0000] {logging_mixin.py:120} INFO - [2024-09-24T04:24:34.598+0000] {dagbag.py:537} INFO - Filling up the DagBag from /home/airflow/.local/lib/python3.7/site-packages/airflow/example_dags/example_trigger_controller_dag.py
[2024-09-24T04:24:34.611+0000] {processor.py:766} INFO - DAG(s) dict_keys(['example_trigger_controller_dag']) retrieved from /home/airflow/.local/lib/python3.7/site-packages/airflow/example_dags/example_trigger_controller_dag.py
[2024-09-24T04:24:34.661+0000] {logging_mixin.py:120} INFO - [2024-09-24T04:24:34.660+0000] {dag.py:2585} INFO - Sync 1 DAGs
[2024-09-24T04:24:34.693+0000] {logging_mixin.py:120} INFO - [2024-09-24T04:24:34.692+0000] {dag.py:3340} INFO - Setting next_dagrun for example_trigger_controller_dag to 2021-01-01T00:00:00+00:00, run_after=2021-01-01T00:00:00+00:00
[2024-09-24T04:24:34.721+0000] {processor.py:176} INFO - Processing /home/airflow/.local/lib/python3.7/site-packages/airflow/example_dags/example_trigger_controller_dag.py took 0.128 seconds
[2024-09-24T04:25:04.807+0000] {processor.py:154} INFO - Started process (PID=14680) to work on /home/airflow/.local/lib/python3.7/site-packages/airflow/example_dags/example_trigger_controller_dag.py
[2024-09-24T04:25:04.808+0000] {processor.py:756} INFO - Processing file /home/airflow/.local/lib/python3.7/site-packages/airflow/example_dags/example_trigger_controller_dag.py for tasks to queue
[2024-09-24T04:25:04.809+0000] {logging_mixin.py:120} INFO - [2024-09-24T04:25:04.809+0000] {dagbag.py:537} INFO - Filling up the DagBag from /home/airflow/.local/lib/python3.7/site-packages/airflow/example_dags/example_trigger_controller_dag.py
[2024-09-24T04:25:04.827+0000] {processor.py:766} INFO - DAG(s) dict_keys(['example_trigger_controller_dag']) retrieved from /home/airflow/.local/lib/python3.7/site-packages/airflow/example_dags/example_trigger_controller_dag.py
[2024-09-24T04:25:04.881+0000] {logging_mixin.py:120} INFO - [2024-09-24T04:25:04.881+0000] {dag.py:2585} INFO - Sync 1 DAGs
[2024-09-24T04:25:04.914+0000] {logging_mixin.py:120} INFO - [2024-09-24T04:25:04.914+0000] {dag.py:3340} INFO - Setting next_dagrun for example_trigger_controller_dag to 2021-01-01T00:00:00+00:00, run_after=2021-01-01T00:00:00+00:00
[2024-09-24T04:25:04.938+0000] {processor.py:176} INFO - Processing /home/airflow/.local/lib/python3.7/site-packages/airflow/example_dags/example_trigger_controller_dag.py took 0.136 seconds
[2024-09-24T04:25:35.140+0000] {processor.py:154} INFO - Started process (PID=14742) to work on /home/airflow/.local/lib/python3.7/site-packages/airflow/example_dags/example_trigger_controller_dag.py
[2024-09-24T04:25:35.142+0000] {processor.py:756} INFO - Processing file /home/airflow/.local/lib/python3.7/site-packages/airflow/example_dags/example_trigger_controller_dag.py for tasks to queue
[2024-09-24T04:25:35.143+0000] {logging_mixin.py:120} INFO - [2024-09-24T04:25:35.143+0000] {dagbag.py:537} INFO - Filling up the DagBag from /home/airflow/.local/lib/python3.7/site-packages/airflow/example_dags/example_trigger_controller_dag.py
[2024-09-24T04:25:35.159+0000] {processor.py:766} INFO - DAG(s) dict_keys(['example_trigger_controller_dag']) retrieved from /home/airflow/.local/lib/python3.7/site-packages/airflow/example_dags/example_trigger_controller_dag.py
[2024-09-24T04:25:35.218+0000] {logging_mixin.py:120} INFO - [2024-09-24T04:25:35.218+0000] {dag.py:2585} INFO - Sync 1 DAGs
[2024-09-24T04:25:35.252+0000] {logging_mixin.py:120} INFO - [2024-09-24T04:25:35.252+0000] {dag.py:3340} INFO - Setting next_dagrun for example_trigger_controller_dag to 2021-01-01T00:00:00+00:00, run_after=2021-01-01T00:00:00+00:00
[2024-09-24T04:25:35.284+0000] {processor.py:176} INFO - Processing /home/airflow/.local/lib/python3.7/site-packages/airflow/example_dags/example_trigger_controller_dag.py took 0.148 seconds
[2024-09-24T04:26:05.485+0000] {processor.py:154} INFO - Started process (PID=14796) to work on /home/airflow/.local/lib/python3.7/site-packages/airflow/example_dags/example_trigger_controller_dag.py
[2024-09-24T04:26:05.487+0000] {processor.py:756} INFO - Processing file /home/airflow/.local/lib/python3.7/site-packages/airflow/example_dags/example_trigger_controller_dag.py for tasks to queue
[2024-09-24T04:26:05.488+0000] {logging_mixin.py:120} INFO - [2024-09-24T04:26:05.488+0000] {dagbag.py:537} INFO - Filling up the DagBag from /home/airflow/.local/lib/python3.7/site-packages/airflow/example_dags/example_trigger_controller_dag.py
[2024-09-24T04:26:05.505+0000] {processor.py:766} INFO - DAG(s) dict_keys(['example_trigger_controller_dag']) retrieved from /home/airflow/.local/lib/python3.7/site-packages/airflow/example_dags/example_trigger_controller_dag.py
[2024-09-24T04:26:05.573+0000] {logging_mixin.py:120} INFO - [2024-09-24T04:26:05.573+0000] {dag.py:2585} INFO - Sync 1 DAGs
[2024-09-24T04:26:05.612+0000] {logging_mixin.py:120} INFO - [2024-09-24T04:26:05.612+0000] {dag.py:3340} INFO - Setting next_dagrun for example_trigger_controller_dag to 2021-01-01T00:00:00+00:00, run_after=2021-01-01T00:00:00+00:00
[2024-09-24T04:26:05.643+0000] {processor.py:176} INFO - Processing /home/airflow/.local/lib/python3.7/site-packages/airflow/example_dags/example_trigger_controller_dag.py took 0.162 seconds
[2024-09-24T04:26:36.467+0000] {processor.py:154} INFO - Started process (PID=14858) to work on /home/airflow/.local/lib/python3.7/site-packages/airflow/example_dags/example_trigger_controller_dag.py
[2024-09-24T04:26:36.468+0000] {processor.py:756} INFO - Processing file /home/airflow/.local/lib/python3.7/site-packages/airflow/example_dags/example_trigger_controller_dag.py for tasks to queue
[2024-09-24T04:26:36.469+0000] {logging_mixin.py:120} INFO - [2024-09-24T04:26:36.469+0000] {dagbag.py:537} INFO - Filling up the DagBag from /home/airflow/.local/lib/python3.7/site-packages/airflow/example_dags/example_trigger_controller_dag.py
[2024-09-24T04:26:36.484+0000] {processor.py:766} INFO - DAG(s) dict_keys(['example_trigger_controller_dag']) retrieved from /home/airflow/.local/lib/python3.7/site-packages/airflow/example_dags/example_trigger_controller_dag.py
[2024-09-24T04:26:36.536+0000] {logging_mixin.py:120} INFO - [2024-09-24T04:26:36.536+0000] {dag.py:2585} INFO - Sync 1 DAGs
[2024-09-24T04:26:36.567+0000] {logging_mixin.py:120} INFO - [2024-09-24T04:26:36.567+0000] {dag.py:3340} INFO - Setting next_dagrun for example_trigger_controller_dag to 2021-01-01T00:00:00+00:00, run_after=2021-01-01T00:00:00+00:00
[2024-09-24T04:26:36.590+0000] {processor.py:176} INFO - Processing /home/airflow/.local/lib/python3.7/site-packages/airflow/example_dags/example_trigger_controller_dag.py took 0.127 seconds
[2024-09-24T04:27:07.105+0000] {processor.py:154} INFO - Started process (PID=14921) to work on /home/airflow/.local/lib/python3.7/site-packages/airflow/example_dags/example_trigger_controller_dag.py
[2024-09-24T04:27:07.107+0000] {processor.py:756} INFO - Processing file /home/airflow/.local/lib/python3.7/site-packages/airflow/example_dags/example_trigger_controller_dag.py for tasks to queue
[2024-09-24T04:27:07.108+0000] {logging_mixin.py:120} INFO - [2024-09-24T04:27:07.107+0000] {dagbag.py:537} INFO - Filling up the DagBag from /home/airflow/.local/lib/python3.7/site-packages/airflow/example_dags/example_trigger_controller_dag.py
[2024-09-24T04:27:07.125+0000] {processor.py:766} INFO - DAG(s) dict_keys(['example_trigger_controller_dag']) retrieved from /home/airflow/.local/lib/python3.7/site-packages/airflow/example_dags/example_trigger_controller_dag.py
[2024-09-24T04:27:07.190+0000] {logging_mixin.py:120} INFO - [2024-09-24T04:27:07.189+0000] {dag.py:2585} INFO - Sync 1 DAGs
[2024-09-24T04:27:07.226+0000] {logging_mixin.py:120} INFO - [2024-09-24T04:27:07.226+0000] {dag.py:3340} INFO - Setting next_dagrun for example_trigger_controller_dag to 2021-01-01T00:00:00+00:00, run_after=2021-01-01T00:00:00+00:00
[2024-09-24T04:27:07.258+0000] {processor.py:176} INFO - Processing /home/airflow/.local/lib/python3.7/site-packages/airflow/example_dags/example_trigger_controller_dag.py took 0.158 seconds
[2024-09-24T04:27:37.976+0000] {processor.py:154} INFO - Started process (PID=14981) to work on /home/airflow/.local/lib/python3.7/site-packages/airflow/example_dags/example_trigger_controller_dag.py
[2024-09-24T04:27:37.977+0000] {processor.py:756} INFO - Processing file /home/airflow/.local/lib/python3.7/site-packages/airflow/example_dags/example_trigger_controller_dag.py for tasks to queue
[2024-09-24T04:27:37.980+0000] {logging_mixin.py:120} INFO - [2024-09-24T04:27:37.980+0000] {dagbag.py:537} INFO - Filling up the DagBag from /home/airflow/.local/lib/python3.7/site-packages/airflow/example_dags/example_trigger_controller_dag.py
[2024-09-24T04:27:37.994+0000] {processor.py:766} INFO - DAG(s) dict_keys(['example_trigger_controller_dag']) retrieved from /home/airflow/.local/lib/python3.7/site-packages/airflow/example_dags/example_trigger_controller_dag.py
[2024-09-24T04:27:38.046+0000] {logging_mixin.py:120} INFO - [2024-09-24T04:27:38.045+0000] {dag.py:2585} INFO - Sync 1 DAGs
[2024-09-24T04:27:38.076+0000] {logging_mixin.py:120} INFO - [2024-09-24T04:27:38.076+0000] {dag.py:3340} INFO - Setting next_dagrun for example_trigger_controller_dag to 2021-01-01T00:00:00+00:00, run_after=2021-01-01T00:00:00+00:00
[2024-09-24T04:27:38.102+0000] {processor.py:176} INFO - Processing /home/airflow/.local/lib/python3.7/site-packages/airflow/example_dags/example_trigger_controller_dag.py took 0.130 seconds
[2024-09-24T04:28:08.149+0000] {processor.py:154} INFO - Started process (PID=15037) to work on /home/airflow/.local/lib/python3.7/site-packages/airflow/example_dags/example_trigger_controller_dag.py
[2024-09-24T04:28:08.151+0000] {processor.py:756} INFO - Processing file /home/airflow/.local/lib/python3.7/site-packages/airflow/example_dags/example_trigger_controller_dag.py for tasks to queue
[2024-09-24T04:28:08.152+0000] {logging_mixin.py:120} INFO - [2024-09-24T04:28:08.152+0000] {dagbag.py:537} INFO - Filling up the DagBag from /home/airflow/.local/lib/python3.7/site-packages/airflow/example_dags/example_trigger_controller_dag.py
[2024-09-24T04:28:08.167+0000] {processor.py:766} INFO - DAG(s) dict_keys(['example_trigger_controller_dag']) retrieved from /home/airflow/.local/lib/python3.7/site-packages/airflow/example_dags/example_trigger_controller_dag.py
[2024-09-24T04:28:08.220+0000] {logging_mixin.py:120} INFO - [2024-09-24T04:28:08.220+0000] {dag.py:2585} INFO - Sync 1 DAGs
[2024-09-24T04:28:08.252+0000] {logging_mixin.py:120} INFO - [2024-09-24T04:28:08.252+0000] {dag.py:3340} INFO - Setting next_dagrun for example_trigger_controller_dag to 2021-01-01T00:00:00+00:00, run_after=2021-01-01T00:00:00+00:00
[2024-09-24T04:28:08.275+0000] {processor.py:176} INFO - Processing /home/airflow/.local/lib/python3.7/site-packages/airflow/example_dags/example_trigger_controller_dag.py took 0.131 seconds
[2024-09-24T04:28:38.459+0000] {processor.py:154} INFO - Started process (PID=15100) to work on /home/airflow/.local/lib/python3.7/site-packages/airflow/example_dags/example_trigger_controller_dag.py
[2024-09-24T04:28:38.461+0000] {processor.py:756} INFO - Processing file /home/airflow/.local/lib/python3.7/site-packages/airflow/example_dags/example_trigger_controller_dag.py for tasks to queue
[2024-09-24T04:28:38.462+0000] {logging_mixin.py:120} INFO - [2024-09-24T04:28:38.462+0000] {dagbag.py:537} INFO - Filling up the DagBag from /home/airflow/.local/lib/python3.7/site-packages/airflow/example_dags/example_trigger_controller_dag.py
[2024-09-24T04:28:38.477+0000] {processor.py:766} INFO - DAG(s) dict_keys(['example_trigger_controller_dag']) retrieved from /home/airflow/.local/lib/python3.7/site-packages/airflow/example_dags/example_trigger_controller_dag.py
[2024-09-24T04:28:38.530+0000] {logging_mixin.py:120} INFO - [2024-09-24T04:28:38.529+0000] {dag.py:2585} INFO - Sync 1 DAGs
[2024-09-24T04:28:38.561+0000] {logging_mixin.py:120} INFO - [2024-09-24T04:28:38.561+0000] {dag.py:3340} INFO - Setting next_dagrun for example_trigger_controller_dag to 2021-01-01T00:00:00+00:00, run_after=2021-01-01T00:00:00+00:00
[2024-09-24T04:28:38.584+0000] {processor.py:176} INFO - Processing /home/airflow/.local/lib/python3.7/site-packages/airflow/example_dags/example_trigger_controller_dag.py took 0.130 seconds
[2024-09-24T04:29:09.059+0000] {processor.py:154} INFO - Started process (PID=15163) to work on /home/airflow/.local/lib/python3.7/site-packages/airflow/example_dags/example_trigger_controller_dag.py
[2024-09-24T04:29:09.060+0000] {processor.py:756} INFO - Processing file /home/airflow/.local/lib/python3.7/site-packages/airflow/example_dags/example_trigger_controller_dag.py for tasks to queue
[2024-09-24T04:29:09.061+0000] {logging_mixin.py:120} INFO - [2024-09-24T04:29:09.061+0000] {dagbag.py:537} INFO - Filling up the DagBag from /home/airflow/.local/lib/python3.7/site-packages/airflow/example_dags/example_trigger_controller_dag.py
[2024-09-24T04:29:09.079+0000] {processor.py:766} INFO - DAG(s) dict_keys(['example_trigger_controller_dag']) retrieved from /home/airflow/.local/lib/python3.7/site-packages/airflow/example_dags/example_trigger_controller_dag.py
[2024-09-24T04:29:09.141+0000] {logging_mixin.py:120} INFO - [2024-09-24T04:29:09.140+0000] {dag.py:2585} INFO - Sync 1 DAGs
[2024-09-24T04:29:09.179+0000] {logging_mixin.py:120} INFO - [2024-09-24T04:29:09.178+0000] {dag.py:3340} INFO - Setting next_dagrun for example_trigger_controller_dag to 2021-01-01T00:00:00+00:00, run_after=2021-01-01T00:00:00+00:00
[2024-09-24T04:29:09.204+0000] {processor.py:176} INFO - Processing /home/airflow/.local/lib/python3.7/site-packages/airflow/example_dags/example_trigger_controller_dag.py took 0.150 seconds
[2024-09-24T04:29:39.976+0000] {processor.py:154} INFO - Started process (PID=15217) to work on /home/airflow/.local/lib/python3.7/site-packages/airflow/example_dags/example_trigger_controller_dag.py
[2024-09-24T04:29:39.977+0000] {processor.py:756} INFO - Processing file /home/airflow/.local/lib/python3.7/site-packages/airflow/example_dags/example_trigger_controller_dag.py for tasks to queue
[2024-09-24T04:29:39.978+0000] {logging_mixin.py:120} INFO - [2024-09-24T04:29:39.978+0000] {dagbag.py:537} INFO - Filling up the DagBag from /home/airflow/.local/lib/python3.7/site-packages/airflow/example_dags/example_trigger_controller_dag.py
[2024-09-24T04:29:39.996+0000] {processor.py:766} INFO - DAG(s) dict_keys(['example_trigger_controller_dag']) retrieved from /home/airflow/.local/lib/python3.7/site-packages/airflow/example_dags/example_trigger_controller_dag.py
[2024-09-24T04:29:40.057+0000] {logging_mixin.py:120} INFO - [2024-09-24T04:29:40.056+0000] {dag.py:2585} INFO - Sync 1 DAGs
[2024-09-24T04:29:40.090+0000] {logging_mixin.py:120} INFO - [2024-09-24T04:29:40.090+0000] {dag.py:3340} INFO - Setting next_dagrun for example_trigger_controller_dag to 2021-01-01T00:00:00+00:00, run_after=2021-01-01T00:00:00+00:00
[2024-09-24T04:29:40.114+0000] {processor.py:176} INFO - Processing /home/airflow/.local/lib/python3.7/site-packages/airflow/example_dags/example_trigger_controller_dag.py took 0.143 seconds
[2024-09-24T04:30:10.802+0000] {processor.py:154} INFO - Started process (PID=15280) to work on /home/airflow/.local/lib/python3.7/site-packages/airflow/example_dags/example_trigger_controller_dag.py
[2024-09-24T04:30:10.804+0000] {processor.py:756} INFO - Processing file /home/airflow/.local/lib/python3.7/site-packages/airflow/example_dags/example_trigger_controller_dag.py for tasks to queue
[2024-09-24T04:30:10.804+0000] {logging_mixin.py:120} INFO - [2024-09-24T04:30:10.804+0000] {dagbag.py:537} INFO - Filling up the DagBag from /home/airflow/.local/lib/python3.7/site-packages/airflow/example_dags/example_trigger_controller_dag.py
[2024-09-24T04:30:10.819+0000] {processor.py:766} INFO - DAG(s) dict_keys(['example_trigger_controller_dag']) retrieved from /home/airflow/.local/lib/python3.7/site-packages/airflow/example_dags/example_trigger_controller_dag.py
[2024-09-24T04:30:10.873+0000] {logging_mixin.py:120} INFO - [2024-09-24T04:30:10.872+0000] {dag.py:2585} INFO - Sync 1 DAGs
[2024-09-24T04:30:10.909+0000] {logging_mixin.py:120} INFO - [2024-09-24T04:30:10.908+0000] {dag.py:3340} INFO - Setting next_dagrun for example_trigger_controller_dag to 2021-01-01T00:00:00+00:00, run_after=2021-01-01T00:00:00+00:00
[2024-09-24T04:30:10.935+0000] {processor.py:176} INFO - Processing /home/airflow/.local/lib/python3.7/site-packages/airflow/example_dags/example_trigger_controller_dag.py took 0.137 seconds
[2024-09-24T04:30:41.118+0000] {processor.py:154} INFO - Started process (PID=15343) to work on /home/airflow/.local/lib/python3.7/site-packages/airflow/example_dags/example_trigger_controller_dag.py
[2024-09-24T04:30:41.120+0000] {processor.py:756} INFO - Processing file /home/airflow/.local/lib/python3.7/site-packages/airflow/example_dags/example_trigger_controller_dag.py for tasks to queue
[2024-09-24T04:30:41.121+0000] {logging_mixin.py:120} INFO - [2024-09-24T04:30:41.121+0000] {dagbag.py:537} INFO - Filling up the DagBag from /home/airflow/.local/lib/python3.7/site-packages/airflow/example_dags/example_trigger_controller_dag.py
[2024-09-24T04:30:41.138+0000] {processor.py:766} INFO - DAG(s) dict_keys(['example_trigger_controller_dag']) retrieved from /home/airflow/.local/lib/python3.7/site-packages/airflow/example_dags/example_trigger_controller_dag.py
[2024-09-24T04:30:41.197+0000] {logging_mixin.py:120} INFO - [2024-09-24T04:30:41.196+0000] {dag.py:2585} INFO - Sync 1 DAGs
[2024-09-24T04:30:41.234+0000] {logging_mixin.py:120} INFO - [2024-09-24T04:30:41.233+0000] {dag.py:3340} INFO - Setting next_dagrun for example_trigger_controller_dag to 2021-01-01T00:00:00+00:00, run_after=2021-01-01T00:00:00+00:00
[2024-09-24T04:30:41.263+0000] {processor.py:176} INFO - Processing /home/airflow/.local/lib/python3.7/site-packages/airflow/example_dags/example_trigger_controller_dag.py took 0.149 seconds
[2024-09-24T04:31:11.406+0000] {processor.py:154} INFO - Started process (PID=15397) to work on /home/airflow/.local/lib/python3.7/site-packages/airflow/example_dags/example_trigger_controller_dag.py
[2024-09-24T04:31:11.409+0000] {processor.py:756} INFO - Processing file /home/airflow/.local/lib/python3.7/site-packages/airflow/example_dags/example_trigger_controller_dag.py for tasks to queue
[2024-09-24T04:31:11.412+0000] {logging_mixin.py:120} INFO - [2024-09-24T04:31:11.412+0000] {dagbag.py:537} INFO - Filling up the DagBag from /home/airflow/.local/lib/python3.7/site-packages/airflow/example_dags/example_trigger_controller_dag.py
[2024-09-24T04:31:11.439+0000] {processor.py:766} INFO - DAG(s) dict_keys(['example_trigger_controller_dag']) retrieved from /home/airflow/.local/lib/python3.7/site-packages/airflow/example_dags/example_trigger_controller_dag.py
[2024-09-24T04:31:11.513+0000] {logging_mixin.py:120} INFO - [2024-09-24T04:31:11.512+0000] {dag.py:2585} INFO - Sync 1 DAGs
[2024-09-24T04:31:11.554+0000] {logging_mixin.py:120} INFO - [2024-09-24T04:31:11.554+0000] {dag.py:3340} INFO - Setting next_dagrun for example_trigger_controller_dag to 2021-01-01T00:00:00+00:00, run_after=2021-01-01T00:00:00+00:00
[2024-09-24T04:31:11.587+0000] {processor.py:176} INFO - Processing /home/airflow/.local/lib/python3.7/site-packages/airflow/example_dags/example_trigger_controller_dag.py took 0.188 seconds
[2024-09-24T04:31:42.067+0000] {processor.py:154} INFO - Started process (PID=15460) to work on /home/airflow/.local/lib/python3.7/site-packages/airflow/example_dags/example_trigger_controller_dag.py
[2024-09-24T04:31:42.070+0000] {processor.py:756} INFO - Processing file /home/airflow/.local/lib/python3.7/site-packages/airflow/example_dags/example_trigger_controller_dag.py for tasks to queue
[2024-09-24T04:31:42.072+0000] {logging_mixin.py:120} INFO - [2024-09-24T04:31:42.072+0000] {dagbag.py:537} INFO - Filling up the DagBag from /home/airflow/.local/lib/python3.7/site-packages/airflow/example_dags/example_trigger_controller_dag.py
[2024-09-24T04:31:42.088+0000] {processor.py:766} INFO - DAG(s) dict_keys(['example_trigger_controller_dag']) retrieved from /home/airflow/.local/lib/python3.7/site-packages/airflow/example_dags/example_trigger_controller_dag.py
[2024-09-24T04:31:42.152+0000] {logging_mixin.py:120} INFO - [2024-09-24T04:31:42.151+0000] {dag.py:2585} INFO - Sync 1 DAGs
[2024-09-24T04:31:42.189+0000] {logging_mixin.py:120} INFO - [2024-09-24T04:31:42.189+0000] {dag.py:3340} INFO - Setting next_dagrun for example_trigger_controller_dag to 2021-01-01T00:00:00+00:00, run_after=2021-01-01T00:00:00+00:00
[2024-09-24T04:31:42.219+0000] {processor.py:176} INFO - Processing /home/airflow/.local/lib/python3.7/site-packages/airflow/example_dags/example_trigger_controller_dag.py took 0.158 seconds
[2024-09-24T04:32:13.117+0000] {processor.py:154} INFO - Started process (PID=15514) to work on /home/airflow/.local/lib/python3.7/site-packages/airflow/example_dags/example_trigger_controller_dag.py
[2024-09-24T04:32:13.118+0000] {processor.py:756} INFO - Processing file /home/airflow/.local/lib/python3.7/site-packages/airflow/example_dags/example_trigger_controller_dag.py for tasks to queue
[2024-09-24T04:32:13.120+0000] {logging_mixin.py:120} INFO - [2024-09-24T04:32:13.119+0000] {dagbag.py:537} INFO - Filling up the DagBag from /home/airflow/.local/lib/python3.7/site-packages/airflow/example_dags/example_trigger_controller_dag.py
[2024-09-24T04:32:13.140+0000] {processor.py:766} INFO - DAG(s) dict_keys(['example_trigger_controller_dag']) retrieved from /home/airflow/.local/lib/python3.7/site-packages/airflow/example_dags/example_trigger_controller_dag.py
[2024-09-24T04:32:13.208+0000] {logging_mixin.py:120} INFO - [2024-09-24T04:32:13.207+0000] {dag.py:2585} INFO - Sync 1 DAGs
[2024-09-24T04:32:13.245+0000] {logging_mixin.py:120} INFO - [2024-09-24T04:32:13.245+0000] {dag.py:3340} INFO - Setting next_dagrun for example_trigger_controller_dag to 2021-01-01T00:00:00+00:00, run_after=2021-01-01T00:00:00+00:00
[2024-09-24T04:32:13.273+0000] {processor.py:176} INFO - Processing /home/airflow/.local/lib/python3.7/site-packages/airflow/example_dags/example_trigger_controller_dag.py took 0.163 seconds
[2024-09-24T04:32:44.070+0000] {processor.py:154} INFO - Started process (PID=15577) to work on /home/airflow/.local/lib/python3.7/site-packages/airflow/example_dags/example_trigger_controller_dag.py
[2024-09-24T04:32:44.071+0000] {processor.py:756} INFO - Processing file /home/airflow/.local/lib/python3.7/site-packages/airflow/example_dags/example_trigger_controller_dag.py for tasks to queue
[2024-09-24T04:32:44.072+0000] {logging_mixin.py:120} INFO - [2024-09-24T04:32:44.072+0000] {dagbag.py:537} INFO - Filling up the DagBag from /home/airflow/.local/lib/python3.7/site-packages/airflow/example_dags/example_trigger_controller_dag.py
[2024-09-24T04:32:44.089+0000] {processor.py:766} INFO - DAG(s) dict_keys(['example_trigger_controller_dag']) retrieved from /home/airflow/.local/lib/python3.7/site-packages/airflow/example_dags/example_trigger_controller_dag.py
[2024-09-24T04:32:44.148+0000] {logging_mixin.py:120} INFO - [2024-09-24T04:32:44.148+0000] {dag.py:2585} INFO - Sync 1 DAGs
[2024-09-24T04:32:44.189+0000] {logging_mixin.py:120} INFO - [2024-09-24T04:32:44.189+0000] {dag.py:3340} INFO - Setting next_dagrun for example_trigger_controller_dag to 2021-01-01T00:00:00+00:00, run_after=2021-01-01T00:00:00+00:00
[2024-09-24T04:32:44.221+0000] {processor.py:176} INFO - Processing /home/airflow/.local/lib/python3.7/site-packages/airflow/example_dags/example_trigger_controller_dag.py took 0.156 seconds
[2024-09-24T04:33:14.956+0000] {processor.py:154} INFO - Started process (PID=15640) to work on /home/airflow/.local/lib/python3.7/site-packages/airflow/example_dags/example_trigger_controller_dag.py
[2024-09-24T04:33:14.958+0000] {processor.py:756} INFO - Processing file /home/airflow/.local/lib/python3.7/site-packages/airflow/example_dags/example_trigger_controller_dag.py for tasks to queue
[2024-09-24T04:33:14.959+0000] {logging_mixin.py:120} INFO - [2024-09-24T04:33:14.959+0000] {dagbag.py:537} INFO - Filling up the DagBag from /home/airflow/.local/lib/python3.7/site-packages/airflow/example_dags/example_trigger_controller_dag.py
[2024-09-24T04:33:14.976+0000] {processor.py:766} INFO - DAG(s) dict_keys(['example_trigger_controller_dag']) retrieved from /home/airflow/.local/lib/python3.7/site-packages/airflow/example_dags/example_trigger_controller_dag.py
[2024-09-24T04:33:15.037+0000] {logging_mixin.py:120} INFO - [2024-09-24T04:33:15.037+0000] {dag.py:2585} INFO - Sync 1 DAGs
[2024-09-24T04:33:15.073+0000] {logging_mixin.py:120} INFO - [2024-09-24T04:33:15.073+0000] {dag.py:3340} INFO - Setting next_dagrun for example_trigger_controller_dag to 2021-01-01T00:00:00+00:00, run_after=2021-01-01T00:00:00+00:00
[2024-09-24T04:33:15.101+0000] {processor.py:176} INFO - Processing /home/airflow/.local/lib/python3.7/site-packages/airflow/example_dags/example_trigger_controller_dag.py took 0.149 seconds
[2024-09-24T04:33:45.220+0000] {processor.py:154} INFO - Started process (PID=15694) to work on /home/airflow/.local/lib/python3.7/site-packages/airflow/example_dags/example_trigger_controller_dag.py
[2024-09-24T04:33:45.222+0000] {processor.py:756} INFO - Processing file /home/airflow/.local/lib/python3.7/site-packages/airflow/example_dags/example_trigger_controller_dag.py for tasks to queue
[2024-09-24T04:33:45.223+0000] {logging_mixin.py:120} INFO - [2024-09-24T04:33:45.223+0000] {dagbag.py:537} INFO - Filling up the DagBag from /home/airflow/.local/lib/python3.7/site-packages/airflow/example_dags/example_trigger_controller_dag.py
[2024-09-24T04:33:45.239+0000] {processor.py:766} INFO - DAG(s) dict_keys(['example_trigger_controller_dag']) retrieved from /home/airflow/.local/lib/python3.7/site-packages/airflow/example_dags/example_trigger_controller_dag.py
[2024-09-24T04:33:45.299+0000] {logging_mixin.py:120} INFO - [2024-09-24T04:33:45.299+0000] {dag.py:2585} INFO - Sync 1 DAGs
[2024-09-24T04:33:45.338+0000] {logging_mixin.py:120} INFO - [2024-09-24T04:33:45.338+0000] {dag.py:3340} INFO - Setting next_dagrun for example_trigger_controller_dag to 2021-01-01T00:00:00+00:00, run_after=2021-01-01T00:00:00+00:00
[2024-09-24T04:33:45.366+0000] {processor.py:176} INFO - Processing /home/airflow/.local/lib/python3.7/site-packages/airflow/example_dags/example_trigger_controller_dag.py took 0.150 seconds
[2024-09-24T04:34:15.809+0000] {processor.py:154} INFO - Started process (PID=15757) to work on /home/airflow/.local/lib/python3.7/site-packages/airflow/example_dags/example_trigger_controller_dag.py
[2024-09-24T04:34:15.812+0000] {processor.py:756} INFO - Processing file /home/airflow/.local/lib/python3.7/site-packages/airflow/example_dags/example_trigger_controller_dag.py for tasks to queue
[2024-09-24T04:34:15.814+0000] {logging_mixin.py:120} INFO - [2024-09-24T04:34:15.814+0000] {dagbag.py:537} INFO - Filling up the DagBag from /home/airflow/.local/lib/python3.7/site-packages/airflow/example_dags/example_trigger_controller_dag.py
[2024-09-24T04:34:15.834+0000] {processor.py:766} INFO - DAG(s) dict_keys(['example_trigger_controller_dag']) retrieved from /home/airflow/.local/lib/python3.7/site-packages/airflow/example_dags/example_trigger_controller_dag.py
[2024-09-24T04:34:15.899+0000] {logging_mixin.py:120} INFO - [2024-09-24T04:34:15.899+0000] {dag.py:2585} INFO - Sync 1 DAGs
[2024-09-24T04:34:15.937+0000] {logging_mixin.py:120} INFO - [2024-09-24T04:34:15.937+0000] {dag.py:3340} INFO - Setting next_dagrun for example_trigger_controller_dag to 2021-01-01T00:00:00+00:00, run_after=2021-01-01T00:00:00+00:00
[2024-09-24T04:34:15.965+0000] {processor.py:176} INFO - Processing /home/airflow/.local/lib/python3.7/site-packages/airflow/example_dags/example_trigger_controller_dag.py took 0.162 seconds
[2024-09-24T04:34:45.998+0000] {processor.py:154} INFO - Started process (PID=15812) to work on /home/airflow/.local/lib/python3.7/site-packages/airflow/example_dags/example_trigger_controller_dag.py
[2024-09-24T04:34:46.001+0000] {processor.py:756} INFO - Processing file /home/airflow/.local/lib/python3.7/site-packages/airflow/example_dags/example_trigger_controller_dag.py for tasks to queue
[2024-09-24T04:34:46.002+0000] {logging_mixin.py:120} INFO - [2024-09-24T04:34:46.002+0000] {dagbag.py:537} INFO - Filling up the DagBag from /home/airflow/.local/lib/python3.7/site-packages/airflow/example_dags/example_trigger_controller_dag.py
[2024-09-24T04:34:46.022+0000] {processor.py:766} INFO - DAG(s) dict_keys(['example_trigger_controller_dag']) retrieved from /home/airflow/.local/lib/python3.7/site-packages/airflow/example_dags/example_trigger_controller_dag.py
[2024-09-24T04:34:46.094+0000] {logging_mixin.py:120} INFO - [2024-09-24T04:34:46.094+0000] {dag.py:2585} INFO - Sync 1 DAGs
[2024-09-24T04:34:46.134+0000] {logging_mixin.py:120} INFO - [2024-09-24T04:34:46.134+0000] {dag.py:3340} INFO - Setting next_dagrun for example_trigger_controller_dag to 2021-01-01T00:00:00+00:00, run_after=2021-01-01T00:00:00+00:00
[2024-09-24T04:34:46.169+0000] {processor.py:176} INFO - Processing /home/airflow/.local/lib/python3.7/site-packages/airflow/example_dags/example_trigger_controller_dag.py took 0.176 seconds
[2024-09-24T04:35:16.451+0000] {processor.py:154} INFO - Started process (PID=15875) to work on /home/airflow/.local/lib/python3.7/site-packages/airflow/example_dags/example_trigger_controller_dag.py
[2024-09-24T04:35:16.453+0000] {processor.py:756} INFO - Processing file /home/airflow/.local/lib/python3.7/site-packages/airflow/example_dags/example_trigger_controller_dag.py for tasks to queue
[2024-09-24T04:35:16.457+0000] {logging_mixin.py:120} INFO - [2024-09-24T04:35:16.457+0000] {dagbag.py:537} INFO - Filling up the DagBag from /home/airflow/.local/lib/python3.7/site-packages/airflow/example_dags/example_trigger_controller_dag.py
[2024-09-24T04:35:16.476+0000] {processor.py:766} INFO - DAG(s) dict_keys(['example_trigger_controller_dag']) retrieved from /home/airflow/.local/lib/python3.7/site-packages/airflow/example_dags/example_trigger_controller_dag.py
[2024-09-24T04:35:16.547+0000] {logging_mixin.py:120} INFO - [2024-09-24T04:35:16.547+0000] {dag.py:2585} INFO - Sync 1 DAGs
[2024-09-24T04:35:16.591+0000] {logging_mixin.py:120} INFO - [2024-09-24T04:35:16.591+0000] {dag.py:3340} INFO - Setting next_dagrun for example_trigger_controller_dag to 2021-01-01T00:00:00+00:00, run_after=2021-01-01T00:00:00+00:00
[2024-09-24T04:35:16.629+0000] {processor.py:176} INFO - Processing /home/airflow/.local/lib/python3.7/site-packages/airflow/example_dags/example_trigger_controller_dag.py took 0.183 seconds
[2024-09-24T04:35:46.956+0000] {processor.py:154} INFO - Started process (PID=15929) to work on /home/airflow/.local/lib/python3.7/site-packages/airflow/example_dags/example_trigger_controller_dag.py
[2024-09-24T04:35:46.957+0000] {processor.py:756} INFO - Processing file /home/airflow/.local/lib/python3.7/site-packages/airflow/example_dags/example_trigger_controller_dag.py for tasks to queue
[2024-09-24T04:35:46.958+0000] {logging_mixin.py:120} INFO - [2024-09-24T04:35:46.958+0000] {dagbag.py:537} INFO - Filling up the DagBag from /home/airflow/.local/lib/python3.7/site-packages/airflow/example_dags/example_trigger_controller_dag.py
[2024-09-24T04:35:46.977+0000] {processor.py:766} INFO - DAG(s) dict_keys(['example_trigger_controller_dag']) retrieved from /home/airflow/.local/lib/python3.7/site-packages/airflow/example_dags/example_trigger_controller_dag.py
[2024-09-24T04:35:47.046+0000] {logging_mixin.py:120} INFO - [2024-09-24T04:35:47.046+0000] {dag.py:2585} INFO - Sync 1 DAGs
[2024-09-24T04:35:47.089+0000] {logging_mixin.py:120} INFO - [2024-09-24T04:35:47.089+0000] {dag.py:3340} INFO - Setting next_dagrun for example_trigger_controller_dag to 2021-01-01T00:00:00+00:00, run_after=2021-01-01T00:00:00+00:00
[2024-09-24T04:35:47.124+0000] {processor.py:176} INFO - Processing /home/airflow/.local/lib/python3.7/site-packages/airflow/example_dags/example_trigger_controller_dag.py took 0.174 seconds
[2024-09-24T04:36:17.167+0000] {processor.py:154} INFO - Started process (PID=15991) to work on /home/airflow/.local/lib/python3.7/site-packages/airflow/example_dags/example_trigger_controller_dag.py
[2024-09-24T04:36:17.169+0000] {processor.py:756} INFO - Processing file /home/airflow/.local/lib/python3.7/site-packages/airflow/example_dags/example_trigger_controller_dag.py for tasks to queue
[2024-09-24T04:36:17.171+0000] {logging_mixin.py:120} INFO - [2024-09-24T04:36:17.170+0000] {dagbag.py:537} INFO - Filling up the DagBag from /home/airflow/.local/lib/python3.7/site-packages/airflow/example_dags/example_trigger_controller_dag.py
[2024-09-24T04:36:17.188+0000] {processor.py:766} INFO - DAG(s) dict_keys(['example_trigger_controller_dag']) retrieved from /home/airflow/.local/lib/python3.7/site-packages/airflow/example_dags/example_trigger_controller_dag.py
[2024-09-24T04:36:17.249+0000] {logging_mixin.py:120} INFO - [2024-09-24T04:36:17.249+0000] {dag.py:2585} INFO - Sync 1 DAGs
[2024-09-24T04:36:17.291+0000] {logging_mixin.py:120} INFO - [2024-09-24T04:36:17.290+0000] {dag.py:3340} INFO - Setting next_dagrun for example_trigger_controller_dag to 2021-01-01T00:00:00+00:00, run_after=2021-01-01T00:00:00+00:00
[2024-09-24T04:36:17.320+0000] {processor.py:176} INFO - Processing /home/airflow/.local/lib/python3.7/site-packages/airflow/example_dags/example_trigger_controller_dag.py took 0.159 seconds
[2024-09-24T04:36:48.269+0000] {processor.py:154} INFO - Started process (PID=16053) to work on /home/airflow/.local/lib/python3.7/site-packages/airflow/example_dags/example_trigger_controller_dag.py
[2024-09-24T04:36:48.272+0000] {processor.py:756} INFO - Processing file /home/airflow/.local/lib/python3.7/site-packages/airflow/example_dags/example_trigger_controller_dag.py for tasks to queue
[2024-09-24T04:36:48.274+0000] {logging_mixin.py:120} INFO - [2024-09-24T04:36:48.273+0000] {dagbag.py:537} INFO - Filling up the DagBag from /home/airflow/.local/lib/python3.7/site-packages/airflow/example_dags/example_trigger_controller_dag.py
[2024-09-24T04:36:48.294+0000] {processor.py:766} INFO - DAG(s) dict_keys(['example_trigger_controller_dag']) retrieved from /home/airflow/.local/lib/python3.7/site-packages/airflow/example_dags/example_trigger_controller_dag.py
[2024-09-24T04:36:48.369+0000] {logging_mixin.py:120} INFO - [2024-09-24T04:36:48.369+0000] {dag.py:2585} INFO - Sync 1 DAGs
[2024-09-24T04:36:48.412+0000] {logging_mixin.py:120} INFO - [2024-09-24T04:36:48.412+0000] {dag.py:3340} INFO - Setting next_dagrun for example_trigger_controller_dag to 2021-01-01T00:00:00+00:00, run_after=2021-01-01T00:00:00+00:00
[2024-09-24T04:36:48.445+0000] {processor.py:176} INFO - Processing /home/airflow/.local/lib/python3.7/site-packages/airflow/example_dags/example_trigger_controller_dag.py took 0.182 seconds
[2024-09-24T04:37:18.727+0000] {processor.py:154} INFO - Started process (PID=16109) to work on /home/airflow/.local/lib/python3.7/site-packages/airflow/example_dags/example_trigger_controller_dag.py
[2024-09-24T04:37:18.730+0000] {processor.py:756} INFO - Processing file /home/airflow/.local/lib/python3.7/site-packages/airflow/example_dags/example_trigger_controller_dag.py for tasks to queue
[2024-09-24T04:37:18.734+0000] {logging_mixin.py:120} INFO - [2024-09-24T04:37:18.733+0000] {dagbag.py:537} INFO - Filling up the DagBag from /home/airflow/.local/lib/python3.7/site-packages/airflow/example_dags/example_trigger_controller_dag.py
[2024-09-24T04:37:18.764+0000] {processor.py:766} INFO - DAG(s) dict_keys(['example_trigger_controller_dag']) retrieved from /home/airflow/.local/lib/python3.7/site-packages/airflow/example_dags/example_trigger_controller_dag.py
[2024-09-24T04:37:18.847+0000] {logging_mixin.py:120} INFO - [2024-09-24T04:37:18.846+0000] {dag.py:2585} INFO - Sync 1 DAGs
[2024-09-24T04:37:18.881+0000] {logging_mixin.py:120} INFO - [2024-09-24T04:37:18.881+0000] {dag.py:3340} INFO - Setting next_dagrun for example_trigger_controller_dag to 2021-01-01T00:00:00+00:00, run_after=2021-01-01T00:00:00+00:00
[2024-09-24T04:37:18.908+0000] {processor.py:176} INFO - Processing /home/airflow/.local/lib/python3.7/site-packages/airflow/example_dags/example_trigger_controller_dag.py took 0.186 seconds
[2024-09-24T04:37:50.757+0000] {processor.py:154} INFO - Started process (PID=16132) to work on /home/airflow/.local/lib/python3.7/site-packages/airflow/example_dags/example_trigger_controller_dag.py
[2024-09-24T04:37:50.764+0000] {processor.py:756} INFO - Processing file /home/airflow/.local/lib/python3.7/site-packages/airflow/example_dags/example_trigger_controller_dag.py for tasks to queue
[2024-09-24T04:37:50.768+0000] {logging_mixin.py:120} INFO - [2024-09-24T04:37:50.767+0000] {dagbag.py:537} INFO - Filling up the DagBag from /home/airflow/.local/lib/python3.7/site-packages/airflow/example_dags/example_trigger_controller_dag.py
[2024-09-24T04:37:50.842+0000] {processor.py:766} INFO - DAG(s) dict_keys(['example_trigger_controller_dag']) retrieved from /home/airflow/.local/lib/python3.7/site-packages/airflow/example_dags/example_trigger_controller_dag.py
[2024-09-24T04:37:51.094+0000] {logging_mixin.py:120} INFO - [2024-09-24T04:37:51.093+0000] {dag.py:2585} INFO - Sync 1 DAGs
[2024-09-24T04:37:51.246+0000] {logging_mixin.py:120} INFO - [2024-09-24T04:37:51.245+0000] {dag.py:3340} INFO - Setting next_dagrun for example_trigger_controller_dag to 2021-01-01T00:00:00+00:00, run_after=2021-01-01T00:00:00+00:00
[2024-09-24T04:37:51.359+0000] {processor.py:176} INFO - Processing /home/airflow/.local/lib/python3.7/site-packages/airflow/example_dags/example_trigger_controller_dag.py took 0.620 seconds
[2024-09-24T06:15:50.549+0000] {processor.py:154} INFO - Started process (PID=16186) to work on /home/airflow/.local/lib/python3.7/site-packages/airflow/example_dags/example_trigger_controller_dag.py
[2024-09-24T06:15:50.554+0000] {processor.py:756} INFO - Processing file /home/airflow/.local/lib/python3.7/site-packages/airflow/example_dags/example_trigger_controller_dag.py for tasks to queue
[2024-09-24T06:15:50.557+0000] {logging_mixin.py:120} INFO - [2024-09-24T06:15:50.557+0000] {dagbag.py:537} INFO - Filling up the DagBag from /home/airflow/.local/lib/python3.7/site-packages/airflow/example_dags/example_trigger_controller_dag.py
[2024-09-24T06:15:50.584+0000] {processor.py:766} INFO - DAG(s) dict_keys(['example_trigger_controller_dag']) retrieved from /home/airflow/.local/lib/python3.7/site-packages/airflow/example_dags/example_trigger_controller_dag.py
[2024-09-24T06:15:50.675+0000] {logging_mixin.py:120} INFO - [2024-09-24T06:15:50.675+0000] {dag.py:2585} INFO - Sync 1 DAGs
[2024-09-24T06:15:50.722+0000] {logging_mixin.py:120} INFO - [2024-09-24T06:15:50.721+0000] {dag.py:3340} INFO - Setting next_dagrun for example_trigger_controller_dag to 2021-01-01T00:00:00+00:00, run_after=2021-01-01T00:00:00+00:00
[2024-09-24T06:15:50.769+0000] {processor.py:176} INFO - Processing /home/airflow/.local/lib/python3.7/site-packages/airflow/example_dags/example_trigger_controller_dag.py took 0.226 seconds
[2024-09-24T06:30:59.230+0000] {processor.py:154} INFO - Started process (PID=16249) to work on /home/airflow/.local/lib/python3.7/site-packages/airflow/example_dags/example_trigger_controller_dag.py
[2024-09-24T06:30:59.233+0000] {processor.py:756} INFO - Processing file /home/airflow/.local/lib/python3.7/site-packages/airflow/example_dags/example_trigger_controller_dag.py for tasks to queue
[2024-09-24T06:30:59.235+0000] {logging_mixin.py:120} INFO - [2024-09-24T06:30:59.234+0000] {dagbag.py:537} INFO - Filling up the DagBag from /home/airflow/.local/lib/python3.7/site-packages/airflow/example_dags/example_trigger_controller_dag.py
[2024-09-24T06:30:59.259+0000] {processor.py:766} INFO - DAG(s) dict_keys(['example_trigger_controller_dag']) retrieved from /home/airflow/.local/lib/python3.7/site-packages/airflow/example_dags/example_trigger_controller_dag.py
[2024-09-24T06:30:59.352+0000] {logging_mixin.py:120} INFO - [2024-09-24T06:30:59.352+0000] {dag.py:2585} INFO - Sync 1 DAGs
[2024-09-24T06:30:59.424+0000] {logging_mixin.py:120} INFO - [2024-09-24T06:30:59.423+0000] {dag.py:3340} INFO - Setting next_dagrun for example_trigger_controller_dag to 2021-01-01T00:00:00+00:00, run_after=2021-01-01T00:00:00+00:00
[2024-09-24T06:30:59.474+0000] {processor.py:176} INFO - Processing /home/airflow/.local/lib/python3.7/site-packages/airflow/example_dags/example_trigger_controller_dag.py took 0.252 seconds
[2024-09-24T08:40:08.320+0000] {processor.py:154} INFO - Started process (PID=16303) to work on /home/airflow/.local/lib/python3.7/site-packages/airflow/example_dags/example_trigger_controller_dag.py
[2024-09-24T08:40:08.323+0000] {processor.py:756} INFO - Processing file /home/airflow/.local/lib/python3.7/site-packages/airflow/example_dags/example_trigger_controller_dag.py for tasks to queue
[2024-09-24T08:40:08.325+0000] {logging_mixin.py:120} INFO - [2024-09-24T08:40:08.324+0000] {dagbag.py:537} INFO - Filling up the DagBag from /home/airflow/.local/lib/python3.7/site-packages/airflow/example_dags/example_trigger_controller_dag.py
[2024-09-24T08:40:08.343+0000] {processor.py:766} INFO - DAG(s) dict_keys(['example_trigger_controller_dag']) retrieved from /home/airflow/.local/lib/python3.7/site-packages/airflow/example_dags/example_trigger_controller_dag.py
[2024-09-24T08:40:08.422+0000] {logging_mixin.py:120} INFO - [2024-09-24T08:40:08.422+0000] {dag.py:2585} INFO - Sync 1 DAGs
[2024-09-24T08:40:08.461+0000] {logging_mixin.py:120} INFO - [2024-09-24T08:40:08.461+0000] {dag.py:3340} INFO - Setting next_dagrun for example_trigger_controller_dag to 2021-01-01T00:00:00+00:00, run_after=2021-01-01T00:00:00+00:00
[2024-09-24T08:40:08.489+0000] {processor.py:176} INFO - Processing /home/airflow/.local/lib/python3.7/site-packages/airflow/example_dags/example_trigger_controller_dag.py took 0.174 seconds
[2024-09-24T11:11:15.094+0000] {processor.py:154} INFO - Started process (PID=16366) to work on /home/airflow/.local/lib/python3.7/site-packages/airflow/example_dags/example_trigger_controller_dag.py
[2024-09-24T11:11:15.098+0000] {processor.py:756} INFO - Processing file /home/airflow/.local/lib/python3.7/site-packages/airflow/example_dags/example_trigger_controller_dag.py for tasks to queue
[2024-09-24T11:11:15.100+0000] {logging_mixin.py:120} INFO - [2024-09-24T11:11:15.100+0000] {dagbag.py:537} INFO - Filling up the DagBag from /home/airflow/.local/lib/python3.7/site-packages/airflow/example_dags/example_trigger_controller_dag.py
[2024-09-24T11:11:15.128+0000] {processor.py:766} INFO - DAG(s) dict_keys(['example_trigger_controller_dag']) retrieved from /home/airflow/.local/lib/python3.7/site-packages/airflow/example_dags/example_trigger_controller_dag.py
[2024-09-24T11:11:15.237+0000] {logging_mixin.py:120} INFO - [2024-09-24T11:11:15.237+0000] {dag.py:2585} INFO - Sync 1 DAGs
[2024-09-24T11:11:15.290+0000] {logging_mixin.py:120} INFO - [2024-09-24T11:11:15.290+0000] {dag.py:3340} INFO - Setting next_dagrun for example_trigger_controller_dag to 2021-01-01T00:00:00+00:00, run_after=2021-01-01T00:00:00+00:00
[2024-09-24T11:11:15.333+0000] {processor.py:176} INFO - Processing /home/airflow/.local/lib/python3.7/site-packages/airflow/example_dags/example_trigger_controller_dag.py took 0.246 seconds
[2024-09-24T12:44:46.624+0000] {processor.py:154} INFO - Started process (PID=16429) to work on /home/airflow/.local/lib/python3.7/site-packages/airflow/example_dags/example_trigger_controller_dag.py
[2024-09-24T12:44:46.626+0000] {processor.py:756} INFO - Processing file /home/airflow/.local/lib/python3.7/site-packages/airflow/example_dags/example_trigger_controller_dag.py for tasks to queue
[2024-09-24T12:44:46.628+0000] {logging_mixin.py:120} INFO - [2024-09-24T12:44:46.627+0000] {dagbag.py:537} INFO - Filling up the DagBag from /home/airflow/.local/lib/python3.7/site-packages/airflow/example_dags/example_trigger_controller_dag.py
[2024-09-24T12:44:46.645+0000] {processor.py:766} INFO - DAG(s) dict_keys(['example_trigger_controller_dag']) retrieved from /home/airflow/.local/lib/python3.7/site-packages/airflow/example_dags/example_trigger_controller_dag.py
[2024-09-24T12:44:46.728+0000] {logging_mixin.py:120} INFO - [2024-09-24T12:44:46.727+0000] {dag.py:2585} INFO - Sync 1 DAGs
[2024-09-24T12:44:46.766+0000] {logging_mixin.py:120} INFO - [2024-09-24T12:44:46.766+0000] {dag.py:3340} INFO - Setting next_dagrun for example_trigger_controller_dag to 2021-01-01T00:00:00+00:00, run_after=2021-01-01T00:00:00+00:00
[2024-09-24T12:44:46.801+0000] {processor.py:176} INFO - Processing /home/airflow/.local/lib/python3.7/site-packages/airflow/example_dags/example_trigger_controller_dag.py took 0.182 seconds
[2024-09-24T14:24:37.174+0000] {processor.py:154} INFO - Started process (PID=16483) to work on /home/airflow/.local/lib/python3.7/site-packages/airflow/example_dags/example_trigger_controller_dag.py
[2024-09-24T14:24:37.176+0000] {processor.py:756} INFO - Processing file /home/airflow/.local/lib/python3.7/site-packages/airflow/example_dags/example_trigger_controller_dag.py for tasks to queue
[2024-09-24T14:24:37.178+0000] {logging_mixin.py:120} INFO - [2024-09-24T14:24:37.177+0000] {dagbag.py:537} INFO - Filling up the DagBag from /home/airflow/.local/lib/python3.7/site-packages/airflow/example_dags/example_trigger_controller_dag.py
[2024-09-24T14:24:37.196+0000] {processor.py:766} INFO - DAG(s) dict_keys(['example_trigger_controller_dag']) retrieved from /home/airflow/.local/lib/python3.7/site-packages/airflow/example_dags/example_trigger_controller_dag.py
[2024-09-24T14:24:37.277+0000] {logging_mixin.py:120} INFO - [2024-09-24T14:24:37.277+0000] {dag.py:2585} INFO - Sync 1 DAGs
[2024-09-24T14:24:37.343+0000] {logging_mixin.py:120} INFO - [2024-09-24T14:24:37.342+0000] {dag.py:3340} INFO - Setting next_dagrun for example_trigger_controller_dag to 2021-01-01T00:00:00+00:00, run_after=2021-01-01T00:00:00+00:00
[2024-09-24T14:24:37.389+0000] {processor.py:176} INFO - Processing /home/airflow/.local/lib/python3.7/site-packages/airflow/example_dags/example_trigger_controller_dag.py took 0.221 seconds
[2024-09-24T14:26:37.699+0000] {processor.py:154} INFO - Started process (PID=16546) to work on /home/airflow/.local/lib/python3.7/site-packages/airflow/example_dags/example_trigger_controller_dag.py
[2024-09-24T14:26:37.700+0000] {processor.py:756} INFO - Processing file /home/airflow/.local/lib/python3.7/site-packages/airflow/example_dags/example_trigger_controller_dag.py for tasks to queue
[2024-09-24T14:26:37.702+0000] {logging_mixin.py:120} INFO - [2024-09-24T14:26:37.702+0000] {dagbag.py:537} INFO - Filling up the DagBag from /home/airflow/.local/lib/python3.7/site-packages/airflow/example_dags/example_trigger_controller_dag.py
[2024-09-24T14:26:37.717+0000] {processor.py:766} INFO - DAG(s) dict_keys(['example_trigger_controller_dag']) retrieved from /home/airflow/.local/lib/python3.7/site-packages/airflow/example_dags/example_trigger_controller_dag.py
[2024-09-24T14:26:37.771+0000] {logging_mixin.py:120} INFO - [2024-09-24T14:26:37.770+0000] {dag.py:2585} INFO - Sync 1 DAGs
[2024-09-24T14:26:37.801+0000] {logging_mixin.py:120} INFO - [2024-09-24T14:26:37.801+0000] {dag.py:3340} INFO - Setting next_dagrun for example_trigger_controller_dag to 2021-01-01T00:00:00+00:00, run_after=2021-01-01T00:00:00+00:00
[2024-09-24T14:26:37.827+0000] {processor.py:176} INFO - Processing /home/airflow/.local/lib/python3.7/site-packages/airflow/example_dags/example_trigger_controller_dag.py took 0.133 seconds
[2024-09-24T15:01:00.471+0000] {processor.py:154} INFO - Started process (PID=16600) to work on /home/airflow/.local/lib/python3.7/site-packages/airflow/example_dags/example_trigger_controller_dag.py
[2024-09-24T15:01:00.474+0000] {processor.py:756} INFO - Processing file /home/airflow/.local/lib/python3.7/site-packages/airflow/example_dags/example_trigger_controller_dag.py for tasks to queue
[2024-09-24T15:01:00.477+0000] {logging_mixin.py:120} INFO - [2024-09-24T15:01:00.477+0000] {dagbag.py:537} INFO - Filling up the DagBag from /home/airflow/.local/lib/python3.7/site-packages/airflow/example_dags/example_trigger_controller_dag.py
[2024-09-24T15:01:00.507+0000] {processor.py:766} INFO - DAG(s) dict_keys(['example_trigger_controller_dag']) retrieved from /home/airflow/.local/lib/python3.7/site-packages/airflow/example_dags/example_trigger_controller_dag.py
[2024-09-24T15:01:00.611+0000] {logging_mixin.py:120} INFO - [2024-09-24T15:01:00.610+0000] {dag.py:2585} INFO - Sync 1 DAGs
[2024-09-24T15:01:00.680+0000] {logging_mixin.py:120} INFO - [2024-09-24T15:01:00.680+0000] {dag.py:3340} INFO - Setting next_dagrun for example_trigger_controller_dag to 2021-01-01T00:00:00+00:00, run_after=2021-01-01T00:00:00+00:00
[2024-09-24T15:01:00.729+0000] {processor.py:176} INFO - Processing /home/airflow/.local/lib/python3.7/site-packages/airflow/example_dags/example_trigger_controller_dag.py took 0.269 seconds
[2024-09-24T16:32:25.392+0000] {processor.py:154} INFO - Started process (PID=16663) to work on /home/airflow/.local/lib/python3.7/site-packages/airflow/example_dags/example_trigger_controller_dag.py
[2024-09-24T16:32:25.395+0000] {processor.py:756} INFO - Processing file /home/airflow/.local/lib/python3.7/site-packages/airflow/example_dags/example_trigger_controller_dag.py for tasks to queue
[2024-09-24T16:32:25.396+0000] {logging_mixin.py:120} INFO - [2024-09-24T16:32:25.396+0000] {dagbag.py:537} INFO - Filling up the DagBag from /home/airflow/.local/lib/python3.7/site-packages/airflow/example_dags/example_trigger_controller_dag.py
[2024-09-24T16:32:25.420+0000] {processor.py:766} INFO - DAG(s) dict_keys(['example_trigger_controller_dag']) retrieved from /home/airflow/.local/lib/python3.7/site-packages/airflow/example_dags/example_trigger_controller_dag.py
[2024-09-24T16:32:25.480+0000] {logging_mixin.py:120} INFO - [2024-09-24T16:32:25.479+0000] {dag.py:2585} INFO - Sync 1 DAGs
[2024-09-24T16:32:25.508+0000] {logging_mixin.py:120} INFO - [2024-09-24T16:32:25.508+0000] {dag.py:3340} INFO - Setting next_dagrun for example_trigger_controller_dag to 2021-01-01T00:00:00+00:00, run_after=2021-01-01T00:00:00+00:00
[2024-09-24T16:32:25.540+0000] {processor.py:176} INFO - Processing /home/airflow/.local/lib/python3.7/site-packages/airflow/example_dags/example_trigger_controller_dag.py took 0.154 seconds
[2024-09-24T16:38:41.689+0000] {processor.py:154} INFO - Started process (PID=16717) to work on /home/airflow/.local/lib/python3.7/site-packages/airflow/example_dags/example_trigger_controller_dag.py
[2024-09-24T16:38:41.696+0000] {processor.py:756} INFO - Processing file /home/airflow/.local/lib/python3.7/site-packages/airflow/example_dags/example_trigger_controller_dag.py for tasks to queue
[2024-09-24T16:38:41.701+0000] {logging_mixin.py:120} INFO - [2024-09-24T16:38:41.700+0000] {dagbag.py:537} INFO - Filling up the DagBag from /home/airflow/.local/lib/python3.7/site-packages/airflow/example_dags/example_trigger_controller_dag.py
[2024-09-24T16:38:41.774+0000] {processor.py:766} INFO - DAG(s) dict_keys(['example_trigger_controller_dag']) retrieved from /home/airflow/.local/lib/python3.7/site-packages/airflow/example_dags/example_trigger_controller_dag.py
[2024-09-24T16:38:42.063+0000] {logging_mixin.py:120} INFO - [2024-09-24T16:38:42.062+0000] {dag.py:2585} INFO - Sync 1 DAGs
[2024-09-24T16:38:42.270+0000] {logging_mixin.py:120} INFO - [2024-09-24T16:38:42.269+0000] {dag.py:3340} INFO - Setting next_dagrun for example_trigger_controller_dag to 2021-01-01T00:00:00+00:00, run_after=2021-01-01T00:00:00+00:00
[2024-09-24T16:38:42.400+0000] {processor.py:176} INFO - Processing /home/airflow/.local/lib/python3.7/site-packages/airflow/example_dags/example_trigger_controller_dag.py took 0.731 seconds
[2024-09-24T17:03:28.415+0000] {processor.py:154} INFO - Started process (PID=16771) to work on /home/airflow/.local/lib/python3.7/site-packages/airflow/example_dags/example_trigger_controller_dag.py
[2024-09-24T17:03:28.422+0000] {processor.py:756} INFO - Processing file /home/airflow/.local/lib/python3.7/site-packages/airflow/example_dags/example_trigger_controller_dag.py for tasks to queue
[2024-09-24T17:03:28.426+0000] {logging_mixin.py:120} INFO - [2024-09-24T17:03:28.426+0000] {dagbag.py:537} INFO - Filling up the DagBag from /home/airflow/.local/lib/python3.7/site-packages/airflow/example_dags/example_trigger_controller_dag.py
[2024-09-24T17:03:28.513+0000] {processor.py:766} INFO - DAG(s) dict_keys(['example_trigger_controller_dag']) retrieved from /home/airflow/.local/lib/python3.7/site-packages/airflow/example_dags/example_trigger_controller_dag.py
[2024-09-24T17:03:28.957+0000] {logging_mixin.py:120} INFO - [2024-09-24T17:03:28.954+0000] {dag.py:2585} INFO - Sync 1 DAGs
[2024-09-24T17:03:29.202+0000] {logging_mixin.py:120} INFO - [2024-09-24T17:03:29.201+0000] {dag.py:3340} INFO - Setting next_dagrun for example_trigger_controller_dag to 2021-01-01T00:00:00+00:00, run_after=2021-01-01T00:00:00+00:00
[2024-09-24T17:03:29.353+0000] {processor.py:176} INFO - Processing /home/airflow/.local/lib/python3.7/site-packages/airflow/example_dags/example_trigger_controller_dag.py took 0.960 seconds
[2024-09-24T17:24:18.517+0000] {processor.py:154} INFO - Started process (PID=16825) to work on /home/airflow/.local/lib/python3.7/site-packages/airflow/example_dags/example_trigger_controller_dag.py
[2024-09-24T17:24:18.529+0000] {processor.py:756} INFO - Processing file /home/airflow/.local/lib/python3.7/site-packages/airflow/example_dags/example_trigger_controller_dag.py for tasks to queue
[2024-09-24T17:24:18.537+0000] {logging_mixin.py:120} INFO - [2024-09-24T17:24:18.536+0000] {dagbag.py:537} INFO - Filling up the DagBag from /home/airflow/.local/lib/python3.7/site-packages/airflow/example_dags/example_trigger_controller_dag.py
[2024-09-24T17:24:18.654+0000] {processor.py:766} INFO - DAG(s) dict_keys(['example_trigger_controller_dag']) retrieved from /home/airflow/.local/lib/python3.7/site-packages/airflow/example_dags/example_trigger_controller_dag.py
[2024-09-24T17:24:19.082+0000] {logging_mixin.py:120} INFO - [2024-09-24T17:24:19.080+0000] {dag.py:2585} INFO - Sync 1 DAGs
[2024-09-24T17:24:19.349+0000] {logging_mixin.py:120} INFO - [2024-09-24T17:24:19.348+0000] {dag.py:3340} INFO - Setting next_dagrun for example_trigger_controller_dag to 2021-01-01T00:00:00+00:00, run_after=2021-01-01T00:00:00+00:00
[2024-09-24T17:24:19.552+0000] {processor.py:176} INFO - Processing /home/airflow/.local/lib/python3.7/site-packages/airflow/example_dags/example_trigger_controller_dag.py took 1.069 seconds
[2024-09-24T18:04:24.636+0000] {processor.py:154} INFO - Started process (PID=16879) to work on /home/airflow/.local/lib/python3.7/site-packages/airflow/example_dags/example_trigger_controller_dag.py
[2024-09-24T18:04:24.649+0000] {processor.py:756} INFO - Processing file /home/airflow/.local/lib/python3.7/site-packages/airflow/example_dags/example_trigger_controller_dag.py for tasks to queue
[2024-09-24T18:04:24.658+0000] {logging_mixin.py:120} INFO - [2024-09-24T18:04:24.656+0000] {dagbag.py:537} INFO - Filling up the DagBag from /home/airflow/.local/lib/python3.7/site-packages/airflow/example_dags/example_trigger_controller_dag.py
[2024-09-24T18:04:24.777+0000] {processor.py:766} INFO - DAG(s) dict_keys(['example_trigger_controller_dag']) retrieved from /home/airflow/.local/lib/python3.7/site-packages/airflow/example_dags/example_trigger_controller_dag.py
[2024-09-24T18:04:25.211+0000] {logging_mixin.py:120} INFO - [2024-09-24T18:04:25.210+0000] {dag.py:2585} INFO - Sync 1 DAGs
[2024-09-24T18:04:25.532+0000] {logging_mixin.py:120} INFO - [2024-09-24T18:04:25.531+0000] {dag.py:3340} INFO - Setting next_dagrun for example_trigger_controller_dag to 2021-01-01T00:00:00+00:00, run_after=2021-01-01T00:00:00+00:00
[2024-09-24T18:04:25.730+0000] {processor.py:176} INFO - Processing /home/airflow/.local/lib/python3.7/site-packages/airflow/example_dags/example_trigger_controller_dag.py took 1.126 seconds
[2024-09-24T19:05:23.803+0000] {processor.py:154} INFO - Started process (PID=16931) to work on /home/airflow/.local/lib/python3.7/site-packages/airflow/example_dags/example_trigger_controller_dag.py
[2024-09-24T19:05:23.813+0000] {processor.py:756} INFO - Processing file /home/airflow/.local/lib/python3.7/site-packages/airflow/example_dags/example_trigger_controller_dag.py for tasks to queue
[2024-09-24T19:05:23.822+0000] {logging_mixin.py:120} INFO - [2024-09-24T19:05:23.820+0000] {dagbag.py:537} INFO - Filling up the DagBag from /home/airflow/.local/lib/python3.7/site-packages/airflow/example_dags/example_trigger_controller_dag.py
[2024-09-24T19:05:23.933+0000] {processor.py:766} INFO - DAG(s) dict_keys(['example_trigger_controller_dag']) retrieved from /home/airflow/.local/lib/python3.7/site-packages/airflow/example_dags/example_trigger_controller_dag.py
[2024-09-24T19:05:24.356+0000] {logging_mixin.py:120} INFO - [2024-09-24T19:05:24.355+0000] {dag.py:2585} INFO - Sync 1 DAGs
[2024-09-24T19:05:24.689+0000] {logging_mixin.py:120} INFO - [2024-09-24T19:05:24.688+0000] {dag.py:3340} INFO - Setting next_dagrun for example_trigger_controller_dag to 2021-01-01T00:00:00+00:00, run_after=2021-01-01T00:00:00+00:00
[2024-09-24T19:05:24.898+0000] {processor.py:176} INFO - Processing /home/airflow/.local/lib/python3.7/site-packages/airflow/example_dags/example_trigger_controller_dag.py took 1.121 seconds
[2024-09-24T20:06:29.282+0000] {processor.py:154} INFO - Started process (PID=16978) to work on /home/airflow/.local/lib/python3.7/site-packages/airflow/example_dags/example_trigger_controller_dag.py
[2024-09-24T20:06:29.294+0000] {processor.py:756} INFO - Processing file /home/airflow/.local/lib/python3.7/site-packages/airflow/example_dags/example_trigger_controller_dag.py for tasks to queue
[2024-09-24T20:06:29.300+0000] {logging_mixin.py:120} INFO - [2024-09-24T20:06:29.299+0000] {dagbag.py:537} INFO - Filling up the DagBag from /home/airflow/.local/lib/python3.7/site-packages/airflow/example_dags/example_trigger_controller_dag.py
[2024-09-24T20:06:29.393+0000] {processor.py:766} INFO - DAG(s) dict_keys(['example_trigger_controller_dag']) retrieved from /home/airflow/.local/lib/python3.7/site-packages/airflow/example_dags/example_trigger_controller_dag.py
[2024-09-24T20:06:29.728+0000] {logging_mixin.py:120} INFO - [2024-09-24T20:06:29.727+0000] {dag.py:2585} INFO - Sync 1 DAGs
[2024-09-24T20:06:29.982+0000] {logging_mixin.py:120} INFO - [2024-09-24T20:06:29.981+0000] {dag.py:3340} INFO - Setting next_dagrun for example_trigger_controller_dag to 2021-01-01T00:00:00+00:00, run_after=2021-01-01T00:00:00+00:00
[2024-09-24T20:06:30.110+0000] {processor.py:176} INFO - Processing /home/airflow/.local/lib/python3.7/site-packages/airflow/example_dags/example_trigger_controller_dag.py took 0.860 seconds
[2024-09-24T22:08:20.575+0000] {processor.py:154} INFO - Started process (PID=17032) to work on /home/airflow/.local/lib/python3.7/site-packages/airflow/example_dags/example_trigger_controller_dag.py
[2024-09-24T22:08:20.579+0000] {processor.py:756} INFO - Processing file /home/airflow/.local/lib/python3.7/site-packages/airflow/example_dags/example_trigger_controller_dag.py for tasks to queue
[2024-09-24T22:08:20.580+0000] {logging_mixin.py:120} INFO - [2024-09-24T22:08:20.580+0000] {dagbag.py:537} INFO - Filling up the DagBag from /home/airflow/.local/lib/python3.7/site-packages/airflow/example_dags/example_trigger_controller_dag.py
[2024-09-24T22:08:20.605+0000] {processor.py:766} INFO - DAG(s) dict_keys(['example_trigger_controller_dag']) retrieved from /home/airflow/.local/lib/python3.7/site-packages/airflow/example_dags/example_trigger_controller_dag.py
[2024-09-24T22:08:20.706+0000] {logging_mixin.py:120} INFO - [2024-09-24T22:08:20.705+0000] {dag.py:2585} INFO - Sync 1 DAGs
[2024-09-24T22:08:20.779+0000] {logging_mixin.py:120} INFO - [2024-09-24T22:08:20.779+0000] {dag.py:3340} INFO - Setting next_dagrun for example_trigger_controller_dag to 2021-01-01T00:00:00+00:00, run_after=2021-01-01T00:00:00+00:00
[2024-09-24T22:08:20.829+0000] {processor.py:176} INFO - Processing /home/airflow/.local/lib/python3.7/site-packages/airflow/example_dags/example_trigger_controller_dag.py took 0.261 seconds
