[2024-09-24T01:38:21.542+0000] {processor.py:154} INFO - Started process (PID=13890) to work on /home/airflow/.local/lib/python3.7/site-packages/airflow/example_dags/example_task_group.py
[2024-09-24T01:38:21.545+0000] {processor.py:756} INFO - Processing file /home/airflow/.local/lib/python3.7/site-packages/airflow/example_dags/example_task_group.py for tasks to queue
[2024-09-24T01:38:21.555+0000] {logging_mixin.py:120} INFO - [2024-09-24T01:38:21.555+0000] {dagbag.py:537} INFO - Filling up the DagBag from /home/airflow/.local/lib/python3.7/site-packages/airflow/example_dags/example_task_group.py
[2024-09-24T01:38:21.602+0000] {processor.py:766} INFO - DAG(s) dict_keys(['example_task_group']) retrieved from /home/airflow/.local/lib/python3.7/site-packages/airflow/example_dags/example_task_group.py
[2024-09-24T01:38:21.700+0000] {logging_mixin.py:120} INFO - [2024-09-24T01:38:21.700+0000] {dag.py:2585} INFO - Sync 1 DAGs
[2024-09-24T01:38:21.769+0000] {logging_mixin.py:120} INFO - [2024-09-24T01:38:21.768+0000] {dag.py:3340} INFO - Setting next_dagrun for example_task_group to 2024-09-23T01:38:21.768202+00:00, run_after=2024-09-24T01:38:21.768202+00:00
[2024-09-24T01:38:21.824+0000] {processor.py:176} INFO - Processing /home/airflow/.local/lib/python3.7/site-packages/airflow/example_dags/example_task_group.py took 0.289 seconds
[2024-09-24T01:41:43.738+0000] {processor.py:154} INFO - Started process (PID=13942) to work on /home/airflow/.local/lib/python3.7/site-packages/airflow/example_dags/example_task_group.py
[2024-09-24T01:41:43.740+0000] {processor.py:756} INFO - Processing file /home/airflow/.local/lib/python3.7/site-packages/airflow/example_dags/example_task_group.py for tasks to queue
[2024-09-24T01:41:43.741+0000] {logging_mixin.py:120} INFO - [2024-09-24T01:41:43.741+0000] {dagbag.py:537} INFO - Filling up the DagBag from /home/airflow/.local/lib/python3.7/site-packages/airflow/example_dags/example_task_group.py
[2024-09-24T01:41:43.780+0000] {processor.py:766} INFO - DAG(s) dict_keys(['example_task_group']) retrieved from /home/airflow/.local/lib/python3.7/site-packages/airflow/example_dags/example_task_group.py
[2024-09-24T01:41:43.868+0000] {logging_mixin.py:120} INFO - [2024-09-24T01:41:43.868+0000] {dag.py:2585} INFO - Sync 1 DAGs
[2024-09-24T01:41:43.942+0000] {logging_mixin.py:120} INFO - [2024-09-24T01:41:43.942+0000] {dag.py:3340} INFO - Setting next_dagrun for example_task_group to 2024-09-23T01:41:43.941774+00:00, run_after=2024-09-24T01:41:43.941774+00:00
[2024-09-24T01:41:44.017+0000] {processor.py:176} INFO - Processing /home/airflow/.local/lib/python3.7/site-packages/airflow/example_dags/example_task_group.py took 0.284 seconds
[2024-09-24T03:27:57.149+0000] {processor.py:154} INFO - Started process (PID=13998) to work on /home/airflow/.local/lib/python3.7/site-packages/airflow/example_dags/example_task_group.py
[2024-09-24T03:27:57.151+0000] {processor.py:756} INFO - Processing file /home/airflow/.local/lib/python3.7/site-packages/airflow/example_dags/example_task_group.py for tasks to queue
[2024-09-24T03:27:57.152+0000] {logging_mixin.py:120} INFO - [2024-09-24T03:27:57.152+0000] {dagbag.py:537} INFO - Filling up the DagBag from /home/airflow/.local/lib/python3.7/site-packages/airflow/example_dags/example_task_group.py
[2024-09-24T03:27:57.186+0000] {processor.py:766} INFO - DAG(s) dict_keys(['example_task_group']) retrieved from /home/airflow/.local/lib/python3.7/site-packages/airflow/example_dags/example_task_group.py
[2024-09-24T03:27:57.258+0000] {logging_mixin.py:120} INFO - [2024-09-24T03:27:57.258+0000] {dag.py:2585} INFO - Sync 1 DAGs
[2024-09-24T03:27:59.390+0000] {logging_mixin.py:120} INFO - [2024-09-24T03:27:59.389+0000] {dag.py:3340} INFO - Setting next_dagrun for example_task_group to 2024-09-23T03:27:59.387451+00:00, run_after=2024-09-24T03:27:59.387451+00:00
[2024-09-24T03:27:59.516+0000] {processor.py:176} INFO - Processing /home/airflow/.local/lib/python3.7/site-packages/airflow/example_dags/example_task_group.py took 2.372 seconds
[2024-09-24T04:19:38.787+0000] {processor.py:154} INFO - Started process (PID=14061) to work on /home/airflow/.local/lib/python3.7/site-packages/airflow/example_dags/example_task_group.py
[2024-09-24T04:19:38.803+0000] {processor.py:756} INFO - Processing file /home/airflow/.local/lib/python3.7/site-packages/airflow/example_dags/example_task_group.py for tasks to queue
[2024-09-24T04:19:38.805+0000] {logging_mixin.py:120} INFO - [2024-09-24T04:19:38.804+0000] {dagbag.py:537} INFO - Filling up the DagBag from /home/airflow/.local/lib/python3.7/site-packages/airflow/example_dags/example_task_group.py
[2024-09-24T04:19:38.860+0000] {processor.py:766} INFO - DAG(s) dict_keys(['example_task_group']) retrieved from /home/airflow/.local/lib/python3.7/site-packages/airflow/example_dags/example_task_group.py
[2024-09-24T04:19:38.975+0000] {logging_mixin.py:120} INFO - [2024-09-24T04:19:38.975+0000] {dag.py:2585} INFO - Sync 1 DAGs
[2024-09-24T04:19:39.033+0000] {logging_mixin.py:120} INFO - [2024-09-24T04:19:39.033+0000] {dag.py:3340} INFO - Setting next_dagrun for example_task_group to 2024-09-23T04:19:39.033036+00:00, run_after=2024-09-24T04:19:39.033036+00:00
[2024-09-24T04:19:39.086+0000] {processor.py:176} INFO - Processing /home/airflow/.local/lib/python3.7/site-packages/airflow/example_dags/example_task_group.py took 0.305 seconds
[2024-09-24T04:20:09.370+0000] {processor.py:154} INFO - Started process (PID=14115) to work on /home/airflow/.local/lib/python3.7/site-packages/airflow/example_dags/example_task_group.py
[2024-09-24T04:20:09.372+0000] {processor.py:756} INFO - Processing file /home/airflow/.local/lib/python3.7/site-packages/airflow/example_dags/example_task_group.py for tasks to queue
[2024-09-24T04:20:09.373+0000] {logging_mixin.py:120} INFO - [2024-09-24T04:20:09.373+0000] {dagbag.py:537} INFO - Filling up the DagBag from /home/airflow/.local/lib/python3.7/site-packages/airflow/example_dags/example_task_group.py
[2024-09-24T04:20:09.398+0000] {processor.py:766} INFO - DAG(s) dict_keys(['example_task_group']) retrieved from /home/airflow/.local/lib/python3.7/site-packages/airflow/example_dags/example_task_group.py
[2024-09-24T04:20:09.447+0000] {logging_mixin.py:120} INFO - [2024-09-24T04:20:09.447+0000] {dag.py:2585} INFO - Sync 1 DAGs
[2024-09-24T04:20:09.476+0000] {logging_mixin.py:120} INFO - [2024-09-24T04:20:09.476+0000] {dag.py:3340} INFO - Setting next_dagrun for example_task_group to 2024-09-23T04:20:09.475823+00:00, run_after=2024-09-24T04:20:09.475823+00:00
[2024-09-24T04:20:09.495+0000] {processor.py:176} INFO - Processing /home/airflow/.local/lib/python3.7/site-packages/airflow/example_dags/example_task_group.py took 0.129 seconds
[2024-09-24T04:20:39.903+0000] {processor.py:154} INFO - Started process (PID=14177) to work on /home/airflow/.local/lib/python3.7/site-packages/airflow/example_dags/example_task_group.py
[2024-09-24T04:20:39.904+0000] {processor.py:756} INFO - Processing file /home/airflow/.local/lib/python3.7/site-packages/airflow/example_dags/example_task_group.py for tasks to queue
[2024-09-24T04:20:39.905+0000] {logging_mixin.py:120} INFO - [2024-09-24T04:20:39.905+0000] {dagbag.py:537} INFO - Filling up the DagBag from /home/airflow/.local/lib/python3.7/site-packages/airflow/example_dags/example_task_group.py
[2024-09-24T04:20:39.926+0000] {processor.py:766} INFO - DAG(s) dict_keys(['example_task_group']) retrieved from /home/airflow/.local/lib/python3.7/site-packages/airflow/example_dags/example_task_group.py
[2024-09-24T04:20:39.990+0000] {logging_mixin.py:120} INFO - [2024-09-24T04:20:39.990+0000] {dag.py:2585} INFO - Sync 1 DAGs
[2024-09-24T04:20:40.029+0000] {logging_mixin.py:120} INFO - [2024-09-24T04:20:40.029+0000] {dag.py:3340} INFO - Setting next_dagrun for example_task_group to 2024-09-23T04:20:40.029128+00:00, run_after=2024-09-24T04:20:40.029128+00:00
[2024-09-24T04:20:40.063+0000] {processor.py:176} INFO - Processing /home/airflow/.local/lib/python3.7/site-packages/airflow/example_dags/example_task_group.py took 0.164 seconds
[2024-09-24T04:21:10.383+0000] {processor.py:154} INFO - Started process (PID=14240) to work on /home/airflow/.local/lib/python3.7/site-packages/airflow/example_dags/example_task_group.py
[2024-09-24T04:21:10.386+0000] {processor.py:756} INFO - Processing file /home/airflow/.local/lib/python3.7/site-packages/airflow/example_dags/example_task_group.py for tasks to queue
[2024-09-24T04:21:10.388+0000] {logging_mixin.py:120} INFO - [2024-09-24T04:21:10.388+0000] {dagbag.py:537} INFO - Filling up the DagBag from /home/airflow/.local/lib/python3.7/site-packages/airflow/example_dags/example_task_group.py
[2024-09-24T04:21:10.419+0000] {processor.py:766} INFO - DAG(s) dict_keys(['example_task_group']) retrieved from /home/airflow/.local/lib/python3.7/site-packages/airflow/example_dags/example_task_group.py
[2024-09-24T04:21:10.489+0000] {logging_mixin.py:120} INFO - [2024-09-24T04:21:10.488+0000] {dag.py:2585} INFO - Sync 1 DAGs
[2024-09-24T04:21:10.526+0000] {logging_mixin.py:120} INFO - [2024-09-24T04:21:10.526+0000] {dag.py:3340} INFO - Setting next_dagrun for example_task_group to 2024-09-23T04:21:10.525999+00:00, run_after=2024-09-24T04:21:10.525999+00:00
[2024-09-24T04:21:10.555+0000] {processor.py:176} INFO - Processing /home/airflow/.local/lib/python3.7/site-packages/airflow/example_dags/example_task_group.py took 0.179 seconds
[2024-09-24T04:21:40.693+0000] {processor.py:154} INFO - Started process (PID=14294) to work on /home/airflow/.local/lib/python3.7/site-packages/airflow/example_dags/example_task_group.py
[2024-09-24T04:21:40.694+0000] {processor.py:756} INFO - Processing file /home/airflow/.local/lib/python3.7/site-packages/airflow/example_dags/example_task_group.py for tasks to queue
[2024-09-24T04:21:40.695+0000] {logging_mixin.py:120} INFO - [2024-09-24T04:21:40.695+0000] {dagbag.py:537} INFO - Filling up the DagBag from /home/airflow/.local/lib/python3.7/site-packages/airflow/example_dags/example_task_group.py
[2024-09-24T04:21:40.717+0000] {processor.py:766} INFO - DAG(s) dict_keys(['example_task_group']) retrieved from /home/airflow/.local/lib/python3.7/site-packages/airflow/example_dags/example_task_group.py
[2024-09-24T04:21:40.774+0000] {logging_mixin.py:120} INFO - [2024-09-24T04:21:40.774+0000] {dag.py:2585} INFO - Sync 1 DAGs
[2024-09-24T04:21:40.814+0000] {logging_mixin.py:120} INFO - [2024-09-24T04:21:40.814+0000] {dag.py:3340} INFO - Setting next_dagrun for example_task_group to 2024-09-23T04:21:40.813697+00:00, run_after=2024-09-24T04:21:40.813697+00:00
[2024-09-24T04:21:40.849+0000] {processor.py:176} INFO - Processing /home/airflow/.local/lib/python3.7/site-packages/airflow/example_dags/example_task_group.py took 0.161 seconds
[2024-09-24T04:22:11.326+0000] {processor.py:154} INFO - Started process (PID=14358) to work on /home/airflow/.local/lib/python3.7/site-packages/airflow/example_dags/example_task_group.py
[2024-09-24T04:22:11.328+0000] {processor.py:756} INFO - Processing file /home/airflow/.local/lib/python3.7/site-packages/airflow/example_dags/example_task_group.py for tasks to queue
[2024-09-24T04:22:11.330+0000] {logging_mixin.py:120} INFO - [2024-09-24T04:22:11.330+0000] {dagbag.py:537} INFO - Filling up the DagBag from /home/airflow/.local/lib/python3.7/site-packages/airflow/example_dags/example_task_group.py
[2024-09-24T04:22:11.362+0000] {processor.py:766} INFO - DAG(s) dict_keys(['example_task_group']) retrieved from /home/airflow/.local/lib/python3.7/site-packages/airflow/example_dags/example_task_group.py
[2024-09-24T04:22:11.487+0000] {logging_mixin.py:120} INFO - [2024-09-24T04:22:11.487+0000] {dag.py:2585} INFO - Sync 1 DAGs
[2024-09-24T04:22:11.524+0000] {logging_mixin.py:120} INFO - [2024-09-24T04:22:11.524+0000] {dag.py:3340} INFO - Setting next_dagrun for example_task_group to 2024-09-23T04:22:11.524379+00:00, run_after=2024-09-24T04:22:11.524379+00:00
[2024-09-24T04:22:11.563+0000] {processor.py:176} INFO - Processing /home/airflow/.local/lib/python3.7/site-packages/airflow/example_dags/example_task_group.py took 0.243 seconds
[2024-09-24T04:22:41.614+0000] {processor.py:154} INFO - Started process (PID=14419) to work on /home/airflow/.local/lib/python3.7/site-packages/airflow/example_dags/example_task_group.py
[2024-09-24T04:22:41.616+0000] {processor.py:756} INFO - Processing file /home/airflow/.local/lib/python3.7/site-packages/airflow/example_dags/example_task_group.py for tasks to queue
[2024-09-24T04:22:41.617+0000] {logging_mixin.py:120} INFO - [2024-09-24T04:22:41.617+0000] {dagbag.py:537} INFO - Filling up the DagBag from /home/airflow/.local/lib/python3.7/site-packages/airflow/example_dags/example_task_group.py
[2024-09-24T04:22:41.638+0000] {processor.py:766} INFO - DAG(s) dict_keys(['example_task_group']) retrieved from /home/airflow/.local/lib/python3.7/site-packages/airflow/example_dags/example_task_group.py
[2024-09-24T04:22:41.690+0000] {logging_mixin.py:120} INFO - [2024-09-24T04:22:41.690+0000] {dag.py:2585} INFO - Sync 1 DAGs
[2024-09-24T04:22:41.724+0000] {logging_mixin.py:120} INFO - [2024-09-24T04:22:41.724+0000] {dag.py:3340} INFO - Setting next_dagrun for example_task_group to 2024-09-23T04:22:41.723980+00:00, run_after=2024-09-24T04:22:41.723980+00:00
[2024-09-24T04:22:41.756+0000] {processor.py:176} INFO - Processing /home/airflow/.local/lib/python3.7/site-packages/airflow/example_dags/example_task_group.py took 0.146 seconds
[2024-09-24T04:23:11.834+0000] {processor.py:154} INFO - Started process (PID=14475) to work on /home/airflow/.local/lib/python3.7/site-packages/airflow/example_dags/example_task_group.py
[2024-09-24T04:23:11.835+0000] {processor.py:756} INFO - Processing file /home/airflow/.local/lib/python3.7/site-packages/airflow/example_dags/example_task_group.py for tasks to queue
[2024-09-24T04:23:11.836+0000] {logging_mixin.py:120} INFO - [2024-09-24T04:23:11.836+0000] {dagbag.py:537} INFO - Filling up the DagBag from /home/airflow/.local/lib/python3.7/site-packages/airflow/example_dags/example_task_group.py
[2024-09-24T04:23:11.858+0000] {processor.py:766} INFO - DAG(s) dict_keys(['example_task_group']) retrieved from /home/airflow/.local/lib/python3.7/site-packages/airflow/example_dags/example_task_group.py
[2024-09-24T04:23:11.910+0000] {logging_mixin.py:120} INFO - [2024-09-24T04:23:11.910+0000] {dag.py:2585} INFO - Sync 1 DAGs
[2024-09-24T04:23:11.941+0000] {logging_mixin.py:120} INFO - [2024-09-24T04:23:11.941+0000] {dag.py:3340} INFO - Setting next_dagrun for example_task_group to 2024-09-23T04:23:11.941218+00:00, run_after=2024-09-24T04:23:11.941218+00:00
[2024-09-24T04:23:11.968+0000] {processor.py:176} INFO - Processing /home/airflow/.local/lib/python3.7/site-packages/airflow/example_dags/example_task_group.py took 0.138 seconds
[2024-09-24T04:23:42.166+0000] {processor.py:154} INFO - Started process (PID=14538) to work on /home/airflow/.local/lib/python3.7/site-packages/airflow/example_dags/example_task_group.py
[2024-09-24T04:23:42.167+0000] {processor.py:756} INFO - Processing file /home/airflow/.local/lib/python3.7/site-packages/airflow/example_dags/example_task_group.py for tasks to queue
[2024-09-24T04:23:42.169+0000] {logging_mixin.py:120} INFO - [2024-09-24T04:23:42.168+0000] {dagbag.py:537} INFO - Filling up the DagBag from /home/airflow/.local/lib/python3.7/site-packages/airflow/example_dags/example_task_group.py
[2024-09-24T04:23:42.189+0000] {processor.py:766} INFO - DAG(s) dict_keys(['example_task_group']) retrieved from /home/airflow/.local/lib/python3.7/site-packages/airflow/example_dags/example_task_group.py
[2024-09-24T04:23:42.243+0000] {logging_mixin.py:120} INFO - [2024-09-24T04:23:42.243+0000] {dag.py:2585} INFO - Sync 1 DAGs
[2024-09-24T04:23:42.273+0000] {logging_mixin.py:120} INFO - [2024-09-24T04:23:42.273+0000] {dag.py:3340} INFO - Setting next_dagrun for example_task_group to 2024-09-23T04:23:42.273483+00:00, run_after=2024-09-24T04:23:42.273483+00:00
[2024-09-24T04:23:42.297+0000] {processor.py:176} INFO - Processing /home/airflow/.local/lib/python3.7/site-packages/airflow/example_dags/example_task_group.py took 0.135 seconds
[2024-09-24T04:24:13.068+0000] {processor.py:154} INFO - Started process (PID=14600) to work on /home/airflow/.local/lib/python3.7/site-packages/airflow/example_dags/example_task_group.py
[2024-09-24T04:24:13.069+0000] {processor.py:756} INFO - Processing file /home/airflow/.local/lib/python3.7/site-packages/airflow/example_dags/example_task_group.py for tasks to queue
[2024-09-24T04:24:13.070+0000] {logging_mixin.py:120} INFO - [2024-09-24T04:24:13.070+0000] {dagbag.py:537} INFO - Filling up the DagBag from /home/airflow/.local/lib/python3.7/site-packages/airflow/example_dags/example_task_group.py
[2024-09-24T04:24:13.090+0000] {processor.py:766} INFO - DAG(s) dict_keys(['example_task_group']) retrieved from /home/airflow/.local/lib/python3.7/site-packages/airflow/example_dags/example_task_group.py
[2024-09-24T04:24:13.140+0000] {logging_mixin.py:120} INFO - [2024-09-24T04:24:13.140+0000] {dag.py:2585} INFO - Sync 1 DAGs
[2024-09-24T04:24:13.176+0000] {logging_mixin.py:120} INFO - [2024-09-24T04:24:13.176+0000] {dag.py:3340} INFO - Setting next_dagrun for example_task_group to 2024-09-23T04:24:13.176097+00:00, run_after=2024-09-24T04:24:13.176097+00:00
[2024-09-24T04:24:13.202+0000] {processor.py:176} INFO - Processing /home/airflow/.local/lib/python3.7/site-packages/airflow/example_dags/example_task_group.py took 0.138 seconds
[2024-09-24T04:24:44.247+0000] {processor.py:154} INFO - Started process (PID=14654) to work on /home/airflow/.local/lib/python3.7/site-packages/airflow/example_dags/example_task_group.py
[2024-09-24T04:24:44.248+0000] {processor.py:756} INFO - Processing file /home/airflow/.local/lib/python3.7/site-packages/airflow/example_dags/example_task_group.py for tasks to queue
[2024-09-24T04:24:44.249+0000] {logging_mixin.py:120} INFO - [2024-09-24T04:24:44.249+0000] {dagbag.py:537} INFO - Filling up the DagBag from /home/airflow/.local/lib/python3.7/site-packages/airflow/example_dags/example_task_group.py
[2024-09-24T04:24:44.270+0000] {processor.py:766} INFO - DAG(s) dict_keys(['example_task_group']) retrieved from /home/airflow/.local/lib/python3.7/site-packages/airflow/example_dags/example_task_group.py
[2024-09-24T04:24:44.327+0000] {logging_mixin.py:120} INFO - [2024-09-24T04:24:44.327+0000] {dag.py:2585} INFO - Sync 1 DAGs
[2024-09-24T04:24:44.358+0000] {logging_mixin.py:120} INFO - [2024-09-24T04:24:44.357+0000] {dag.py:3340} INFO - Setting next_dagrun for example_task_group to 2024-09-23T04:24:44.357620+00:00, run_after=2024-09-24T04:24:44.357620+00:00
[2024-09-24T04:24:44.382+0000] {processor.py:176} INFO - Processing /home/airflow/.local/lib/python3.7/site-packages/airflow/example_dags/example_task_group.py took 0.141 seconds
[2024-09-24T04:25:14.578+0000] {processor.py:154} INFO - Started process (PID=14717) to work on /home/airflow/.local/lib/python3.7/site-packages/airflow/example_dags/example_task_group.py
[2024-09-24T04:25:14.580+0000] {processor.py:756} INFO - Processing file /home/airflow/.local/lib/python3.7/site-packages/airflow/example_dags/example_task_group.py for tasks to queue
[2024-09-24T04:25:14.581+0000] {logging_mixin.py:120} INFO - [2024-09-24T04:25:14.581+0000] {dagbag.py:537} INFO - Filling up the DagBag from /home/airflow/.local/lib/python3.7/site-packages/airflow/example_dags/example_task_group.py
[2024-09-24T04:25:14.604+0000] {processor.py:766} INFO - DAG(s) dict_keys(['example_task_group']) retrieved from /home/airflow/.local/lib/python3.7/site-packages/airflow/example_dags/example_task_group.py
[2024-09-24T04:25:14.664+0000] {logging_mixin.py:120} INFO - [2024-09-24T04:25:14.664+0000] {dag.py:2585} INFO - Sync 1 DAGs
[2024-09-24T04:25:14.699+0000] {logging_mixin.py:120} INFO - [2024-09-24T04:25:14.699+0000] {dag.py:3340} INFO - Setting next_dagrun for example_task_group to 2024-09-23T04:25:14.699388+00:00, run_after=2024-09-24T04:25:14.699388+00:00
[2024-09-24T04:25:14.731+0000] {processor.py:176} INFO - Processing /home/airflow/.local/lib/python3.7/site-packages/airflow/example_dags/example_task_group.py took 0.159 seconds
[2024-09-24T04:25:44.828+0000] {processor.py:154} INFO - Started process (PID=14779) to work on /home/airflow/.local/lib/python3.7/site-packages/airflow/example_dags/example_task_group.py
[2024-09-24T04:25:44.829+0000] {processor.py:756} INFO - Processing file /home/airflow/.local/lib/python3.7/site-packages/airflow/example_dags/example_task_group.py for tasks to queue
[2024-09-24T04:25:44.831+0000] {logging_mixin.py:120} INFO - [2024-09-24T04:25:44.831+0000] {dagbag.py:537} INFO - Filling up the DagBag from /home/airflow/.local/lib/python3.7/site-packages/airflow/example_dags/example_task_group.py
[2024-09-24T04:25:44.855+0000] {processor.py:766} INFO - DAG(s) dict_keys(['example_task_group']) retrieved from /home/airflow/.local/lib/python3.7/site-packages/airflow/example_dags/example_task_group.py
[2024-09-24T04:25:44.909+0000] {logging_mixin.py:120} INFO - [2024-09-24T04:25:44.909+0000] {dag.py:2585} INFO - Sync 1 DAGs
[2024-09-24T04:25:44.940+0000] {logging_mixin.py:120} INFO - [2024-09-24T04:25:44.939+0000] {dag.py:3340} INFO - Setting next_dagrun for example_task_group to 2024-09-23T04:25:44.939760+00:00, run_after=2024-09-24T04:25:44.939760+00:00
[2024-09-24T04:25:44.962+0000] {processor.py:176} INFO - Processing /home/airflow/.local/lib/python3.7/site-packages/airflow/example_dags/example_task_group.py took 0.139 seconds
[2024-09-24T04:26:15.893+0000] {processor.py:154} INFO - Started process (PID=14833) to work on /home/airflow/.local/lib/python3.7/site-packages/airflow/example_dags/example_task_group.py
[2024-09-24T04:26:15.894+0000] {processor.py:756} INFO - Processing file /home/airflow/.local/lib/python3.7/site-packages/airflow/example_dags/example_task_group.py for tasks to queue
[2024-09-24T04:26:15.895+0000] {logging_mixin.py:120} INFO - [2024-09-24T04:26:15.895+0000] {dagbag.py:537} INFO - Filling up the DagBag from /home/airflow/.local/lib/python3.7/site-packages/airflow/example_dags/example_task_group.py
[2024-09-24T04:26:15.916+0000] {processor.py:766} INFO - DAG(s) dict_keys(['example_task_group']) retrieved from /home/airflow/.local/lib/python3.7/site-packages/airflow/example_dags/example_task_group.py
[2024-09-24T04:26:15.970+0000] {logging_mixin.py:120} INFO - [2024-09-24T04:26:15.970+0000] {dag.py:2585} INFO - Sync 1 DAGs
[2024-09-24T04:26:16.004+0000] {logging_mixin.py:120} INFO - [2024-09-24T04:26:16.004+0000] {dag.py:3340} INFO - Setting next_dagrun for example_task_group to 2024-09-23T04:26:16.004076+00:00, run_after=2024-09-24T04:26:16.004076+00:00
[2024-09-24T04:26:16.033+0000] {processor.py:176} INFO - Processing /home/airflow/.local/lib/python3.7/site-packages/airflow/example_dags/example_task_group.py took 0.144 seconds
[2024-09-24T04:26:46.550+0000] {processor.py:154} INFO - Started process (PID=14895) to work on /home/airflow/.local/lib/python3.7/site-packages/airflow/example_dags/example_task_group.py
[2024-09-24T04:26:46.552+0000] {processor.py:756} INFO - Processing file /home/airflow/.local/lib/python3.7/site-packages/airflow/example_dags/example_task_group.py for tasks to queue
[2024-09-24T04:26:46.553+0000] {logging_mixin.py:120} INFO - [2024-09-24T04:26:46.552+0000] {dagbag.py:537} INFO - Filling up the DagBag from /home/airflow/.local/lib/python3.7/site-packages/airflow/example_dags/example_task_group.py
[2024-09-24T04:26:46.574+0000] {processor.py:766} INFO - DAG(s) dict_keys(['example_task_group']) retrieved from /home/airflow/.local/lib/python3.7/site-packages/airflow/example_dags/example_task_group.py
[2024-09-24T04:26:46.624+0000] {logging_mixin.py:120} INFO - [2024-09-24T04:26:46.624+0000] {dag.py:2585} INFO - Sync 1 DAGs
[2024-09-24T04:26:46.655+0000] {logging_mixin.py:120} INFO - [2024-09-24T04:26:46.655+0000] {dag.py:3340} INFO - Setting next_dagrun for example_task_group to 2024-09-23T04:26:46.654793+00:00, run_after=2024-09-24T04:26:46.654793+00:00
[2024-09-24T04:26:46.682+0000] {processor.py:176} INFO - Processing /home/airflow/.local/lib/python3.7/site-packages/airflow/example_dags/example_task_group.py took 0.136 seconds
[2024-09-24T04:27:17.357+0000] {processor.py:154} INFO - Started process (PID=14957) to work on /home/airflow/.local/lib/python3.7/site-packages/airflow/example_dags/example_task_group.py
[2024-09-24T04:27:17.358+0000] {processor.py:756} INFO - Processing file /home/airflow/.local/lib/python3.7/site-packages/airflow/example_dags/example_task_group.py for tasks to queue
[2024-09-24T04:27:17.359+0000] {logging_mixin.py:120} INFO - [2024-09-24T04:27:17.359+0000] {dagbag.py:537} INFO - Filling up the DagBag from /home/airflow/.local/lib/python3.7/site-packages/airflow/example_dags/example_task_group.py
[2024-09-24T04:27:17.379+0000] {processor.py:766} INFO - DAG(s) dict_keys(['example_task_group']) retrieved from /home/airflow/.local/lib/python3.7/site-packages/airflow/example_dags/example_task_group.py
[2024-09-24T04:27:17.426+0000] {logging_mixin.py:120} INFO - [2024-09-24T04:27:17.426+0000] {dag.py:2585} INFO - Sync 1 DAGs
[2024-09-24T04:27:17.454+0000] {logging_mixin.py:120} INFO - [2024-09-24T04:27:17.454+0000] {dag.py:3340} INFO - Setting next_dagrun for example_task_group to 2024-09-23T04:27:17.454352+00:00, run_after=2024-09-24T04:27:17.454352+00:00
[2024-09-24T04:27:17.476+0000] {processor.py:176} INFO - Processing /home/airflow/.local/lib/python3.7/site-packages/airflow/example_dags/example_task_group.py took 0.123 seconds
[2024-09-24T04:27:47.575+0000] {processor.py:154} INFO - Started process (PID=15011) to work on /home/airflow/.local/lib/python3.7/site-packages/airflow/example_dags/example_task_group.py
[2024-09-24T04:27:47.576+0000] {processor.py:756} INFO - Processing file /home/airflow/.local/lib/python3.7/site-packages/airflow/example_dags/example_task_group.py for tasks to queue
[2024-09-24T04:27:47.577+0000] {logging_mixin.py:120} INFO - [2024-09-24T04:27:47.577+0000] {dagbag.py:537} INFO - Filling up the DagBag from /home/airflow/.local/lib/python3.7/site-packages/airflow/example_dags/example_task_group.py
[2024-09-24T04:27:47.597+0000] {processor.py:766} INFO - DAG(s) dict_keys(['example_task_group']) retrieved from /home/airflow/.local/lib/python3.7/site-packages/airflow/example_dags/example_task_group.py
[2024-09-24T04:27:47.648+0000] {logging_mixin.py:120} INFO - [2024-09-24T04:27:47.647+0000] {dag.py:2585} INFO - Sync 1 DAGs
[2024-09-24T04:27:47.684+0000] {logging_mixin.py:120} INFO - [2024-09-24T04:27:47.684+0000] {dag.py:3340} INFO - Setting next_dagrun for example_task_group to 2024-09-23T04:27:47.684202+00:00, run_after=2024-09-24T04:27:47.684202+00:00
[2024-09-24T04:27:47.712+0000] {processor.py:176} INFO - Processing /home/airflow/.local/lib/python3.7/site-packages/airflow/example_dags/example_task_group.py took 0.140 seconds
[2024-09-24T04:28:17.935+0000] {processor.py:154} INFO - Started process (PID=15074) to work on /home/airflow/.local/lib/python3.7/site-packages/airflow/example_dags/example_task_group.py
[2024-09-24T04:28:17.936+0000] {processor.py:756} INFO - Processing file /home/airflow/.local/lib/python3.7/site-packages/airflow/example_dags/example_task_group.py for tasks to queue
[2024-09-24T04:28:17.937+0000] {logging_mixin.py:120} INFO - [2024-09-24T04:28:17.937+0000] {dagbag.py:537} INFO - Filling up the DagBag from /home/airflow/.local/lib/python3.7/site-packages/airflow/example_dags/example_task_group.py
[2024-09-24T04:28:17.957+0000] {processor.py:766} INFO - DAG(s) dict_keys(['example_task_group']) retrieved from /home/airflow/.local/lib/python3.7/site-packages/airflow/example_dags/example_task_group.py
[2024-09-24T04:28:18.007+0000] {logging_mixin.py:120} INFO - [2024-09-24T04:28:18.007+0000] {dag.py:2585} INFO - Sync 1 DAGs
[2024-09-24T04:28:18.038+0000] {logging_mixin.py:120} INFO - [2024-09-24T04:28:18.038+0000] {dag.py:3340} INFO - Setting next_dagrun for example_task_group to 2024-09-23T04:28:18.037871+00:00, run_after=2024-09-24T04:28:18.037871+00:00
[2024-09-24T04:28:18.063+0000] {processor.py:176} INFO - Processing /home/airflow/.local/lib/python3.7/site-packages/airflow/example_dags/example_task_group.py took 0.133 seconds
[2024-09-24T04:28:48.374+0000] {processor.py:154} INFO - Started process (PID=15137) to work on /home/airflow/.local/lib/python3.7/site-packages/airflow/example_dags/example_task_group.py
[2024-09-24T04:28:48.375+0000] {processor.py:756} INFO - Processing file /home/airflow/.local/lib/python3.7/site-packages/airflow/example_dags/example_task_group.py for tasks to queue
[2024-09-24T04:28:48.377+0000] {logging_mixin.py:120} INFO - [2024-09-24T04:28:48.376+0000] {dagbag.py:537} INFO - Filling up the DagBag from /home/airflow/.local/lib/python3.7/site-packages/airflow/example_dags/example_task_group.py
[2024-09-24T04:28:48.397+0000] {processor.py:766} INFO - DAG(s) dict_keys(['example_task_group']) retrieved from /home/airflow/.local/lib/python3.7/site-packages/airflow/example_dags/example_task_group.py
[2024-09-24T04:28:48.448+0000] {logging_mixin.py:120} INFO - [2024-09-24T04:28:48.448+0000] {dag.py:2585} INFO - Sync 1 DAGs
[2024-09-24T04:28:48.478+0000] {logging_mixin.py:120} INFO - [2024-09-24T04:28:48.478+0000] {dag.py:3340} INFO - Setting next_dagrun for example_task_group to 2024-09-23T04:28:48.478416+00:00, run_after=2024-09-24T04:28:48.478416+00:00
[2024-09-24T04:28:48.502+0000] {processor.py:176} INFO - Processing /home/airflow/.local/lib/python3.7/site-packages/airflow/example_dags/example_task_group.py took 0.132 seconds
[2024-09-24T04:29:19.208+0000] {processor.py:154} INFO - Started process (PID=15191) to work on /home/airflow/.local/lib/python3.7/site-packages/airflow/example_dags/example_task_group.py
[2024-09-24T04:29:19.209+0000] {processor.py:756} INFO - Processing file /home/airflow/.local/lib/python3.7/site-packages/airflow/example_dags/example_task_group.py for tasks to queue
[2024-09-24T04:29:19.210+0000] {logging_mixin.py:120} INFO - [2024-09-24T04:29:19.210+0000] {dagbag.py:537} INFO - Filling up the DagBag from /home/airflow/.local/lib/python3.7/site-packages/airflow/example_dags/example_task_group.py
[2024-09-24T04:29:19.231+0000] {processor.py:766} INFO - DAG(s) dict_keys(['example_task_group']) retrieved from /home/airflow/.local/lib/python3.7/site-packages/airflow/example_dags/example_task_group.py
[2024-09-24T04:29:19.290+0000] {logging_mixin.py:120} INFO - [2024-09-24T04:29:19.290+0000] {dag.py:2585} INFO - Sync 1 DAGs
[2024-09-24T04:29:19.323+0000] {logging_mixin.py:120} INFO - [2024-09-24T04:29:19.322+0000] {dag.py:3340} INFO - Setting next_dagrun for example_task_group to 2024-09-23T04:29:19.322452+00:00, run_after=2024-09-24T04:29:19.322452+00:00
[2024-09-24T04:29:19.350+0000] {processor.py:176} INFO - Processing /home/airflow/.local/lib/python3.7/site-packages/airflow/example_dags/example_task_group.py took 0.146 seconds
[2024-09-24T04:29:50.240+0000] {processor.py:154} INFO - Started process (PID=15254) to work on /home/airflow/.local/lib/python3.7/site-packages/airflow/example_dags/example_task_group.py
[2024-09-24T04:29:50.242+0000] {processor.py:756} INFO - Processing file /home/airflow/.local/lib/python3.7/site-packages/airflow/example_dags/example_task_group.py for tasks to queue
[2024-09-24T04:29:50.243+0000] {logging_mixin.py:120} INFO - [2024-09-24T04:29:50.243+0000] {dagbag.py:537} INFO - Filling up the DagBag from /home/airflow/.local/lib/python3.7/site-packages/airflow/example_dags/example_task_group.py
[2024-09-24T04:29:50.266+0000] {processor.py:766} INFO - DAG(s) dict_keys(['example_task_group']) retrieved from /home/airflow/.local/lib/python3.7/site-packages/airflow/example_dags/example_task_group.py
[2024-09-24T04:29:50.321+0000] {logging_mixin.py:120} INFO - [2024-09-24T04:29:50.321+0000] {dag.py:2585} INFO - Sync 1 DAGs
[2024-09-24T04:29:50.356+0000] {logging_mixin.py:120} INFO - [2024-09-24T04:29:50.356+0000] {dag.py:3340} INFO - Setting next_dagrun for example_task_group to 2024-09-23T04:29:50.356297+00:00, run_after=2024-09-24T04:29:50.356297+00:00
[2024-09-24T04:29:50.383+0000] {processor.py:176} INFO - Processing /home/airflow/.local/lib/python3.7/site-packages/airflow/example_dags/example_task_group.py took 0.147 seconds
[2024-09-24T04:30:20.569+0000] {processor.py:154} INFO - Started process (PID=15317) to work on /home/airflow/.local/lib/python3.7/site-packages/airflow/example_dags/example_task_group.py
[2024-09-24T04:30:20.571+0000] {processor.py:756} INFO - Processing file /home/airflow/.local/lib/python3.7/site-packages/airflow/example_dags/example_task_group.py for tasks to queue
[2024-09-24T04:30:20.572+0000] {logging_mixin.py:120} INFO - [2024-09-24T04:30:20.571+0000] {dagbag.py:537} INFO - Filling up the DagBag from /home/airflow/.local/lib/python3.7/site-packages/airflow/example_dags/example_task_group.py
[2024-09-24T04:30:20.593+0000] {processor.py:766} INFO - DAG(s) dict_keys(['example_task_group']) retrieved from /home/airflow/.local/lib/python3.7/site-packages/airflow/example_dags/example_task_group.py
[2024-09-24T04:30:20.642+0000] {logging_mixin.py:120} INFO - [2024-09-24T04:30:20.642+0000] {dag.py:2585} INFO - Sync 1 DAGs
[2024-09-24T04:30:20.674+0000] {logging_mixin.py:120} INFO - [2024-09-24T04:30:20.674+0000] {dag.py:3340} INFO - Setting next_dagrun for example_task_group to 2024-09-23T04:30:20.674177+00:00, run_after=2024-09-24T04:30:20.674177+00:00
[2024-09-24T04:30:20.700+0000] {processor.py:176} INFO - Processing /home/airflow/.local/lib/python3.7/site-packages/airflow/example_dags/example_task_group.py took 0.135 seconds
[2024-09-24T04:30:50.987+0000] {processor.py:154} INFO - Started process (PID=15371) to work on /home/airflow/.local/lib/python3.7/site-packages/airflow/example_dags/example_task_group.py
[2024-09-24T04:30:50.989+0000] {processor.py:756} INFO - Processing file /home/airflow/.local/lib/python3.7/site-packages/airflow/example_dags/example_task_group.py for tasks to queue
[2024-09-24T04:30:50.990+0000] {logging_mixin.py:120} INFO - [2024-09-24T04:30:50.990+0000] {dagbag.py:537} INFO - Filling up the DagBag from /home/airflow/.local/lib/python3.7/site-packages/airflow/example_dags/example_task_group.py
[2024-09-24T04:30:51.011+0000] {processor.py:766} INFO - DAG(s) dict_keys(['example_task_group']) retrieved from /home/airflow/.local/lib/python3.7/site-packages/airflow/example_dags/example_task_group.py
[2024-09-24T04:30:51.065+0000] {logging_mixin.py:120} INFO - [2024-09-24T04:30:51.065+0000] {dag.py:2585} INFO - Sync 1 DAGs
[2024-09-24T04:30:51.101+0000] {logging_mixin.py:120} INFO - [2024-09-24T04:30:51.100+0000] {dag.py:3340} INFO - Setting next_dagrun for example_task_group to 2024-09-23T04:30:51.100502+00:00, run_after=2024-09-24T04:30:51.100502+00:00
[2024-09-24T04:30:51.126+0000] {processor.py:176} INFO - Processing /home/airflow/.local/lib/python3.7/site-packages/airflow/example_dags/example_task_group.py took 0.142 seconds
[2024-09-24T04:31:21.649+0000] {processor.py:154} INFO - Started process (PID=15434) to work on /home/airflow/.local/lib/python3.7/site-packages/airflow/example_dags/example_task_group.py
[2024-09-24T04:31:21.650+0000] {processor.py:756} INFO - Processing file /home/airflow/.local/lib/python3.7/site-packages/airflow/example_dags/example_task_group.py for tasks to queue
[2024-09-24T04:31:21.651+0000] {logging_mixin.py:120} INFO - [2024-09-24T04:31:21.651+0000] {dagbag.py:537} INFO - Filling up the DagBag from /home/airflow/.local/lib/python3.7/site-packages/airflow/example_dags/example_task_group.py
[2024-09-24T04:31:21.672+0000] {processor.py:766} INFO - DAG(s) dict_keys(['example_task_group']) retrieved from /home/airflow/.local/lib/python3.7/site-packages/airflow/example_dags/example_task_group.py
[2024-09-24T04:31:21.729+0000] {logging_mixin.py:120} INFO - [2024-09-24T04:31:21.728+0000] {dag.py:2585} INFO - Sync 1 DAGs
[2024-09-24T04:31:21.760+0000] {logging_mixin.py:120} INFO - [2024-09-24T04:31:21.760+0000] {dag.py:3340} INFO - Setting next_dagrun for example_task_group to 2024-09-23T04:31:21.760181+00:00, run_after=2024-09-24T04:31:21.760181+00:00
[2024-09-24T04:31:21.784+0000] {processor.py:176} INFO - Processing /home/airflow/.local/lib/python3.7/site-packages/airflow/example_dags/example_task_group.py took 0.139 seconds
[2024-09-24T04:31:52.501+0000] {processor.py:154} INFO - Started process (PID=15497) to work on /home/airflow/.local/lib/python3.7/site-packages/airflow/example_dags/example_task_group.py
[2024-09-24T04:31:52.503+0000] {processor.py:756} INFO - Processing file /home/airflow/.local/lib/python3.7/site-packages/airflow/example_dags/example_task_group.py for tasks to queue
[2024-09-24T04:31:52.504+0000] {logging_mixin.py:120} INFO - [2024-09-24T04:31:52.504+0000] {dagbag.py:537} INFO - Filling up the DagBag from /home/airflow/.local/lib/python3.7/site-packages/airflow/example_dags/example_task_group.py
[2024-09-24T04:31:52.538+0000] {processor.py:766} INFO - DAG(s) dict_keys(['example_task_group']) retrieved from /home/airflow/.local/lib/python3.7/site-packages/airflow/example_dags/example_task_group.py
[2024-09-24T04:31:52.604+0000] {logging_mixin.py:120} INFO - [2024-09-24T04:31:52.604+0000] {dag.py:2585} INFO - Sync 1 DAGs
[2024-09-24T04:31:52.644+0000] {logging_mixin.py:120} INFO - [2024-09-24T04:31:52.644+0000] {dag.py:3340} INFO - Setting next_dagrun for example_task_group to 2024-09-23T04:31:52.644206+00:00, run_after=2024-09-24T04:31:52.644206+00:00
[2024-09-24T04:31:52.682+0000] {processor.py:176} INFO - Processing /home/airflow/.local/lib/python3.7/site-packages/airflow/example_dags/example_task_group.py took 0.189 seconds
[2024-09-24T04:32:23.389+0000] {processor.py:154} INFO - Started process (PID=15551) to work on /home/airflow/.local/lib/python3.7/site-packages/airflow/example_dags/example_task_group.py
[2024-09-24T04:32:23.390+0000] {processor.py:756} INFO - Processing file /home/airflow/.local/lib/python3.7/site-packages/airflow/example_dags/example_task_group.py for tasks to queue
[2024-09-24T04:32:23.391+0000] {logging_mixin.py:120} INFO - [2024-09-24T04:32:23.391+0000] {dagbag.py:537} INFO - Filling up the DagBag from /home/airflow/.local/lib/python3.7/site-packages/airflow/example_dags/example_task_group.py
[2024-09-24T04:32:23.419+0000] {processor.py:766} INFO - DAG(s) dict_keys(['example_task_group']) retrieved from /home/airflow/.local/lib/python3.7/site-packages/airflow/example_dags/example_task_group.py
[2024-09-24T04:32:23.514+0000] {logging_mixin.py:120} INFO - [2024-09-24T04:32:23.513+0000] {dag.py:2585} INFO - Sync 1 DAGs
[2024-09-24T04:32:23.557+0000] {logging_mixin.py:120} INFO - [2024-09-24T04:32:23.556+0000] {dag.py:3340} INFO - Setting next_dagrun for example_task_group to 2024-09-23T04:32:23.556546+00:00, run_after=2024-09-24T04:32:23.556546+00:00
[2024-09-24T04:32:23.586+0000] {processor.py:176} INFO - Processing /home/airflow/.local/lib/python3.7/site-packages/airflow/example_dags/example_task_group.py took 0.202 seconds
[2024-09-24T04:32:54.358+0000] {processor.py:154} INFO - Started process (PID=15614) to work on /home/airflow/.local/lib/python3.7/site-packages/airflow/example_dags/example_task_group.py
[2024-09-24T04:32:54.360+0000] {processor.py:756} INFO - Processing file /home/airflow/.local/lib/python3.7/site-packages/airflow/example_dags/example_task_group.py for tasks to queue
[2024-09-24T04:32:54.361+0000] {logging_mixin.py:120} INFO - [2024-09-24T04:32:54.361+0000] {dagbag.py:537} INFO - Filling up the DagBag from /home/airflow/.local/lib/python3.7/site-packages/airflow/example_dags/example_task_group.py
[2024-09-24T04:32:54.389+0000] {processor.py:766} INFO - DAG(s) dict_keys(['example_task_group']) retrieved from /home/airflow/.local/lib/python3.7/site-packages/airflow/example_dags/example_task_group.py
[2024-09-24T04:32:54.457+0000] {logging_mixin.py:120} INFO - [2024-09-24T04:32:54.457+0000] {dag.py:2585} INFO - Sync 1 DAGs
[2024-09-24T04:32:54.495+0000] {logging_mixin.py:120} INFO - [2024-09-24T04:32:54.494+0000] {dag.py:3340} INFO - Setting next_dagrun for example_task_group to 2024-09-23T04:32:54.494502+00:00, run_after=2024-09-24T04:32:54.494502+00:00
[2024-09-24T04:32:54.525+0000] {processor.py:176} INFO - Processing /home/airflow/.local/lib/python3.7/site-packages/airflow/example_dags/example_task_group.py took 0.172 seconds
[2024-09-24T04:33:25.396+0000] {processor.py:154} INFO - Started process (PID=15677) to work on /home/airflow/.local/lib/python3.7/site-packages/airflow/example_dags/example_task_group.py
[2024-09-24T04:33:25.399+0000] {processor.py:756} INFO - Processing file /home/airflow/.local/lib/python3.7/site-packages/airflow/example_dags/example_task_group.py for tasks to queue
[2024-09-24T04:33:25.400+0000] {logging_mixin.py:120} INFO - [2024-09-24T04:33:25.400+0000] {dagbag.py:537} INFO - Filling up the DagBag from /home/airflow/.local/lib/python3.7/site-packages/airflow/example_dags/example_task_group.py
[2024-09-24T04:33:25.433+0000] {processor.py:766} INFO - DAG(s) dict_keys(['example_task_group']) retrieved from /home/airflow/.local/lib/python3.7/site-packages/airflow/example_dags/example_task_group.py
[2024-09-24T04:33:25.504+0000] {logging_mixin.py:120} INFO - [2024-09-24T04:33:25.504+0000] {dag.py:2585} INFO - Sync 1 DAGs
[2024-09-24T04:33:25.548+0000] {logging_mixin.py:120} INFO - [2024-09-24T04:33:25.547+0000] {dag.py:3340} INFO - Setting next_dagrun for example_task_group to 2024-09-23T04:33:25.547337+00:00, run_after=2024-09-24T04:33:25.547337+00:00
[2024-09-24T04:33:25.581+0000] {processor.py:176} INFO - Processing /home/airflow/.local/lib/python3.7/site-packages/airflow/example_dags/example_task_group.py took 0.191 seconds
[2024-09-24T04:33:56.013+0000] {processor.py:154} INFO - Started process (PID=15731) to work on /home/airflow/.local/lib/python3.7/site-packages/airflow/example_dags/example_task_group.py
[2024-09-24T04:33:56.015+0000] {processor.py:756} INFO - Processing file /home/airflow/.local/lib/python3.7/site-packages/airflow/example_dags/example_task_group.py for tasks to queue
[2024-09-24T04:33:56.016+0000] {logging_mixin.py:120} INFO - [2024-09-24T04:33:56.016+0000] {dagbag.py:537} INFO - Filling up the DagBag from /home/airflow/.local/lib/python3.7/site-packages/airflow/example_dags/example_task_group.py
[2024-09-24T04:33:56.044+0000] {processor.py:766} INFO - DAG(s) dict_keys(['example_task_group']) retrieved from /home/airflow/.local/lib/python3.7/site-packages/airflow/example_dags/example_task_group.py
[2024-09-24T04:33:56.114+0000] {logging_mixin.py:120} INFO - [2024-09-24T04:33:56.114+0000] {dag.py:2585} INFO - Sync 1 DAGs
[2024-09-24T04:33:56.177+0000] {logging_mixin.py:120} INFO - [2024-09-24T04:33:56.177+0000] {dag.py:3340} INFO - Setting next_dagrun for example_task_group to 2024-09-23T04:33:56.176672+00:00, run_after=2024-09-24T04:33:56.176672+00:00
[2024-09-24T04:33:56.229+0000] {processor.py:176} INFO - Processing /home/airflow/.local/lib/python3.7/site-packages/airflow/example_dags/example_task_group.py took 0.220 seconds
[2024-09-24T04:34:27.219+0000] {processor.py:154} INFO - Started process (PID=15795) to work on /home/airflow/.local/lib/python3.7/site-packages/airflow/example_dags/example_task_group.py
[2024-09-24T04:34:27.220+0000] {processor.py:756} INFO - Processing file /home/airflow/.local/lib/python3.7/site-packages/airflow/example_dags/example_task_group.py for tasks to queue
[2024-09-24T04:34:27.222+0000] {logging_mixin.py:120} INFO - [2024-09-24T04:34:27.221+0000] {dagbag.py:537} INFO - Filling up the DagBag from /home/airflow/.local/lib/python3.7/site-packages/airflow/example_dags/example_task_group.py
[2024-09-24T04:34:27.247+0000] {processor.py:766} INFO - DAG(s) dict_keys(['example_task_group']) retrieved from /home/airflow/.local/lib/python3.7/site-packages/airflow/example_dags/example_task_group.py
[2024-09-24T04:34:27.308+0000] {logging_mixin.py:120} INFO - [2024-09-24T04:34:27.308+0000] {dag.py:2585} INFO - Sync 1 DAGs
[2024-09-24T04:34:27.350+0000] {logging_mixin.py:120} INFO - [2024-09-24T04:34:27.350+0000] {dag.py:3340} INFO - Setting next_dagrun for example_task_group to 2024-09-23T04:34:27.349860+00:00, run_after=2024-09-24T04:34:27.349860+00:00
[2024-09-24T04:34:27.380+0000] {processor.py:176} INFO - Processing /home/airflow/.local/lib/python3.7/site-packages/airflow/example_dags/example_task_group.py took 0.169 seconds
[2024-09-24T04:34:57.680+0000] {processor.py:154} INFO - Started process (PID=15849) to work on /home/airflow/.local/lib/python3.7/site-packages/airflow/example_dags/example_task_group.py
[2024-09-24T04:34:57.682+0000] {processor.py:756} INFO - Processing file /home/airflow/.local/lib/python3.7/site-packages/airflow/example_dags/example_task_group.py for tasks to queue
[2024-09-24T04:34:57.684+0000] {logging_mixin.py:120} INFO - [2024-09-24T04:34:57.683+0000] {dagbag.py:537} INFO - Filling up the DagBag from /home/airflow/.local/lib/python3.7/site-packages/airflow/example_dags/example_task_group.py
[2024-09-24T04:34:57.716+0000] {processor.py:766} INFO - DAG(s) dict_keys(['example_task_group']) retrieved from /home/airflow/.local/lib/python3.7/site-packages/airflow/example_dags/example_task_group.py
[2024-09-24T04:34:57.784+0000] {logging_mixin.py:120} INFO - [2024-09-24T04:34:57.784+0000] {dag.py:2585} INFO - Sync 1 DAGs
[2024-09-24T04:34:57.830+0000] {logging_mixin.py:120} INFO - [2024-09-24T04:34:57.830+0000] {dag.py:3340} INFO - Setting next_dagrun for example_task_group to 2024-09-23T04:34:57.829701+00:00, run_after=2024-09-24T04:34:57.829701+00:00
[2024-09-24T04:34:57.860+0000] {processor.py:176} INFO - Processing /home/airflow/.local/lib/python3.7/site-packages/airflow/example_dags/example_task_group.py took 0.185 seconds
[2024-09-24T04:35:28.248+0000] {processor.py:154} INFO - Started process (PID=15913) to work on /home/airflow/.local/lib/python3.7/site-packages/airflow/example_dags/example_task_group.py
[2024-09-24T04:35:28.249+0000] {processor.py:756} INFO - Processing file /home/airflow/.local/lib/python3.7/site-packages/airflow/example_dags/example_task_group.py for tasks to queue
[2024-09-24T04:35:28.251+0000] {logging_mixin.py:120} INFO - [2024-09-24T04:35:28.250+0000] {dagbag.py:537} INFO - Filling up the DagBag from /home/airflow/.local/lib/python3.7/site-packages/airflow/example_dags/example_task_group.py
[2024-09-24T04:35:28.281+0000] {processor.py:766} INFO - DAG(s) dict_keys(['example_task_group']) retrieved from /home/airflow/.local/lib/python3.7/site-packages/airflow/example_dags/example_task_group.py
[2024-09-24T04:35:28.349+0000] {logging_mixin.py:120} INFO - [2024-09-24T04:35:28.348+0000] {dag.py:2585} INFO - Sync 1 DAGs
[2024-09-24T04:35:28.394+0000] {logging_mixin.py:120} INFO - [2024-09-24T04:35:28.394+0000] {dag.py:3340} INFO - Setting next_dagrun for example_task_group to 2024-09-23T04:35:28.394118+00:00, run_after=2024-09-24T04:35:28.394118+00:00
[2024-09-24T04:35:28.470+0000] {processor.py:176} INFO - Processing /home/airflow/.local/lib/python3.7/site-packages/airflow/example_dags/example_task_group.py took 0.227 seconds
[2024-09-24T04:35:59.547+0000] {processor.py:154} INFO - Started process (PID=15967) to work on /home/airflow/.local/lib/python3.7/site-packages/airflow/example_dags/example_task_group.py
[2024-09-24T04:35:59.549+0000] {processor.py:756} INFO - Processing file /home/airflow/.local/lib/python3.7/site-packages/airflow/example_dags/example_task_group.py for tasks to queue
[2024-09-24T04:35:59.550+0000] {logging_mixin.py:120} INFO - [2024-09-24T04:35:59.550+0000] {dagbag.py:537} INFO - Filling up the DagBag from /home/airflow/.local/lib/python3.7/site-packages/airflow/example_dags/example_task_group.py
[2024-09-24T04:35:59.578+0000] {processor.py:766} INFO - DAG(s) dict_keys(['example_task_group']) retrieved from /home/airflow/.local/lib/python3.7/site-packages/airflow/example_dags/example_task_group.py
[2024-09-24T04:35:59.641+0000] {logging_mixin.py:120} INFO - [2024-09-24T04:35:59.641+0000] {dag.py:2585} INFO - Sync 1 DAGs
[2024-09-24T04:35:59.689+0000] {logging_mixin.py:120} INFO - [2024-09-24T04:35:59.689+0000] {dag.py:3340} INFO - Setting next_dagrun for example_task_group to 2024-09-23T04:35:59.689077+00:00, run_after=2024-09-24T04:35:59.689077+00:00
[2024-09-24T04:35:59.725+0000] {processor.py:176} INFO - Processing /home/airflow/.local/lib/python3.7/site-packages/airflow/example_dags/example_task_group.py took 0.183 seconds
[2024-09-24T04:36:30.296+0000] {processor.py:154} INFO - Started process (PID=16029) to work on /home/airflow/.local/lib/python3.7/site-packages/airflow/example_dags/example_task_group.py
[2024-09-24T04:36:30.298+0000] {processor.py:756} INFO - Processing file /home/airflow/.local/lib/python3.7/site-packages/airflow/example_dags/example_task_group.py for tasks to queue
[2024-09-24T04:36:30.301+0000] {logging_mixin.py:120} INFO - [2024-09-24T04:36:30.300+0000] {dagbag.py:537} INFO - Filling up the DagBag from /home/airflow/.local/lib/python3.7/site-packages/airflow/example_dags/example_task_group.py
[2024-09-24T04:36:30.350+0000] {processor.py:766} INFO - DAG(s) dict_keys(['example_task_group']) retrieved from /home/airflow/.local/lib/python3.7/site-packages/airflow/example_dags/example_task_group.py
[2024-09-24T04:36:30.478+0000] {logging_mixin.py:120} INFO - [2024-09-24T04:36:30.478+0000] {dag.py:2585} INFO - Sync 1 DAGs
[2024-09-24T04:36:30.554+0000] {logging_mixin.py:120} INFO - [2024-09-24T04:36:30.553+0000] {dag.py:3340} INFO - Setting next_dagrun for example_task_group to 2024-09-23T04:36:30.553052+00:00, run_after=2024-09-24T04:36:30.553052+00:00
[2024-09-24T04:36:30.596+0000] {processor.py:176} INFO - Processing /home/airflow/.local/lib/python3.7/site-packages/airflow/example_dags/example_task_group.py took 0.306 seconds
[2024-09-24T04:37:00.736+0000] {processor.py:154} INFO - Started process (PID=16092) to work on /home/airflow/.local/lib/python3.7/site-packages/airflow/example_dags/example_task_group.py
[2024-09-24T04:37:00.738+0000] {processor.py:756} INFO - Processing file /home/airflow/.local/lib/python3.7/site-packages/airflow/example_dags/example_task_group.py for tasks to queue
[2024-09-24T04:37:00.739+0000] {logging_mixin.py:120} INFO - [2024-09-24T04:37:00.739+0000] {dagbag.py:537} INFO - Filling up the DagBag from /home/airflow/.local/lib/python3.7/site-packages/airflow/example_dags/example_task_group.py
[2024-09-24T04:37:00.768+0000] {processor.py:766} INFO - DAG(s) dict_keys(['example_task_group']) retrieved from /home/airflow/.local/lib/python3.7/site-packages/airflow/example_dags/example_task_group.py
[2024-09-24T04:37:00.838+0000] {logging_mixin.py:120} INFO - [2024-09-24T04:37:00.838+0000] {dag.py:2585} INFO - Sync 1 DAGs
[2024-09-24T04:37:00.876+0000] {logging_mixin.py:120} INFO - [2024-09-24T04:37:00.876+0000] {dag.py:3340} INFO - Setting next_dagrun for example_task_group to 2024-09-23T04:37:00.876030+00:00, run_after=2024-09-24T04:37:00.876030+00:00
[2024-09-24T04:37:00.906+0000] {processor.py:176} INFO - Processing /home/airflow/.local/lib/python3.7/site-packages/airflow/example_dags/example_task_group.py took 0.176 seconds
[2024-09-24T04:37:58.182+0000] {processor.py:154} INFO - Started process (PID=16159) to work on /home/airflow/.local/lib/python3.7/site-packages/airflow/example_dags/example_task_group.py
[2024-09-24T04:37:58.183+0000] {processor.py:756} INFO - Processing file /home/airflow/.local/lib/python3.7/site-packages/airflow/example_dags/example_task_group.py for tasks to queue
[2024-09-24T04:37:58.184+0000] {logging_mixin.py:120} INFO - [2024-09-24T04:37:58.184+0000] {dagbag.py:537} INFO - Filling up the DagBag from /home/airflow/.local/lib/python3.7/site-packages/airflow/example_dags/example_task_group.py
[2024-09-24T04:37:58.212+0000] {processor.py:766} INFO - DAG(s) dict_keys(['example_task_group']) retrieved from /home/airflow/.local/lib/python3.7/site-packages/airflow/example_dags/example_task_group.py
[2024-09-24T04:37:58.264+0000] {logging_mixin.py:120} INFO - [2024-09-24T04:37:58.264+0000] {dag.py:2585} INFO - Sync 1 DAGs
[2024-09-24T04:37:58.297+0000] {logging_mixin.py:120} INFO - [2024-09-24T04:37:58.297+0000] {dag.py:3340} INFO - Setting next_dagrun for example_task_group to 2024-09-23T04:37:58.297148+00:00, run_after=2024-09-24T04:37:58.297148+00:00
[2024-09-24T04:37:58.331+0000] {processor.py:176} INFO - Processing /home/airflow/.local/lib/python3.7/site-packages/airflow/example_dags/example_task_group.py took 0.154 seconds
[2024-09-24T06:15:54.843+0000] {processor.py:154} INFO - Started process (PID=16223) to work on /home/airflow/.local/lib/python3.7/site-packages/airflow/example_dags/example_task_group.py
[2024-09-24T06:15:54.845+0000] {processor.py:756} INFO - Processing file /home/airflow/.local/lib/python3.7/site-packages/airflow/example_dags/example_task_group.py for tasks to queue
[2024-09-24T06:15:54.846+0000] {logging_mixin.py:120} INFO - [2024-09-24T06:15:54.845+0000] {dagbag.py:537} INFO - Filling up the DagBag from /home/airflow/.local/lib/python3.7/site-packages/airflow/example_dags/example_task_group.py
[2024-09-24T06:15:54.867+0000] {processor.py:766} INFO - DAG(s) dict_keys(['example_task_group']) retrieved from /home/airflow/.local/lib/python3.7/site-packages/airflow/example_dags/example_task_group.py
[2024-09-24T06:15:54.933+0000] {logging_mixin.py:120} INFO - [2024-09-24T06:15:54.932+0000] {dag.py:2585} INFO - Sync 1 DAGs
[2024-09-24T06:15:54.978+0000] {logging_mixin.py:120} INFO - [2024-09-24T06:15:54.978+0000] {dag.py:3340} INFO - Setting next_dagrun for example_task_group to 2024-09-23T06:15:54.977723+00:00, run_after=2024-09-24T06:15:54.977723+00:00
[2024-09-24T06:15:55.011+0000] {processor.py:176} INFO - Processing /home/airflow/.local/lib/python3.7/site-packages/airflow/example_dags/example_task_group.py took 0.173 seconds
[2024-09-24T06:31:02.919+0000] {processor.py:154} INFO - Started process (PID=16277) to work on /home/airflow/.local/lib/python3.7/site-packages/airflow/example_dags/example_task_group.py
[2024-09-24T06:31:02.921+0000] {processor.py:756} INFO - Processing file /home/airflow/.local/lib/python3.7/site-packages/airflow/example_dags/example_task_group.py for tasks to queue
[2024-09-24T06:31:02.925+0000] {logging_mixin.py:120} INFO - [2024-09-24T06:31:02.925+0000] {dagbag.py:537} INFO - Filling up the DagBag from /home/airflow/.local/lib/python3.7/site-packages/airflow/example_dags/example_task_group.py
[2024-09-24T06:31:02.961+0000] {processor.py:766} INFO - DAG(s) dict_keys(['example_task_group']) retrieved from /home/airflow/.local/lib/python3.7/site-packages/airflow/example_dags/example_task_group.py
[2024-09-24T06:31:03.022+0000] {logging_mixin.py:120} INFO - [2024-09-24T06:31:03.022+0000] {dag.py:2585} INFO - Sync 1 DAGs
[2024-09-24T06:31:03.063+0000] {logging_mixin.py:120} INFO - [2024-09-24T06:31:03.063+0000] {dag.py:3340} INFO - Setting next_dagrun for example_task_group to 2024-09-23T06:31:03.063362+00:00, run_after=2024-09-24T06:31:03.063362+00:00
[2024-09-24T06:31:03.092+0000] {processor.py:176} INFO - Processing /home/airflow/.local/lib/python3.7/site-packages/airflow/example_dags/example_task_group.py took 0.178 seconds
[2024-09-24T08:40:12.209+0000] {processor.py:154} INFO - Started process (PID=16340) to work on /home/airflow/.local/lib/python3.7/site-packages/airflow/example_dags/example_task_group.py
[2024-09-24T08:40:12.212+0000] {processor.py:756} INFO - Processing file /home/airflow/.local/lib/python3.7/site-packages/airflow/example_dags/example_task_group.py for tasks to queue
[2024-09-24T08:40:12.213+0000] {logging_mixin.py:120} INFO - [2024-09-24T08:40:12.213+0000] {dagbag.py:537} INFO - Filling up the DagBag from /home/airflow/.local/lib/python3.7/site-packages/airflow/example_dags/example_task_group.py
[2024-09-24T08:40:12.239+0000] {processor.py:766} INFO - DAG(s) dict_keys(['example_task_group']) retrieved from /home/airflow/.local/lib/python3.7/site-packages/airflow/example_dags/example_task_group.py
[2024-09-24T08:40:12.296+0000] {logging_mixin.py:120} INFO - [2024-09-24T08:40:12.295+0000] {dag.py:2585} INFO - Sync 1 DAGs
[2024-09-24T08:40:12.326+0000] {logging_mixin.py:120} INFO - [2024-09-24T08:40:12.326+0000] {dag.py:3340} INFO - Setting next_dagrun for example_task_group to 2024-09-23T08:40:12.326273+00:00, run_after=2024-09-24T08:40:12.326273+00:00
[2024-09-24T08:40:12.348+0000] {processor.py:176} INFO - Processing /home/airflow/.local/lib/python3.7/site-packages/airflow/example_dags/example_task_group.py took 0.144 seconds
[2024-09-24T11:11:21.653+0000] {processor.py:154} INFO - Started process (PID=16403) to work on /home/airflow/.local/lib/python3.7/site-packages/airflow/example_dags/example_task_group.py
[2024-09-24T11:11:21.657+0000] {processor.py:756} INFO - Processing file /home/airflow/.local/lib/python3.7/site-packages/airflow/example_dags/example_task_group.py for tasks to queue
[2024-09-24T11:11:21.659+0000] {logging_mixin.py:120} INFO - [2024-09-24T11:11:21.659+0000] {dagbag.py:537} INFO - Filling up the DagBag from /home/airflow/.local/lib/python3.7/site-packages/airflow/example_dags/example_task_group.py
[2024-09-24T11:11:21.694+0000] {processor.py:766} INFO - DAG(s) dict_keys(['example_task_group']) retrieved from /home/airflow/.local/lib/python3.7/site-packages/airflow/example_dags/example_task_group.py
[2024-09-24T11:11:21.778+0000] {logging_mixin.py:120} INFO - [2024-09-24T11:11:21.777+0000] {dag.py:2585} INFO - Sync 1 DAGs
[2024-09-24T11:11:21.828+0000] {logging_mixin.py:120} INFO - [2024-09-24T11:11:21.828+0000] {dag.py:3340} INFO - Setting next_dagrun for example_task_group to 2024-09-23T11:11:21.827572+00:00, run_after=2024-09-24T11:11:21.827572+00:00
[2024-09-24T11:11:21.869+0000] {processor.py:176} INFO - Processing /home/airflow/.local/lib/python3.7/site-packages/airflow/example_dags/example_task_group.py took 0.223 seconds
[2024-09-24T12:44:51.494+0000] {processor.py:154} INFO - Started process (PID=16457) to work on /home/airflow/.local/lib/python3.7/site-packages/airflow/example_dags/example_task_group.py
[2024-09-24T12:44:51.496+0000] {processor.py:756} INFO - Processing file /home/airflow/.local/lib/python3.7/site-packages/airflow/example_dags/example_task_group.py for tasks to queue
[2024-09-24T12:44:51.497+0000] {logging_mixin.py:120} INFO - [2024-09-24T12:44:51.497+0000] {dagbag.py:537} INFO - Filling up the DagBag from /home/airflow/.local/lib/python3.7/site-packages/airflow/example_dags/example_task_group.py
[2024-09-24T12:44:51.520+0000] {processor.py:766} INFO - DAG(s) dict_keys(['example_task_group']) retrieved from /home/airflow/.local/lib/python3.7/site-packages/airflow/example_dags/example_task_group.py
[2024-09-24T12:44:51.619+0000] {logging_mixin.py:120} INFO - [2024-09-24T12:44:51.619+0000] {dag.py:2585} INFO - Sync 1 DAGs
[2024-09-24T12:44:51.684+0000] {logging_mixin.py:120} INFO - [2024-09-24T12:44:51.684+0000] {dag.py:3340} INFO - Setting next_dagrun for example_task_group to 2024-09-23T12:44:51.683883+00:00, run_after=2024-09-24T12:44:51.683883+00:00
[2024-09-24T12:44:51.727+0000] {processor.py:176} INFO - Processing /home/airflow/.local/lib/python3.7/site-packages/airflow/example_dags/example_task_group.py took 0.237 seconds
[2024-09-24T14:24:40.836+0000] {processor.py:154} INFO - Started process (PID=16511) to work on /home/airflow/.local/lib/python3.7/site-packages/airflow/example_dags/example_task_group.py
[2024-09-24T14:24:40.838+0000] {processor.py:756} INFO - Processing file /home/airflow/.local/lib/python3.7/site-packages/airflow/example_dags/example_task_group.py for tasks to queue
[2024-09-24T14:24:40.839+0000] {logging_mixin.py:120} INFO - [2024-09-24T14:24:40.839+0000] {dagbag.py:537} INFO - Filling up the DagBag from /home/airflow/.local/lib/python3.7/site-packages/airflow/example_dags/example_task_group.py
[2024-09-24T14:24:40.864+0000] {processor.py:766} INFO - DAG(s) dict_keys(['example_task_group']) retrieved from /home/airflow/.local/lib/python3.7/site-packages/airflow/example_dags/example_task_group.py
[2024-09-24T14:24:40.917+0000] {logging_mixin.py:120} INFO - [2024-09-24T14:24:40.917+0000] {dag.py:2585} INFO - Sync 1 DAGs
[2024-09-24T14:24:40.946+0000] {logging_mixin.py:120} INFO - [2024-09-24T14:24:40.946+0000] {dag.py:3340} INFO - Setting next_dagrun for example_task_group to 2024-09-23T14:24:40.945813+00:00, run_after=2024-09-24T14:24:40.945813+00:00
[2024-09-24T14:24:40.971+0000] {processor.py:176} INFO - Processing /home/airflow/.local/lib/python3.7/site-packages/airflow/example_dags/example_task_group.py took 0.139 seconds
[2024-09-24T14:26:40.545+0000] {processor.py:154} INFO - Started process (PID=16574) to work on /home/airflow/.local/lib/python3.7/site-packages/airflow/example_dags/example_task_group.py
[2024-09-24T14:26:40.546+0000] {processor.py:756} INFO - Processing file /home/airflow/.local/lib/python3.7/site-packages/airflow/example_dags/example_task_group.py for tasks to queue
[2024-09-24T14:26:40.547+0000] {logging_mixin.py:120} INFO - [2024-09-24T14:26:40.547+0000] {dagbag.py:537} INFO - Filling up the DagBag from /home/airflow/.local/lib/python3.7/site-packages/airflow/example_dags/example_task_group.py
[2024-09-24T14:26:40.570+0000] {processor.py:766} INFO - DAG(s) dict_keys(['example_task_group']) retrieved from /home/airflow/.local/lib/python3.7/site-packages/airflow/example_dags/example_task_group.py
[2024-09-24T14:26:40.631+0000] {logging_mixin.py:120} INFO - [2024-09-24T14:26:40.631+0000] {dag.py:2585} INFO - Sync 1 DAGs
[2024-09-24T14:26:40.670+0000] {logging_mixin.py:120} INFO - [2024-09-24T14:26:40.669+0000] {dag.py:3340} INFO - Setting next_dagrun for example_task_group to 2024-09-23T14:26:40.669419+00:00, run_after=2024-09-24T14:26:40.669419+00:00
[2024-09-24T14:26:40.701+0000] {processor.py:176} INFO - Processing /home/airflow/.local/lib/python3.7/site-packages/airflow/example_dags/example_task_group.py took 0.162 seconds
[2024-09-24T15:01:03.810+0000] {processor.py:154} INFO - Started process (PID=16628) to work on /home/airflow/.local/lib/python3.7/site-packages/airflow/example_dags/example_task_group.py
[2024-09-24T15:01:03.812+0000] {processor.py:756} INFO - Processing file /home/airflow/.local/lib/python3.7/site-packages/airflow/example_dags/example_task_group.py for tasks to queue
[2024-09-24T15:01:03.813+0000] {logging_mixin.py:120} INFO - [2024-09-24T15:01:03.813+0000] {dagbag.py:537} INFO - Filling up the DagBag from /home/airflow/.local/lib/python3.7/site-packages/airflow/example_dags/example_task_group.py
[2024-09-24T15:01:03.841+0000] {processor.py:766} INFO - DAG(s) dict_keys(['example_task_group']) retrieved from /home/airflow/.local/lib/python3.7/site-packages/airflow/example_dags/example_task_group.py
[2024-09-24T15:01:03.895+0000] {logging_mixin.py:120} INFO - [2024-09-24T15:01:03.895+0000] {dag.py:2585} INFO - Sync 1 DAGs
[2024-09-24T15:01:03.928+0000] {logging_mixin.py:120} INFO - [2024-09-24T15:01:03.927+0000] {dag.py:3340} INFO - Setting next_dagrun for example_task_group to 2024-09-23T15:01:03.927364+00:00, run_after=2024-09-24T15:01:03.927364+00:00
[2024-09-24T15:01:03.962+0000] {processor.py:176} INFO - Processing /home/airflow/.local/lib/python3.7/site-packages/airflow/example_dags/example_task_group.py took 0.157 seconds
[2024-09-24T16:32:28.616+0000] {processor.py:154} INFO - Started process (PID=16691) to work on /home/airflow/.local/lib/python3.7/site-packages/airflow/example_dags/example_task_group.py
[2024-09-24T16:32:28.617+0000] {processor.py:756} INFO - Processing file /home/airflow/.local/lib/python3.7/site-packages/airflow/example_dags/example_task_group.py for tasks to queue
[2024-09-24T16:32:28.618+0000] {logging_mixin.py:120} INFO - [2024-09-24T16:32:28.618+0000] {dagbag.py:537} INFO - Filling up the DagBag from /home/airflow/.local/lib/python3.7/site-packages/airflow/example_dags/example_task_group.py
[2024-09-24T16:32:28.639+0000] {processor.py:766} INFO - DAG(s) dict_keys(['example_task_group']) retrieved from /home/airflow/.local/lib/python3.7/site-packages/airflow/example_dags/example_task_group.py
[2024-09-24T16:32:28.696+0000] {logging_mixin.py:120} INFO - [2024-09-24T16:32:28.696+0000] {dag.py:2585} INFO - Sync 1 DAGs
[2024-09-24T16:32:28.728+0000] {logging_mixin.py:120} INFO - [2024-09-24T16:32:28.728+0000] {dag.py:3340} INFO - Setting next_dagrun for example_task_group to 2024-09-23T16:32:28.728024+00:00, run_after=2024-09-24T16:32:28.728024+00:00
[2024-09-24T16:32:28.763+0000] {processor.py:176} INFO - Processing /home/airflow/.local/lib/python3.7/site-packages/airflow/example_dags/example_task_group.py took 0.152 seconds
[2024-09-24T16:38:52.347+0000] {processor.py:154} INFO - Started process (PID=16754) to work on /home/airflow/.local/lib/python3.7/site-packages/airflow/example_dags/example_task_group.py
[2024-09-24T16:38:52.352+0000] {processor.py:756} INFO - Processing file /home/airflow/.local/lib/python3.7/site-packages/airflow/example_dags/example_task_group.py for tasks to queue
[2024-09-24T16:38:52.356+0000] {logging_mixin.py:120} INFO - [2024-09-24T16:38:52.356+0000] {dagbag.py:537} INFO - Filling up the DagBag from /home/airflow/.local/lib/python3.7/site-packages/airflow/example_dags/example_task_group.py
[2024-09-24T16:38:52.389+0000] {processor.py:766} INFO - DAG(s) dict_keys(['example_task_group']) retrieved from /home/airflow/.local/lib/python3.7/site-packages/airflow/example_dags/example_task_group.py
[2024-09-24T16:38:52.495+0000] {logging_mixin.py:120} INFO - [2024-09-24T16:38:52.494+0000] {dag.py:2585} INFO - Sync 1 DAGs
[2024-09-24T16:38:52.565+0000] {logging_mixin.py:120} INFO - [2024-09-24T16:38:52.564+0000] {dag.py:3340} INFO - Setting next_dagrun for example_task_group to 2024-09-23T16:38:52.564401+00:00, run_after=2024-09-24T16:38:52.564401+00:00
[2024-09-24T16:38:52.623+0000] {processor.py:176} INFO - Processing /home/airflow/.local/lib/python3.7/site-packages/airflow/example_dags/example_task_group.py took 0.282 seconds
[2024-09-24T17:03:42.414+0000] {processor.py:154} INFO - Started process (PID=16808) to work on /home/airflow/.local/lib/python3.7/site-packages/airflow/example_dags/example_task_group.py
[2024-09-24T17:03:42.416+0000] {processor.py:756} INFO - Processing file /home/airflow/.local/lib/python3.7/site-packages/airflow/example_dags/example_task_group.py for tasks to queue
[2024-09-24T17:03:42.419+0000] {logging_mixin.py:120} INFO - [2024-09-24T17:03:42.419+0000] {dagbag.py:537} INFO - Filling up the DagBag from /home/airflow/.local/lib/python3.7/site-packages/airflow/example_dags/example_task_group.py
[2024-09-24T17:03:42.462+0000] {processor.py:766} INFO - DAG(s) dict_keys(['example_task_group']) retrieved from /home/airflow/.local/lib/python3.7/site-packages/airflow/example_dags/example_task_group.py
[2024-09-24T17:03:42.546+0000] {logging_mixin.py:120} INFO - [2024-09-24T17:03:42.546+0000] {dag.py:2585} INFO - Sync 1 DAGs
[2024-09-24T17:03:42.599+0000] {logging_mixin.py:120} INFO - [2024-09-24T17:03:42.599+0000] {dag.py:3340} INFO - Setting next_dagrun for example_task_group to 2024-09-23T17:03:42.599117+00:00, run_after=2024-09-24T17:03:42.599117+00:00
[2024-09-24T17:03:42.637+0000] {processor.py:176} INFO - Processing /home/airflow/.local/lib/python3.7/site-packages/airflow/example_dags/example_task_group.py took 0.230 seconds
[2024-09-24T17:24:33.938+0000] {processor.py:154} INFO - Started process (PID=16862) to work on /home/airflow/.local/lib/python3.7/site-packages/airflow/example_dags/example_task_group.py
[2024-09-24T17:24:33.941+0000] {processor.py:756} INFO - Processing file /home/airflow/.local/lib/python3.7/site-packages/airflow/example_dags/example_task_group.py for tasks to queue
[2024-09-24T17:24:33.943+0000] {logging_mixin.py:120} INFO - [2024-09-24T17:24:33.943+0000] {dagbag.py:537} INFO - Filling up the DagBag from /home/airflow/.local/lib/python3.7/site-packages/airflow/example_dags/example_task_group.py
[2024-09-24T17:24:33.986+0000] {processor.py:766} INFO - DAG(s) dict_keys(['example_task_group']) retrieved from /home/airflow/.local/lib/python3.7/site-packages/airflow/example_dags/example_task_group.py
[2024-09-24T17:24:34.087+0000] {logging_mixin.py:120} INFO - [2024-09-24T17:24:34.087+0000] {dag.py:2585} INFO - Sync 1 DAGs
[2024-09-24T17:24:34.144+0000] {logging_mixin.py:120} INFO - [2024-09-24T17:24:34.144+0000] {dag.py:3340} INFO - Setting next_dagrun for example_task_group to 2024-09-23T17:24:34.144039+00:00, run_after=2024-09-24T17:24:34.144039+00:00
[2024-09-24T17:24:34.188+0000] {processor.py:176} INFO - Processing /home/airflow/.local/lib/python3.7/site-packages/airflow/example_dags/example_task_group.py took 0.257 seconds
[2024-09-24T18:04:41.625+0000] {processor.py:154} INFO - Started process (PID=16916) to work on /home/airflow/.local/lib/python3.7/site-packages/airflow/example_dags/example_task_group.py
[2024-09-24T18:04:41.628+0000] {processor.py:756} INFO - Processing file /home/airflow/.local/lib/python3.7/site-packages/airflow/example_dags/example_task_group.py for tasks to queue
[2024-09-24T18:04:41.630+0000] {logging_mixin.py:120} INFO - [2024-09-24T18:04:41.630+0000] {dagbag.py:537} INFO - Filling up the DagBag from /home/airflow/.local/lib/python3.7/site-packages/airflow/example_dags/example_task_group.py
[2024-09-24T18:04:41.665+0000] {processor.py:766} INFO - DAG(s) dict_keys(['example_task_group']) retrieved from /home/airflow/.local/lib/python3.7/site-packages/airflow/example_dags/example_task_group.py
[2024-09-24T18:04:41.763+0000] {logging_mixin.py:120} INFO - [2024-09-24T18:04:41.762+0000] {dag.py:2585} INFO - Sync 1 DAGs
[2024-09-24T18:04:41.828+0000] {logging_mixin.py:120} INFO - [2024-09-24T18:04:41.827+0000] {dag.py:3340} INFO - Setting next_dagrun for example_task_group to 2024-09-23T18:04:41.827625+00:00, run_after=2024-09-24T18:04:41.827625+00:00
[2024-09-24T18:04:41.866+0000] {processor.py:176} INFO - Processing /home/airflow/.local/lib/python3.7/site-packages/airflow/example_dags/example_task_group.py took 0.252 seconds
[2024-09-24T19:05:37.264+0000] {processor.py:154} INFO - Started process (PID=16961) to work on /home/airflow/.local/lib/python3.7/site-packages/airflow/example_dags/example_task_group.py
[2024-09-24T19:05:37.266+0000] {processor.py:756} INFO - Processing file /home/airflow/.local/lib/python3.7/site-packages/airflow/example_dags/example_task_group.py for tasks to queue
[2024-09-24T19:05:37.268+0000] {logging_mixin.py:120} INFO - [2024-09-24T19:05:37.268+0000] {dagbag.py:537} INFO - Filling up the DagBag from /home/airflow/.local/lib/python3.7/site-packages/airflow/example_dags/example_task_group.py
[2024-09-24T19:05:37.300+0000] {processor.py:766} INFO - DAG(s) dict_keys(['example_task_group']) retrieved from /home/airflow/.local/lib/python3.7/site-packages/airflow/example_dags/example_task_group.py
[2024-09-24T19:05:37.382+0000] {logging_mixin.py:120} INFO - [2024-09-24T19:05:37.382+0000] {dag.py:2585} INFO - Sync 1 DAGs
[2024-09-24T19:05:37.438+0000] {logging_mixin.py:120} INFO - [2024-09-24T19:05:37.437+0000] {dag.py:3340} INFO - Setting next_dagrun for example_task_group to 2024-09-23T19:05:37.437362+00:00, run_after=2024-09-24T19:05:37.437362+00:00
[2024-09-24T19:05:37.477+0000] {processor.py:176} INFO - Processing /home/airflow/.local/lib/python3.7/site-packages/airflow/example_dags/example_task_group.py took 0.218 seconds
[2024-09-24T20:06:43.744+0000] {processor.py:154} INFO - Started process (PID=17015) to work on /home/airflow/.local/lib/python3.7/site-packages/airflow/example_dags/example_task_group.py
[2024-09-24T20:06:43.749+0000] {processor.py:756} INFO - Processing file /home/airflow/.local/lib/python3.7/site-packages/airflow/example_dags/example_task_group.py for tasks to queue
[2024-09-24T20:06:43.752+0000] {logging_mixin.py:120} INFO - [2024-09-24T20:06:43.752+0000] {dagbag.py:537} INFO - Filling up the DagBag from /home/airflow/.local/lib/python3.7/site-packages/airflow/example_dags/example_task_group.py
[2024-09-24T20:06:43.796+0000] {processor.py:766} INFO - DAG(s) dict_keys(['example_task_group']) retrieved from /home/airflow/.local/lib/python3.7/site-packages/airflow/example_dags/example_task_group.py
[2024-09-24T20:06:43.897+0000] {logging_mixin.py:120} INFO - [2024-09-24T20:06:43.896+0000] {dag.py:2585} INFO - Sync 1 DAGs
[2024-09-24T20:06:43.969+0000] {logging_mixin.py:120} INFO - [2024-09-24T20:06:43.968+0000] {dag.py:3340} INFO - Setting next_dagrun for example_task_group to 2024-09-23T20:06:43.968207+00:00, run_after=2024-09-24T20:06:43.968207+00:00
[2024-09-24T20:06:44.027+0000] {processor.py:176} INFO - Processing /home/airflow/.local/lib/python3.7/site-packages/airflow/example_dags/example_task_group.py took 0.290 seconds
[2024-09-24T22:08:35.768+0000] {processor.py:154} INFO - Started process (PID=17069) to work on /home/airflow/.local/lib/python3.7/site-packages/airflow/example_dags/example_task_group.py
[2024-09-24T22:08:35.771+0000] {processor.py:756} INFO - Processing file /home/airflow/.local/lib/python3.7/site-packages/airflow/example_dags/example_task_group.py for tasks to queue
[2024-09-24T22:08:35.775+0000] {logging_mixin.py:120} INFO - [2024-09-24T22:08:35.774+0000] {dagbag.py:537} INFO - Filling up the DagBag from /home/airflow/.local/lib/python3.7/site-packages/airflow/example_dags/example_task_group.py
[2024-09-24T22:08:35.823+0000] {processor.py:766} INFO - DAG(s) dict_keys(['example_task_group']) retrieved from /home/airflow/.local/lib/python3.7/site-packages/airflow/example_dags/example_task_group.py
[2024-09-24T22:08:35.927+0000] {logging_mixin.py:120} INFO - [2024-09-24T22:08:35.927+0000] {dag.py:2585} INFO - Sync 1 DAGs
[2024-09-24T22:08:35.996+0000] {logging_mixin.py:120} INFO - [2024-09-24T22:08:35.996+0000] {dag.py:3340} INFO - Setting next_dagrun for example_task_group to 2024-09-23T22:08:35.995794+00:00, run_after=2024-09-24T22:08:35.995794+00:00
[2024-09-24T22:08:36.054+0000] {processor.py:176} INFO - Processing /home/airflow/.local/lib/python3.7/site-packages/airflow/example_dags/example_task_group.py took 0.293 seconds
