[2024-09-24T01:38:15.178+0000] {processor.py:154} INFO - Started process (PID=13860) to work on /home/airflow/.local/lib/python3.7/site-packages/airflow/example_dags/example_xcom.py
[2024-09-24T01:38:15.179+0000] {processor.py:756} INFO - Processing file /home/airflow/.local/lib/python3.7/site-packages/airflow/example_dags/example_xcom.py for tasks to queue
[2024-09-24T01:38:15.182+0000] {logging_mixin.py:120} INFO - [2024-09-24T01:38:15.181+0000] {dagbag.py:537} INFO - Filling up the DagBag from /home/airflow/.local/lib/python3.7/site-packages/airflow/example_dags/example_xcom.py
[2024-09-24T01:38:15.223+0000] {processor.py:766} INFO - DAG(s) dict_keys(['example_xcom']) retrieved from /home/airflow/.local/lib/python3.7/site-packages/airflow/example_dags/example_xcom.py
[2024-09-24T01:38:15.302+0000] {logging_mixin.py:120} INFO - [2024-09-24T01:38:15.302+0000] {dag.py:2585} INFO - Sync 1 DAGs
[2024-09-24T01:38:15.360+0000] {logging_mixin.py:120} INFO - [2024-09-24T01:38:15.360+0000] {dag.py:3340} INFO - Setting next_dagrun for example_xcom to 2021-01-01T00:00:00+00:00, run_after=2021-01-01T00:00:00+00:00
[2024-09-24T01:38:15.398+0000] {processor.py:176} INFO - Processing /home/airflow/.local/lib/python3.7/site-packages/airflow/example_dags/example_xcom.py took 0.228 seconds
[2024-09-24T01:41:38.859+0000] {processor.py:154} INFO - Started process (PID=13914) to work on /home/airflow/.local/lib/python3.7/site-packages/airflow/example_dags/example_xcom.py
[2024-09-24T01:41:38.860+0000] {processor.py:756} INFO - Processing file /home/airflow/.local/lib/python3.7/site-packages/airflow/example_dags/example_xcom.py for tasks to queue
[2024-09-24T01:41:38.862+0000] {logging_mixin.py:120} INFO - [2024-09-24T01:41:38.861+0000] {dagbag.py:537} INFO - Filling up the DagBag from /home/airflow/.local/lib/python3.7/site-packages/airflow/example_dags/example_xcom.py
[2024-09-24T01:41:38.893+0000] {processor.py:766} INFO - DAG(s) dict_keys(['example_xcom']) retrieved from /home/airflow/.local/lib/python3.7/site-packages/airflow/example_dags/example_xcom.py
[2024-09-24T01:41:38.953+0000] {logging_mixin.py:120} INFO - [2024-09-24T01:41:38.953+0000] {dag.py:2585} INFO - Sync 1 DAGs
[2024-09-24T01:41:38.991+0000] {logging_mixin.py:120} INFO - [2024-09-24T01:41:38.991+0000] {dag.py:3340} INFO - Setting next_dagrun for example_xcom to 2021-01-01T00:00:00+00:00, run_after=2021-01-01T00:00:00+00:00
[2024-09-24T01:41:39.026+0000] {processor.py:176} INFO - Processing /home/airflow/.local/lib/python3.7/site-packages/airflow/example_dags/example_xcom.py took 0.173 seconds
[2024-09-24T03:27:54.290+0000] {processor.py:154} INFO - Started process (PID=13977) to work on /home/airflow/.local/lib/python3.7/site-packages/airflow/example_dags/example_xcom.py
[2024-09-24T03:27:54.292+0000] {processor.py:756} INFO - Processing file /home/airflow/.local/lib/python3.7/site-packages/airflow/example_dags/example_xcom.py for tasks to queue
[2024-09-24T03:27:54.295+0000] {logging_mixin.py:120} INFO - [2024-09-24T03:27:54.294+0000] {dagbag.py:537} INFO - Filling up the DagBag from /home/airflow/.local/lib/python3.7/site-packages/airflow/example_dags/example_xcom.py
[2024-09-24T03:27:54.338+0000] {processor.py:766} INFO - DAG(s) dict_keys(['example_xcom']) retrieved from /home/airflow/.local/lib/python3.7/site-packages/airflow/example_dags/example_xcom.py
[2024-09-24T03:27:54.418+0000] {logging_mixin.py:120} INFO - [2024-09-24T03:27:54.418+0000] {dag.py:2585} INFO - Sync 1 DAGs
[2024-09-24T03:27:54.466+0000] {logging_mixin.py:120} INFO - [2024-09-24T03:27:54.465+0000] {dag.py:3340} INFO - Setting next_dagrun for example_xcom to 2021-01-01T00:00:00+00:00, run_after=2021-01-01T00:00:00+00:00
[2024-09-24T03:27:54.507+0000] {processor.py:176} INFO - Processing /home/airflow/.local/lib/python3.7/site-packages/airflow/example_dags/example_xcom.py took 0.224 seconds
[2024-09-24T04:19:32.018+0000] {processor.py:154} INFO - Started process (PID=14031) to work on /home/airflow/.local/lib/python3.7/site-packages/airflow/example_dags/example_xcom.py
[2024-09-24T04:19:32.028+0000] {processor.py:756} INFO - Processing file /home/airflow/.local/lib/python3.7/site-packages/airflow/example_dags/example_xcom.py for tasks to queue
[2024-09-24T04:19:32.031+0000] {logging_mixin.py:120} INFO - [2024-09-24T04:19:32.030+0000] {dagbag.py:537} INFO - Filling up the DagBag from /home/airflow/.local/lib/python3.7/site-packages/airflow/example_dags/example_xcom.py
[2024-09-24T04:19:32.270+0000] {processor.py:766} INFO - DAG(s) dict_keys(['example_xcom']) retrieved from /home/airflow/.local/lib/python3.7/site-packages/airflow/example_dags/example_xcom.py
[2024-09-24T04:19:32.527+0000] {logging_mixin.py:120} INFO - [2024-09-24T04:19:32.526+0000] {dag.py:2585} INFO - Sync 1 DAGs
[2024-09-24T04:19:32.629+0000] {logging_mixin.py:120} INFO - [2024-09-24T04:19:32.628+0000] {dag.py:3340} INFO - Setting next_dagrun for example_xcom to 2021-01-01T00:00:00+00:00, run_after=2021-01-01T00:00:00+00:00
[2024-09-24T04:19:32.684+0000] {processor.py:176} INFO - Processing /home/airflow/.local/lib/python3.7/site-packages/airflow/example_dags/example_xcom.py took 0.684 seconds
[2024-09-24T04:20:02.917+0000] {processor.py:154} INFO - Started process (PID=14094) to work on /home/airflow/.local/lib/python3.7/site-packages/airflow/example_dags/example_xcom.py
[2024-09-24T04:20:02.918+0000] {processor.py:756} INFO - Processing file /home/airflow/.local/lib/python3.7/site-packages/airflow/example_dags/example_xcom.py for tasks to queue
[2024-09-24T04:20:02.920+0000] {logging_mixin.py:120} INFO - [2024-09-24T04:20:02.919+0000] {dagbag.py:537} INFO - Filling up the DagBag from /home/airflow/.local/lib/python3.7/site-packages/airflow/example_dags/example_xcom.py
[2024-09-24T04:20:02.958+0000] {processor.py:766} INFO - DAG(s) dict_keys(['example_xcom']) retrieved from /home/airflow/.local/lib/python3.7/site-packages/airflow/example_dags/example_xcom.py
[2024-09-24T04:20:03.036+0000] {logging_mixin.py:120} INFO - [2024-09-24T04:20:03.036+0000] {dag.py:2585} INFO - Sync 1 DAGs
[2024-09-24T04:20:03.084+0000] {logging_mixin.py:120} INFO - [2024-09-24T04:20:03.084+0000] {dag.py:3340} INFO - Setting next_dagrun for example_xcom to 2021-01-01T00:00:00+00:00, run_after=2021-01-01T00:00:00+00:00
[2024-09-24T04:20:03.115+0000] {processor.py:176} INFO - Processing /home/airflow/.local/lib/python3.7/site-packages/airflow/example_dags/example_xcom.py took 0.203 seconds
[2024-09-24T04:20:33.582+0000] {processor.py:154} INFO - Started process (PID=14147) to work on /home/airflow/.local/lib/python3.7/site-packages/airflow/example_dags/example_xcom.py
[2024-09-24T04:20:33.583+0000] {processor.py:756} INFO - Processing file /home/airflow/.local/lib/python3.7/site-packages/airflow/example_dags/example_xcom.py for tasks to queue
[2024-09-24T04:20:33.584+0000] {logging_mixin.py:120} INFO - [2024-09-24T04:20:33.584+0000] {dagbag.py:537} INFO - Filling up the DagBag from /home/airflow/.local/lib/python3.7/site-packages/airflow/example_dags/example_xcom.py
[2024-09-24T04:20:33.610+0000] {processor.py:766} INFO - DAG(s) dict_keys(['example_xcom']) retrieved from /home/airflow/.local/lib/python3.7/site-packages/airflow/example_dags/example_xcom.py
[2024-09-24T04:20:33.658+0000] {logging_mixin.py:120} INFO - [2024-09-24T04:20:33.658+0000] {dag.py:2585} INFO - Sync 1 DAGs
[2024-09-24T04:20:33.687+0000] {logging_mixin.py:120} INFO - [2024-09-24T04:20:33.687+0000] {dag.py:3340} INFO - Setting next_dagrun for example_xcom to 2021-01-01T00:00:00+00:00, run_after=2021-01-01T00:00:00+00:00
[2024-09-24T04:20:33.708+0000] {processor.py:176} INFO - Processing /home/airflow/.local/lib/python3.7/site-packages/airflow/example_dags/example_xcom.py took 0.130 seconds
[2024-09-24T04:21:04.070+0000] {processor.py:154} INFO - Started process (PID=14210) to work on /home/airflow/.local/lib/python3.7/site-packages/airflow/example_dags/example_xcom.py
[2024-09-24T04:21:04.071+0000] {processor.py:756} INFO - Processing file /home/airflow/.local/lib/python3.7/site-packages/airflow/example_dags/example_xcom.py for tasks to queue
[2024-09-24T04:21:04.072+0000] {logging_mixin.py:120} INFO - [2024-09-24T04:21:04.072+0000] {dagbag.py:537} INFO - Filling up the DagBag from /home/airflow/.local/lib/python3.7/site-packages/airflow/example_dags/example_xcom.py
[2024-09-24T04:21:04.101+0000] {processor.py:766} INFO - DAG(s) dict_keys(['example_xcom']) retrieved from /home/airflow/.local/lib/python3.7/site-packages/airflow/example_dags/example_xcom.py
[2024-09-24T04:21:04.145+0000] {logging_mixin.py:120} INFO - [2024-09-24T04:21:04.144+0000] {dag.py:2585} INFO - Sync 1 DAGs
[2024-09-24T04:21:04.169+0000] {logging_mixin.py:120} INFO - [2024-09-24T04:21:04.169+0000] {dag.py:3340} INFO - Setting next_dagrun for example_xcom to 2021-01-01T00:00:00+00:00, run_after=2021-01-01T00:00:00+00:00
[2024-09-24T04:21:04.189+0000] {processor.py:176} INFO - Processing /home/airflow/.local/lib/python3.7/site-packages/airflow/example_dags/example_xcom.py took 0.123 seconds
[2024-09-24T04:21:34.501+0000] {processor.py:154} INFO - Started process (PID=14273) to work on /home/airflow/.local/lib/python3.7/site-packages/airflow/example_dags/example_xcom.py
[2024-09-24T04:21:34.502+0000] {processor.py:756} INFO - Processing file /home/airflow/.local/lib/python3.7/site-packages/airflow/example_dags/example_xcom.py for tasks to queue
[2024-09-24T04:21:34.503+0000] {logging_mixin.py:120} INFO - [2024-09-24T04:21:34.503+0000] {dagbag.py:537} INFO - Filling up the DagBag from /home/airflow/.local/lib/python3.7/site-packages/airflow/example_dags/example_xcom.py
[2024-09-24T04:21:34.533+0000] {processor.py:766} INFO - DAG(s) dict_keys(['example_xcom']) retrieved from /home/airflow/.local/lib/python3.7/site-packages/airflow/example_dags/example_xcom.py
[2024-09-24T04:21:34.583+0000] {logging_mixin.py:120} INFO - [2024-09-24T04:21:34.583+0000] {dag.py:2585} INFO - Sync 1 DAGs
[2024-09-24T04:21:34.631+0000] {logging_mixin.py:120} INFO - [2024-09-24T04:21:34.630+0000] {dag.py:3340} INFO - Setting next_dagrun for example_xcom to 2021-01-01T00:00:00+00:00, run_after=2021-01-01T00:00:00+00:00
[2024-09-24T04:21:34.668+0000] {processor.py:176} INFO - Processing /home/airflow/.local/lib/python3.7/site-packages/airflow/example_dags/example_xcom.py took 0.173 seconds
[2024-09-24T04:22:04.840+0000] {processor.py:154} INFO - Started process (PID=14328) to work on /home/airflow/.local/lib/python3.7/site-packages/airflow/example_dags/example_xcom.py
[2024-09-24T04:22:04.841+0000] {processor.py:756} INFO - Processing file /home/airflow/.local/lib/python3.7/site-packages/airflow/example_dags/example_xcom.py for tasks to queue
[2024-09-24T04:22:04.843+0000] {logging_mixin.py:120} INFO - [2024-09-24T04:22:04.842+0000] {dagbag.py:537} INFO - Filling up the DagBag from /home/airflow/.local/lib/python3.7/site-packages/airflow/example_dags/example_xcom.py
[2024-09-24T04:22:04.879+0000] {processor.py:766} INFO - DAG(s) dict_keys(['example_xcom']) retrieved from /home/airflow/.local/lib/python3.7/site-packages/airflow/example_dags/example_xcom.py
[2024-09-24T04:22:04.940+0000] {logging_mixin.py:120} INFO - [2024-09-24T04:22:04.940+0000] {dag.py:2585} INFO - Sync 1 DAGs
[2024-09-24T04:22:04.975+0000] {logging_mixin.py:120} INFO - [2024-09-24T04:22:04.974+0000] {dag.py:3340} INFO - Setting next_dagrun for example_xcom to 2021-01-01T00:00:00+00:00, run_after=2021-01-01T00:00:00+00:00
[2024-09-24T04:22:05.001+0000] {processor.py:176} INFO - Processing /home/airflow/.local/lib/python3.7/site-packages/airflow/example_dags/example_xcom.py took 0.166 seconds
[2024-09-24T04:22:35.699+0000] {processor.py:154} INFO - Started process (PID=14391) to work on /home/airflow/.local/lib/python3.7/site-packages/airflow/example_dags/example_xcom.py
[2024-09-24T04:22:35.700+0000] {processor.py:756} INFO - Processing file /home/airflow/.local/lib/python3.7/site-packages/airflow/example_dags/example_xcom.py for tasks to queue
[2024-09-24T04:22:35.701+0000] {logging_mixin.py:120} INFO - [2024-09-24T04:22:35.701+0000] {dagbag.py:537} INFO - Filling up the DagBag from /home/airflow/.local/lib/python3.7/site-packages/airflow/example_dags/example_xcom.py
[2024-09-24T04:22:35.729+0000] {processor.py:766} INFO - DAG(s) dict_keys(['example_xcom']) retrieved from /home/airflow/.local/lib/python3.7/site-packages/airflow/example_dags/example_xcom.py
[2024-09-24T04:22:35.777+0000] {logging_mixin.py:120} INFO - [2024-09-24T04:22:35.777+0000] {dag.py:2585} INFO - Sync 1 DAGs
[2024-09-24T04:22:35.805+0000] {logging_mixin.py:120} INFO - [2024-09-24T04:22:35.805+0000] {dag.py:3340} INFO - Setting next_dagrun for example_xcom to 2021-01-01T00:00:00+00:00, run_after=2021-01-01T00:00:00+00:00
[2024-09-24T04:22:35.824+0000] {processor.py:176} INFO - Processing /home/airflow/.local/lib/python3.7/site-packages/airflow/example_dags/example_xcom.py took 0.129 seconds
[2024-09-24T04:23:06.682+0000] {processor.py:154} INFO - Started process (PID=14454) to work on /home/airflow/.local/lib/python3.7/site-packages/airflow/example_dags/example_xcom.py
[2024-09-24T04:23:06.683+0000] {processor.py:756} INFO - Processing file /home/airflow/.local/lib/python3.7/site-packages/airflow/example_dags/example_xcom.py for tasks to queue
[2024-09-24T04:23:06.684+0000] {logging_mixin.py:120} INFO - [2024-09-24T04:23:06.684+0000] {dagbag.py:537} INFO - Filling up the DagBag from /home/airflow/.local/lib/python3.7/site-packages/airflow/example_dags/example_xcom.py
[2024-09-24T04:23:06.713+0000] {processor.py:766} INFO - DAG(s) dict_keys(['example_xcom']) retrieved from /home/airflow/.local/lib/python3.7/site-packages/airflow/example_dags/example_xcom.py
[2024-09-24T04:23:06.761+0000] {logging_mixin.py:120} INFO - [2024-09-24T04:23:06.761+0000] {dag.py:2585} INFO - Sync 1 DAGs
[2024-09-24T04:23:06.790+0000] {logging_mixin.py:120} INFO - [2024-09-24T04:23:06.790+0000] {dag.py:3340} INFO - Setting next_dagrun for example_xcom to 2021-01-01T00:00:00+00:00, run_after=2021-01-01T00:00:00+00:00
[2024-09-24T04:23:06.810+0000] {processor.py:176} INFO - Processing /home/airflow/.local/lib/python3.7/site-packages/airflow/example_dags/example_xcom.py took 0.131 seconds
[2024-09-24T04:23:36.892+0000] {processor.py:154} INFO - Started process (PID=14508) to work on /home/airflow/.local/lib/python3.7/site-packages/airflow/example_dags/example_xcom.py
[2024-09-24T04:23:36.893+0000] {processor.py:756} INFO - Processing file /home/airflow/.local/lib/python3.7/site-packages/airflow/example_dags/example_xcom.py for tasks to queue
[2024-09-24T04:23:36.894+0000] {logging_mixin.py:120} INFO - [2024-09-24T04:23:36.894+0000] {dagbag.py:537} INFO - Filling up the DagBag from /home/airflow/.local/lib/python3.7/site-packages/airflow/example_dags/example_xcom.py
[2024-09-24T04:23:36.922+0000] {processor.py:766} INFO - DAG(s) dict_keys(['example_xcom']) retrieved from /home/airflow/.local/lib/python3.7/site-packages/airflow/example_dags/example_xcom.py
[2024-09-24T04:23:36.969+0000] {logging_mixin.py:120} INFO - [2024-09-24T04:23:36.969+0000] {dag.py:2585} INFO - Sync 1 DAGs
[2024-09-24T04:23:36.998+0000] {logging_mixin.py:120} INFO - [2024-09-24T04:23:36.998+0000] {dag.py:3340} INFO - Setting next_dagrun for example_xcom to 2021-01-01T00:00:00+00:00, run_after=2021-01-01T00:00:00+00:00
[2024-09-24T04:23:37.019+0000] {processor.py:176} INFO - Processing /home/airflow/.local/lib/python3.7/site-packages/airflow/example_dags/example_xcom.py took 0.130 seconds
[2024-09-24T04:24:07.245+0000] {processor.py:154} INFO - Started process (PID=14570) to work on /home/airflow/.local/lib/python3.7/site-packages/airflow/example_dags/example_xcom.py
[2024-09-24T04:24:07.246+0000] {processor.py:756} INFO - Processing file /home/airflow/.local/lib/python3.7/site-packages/airflow/example_dags/example_xcom.py for tasks to queue
[2024-09-24T04:24:07.247+0000] {logging_mixin.py:120} INFO - [2024-09-24T04:24:07.247+0000] {dagbag.py:537} INFO - Filling up the DagBag from /home/airflow/.local/lib/python3.7/site-packages/airflow/example_dags/example_xcom.py
[2024-09-24T04:24:07.277+0000] {processor.py:766} INFO - DAG(s) dict_keys(['example_xcom']) retrieved from /home/airflow/.local/lib/python3.7/site-packages/airflow/example_dags/example_xcom.py
[2024-09-24T04:24:07.327+0000] {logging_mixin.py:120} INFO - [2024-09-24T04:24:07.327+0000] {dag.py:2585} INFO - Sync 1 DAGs
[2024-09-24T04:24:07.360+0000] {logging_mixin.py:120} INFO - [2024-09-24T04:24:07.360+0000] {dag.py:3340} INFO - Setting next_dagrun for example_xcom to 2021-01-01T00:00:00+00:00, run_after=2021-01-01T00:00:00+00:00
[2024-09-24T04:24:07.383+0000] {processor.py:176} INFO - Processing /home/airflow/.local/lib/python3.7/site-packages/airflow/example_dags/example_xcom.py took 0.142 seconds
[2024-09-24T04:24:38.101+0000] {processor.py:154} INFO - Started process (PID=14633) to work on /home/airflow/.local/lib/python3.7/site-packages/airflow/example_dags/example_xcom.py
[2024-09-24T04:24:38.102+0000] {processor.py:756} INFO - Processing file /home/airflow/.local/lib/python3.7/site-packages/airflow/example_dags/example_xcom.py for tasks to queue
[2024-09-24T04:24:38.103+0000] {logging_mixin.py:120} INFO - [2024-09-24T04:24:38.103+0000] {dagbag.py:537} INFO - Filling up the DagBag from /home/airflow/.local/lib/python3.7/site-packages/airflow/example_dags/example_xcom.py
[2024-09-24T04:24:38.130+0000] {processor.py:766} INFO - DAG(s) dict_keys(['example_xcom']) retrieved from /home/airflow/.local/lib/python3.7/site-packages/airflow/example_dags/example_xcom.py
[2024-09-24T04:24:38.178+0000] {logging_mixin.py:120} INFO - [2024-09-24T04:24:38.178+0000] {dag.py:2585} INFO - Sync 1 DAGs
[2024-09-24T04:24:38.209+0000] {logging_mixin.py:120} INFO - [2024-09-24T04:24:38.209+0000] {dag.py:3340} INFO - Setting next_dagrun for example_xcom to 2021-01-01T00:00:00+00:00, run_after=2021-01-01T00:00:00+00:00
[2024-09-24T04:24:38.232+0000] {processor.py:176} INFO - Processing /home/airflow/.local/lib/python3.7/site-packages/airflow/example_dags/example_xcom.py took 0.135 seconds
[2024-09-24T04:25:08.398+0000] {processor.py:154} INFO - Started process (PID=14687) to work on /home/airflow/.local/lib/python3.7/site-packages/airflow/example_dags/example_xcom.py
[2024-09-24T04:25:08.418+0000] {processor.py:756} INFO - Processing file /home/airflow/.local/lib/python3.7/site-packages/airflow/example_dags/example_xcom.py for tasks to queue
[2024-09-24T04:25:08.420+0000] {logging_mixin.py:120} INFO - [2024-09-24T04:25:08.420+0000] {dagbag.py:537} INFO - Filling up the DagBag from /home/airflow/.local/lib/python3.7/site-packages/airflow/example_dags/example_xcom.py
[2024-09-24T04:25:08.468+0000] {processor.py:766} INFO - DAG(s) dict_keys(['example_xcom']) retrieved from /home/airflow/.local/lib/python3.7/site-packages/airflow/example_dags/example_xcom.py
[2024-09-24T04:25:08.530+0000] {logging_mixin.py:120} INFO - [2024-09-24T04:25:08.529+0000] {dag.py:2585} INFO - Sync 1 DAGs
[2024-09-24T04:25:08.572+0000] {logging_mixin.py:120} INFO - [2024-09-24T04:25:08.572+0000] {dag.py:3340} INFO - Setting next_dagrun for example_xcom to 2021-01-01T00:00:00+00:00, run_after=2021-01-01T00:00:00+00:00
[2024-09-24T04:25:08.604+0000] {processor.py:176} INFO - Processing /home/airflow/.local/lib/python3.7/site-packages/airflow/example_dags/example_xcom.py took 0.267 seconds
[2024-09-24T04:25:38.723+0000] {processor.py:154} INFO - Started process (PID=14749) to work on /home/airflow/.local/lib/python3.7/site-packages/airflow/example_dags/example_xcom.py
[2024-09-24T04:25:38.725+0000] {processor.py:756} INFO - Processing file /home/airflow/.local/lib/python3.7/site-packages/airflow/example_dags/example_xcom.py for tasks to queue
[2024-09-24T04:25:38.726+0000] {logging_mixin.py:120} INFO - [2024-09-24T04:25:38.726+0000] {dagbag.py:537} INFO - Filling up the DagBag from /home/airflow/.local/lib/python3.7/site-packages/airflow/example_dags/example_xcom.py
[2024-09-24T04:25:38.758+0000] {processor.py:766} INFO - DAG(s) dict_keys(['example_xcom']) retrieved from /home/airflow/.local/lib/python3.7/site-packages/airflow/example_dags/example_xcom.py
[2024-09-24T04:25:38.809+0000] {logging_mixin.py:120} INFO - [2024-09-24T04:25:38.809+0000] {dag.py:2585} INFO - Sync 1 DAGs
[2024-09-24T04:25:38.841+0000] {logging_mixin.py:120} INFO - [2024-09-24T04:25:38.841+0000] {dag.py:3340} INFO - Setting next_dagrun for example_xcom to 2021-01-01T00:00:00+00:00, run_after=2021-01-01T00:00:00+00:00
[2024-09-24T04:25:38.863+0000] {processor.py:176} INFO - Processing /home/airflow/.local/lib/python3.7/site-packages/airflow/example_dags/example_xcom.py took 0.145 seconds
[2024-09-24T04:26:09.046+0000] {processor.py:154} INFO - Started process (PID=14812) to work on /home/airflow/.local/lib/python3.7/site-packages/airflow/example_dags/example_xcom.py
[2024-09-24T04:26:09.047+0000] {processor.py:756} INFO - Processing file /home/airflow/.local/lib/python3.7/site-packages/airflow/example_dags/example_xcom.py for tasks to queue
[2024-09-24T04:26:09.048+0000] {logging_mixin.py:120} INFO - [2024-09-24T04:26:09.048+0000] {dagbag.py:537} INFO - Filling up the DagBag from /home/airflow/.local/lib/python3.7/site-packages/airflow/example_dags/example_xcom.py
[2024-09-24T04:26:09.077+0000] {processor.py:766} INFO - DAG(s) dict_keys(['example_xcom']) retrieved from /home/airflow/.local/lib/python3.7/site-packages/airflow/example_dags/example_xcom.py
[2024-09-24T04:26:09.125+0000] {logging_mixin.py:120} INFO - [2024-09-24T04:26:09.125+0000] {dag.py:2585} INFO - Sync 1 DAGs
[2024-09-24T04:26:09.153+0000] {logging_mixin.py:120} INFO - [2024-09-24T04:26:09.153+0000] {dag.py:3340} INFO - Setting next_dagrun for example_xcom to 2021-01-01T00:00:00+00:00, run_after=2021-01-01T00:00:00+00:00
[2024-09-24T04:26:09.174+0000] {processor.py:176} INFO - Processing /home/airflow/.local/lib/python3.7/site-packages/airflow/example_dags/example_xcom.py took 0.132 seconds
[2024-09-24T04:26:39.199+0000] {processor.py:154} INFO - Started process (PID=14865) to work on /home/airflow/.local/lib/python3.7/site-packages/airflow/example_dags/example_xcom.py
[2024-09-24T04:26:39.202+0000] {processor.py:756} INFO - Processing file /home/airflow/.local/lib/python3.7/site-packages/airflow/example_dags/example_xcom.py for tasks to queue
[2024-09-24T04:26:39.203+0000] {logging_mixin.py:120} INFO - [2024-09-24T04:26:39.203+0000] {dagbag.py:537} INFO - Filling up the DagBag from /home/airflow/.local/lib/python3.7/site-packages/airflow/example_dags/example_xcom.py
[2024-09-24T04:26:39.231+0000] {processor.py:766} INFO - DAG(s) dict_keys(['example_xcom']) retrieved from /home/airflow/.local/lib/python3.7/site-packages/airflow/example_dags/example_xcom.py
[2024-09-24T04:26:39.282+0000] {logging_mixin.py:120} INFO - [2024-09-24T04:26:39.282+0000] {dag.py:2585} INFO - Sync 1 DAGs
[2024-09-24T04:26:39.311+0000] {logging_mixin.py:120} INFO - [2024-09-24T04:26:39.311+0000] {dag.py:3340} INFO - Setting next_dagrun for example_xcom to 2021-01-01T00:00:00+00:00, run_after=2021-01-01T00:00:00+00:00
[2024-09-24T04:26:39.336+0000] {processor.py:176} INFO - Processing /home/airflow/.local/lib/python3.7/site-packages/airflow/example_dags/example_xcom.py took 0.141 seconds
[2024-09-24T04:27:09.743+0000] {processor.py:154} INFO - Started process (PID=14928) to work on /home/airflow/.local/lib/python3.7/site-packages/airflow/example_dags/example_xcom.py
[2024-09-24T04:27:09.745+0000] {processor.py:756} INFO - Processing file /home/airflow/.local/lib/python3.7/site-packages/airflow/example_dags/example_xcom.py for tasks to queue
[2024-09-24T04:27:09.746+0000] {logging_mixin.py:120} INFO - [2024-09-24T04:27:09.746+0000] {dagbag.py:537} INFO - Filling up the DagBag from /home/airflow/.local/lib/python3.7/site-packages/airflow/example_dags/example_xcom.py
[2024-09-24T04:27:09.780+0000] {processor.py:766} INFO - DAG(s) dict_keys(['example_xcom']) retrieved from /home/airflow/.local/lib/python3.7/site-packages/airflow/example_dags/example_xcom.py
[2024-09-24T04:27:09.838+0000] {logging_mixin.py:120} INFO - [2024-09-24T04:27:09.838+0000] {dag.py:2585} INFO - Sync 1 DAGs
[2024-09-24T04:27:09.873+0000] {logging_mixin.py:120} INFO - [2024-09-24T04:27:09.873+0000] {dag.py:3340} INFO - Setting next_dagrun for example_xcom to 2021-01-01T00:00:00+00:00, run_after=2021-01-01T00:00:00+00:00
[2024-09-24T04:27:09.901+0000] {processor.py:176} INFO - Processing /home/airflow/.local/lib/python3.7/site-packages/airflow/example_dags/example_xcom.py took 0.163 seconds
[2024-09-24T04:27:40.540+0000] {processor.py:154} INFO - Started process (PID=14990) to work on /home/airflow/.local/lib/python3.7/site-packages/airflow/example_dags/example_xcom.py
[2024-09-24T04:27:40.542+0000] {processor.py:756} INFO - Processing file /home/airflow/.local/lib/python3.7/site-packages/airflow/example_dags/example_xcom.py for tasks to queue
[2024-09-24T04:27:40.543+0000] {logging_mixin.py:120} INFO - [2024-09-24T04:27:40.543+0000] {dagbag.py:537} INFO - Filling up the DagBag from /home/airflow/.local/lib/python3.7/site-packages/airflow/example_dags/example_xcom.py
[2024-09-24T04:27:40.572+0000] {processor.py:766} INFO - DAG(s) dict_keys(['example_xcom']) retrieved from /home/airflow/.local/lib/python3.7/site-packages/airflow/example_dags/example_xcom.py
[2024-09-24T04:27:40.622+0000] {logging_mixin.py:120} INFO - [2024-09-24T04:27:40.622+0000] {dag.py:2585} INFO - Sync 1 DAGs
[2024-09-24T04:27:40.654+0000] {logging_mixin.py:120} INFO - [2024-09-24T04:27:40.654+0000] {dag.py:3340} INFO - Setting next_dagrun for example_xcom to 2021-01-01T00:00:00+00:00, run_after=2021-01-01T00:00:00+00:00
[2024-09-24T04:27:40.678+0000] {processor.py:176} INFO - Processing /home/airflow/.local/lib/python3.7/site-packages/airflow/example_dags/example_xcom.py took 0.142 seconds
[2024-09-24T04:28:10.914+0000] {processor.py:154} INFO - Started process (PID=15044) to work on /home/airflow/.local/lib/python3.7/site-packages/airflow/example_dags/example_xcom.py
[2024-09-24T04:28:10.918+0000] {processor.py:756} INFO - Processing file /home/airflow/.local/lib/python3.7/site-packages/airflow/example_dags/example_xcom.py for tasks to queue
[2024-09-24T04:28:10.920+0000] {logging_mixin.py:120} INFO - [2024-09-24T04:28:10.920+0000] {dagbag.py:537} INFO - Filling up the DagBag from /home/airflow/.local/lib/python3.7/site-packages/airflow/example_dags/example_xcom.py
[2024-09-24T04:28:10.977+0000] {processor.py:766} INFO - DAG(s) dict_keys(['example_xcom']) retrieved from /home/airflow/.local/lib/python3.7/site-packages/airflow/example_dags/example_xcom.py
[2024-09-24T04:28:11.055+0000] {logging_mixin.py:120} INFO - [2024-09-24T04:28:11.055+0000] {dag.py:2585} INFO - Sync 1 DAGs
[2024-09-24T04:28:11.089+0000] {logging_mixin.py:120} INFO - [2024-09-24T04:28:11.089+0000] {dag.py:3340} INFO - Setting next_dagrun for example_xcom to 2021-01-01T00:00:00+00:00, run_after=2021-01-01T00:00:00+00:00
[2024-09-24T04:28:11.114+0000] {processor.py:176} INFO - Processing /home/airflow/.local/lib/python3.7/site-packages/airflow/example_dags/example_xcom.py took 0.207 seconds
[2024-09-24T04:28:41.310+0000] {processor.py:154} INFO - Started process (PID=15107) to work on /home/airflow/.local/lib/python3.7/site-packages/airflow/example_dags/example_xcom.py
[2024-09-24T04:28:41.312+0000] {processor.py:756} INFO - Processing file /home/airflow/.local/lib/python3.7/site-packages/airflow/example_dags/example_xcom.py for tasks to queue
[2024-09-24T04:28:41.312+0000] {logging_mixin.py:120} INFO - [2024-09-24T04:28:41.312+0000] {dagbag.py:537} INFO - Filling up the DagBag from /home/airflow/.local/lib/python3.7/site-packages/airflow/example_dags/example_xcom.py
[2024-09-24T04:28:41.341+0000] {processor.py:766} INFO - DAG(s) dict_keys(['example_xcom']) retrieved from /home/airflow/.local/lib/python3.7/site-packages/airflow/example_dags/example_xcom.py
[2024-09-24T04:28:41.389+0000] {logging_mixin.py:120} INFO - [2024-09-24T04:28:41.389+0000] {dag.py:2585} INFO - Sync 1 DAGs
[2024-09-24T04:28:41.416+0000] {logging_mixin.py:120} INFO - [2024-09-24T04:28:41.416+0000] {dag.py:3340} INFO - Setting next_dagrun for example_xcom to 2021-01-01T00:00:00+00:00, run_after=2021-01-01T00:00:00+00:00
[2024-09-24T04:28:41.435+0000] {processor.py:176} INFO - Processing /home/airflow/.local/lib/python3.7/site-packages/airflow/example_dags/example_xcom.py took 0.129 seconds
[2024-09-24T04:29:11.661+0000] {processor.py:154} INFO - Started process (PID=15170) to work on /home/airflow/.local/lib/python3.7/site-packages/airflow/example_dags/example_xcom.py
[2024-09-24T04:29:11.662+0000] {processor.py:756} INFO - Processing file /home/airflow/.local/lib/python3.7/site-packages/airflow/example_dags/example_xcom.py for tasks to queue
[2024-09-24T04:29:11.663+0000] {logging_mixin.py:120} INFO - [2024-09-24T04:29:11.663+0000] {dagbag.py:537} INFO - Filling up the DagBag from /home/airflow/.local/lib/python3.7/site-packages/airflow/example_dags/example_xcom.py
[2024-09-24T04:29:11.694+0000] {processor.py:766} INFO - DAG(s) dict_keys(['example_xcom']) retrieved from /home/airflow/.local/lib/python3.7/site-packages/airflow/example_dags/example_xcom.py
[2024-09-24T04:29:11.752+0000] {logging_mixin.py:120} INFO - [2024-09-24T04:29:11.752+0000] {dag.py:2585} INFO - Sync 1 DAGs
[2024-09-24T04:29:11.784+0000] {logging_mixin.py:120} INFO - [2024-09-24T04:29:11.784+0000] {dag.py:3340} INFO - Setting next_dagrun for example_xcom to 2021-01-01T00:00:00+00:00, run_after=2021-01-01T00:00:00+00:00
[2024-09-24T04:29:11.807+0000] {processor.py:176} INFO - Processing /home/airflow/.local/lib/python3.7/site-packages/airflow/example_dags/example_xcom.py took 0.151 seconds
[2024-09-24T04:29:42.064+0000] {processor.py:154} INFO - Started process (PID=15224) to work on /home/airflow/.local/lib/python3.7/site-packages/airflow/example_dags/example_xcom.py
[2024-09-24T04:29:42.067+0000] {processor.py:756} INFO - Processing file /home/airflow/.local/lib/python3.7/site-packages/airflow/example_dags/example_xcom.py for tasks to queue
[2024-09-24T04:29:42.070+0000] {logging_mixin.py:120} INFO - [2024-09-24T04:29:42.070+0000] {dagbag.py:537} INFO - Filling up the DagBag from /home/airflow/.local/lib/python3.7/site-packages/airflow/example_dags/example_xcom.py
[2024-09-24T04:29:42.148+0000] {processor.py:766} INFO - DAG(s) dict_keys(['example_xcom']) retrieved from /home/airflow/.local/lib/python3.7/site-packages/airflow/example_dags/example_xcom.py
[2024-09-24T04:29:42.338+0000] {logging_mixin.py:120} INFO - [2024-09-24T04:29:42.338+0000] {dag.py:2585} INFO - Sync 1 DAGs
[2024-09-24T04:29:42.402+0000] {logging_mixin.py:120} INFO - [2024-09-24T04:29:42.402+0000] {dag.py:3340} INFO - Setting next_dagrun for example_xcom to 2021-01-01T00:00:00+00:00, run_after=2021-01-01T00:00:00+00:00
[2024-09-24T04:29:42.432+0000] {processor.py:176} INFO - Processing /home/airflow/.local/lib/python3.7/site-packages/airflow/example_dags/example_xcom.py took 0.377 seconds
[2024-09-24T04:30:12.620+0000] {processor.py:154} INFO - Started process (PID=15287) to work on /home/airflow/.local/lib/python3.7/site-packages/airflow/example_dags/example_xcom.py
[2024-09-24T04:30:12.621+0000] {processor.py:756} INFO - Processing file /home/airflow/.local/lib/python3.7/site-packages/airflow/example_dags/example_xcom.py for tasks to queue
[2024-09-24T04:30:12.622+0000] {logging_mixin.py:120} INFO - [2024-09-24T04:30:12.622+0000] {dagbag.py:537} INFO - Filling up the DagBag from /home/airflow/.local/lib/python3.7/site-packages/airflow/example_dags/example_xcom.py
[2024-09-24T04:30:12.653+0000] {processor.py:766} INFO - DAG(s) dict_keys(['example_xcom']) retrieved from /home/airflow/.local/lib/python3.7/site-packages/airflow/example_dags/example_xcom.py
[2024-09-24T04:30:12.705+0000] {logging_mixin.py:120} INFO - [2024-09-24T04:30:12.705+0000] {dag.py:2585} INFO - Sync 1 DAGs
[2024-09-24T04:30:12.737+0000] {logging_mixin.py:120} INFO - [2024-09-24T04:30:12.736+0000] {dag.py:3340} INFO - Setting next_dagrun for example_xcom to 2021-01-01T00:00:00+00:00, run_after=2021-01-01T00:00:00+00:00
[2024-09-24T04:30:12.759+0000] {processor.py:176} INFO - Processing /home/airflow/.local/lib/python3.7/site-packages/airflow/example_dags/example_xcom.py took 0.144 seconds
[2024-09-24T04:30:42.942+0000] {processor.py:154} INFO - Started process (PID=15350) to work on /home/airflow/.local/lib/python3.7/site-packages/airflow/example_dags/example_xcom.py
[2024-09-24T04:30:42.943+0000] {processor.py:756} INFO - Processing file /home/airflow/.local/lib/python3.7/site-packages/airflow/example_dags/example_xcom.py for tasks to queue
[2024-09-24T04:30:42.945+0000] {logging_mixin.py:120} INFO - [2024-09-24T04:30:42.945+0000] {dagbag.py:537} INFO - Filling up the DagBag from /home/airflow/.local/lib/python3.7/site-packages/airflow/example_dags/example_xcom.py
[2024-09-24T04:30:42.976+0000] {processor.py:766} INFO - DAG(s) dict_keys(['example_xcom']) retrieved from /home/airflow/.local/lib/python3.7/site-packages/airflow/example_dags/example_xcom.py
[2024-09-24T04:30:43.028+0000] {logging_mixin.py:120} INFO - [2024-09-24T04:30:43.028+0000] {dag.py:2585} INFO - Sync 1 DAGs
[2024-09-24T04:30:43.059+0000] {logging_mixin.py:120} INFO - [2024-09-24T04:30:43.058+0000] {dag.py:3340} INFO - Setting next_dagrun for example_xcom to 2021-01-01T00:00:00+00:00, run_after=2021-01-01T00:00:00+00:00
[2024-09-24T04:30:43.080+0000] {processor.py:176} INFO - Processing /home/airflow/.local/lib/python3.7/site-packages/airflow/example_dags/example_xcom.py took 0.143 seconds
[2024-09-24T04:31:13.367+0000] {processor.py:154} INFO - Started process (PID=15404) to work on /home/airflow/.local/lib/python3.7/site-packages/airflow/example_dags/example_xcom.py
[2024-09-24T04:31:13.372+0000] {processor.py:756} INFO - Processing file /home/airflow/.local/lib/python3.7/site-packages/airflow/example_dags/example_xcom.py for tasks to queue
[2024-09-24T04:31:13.373+0000] {logging_mixin.py:120} INFO - [2024-09-24T04:31:13.373+0000] {dagbag.py:537} INFO - Filling up the DagBag from /home/airflow/.local/lib/python3.7/site-packages/airflow/example_dags/example_xcom.py
[2024-09-24T04:31:13.414+0000] {processor.py:766} INFO - DAG(s) dict_keys(['example_xcom']) retrieved from /home/airflow/.local/lib/python3.7/site-packages/airflow/example_dags/example_xcom.py
[2024-09-24T04:31:13.491+0000] {logging_mixin.py:120} INFO - [2024-09-24T04:31:13.491+0000] {dag.py:2585} INFO - Sync 1 DAGs
[2024-09-24T04:31:13.540+0000] {logging_mixin.py:120} INFO - [2024-09-24T04:31:13.539+0000] {dag.py:3340} INFO - Setting next_dagrun for example_xcom to 2021-01-01T00:00:00+00:00, run_after=2021-01-01T00:00:00+00:00
[2024-09-24T04:31:13.570+0000] {processor.py:176} INFO - Processing /home/airflow/.local/lib/python3.7/site-packages/airflow/example_dags/example_xcom.py took 0.209 seconds
[2024-09-24T04:31:43.844+0000] {processor.py:154} INFO - Started process (PID=15467) to work on /home/airflow/.local/lib/python3.7/site-packages/airflow/example_dags/example_xcom.py
[2024-09-24T04:31:43.846+0000] {processor.py:756} INFO - Processing file /home/airflow/.local/lib/python3.7/site-packages/airflow/example_dags/example_xcom.py for tasks to queue
[2024-09-24T04:31:43.847+0000] {logging_mixin.py:120} INFO - [2024-09-24T04:31:43.847+0000] {dagbag.py:537} INFO - Filling up the DagBag from /home/airflow/.local/lib/python3.7/site-packages/airflow/example_dags/example_xcom.py
[2024-09-24T04:31:43.882+0000] {processor.py:766} INFO - DAG(s) dict_keys(['example_xcom']) retrieved from /home/airflow/.local/lib/python3.7/site-packages/airflow/example_dags/example_xcom.py
[2024-09-24T04:31:43.953+0000] {logging_mixin.py:120} INFO - [2024-09-24T04:31:43.953+0000] {dag.py:2585} INFO - Sync 1 DAGs
[2024-09-24T04:31:43.991+0000] {logging_mixin.py:120} INFO - [2024-09-24T04:31:43.991+0000] {dag.py:3340} INFO - Setting next_dagrun for example_xcom to 2021-01-01T00:00:00+00:00, run_after=2021-01-01T00:00:00+00:00
[2024-09-24T04:31:44.018+0000] {processor.py:176} INFO - Processing /home/airflow/.local/lib/python3.7/site-packages/airflow/example_dags/example_xcom.py took 0.179 seconds
[2024-09-24T04:32:14.958+0000] {processor.py:154} INFO - Started process (PID=15530) to work on /home/airflow/.local/lib/python3.7/site-packages/airflow/example_dags/example_xcom.py
[2024-09-24T04:32:14.960+0000] {processor.py:756} INFO - Processing file /home/airflow/.local/lib/python3.7/site-packages/airflow/example_dags/example_xcom.py for tasks to queue
[2024-09-24T04:32:14.961+0000] {logging_mixin.py:120} INFO - [2024-09-24T04:32:14.961+0000] {dagbag.py:537} INFO - Filling up the DagBag from /home/airflow/.local/lib/python3.7/site-packages/airflow/example_dags/example_xcom.py
[2024-09-24T04:32:14.999+0000] {processor.py:766} INFO - DAG(s) dict_keys(['example_xcom']) retrieved from /home/airflow/.local/lib/python3.7/site-packages/airflow/example_dags/example_xcom.py
[2024-09-24T04:32:15.061+0000] {logging_mixin.py:120} INFO - [2024-09-24T04:32:15.061+0000] {dag.py:2585} INFO - Sync 1 DAGs
[2024-09-24T04:32:15.103+0000] {logging_mixin.py:120} INFO - [2024-09-24T04:32:15.103+0000] {dag.py:3340} INFO - Setting next_dagrun for example_xcom to 2021-01-01T00:00:00+00:00, run_after=2021-01-01T00:00:00+00:00
[2024-09-24T04:32:15.130+0000] {processor.py:176} INFO - Processing /home/airflow/.local/lib/python3.7/site-packages/airflow/example_dags/example_xcom.py took 0.177 seconds
[2024-09-24T04:32:45.869+0000] {processor.py:154} INFO - Started process (PID=15584) to work on /home/airflow/.local/lib/python3.7/site-packages/airflow/example_dags/example_xcom.py
[2024-09-24T04:32:45.871+0000] {processor.py:756} INFO - Processing file /home/airflow/.local/lib/python3.7/site-packages/airflow/example_dags/example_xcom.py for tasks to queue
[2024-09-24T04:32:45.872+0000] {logging_mixin.py:120} INFO - [2024-09-24T04:32:45.872+0000] {dagbag.py:537} INFO - Filling up the DagBag from /home/airflow/.local/lib/python3.7/site-packages/airflow/example_dags/example_xcom.py
[2024-09-24T04:32:45.907+0000] {processor.py:766} INFO - DAG(s) dict_keys(['example_xcom']) retrieved from /home/airflow/.local/lib/python3.7/site-packages/airflow/example_dags/example_xcom.py
[2024-09-24T04:32:45.969+0000] {logging_mixin.py:120} INFO - [2024-09-24T04:32:45.968+0000] {dag.py:2585} INFO - Sync 1 DAGs
[2024-09-24T04:32:46.004+0000] {logging_mixin.py:120} INFO - [2024-09-24T04:32:46.004+0000] {dag.py:3340} INFO - Setting next_dagrun for example_xcom to 2021-01-01T00:00:00+00:00, run_after=2021-01-01T00:00:00+00:00
[2024-09-24T04:32:46.033+0000] {processor.py:176} INFO - Processing /home/airflow/.local/lib/python3.7/site-packages/airflow/example_dags/example_xcom.py took 0.169 seconds
[2024-09-24T04:33:16.789+0000] {processor.py:154} INFO - Started process (PID=15647) to work on /home/airflow/.local/lib/python3.7/site-packages/airflow/example_dags/example_xcom.py
[2024-09-24T04:33:16.790+0000] {processor.py:756} INFO - Processing file /home/airflow/.local/lib/python3.7/site-packages/airflow/example_dags/example_xcom.py for tasks to queue
[2024-09-24T04:33:16.791+0000] {logging_mixin.py:120} INFO - [2024-09-24T04:33:16.791+0000] {dagbag.py:537} INFO - Filling up the DagBag from /home/airflow/.local/lib/python3.7/site-packages/airflow/example_dags/example_xcom.py
[2024-09-24T04:33:16.824+0000] {processor.py:766} INFO - DAG(s) dict_keys(['example_xcom']) retrieved from /home/airflow/.local/lib/python3.7/site-packages/airflow/example_dags/example_xcom.py
[2024-09-24T04:33:16.886+0000] {logging_mixin.py:120} INFO - [2024-09-24T04:33:16.886+0000] {dag.py:2585} INFO - Sync 1 DAGs
[2024-09-24T04:33:16.924+0000] {logging_mixin.py:120} INFO - [2024-09-24T04:33:16.923+0000] {dag.py:3340} INFO - Setting next_dagrun for example_xcom to 2021-01-01T00:00:00+00:00, run_after=2021-01-01T00:00:00+00:00
[2024-09-24T04:33:16.954+0000] {processor.py:176} INFO - Processing /home/airflow/.local/lib/python3.7/site-packages/airflow/example_dags/example_xcom.py took 0.170 seconds
[2024-09-24T04:33:47.208+0000] {processor.py:154} INFO - Started process (PID=15701) to work on /home/airflow/.local/lib/python3.7/site-packages/airflow/example_dags/example_xcom.py
[2024-09-24T04:33:47.209+0000] {processor.py:756} INFO - Processing file /home/airflow/.local/lib/python3.7/site-packages/airflow/example_dags/example_xcom.py for tasks to queue
[2024-09-24T04:33:47.211+0000] {logging_mixin.py:120} INFO - [2024-09-24T04:33:47.210+0000] {dagbag.py:537} INFO - Filling up the DagBag from /home/airflow/.local/lib/python3.7/site-packages/airflow/example_dags/example_xcom.py
[2024-09-24T04:33:47.248+0000] {processor.py:766} INFO - DAG(s) dict_keys(['example_xcom']) retrieved from /home/airflow/.local/lib/python3.7/site-packages/airflow/example_dags/example_xcom.py
[2024-09-24T04:33:47.308+0000] {logging_mixin.py:120} INFO - [2024-09-24T04:33:47.308+0000] {dag.py:2585} INFO - Sync 1 DAGs
[2024-09-24T04:33:47.345+0000] {logging_mixin.py:120} INFO - [2024-09-24T04:33:47.345+0000] {dag.py:3340} INFO - Setting next_dagrun for example_xcom to 2021-01-01T00:00:00+00:00, run_after=2021-01-01T00:00:00+00:00
[2024-09-24T04:33:47.373+0000] {processor.py:176} INFO - Processing /home/airflow/.local/lib/python3.7/site-packages/airflow/example_dags/example_xcom.py took 0.171 seconds
[2024-09-24T04:34:17.854+0000] {processor.py:154} INFO - Started process (PID=15764) to work on /home/airflow/.local/lib/python3.7/site-packages/airflow/example_dags/example_xcom.py
[2024-09-24T04:34:17.856+0000] {processor.py:756} INFO - Processing file /home/airflow/.local/lib/python3.7/site-packages/airflow/example_dags/example_xcom.py for tasks to queue
[2024-09-24T04:34:17.858+0000] {logging_mixin.py:120} INFO - [2024-09-24T04:34:17.858+0000] {dagbag.py:537} INFO - Filling up the DagBag from /home/airflow/.local/lib/python3.7/site-packages/airflow/example_dags/example_xcom.py
[2024-09-24T04:34:17.921+0000] {processor.py:766} INFO - DAG(s) dict_keys(['example_xcom']) retrieved from /home/airflow/.local/lib/python3.7/site-packages/airflow/example_dags/example_xcom.py
[2024-09-24T04:34:18.067+0000] {logging_mixin.py:120} INFO - [2024-09-24T04:34:18.066+0000] {dag.py:2585} INFO - Sync 1 DAGs
[2024-09-24T04:34:18.158+0000] {logging_mixin.py:120} INFO - [2024-09-24T04:34:18.157+0000] {dag.py:3340} INFO - Setting next_dagrun for example_xcom to 2021-01-01T00:00:00+00:00, run_after=2021-01-01T00:00:00+00:00
[2024-09-24T04:34:18.216+0000] {processor.py:176} INFO - Processing /home/airflow/.local/lib/python3.7/site-packages/airflow/example_dags/example_xcom.py took 0.370 seconds
[2024-09-24T04:34:48.788+0000] {processor.py:154} INFO - Started process (PID=15819) to work on /home/airflow/.local/lib/python3.7/site-packages/airflow/example_dags/example_xcom.py
[2024-09-24T04:34:48.792+0000] {processor.py:756} INFO - Processing file /home/airflow/.local/lib/python3.7/site-packages/airflow/example_dags/example_xcom.py for tasks to queue
[2024-09-24T04:34:48.794+0000] {logging_mixin.py:120} INFO - [2024-09-24T04:34:48.794+0000] {dagbag.py:537} INFO - Filling up the DagBag from /home/airflow/.local/lib/python3.7/site-packages/airflow/example_dags/example_xcom.py
[2024-09-24T04:34:48.837+0000] {processor.py:766} INFO - DAG(s) dict_keys(['example_xcom']) retrieved from /home/airflow/.local/lib/python3.7/site-packages/airflow/example_dags/example_xcom.py
[2024-09-24T04:34:48.923+0000] {logging_mixin.py:120} INFO - [2024-09-24T04:34:48.922+0000] {dag.py:2585} INFO - Sync 1 DAGs
[2024-09-24T04:34:48.977+0000] {logging_mixin.py:120} INFO - [2024-09-24T04:34:48.976+0000] {dag.py:3340} INFO - Setting next_dagrun for example_xcom to 2021-01-01T00:00:00+00:00, run_after=2021-01-01T00:00:00+00:00
[2024-09-24T04:34:49.014+0000] {processor.py:176} INFO - Processing /home/airflow/.local/lib/python3.7/site-packages/airflow/example_dags/example_xcom.py took 0.231 seconds
[2024-09-24T04:35:19.197+0000] {processor.py:154} INFO - Started process (PID=15882) to work on /home/airflow/.local/lib/python3.7/site-packages/airflow/example_dags/example_xcom.py
[2024-09-24T04:35:19.198+0000] {processor.py:756} INFO - Processing file /home/airflow/.local/lib/python3.7/site-packages/airflow/example_dags/example_xcom.py for tasks to queue
[2024-09-24T04:35:19.199+0000] {logging_mixin.py:120} INFO - [2024-09-24T04:35:19.199+0000] {dagbag.py:537} INFO - Filling up the DagBag from /home/airflow/.local/lib/python3.7/site-packages/airflow/example_dags/example_xcom.py
[2024-09-24T04:35:19.238+0000] {processor.py:766} INFO - DAG(s) dict_keys(['example_xcom']) retrieved from /home/airflow/.local/lib/python3.7/site-packages/airflow/example_dags/example_xcom.py
[2024-09-24T04:35:19.310+0000] {logging_mixin.py:120} INFO - [2024-09-24T04:35:19.310+0000] {dag.py:2585} INFO - Sync 1 DAGs
[2024-09-24T04:35:19.351+0000] {logging_mixin.py:120} INFO - [2024-09-24T04:35:19.351+0000] {dag.py:3340} INFO - Setting next_dagrun for example_xcom to 2021-01-01T00:00:00+00:00, run_after=2021-01-01T00:00:00+00:00
[2024-09-24T04:35:19.384+0000] {processor.py:176} INFO - Processing /home/airflow/.local/lib/python3.7/site-packages/airflow/example_dags/example_xcom.py took 0.192 seconds
[2024-09-24T04:35:49.633+0000] {processor.py:154} INFO - Started process (PID=15945) to work on /home/airflow/.local/lib/python3.7/site-packages/airflow/example_dags/example_xcom.py
[2024-09-24T04:35:49.636+0000] {processor.py:756} INFO - Processing file /home/airflow/.local/lib/python3.7/site-packages/airflow/example_dags/example_xcom.py for tasks to queue
[2024-09-24T04:35:49.641+0000] {logging_mixin.py:120} INFO - [2024-09-24T04:35:49.639+0000] {dagbag.py:537} INFO - Filling up the DagBag from /home/airflow/.local/lib/python3.7/site-packages/airflow/example_dags/example_xcom.py
[2024-09-24T04:35:49.695+0000] {processor.py:766} INFO - DAG(s) dict_keys(['example_xcom']) retrieved from /home/airflow/.local/lib/python3.7/site-packages/airflow/example_dags/example_xcom.py
[2024-09-24T04:35:49.774+0000] {logging_mixin.py:120} INFO - [2024-09-24T04:35:49.774+0000] {dag.py:2585} INFO - Sync 1 DAGs
[2024-09-24T04:35:49.825+0000] {logging_mixin.py:120} INFO - [2024-09-24T04:35:49.825+0000] {dag.py:3340} INFO - Setting next_dagrun for example_xcom to 2021-01-01T00:00:00+00:00, run_after=2021-01-01T00:00:00+00:00
[2024-09-24T04:35:49.860+0000] {processor.py:176} INFO - Processing /home/airflow/.local/lib/python3.7/site-packages/airflow/example_dags/example_xcom.py took 0.234 seconds
[2024-09-24T04:36:20.043+0000] {processor.py:154} INFO - Started process (PID=15999) to work on /home/airflow/.local/lib/python3.7/site-packages/airflow/example_dags/example_xcom.py
[2024-09-24T04:36:20.045+0000] {processor.py:756} INFO - Processing file /home/airflow/.local/lib/python3.7/site-packages/airflow/example_dags/example_xcom.py for tasks to queue
[2024-09-24T04:36:20.046+0000] {logging_mixin.py:120} INFO - [2024-09-24T04:36:20.045+0000] {dagbag.py:537} INFO - Filling up the DagBag from /home/airflow/.local/lib/python3.7/site-packages/airflow/example_dags/example_xcom.py
[2024-09-24T04:36:20.083+0000] {processor.py:766} INFO - DAG(s) dict_keys(['example_xcom']) retrieved from /home/airflow/.local/lib/python3.7/site-packages/airflow/example_dags/example_xcom.py
[2024-09-24T04:36:20.148+0000] {logging_mixin.py:120} INFO - [2024-09-24T04:36:20.148+0000] {dag.py:2585} INFO - Sync 1 DAGs
[2024-09-24T04:36:20.191+0000] {logging_mixin.py:120} INFO - [2024-09-24T04:36:20.191+0000] {dag.py:3340} INFO - Setting next_dagrun for example_xcom to 2021-01-01T00:00:00+00:00, run_after=2021-01-01T00:00:00+00:00
[2024-09-24T04:36:20.229+0000] {processor.py:176} INFO - Processing /home/airflow/.local/lib/python3.7/site-packages/airflow/example_dags/example_xcom.py took 0.191 seconds
[2024-09-24T04:36:50.518+0000] {processor.py:154} INFO - Started process (PID=16062) to work on /home/airflow/.local/lib/python3.7/site-packages/airflow/example_dags/example_xcom.py
[2024-09-24T04:36:50.520+0000] {processor.py:756} INFO - Processing file /home/airflow/.local/lib/python3.7/site-packages/airflow/example_dags/example_xcom.py for tasks to queue
[2024-09-24T04:36:50.522+0000] {logging_mixin.py:120} INFO - [2024-09-24T04:36:50.521+0000] {dagbag.py:537} INFO - Filling up the DagBag from /home/airflow/.local/lib/python3.7/site-packages/airflow/example_dags/example_xcom.py
[2024-09-24T04:36:50.558+0000] {processor.py:766} INFO - DAG(s) dict_keys(['example_xcom']) retrieved from /home/airflow/.local/lib/python3.7/site-packages/airflow/example_dags/example_xcom.py
[2024-09-24T04:36:50.610+0000] {logging_mixin.py:120} INFO - [2024-09-24T04:36:50.610+0000] {dag.py:2585} INFO - Sync 1 DAGs
[2024-09-24T04:36:50.650+0000] {logging_mixin.py:120} INFO - [2024-09-24T04:36:50.650+0000] {dag.py:3340} INFO - Setting next_dagrun for example_xcom to 2021-01-01T00:00:00+00:00, run_after=2021-01-01T00:00:00+00:00
[2024-09-24T04:36:50.692+0000] {processor.py:176} INFO - Processing /home/airflow/.local/lib/python3.7/site-packages/airflow/example_dags/example_xcom.py took 0.179 seconds
[2024-09-24T04:37:21.251+0000] {processor.py:154} INFO - Started process (PID=16116) to work on /home/airflow/.local/lib/python3.7/site-packages/airflow/example_dags/example_xcom.py
[2024-09-24T04:37:21.253+0000] {processor.py:756} INFO - Processing file /home/airflow/.local/lib/python3.7/site-packages/airflow/example_dags/example_xcom.py for tasks to queue
[2024-09-24T04:37:21.254+0000] {logging_mixin.py:120} INFO - [2024-09-24T04:37:21.254+0000] {dagbag.py:537} INFO - Filling up the DagBag from /home/airflow/.local/lib/python3.7/site-packages/airflow/example_dags/example_xcom.py
[2024-09-24T04:37:21.283+0000] {processor.py:766} INFO - DAG(s) dict_keys(['example_xcom']) retrieved from /home/airflow/.local/lib/python3.7/site-packages/airflow/example_dags/example_xcom.py
[2024-09-24T04:37:21.336+0000] {logging_mixin.py:120} INFO - [2024-09-24T04:37:21.335+0000] {dag.py:2585} INFO - Sync 1 DAGs
[2024-09-24T04:37:21.368+0000] {logging_mixin.py:120} INFO - [2024-09-24T04:37:21.368+0000] {dag.py:3340} INFO - Setting next_dagrun for example_xcom to 2021-01-01T00:00:00+00:00, run_after=2021-01-01T00:00:00+00:00
[2024-09-24T04:37:21.393+0000] {processor.py:176} INFO - Processing /home/airflow/.local/lib/python3.7/site-packages/airflow/example_dags/example_xcom.py took 0.149 seconds
[2024-09-24T04:37:59.193+0000] {processor.py:154} INFO - Started process (PID=16170) to work on /home/airflow/.local/lib/python3.7/site-packages/airflow/example_dags/example_xcom.py
[2024-09-24T04:37:59.194+0000] {processor.py:756} INFO - Processing file /home/airflow/.local/lib/python3.7/site-packages/airflow/example_dags/example_xcom.py for tasks to queue
[2024-09-24T04:37:59.196+0000] {logging_mixin.py:120} INFO - [2024-09-24T04:37:59.196+0000] {dagbag.py:537} INFO - Filling up the DagBag from /home/airflow/.local/lib/python3.7/site-packages/airflow/example_dags/example_xcom.py
[2024-09-24T04:37:59.233+0000] {processor.py:766} INFO - DAG(s) dict_keys(['example_xcom']) retrieved from /home/airflow/.local/lib/python3.7/site-packages/airflow/example_dags/example_xcom.py
[2024-09-24T04:37:59.291+0000] {logging_mixin.py:120} INFO - [2024-09-24T04:37:59.291+0000] {dag.py:2585} INFO - Sync 1 DAGs
[2024-09-24T04:37:59.323+0000] {logging_mixin.py:120} INFO - [2024-09-24T04:37:59.323+0000] {dag.py:3340} INFO - Setting next_dagrun for example_xcom to 2021-01-01T00:00:00+00:00, run_after=2021-01-01T00:00:00+00:00
[2024-09-24T04:37:59.356+0000] {processor.py:176} INFO - Processing /home/airflow/.local/lib/python3.7/site-packages/airflow/example_dags/example_xcom.py took 0.170 seconds
[2024-09-24T06:15:51.742+0000] {processor.py:154} INFO - Started process (PID=16202) to work on /home/airflow/.local/lib/python3.7/site-packages/airflow/example_dags/example_xcom.py
[2024-09-24T06:15:51.749+0000] {processor.py:756} INFO - Processing file /home/airflow/.local/lib/python3.7/site-packages/airflow/example_dags/example_xcom.py for tasks to queue
[2024-09-24T06:15:51.753+0000] {logging_mixin.py:120} INFO - [2024-09-24T06:15:51.753+0000] {dagbag.py:537} INFO - Filling up the DagBag from /home/airflow/.local/lib/python3.7/site-packages/airflow/example_dags/example_xcom.py
[2024-09-24T06:15:51.802+0000] {processor.py:766} INFO - DAG(s) dict_keys(['example_xcom']) retrieved from /home/airflow/.local/lib/python3.7/site-packages/airflow/example_dags/example_xcom.py
[2024-09-24T06:15:51.895+0000] {logging_mixin.py:120} INFO - [2024-09-24T06:15:51.894+0000] {dag.py:2585} INFO - Sync 1 DAGs
[2024-09-24T06:15:51.961+0000] {logging_mixin.py:120} INFO - [2024-09-24T06:15:51.960+0000] {dag.py:3340} INFO - Setting next_dagrun for example_xcom to 2021-01-01T00:00:00+00:00, run_after=2021-01-01T00:00:00+00:00
[2024-09-24T06:15:52.013+0000] {processor.py:176} INFO - Processing /home/airflow/.local/lib/python3.7/site-packages/airflow/example_dags/example_xcom.py took 0.277 seconds
[2024-09-24T06:31:00.034+0000] {processor.py:154} INFO - Started process (PID=16256) to work on /home/airflow/.local/lib/python3.7/site-packages/airflow/example_dags/example_xcom.py
[2024-09-24T06:31:00.039+0000] {processor.py:756} INFO - Processing file /home/airflow/.local/lib/python3.7/site-packages/airflow/example_dags/example_xcom.py for tasks to queue
[2024-09-24T06:31:00.040+0000] {logging_mixin.py:120} INFO - [2024-09-24T06:31:00.040+0000] {dagbag.py:537} INFO - Filling up the DagBag from /home/airflow/.local/lib/python3.7/site-packages/airflow/example_dags/example_xcom.py
[2024-09-24T06:31:00.078+0000] {processor.py:766} INFO - DAG(s) dict_keys(['example_xcom']) retrieved from /home/airflow/.local/lib/python3.7/site-packages/airflow/example_dags/example_xcom.py
[2024-09-24T06:31:00.151+0000] {logging_mixin.py:120} INFO - [2024-09-24T06:31:00.151+0000] {dag.py:2585} INFO - Sync 1 DAGs
[2024-09-24T06:31:00.206+0000] {logging_mixin.py:120} INFO - [2024-09-24T06:31:00.206+0000] {dag.py:3340} INFO - Setting next_dagrun for example_xcom to 2021-01-01T00:00:00+00:00, run_after=2021-01-01T00:00:00+00:00
[2024-09-24T06:31:00.252+0000] {processor.py:176} INFO - Processing /home/airflow/.local/lib/python3.7/site-packages/airflow/example_dags/example_xcom.py took 0.222 seconds
[2024-09-24T08:40:09.075+0000] {processor.py:154} INFO - Started process (PID=16317) to work on /home/airflow/.local/lib/python3.7/site-packages/airflow/example_dags/example_xcom.py
[2024-09-24T08:40:09.078+0000] {processor.py:756} INFO - Processing file /home/airflow/.local/lib/python3.7/site-packages/airflow/example_dags/example_xcom.py for tasks to queue
[2024-09-24T08:40:09.080+0000] {logging_mixin.py:120} INFO - [2024-09-24T08:40:09.080+0000] {dagbag.py:537} INFO - Filling up the DagBag from /home/airflow/.local/lib/python3.7/site-packages/airflow/example_dags/example_xcom.py
[2024-09-24T08:40:09.139+0000] {processor.py:766} INFO - DAG(s) dict_keys(['example_xcom']) retrieved from /home/airflow/.local/lib/python3.7/site-packages/airflow/example_dags/example_xcom.py
[2024-09-24T08:40:09.234+0000] {logging_mixin.py:120} INFO - [2024-09-24T08:40:09.234+0000] {dag.py:2585} INFO - Sync 1 DAGs
[2024-09-24T08:40:09.322+0000] {logging_mixin.py:120} INFO - [2024-09-24T08:40:09.322+0000] {dag.py:3340} INFO - Setting next_dagrun for example_xcom to 2021-01-01T00:00:00+00:00, run_after=2021-01-01T00:00:00+00:00
[2024-09-24T08:40:09.376+0000] {processor.py:176} INFO - Processing /home/airflow/.local/lib/python3.7/site-packages/airflow/example_dags/example_xcom.py took 0.310 seconds
[2024-09-24T11:11:17.801+0000] {processor.py:154} INFO - Started process (PID=16373) to work on /home/airflow/.local/lib/python3.7/site-packages/airflow/example_dags/example_xcom.py
[2024-09-24T11:11:17.806+0000] {processor.py:756} INFO - Processing file /home/airflow/.local/lib/python3.7/site-packages/airflow/example_dags/example_xcom.py for tasks to queue
[2024-09-24T11:11:17.807+0000] {logging_mixin.py:120} INFO - [2024-09-24T11:11:17.807+0000] {dagbag.py:537} INFO - Filling up the DagBag from /home/airflow/.local/lib/python3.7/site-packages/airflow/example_dags/example_xcom.py
[2024-09-24T11:11:17.864+0000] {processor.py:766} INFO - DAG(s) dict_keys(['example_xcom']) retrieved from /home/airflow/.local/lib/python3.7/site-packages/airflow/example_dags/example_xcom.py
[2024-09-24T11:11:17.958+0000] {logging_mixin.py:120} INFO - [2024-09-24T11:11:17.958+0000] {dag.py:2585} INFO - Sync 1 DAGs
[2024-09-24T11:11:18.016+0000] {logging_mixin.py:120} INFO - [2024-09-24T11:11:18.015+0000] {dag.py:3340} INFO - Setting next_dagrun for example_xcom to 2021-01-01T00:00:00+00:00, run_after=2021-01-01T00:00:00+00:00
[2024-09-24T11:11:18.060+0000] {processor.py:176} INFO - Processing /home/airflow/.local/lib/python3.7/site-packages/airflow/example_dags/example_xcom.py took 0.265 seconds
[2024-09-24T12:44:47.377+0000] {processor.py:154} INFO - Started process (PID=16436) to work on /home/airflow/.local/lib/python3.7/site-packages/airflow/example_dags/example_xcom.py
[2024-09-24T12:44:47.379+0000] {processor.py:756} INFO - Processing file /home/airflow/.local/lib/python3.7/site-packages/airflow/example_dags/example_xcom.py for tasks to queue
[2024-09-24T12:44:47.381+0000] {logging_mixin.py:120} INFO - [2024-09-24T12:44:47.380+0000] {dagbag.py:537} INFO - Filling up the DagBag from /home/airflow/.local/lib/python3.7/site-packages/airflow/example_dags/example_xcom.py
[2024-09-24T12:44:47.410+0000] {processor.py:766} INFO - DAG(s) dict_keys(['example_xcom']) retrieved from /home/airflow/.local/lib/python3.7/site-packages/airflow/example_dags/example_xcom.py
[2024-09-24T12:44:47.469+0000] {logging_mixin.py:120} INFO - [2024-09-24T12:44:47.469+0000] {dag.py:2585} INFO - Sync 1 DAGs
[2024-09-24T12:44:47.502+0000] {logging_mixin.py:120} INFO - [2024-09-24T12:44:47.502+0000] {dag.py:3340} INFO - Setting next_dagrun for example_xcom to 2021-01-01T00:00:00+00:00, run_after=2021-01-01T00:00:00+00:00
[2024-09-24T12:44:47.525+0000] {processor.py:176} INFO - Processing /home/airflow/.local/lib/python3.7/site-packages/airflow/example_dags/example_xcom.py took 0.152 seconds
[2024-09-24T14:24:38.168+0000] {processor.py:154} INFO - Started process (PID=16490) to work on /home/airflow/.local/lib/python3.7/site-packages/airflow/example_dags/example_xcom.py
[2024-09-24T14:24:38.171+0000] {processor.py:756} INFO - Processing file /home/airflow/.local/lib/python3.7/site-packages/airflow/example_dags/example_xcom.py for tasks to queue
[2024-09-24T14:24:38.172+0000] {logging_mixin.py:120} INFO - [2024-09-24T14:24:38.172+0000] {dagbag.py:537} INFO - Filling up the DagBag from /home/airflow/.local/lib/python3.7/site-packages/airflow/example_dags/example_xcom.py
[2024-09-24T14:24:38.209+0000] {processor.py:766} INFO - DAG(s) dict_keys(['example_xcom']) retrieved from /home/airflow/.local/lib/python3.7/site-packages/airflow/example_dags/example_xcom.py
[2024-09-24T14:24:38.266+0000] {logging_mixin.py:120} INFO - [2024-09-24T14:24:38.266+0000] {dag.py:2585} INFO - Sync 1 DAGs
[2024-09-24T14:24:38.314+0000] {logging_mixin.py:120} INFO - [2024-09-24T14:24:38.314+0000] {dag.py:3340} INFO - Setting next_dagrun for example_xcom to 2021-01-01T00:00:00+00:00, run_after=2021-01-01T00:00:00+00:00
[2024-09-24T14:24:38.348+0000] {processor.py:176} INFO - Processing /home/airflow/.local/lib/python3.7/site-packages/airflow/example_dags/example_xcom.py took 0.185 seconds
[2024-09-24T14:26:38.441+0000] {processor.py:154} INFO - Started process (PID=16553) to work on /home/airflow/.local/lib/python3.7/site-packages/airflow/example_dags/example_xcom.py
[2024-09-24T14:26:38.442+0000] {processor.py:756} INFO - Processing file /home/airflow/.local/lib/python3.7/site-packages/airflow/example_dags/example_xcom.py for tasks to queue
[2024-09-24T14:26:38.443+0000] {logging_mixin.py:120} INFO - [2024-09-24T14:26:38.443+0000] {dagbag.py:537} INFO - Filling up the DagBag from /home/airflow/.local/lib/python3.7/site-packages/airflow/example_dags/example_xcom.py
[2024-09-24T14:26:38.475+0000] {processor.py:766} INFO - DAG(s) dict_keys(['example_xcom']) retrieved from /home/airflow/.local/lib/python3.7/site-packages/airflow/example_dags/example_xcom.py
[2024-09-24T14:26:38.538+0000] {logging_mixin.py:120} INFO - [2024-09-24T14:26:38.537+0000] {dag.py:2585} INFO - Sync 1 DAGs
[2024-09-24T14:26:38.574+0000] {logging_mixin.py:120} INFO - [2024-09-24T14:26:38.573+0000] {dag.py:3340} INFO - Setting next_dagrun for example_xcom to 2021-01-01T00:00:00+00:00, run_after=2021-01-01T00:00:00+00:00
[2024-09-24T14:26:38.604+0000] {processor.py:176} INFO - Processing /home/airflow/.local/lib/python3.7/site-packages/airflow/example_dags/example_xcom.py took 0.168 seconds
[2024-09-24T15:01:01.286+0000] {processor.py:154} INFO - Started process (PID=16607) to work on /home/airflow/.local/lib/python3.7/site-packages/airflow/example_dags/example_xcom.py
[2024-09-24T15:01:01.290+0000] {processor.py:756} INFO - Processing file /home/airflow/.local/lib/python3.7/site-packages/airflow/example_dags/example_xcom.py for tasks to queue
[2024-09-24T15:01:01.292+0000] {logging_mixin.py:120} INFO - [2024-09-24T15:01:01.292+0000] {dagbag.py:537} INFO - Filling up the DagBag from /home/airflow/.local/lib/python3.7/site-packages/airflow/example_dags/example_xcom.py
[2024-09-24T15:01:01.329+0000] {processor.py:766} INFO - DAG(s) dict_keys(['example_xcom']) retrieved from /home/airflow/.local/lib/python3.7/site-packages/airflow/example_dags/example_xcom.py
[2024-09-24T15:01:01.385+0000] {logging_mixin.py:120} INFO - [2024-09-24T15:01:01.385+0000] {dag.py:2585} INFO - Sync 1 DAGs
[2024-09-24T15:01:01.427+0000] {logging_mixin.py:120} INFO - [2024-09-24T15:01:01.427+0000] {dag.py:3340} INFO - Setting next_dagrun for example_xcom to 2021-01-01T00:00:00+00:00, run_after=2021-01-01T00:00:00+00:00
[2024-09-24T15:01:01.464+0000] {processor.py:176} INFO - Processing /home/airflow/.local/lib/python3.7/site-packages/airflow/example_dags/example_xcom.py took 0.183 seconds
[2024-09-24T16:32:26.368+0000] {processor.py:154} INFO - Started process (PID=16670) to work on /home/airflow/.local/lib/python3.7/site-packages/airflow/example_dags/example_xcom.py
[2024-09-24T16:32:26.370+0000] {processor.py:756} INFO - Processing file /home/airflow/.local/lib/python3.7/site-packages/airflow/example_dags/example_xcom.py for tasks to queue
[2024-09-24T16:32:26.371+0000] {logging_mixin.py:120} INFO - [2024-09-24T16:32:26.371+0000] {dagbag.py:537} INFO - Filling up the DagBag from /home/airflow/.local/lib/python3.7/site-packages/airflow/example_dags/example_xcom.py
[2024-09-24T16:32:26.406+0000] {processor.py:766} INFO - DAG(s) dict_keys(['example_xcom']) retrieved from /home/airflow/.local/lib/python3.7/site-packages/airflow/example_dags/example_xcom.py
[2024-09-24T16:32:26.469+0000] {logging_mixin.py:120} INFO - [2024-09-24T16:32:26.469+0000] {dag.py:2585} INFO - Sync 1 DAGs
[2024-09-24T16:32:26.511+0000] {logging_mixin.py:120} INFO - [2024-09-24T16:32:26.511+0000] {dag.py:3340} INFO - Setting next_dagrun for example_xcom to 2021-01-01T00:00:00+00:00, run_after=2021-01-01T00:00:00+00:00
[2024-09-24T16:32:26.546+0000] {processor.py:176} INFO - Processing /home/airflow/.local/lib/python3.7/site-packages/airflow/example_dags/example_xcom.py took 0.182 seconds
[2024-09-24T16:38:45.373+0000] {processor.py:154} INFO - Started process (PID=16724) to work on /home/airflow/.local/lib/python3.7/site-packages/airflow/example_dags/example_xcom.py
[2024-09-24T16:38:45.382+0000] {processor.py:756} INFO - Processing file /home/airflow/.local/lib/python3.7/site-packages/airflow/example_dags/example_xcom.py for tasks to queue
[2024-09-24T16:38:45.389+0000] {logging_mixin.py:120} INFO - [2024-09-24T16:38:45.388+0000] {dagbag.py:537} INFO - Filling up the DagBag from /home/airflow/.local/lib/python3.7/site-packages/airflow/example_dags/example_xcom.py
[2024-09-24T16:38:45.577+0000] {processor.py:766} INFO - DAG(s) dict_keys(['example_xcom']) retrieved from /home/airflow/.local/lib/python3.7/site-packages/airflow/example_dags/example_xcom.py
[2024-09-24T16:38:47.326+0000] {logging_mixin.py:120} INFO - [2024-09-24T16:38:47.325+0000] {dag.py:2585} INFO - Sync 1 DAGs
[2024-09-24T16:38:47.500+0000] {logging_mixin.py:120} INFO - [2024-09-24T16:38:47.500+0000] {dag.py:3340} INFO - Setting next_dagrun for example_xcom to 2021-01-01T00:00:00+00:00, run_after=2021-01-01T00:00:00+00:00
[2024-09-24T16:38:47.598+0000] {processor.py:176} INFO - Processing /home/airflow/.local/lib/python3.7/site-packages/airflow/example_dags/example_xcom.py took 2.258 seconds
[2024-09-24T17:03:32.889+0000] {processor.py:154} INFO - Started process (PID=16778) to work on /home/airflow/.local/lib/python3.7/site-packages/airflow/example_dags/example_xcom.py
[2024-09-24T17:03:32.901+0000] {processor.py:756} INFO - Processing file /home/airflow/.local/lib/python3.7/site-packages/airflow/example_dags/example_xcom.py for tasks to queue
[2024-09-24T17:03:32.909+0000] {logging_mixin.py:120} INFO - [2024-09-24T17:03:32.907+0000] {dagbag.py:537} INFO - Filling up the DagBag from /home/airflow/.local/lib/python3.7/site-packages/airflow/example_dags/example_xcom.py
[2024-09-24T17:03:33.118+0000] {processor.py:766} INFO - DAG(s) dict_keys(['example_xcom']) retrieved from /home/airflow/.local/lib/python3.7/site-packages/airflow/example_dags/example_xcom.py
[2024-09-24T17:03:33.427+0000] {logging_mixin.py:120} INFO - [2024-09-24T17:03:33.426+0000] {dag.py:2585} INFO - Sync 1 DAGs
[2024-09-24T17:03:33.640+0000] {logging_mixin.py:120} INFO - [2024-09-24T17:03:33.638+0000] {dag.py:3340} INFO - Setting next_dagrun for example_xcom to 2021-01-01T00:00:00+00:00, run_after=2021-01-01T00:00:00+00:00
[2024-09-24T17:03:33.799+0000] {processor.py:176} INFO - Processing /home/airflow/.local/lib/python3.7/site-packages/airflow/example_dags/example_xcom.py took 0.937 seconds
[2024-09-24T17:24:23.565+0000] {processor.py:154} INFO - Started process (PID=16832) to work on /home/airflow/.local/lib/python3.7/site-packages/airflow/example_dags/example_xcom.py
[2024-09-24T17:24:23.577+0000] {processor.py:756} INFO - Processing file /home/airflow/.local/lib/python3.7/site-packages/airflow/example_dags/example_xcom.py for tasks to queue
[2024-09-24T17:24:23.583+0000] {logging_mixin.py:120} INFO - [2024-09-24T17:24:23.582+0000] {dagbag.py:537} INFO - Filling up the DagBag from /home/airflow/.local/lib/python3.7/site-packages/airflow/example_dags/example_xcom.py
[2024-09-24T17:24:23.817+0000] {processor.py:766} INFO - DAG(s) dict_keys(['example_xcom']) retrieved from /home/airflow/.local/lib/python3.7/site-packages/airflow/example_dags/example_xcom.py
[2024-09-24T17:24:24.238+0000] {logging_mixin.py:120} INFO - [2024-09-24T17:24:24.237+0000] {dag.py:2585} INFO - Sync 1 DAGs
[2024-09-24T17:24:24.491+0000] {logging_mixin.py:120} INFO - [2024-09-24T17:24:24.490+0000] {dag.py:3340} INFO - Setting next_dagrun for example_xcom to 2021-01-01T00:00:00+00:00, run_after=2021-01-01T00:00:00+00:00
[2024-09-24T17:24:24.684+0000] {processor.py:176} INFO - Processing /home/airflow/.local/lib/python3.7/site-packages/airflow/example_dags/example_xcom.py took 1.148 seconds
[2024-09-24T18:04:29.196+0000] {processor.py:154} INFO - Started process (PID=16886) to work on /home/airflow/.local/lib/python3.7/site-packages/airflow/example_dags/example_xcom.py
[2024-09-24T18:04:29.207+0000] {processor.py:756} INFO - Processing file /home/airflow/.local/lib/python3.7/site-packages/airflow/example_dags/example_xcom.py for tasks to queue
[2024-09-24T18:04:29.214+0000] {logging_mixin.py:120} INFO - [2024-09-24T18:04:29.214+0000] {dagbag.py:537} INFO - Filling up the DagBag from /home/airflow/.local/lib/python3.7/site-packages/airflow/example_dags/example_xcom.py
[2024-09-24T18:04:29.466+0000] {processor.py:766} INFO - DAG(s) dict_keys(['example_xcom']) retrieved from /home/airflow/.local/lib/python3.7/site-packages/airflow/example_dags/example_xcom.py
[2024-09-24T18:04:29.892+0000] {logging_mixin.py:120} INFO - [2024-09-24T18:04:29.890+0000] {dag.py:2585} INFO - Sync 1 DAGs
[2024-09-24T18:04:30.174+0000] {logging_mixin.py:120} INFO - [2024-09-24T18:04:30.172+0000] {dag.py:3340} INFO - Setting next_dagrun for example_xcom to 2021-01-01T00:00:00+00:00, run_after=2021-01-01T00:00:00+00:00
[2024-09-24T18:04:30.365+0000] {processor.py:176} INFO - Processing /home/airflow/.local/lib/python3.7/site-packages/airflow/example_dags/example_xcom.py took 1.199 seconds
[2024-09-24T19:05:29.252+0000] {processor.py:154} INFO - Started process (PID=16940) to work on /home/airflow/.local/lib/python3.7/site-packages/airflow/example_dags/example_xcom.py
[2024-09-24T19:05:29.262+0000] {processor.py:756} INFO - Processing file /home/airflow/.local/lib/python3.7/site-packages/airflow/example_dags/example_xcom.py for tasks to queue
[2024-09-24T19:05:29.270+0000] {logging_mixin.py:120} INFO - [2024-09-24T19:05:29.269+0000] {dagbag.py:537} INFO - Filling up the DagBag from /home/airflow/.local/lib/python3.7/site-packages/airflow/example_dags/example_xcom.py
[2024-09-24T19:05:29.521+0000] {processor.py:766} INFO - DAG(s) dict_keys(['example_xcom']) retrieved from /home/airflow/.local/lib/python3.7/site-packages/airflow/example_dags/example_xcom.py
[2024-09-24T19:05:30.008+0000] {logging_mixin.py:120} INFO - [2024-09-24T19:05:30.006+0000] {dag.py:2585} INFO - Sync 1 DAGs
[2024-09-24T19:05:30.321+0000] {logging_mixin.py:120} INFO - [2024-09-24T19:05:30.320+0000] {dag.py:3340} INFO - Setting next_dagrun for example_xcom to 2021-01-01T00:00:00+00:00, run_after=2021-01-01T00:00:00+00:00
[2024-09-24T19:05:30.529+0000] {processor.py:176} INFO - Processing /home/airflow/.local/lib/python3.7/site-packages/airflow/example_dags/example_xcom.py took 1.310 seconds
[2024-09-24T20:06:33.623+0000] {processor.py:154} INFO - Started process (PID=16985) to work on /home/airflow/.local/lib/python3.7/site-packages/airflow/example_dags/example_xcom.py
[2024-09-24T20:06:33.635+0000] {processor.py:756} INFO - Processing file /home/airflow/.local/lib/python3.7/site-packages/airflow/example_dags/example_xcom.py for tasks to queue
[2024-09-24T20:06:33.642+0000] {logging_mixin.py:120} INFO - [2024-09-24T20:06:33.641+0000] {dagbag.py:537} INFO - Filling up the DagBag from /home/airflow/.local/lib/python3.7/site-packages/airflow/example_dags/example_xcom.py
[2024-09-24T20:06:33.827+0000] {processor.py:766} INFO - DAG(s) dict_keys(['example_xcom']) retrieved from /home/airflow/.local/lib/python3.7/site-packages/airflow/example_dags/example_xcom.py
[2024-09-24T20:06:34.177+0000] {logging_mixin.py:120} INFO - [2024-09-24T20:06:34.176+0000] {dag.py:2585} INFO - Sync 1 DAGs
[2024-09-24T20:06:34.414+0000] {logging_mixin.py:120} INFO - [2024-09-24T20:06:34.413+0000] {dag.py:3340} INFO - Setting next_dagrun for example_xcom to 2021-01-01T00:00:00+00:00, run_after=2021-01-01T00:00:00+00:00
[2024-09-24T20:06:34.545+0000] {processor.py:176} INFO - Processing /home/airflow/.local/lib/python3.7/site-packages/airflow/example_dags/example_xcom.py took 0.948 seconds
[2024-09-24T22:08:21.703+0000] {processor.py:154} INFO - Started process (PID=17039) to work on /home/airflow/.local/lib/python3.7/site-packages/airflow/example_dags/example_xcom.py
[2024-09-24T22:08:21.706+0000] {processor.py:756} INFO - Processing file /home/airflow/.local/lib/python3.7/site-packages/airflow/example_dags/example_xcom.py for tasks to queue
[2024-09-24T22:08:21.707+0000] {logging_mixin.py:120} INFO - [2024-09-24T22:08:21.707+0000] {dagbag.py:537} INFO - Filling up the DagBag from /home/airflow/.local/lib/python3.7/site-packages/airflow/example_dags/example_xcom.py
[2024-09-24T22:08:21.750+0000] {processor.py:766} INFO - DAG(s) dict_keys(['example_xcom']) retrieved from /home/airflow/.local/lib/python3.7/site-packages/airflow/example_dags/example_xcom.py
[2024-09-24T22:08:21.817+0000] {logging_mixin.py:120} INFO - [2024-09-24T22:08:21.817+0000] {dag.py:2585} INFO - Sync 1 DAGs
[2024-09-24T22:08:21.854+0000] {logging_mixin.py:120} INFO - [2024-09-24T22:08:21.854+0000] {dag.py:3340} INFO - Setting next_dagrun for example_xcom to 2021-01-01T00:00:00+00:00, run_after=2021-01-01T00:00:00+00:00
[2024-09-24T22:08:21.883+0000] {processor.py:176} INFO - Processing /home/airflow/.local/lib/python3.7/site-packages/airflow/example_dags/example_xcom.py took 0.185 seconds
