[2024-09-24T01:38:14.103+0000] {processor.py:154} INFO - Started process (PID=13854) to work on /home/airflow/.local/lib/python3.7/site-packages/airflow/example_dags/example_branch_operator_decorator.py
[2024-09-24T01:38:14.105+0000] {processor.py:756} INFO - Processing file /home/airflow/.local/lib/python3.7/site-packages/airflow/example_dags/example_branch_operator_decorator.py for tasks to queue
[2024-09-24T01:38:14.107+0000] {logging_mixin.py:120} INFO - [2024-09-24T01:38:14.107+0000] {dagbag.py:537} INFO - Filling up the DagBag from /home/airflow/.local/lib/python3.7/site-packages/airflow/example_dags/example_branch_operator_decorator.py
[2024-09-24T01:38:14.158+0000] {processor.py:766} INFO - DAG(s) dict_keys(['example_branch_python_operator_decorator']) retrieved from /home/airflow/.local/lib/python3.7/site-packages/airflow/example_dags/example_branch_operator_decorator.py
[2024-09-24T01:38:14.246+0000] {logging_mixin.py:120} INFO - [2024-09-24T01:38:14.246+0000] {dag.py:2585} INFO - Sync 1 DAGs
[2024-09-24T01:38:14.294+0000] {logging_mixin.py:120} INFO - [2024-09-24T01:38:14.293+0000] {dag.py:3340} INFO - Setting next_dagrun for example_branch_python_operator_decorator to 2024-09-23T00:00:00+00:00, run_after=2024-09-24T00:00:00+00:00
[2024-09-24T01:38:14.329+0000] {processor.py:176} INFO - Processing /home/airflow/.local/lib/python3.7/site-packages/airflow/example_dags/example_branch_operator_decorator.py took 0.233 seconds
[2024-09-24T01:41:37.877+0000] {processor.py:154} INFO - Started process (PID=13908) to work on /home/airflow/.local/lib/python3.7/site-packages/airflow/example_dags/example_branch_operator_decorator.py
[2024-09-24T01:41:37.880+0000] {processor.py:756} INFO - Processing file /home/airflow/.local/lib/python3.7/site-packages/airflow/example_dags/example_branch_operator_decorator.py for tasks to queue
[2024-09-24T01:41:37.882+0000] {logging_mixin.py:120} INFO - [2024-09-24T01:41:37.882+0000] {dagbag.py:537} INFO - Filling up the DagBag from /home/airflow/.local/lib/python3.7/site-packages/airflow/example_dags/example_branch_operator_decorator.py
[2024-09-24T01:41:37.953+0000] {processor.py:766} INFO - DAG(s) dict_keys(['example_branch_python_operator_decorator']) retrieved from /home/airflow/.local/lib/python3.7/site-packages/airflow/example_dags/example_branch_operator_decorator.py
[2024-09-24T01:41:38.056+0000] {logging_mixin.py:120} INFO - [2024-09-24T01:41:38.056+0000] {dag.py:2585} INFO - Sync 1 DAGs
[2024-09-24T01:41:38.116+0000] {logging_mixin.py:120} INFO - [2024-09-24T01:41:38.116+0000] {dag.py:3340} INFO - Setting next_dagrun for example_branch_python_operator_decorator to 2024-09-23T00:00:00+00:00, run_after=2024-09-24T00:00:00+00:00
[2024-09-24T01:41:38.157+0000] {processor.py:176} INFO - Processing /home/airflow/.local/lib/python3.7/site-packages/airflow/example_dags/example_branch_operator_decorator.py took 0.288 seconds
[2024-09-24T03:27:53.049+0000] {processor.py:154} INFO - Started process (PID=13971) to work on /home/airflow/.local/lib/python3.7/site-packages/airflow/example_dags/example_branch_operator_decorator.py
[2024-09-24T03:27:53.084+0000] {processor.py:756} INFO - Processing file /home/airflow/.local/lib/python3.7/site-packages/airflow/example_dags/example_branch_operator_decorator.py for tasks to queue
[2024-09-24T03:27:53.087+0000] {logging_mixin.py:120} INFO - [2024-09-24T03:27:53.087+0000] {dagbag.py:537} INFO - Filling up the DagBag from /home/airflow/.local/lib/python3.7/site-packages/airflow/example_dags/example_branch_operator_decorator.py
[2024-09-24T03:27:53.158+0000] {processor.py:766} INFO - DAG(s) dict_keys(['example_branch_python_operator_decorator']) retrieved from /home/airflow/.local/lib/python3.7/site-packages/airflow/example_dags/example_branch_operator_decorator.py
[2024-09-24T03:27:53.265+0000] {logging_mixin.py:120} INFO - [2024-09-24T03:27:53.265+0000] {dag.py:2585} INFO - Sync 1 DAGs
[2024-09-24T03:27:53.326+0000] {logging_mixin.py:120} INFO - [2024-09-24T03:27:53.326+0000] {dag.py:3340} INFO - Setting next_dagrun for example_branch_python_operator_decorator to 2024-09-23T00:00:00+00:00, run_after=2024-09-24T00:00:00+00:00
[2024-09-24T03:27:53.377+0000] {processor.py:176} INFO - Processing /home/airflow/.local/lib/python3.7/site-packages/airflow/example_dags/example_branch_operator_decorator.py took 0.336 seconds
[2024-09-24T04:19:28.675+0000] {processor.py:154} INFO - Started process (PID=14025) to work on /home/airflow/.local/lib/python3.7/site-packages/airflow/example_dags/example_branch_operator_decorator.py
[2024-09-24T04:19:28.678+0000] {processor.py:756} INFO - Processing file /home/airflow/.local/lib/python3.7/site-packages/airflow/example_dags/example_branch_operator_decorator.py for tasks to queue
[2024-09-24T04:19:28.681+0000] {logging_mixin.py:120} INFO - [2024-09-24T04:19:28.681+0000] {dagbag.py:537} INFO - Filling up the DagBag from /home/airflow/.local/lib/python3.7/site-packages/airflow/example_dags/example_branch_operator_decorator.py
[2024-09-24T04:19:28.814+0000] {processor.py:766} INFO - DAG(s) dict_keys(['example_branch_python_operator_decorator']) retrieved from /home/airflow/.local/lib/python3.7/site-packages/airflow/example_dags/example_branch_operator_decorator.py
[2024-09-24T04:19:28.978+0000] {logging_mixin.py:120} INFO - [2024-09-24T04:19:28.977+0000] {dag.py:2585} INFO - Sync 1 DAGs
[2024-09-24T04:19:29.248+0000] {logging_mixin.py:120} INFO - [2024-09-24T04:19:29.248+0000] {dag.py:3340} INFO - Setting next_dagrun for example_branch_python_operator_decorator to 2024-09-23T00:00:00+00:00, run_after=2024-09-24T00:00:00+00:00
[2024-09-24T04:19:29.342+0000] {processor.py:176} INFO - Processing /home/airflow/.local/lib/python3.7/site-packages/airflow/example_dags/example_branch_operator_decorator.py took 0.686 seconds
[2024-09-24T04:19:59.386+0000] {processor.py:154} INFO - Started process (PID=14079) to work on /home/airflow/.local/lib/python3.7/site-packages/airflow/example_dags/example_branch_operator_decorator.py
[2024-09-24T04:19:59.387+0000] {processor.py:756} INFO - Processing file /home/airflow/.local/lib/python3.7/site-packages/airflow/example_dags/example_branch_operator_decorator.py for tasks to queue
[2024-09-24T04:19:59.388+0000] {logging_mixin.py:120} INFO - [2024-09-24T04:19:59.388+0000] {dagbag.py:537} INFO - Filling up the DagBag from /home/airflow/.local/lib/python3.7/site-packages/airflow/example_dags/example_branch_operator_decorator.py
[2024-09-24T04:19:59.419+0000] {processor.py:766} INFO - DAG(s) dict_keys(['example_branch_python_operator_decorator']) retrieved from /home/airflow/.local/lib/python3.7/site-packages/airflow/example_dags/example_branch_operator_decorator.py
[2024-09-24T04:19:59.471+0000] {logging_mixin.py:120} INFO - [2024-09-24T04:19:59.471+0000] {dag.py:2585} INFO - Sync 1 DAGs
[2024-09-24T04:19:59.504+0000] {logging_mixin.py:120} INFO - [2024-09-24T04:19:59.504+0000] {dag.py:3340} INFO - Setting next_dagrun for example_branch_python_operator_decorator to 2024-09-23T00:00:00+00:00, run_after=2024-09-24T00:00:00+00:00
[2024-09-24T04:19:59.530+0000] {processor.py:176} INFO - Processing /home/airflow/.local/lib/python3.7/site-packages/airflow/example_dags/example_branch_operator_decorator.py took 0.149 seconds
[2024-09-24T04:20:30.195+0000] {processor.py:154} INFO - Started process (PID=14141) to work on /home/airflow/.local/lib/python3.7/site-packages/airflow/example_dags/example_branch_operator_decorator.py
[2024-09-24T04:20:30.196+0000] {processor.py:756} INFO - Processing file /home/airflow/.local/lib/python3.7/site-packages/airflow/example_dags/example_branch_operator_decorator.py for tasks to queue
[2024-09-24T04:20:30.197+0000] {logging_mixin.py:120} INFO - [2024-09-24T04:20:30.197+0000] {dagbag.py:537} INFO - Filling up the DagBag from /home/airflow/.local/lib/python3.7/site-packages/airflow/example_dags/example_branch_operator_decorator.py
[2024-09-24T04:20:30.226+0000] {processor.py:766} INFO - DAG(s) dict_keys(['example_branch_python_operator_decorator']) retrieved from /home/airflow/.local/lib/python3.7/site-packages/airflow/example_dags/example_branch_operator_decorator.py
[2024-09-24T04:20:30.276+0000] {logging_mixin.py:120} INFO - [2024-09-24T04:20:30.276+0000] {dag.py:2585} INFO - Sync 1 DAGs
[2024-09-24T04:20:30.308+0000] {logging_mixin.py:120} INFO - [2024-09-24T04:20:30.308+0000] {dag.py:3340} INFO - Setting next_dagrun for example_branch_python_operator_decorator to 2024-09-23T00:00:00+00:00, run_after=2024-09-24T00:00:00+00:00
[2024-09-24T04:20:30.327+0000] {processor.py:176} INFO - Processing /home/airflow/.local/lib/python3.7/site-packages/airflow/example_dags/example_branch_operator_decorator.py took 0.137 seconds
[2024-09-24T04:21:00.593+0000] {processor.py:154} INFO - Started process (PID=14204) to work on /home/airflow/.local/lib/python3.7/site-packages/airflow/example_dags/example_branch_operator_decorator.py
[2024-09-24T04:21:00.594+0000] {processor.py:756} INFO - Processing file /home/airflow/.local/lib/python3.7/site-packages/airflow/example_dags/example_branch_operator_decorator.py for tasks to queue
[2024-09-24T04:21:00.595+0000] {logging_mixin.py:120} INFO - [2024-09-24T04:21:00.595+0000] {dagbag.py:537} INFO - Filling up the DagBag from /home/airflow/.local/lib/python3.7/site-packages/airflow/example_dags/example_branch_operator_decorator.py
[2024-09-24T04:21:00.626+0000] {processor.py:766} INFO - DAG(s) dict_keys(['example_branch_python_operator_decorator']) retrieved from /home/airflow/.local/lib/python3.7/site-packages/airflow/example_dags/example_branch_operator_decorator.py
[2024-09-24T04:21:00.670+0000] {logging_mixin.py:120} INFO - [2024-09-24T04:21:00.670+0000] {dag.py:2585} INFO - Sync 1 DAGs
[2024-09-24T04:21:00.700+0000] {logging_mixin.py:120} INFO - [2024-09-24T04:21:00.700+0000] {dag.py:3340} INFO - Setting next_dagrun for example_branch_python_operator_decorator to 2024-09-23T00:00:00+00:00, run_after=2024-09-24T00:00:00+00:00
[2024-09-24T04:21:00.729+0000] {processor.py:176} INFO - Processing /home/airflow/.local/lib/python3.7/site-packages/airflow/example_dags/example_branch_operator_decorator.py took 0.140 seconds
[2024-09-24T04:21:31.083+0000] {processor.py:154} INFO - Started process (PID=14258) to work on /home/airflow/.local/lib/python3.7/site-packages/airflow/example_dags/example_branch_operator_decorator.py
[2024-09-24T04:21:31.085+0000] {processor.py:756} INFO - Processing file /home/airflow/.local/lib/python3.7/site-packages/airflow/example_dags/example_branch_operator_decorator.py for tasks to queue
[2024-09-24T04:21:31.086+0000] {logging_mixin.py:120} INFO - [2024-09-24T04:21:31.086+0000] {dagbag.py:537} INFO - Filling up the DagBag from /home/airflow/.local/lib/python3.7/site-packages/airflow/example_dags/example_branch_operator_decorator.py
[2024-09-24T04:21:31.121+0000] {processor.py:766} INFO - DAG(s) dict_keys(['example_branch_python_operator_decorator']) retrieved from /home/airflow/.local/lib/python3.7/site-packages/airflow/example_dags/example_branch_operator_decorator.py
[2024-09-24T04:21:31.178+0000] {logging_mixin.py:120} INFO - [2024-09-24T04:21:31.178+0000] {dag.py:2585} INFO - Sync 1 DAGs
[2024-09-24T04:21:31.218+0000] {logging_mixin.py:120} INFO - [2024-09-24T04:21:31.217+0000] {dag.py:3340} INFO - Setting next_dagrun for example_branch_python_operator_decorator to 2024-09-23T00:00:00+00:00, run_after=2024-09-24T00:00:00+00:00
[2024-09-24T04:21:31.247+0000] {processor.py:176} INFO - Processing /home/airflow/.local/lib/python3.7/site-packages/airflow/example_dags/example_branch_operator_decorator.py took 0.168 seconds
[2024-09-24T04:22:01.416+0000] {processor.py:154} INFO - Started process (PID=14322) to work on /home/airflow/.local/lib/python3.7/site-packages/airflow/example_dags/example_branch_operator_decorator.py
[2024-09-24T04:22:01.417+0000] {processor.py:756} INFO - Processing file /home/airflow/.local/lib/python3.7/site-packages/airflow/example_dags/example_branch_operator_decorator.py for tasks to queue
[2024-09-24T04:22:01.418+0000] {logging_mixin.py:120} INFO - [2024-09-24T04:22:01.418+0000] {dagbag.py:537} INFO - Filling up the DagBag from /home/airflow/.local/lib/python3.7/site-packages/airflow/example_dags/example_branch_operator_decorator.py
[2024-09-24T04:22:01.448+0000] {processor.py:766} INFO - DAG(s) dict_keys(['example_branch_python_operator_decorator']) retrieved from /home/airflow/.local/lib/python3.7/site-packages/airflow/example_dags/example_branch_operator_decorator.py
[2024-09-24T04:22:01.496+0000] {logging_mixin.py:120} INFO - [2024-09-24T04:22:01.496+0000] {dag.py:2585} INFO - Sync 1 DAGs
[2024-09-24T04:22:01.526+0000] {logging_mixin.py:120} INFO - [2024-09-24T04:22:01.526+0000] {dag.py:3340} INFO - Setting next_dagrun for example_branch_python_operator_decorator to 2024-09-23T00:00:00+00:00, run_after=2024-09-24T00:00:00+00:00
[2024-09-24T04:22:01.545+0000] {processor.py:176} INFO - Processing /home/airflow/.local/lib/python3.7/site-packages/airflow/example_dags/example_branch_operator_decorator.py took 0.133 seconds
[2024-09-24T04:22:32.324+0000] {processor.py:154} INFO - Started process (PID=14385) to work on /home/airflow/.local/lib/python3.7/site-packages/airflow/example_dags/example_branch_operator_decorator.py
[2024-09-24T04:22:32.325+0000] {processor.py:756} INFO - Processing file /home/airflow/.local/lib/python3.7/site-packages/airflow/example_dags/example_branch_operator_decorator.py for tasks to queue
[2024-09-24T04:22:32.326+0000] {logging_mixin.py:120} INFO - [2024-09-24T04:22:32.325+0000] {dagbag.py:537} INFO - Filling up the DagBag from /home/airflow/.local/lib/python3.7/site-packages/airflow/example_dags/example_branch_operator_decorator.py
[2024-09-24T04:22:32.354+0000] {processor.py:766} INFO - DAG(s) dict_keys(['example_branch_python_operator_decorator']) retrieved from /home/airflow/.local/lib/python3.7/site-packages/airflow/example_dags/example_branch_operator_decorator.py
[2024-09-24T04:22:32.402+0000] {logging_mixin.py:120} INFO - [2024-09-24T04:22:32.401+0000] {dag.py:2585} INFO - Sync 1 DAGs
[2024-09-24T04:22:32.433+0000] {logging_mixin.py:120} INFO - [2024-09-24T04:22:32.433+0000] {dag.py:3340} INFO - Setting next_dagrun for example_branch_python_operator_decorator to 2024-09-23T00:00:00+00:00, run_after=2024-09-24T00:00:00+00:00
[2024-09-24T04:22:32.456+0000] {processor.py:176} INFO - Processing /home/airflow/.local/lib/python3.7/site-packages/airflow/example_dags/example_branch_operator_decorator.py took 0.136 seconds
[2024-09-24T04:23:03.320+0000] {processor.py:154} INFO - Started process (PID=14439) to work on /home/airflow/.local/lib/python3.7/site-packages/airflow/example_dags/example_branch_operator_decorator.py
[2024-09-24T04:23:03.321+0000] {processor.py:756} INFO - Processing file /home/airflow/.local/lib/python3.7/site-packages/airflow/example_dags/example_branch_operator_decorator.py for tasks to queue
[2024-09-24T04:23:03.322+0000] {logging_mixin.py:120} INFO - [2024-09-24T04:23:03.322+0000] {dagbag.py:537} INFO - Filling up the DagBag from /home/airflow/.local/lib/python3.7/site-packages/airflow/example_dags/example_branch_operator_decorator.py
[2024-09-24T04:23:03.351+0000] {processor.py:766} INFO - DAG(s) dict_keys(['example_branch_python_operator_decorator']) retrieved from /home/airflow/.local/lib/python3.7/site-packages/airflow/example_dags/example_branch_operator_decorator.py
[2024-09-24T04:23:03.407+0000] {logging_mixin.py:120} INFO - [2024-09-24T04:23:03.406+0000] {dag.py:2585} INFO - Sync 1 DAGs
[2024-09-24T04:23:03.445+0000] {logging_mixin.py:120} INFO - [2024-09-24T04:23:03.444+0000] {dag.py:3340} INFO - Setting next_dagrun for example_branch_python_operator_decorator to 2024-09-23T00:00:00+00:00, run_after=2024-09-24T00:00:00+00:00
[2024-09-24T04:23:03.472+0000] {processor.py:176} INFO - Processing /home/airflow/.local/lib/python3.7/site-packages/airflow/example_dags/example_branch_operator_decorator.py took 0.156 seconds
[2024-09-24T04:23:33.534+0000] {processor.py:154} INFO - Started process (PID=14502) to work on /home/airflow/.local/lib/python3.7/site-packages/airflow/example_dags/example_branch_operator_decorator.py
[2024-09-24T04:23:33.535+0000] {processor.py:756} INFO - Processing file /home/airflow/.local/lib/python3.7/site-packages/airflow/example_dags/example_branch_operator_decorator.py for tasks to queue
[2024-09-24T04:23:33.537+0000] {logging_mixin.py:120} INFO - [2024-09-24T04:23:33.537+0000] {dagbag.py:537} INFO - Filling up the DagBag from /home/airflow/.local/lib/python3.7/site-packages/airflow/example_dags/example_branch_operator_decorator.py
[2024-09-24T04:23:33.571+0000] {processor.py:766} INFO - DAG(s) dict_keys(['example_branch_python_operator_decorator']) retrieved from /home/airflow/.local/lib/python3.7/site-packages/airflow/example_dags/example_branch_operator_decorator.py
[2024-09-24T04:23:33.622+0000] {logging_mixin.py:120} INFO - [2024-09-24T04:23:33.622+0000] {dag.py:2585} INFO - Sync 1 DAGs
[2024-09-24T04:23:33.655+0000] {logging_mixin.py:120} INFO - [2024-09-24T04:23:33.655+0000] {dag.py:3340} INFO - Setting next_dagrun for example_branch_python_operator_decorator to 2024-09-23T00:00:00+00:00, run_after=2024-09-24T00:00:00+00:00
[2024-09-24T04:23:33.678+0000] {processor.py:176} INFO - Processing /home/airflow/.local/lib/python3.7/site-packages/airflow/example_dags/example_branch_operator_decorator.py took 0.149 seconds
[2024-09-24T04:24:03.862+0000] {processor.py:154} INFO - Started process (PID=14564) to work on /home/airflow/.local/lib/python3.7/site-packages/airflow/example_dags/example_branch_operator_decorator.py
[2024-09-24T04:24:03.863+0000] {processor.py:756} INFO - Processing file /home/airflow/.local/lib/python3.7/site-packages/airflow/example_dags/example_branch_operator_decorator.py for tasks to queue
[2024-09-24T04:24:03.864+0000] {logging_mixin.py:120} INFO - [2024-09-24T04:24:03.864+0000] {dagbag.py:537} INFO - Filling up the DagBag from /home/airflow/.local/lib/python3.7/site-packages/airflow/example_dags/example_branch_operator_decorator.py
[2024-09-24T04:24:03.894+0000] {processor.py:766} INFO - DAG(s) dict_keys(['example_branch_python_operator_decorator']) retrieved from /home/airflow/.local/lib/python3.7/site-packages/airflow/example_dags/example_branch_operator_decorator.py
[2024-09-24T04:24:03.942+0000] {logging_mixin.py:120} INFO - [2024-09-24T04:24:03.941+0000] {dag.py:2585} INFO - Sync 1 DAGs
[2024-09-24T04:24:03.974+0000] {logging_mixin.py:120} INFO - [2024-09-24T04:24:03.974+0000] {dag.py:3340} INFO - Setting next_dagrun for example_branch_python_operator_decorator to 2024-09-23T00:00:00+00:00, run_after=2024-09-24T00:00:00+00:00
[2024-09-24T04:24:03.993+0000] {processor.py:176} INFO - Processing /home/airflow/.local/lib/python3.7/site-packages/airflow/example_dags/example_branch_operator_decorator.py took 0.136 seconds
[2024-09-24T04:24:34.745+0000] {processor.py:154} INFO - Started process (PID=14618) to work on /home/airflow/.local/lib/python3.7/site-packages/airflow/example_dags/example_branch_operator_decorator.py
[2024-09-24T04:24:34.746+0000] {processor.py:756} INFO - Processing file /home/airflow/.local/lib/python3.7/site-packages/airflow/example_dags/example_branch_operator_decorator.py for tasks to queue
[2024-09-24T04:24:34.747+0000] {logging_mixin.py:120} INFO - [2024-09-24T04:24:34.747+0000] {dagbag.py:537} INFO - Filling up the DagBag from /home/airflow/.local/lib/python3.7/site-packages/airflow/example_dags/example_branch_operator_decorator.py
[2024-09-24T04:24:34.778+0000] {processor.py:766} INFO - DAG(s) dict_keys(['example_branch_python_operator_decorator']) retrieved from /home/airflow/.local/lib/python3.7/site-packages/airflow/example_dags/example_branch_operator_decorator.py
[2024-09-24T04:24:34.827+0000] {logging_mixin.py:120} INFO - [2024-09-24T04:24:34.827+0000] {dag.py:2585} INFO - Sync 1 DAGs
[2024-09-24T04:24:34.861+0000] {logging_mixin.py:120} INFO - [2024-09-24T04:24:34.861+0000] {dag.py:3340} INFO - Setting next_dagrun for example_branch_python_operator_decorator to 2024-09-23T00:00:00+00:00, run_after=2024-09-24T00:00:00+00:00
[2024-09-24T04:24:34.884+0000] {processor.py:176} INFO - Processing /home/airflow/.local/lib/python3.7/site-packages/airflow/example_dags/example_branch_operator_decorator.py took 0.144 seconds
[2024-09-24T04:25:04.963+0000] {processor.py:154} INFO - Started process (PID=14681) to work on /home/airflow/.local/lib/python3.7/site-packages/airflow/example_dags/example_branch_operator_decorator.py
[2024-09-24T04:25:04.964+0000] {processor.py:756} INFO - Processing file /home/airflow/.local/lib/python3.7/site-packages/airflow/example_dags/example_branch_operator_decorator.py for tasks to queue
[2024-09-24T04:25:04.965+0000] {logging_mixin.py:120} INFO - [2024-09-24T04:25:04.965+0000] {dagbag.py:537} INFO - Filling up the DagBag from /home/airflow/.local/lib/python3.7/site-packages/airflow/example_dags/example_branch_operator_decorator.py
[2024-09-24T04:25:04.994+0000] {processor.py:766} INFO - DAG(s) dict_keys(['example_branch_python_operator_decorator']) retrieved from /home/airflow/.local/lib/python3.7/site-packages/airflow/example_dags/example_branch_operator_decorator.py
[2024-09-24T04:25:05.042+0000] {logging_mixin.py:120} INFO - [2024-09-24T04:25:05.042+0000] {dag.py:2585} INFO - Sync 1 DAGs
[2024-09-24T04:25:05.074+0000] {logging_mixin.py:120} INFO - [2024-09-24T04:25:05.073+0000] {dag.py:3340} INFO - Setting next_dagrun for example_branch_python_operator_decorator to 2024-09-23T00:00:00+00:00, run_after=2024-09-24T00:00:00+00:00
[2024-09-24T04:25:05.095+0000] {processor.py:176} INFO - Processing /home/airflow/.local/lib/python3.7/site-packages/airflow/example_dags/example_branch_operator_decorator.py took 0.135 seconds
[2024-09-24T04:25:35.306+0000] {processor.py:154} INFO - Started process (PID=14743) to work on /home/airflow/.local/lib/python3.7/site-packages/airflow/example_dags/example_branch_operator_decorator.py
[2024-09-24T04:25:35.308+0000] {processor.py:756} INFO - Processing file /home/airflow/.local/lib/python3.7/site-packages/airflow/example_dags/example_branch_operator_decorator.py for tasks to queue
[2024-09-24T04:25:35.309+0000] {logging_mixin.py:120} INFO - [2024-09-24T04:25:35.309+0000] {dagbag.py:537} INFO - Filling up the DagBag from /home/airflow/.local/lib/python3.7/site-packages/airflow/example_dags/example_branch_operator_decorator.py
[2024-09-24T04:25:35.340+0000] {processor.py:766} INFO - DAG(s) dict_keys(['example_branch_python_operator_decorator']) retrieved from /home/airflow/.local/lib/python3.7/site-packages/airflow/example_dags/example_branch_operator_decorator.py
[2024-09-24T04:25:35.390+0000] {logging_mixin.py:120} INFO - [2024-09-24T04:25:35.390+0000] {dag.py:2585} INFO - Sync 1 DAGs
[2024-09-24T04:25:35.423+0000] {logging_mixin.py:120} INFO - [2024-09-24T04:25:35.423+0000] {dag.py:3340} INFO - Setting next_dagrun for example_branch_python_operator_decorator to 2024-09-23T00:00:00+00:00, run_after=2024-09-24T00:00:00+00:00
[2024-09-24T04:25:35.446+0000] {processor.py:176} INFO - Processing /home/airflow/.local/lib/python3.7/site-packages/airflow/example_dags/example_branch_operator_decorator.py took 0.144 seconds
[2024-09-24T04:26:05.668+0000] {processor.py:154} INFO - Started process (PID=14797) to work on /home/airflow/.local/lib/python3.7/site-packages/airflow/example_dags/example_branch_operator_decorator.py
[2024-09-24T04:26:05.670+0000] {processor.py:756} INFO - Processing file /home/airflow/.local/lib/python3.7/site-packages/airflow/example_dags/example_branch_operator_decorator.py for tasks to queue
[2024-09-24T04:26:05.671+0000] {logging_mixin.py:120} INFO - [2024-09-24T04:26:05.671+0000] {dagbag.py:537} INFO - Filling up the DagBag from /home/airflow/.local/lib/python3.7/site-packages/airflow/example_dags/example_branch_operator_decorator.py
[2024-09-24T04:26:05.708+0000] {processor.py:766} INFO - DAG(s) dict_keys(['example_branch_python_operator_decorator']) retrieved from /home/airflow/.local/lib/python3.7/site-packages/airflow/example_dags/example_branch_operator_decorator.py
[2024-09-24T04:26:05.771+0000] {logging_mixin.py:120} INFO - [2024-09-24T04:26:05.771+0000] {dag.py:2585} INFO - Sync 1 DAGs
[2024-09-24T04:26:05.820+0000] {logging_mixin.py:120} INFO - [2024-09-24T04:26:05.820+0000] {dag.py:3340} INFO - Setting next_dagrun for example_branch_python_operator_decorator to 2024-09-23T00:00:00+00:00, run_after=2024-09-24T00:00:00+00:00
[2024-09-24T04:26:05.864+0000] {processor.py:176} INFO - Processing /home/airflow/.local/lib/python3.7/site-packages/airflow/example_dags/example_branch_operator_decorator.py took 0.201 seconds
[2024-09-24T04:26:36.610+0000] {processor.py:154} INFO - Started process (PID=14859) to work on /home/airflow/.local/lib/python3.7/site-packages/airflow/example_dags/example_branch_operator_decorator.py
[2024-09-24T04:26:36.612+0000] {processor.py:756} INFO - Processing file /home/airflow/.local/lib/python3.7/site-packages/airflow/example_dags/example_branch_operator_decorator.py for tasks to queue
[2024-09-24T04:26:36.613+0000] {logging_mixin.py:120} INFO - [2024-09-24T04:26:36.613+0000] {dagbag.py:537} INFO - Filling up the DagBag from /home/airflow/.local/lib/python3.7/site-packages/airflow/example_dags/example_branch_operator_decorator.py
[2024-09-24T04:26:36.644+0000] {processor.py:766} INFO - DAG(s) dict_keys(['example_branch_python_operator_decorator']) retrieved from /home/airflow/.local/lib/python3.7/site-packages/airflow/example_dags/example_branch_operator_decorator.py
[2024-09-24T04:26:36.692+0000] {logging_mixin.py:120} INFO - [2024-09-24T04:26:36.692+0000] {dag.py:2585} INFO - Sync 1 DAGs
[2024-09-24T04:26:36.724+0000] {logging_mixin.py:120} INFO - [2024-09-24T04:26:36.724+0000] {dag.py:3340} INFO - Setting next_dagrun for example_branch_python_operator_decorator to 2024-09-23T00:00:00+00:00, run_after=2024-09-24T00:00:00+00:00
[2024-09-24T04:26:36.746+0000] {processor.py:176} INFO - Processing /home/airflow/.local/lib/python3.7/site-packages/airflow/example_dags/example_branch_operator_decorator.py took 0.140 seconds
[2024-09-24T04:27:07.285+0000] {processor.py:154} INFO - Started process (PID=14922) to work on /home/airflow/.local/lib/python3.7/site-packages/airflow/example_dags/example_branch_operator_decorator.py
[2024-09-24T04:27:07.286+0000] {processor.py:756} INFO - Processing file /home/airflow/.local/lib/python3.7/site-packages/airflow/example_dags/example_branch_operator_decorator.py for tasks to queue
[2024-09-24T04:27:07.288+0000] {logging_mixin.py:120} INFO - [2024-09-24T04:27:07.288+0000] {dagbag.py:537} INFO - Filling up the DagBag from /home/airflow/.local/lib/python3.7/site-packages/airflow/example_dags/example_branch_operator_decorator.py
[2024-09-24T04:27:07.324+0000] {processor.py:766} INFO - DAG(s) dict_keys(['example_branch_python_operator_decorator']) retrieved from /home/airflow/.local/lib/python3.7/site-packages/airflow/example_dags/example_branch_operator_decorator.py
[2024-09-24T04:27:07.386+0000] {logging_mixin.py:120} INFO - [2024-09-24T04:27:07.385+0000] {dag.py:2585} INFO - Sync 1 DAGs
[2024-09-24T04:27:07.424+0000] {logging_mixin.py:120} INFO - [2024-09-24T04:27:07.424+0000] {dag.py:3340} INFO - Setting next_dagrun for example_branch_python_operator_decorator to 2024-09-23T00:00:00+00:00, run_after=2024-09-24T00:00:00+00:00
[2024-09-24T04:27:07.449+0000] {processor.py:176} INFO - Processing /home/airflow/.local/lib/python3.7/site-packages/airflow/example_dags/example_branch_operator_decorator.py took 0.169 seconds
[2024-09-24T04:27:38.123+0000] {processor.py:154} INFO - Started process (PID=14982) to work on /home/airflow/.local/lib/python3.7/site-packages/airflow/example_dags/example_branch_operator_decorator.py
[2024-09-24T04:27:38.124+0000] {processor.py:756} INFO - Processing file /home/airflow/.local/lib/python3.7/site-packages/airflow/example_dags/example_branch_operator_decorator.py for tasks to queue
[2024-09-24T04:27:38.125+0000] {logging_mixin.py:120} INFO - [2024-09-24T04:27:38.125+0000] {dagbag.py:537} INFO - Filling up the DagBag from /home/airflow/.local/lib/python3.7/site-packages/airflow/example_dags/example_branch_operator_decorator.py
[2024-09-24T04:27:38.156+0000] {processor.py:766} INFO - DAG(s) dict_keys(['example_branch_python_operator_decorator']) retrieved from /home/airflow/.local/lib/python3.7/site-packages/airflow/example_dags/example_branch_operator_decorator.py
[2024-09-24T04:27:38.216+0000] {logging_mixin.py:120} INFO - [2024-09-24T04:27:38.215+0000] {dag.py:2585} INFO - Sync 1 DAGs
[2024-09-24T04:27:38.258+0000] {logging_mixin.py:120} INFO - [2024-09-24T04:27:38.258+0000] {dag.py:3340} INFO - Setting next_dagrun for example_branch_python_operator_decorator to 2024-09-23T00:00:00+00:00, run_after=2024-09-24T00:00:00+00:00
[2024-09-24T04:27:38.285+0000] {processor.py:176} INFO - Processing /home/airflow/.local/lib/python3.7/site-packages/airflow/example_dags/example_branch_operator_decorator.py took 0.166 seconds
[2024-09-24T04:28:09.308+0000] {processor.py:154} INFO - Started process (PID=15038) to work on /home/airflow/.local/lib/python3.7/site-packages/airflow/example_dags/example_branch_operator_decorator.py
[2024-09-24T04:28:09.309+0000] {processor.py:756} INFO - Processing file /home/airflow/.local/lib/python3.7/site-packages/airflow/example_dags/example_branch_operator_decorator.py for tasks to queue
[2024-09-24T04:28:09.310+0000] {logging_mixin.py:120} INFO - [2024-09-24T04:28:09.310+0000] {dagbag.py:537} INFO - Filling up the DagBag from /home/airflow/.local/lib/python3.7/site-packages/airflow/example_dags/example_branch_operator_decorator.py
[2024-09-24T04:28:09.346+0000] {processor.py:766} INFO - DAG(s) dict_keys(['example_branch_python_operator_decorator']) retrieved from /home/airflow/.local/lib/python3.7/site-packages/airflow/example_dags/example_branch_operator_decorator.py
[2024-09-24T04:28:09.402+0000] {logging_mixin.py:120} INFO - [2024-09-24T04:28:09.401+0000] {dag.py:2585} INFO - Sync 1 DAGs
[2024-09-24T04:28:09.440+0000] {logging_mixin.py:120} INFO - [2024-09-24T04:28:09.439+0000] {dag.py:3340} INFO - Setting next_dagrun for example_branch_python_operator_decorator to 2024-09-23T00:00:00+00:00, run_after=2024-09-24T00:00:00+00:00
[2024-09-24T04:28:09.468+0000] {processor.py:176} INFO - Processing /home/airflow/.local/lib/python3.7/site-packages/airflow/example_dags/example_branch_operator_decorator.py took 0.166 seconds
[2024-09-24T04:28:39.607+0000] {processor.py:154} INFO - Started process (PID=15101) to work on /home/airflow/.local/lib/python3.7/site-packages/airflow/example_dags/example_branch_operator_decorator.py
[2024-09-24T04:28:39.608+0000] {processor.py:756} INFO - Processing file /home/airflow/.local/lib/python3.7/site-packages/airflow/example_dags/example_branch_operator_decorator.py for tasks to queue
[2024-09-24T04:28:39.610+0000] {logging_mixin.py:120} INFO - [2024-09-24T04:28:39.609+0000] {dagbag.py:537} INFO - Filling up the DagBag from /home/airflow/.local/lib/python3.7/site-packages/airflow/example_dags/example_branch_operator_decorator.py
[2024-09-24T04:28:39.639+0000] {processor.py:766} INFO - DAG(s) dict_keys(['example_branch_python_operator_decorator']) retrieved from /home/airflow/.local/lib/python3.7/site-packages/airflow/example_dags/example_branch_operator_decorator.py
[2024-09-24T04:28:39.688+0000] {logging_mixin.py:120} INFO - [2024-09-24T04:28:39.688+0000] {dag.py:2585} INFO - Sync 1 DAGs
[2024-09-24T04:28:39.725+0000] {logging_mixin.py:120} INFO - [2024-09-24T04:28:39.725+0000] {dag.py:3340} INFO - Setting next_dagrun for example_branch_python_operator_decorator to 2024-09-23T00:00:00+00:00, run_after=2024-09-24T00:00:00+00:00
[2024-09-24T04:28:39.752+0000] {processor.py:176} INFO - Processing /home/airflow/.local/lib/python3.7/site-packages/airflow/example_dags/example_branch_operator_decorator.py took 0.149 seconds
[2024-09-24T04:29:10.239+0000] {processor.py:154} INFO - Started process (PID=15164) to work on /home/airflow/.local/lib/python3.7/site-packages/airflow/example_dags/example_branch_operator_decorator.py
[2024-09-24T04:29:10.240+0000] {processor.py:756} INFO - Processing file /home/airflow/.local/lib/python3.7/site-packages/airflow/example_dags/example_branch_operator_decorator.py for tasks to queue
[2024-09-24T04:29:10.241+0000] {logging_mixin.py:120} INFO - [2024-09-24T04:29:10.241+0000] {dagbag.py:537} INFO - Filling up the DagBag from /home/airflow/.local/lib/python3.7/site-packages/airflow/example_dags/example_branch_operator_decorator.py
[2024-09-24T04:29:10.275+0000] {processor.py:766} INFO - DAG(s) dict_keys(['example_branch_python_operator_decorator']) retrieved from /home/airflow/.local/lib/python3.7/site-packages/airflow/example_dags/example_branch_operator_decorator.py
[2024-09-24T04:29:10.332+0000] {logging_mixin.py:120} INFO - [2024-09-24T04:29:10.331+0000] {dag.py:2585} INFO - Sync 1 DAGs
[2024-09-24T04:29:10.367+0000] {logging_mixin.py:120} INFO - [2024-09-24T04:29:10.367+0000] {dag.py:3340} INFO - Setting next_dagrun for example_branch_python_operator_decorator to 2024-09-23T00:00:00+00:00, run_after=2024-09-24T00:00:00+00:00
[2024-09-24T04:29:10.391+0000] {processor.py:176} INFO - Processing /home/airflow/.local/lib/python3.7/site-packages/airflow/example_dags/example_branch_operator_decorator.py took 0.158 seconds
[2024-09-24T04:29:41.143+0000] {processor.py:154} INFO - Started process (PID=15218) to work on /home/airflow/.local/lib/python3.7/site-packages/airflow/example_dags/example_branch_operator_decorator.py
[2024-09-24T04:29:41.144+0000] {processor.py:756} INFO - Processing file /home/airflow/.local/lib/python3.7/site-packages/airflow/example_dags/example_branch_operator_decorator.py for tasks to queue
[2024-09-24T04:29:41.145+0000] {logging_mixin.py:120} INFO - [2024-09-24T04:29:41.145+0000] {dagbag.py:537} INFO - Filling up the DagBag from /home/airflow/.local/lib/python3.7/site-packages/airflow/example_dags/example_branch_operator_decorator.py
[2024-09-24T04:29:41.190+0000] {processor.py:766} INFO - DAG(s) dict_keys(['example_branch_python_operator_decorator']) retrieved from /home/airflow/.local/lib/python3.7/site-packages/airflow/example_dags/example_branch_operator_decorator.py
[2024-09-24T04:29:41.274+0000] {logging_mixin.py:120} INFO - [2024-09-24T04:29:41.273+0000] {dag.py:2585} INFO - Sync 1 DAGs
[2024-09-24T04:29:41.326+0000] {logging_mixin.py:120} INFO - [2024-09-24T04:29:41.326+0000] {dag.py:3340} INFO - Setting next_dagrun for example_branch_python_operator_decorator to 2024-09-23T00:00:00+00:00, run_after=2024-09-24T00:00:00+00:00
[2024-09-24T04:29:41.364+0000] {processor.py:176} INFO - Processing /home/airflow/.local/lib/python3.7/site-packages/airflow/example_dags/example_branch_operator_decorator.py took 0.226 seconds
[2024-09-24T04:30:11.966+0000] {processor.py:154} INFO - Started process (PID=15281) to work on /home/airflow/.local/lib/python3.7/site-packages/airflow/example_dags/example_branch_operator_decorator.py
[2024-09-24T04:30:11.968+0000] {processor.py:756} INFO - Processing file /home/airflow/.local/lib/python3.7/site-packages/airflow/example_dags/example_branch_operator_decorator.py for tasks to queue
[2024-09-24T04:30:11.969+0000] {logging_mixin.py:120} INFO - [2024-09-24T04:30:11.969+0000] {dagbag.py:537} INFO - Filling up the DagBag from /home/airflow/.local/lib/python3.7/site-packages/airflow/example_dags/example_branch_operator_decorator.py
[2024-09-24T04:30:12.003+0000] {processor.py:766} INFO - DAG(s) dict_keys(['example_branch_python_operator_decorator']) retrieved from /home/airflow/.local/lib/python3.7/site-packages/airflow/example_dags/example_branch_operator_decorator.py
[2024-09-24T04:30:12.055+0000] {logging_mixin.py:120} INFO - [2024-09-24T04:30:12.055+0000] {dag.py:2585} INFO - Sync 1 DAGs
[2024-09-24T04:30:12.089+0000] {logging_mixin.py:120} INFO - [2024-09-24T04:30:12.089+0000] {dag.py:3340} INFO - Setting next_dagrun for example_branch_python_operator_decorator to 2024-09-23T00:00:00+00:00, run_after=2024-09-24T00:00:00+00:00
[2024-09-24T04:30:12.112+0000] {processor.py:176} INFO - Processing /home/airflow/.local/lib/python3.7/site-packages/airflow/example_dags/example_branch_operator_decorator.py took 0.150 seconds
[2024-09-24T04:30:42.293+0000] {processor.py:154} INFO - Started process (PID=15344) to work on /home/airflow/.local/lib/python3.7/site-packages/airflow/example_dags/example_branch_operator_decorator.py
[2024-09-24T04:30:42.295+0000] {processor.py:756} INFO - Processing file /home/airflow/.local/lib/python3.7/site-packages/airflow/example_dags/example_branch_operator_decorator.py for tasks to queue
[2024-09-24T04:30:42.296+0000] {logging_mixin.py:120} INFO - [2024-09-24T04:30:42.296+0000] {dagbag.py:537} INFO - Filling up the DagBag from /home/airflow/.local/lib/python3.7/site-packages/airflow/example_dags/example_branch_operator_decorator.py
[2024-09-24T04:30:42.329+0000] {processor.py:766} INFO - DAG(s) dict_keys(['example_branch_python_operator_decorator']) retrieved from /home/airflow/.local/lib/python3.7/site-packages/airflow/example_dags/example_branch_operator_decorator.py
[2024-09-24T04:30:42.380+0000] {logging_mixin.py:120} INFO - [2024-09-24T04:30:42.380+0000] {dag.py:2585} INFO - Sync 1 DAGs
[2024-09-24T04:30:42.411+0000] {logging_mixin.py:120} INFO - [2024-09-24T04:30:42.411+0000] {dag.py:3340} INFO - Setting next_dagrun for example_branch_python_operator_decorator to 2024-09-23T00:00:00+00:00, run_after=2024-09-24T00:00:00+00:00
[2024-09-24T04:30:42.434+0000] {processor.py:176} INFO - Processing /home/airflow/.local/lib/python3.7/site-packages/airflow/example_dags/example_branch_operator_decorator.py took 0.145 seconds
[2024-09-24T04:31:12.628+0000] {processor.py:154} INFO - Started process (PID=15398) to work on /home/airflow/.local/lib/python3.7/site-packages/airflow/example_dags/example_branch_operator_decorator.py
[2024-09-24T04:31:12.631+0000] {processor.py:756} INFO - Processing file /home/airflow/.local/lib/python3.7/site-packages/airflow/example_dags/example_branch_operator_decorator.py for tasks to queue
[2024-09-24T04:31:12.632+0000] {logging_mixin.py:120} INFO - [2024-09-24T04:31:12.632+0000] {dagbag.py:537} INFO - Filling up the DagBag from /home/airflow/.local/lib/python3.7/site-packages/airflow/example_dags/example_branch_operator_decorator.py
[2024-09-24T04:31:12.679+0000] {processor.py:766} INFO - DAG(s) dict_keys(['example_branch_python_operator_decorator']) retrieved from /home/airflow/.local/lib/python3.7/site-packages/airflow/example_dags/example_branch_operator_decorator.py
[2024-09-24T04:31:12.747+0000] {logging_mixin.py:120} INFO - [2024-09-24T04:31:12.747+0000] {dag.py:2585} INFO - Sync 1 DAGs
[2024-09-24T04:31:12.789+0000] {logging_mixin.py:120} INFO - [2024-09-24T04:31:12.788+0000] {dag.py:3340} INFO - Setting next_dagrun for example_branch_python_operator_decorator to 2024-09-23T00:00:00+00:00, run_after=2024-09-24T00:00:00+00:00
[2024-09-24T04:31:12.819+0000] {processor.py:176} INFO - Processing /home/airflow/.local/lib/python3.7/site-packages/airflow/example_dags/example_branch_operator_decorator.py took 0.199 seconds
[2024-09-24T04:31:43.252+0000] {processor.py:154} INFO - Started process (PID=15461) to work on /home/airflow/.local/lib/python3.7/site-packages/airflow/example_dags/example_branch_operator_decorator.py
[2024-09-24T04:31:43.254+0000] {processor.py:756} INFO - Processing file /home/airflow/.local/lib/python3.7/site-packages/airflow/example_dags/example_branch_operator_decorator.py for tasks to queue
[2024-09-24T04:31:43.256+0000] {logging_mixin.py:120} INFO - [2024-09-24T04:31:43.255+0000] {dagbag.py:537} INFO - Filling up the DagBag from /home/airflow/.local/lib/python3.7/site-packages/airflow/example_dags/example_branch_operator_decorator.py
[2024-09-24T04:31:43.291+0000] {processor.py:766} INFO - DAG(s) dict_keys(['example_branch_python_operator_decorator']) retrieved from /home/airflow/.local/lib/python3.7/site-packages/airflow/example_dags/example_branch_operator_decorator.py
[2024-09-24T04:31:43.347+0000] {logging_mixin.py:120} INFO - [2024-09-24T04:31:43.347+0000] {dag.py:2585} INFO - Sync 1 DAGs
[2024-09-24T04:31:43.384+0000] {logging_mixin.py:120} INFO - [2024-09-24T04:31:43.384+0000] {dag.py:3340} INFO - Setting next_dagrun for example_branch_python_operator_decorator to 2024-09-23T00:00:00+00:00, run_after=2024-09-24T00:00:00+00:00
[2024-09-24T04:31:43.411+0000] {processor.py:176} INFO - Processing /home/airflow/.local/lib/python3.7/site-packages/airflow/example_dags/example_branch_operator_decorator.py took 0.164 seconds
[2024-09-24T04:32:14.303+0000] {processor.py:154} INFO - Started process (PID=15515) to work on /home/airflow/.local/lib/python3.7/site-packages/airflow/example_dags/example_branch_operator_decorator.py
[2024-09-24T04:32:14.305+0000] {processor.py:756} INFO - Processing file /home/airflow/.local/lib/python3.7/site-packages/airflow/example_dags/example_branch_operator_decorator.py for tasks to queue
[2024-09-24T04:32:14.306+0000] {logging_mixin.py:120} INFO - [2024-09-24T04:32:14.306+0000] {dagbag.py:537} INFO - Filling up the DagBag from /home/airflow/.local/lib/python3.7/site-packages/airflow/example_dags/example_branch_operator_decorator.py
[2024-09-24T04:32:14.346+0000] {processor.py:766} INFO - DAG(s) dict_keys(['example_branch_python_operator_decorator']) retrieved from /home/airflow/.local/lib/python3.7/site-packages/airflow/example_dags/example_branch_operator_decorator.py
[2024-09-24T04:32:14.406+0000] {logging_mixin.py:120} INFO - [2024-09-24T04:32:14.406+0000] {dag.py:2585} INFO - Sync 1 DAGs
[2024-09-24T04:32:14.450+0000] {logging_mixin.py:120} INFO - [2024-09-24T04:32:14.450+0000] {dag.py:3340} INFO - Setting next_dagrun for example_branch_python_operator_decorator to 2024-09-23T00:00:00+00:00, run_after=2024-09-24T00:00:00+00:00
[2024-09-24T04:32:14.482+0000] {processor.py:176} INFO - Processing /home/airflow/.local/lib/python3.7/site-packages/airflow/example_dags/example_branch_operator_decorator.py took 0.185 seconds
[2024-09-24T04:32:45.255+0000] {processor.py:154} INFO - Started process (PID=15578) to work on /home/airflow/.local/lib/python3.7/site-packages/airflow/example_dags/example_branch_operator_decorator.py
[2024-09-24T04:32:45.257+0000] {processor.py:756} INFO - Processing file /home/airflow/.local/lib/python3.7/site-packages/airflow/example_dags/example_branch_operator_decorator.py for tasks to queue
[2024-09-24T04:32:45.258+0000] {logging_mixin.py:120} INFO - [2024-09-24T04:32:45.258+0000] {dagbag.py:537} INFO - Filling up the DagBag from /home/airflow/.local/lib/python3.7/site-packages/airflow/example_dags/example_branch_operator_decorator.py
[2024-09-24T04:32:45.302+0000] {processor.py:766} INFO - DAG(s) dict_keys(['example_branch_python_operator_decorator']) retrieved from /home/airflow/.local/lib/python3.7/site-packages/airflow/example_dags/example_branch_operator_decorator.py
[2024-09-24T04:32:45.373+0000] {logging_mixin.py:120} INFO - [2024-09-24T04:32:45.373+0000] {dag.py:2585} INFO - Sync 1 DAGs
[2024-09-24T04:32:45.410+0000] {logging_mixin.py:120} INFO - [2024-09-24T04:32:45.410+0000] {dag.py:3340} INFO - Setting next_dagrun for example_branch_python_operator_decorator to 2024-09-23T00:00:00+00:00, run_after=2024-09-24T00:00:00+00:00
[2024-09-24T04:32:45.440+0000] {processor.py:176} INFO - Processing /home/airflow/.local/lib/python3.7/site-packages/airflow/example_dags/example_branch_operator_decorator.py took 0.189 seconds
[2024-09-24T04:33:16.138+0000] {processor.py:154} INFO - Started process (PID=15641) to work on /home/airflow/.local/lib/python3.7/site-packages/airflow/example_dags/example_branch_operator_decorator.py
[2024-09-24T04:33:16.140+0000] {processor.py:756} INFO - Processing file /home/airflow/.local/lib/python3.7/site-packages/airflow/example_dags/example_branch_operator_decorator.py for tasks to queue
[2024-09-24T04:33:16.141+0000] {logging_mixin.py:120} INFO - [2024-09-24T04:33:16.141+0000] {dagbag.py:537} INFO - Filling up the DagBag from /home/airflow/.local/lib/python3.7/site-packages/airflow/example_dags/example_branch_operator_decorator.py
[2024-09-24T04:33:16.177+0000] {processor.py:766} INFO - DAG(s) dict_keys(['example_branch_python_operator_decorator']) retrieved from /home/airflow/.local/lib/python3.7/site-packages/airflow/example_dags/example_branch_operator_decorator.py
[2024-09-24T04:33:16.238+0000] {logging_mixin.py:120} INFO - [2024-09-24T04:33:16.238+0000] {dag.py:2585} INFO - Sync 1 DAGs
[2024-09-24T04:33:16.277+0000] {logging_mixin.py:120} INFO - [2024-09-24T04:33:16.277+0000] {dag.py:3340} INFO - Setting next_dagrun for example_branch_python_operator_decorator to 2024-09-23T00:00:00+00:00, run_after=2024-09-24T00:00:00+00:00
[2024-09-24T04:33:16.306+0000] {processor.py:176} INFO - Processing /home/airflow/.local/lib/python3.7/site-packages/airflow/example_dags/example_branch_operator_decorator.py took 0.173 seconds
[2024-09-24T04:33:46.398+0000] {processor.py:154} INFO - Started process (PID=15695) to work on /home/airflow/.local/lib/python3.7/site-packages/airflow/example_dags/example_branch_operator_decorator.py
[2024-09-24T04:33:46.401+0000] {processor.py:756} INFO - Processing file /home/airflow/.local/lib/python3.7/site-packages/airflow/example_dags/example_branch_operator_decorator.py for tasks to queue
[2024-09-24T04:33:46.402+0000] {logging_mixin.py:120} INFO - [2024-09-24T04:33:46.401+0000] {dagbag.py:537} INFO - Filling up the DagBag from /home/airflow/.local/lib/python3.7/site-packages/airflow/example_dags/example_branch_operator_decorator.py
[2024-09-24T04:33:46.440+0000] {processor.py:766} INFO - DAG(s) dict_keys(['example_branch_python_operator_decorator']) retrieved from /home/airflow/.local/lib/python3.7/site-packages/airflow/example_dags/example_branch_operator_decorator.py
[2024-09-24T04:33:46.500+0000] {logging_mixin.py:120} INFO - [2024-09-24T04:33:46.500+0000] {dag.py:2585} INFO - Sync 1 DAGs
[2024-09-24T04:33:46.539+0000] {logging_mixin.py:120} INFO - [2024-09-24T04:33:46.539+0000] {dag.py:3340} INFO - Setting next_dagrun for example_branch_python_operator_decorator to 2024-09-23T00:00:00+00:00, run_after=2024-09-24T00:00:00+00:00
[2024-09-24T04:33:46.568+0000] {processor.py:176} INFO - Processing /home/airflow/.local/lib/python3.7/site-packages/airflow/example_dags/example_branch_operator_decorator.py took 0.175 seconds
[2024-09-24T04:34:16.903+0000] {processor.py:154} INFO - Started process (PID=15758) to work on /home/airflow/.local/lib/python3.7/site-packages/airflow/example_dags/example_branch_operator_decorator.py
[2024-09-24T04:34:16.905+0000] {processor.py:756} INFO - Processing file /home/airflow/.local/lib/python3.7/site-packages/airflow/example_dags/example_branch_operator_decorator.py for tasks to queue
[2024-09-24T04:34:16.906+0000] {logging_mixin.py:120} INFO - [2024-09-24T04:34:16.906+0000] {dagbag.py:537} INFO - Filling up the DagBag from /home/airflow/.local/lib/python3.7/site-packages/airflow/example_dags/example_branch_operator_decorator.py
[2024-09-24T04:34:16.947+0000] {processor.py:766} INFO - DAG(s) dict_keys(['example_branch_python_operator_decorator']) retrieved from /home/airflow/.local/lib/python3.7/site-packages/airflow/example_dags/example_branch_operator_decorator.py
[2024-09-24T04:34:17.022+0000] {logging_mixin.py:120} INFO - [2024-09-24T04:34:17.022+0000] {dag.py:2585} INFO - Sync 1 DAGs
[2024-09-24T04:34:17.077+0000] {logging_mixin.py:120} INFO - [2024-09-24T04:34:17.077+0000] {dag.py:3340} INFO - Setting next_dagrun for example_branch_python_operator_decorator to 2024-09-23T00:00:00+00:00, run_after=2024-09-24T00:00:00+00:00
[2024-09-24T04:34:17.117+0000] {processor.py:176} INFO - Processing /home/airflow/.local/lib/python3.7/site-packages/airflow/example_dags/example_branch_operator_decorator.py took 0.219 seconds
[2024-09-24T04:34:47.204+0000] {processor.py:154} INFO - Started process (PID=15813) to work on /home/airflow/.local/lib/python3.7/site-packages/airflow/example_dags/example_branch_operator_decorator.py
[2024-09-24T04:34:47.208+0000] {processor.py:756} INFO - Processing file /home/airflow/.local/lib/python3.7/site-packages/airflow/example_dags/example_branch_operator_decorator.py for tasks to queue
[2024-09-24T04:34:47.211+0000] {logging_mixin.py:120} INFO - [2024-09-24T04:34:47.211+0000] {dagbag.py:537} INFO - Filling up the DagBag from /home/airflow/.local/lib/python3.7/site-packages/airflow/example_dags/example_branch_operator_decorator.py
[2024-09-24T04:34:47.249+0000] {processor.py:766} INFO - DAG(s) dict_keys(['example_branch_python_operator_decorator']) retrieved from /home/airflow/.local/lib/python3.7/site-packages/airflow/example_dags/example_branch_operator_decorator.py
[2024-09-24T04:34:47.318+0000] {logging_mixin.py:120} INFO - [2024-09-24T04:34:47.318+0000] {dag.py:2585} INFO - Sync 1 DAGs
[2024-09-24T04:34:47.364+0000] {logging_mixin.py:120} INFO - [2024-09-24T04:34:47.363+0000] {dag.py:3340} INFO - Setting next_dagrun for example_branch_python_operator_decorator to 2024-09-23T00:00:00+00:00, run_after=2024-09-24T00:00:00+00:00
[2024-09-24T04:34:47.398+0000] {processor.py:176} INFO - Processing /home/airflow/.local/lib/python3.7/site-packages/airflow/example_dags/example_branch_operator_decorator.py took 0.199 seconds
[2024-09-24T04:35:17.674+0000] {processor.py:154} INFO - Started process (PID=15876) to work on /home/airflow/.local/lib/python3.7/site-packages/airflow/example_dags/example_branch_operator_decorator.py
[2024-09-24T04:35:17.677+0000] {processor.py:756} INFO - Processing file /home/airflow/.local/lib/python3.7/site-packages/airflow/example_dags/example_branch_operator_decorator.py for tasks to queue
[2024-09-24T04:35:17.679+0000] {logging_mixin.py:120} INFO - [2024-09-24T04:35:17.678+0000] {dagbag.py:537} INFO - Filling up the DagBag from /home/airflow/.local/lib/python3.7/site-packages/airflow/example_dags/example_branch_operator_decorator.py
[2024-09-24T04:35:17.719+0000] {processor.py:766} INFO - DAG(s) dict_keys(['example_branch_python_operator_decorator']) retrieved from /home/airflow/.local/lib/python3.7/site-packages/airflow/example_dags/example_branch_operator_decorator.py
[2024-09-24T04:35:17.784+0000] {logging_mixin.py:120} INFO - [2024-09-24T04:35:17.783+0000] {dag.py:2585} INFO - Sync 1 DAGs
[2024-09-24T04:35:17.826+0000] {logging_mixin.py:120} INFO - [2024-09-24T04:35:17.826+0000] {dag.py:3340} INFO - Setting next_dagrun for example_branch_python_operator_decorator to 2024-09-23T00:00:00+00:00, run_after=2024-09-24T00:00:00+00:00
[2024-09-24T04:35:17.860+0000] {processor.py:176} INFO - Processing /home/airflow/.local/lib/python3.7/site-packages/airflow/example_dags/example_branch_operator_decorator.py took 0.192 seconds
[2024-09-24T04:35:47.968+0000] {processor.py:154} INFO - Started process (PID=15930) to work on /home/airflow/.local/lib/python3.7/site-packages/airflow/example_dags/example_branch_operator_decorator.py
[2024-09-24T04:35:47.970+0000] {processor.py:756} INFO - Processing file /home/airflow/.local/lib/python3.7/site-packages/airflow/example_dags/example_branch_operator_decorator.py for tasks to queue
[2024-09-24T04:35:47.973+0000] {logging_mixin.py:120} INFO - [2024-09-24T04:35:47.972+0000] {dagbag.py:537} INFO - Filling up the DagBag from /home/airflow/.local/lib/python3.7/site-packages/airflow/example_dags/example_branch_operator_decorator.py
[2024-09-24T04:35:48.020+0000] {processor.py:766} INFO - DAG(s) dict_keys(['example_branch_python_operator_decorator']) retrieved from /home/airflow/.local/lib/python3.7/site-packages/airflow/example_dags/example_branch_operator_decorator.py
[2024-09-24T04:35:48.098+0000] {logging_mixin.py:120} INFO - [2024-09-24T04:35:48.098+0000] {dag.py:2585} INFO - Sync 1 DAGs
[2024-09-24T04:35:48.161+0000] {logging_mixin.py:120} INFO - [2024-09-24T04:35:48.161+0000] {dag.py:3340} INFO - Setting next_dagrun for example_branch_python_operator_decorator to 2024-09-23T00:00:00+00:00, run_after=2024-09-24T00:00:00+00:00
[2024-09-24T04:35:48.202+0000] {processor.py:176} INFO - Processing /home/airflow/.local/lib/python3.7/site-packages/airflow/example_dags/example_branch_operator_decorator.py took 0.241 seconds
[2024-09-24T04:36:18.361+0000] {processor.py:154} INFO - Started process (PID=15993) to work on /home/airflow/.local/lib/python3.7/site-packages/airflow/example_dags/example_branch_operator_decorator.py
[2024-09-24T04:36:18.363+0000] {processor.py:756} INFO - Processing file /home/airflow/.local/lib/python3.7/site-packages/airflow/example_dags/example_branch_operator_decorator.py for tasks to queue
[2024-09-24T04:36:18.364+0000] {logging_mixin.py:120} INFO - [2024-09-24T04:36:18.364+0000] {dagbag.py:537} INFO - Filling up the DagBag from /home/airflow/.local/lib/python3.7/site-packages/airflow/example_dags/example_branch_operator_decorator.py
[2024-09-24T04:36:18.402+0000] {processor.py:766} INFO - DAG(s) dict_keys(['example_branch_python_operator_decorator']) retrieved from /home/airflow/.local/lib/python3.7/site-packages/airflow/example_dags/example_branch_operator_decorator.py
[2024-09-24T04:36:18.470+0000] {logging_mixin.py:120} INFO - [2024-09-24T04:36:18.470+0000] {dag.py:2585} INFO - Sync 1 DAGs
[2024-09-24T04:36:18.511+0000] {logging_mixin.py:120} INFO - [2024-09-24T04:36:18.511+0000] {dag.py:3340} INFO - Setting next_dagrun for example_branch_python_operator_decorator to 2024-09-23T00:00:00+00:00, run_after=2024-09-24T00:00:00+00:00
[2024-09-24T04:36:18.542+0000] {processor.py:176} INFO - Processing /home/airflow/.local/lib/python3.7/site-packages/airflow/example_dags/example_branch_operator_decorator.py took 0.186 seconds
[2024-09-24T04:36:49.484+0000] {processor.py:154} INFO - Started process (PID=16056) to work on /home/airflow/.local/lib/python3.7/site-packages/airflow/example_dags/example_branch_operator_decorator.py
[2024-09-24T04:36:49.486+0000] {processor.py:756} INFO - Processing file /home/airflow/.local/lib/python3.7/site-packages/airflow/example_dags/example_branch_operator_decorator.py for tasks to queue
[2024-09-24T04:36:49.488+0000] {logging_mixin.py:120} INFO - [2024-09-24T04:36:49.488+0000] {dagbag.py:537} INFO - Filling up the DagBag from /home/airflow/.local/lib/python3.7/site-packages/airflow/example_dags/example_branch_operator_decorator.py
[2024-09-24T04:36:49.524+0000] {processor.py:766} INFO - DAG(s) dict_keys(['example_branch_python_operator_decorator']) retrieved from /home/airflow/.local/lib/python3.7/site-packages/airflow/example_dags/example_branch_operator_decorator.py
[2024-09-24T04:36:49.591+0000] {logging_mixin.py:120} INFO - [2024-09-24T04:36:49.591+0000] {dag.py:2585} INFO - Sync 1 DAGs
[2024-09-24T04:36:49.636+0000] {logging_mixin.py:120} INFO - [2024-09-24T04:36:49.636+0000] {dag.py:3340} INFO - Setting next_dagrun for example_branch_python_operator_decorator to 2024-09-23T00:00:00+00:00, run_after=2024-09-24T00:00:00+00:00
[2024-09-24T04:36:49.672+0000] {processor.py:176} INFO - Processing /home/airflow/.local/lib/python3.7/site-packages/airflow/example_dags/example_branch_operator_decorator.py took 0.197 seconds
[2024-09-24T04:37:19.743+0000] {processor.py:154} INFO - Started process (PID=16110) to work on /home/airflow/.local/lib/python3.7/site-packages/airflow/example_dags/example_branch_operator_decorator.py
[2024-09-24T04:37:19.745+0000] {processor.py:756} INFO - Processing file /home/airflow/.local/lib/python3.7/site-packages/airflow/example_dags/example_branch_operator_decorator.py for tasks to queue
[2024-09-24T04:37:19.745+0000] {logging_mixin.py:120} INFO - [2024-09-24T04:37:19.745+0000] {dagbag.py:537} INFO - Filling up the DagBag from /home/airflow/.local/lib/python3.7/site-packages/airflow/example_dags/example_branch_operator_decorator.py
[2024-09-24T04:37:19.807+0000] {processor.py:766} INFO - DAG(s) dict_keys(['example_branch_python_operator_decorator']) retrieved from /home/airflow/.local/lib/python3.7/site-packages/airflow/example_dags/example_branch_operator_decorator.py
[2024-09-24T04:37:19.862+0000] {logging_mixin.py:120} INFO - [2024-09-24T04:37:19.862+0000] {dag.py:2585} INFO - Sync 1 DAGs
[2024-09-24T04:37:19.909+0000] {logging_mixin.py:120} INFO - [2024-09-24T04:37:19.908+0000] {dag.py:3340} INFO - Setting next_dagrun for example_branch_python_operator_decorator to 2024-09-23T00:00:00+00:00, run_after=2024-09-24T00:00:00+00:00
[2024-09-24T04:37:19.951+0000] {processor.py:176} INFO - Processing /home/airflow/.local/lib/python3.7/site-packages/airflow/example_dags/example_branch_operator_decorator.py took 0.214 seconds
[2024-09-24T04:37:58.540+0000] {processor.py:154} INFO - Started process (PID=16164) to work on /home/airflow/.local/lib/python3.7/site-packages/airflow/example_dags/example_branch_operator_decorator.py
[2024-09-24T04:37:58.541+0000] {processor.py:756} INFO - Processing file /home/airflow/.local/lib/python3.7/site-packages/airflow/example_dags/example_branch_operator_decorator.py for tasks to queue
[2024-09-24T04:37:58.542+0000] {logging_mixin.py:120} INFO - [2024-09-24T04:37:58.542+0000] {dagbag.py:537} INFO - Filling up the DagBag from /home/airflow/.local/lib/python3.7/site-packages/airflow/example_dags/example_branch_operator_decorator.py
[2024-09-24T04:37:58.575+0000] {processor.py:766} INFO - DAG(s) dict_keys(['example_branch_python_operator_decorator']) retrieved from /home/airflow/.local/lib/python3.7/site-packages/airflow/example_dags/example_branch_operator_decorator.py
[2024-09-24T04:37:58.633+0000] {logging_mixin.py:120} INFO - [2024-09-24T04:37:58.633+0000] {dag.py:2585} INFO - Sync 1 DAGs
[2024-09-24T04:37:58.671+0000] {logging_mixin.py:120} INFO - [2024-09-24T04:37:58.671+0000] {dag.py:3340} INFO - Setting next_dagrun for example_branch_python_operator_decorator to 2024-09-23T00:00:00+00:00, run_after=2024-09-24T00:00:00+00:00
[2024-09-24T04:37:58.704+0000] {processor.py:176} INFO - Processing /home/airflow/.local/lib/python3.7/site-packages/airflow/example_dags/example_branch_operator_decorator.py took 0.168 seconds
[2024-09-24T06:15:50.800+0000] {processor.py:154} INFO - Started process (PID=16187) to work on /home/airflow/.local/lib/python3.7/site-packages/airflow/example_dags/example_branch_operator_decorator.py
[2024-09-24T06:15:50.802+0000] {processor.py:756} INFO - Processing file /home/airflow/.local/lib/python3.7/site-packages/airflow/example_dags/example_branch_operator_decorator.py for tasks to queue
[2024-09-24T06:15:50.804+0000] {logging_mixin.py:120} INFO - [2024-09-24T06:15:50.803+0000] {dagbag.py:537} INFO - Filling up the DagBag from /home/airflow/.local/lib/python3.7/site-packages/airflow/example_dags/example_branch_operator_decorator.py
[2024-09-24T06:15:50.853+0000] {processor.py:766} INFO - DAG(s) dict_keys(['example_branch_python_operator_decorator']) retrieved from /home/airflow/.local/lib/python3.7/site-packages/airflow/example_dags/example_branch_operator_decorator.py
[2024-09-24T06:15:50.935+0000] {logging_mixin.py:120} INFO - [2024-09-24T06:15:50.934+0000] {dag.py:2585} INFO - Sync 1 DAGs
[2024-09-24T06:15:51.006+0000] {logging_mixin.py:120} INFO - [2024-09-24T06:15:51.006+0000] {dag.py:3340} INFO - Setting next_dagrun for example_branch_python_operator_decorator to 2024-09-23T00:00:00+00:00, run_after=2024-09-24T00:00:00+00:00
[2024-09-24T06:15:51.057+0000] {processor.py:176} INFO - Processing /home/airflow/.local/lib/python3.7/site-packages/airflow/example_dags/example_branch_operator_decorator.py took 0.265 seconds
[2024-09-24T06:30:59.237+0000] {processor.py:154} INFO - Started process (PID=16250) to work on /home/airflow/.local/lib/python3.7/site-packages/airflow/example_dags/example_branch_operator_decorator.py
[2024-09-24T06:30:59.241+0000] {processor.py:756} INFO - Processing file /home/airflow/.local/lib/python3.7/site-packages/airflow/example_dags/example_branch_operator_decorator.py for tasks to queue
[2024-09-24T06:30:59.246+0000] {logging_mixin.py:120} INFO - [2024-09-24T06:30:59.246+0000] {dagbag.py:537} INFO - Filling up the DagBag from /home/airflow/.local/lib/python3.7/site-packages/airflow/example_dags/example_branch_operator_decorator.py
[2024-09-24T06:30:59.301+0000] {processor.py:766} INFO - DAG(s) dict_keys(['example_branch_python_operator_decorator']) retrieved from /home/airflow/.local/lib/python3.7/site-packages/airflow/example_dags/example_branch_operator_decorator.py
[2024-09-24T06:30:59.415+0000] {logging_mixin.py:120} INFO - [2024-09-24T06:30:59.414+0000] {dag.py:2585} INFO - Sync 1 DAGs
[2024-09-24T06:30:59.486+0000] {logging_mixin.py:120} INFO - [2024-09-24T06:30:59.486+0000] {dag.py:3340} INFO - Setting next_dagrun for example_branch_python_operator_decorator to 2024-09-23T00:00:00+00:00, run_after=2024-09-24T00:00:00+00:00
[2024-09-24T06:30:59.526+0000] {processor.py:176} INFO - Processing /home/airflow/.local/lib/python3.7/site-packages/airflow/example_dags/example_branch_operator_decorator.py took 0.295 seconds
[2024-09-24T08:40:08.327+0000] {processor.py:154} INFO - Started process (PID=16304) to work on /home/airflow/.local/lib/python3.7/site-packages/airflow/example_dags/example_branch_operator_decorator.py
[2024-09-24T08:40:08.329+0000] {processor.py:756} INFO - Processing file /home/airflow/.local/lib/python3.7/site-packages/airflow/example_dags/example_branch_operator_decorator.py for tasks to queue
[2024-09-24T08:40:08.330+0000] {logging_mixin.py:120} INFO - [2024-09-24T08:40:08.330+0000] {dagbag.py:537} INFO - Filling up the DagBag from /home/airflow/.local/lib/python3.7/site-packages/airflow/example_dags/example_branch_operator_decorator.py
[2024-09-24T08:40:08.371+0000] {processor.py:766} INFO - DAG(s) dict_keys(['example_branch_python_operator_decorator']) retrieved from /home/airflow/.local/lib/python3.7/site-packages/airflow/example_dags/example_branch_operator_decorator.py
[2024-09-24T08:40:08.448+0000] {logging_mixin.py:120} INFO - [2024-09-24T08:40:08.448+0000] {dag.py:2585} INFO - Sync 1 DAGs
[2024-09-24T08:40:08.485+0000] {logging_mixin.py:120} INFO - [2024-09-24T08:40:08.485+0000] {dag.py:3340} INFO - Setting next_dagrun for example_branch_python_operator_decorator to 2024-09-23T00:00:00+00:00, run_after=2024-09-24T00:00:00+00:00
[2024-09-24T08:40:08.511+0000] {processor.py:176} INFO - Processing /home/airflow/.local/lib/python3.7/site-packages/airflow/example_dags/example_branch_operator_decorator.py took 0.191 seconds
[2024-09-24T11:11:15.101+0000] {processor.py:154} INFO - Started process (PID=16367) to work on /home/airflow/.local/lib/python3.7/site-packages/airflow/example_dags/example_branch_operator_decorator.py
[2024-09-24T11:11:15.105+0000] {processor.py:756} INFO - Processing file /home/airflow/.local/lib/python3.7/site-packages/airflow/example_dags/example_branch_operator_decorator.py for tasks to queue
[2024-09-24T11:11:15.106+0000] {logging_mixin.py:120} INFO - [2024-09-24T11:11:15.106+0000] {dagbag.py:537} INFO - Filling up the DagBag from /home/airflow/.local/lib/python3.7/site-packages/airflow/example_dags/example_branch_operator_decorator.py
[2024-09-24T11:11:15.169+0000] {processor.py:766} INFO - DAG(s) dict_keys(['example_branch_python_operator_decorator']) retrieved from /home/airflow/.local/lib/python3.7/site-packages/airflow/example_dags/example_branch_operator_decorator.py
[2024-09-24T11:11:15.273+0000] {logging_mixin.py:120} INFO - [2024-09-24T11:11:15.273+0000] {dag.py:2585} INFO - Sync 1 DAGs
[2024-09-24T11:11:15.337+0000] {logging_mixin.py:120} INFO - [2024-09-24T11:11:15.337+0000] {dag.py:3340} INFO - Setting next_dagrun for example_branch_python_operator_decorator to 2024-09-23T00:00:00+00:00, run_after=2024-09-24T00:00:00+00:00
[2024-09-24T11:11:15.381+0000] {processor.py:176} INFO - Processing /home/airflow/.local/lib/python3.7/site-packages/airflow/example_dags/example_branch_operator_decorator.py took 0.286 seconds
[2024-09-24T12:44:46.828+0000] {processor.py:154} INFO - Started process (PID=16430) to work on /home/airflow/.local/lib/python3.7/site-packages/airflow/example_dags/example_branch_operator_decorator.py
[2024-09-24T12:44:46.830+0000] {processor.py:756} INFO - Processing file /home/airflow/.local/lib/python3.7/site-packages/airflow/example_dags/example_branch_operator_decorator.py for tasks to queue
[2024-09-24T12:44:46.831+0000] {logging_mixin.py:120} INFO - [2024-09-24T12:44:46.831+0000] {dagbag.py:537} INFO - Filling up the DagBag from /home/airflow/.local/lib/python3.7/site-packages/airflow/example_dags/example_branch_operator_decorator.py
[2024-09-24T12:44:46.862+0000] {processor.py:766} INFO - DAG(s) dict_keys(['example_branch_python_operator_decorator']) retrieved from /home/airflow/.local/lib/python3.7/site-packages/airflow/example_dags/example_branch_operator_decorator.py
[2024-09-24T12:44:46.905+0000] {logging_mixin.py:120} INFO - [2024-09-24T12:44:46.905+0000] {dag.py:2585} INFO - Sync 1 DAGs
[2024-09-24T12:44:46.932+0000] {logging_mixin.py:120} INFO - [2024-09-24T12:44:46.932+0000] {dag.py:3340} INFO - Setting next_dagrun for example_branch_python_operator_decorator to 2024-09-23T00:00:00+00:00, run_after=2024-09-24T00:00:00+00:00
[2024-09-24T12:44:46.951+0000] {processor.py:176} INFO - Processing /home/airflow/.local/lib/python3.7/site-packages/airflow/example_dags/example_branch_operator_decorator.py took 0.127 seconds
[2024-09-24T14:24:37.424+0000] {processor.py:154} INFO - Started process (PID=16484) to work on /home/airflow/.local/lib/python3.7/site-packages/airflow/example_dags/example_branch_operator_decorator.py
[2024-09-24T14:24:37.426+0000] {processor.py:756} INFO - Processing file /home/airflow/.local/lib/python3.7/site-packages/airflow/example_dags/example_branch_operator_decorator.py for tasks to queue
[2024-09-24T14:24:37.428+0000] {logging_mixin.py:120} INFO - [2024-09-24T14:24:37.427+0000] {dagbag.py:537} INFO - Filling up the DagBag from /home/airflow/.local/lib/python3.7/site-packages/airflow/example_dags/example_branch_operator_decorator.py
[2024-09-24T14:24:37.477+0000] {processor.py:766} INFO - DAG(s) dict_keys(['example_branch_python_operator_decorator']) retrieved from /home/airflow/.local/lib/python3.7/site-packages/airflow/example_dags/example_branch_operator_decorator.py
[2024-09-24T14:24:37.571+0000] {logging_mixin.py:120} INFO - [2024-09-24T14:24:37.571+0000] {dag.py:2585} INFO - Sync 1 DAGs
[2024-09-24T14:24:37.620+0000] {logging_mixin.py:120} INFO - [2024-09-24T14:24:37.620+0000] {dag.py:3340} INFO - Setting next_dagrun for example_branch_python_operator_decorator to 2024-09-23T00:00:00+00:00, run_after=2024-09-24T00:00:00+00:00
[2024-09-24T14:24:37.651+0000] {processor.py:176} INFO - Processing /home/airflow/.local/lib/python3.7/site-packages/airflow/example_dags/example_branch_operator_decorator.py took 0.235 seconds
[2024-09-24T14:26:37.848+0000] {processor.py:154} INFO - Started process (PID=16547) to work on /home/airflow/.local/lib/python3.7/site-packages/airflow/example_dags/example_branch_operator_decorator.py
[2024-09-24T14:26:37.850+0000] {processor.py:756} INFO - Processing file /home/airflow/.local/lib/python3.7/site-packages/airflow/example_dags/example_branch_operator_decorator.py for tasks to queue
[2024-09-24T14:26:37.850+0000] {logging_mixin.py:120} INFO - [2024-09-24T14:26:37.850+0000] {dagbag.py:537} INFO - Filling up the DagBag from /home/airflow/.local/lib/python3.7/site-packages/airflow/example_dags/example_branch_operator_decorator.py
[2024-09-24T14:26:37.880+0000] {processor.py:766} INFO - DAG(s) dict_keys(['example_branch_python_operator_decorator']) retrieved from /home/airflow/.local/lib/python3.7/site-packages/airflow/example_dags/example_branch_operator_decorator.py
[2024-09-24T14:26:37.932+0000] {logging_mixin.py:120} INFO - [2024-09-24T14:26:37.932+0000] {dag.py:2585} INFO - Sync 1 DAGs
[2024-09-24T14:26:37.963+0000] {logging_mixin.py:120} INFO - [2024-09-24T14:26:37.963+0000] {dag.py:3340} INFO - Setting next_dagrun for example_branch_python_operator_decorator to 2024-09-23T00:00:00+00:00, run_after=2024-09-24T00:00:00+00:00
[2024-09-24T14:26:37.987+0000] {processor.py:176} INFO - Processing /home/airflow/.local/lib/python3.7/site-packages/airflow/example_dags/example_branch_operator_decorator.py took 0.144 seconds
[2024-09-24T15:01:00.477+0000] {processor.py:154} INFO - Started process (PID=16601) to work on /home/airflow/.local/lib/python3.7/site-packages/airflow/example_dags/example_branch_operator_decorator.py
[2024-09-24T15:01:00.482+0000] {processor.py:756} INFO - Processing file /home/airflow/.local/lib/python3.7/site-packages/airflow/example_dags/example_branch_operator_decorator.py for tasks to queue
[2024-09-24T15:01:00.485+0000] {logging_mixin.py:120} INFO - [2024-09-24T15:01:00.485+0000] {dagbag.py:537} INFO - Filling up the DagBag from /home/airflow/.local/lib/python3.7/site-packages/airflow/example_dags/example_branch_operator_decorator.py
[2024-09-24T15:01:00.553+0000] {processor.py:766} INFO - DAG(s) dict_keys(['example_branch_python_operator_decorator']) retrieved from /home/airflow/.local/lib/python3.7/site-packages/airflow/example_dags/example_branch_operator_decorator.py
[2024-09-24T15:01:00.665+0000] {logging_mixin.py:120} INFO - [2024-09-24T15:01:00.665+0000] {dag.py:2585} INFO - Sync 1 DAGs
[2024-09-24T15:01:00.740+0000] {logging_mixin.py:120} INFO - [2024-09-24T15:01:00.740+0000] {dag.py:3340} INFO - Setting next_dagrun for example_branch_python_operator_decorator to 2024-09-23T00:00:00+00:00, run_after=2024-09-24T00:00:00+00:00
[2024-09-24T15:01:00.785+0000] {processor.py:176} INFO - Processing /home/airflow/.local/lib/python3.7/site-packages/airflow/example_dags/example_branch_operator_decorator.py took 0.318 seconds
[2024-09-24T16:32:25.555+0000] {processor.py:154} INFO - Started process (PID=16664) to work on /home/airflow/.local/lib/python3.7/site-packages/airflow/example_dags/example_branch_operator_decorator.py
[2024-09-24T16:32:25.557+0000] {processor.py:756} INFO - Processing file /home/airflow/.local/lib/python3.7/site-packages/airflow/example_dags/example_branch_operator_decorator.py for tasks to queue
[2024-09-24T16:32:25.558+0000] {logging_mixin.py:120} INFO - [2024-09-24T16:32:25.558+0000] {dagbag.py:537} INFO - Filling up the DagBag from /home/airflow/.local/lib/python3.7/site-packages/airflow/example_dags/example_branch_operator_decorator.py
[2024-09-24T16:32:25.586+0000] {processor.py:766} INFO - DAG(s) dict_keys(['example_branch_python_operator_decorator']) retrieved from /home/airflow/.local/lib/python3.7/site-packages/airflow/example_dags/example_branch_operator_decorator.py
[2024-09-24T16:32:25.635+0000] {logging_mixin.py:120} INFO - [2024-09-24T16:32:25.635+0000] {dag.py:2585} INFO - Sync 1 DAGs
[2024-09-24T16:32:25.663+0000] {logging_mixin.py:120} INFO - [2024-09-24T16:32:25.663+0000] {dag.py:3340} INFO - Setting next_dagrun for example_branch_python_operator_decorator to 2024-09-23T00:00:00+00:00, run_after=2024-09-24T00:00:00+00:00
[2024-09-24T16:32:25.684+0000] {processor.py:176} INFO - Processing /home/airflow/.local/lib/python3.7/site-packages/airflow/example_dags/example_branch_operator_decorator.py took 0.132 seconds
[2024-09-24T16:38:41.917+0000] {processor.py:154} INFO - Started process (PID=16718) to work on /home/airflow/.local/lib/python3.7/site-packages/airflow/example_dags/example_branch_operator_decorator.py
[2024-09-24T16:38:41.926+0000] {processor.py:756} INFO - Processing file /home/airflow/.local/lib/python3.7/site-packages/airflow/example_dags/example_branch_operator_decorator.py for tasks to queue
[2024-09-24T16:38:41.930+0000] {logging_mixin.py:120} INFO - [2024-09-24T16:38:41.929+0000] {dagbag.py:537} INFO - Filling up the DagBag from /home/airflow/.local/lib/python3.7/site-packages/airflow/example_dags/example_branch_operator_decorator.py
[2024-09-24T16:38:42.120+0000] {processor.py:766} INFO - DAG(s) dict_keys(['example_branch_python_operator_decorator']) retrieved from /home/airflow/.local/lib/python3.7/site-packages/airflow/example_dags/example_branch_operator_decorator.py
[2024-09-24T16:38:42.432+0000] {logging_mixin.py:120} INFO - [2024-09-24T16:38:42.431+0000] {dag.py:2585} INFO - Sync 1 DAGs
[2024-09-24T16:38:42.635+0000] {logging_mixin.py:120} INFO - [2024-09-24T16:38:42.634+0000] {dag.py:3340} INFO - Setting next_dagrun for example_branch_python_operator_decorator to 2024-09-23T00:00:00+00:00, run_after=2024-09-24T00:00:00+00:00
[2024-09-24T16:38:42.775+0000] {processor.py:176} INFO - Processing /home/airflow/.local/lib/python3.7/site-packages/airflow/example_dags/example_branch_operator_decorator.py took 0.883 seconds
[2024-09-24T17:03:29.492+0000] {processor.py:154} INFO - Started process (PID=16772) to work on /home/airflow/.local/lib/python3.7/site-packages/airflow/example_dags/example_branch_operator_decorator.py
[2024-09-24T17:03:29.503+0000] {processor.py:756} INFO - Processing file /home/airflow/.local/lib/python3.7/site-packages/airflow/example_dags/example_branch_operator_decorator.py for tasks to queue
[2024-09-24T17:03:29.510+0000] {logging_mixin.py:120} INFO - [2024-09-24T17:03:29.509+0000] {dagbag.py:537} INFO - Filling up the DagBag from /home/airflow/.local/lib/python3.7/site-packages/airflow/example_dags/example_branch_operator_decorator.py
[2024-09-24T17:03:29.747+0000] {processor.py:766} INFO - DAG(s) dict_keys(['example_branch_python_operator_decorator']) retrieved from /home/airflow/.local/lib/python3.7/site-packages/airflow/example_dags/example_branch_operator_decorator.py
[2024-09-24T17:03:30.092+0000] {logging_mixin.py:120} INFO - [2024-09-24T17:03:30.091+0000] {dag.py:2585} INFO - Sync 1 DAGs
[2024-09-24T17:03:30.315+0000] {logging_mixin.py:120} INFO - [2024-09-24T17:03:30.314+0000] {dag.py:3340} INFO - Setting next_dagrun for example_branch_python_operator_decorator to 2024-09-23T00:00:00+00:00, run_after=2024-09-24T00:00:00+00:00
[2024-09-24T17:03:30.492+0000] {processor.py:176} INFO - Processing /home/airflow/.local/lib/python3.7/site-packages/airflow/example_dags/example_branch_operator_decorator.py took 1.032 seconds
[2024-09-24T17:24:19.815+0000] {processor.py:154} INFO - Started process (PID=16826) to work on /home/airflow/.local/lib/python3.7/site-packages/airflow/example_dags/example_branch_operator_decorator.py
[2024-09-24T17:24:19.825+0000] {processor.py:756} INFO - Processing file /home/airflow/.local/lib/python3.7/site-packages/airflow/example_dags/example_branch_operator_decorator.py for tasks to queue
[2024-09-24T17:24:19.841+0000] {logging_mixin.py:120} INFO - [2024-09-24T17:24:19.840+0000] {dagbag.py:537} INFO - Filling up the DagBag from /home/airflow/.local/lib/python3.7/site-packages/airflow/example_dags/example_branch_operator_decorator.py
[2024-09-24T17:24:20.188+0000] {processor.py:766} INFO - DAG(s) dict_keys(['example_branch_python_operator_decorator']) retrieved from /home/airflow/.local/lib/python3.7/site-packages/airflow/example_dags/example_branch_operator_decorator.py
[2024-09-24T17:24:20.562+0000] {logging_mixin.py:120} INFO - [2024-09-24T17:24:20.560+0000] {dag.py:2585} INFO - Sync 1 DAGs
[2024-09-24T17:24:20.848+0000] {logging_mixin.py:120} INFO - [2024-09-24T17:24:20.847+0000] {dag.py:3340} INFO - Setting next_dagrun for example_branch_python_operator_decorator to 2024-09-23T00:00:00+00:00, run_after=2024-09-24T00:00:00+00:00
[2024-09-24T17:24:21.033+0000] {processor.py:176} INFO - Processing /home/airflow/.local/lib/python3.7/site-packages/airflow/example_dags/example_branch_operator_decorator.py took 1.357 seconds
[2024-09-24T18:04:24.833+0000] {processor.py:154} INFO - Started process (PID=16880) to work on /home/airflow/.local/lib/python3.7/site-packages/airflow/example_dags/example_branch_operator_decorator.py
[2024-09-24T18:04:24.844+0000] {processor.py:756} INFO - Processing file /home/airflow/.local/lib/python3.7/site-packages/airflow/example_dags/example_branch_operator_decorator.py for tasks to queue
[2024-09-24T18:04:24.852+0000] {logging_mixin.py:120} INFO - [2024-09-24T18:04:24.851+0000] {dagbag.py:537} INFO - Filling up the DagBag from /home/airflow/.local/lib/python3.7/site-packages/airflow/example_dags/example_branch_operator_decorator.py
[2024-09-24T18:04:25.146+0000] {processor.py:766} INFO - DAG(s) dict_keys(['example_branch_python_operator_decorator']) retrieved from /home/airflow/.local/lib/python3.7/site-packages/airflow/example_dags/example_branch_operator_decorator.py
[2024-09-24T18:04:25.601+0000] {logging_mixin.py:120} INFO - [2024-09-24T18:04:25.599+0000] {dag.py:2585} INFO - Sync 1 DAGs
[2024-09-24T18:04:25.939+0000] {logging_mixin.py:120} INFO - [2024-09-24T18:04:25.937+0000] {dag.py:3340} INFO - Setting next_dagrun for example_branch_python_operator_decorator to 2024-09-23T00:00:00+00:00, run_after=2024-09-24T00:00:00+00:00
[2024-09-24T18:04:26.109+0000] {processor.py:176} INFO - Processing /home/airflow/.local/lib/python3.7/site-packages/airflow/example_dags/example_branch_operator_decorator.py took 1.308 seconds
[2024-09-24T19:05:25.039+0000] {processor.py:154} INFO - Started process (PID=16932) to work on /home/airflow/.local/lib/python3.7/site-packages/airflow/example_dags/example_branch_operator_decorator.py
[2024-09-24T19:05:25.053+0000] {processor.py:756} INFO - Processing file /home/airflow/.local/lib/python3.7/site-packages/airflow/example_dags/example_branch_operator_decorator.py for tasks to queue
[2024-09-24T19:05:25.063+0000] {logging_mixin.py:120} INFO - [2024-09-24T19:05:25.061+0000] {dagbag.py:537} INFO - Filling up the DagBag from /home/airflow/.local/lib/python3.7/site-packages/airflow/example_dags/example_branch_operator_decorator.py
[2024-09-24T19:05:25.383+0000] {processor.py:766} INFO - DAG(s) dict_keys(['example_branch_python_operator_decorator']) retrieved from /home/airflow/.local/lib/python3.7/site-packages/airflow/example_dags/example_branch_operator_decorator.py
[2024-09-24T19:05:25.796+0000] {logging_mixin.py:120} INFO - [2024-09-24T19:05:25.795+0000] {dag.py:2585} INFO - Sync 1 DAGs
[2024-09-24T19:05:26.114+0000] {logging_mixin.py:120} INFO - [2024-09-24T19:05:26.112+0000] {dag.py:3340} INFO - Setting next_dagrun for example_branch_python_operator_decorator to 2024-09-23T00:00:00+00:00, run_after=2024-09-24T00:00:00+00:00
[2024-09-24T19:05:26.285+0000] {processor.py:176} INFO - Processing /home/airflow/.local/lib/python3.7/site-packages/airflow/example_dags/example_branch_operator_decorator.py took 1.273 seconds
[2024-09-24T20:06:30.310+0000] {processor.py:154} INFO - Started process (PID=16979) to work on /home/airflow/.local/lib/python3.7/site-packages/airflow/example_dags/example_branch_operator_decorator.py
[2024-09-24T20:06:30.319+0000] {processor.py:756} INFO - Processing file /home/airflow/.local/lib/python3.7/site-packages/airflow/example_dags/example_branch_operator_decorator.py for tasks to queue
[2024-09-24T20:06:30.326+0000] {logging_mixin.py:120} INFO - [2024-09-24T20:06:30.325+0000] {dagbag.py:537} INFO - Filling up the DagBag from /home/airflow/.local/lib/python3.7/site-packages/airflow/example_dags/example_branch_operator_decorator.py
[2024-09-24T20:06:30.546+0000] {processor.py:766} INFO - DAG(s) dict_keys(['example_branch_python_operator_decorator']) retrieved from /home/airflow/.local/lib/python3.7/site-packages/airflow/example_dags/example_branch_operator_decorator.py
[2024-09-24T20:06:30.861+0000] {logging_mixin.py:120} INFO - [2024-09-24T20:06:30.861+0000] {dag.py:2585} INFO - Sync 1 DAGs
[2024-09-24T20:06:31.084+0000] {logging_mixin.py:120} INFO - [2024-09-24T20:06:31.083+0000] {dag.py:3340} INFO - Setting next_dagrun for example_branch_python_operator_decorator to 2024-09-23T00:00:00+00:00, run_after=2024-09-24T00:00:00+00:00
[2024-09-24T20:06:31.230+0000] {processor.py:176} INFO - Processing /home/airflow/.local/lib/python3.7/site-packages/airflow/example_dags/example_branch_operator_decorator.py took 0.945 seconds
[2024-09-24T22:08:20.584+0000] {processor.py:154} INFO - Started process (PID=17033) to work on /home/airflow/.local/lib/python3.7/site-packages/airflow/example_dags/example_branch_operator_decorator.py
[2024-09-24T22:08:20.586+0000] {processor.py:756} INFO - Processing file /home/airflow/.local/lib/python3.7/site-packages/airflow/example_dags/example_branch_operator_decorator.py for tasks to queue
[2024-09-24T22:08:20.588+0000] {logging_mixin.py:120} INFO - [2024-09-24T22:08:20.587+0000] {dagbag.py:537} INFO - Filling up the DagBag from /home/airflow/.local/lib/python3.7/site-packages/airflow/example_dags/example_branch_operator_decorator.py
[2024-09-24T22:08:20.643+0000] {processor.py:766} INFO - DAG(s) dict_keys(['example_branch_python_operator_decorator']) retrieved from /home/airflow/.local/lib/python3.7/site-packages/airflow/example_dags/example_branch_operator_decorator.py
[2024-09-24T22:08:20.753+0000] {logging_mixin.py:120} INFO - [2024-09-24T22:08:20.753+0000] {dag.py:2585} INFO - Sync 1 DAGs
[2024-09-24T22:08:20.821+0000] {logging_mixin.py:120} INFO - [2024-09-24T22:08:20.820+0000] {dag.py:3340} INFO - Setting next_dagrun for example_branch_python_operator_decorator to 2024-09-23T00:00:00+00:00, run_after=2024-09-24T00:00:00+00:00
[2024-09-24T22:08:20.868+0000] {processor.py:176} INFO - Processing /home/airflow/.local/lib/python3.7/site-packages/airflow/example_dags/example_branch_operator_decorator.py took 0.292 seconds
