[2024-09-24T01:38:20.829+0000] {processor.py:154} INFO - Started process (PID=13877) to work on /home/airflow/.local/lib/python3.7/site-packages/airflow/example_dags/example_latest_only_with_trigger.py
[2024-09-24T01:38:20.834+0000] {processor.py:756} INFO - Processing file /home/airflow/.local/lib/python3.7/site-packages/airflow/example_dags/example_latest_only_with_trigger.py for tasks to queue
[2024-09-24T01:38:20.836+0000] {logging_mixin.py:120} INFO - [2024-09-24T01:38:20.835+0000] {dagbag.py:537} INFO - Filling up the DagBag from /home/airflow/.local/lib/python3.7/site-packages/airflow/example_dags/example_latest_only_with_trigger.py
[2024-09-24T01:38:20.874+0000] {processor.py:766} INFO - DAG(s) dict_keys(['latest_only_with_trigger']) retrieved from /home/airflow/.local/lib/python3.7/site-packages/airflow/example_dags/example_latest_only_with_trigger.py
[2024-09-24T01:38:20.983+0000] {logging_mixin.py:120} INFO - [2024-09-24T01:38:20.982+0000] {dag.py:2585} INFO - Sync 1 DAGs
[2024-09-24T01:38:21.057+0000] {logging_mixin.py:120} INFO - [2024-09-24T01:38:21.056+0000] {dag.py:3340} INFO - Setting next_dagrun for latest_only_with_trigger to 2024-09-23T21:38:21.056153+00:00, run_after=2024-09-24T01:38:21.056153+00:00
[2024-09-24T01:38:21.111+0000] {processor.py:176} INFO - Processing /home/airflow/.local/lib/python3.7/site-packages/airflow/example_dags/example_latest_only_with_trigger.py took 0.291 seconds
[2024-09-24T01:41:43.125+0000] {processor.py:154} INFO - Started process (PID=13931) to work on /home/airflow/.local/lib/python3.7/site-packages/airflow/example_dags/example_latest_only_with_trigger.py
[2024-09-24T01:41:43.127+0000] {processor.py:756} INFO - Processing file /home/airflow/.local/lib/python3.7/site-packages/airflow/example_dags/example_latest_only_with_trigger.py for tasks to queue
[2024-09-24T01:41:43.128+0000] {logging_mixin.py:120} INFO - [2024-09-24T01:41:43.128+0000] {dagbag.py:537} INFO - Filling up the DagBag from /home/airflow/.local/lib/python3.7/site-packages/airflow/example_dags/example_latest_only_with_trigger.py
[2024-09-24T01:41:43.161+0000] {processor.py:766} INFO - DAG(s) dict_keys(['latest_only_with_trigger']) retrieved from /home/airflow/.local/lib/python3.7/site-packages/airflow/example_dags/example_latest_only_with_trigger.py
[2024-09-24T01:41:43.262+0000] {logging_mixin.py:120} INFO - [2024-09-24T01:41:43.261+0000] {dag.py:2585} INFO - Sync 1 DAGs
[2024-09-24T01:41:43.344+0000] {logging_mixin.py:120} INFO - [2024-09-24T01:41:43.343+0000] {dag.py:3340} INFO - Setting next_dagrun for latest_only_with_trigger to 2024-09-23T21:41:43.343183+00:00, run_after=2024-09-24T01:41:43.343183+00:00
[2024-09-24T01:41:43.397+0000] {processor.py:176} INFO - Processing /home/airflow/.local/lib/python3.7/site-packages/airflow/example_dags/example_latest_only_with_trigger.py took 0.278 seconds
[2024-09-24T03:27:56.715+0000] {processor.py:154} INFO - Started process (PID=13994) to work on /home/airflow/.local/lib/python3.7/site-packages/airflow/example_dags/example_latest_only_with_trigger.py
[2024-09-24T03:27:56.717+0000] {processor.py:756} INFO - Processing file /home/airflow/.local/lib/python3.7/site-packages/airflow/example_dags/example_latest_only_with_trigger.py for tasks to queue
[2024-09-24T03:27:56.719+0000] {logging_mixin.py:120} INFO - [2024-09-24T03:27:56.718+0000] {dagbag.py:537} INFO - Filling up the DagBag from /home/airflow/.local/lib/python3.7/site-packages/airflow/example_dags/example_latest_only_with_trigger.py
[2024-09-24T03:27:56.745+0000] {processor.py:766} INFO - DAG(s) dict_keys(['latest_only_with_trigger']) retrieved from /home/airflow/.local/lib/python3.7/site-packages/airflow/example_dags/example_latest_only_with_trigger.py
[2024-09-24T03:27:56.817+0000] {logging_mixin.py:120} INFO - [2024-09-24T03:27:56.817+0000] {dag.py:2585} INFO - Sync 1 DAGs
[2024-09-24T03:27:56.866+0000] {logging_mixin.py:120} INFO - [2024-09-24T03:27:56.866+0000] {dag.py:3340} INFO - Setting next_dagrun for latest_only_with_trigger to 2024-09-23T23:27:56.865680+00:00, run_after=2024-09-24T03:27:56.865680+00:00
[2024-09-24T03:27:56.904+0000] {processor.py:176} INFO - Processing /home/airflow/.local/lib/python3.7/site-packages/airflow/example_dags/example_latest_only_with_trigger.py took 0.193 seconds
[2024-09-24T04:19:38.050+0000] {processor.py:154} INFO - Started process (PID=14057) to work on /home/airflow/.local/lib/python3.7/site-packages/airflow/example_dags/example_latest_only_with_trigger.py
[2024-09-24T04:19:38.055+0000] {processor.py:756} INFO - Processing file /home/airflow/.local/lib/python3.7/site-packages/airflow/example_dags/example_latest_only_with_trigger.py for tasks to queue
[2024-09-24T04:19:38.057+0000] {logging_mixin.py:120} INFO - [2024-09-24T04:19:38.056+0000] {dagbag.py:537} INFO - Filling up the DagBag from /home/airflow/.local/lib/python3.7/site-packages/airflow/example_dags/example_latest_only_with_trigger.py
[2024-09-24T04:19:38.098+0000] {processor.py:766} INFO - DAG(s) dict_keys(['latest_only_with_trigger']) retrieved from /home/airflow/.local/lib/python3.7/site-packages/airflow/example_dags/example_latest_only_with_trigger.py
[2024-09-24T04:19:38.192+0000] {logging_mixin.py:120} INFO - [2024-09-24T04:19:38.192+0000] {dag.py:2585} INFO - Sync 1 DAGs
[2024-09-24T04:19:38.263+0000] {logging_mixin.py:120} INFO - [2024-09-24T04:19:38.262+0000] {dag.py:3340} INFO - Setting next_dagrun for latest_only_with_trigger to 2024-09-24T00:19:38.262459+00:00, run_after=2024-09-24T04:19:38.262459+00:00
[2024-09-24T04:19:38.309+0000] {processor.py:176} INFO - Processing /home/airflow/.local/lib/python3.7/site-packages/airflow/example_dags/example_latest_only_with_trigger.py took 0.266 seconds
[2024-09-24T04:20:09.024+0000] {processor.py:154} INFO - Started process (PID=14111) to work on /home/airflow/.local/lib/python3.7/site-packages/airflow/example_dags/example_latest_only_with_trigger.py
[2024-09-24T04:20:09.026+0000] {processor.py:756} INFO - Processing file /home/airflow/.local/lib/python3.7/site-packages/airflow/example_dags/example_latest_only_with_trigger.py for tasks to queue
[2024-09-24T04:20:09.027+0000] {logging_mixin.py:120} INFO - [2024-09-24T04:20:09.027+0000] {dagbag.py:537} INFO - Filling up the DagBag from /home/airflow/.local/lib/python3.7/site-packages/airflow/example_dags/example_latest_only_with_trigger.py
[2024-09-24T04:20:09.049+0000] {processor.py:766} INFO - DAG(s) dict_keys(['latest_only_with_trigger']) retrieved from /home/airflow/.local/lib/python3.7/site-packages/airflow/example_dags/example_latest_only_with_trigger.py
[2024-09-24T04:20:09.102+0000] {logging_mixin.py:120} INFO - [2024-09-24T04:20:09.102+0000] {dag.py:2585} INFO - Sync 1 DAGs
[2024-09-24T04:20:09.142+0000] {logging_mixin.py:120} INFO - [2024-09-24T04:20:09.141+0000] {dag.py:3340} INFO - Setting next_dagrun for latest_only_with_trigger to 2024-09-24T00:20:09.141535+00:00, run_after=2024-09-24T04:20:09.141535+00:00
[2024-09-24T04:20:09.168+0000] {processor.py:176} INFO - Processing /home/airflow/.local/lib/python3.7/site-packages/airflow/example_dags/example_latest_only_with_trigger.py took 0.148 seconds
[2024-09-24T04:20:39.434+0000] {processor.py:154} INFO - Started process (PID=14173) to work on /home/airflow/.local/lib/python3.7/site-packages/airflow/example_dags/example_latest_only_with_trigger.py
[2024-09-24T04:20:39.435+0000] {processor.py:756} INFO - Processing file /home/airflow/.local/lib/python3.7/site-packages/airflow/example_dags/example_latest_only_with_trigger.py for tasks to queue
[2024-09-24T04:20:39.436+0000] {logging_mixin.py:120} INFO - [2024-09-24T04:20:39.436+0000] {dagbag.py:537} INFO - Filling up the DagBag from /home/airflow/.local/lib/python3.7/site-packages/airflow/example_dags/example_latest_only_with_trigger.py
[2024-09-24T04:20:39.456+0000] {processor.py:766} INFO - DAG(s) dict_keys(['latest_only_with_trigger']) retrieved from /home/airflow/.local/lib/python3.7/site-packages/airflow/example_dags/example_latest_only_with_trigger.py
[2024-09-24T04:20:39.513+0000] {logging_mixin.py:120} INFO - [2024-09-24T04:20:39.513+0000] {dag.py:2585} INFO - Sync 1 DAGs
[2024-09-24T04:20:39.546+0000] {logging_mixin.py:120} INFO - [2024-09-24T04:20:39.546+0000] {dag.py:3340} INFO - Setting next_dagrun for latest_only_with_trigger to 2024-09-24T00:20:39.546532+00:00, run_after=2024-09-24T04:20:39.546532+00:00
[2024-09-24T04:20:39.574+0000] {processor.py:176} INFO - Processing /home/airflow/.local/lib/python3.7/site-packages/airflow/example_dags/example_latest_only_with_trigger.py took 0.145 seconds
[2024-09-24T04:21:09.992+0000] {processor.py:154} INFO - Started process (PID=14234) to work on /home/airflow/.local/lib/python3.7/site-packages/airflow/example_dags/example_latest_only_with_trigger.py
[2024-09-24T04:21:09.994+0000] {processor.py:756} INFO - Processing file /home/airflow/.local/lib/python3.7/site-packages/airflow/example_dags/example_latest_only_with_trigger.py for tasks to queue
[2024-09-24T04:21:09.997+0000] {logging_mixin.py:120} INFO - [2024-09-24T04:21:09.997+0000] {dagbag.py:537} INFO - Filling up the DagBag from /home/airflow/.local/lib/python3.7/site-packages/airflow/example_dags/example_latest_only_with_trigger.py
[2024-09-24T04:21:10.020+0000] {processor.py:766} INFO - DAG(s) dict_keys(['latest_only_with_trigger']) retrieved from /home/airflow/.local/lib/python3.7/site-packages/airflow/example_dags/example_latest_only_with_trigger.py
[2024-09-24T04:21:10.075+0000] {logging_mixin.py:120} INFO - [2024-09-24T04:21:10.075+0000] {dag.py:2585} INFO - Sync 1 DAGs
[2024-09-24T04:21:10.114+0000] {logging_mixin.py:120} INFO - [2024-09-24T04:21:10.114+0000] {dag.py:3340} INFO - Setting next_dagrun for latest_only_with_trigger to 2024-09-24T00:21:10.114379+00:00, run_after=2024-09-24T04:21:10.114379+00:00
[2024-09-24T04:21:10.139+0000] {processor.py:176} INFO - Processing /home/airflow/.local/lib/python3.7/site-packages/airflow/example_dags/example_latest_only_with_trigger.py took 0.152 seconds
[2024-09-24T04:21:40.369+0000] {processor.py:154} INFO - Started process (PID=14290) to work on /home/airflow/.local/lib/python3.7/site-packages/airflow/example_dags/example_latest_only_with_trigger.py
[2024-09-24T04:21:40.371+0000] {processor.py:756} INFO - Processing file /home/airflow/.local/lib/python3.7/site-packages/airflow/example_dags/example_latest_only_with_trigger.py for tasks to queue
[2024-09-24T04:21:40.372+0000] {logging_mixin.py:120} INFO - [2024-09-24T04:21:40.371+0000] {dagbag.py:537} INFO - Filling up the DagBag from /home/airflow/.local/lib/python3.7/site-packages/airflow/example_dags/example_latest_only_with_trigger.py
[2024-09-24T04:21:40.391+0000] {processor.py:766} INFO - DAG(s) dict_keys(['latest_only_with_trigger']) retrieved from /home/airflow/.local/lib/python3.7/site-packages/airflow/example_dags/example_latest_only_with_trigger.py
[2024-09-24T04:21:40.439+0000] {logging_mixin.py:120} INFO - [2024-09-24T04:21:40.439+0000] {dag.py:2585} INFO - Sync 1 DAGs
[2024-09-24T04:21:40.475+0000] {logging_mixin.py:120} INFO - [2024-09-24T04:21:40.475+0000] {dag.py:3340} INFO - Setting next_dagrun for latest_only_with_trigger to 2024-09-24T00:21:40.475256+00:00, run_after=2024-09-24T04:21:40.475256+00:00
[2024-09-24T04:21:40.504+0000] {processor.py:176} INFO - Processing /home/airflow/.local/lib/python3.7/site-packages/airflow/example_dags/example_latest_only_with_trigger.py took 0.139 seconds
[2024-09-24T04:22:10.863+0000] {processor.py:154} INFO - Started process (PID=14354) to work on /home/airflow/.local/lib/python3.7/site-packages/airflow/example_dags/example_latest_only_with_trigger.py
[2024-09-24T04:22:10.864+0000] {processor.py:756} INFO - Processing file /home/airflow/.local/lib/python3.7/site-packages/airflow/example_dags/example_latest_only_with_trigger.py for tasks to queue
[2024-09-24T04:22:10.865+0000] {logging_mixin.py:120} INFO - [2024-09-24T04:22:10.865+0000] {dagbag.py:537} INFO - Filling up the DagBag from /home/airflow/.local/lib/python3.7/site-packages/airflow/example_dags/example_latest_only_with_trigger.py
[2024-09-24T04:22:10.885+0000] {processor.py:766} INFO - DAG(s) dict_keys(['latest_only_with_trigger']) retrieved from /home/airflow/.local/lib/python3.7/site-packages/airflow/example_dags/example_latest_only_with_trigger.py
[2024-09-24T04:22:10.943+0000] {logging_mixin.py:120} INFO - [2024-09-24T04:22:10.943+0000] {dag.py:2585} INFO - Sync 1 DAGs
[2024-09-24T04:22:10.981+0000] {logging_mixin.py:120} INFO - [2024-09-24T04:22:10.981+0000] {dag.py:3340} INFO - Setting next_dagrun for latest_only_with_trigger to 2024-09-24T00:22:10.981483+00:00, run_after=2024-09-24T04:22:10.981483+00:00
[2024-09-24T04:22:11.013+0000] {processor.py:176} INFO - Processing /home/airflow/.local/lib/python3.7/site-packages/airflow/example_dags/example_latest_only_with_trigger.py took 0.155 seconds
[2024-09-24T04:22:41.143+0000] {processor.py:154} INFO - Started process (PID=14408) to work on /home/airflow/.local/lib/python3.7/site-packages/airflow/example_dags/example_latest_only_with_trigger.py
[2024-09-24T04:22:41.145+0000] {processor.py:756} INFO - Processing file /home/airflow/.local/lib/python3.7/site-packages/airflow/example_dags/example_latest_only_with_trigger.py for tasks to queue
[2024-09-24T04:22:41.146+0000] {logging_mixin.py:120} INFO - [2024-09-24T04:22:41.146+0000] {dagbag.py:537} INFO - Filling up the DagBag from /home/airflow/.local/lib/python3.7/site-packages/airflow/example_dags/example_latest_only_with_trigger.py
[2024-09-24T04:22:41.165+0000] {processor.py:766} INFO - DAG(s) dict_keys(['latest_only_with_trigger']) retrieved from /home/airflow/.local/lib/python3.7/site-packages/airflow/example_dags/example_latest_only_with_trigger.py
[2024-09-24T04:22:41.214+0000] {logging_mixin.py:120} INFO - [2024-09-24T04:22:41.213+0000] {dag.py:2585} INFO - Sync 1 DAGs
[2024-09-24T04:22:41.243+0000] {logging_mixin.py:120} INFO - [2024-09-24T04:22:41.243+0000] {dag.py:3340} INFO - Setting next_dagrun for latest_only_with_trigger to 2024-09-24T00:22:41.243237+00:00, run_after=2024-09-24T04:22:41.243237+00:00
[2024-09-24T04:22:41.263+0000] {processor.py:176} INFO - Processing /home/airflow/.local/lib/python3.7/site-packages/airflow/example_dags/example_latest_only_with_trigger.py took 0.125 seconds
[2024-09-24T04:23:11.356+0000] {processor.py:154} INFO - Started process (PID=14471) to work on /home/airflow/.local/lib/python3.7/site-packages/airflow/example_dags/example_latest_only_with_trigger.py
[2024-09-24T04:23:11.357+0000] {processor.py:756} INFO - Processing file /home/airflow/.local/lib/python3.7/site-packages/airflow/example_dags/example_latest_only_with_trigger.py for tasks to queue
[2024-09-24T04:23:11.358+0000] {logging_mixin.py:120} INFO - [2024-09-24T04:23:11.358+0000] {dagbag.py:537} INFO - Filling up the DagBag from /home/airflow/.local/lib/python3.7/site-packages/airflow/example_dags/example_latest_only_with_trigger.py
[2024-09-24T04:23:11.375+0000] {processor.py:766} INFO - DAG(s) dict_keys(['latest_only_with_trigger']) retrieved from /home/airflow/.local/lib/python3.7/site-packages/airflow/example_dags/example_latest_only_with_trigger.py
[2024-09-24T04:23:11.415+0000] {logging_mixin.py:120} INFO - [2024-09-24T04:23:11.415+0000] {dag.py:2585} INFO - Sync 1 DAGs
[2024-09-24T04:23:11.439+0000] {logging_mixin.py:120} INFO - [2024-09-24T04:23:11.439+0000] {dag.py:3340} INFO - Setting next_dagrun for latest_only_with_trigger to 2024-09-24T00:23:11.439564+00:00, run_after=2024-09-24T04:23:11.439564+00:00
[2024-09-24T04:23:11.464+0000] {processor.py:176} INFO - Processing /home/airflow/.local/lib/python3.7/site-packages/airflow/example_dags/example_latest_only_with_trigger.py took 0.112 seconds
[2024-09-24T04:23:41.513+0000] {processor.py:154} INFO - Started process (PID=14533) to work on /home/airflow/.local/lib/python3.7/site-packages/airflow/example_dags/example_latest_only_with_trigger.py
[2024-09-24T04:23:41.514+0000] {processor.py:756} INFO - Processing file /home/airflow/.local/lib/python3.7/site-packages/airflow/example_dags/example_latest_only_with_trigger.py for tasks to queue
[2024-09-24T04:23:41.515+0000] {logging_mixin.py:120} INFO - [2024-09-24T04:23:41.515+0000] {dagbag.py:537} INFO - Filling up the DagBag from /home/airflow/.local/lib/python3.7/site-packages/airflow/example_dags/example_latest_only_with_trigger.py
[2024-09-24T04:23:41.533+0000] {processor.py:766} INFO - DAG(s) dict_keys(['latest_only_with_trigger']) retrieved from /home/airflow/.local/lib/python3.7/site-packages/airflow/example_dags/example_latest_only_with_trigger.py
[2024-09-24T04:23:41.580+0000] {logging_mixin.py:120} INFO - [2024-09-24T04:23:41.580+0000] {dag.py:2585} INFO - Sync 1 DAGs
[2024-09-24T04:23:41.610+0000] {logging_mixin.py:120} INFO - [2024-09-24T04:23:41.610+0000] {dag.py:3340} INFO - Setting next_dagrun for latest_only_with_trigger to 2024-09-24T00:23:41.610028+00:00, run_after=2024-09-24T04:23:41.610028+00:00
[2024-09-24T04:23:41.633+0000] {processor.py:176} INFO - Processing /home/airflow/.local/lib/python3.7/site-packages/airflow/example_dags/example_latest_only_with_trigger.py took 0.124 seconds
[2024-09-24T04:24:11.679+0000] {processor.py:154} INFO - Started process (PID=14586) to work on /home/airflow/.local/lib/python3.7/site-packages/airflow/example_dags/example_latest_only_with_trigger.py
[2024-09-24T04:24:11.681+0000] {processor.py:756} INFO - Processing file /home/airflow/.local/lib/python3.7/site-packages/airflow/example_dags/example_latest_only_with_trigger.py for tasks to queue
[2024-09-24T04:24:11.682+0000] {logging_mixin.py:120} INFO - [2024-09-24T04:24:11.681+0000] {dagbag.py:537} INFO - Filling up the DagBag from /home/airflow/.local/lib/python3.7/site-packages/airflow/example_dags/example_latest_only_with_trigger.py
[2024-09-24T04:24:11.699+0000] {processor.py:766} INFO - DAG(s) dict_keys(['latest_only_with_trigger']) retrieved from /home/airflow/.local/lib/python3.7/site-packages/airflow/example_dags/example_latest_only_with_trigger.py
[2024-09-24T04:24:11.754+0000] {logging_mixin.py:120} INFO - [2024-09-24T04:24:11.754+0000] {dag.py:2585} INFO - Sync 1 DAGs
[2024-09-24T04:24:11.789+0000] {logging_mixin.py:120} INFO - [2024-09-24T04:24:11.789+0000] {dag.py:3340} INFO - Setting next_dagrun for latest_only_with_trigger to 2024-09-24T00:24:11.789068+00:00, run_after=2024-09-24T04:24:11.789068+00:00
[2024-09-24T04:24:11.814+0000] {processor.py:176} INFO - Processing /home/airflow/.local/lib/python3.7/site-packages/airflow/example_dags/example_latest_only_with_trigger.py took 0.138 seconds
[2024-09-24T04:24:42.637+0000] {processor.py:154} INFO - Started process (PID=14649) to work on /home/airflow/.local/lib/python3.7/site-packages/airflow/example_dags/example_latest_only_with_trigger.py
[2024-09-24T04:24:42.639+0000] {processor.py:756} INFO - Processing file /home/airflow/.local/lib/python3.7/site-packages/airflow/example_dags/example_latest_only_with_trigger.py for tasks to queue
[2024-09-24T04:24:42.640+0000] {logging_mixin.py:120} INFO - [2024-09-24T04:24:42.640+0000] {dagbag.py:537} INFO - Filling up the DagBag from /home/airflow/.local/lib/python3.7/site-packages/airflow/example_dags/example_latest_only_with_trigger.py
[2024-09-24T04:24:42.660+0000] {processor.py:766} INFO - DAG(s) dict_keys(['latest_only_with_trigger']) retrieved from /home/airflow/.local/lib/python3.7/site-packages/airflow/example_dags/example_latest_only_with_trigger.py
[2024-09-24T04:24:42.720+0000] {logging_mixin.py:120} INFO - [2024-09-24T04:24:42.719+0000] {dag.py:2585} INFO - Sync 1 DAGs
[2024-09-24T04:24:42.751+0000] {logging_mixin.py:120} INFO - [2024-09-24T04:24:42.751+0000] {dag.py:3340} INFO - Setting next_dagrun for latest_only_with_trigger to 2024-09-24T00:24:42.751048+00:00, run_after=2024-09-24T04:24:42.751048+00:00
[2024-09-24T04:24:42.775+0000] {processor.py:176} INFO - Processing /home/airflow/.local/lib/python3.7/site-packages/airflow/example_dags/example_latest_only_with_trigger.py took 0.143 seconds
[2024-09-24T04:25:13.068+0000] {processor.py:154} INFO - Started process (PID=14712) to work on /home/airflow/.local/lib/python3.7/site-packages/airflow/example_dags/example_latest_only_with_trigger.py
[2024-09-24T04:25:13.070+0000] {processor.py:756} INFO - Processing file /home/airflow/.local/lib/python3.7/site-packages/airflow/example_dags/example_latest_only_with_trigger.py for tasks to queue
[2024-09-24T04:25:13.071+0000] {logging_mixin.py:120} INFO - [2024-09-24T04:25:13.071+0000] {dagbag.py:537} INFO - Filling up the DagBag from /home/airflow/.local/lib/python3.7/site-packages/airflow/example_dags/example_latest_only_with_trigger.py
[2024-09-24T04:25:13.097+0000] {processor.py:766} INFO - DAG(s) dict_keys(['latest_only_with_trigger']) retrieved from /home/airflow/.local/lib/python3.7/site-packages/airflow/example_dags/example_latest_only_with_trigger.py
[2024-09-24T04:25:13.152+0000] {logging_mixin.py:120} INFO - [2024-09-24T04:25:13.152+0000] {dag.py:2585} INFO - Sync 1 DAGs
[2024-09-24T04:25:13.189+0000] {logging_mixin.py:120} INFO - [2024-09-24T04:25:13.189+0000] {dag.py:3340} INFO - Setting next_dagrun for latest_only_with_trigger to 2024-09-24T00:25:13.188962+00:00, run_after=2024-09-24T04:25:13.188962+00:00
[2024-09-24T04:25:13.213+0000] {processor.py:176} INFO - Processing /home/airflow/.local/lib/python3.7/site-packages/airflow/example_dags/example_latest_only_with_trigger.py took 0.149 seconds
[2024-09-24T04:25:44.274+0000] {processor.py:154} INFO - Started process (PID=14774) to work on /home/airflow/.local/lib/python3.7/site-packages/airflow/example_dags/example_latest_only_with_trigger.py
[2024-09-24T04:25:44.276+0000] {processor.py:756} INFO - Processing file /home/airflow/.local/lib/python3.7/site-packages/airflow/example_dags/example_latest_only_with_trigger.py for tasks to queue
[2024-09-24T04:25:44.278+0000] {logging_mixin.py:120} INFO - [2024-09-24T04:25:44.277+0000] {dagbag.py:537} INFO - Filling up the DagBag from /home/airflow/.local/lib/python3.7/site-packages/airflow/example_dags/example_latest_only_with_trigger.py
[2024-09-24T04:25:44.302+0000] {processor.py:766} INFO - DAG(s) dict_keys(['latest_only_with_trigger']) retrieved from /home/airflow/.local/lib/python3.7/site-packages/airflow/example_dags/example_latest_only_with_trigger.py
[2024-09-24T04:25:44.364+0000] {logging_mixin.py:120} INFO - [2024-09-24T04:25:44.364+0000] {dag.py:2585} INFO - Sync 1 DAGs
[2024-09-24T04:25:44.402+0000] {logging_mixin.py:120} INFO - [2024-09-24T04:25:44.402+0000] {dag.py:3340} INFO - Setting next_dagrun for latest_only_with_trigger to 2024-09-24T00:25:44.401794+00:00, run_after=2024-09-24T04:25:44.401794+00:00
[2024-09-24T04:25:44.431+0000] {processor.py:176} INFO - Processing /home/airflow/.local/lib/python3.7/site-packages/airflow/example_dags/example_latest_only_with_trigger.py took 0.162 seconds
[2024-09-24T04:26:15.578+0000] {processor.py:154} INFO - Started process (PID=14829) to work on /home/airflow/.local/lib/python3.7/site-packages/airflow/example_dags/example_latest_only_with_trigger.py
[2024-09-24T04:26:15.579+0000] {processor.py:756} INFO - Processing file /home/airflow/.local/lib/python3.7/site-packages/airflow/example_dags/example_latest_only_with_trigger.py for tasks to queue
[2024-09-24T04:26:15.580+0000] {logging_mixin.py:120} INFO - [2024-09-24T04:26:15.580+0000] {dagbag.py:537} INFO - Filling up the DagBag from /home/airflow/.local/lib/python3.7/site-packages/airflow/example_dags/example_latest_only_with_trigger.py
[2024-09-24T04:26:15.600+0000] {processor.py:766} INFO - DAG(s) dict_keys(['latest_only_with_trigger']) retrieved from /home/airflow/.local/lib/python3.7/site-packages/airflow/example_dags/example_latest_only_with_trigger.py
[2024-09-24T04:26:15.650+0000] {logging_mixin.py:120} INFO - [2024-09-24T04:26:15.650+0000] {dag.py:2585} INFO - Sync 1 DAGs
[2024-09-24T04:26:15.681+0000] {logging_mixin.py:120} INFO - [2024-09-24T04:26:15.681+0000] {dag.py:3340} INFO - Setting next_dagrun for latest_only_with_trigger to 2024-09-24T00:26:15.680918+00:00, run_after=2024-09-24T04:26:15.680918+00:00
[2024-09-24T04:26:15.707+0000] {processor.py:176} INFO - Processing /home/airflow/.local/lib/python3.7/site-packages/airflow/example_dags/example_latest_only_with_trigger.py took 0.134 seconds
[2024-09-24T04:26:46.202+0000] {processor.py:154} INFO - Started process (PID=14891) to work on /home/airflow/.local/lib/python3.7/site-packages/airflow/example_dags/example_latest_only_with_trigger.py
[2024-09-24T04:26:46.203+0000] {processor.py:756} INFO - Processing file /home/airflow/.local/lib/python3.7/site-packages/airflow/example_dags/example_latest_only_with_trigger.py for tasks to queue
[2024-09-24T04:26:46.204+0000] {logging_mixin.py:120} INFO - [2024-09-24T04:26:46.204+0000] {dagbag.py:537} INFO - Filling up the DagBag from /home/airflow/.local/lib/python3.7/site-packages/airflow/example_dags/example_latest_only_with_trigger.py
[2024-09-24T04:26:46.222+0000] {processor.py:766} INFO - DAG(s) dict_keys(['latest_only_with_trigger']) retrieved from /home/airflow/.local/lib/python3.7/site-packages/airflow/example_dags/example_latest_only_with_trigger.py
[2024-09-24T04:26:46.275+0000] {logging_mixin.py:120} INFO - [2024-09-24T04:26:46.275+0000] {dag.py:2585} INFO - Sync 1 DAGs
[2024-09-24T04:26:46.313+0000] {logging_mixin.py:120} INFO - [2024-09-24T04:26:46.312+0000] {dag.py:3340} INFO - Setting next_dagrun for latest_only_with_trigger to 2024-09-24T00:26:46.312415+00:00, run_after=2024-09-24T04:26:46.312415+00:00
[2024-09-24T04:26:46.343+0000] {processor.py:176} INFO - Processing /home/airflow/.local/lib/python3.7/site-packages/airflow/example_dags/example_latest_only_with_trigger.py took 0.145 seconds
[2024-09-24T04:27:16.897+0000] {processor.py:154} INFO - Started process (PID=14953) to work on /home/airflow/.local/lib/python3.7/site-packages/airflow/example_dags/example_latest_only_with_trigger.py
[2024-09-24T04:27:16.899+0000] {processor.py:756} INFO - Processing file /home/airflow/.local/lib/python3.7/site-packages/airflow/example_dags/example_latest_only_with_trigger.py for tasks to queue
[2024-09-24T04:27:16.900+0000] {logging_mixin.py:120} INFO - [2024-09-24T04:27:16.900+0000] {dagbag.py:537} INFO - Filling up the DagBag from /home/airflow/.local/lib/python3.7/site-packages/airflow/example_dags/example_latest_only_with_trigger.py
[2024-09-24T04:27:16.918+0000] {processor.py:766} INFO - DAG(s) dict_keys(['latest_only_with_trigger']) retrieved from /home/airflow/.local/lib/python3.7/site-packages/airflow/example_dags/example_latest_only_with_trigger.py
[2024-09-24T04:27:16.966+0000] {logging_mixin.py:120} INFO - [2024-09-24T04:27:16.965+0000] {dag.py:2585} INFO - Sync 1 DAGs
[2024-09-24T04:27:16.994+0000] {logging_mixin.py:120} INFO - [2024-09-24T04:27:16.994+0000] {dag.py:3340} INFO - Setting next_dagrun for latest_only_with_trigger to 2024-09-24T00:27:16.994562+00:00, run_after=2024-09-24T04:27:16.994562+00:00
[2024-09-24T04:27:17.016+0000] {processor.py:176} INFO - Processing /home/airflow/.local/lib/python3.7/site-packages/airflow/example_dags/example_latest_only_with_trigger.py took 0.123 seconds
[2024-09-24T04:27:47.135+0000] {processor.py:154} INFO - Started process (PID=15007) to work on /home/airflow/.local/lib/python3.7/site-packages/airflow/example_dags/example_latest_only_with_trigger.py
[2024-09-24T04:27:47.136+0000] {processor.py:756} INFO - Processing file /home/airflow/.local/lib/python3.7/site-packages/airflow/example_dags/example_latest_only_with_trigger.py for tasks to queue
[2024-09-24T04:27:47.137+0000] {logging_mixin.py:120} INFO - [2024-09-24T04:27:47.136+0000] {dagbag.py:537} INFO - Filling up the DagBag from /home/airflow/.local/lib/python3.7/site-packages/airflow/example_dags/example_latest_only_with_trigger.py
[2024-09-24T04:27:47.154+0000] {processor.py:766} INFO - DAG(s) dict_keys(['latest_only_with_trigger']) retrieved from /home/airflow/.local/lib/python3.7/site-packages/airflow/example_dags/example_latest_only_with_trigger.py
[2024-09-24T04:27:47.194+0000] {logging_mixin.py:120} INFO - [2024-09-24T04:27:47.194+0000] {dag.py:2585} INFO - Sync 1 DAGs
[2024-09-24T04:27:47.221+0000] {logging_mixin.py:120} INFO - [2024-09-24T04:27:47.220+0000] {dag.py:3340} INFO - Setting next_dagrun for latest_only_with_trigger to 2024-09-24T00:27:47.220636+00:00, run_after=2024-09-24T04:27:47.220636+00:00
[2024-09-24T04:27:47.239+0000] {processor.py:176} INFO - Processing /home/airflow/.local/lib/python3.7/site-packages/airflow/example_dags/example_latest_only_with_trigger.py took 0.108 seconds
[2024-09-24T04:28:17.490+0000] {processor.py:154} INFO - Started process (PID=15070) to work on /home/airflow/.local/lib/python3.7/site-packages/airflow/example_dags/example_latest_only_with_trigger.py
[2024-09-24T04:28:17.492+0000] {processor.py:756} INFO - Processing file /home/airflow/.local/lib/python3.7/site-packages/airflow/example_dags/example_latest_only_with_trigger.py for tasks to queue
[2024-09-24T04:28:17.493+0000] {logging_mixin.py:120} INFO - [2024-09-24T04:28:17.492+0000] {dagbag.py:537} INFO - Filling up the DagBag from /home/airflow/.local/lib/python3.7/site-packages/airflow/example_dags/example_latest_only_with_trigger.py
[2024-09-24T04:28:17.511+0000] {processor.py:766} INFO - DAG(s) dict_keys(['latest_only_with_trigger']) retrieved from /home/airflow/.local/lib/python3.7/site-packages/airflow/example_dags/example_latest_only_with_trigger.py
[2024-09-24T04:28:17.563+0000] {logging_mixin.py:120} INFO - [2024-09-24T04:28:17.563+0000] {dag.py:2585} INFO - Sync 1 DAGs
[2024-09-24T04:28:17.595+0000] {logging_mixin.py:120} INFO - [2024-09-24T04:28:17.595+0000] {dag.py:3340} INFO - Setting next_dagrun for latest_only_with_trigger to 2024-09-24T00:28:17.595449+00:00, run_after=2024-09-24T04:28:17.595449+00:00
[2024-09-24T04:28:17.618+0000] {processor.py:176} INFO - Processing /home/airflow/.local/lib/python3.7/site-packages/airflow/example_dags/example_latest_only_with_trigger.py took 0.132 seconds
[2024-09-24T04:28:48.055+0000] {processor.py:154} INFO - Started process (PID=15133) to work on /home/airflow/.local/lib/python3.7/site-packages/airflow/example_dags/example_latest_only_with_trigger.py
[2024-09-24T04:28:48.057+0000] {processor.py:756} INFO - Processing file /home/airflow/.local/lib/python3.7/site-packages/airflow/example_dags/example_latest_only_with_trigger.py for tasks to queue
[2024-09-24T04:28:48.058+0000] {logging_mixin.py:120} INFO - [2024-09-24T04:28:48.057+0000] {dagbag.py:537} INFO - Filling up the DagBag from /home/airflow/.local/lib/python3.7/site-packages/airflow/example_dags/example_latest_only_with_trigger.py
[2024-09-24T04:28:48.074+0000] {processor.py:766} INFO - DAG(s) dict_keys(['latest_only_with_trigger']) retrieved from /home/airflow/.local/lib/python3.7/site-packages/airflow/example_dags/example_latest_only_with_trigger.py
[2024-09-24T04:28:48.123+0000] {logging_mixin.py:120} INFO - [2024-09-24T04:28:48.123+0000] {dag.py:2585} INFO - Sync 1 DAGs
[2024-09-24T04:28:48.158+0000] {logging_mixin.py:120} INFO - [2024-09-24T04:28:48.158+0000] {dag.py:3340} INFO - Setting next_dagrun for latest_only_with_trigger to 2024-09-24T00:28:48.158265+00:00, run_after=2024-09-24T04:28:48.158265+00:00
[2024-09-24T04:28:48.182+0000] {processor.py:176} INFO - Processing /home/airflow/.local/lib/python3.7/site-packages/airflow/example_dags/example_latest_only_with_trigger.py took 0.131 seconds
[2024-09-24T04:29:18.831+0000] {processor.py:154} INFO - Started process (PID=15187) to work on /home/airflow/.local/lib/python3.7/site-packages/airflow/example_dags/example_latest_only_with_trigger.py
[2024-09-24T04:29:18.832+0000] {processor.py:756} INFO - Processing file /home/airflow/.local/lib/python3.7/site-packages/airflow/example_dags/example_latest_only_with_trigger.py for tasks to queue
[2024-09-24T04:29:18.833+0000] {logging_mixin.py:120} INFO - [2024-09-24T04:29:18.833+0000] {dagbag.py:537} INFO - Filling up the DagBag from /home/airflow/.local/lib/python3.7/site-packages/airflow/example_dags/example_latest_only_with_trigger.py
[2024-09-24T04:29:18.853+0000] {processor.py:766} INFO - DAG(s) dict_keys(['latest_only_with_trigger']) retrieved from /home/airflow/.local/lib/python3.7/site-packages/airflow/example_dags/example_latest_only_with_trigger.py
[2024-09-24T04:29:18.913+0000] {logging_mixin.py:120} INFO - [2024-09-24T04:29:18.913+0000] {dag.py:2585} INFO - Sync 1 DAGs
[2024-09-24T04:29:18.955+0000] {logging_mixin.py:120} INFO - [2024-09-24T04:29:18.955+0000] {dag.py:3340} INFO - Setting next_dagrun for latest_only_with_trigger to 2024-09-24T00:29:18.954766+00:00, run_after=2024-09-24T04:29:18.954766+00:00
[2024-09-24T04:29:18.985+0000] {processor.py:176} INFO - Processing /home/airflow/.local/lib/python3.7/site-packages/airflow/example_dags/example_latest_only_with_trigger.py took 0.158 seconds
[2024-09-24T04:29:49.889+0000] {processor.py:154} INFO - Started process (PID=15250) to work on /home/airflow/.local/lib/python3.7/site-packages/airflow/example_dags/example_latest_only_with_trigger.py
[2024-09-24T04:29:49.891+0000] {processor.py:756} INFO - Processing file /home/airflow/.local/lib/python3.7/site-packages/airflow/example_dags/example_latest_only_with_trigger.py for tasks to queue
[2024-09-24T04:29:49.892+0000] {logging_mixin.py:120} INFO - [2024-09-24T04:29:49.892+0000] {dagbag.py:537} INFO - Filling up the DagBag from /home/airflow/.local/lib/python3.7/site-packages/airflow/example_dags/example_latest_only_with_trigger.py
[2024-09-24T04:29:49.912+0000] {processor.py:766} INFO - DAG(s) dict_keys(['latest_only_with_trigger']) retrieved from /home/airflow/.local/lib/python3.7/site-packages/airflow/example_dags/example_latest_only_with_trigger.py
[2024-09-24T04:29:49.969+0000] {logging_mixin.py:120} INFO - [2024-09-24T04:29:49.968+0000] {dag.py:2585} INFO - Sync 1 DAGs
[2024-09-24T04:29:50.003+0000] {logging_mixin.py:120} INFO - [2024-09-24T04:29:50.003+0000] {dag.py:3340} INFO - Setting next_dagrun for latest_only_with_trigger to 2024-09-24T00:29:50.003402+00:00, run_after=2024-09-24T04:29:50.003402+00:00
[2024-09-24T04:29:50.029+0000] {processor.py:176} INFO - Processing /home/airflow/.local/lib/python3.7/site-packages/airflow/example_dags/example_latest_only_with_trigger.py took 0.145 seconds
[2024-09-24T04:30:20.232+0000] {processor.py:154} INFO - Started process (PID=15313) to work on /home/airflow/.local/lib/python3.7/site-packages/airflow/example_dags/example_latest_only_with_trigger.py
[2024-09-24T04:30:20.233+0000] {processor.py:756} INFO - Processing file /home/airflow/.local/lib/python3.7/site-packages/airflow/example_dags/example_latest_only_with_trigger.py for tasks to queue
[2024-09-24T04:30:20.234+0000] {logging_mixin.py:120} INFO - [2024-09-24T04:30:20.234+0000] {dagbag.py:537} INFO - Filling up the DagBag from /home/airflow/.local/lib/python3.7/site-packages/airflow/example_dags/example_latest_only_with_trigger.py
[2024-09-24T04:30:20.252+0000] {processor.py:766} INFO - DAG(s) dict_keys(['latest_only_with_trigger']) retrieved from /home/airflow/.local/lib/python3.7/site-packages/airflow/example_dags/example_latest_only_with_trigger.py
[2024-09-24T04:30:20.304+0000] {logging_mixin.py:120} INFO - [2024-09-24T04:30:20.304+0000] {dag.py:2585} INFO - Sync 1 DAGs
[2024-09-24T04:30:20.340+0000] {logging_mixin.py:120} INFO - [2024-09-24T04:30:20.339+0000] {dag.py:3340} INFO - Setting next_dagrun for latest_only_with_trigger to 2024-09-24T00:30:20.339627+00:00, run_after=2024-09-24T04:30:20.339627+00:00
[2024-09-24T04:30:20.367+0000] {processor.py:176} INFO - Processing /home/airflow/.local/lib/python3.7/site-packages/airflow/example_dags/example_latest_only_with_trigger.py took 0.140 seconds
[2024-09-24T04:30:50.658+0000] {processor.py:154} INFO - Started process (PID=15367) to work on /home/airflow/.local/lib/python3.7/site-packages/airflow/example_dags/example_latest_only_with_trigger.py
[2024-09-24T04:30:50.660+0000] {processor.py:756} INFO - Processing file /home/airflow/.local/lib/python3.7/site-packages/airflow/example_dags/example_latest_only_with_trigger.py for tasks to queue
[2024-09-24T04:30:50.661+0000] {logging_mixin.py:120} INFO - [2024-09-24T04:30:50.660+0000] {dagbag.py:537} INFO - Filling up the DagBag from /home/airflow/.local/lib/python3.7/site-packages/airflow/example_dags/example_latest_only_with_trigger.py
[2024-09-24T04:30:50.681+0000] {processor.py:766} INFO - DAG(s) dict_keys(['latest_only_with_trigger']) retrieved from /home/airflow/.local/lib/python3.7/site-packages/airflow/example_dags/example_latest_only_with_trigger.py
[2024-09-24T04:30:50.740+0000] {logging_mixin.py:120} INFO - [2024-09-24T04:30:50.740+0000] {dag.py:2585} INFO - Sync 1 DAGs
[2024-09-24T04:30:50.771+0000] {logging_mixin.py:120} INFO - [2024-09-24T04:30:50.771+0000] {dag.py:3340} INFO - Setting next_dagrun for latest_only_with_trigger to 2024-09-24T00:30:50.770940+00:00, run_after=2024-09-24T04:30:50.770940+00:00
[2024-09-24T04:30:50.793+0000] {processor.py:176} INFO - Processing /home/airflow/.local/lib/python3.7/site-packages/airflow/example_dags/example_latest_only_with_trigger.py took 0.140 seconds
[2024-09-24T04:31:21.275+0000] {processor.py:154} INFO - Started process (PID=15430) to work on /home/airflow/.local/lib/python3.7/site-packages/airflow/example_dags/example_latest_only_with_trigger.py
[2024-09-24T04:31:21.286+0000] {processor.py:756} INFO - Processing file /home/airflow/.local/lib/python3.7/site-packages/airflow/example_dags/example_latest_only_with_trigger.py for tasks to queue
[2024-09-24T04:31:21.288+0000] {logging_mixin.py:120} INFO - [2024-09-24T04:31:21.288+0000] {dagbag.py:537} INFO - Filling up the DagBag from /home/airflow/.local/lib/python3.7/site-packages/airflow/example_dags/example_latest_only_with_trigger.py
[2024-09-24T04:31:21.308+0000] {processor.py:766} INFO - DAG(s) dict_keys(['latest_only_with_trigger']) retrieved from /home/airflow/.local/lib/python3.7/site-packages/airflow/example_dags/example_latest_only_with_trigger.py
[2024-09-24T04:31:21.371+0000] {logging_mixin.py:120} INFO - [2024-09-24T04:31:21.371+0000] {dag.py:2585} INFO - Sync 1 DAGs
[2024-09-24T04:31:21.409+0000] {logging_mixin.py:120} INFO - [2024-09-24T04:31:21.409+0000] {dag.py:3340} INFO - Setting next_dagrun for latest_only_with_trigger to 2024-09-24T00:31:21.408952+00:00, run_after=2024-09-24T04:31:21.408952+00:00
[2024-09-24T04:31:21.438+0000] {processor.py:176} INFO - Processing /home/airflow/.local/lib/python3.7/site-packages/airflow/example_dags/example_latest_only_with_trigger.py took 0.167 seconds
[2024-09-24T04:31:52.052+0000] {processor.py:154} INFO - Started process (PID=15493) to work on /home/airflow/.local/lib/python3.7/site-packages/airflow/example_dags/example_latest_only_with_trigger.py
[2024-09-24T04:31:52.054+0000] {processor.py:756} INFO - Processing file /home/airflow/.local/lib/python3.7/site-packages/airflow/example_dags/example_latest_only_with_trigger.py for tasks to queue
[2024-09-24T04:31:52.055+0000] {logging_mixin.py:120} INFO - [2024-09-24T04:31:52.055+0000] {dagbag.py:537} INFO - Filling up the DagBag from /home/airflow/.local/lib/python3.7/site-packages/airflow/example_dags/example_latest_only_with_trigger.py
[2024-09-24T04:31:52.081+0000] {processor.py:766} INFO - DAG(s) dict_keys(['latest_only_with_trigger']) retrieved from /home/airflow/.local/lib/python3.7/site-packages/airflow/example_dags/example_latest_only_with_trigger.py
[2024-09-24T04:31:52.147+0000] {logging_mixin.py:120} INFO - [2024-09-24T04:31:52.147+0000] {dag.py:2585} INFO - Sync 1 DAGs
[2024-09-24T04:31:52.189+0000] {logging_mixin.py:120} INFO - [2024-09-24T04:31:52.189+0000] {dag.py:3340} INFO - Setting next_dagrun for latest_only_with_trigger to 2024-09-24T00:31:52.188989+00:00, run_after=2024-09-24T04:31:52.188989+00:00
[2024-09-24T04:31:52.225+0000] {processor.py:176} INFO - Processing /home/airflow/.local/lib/python3.7/site-packages/airflow/example_dags/example_latest_only_with_trigger.py took 0.179 seconds
[2024-09-24T04:32:22.959+0000] {processor.py:154} INFO - Started process (PID=15547) to work on /home/airflow/.local/lib/python3.7/site-packages/airflow/example_dags/example_latest_only_with_trigger.py
[2024-09-24T04:32:22.961+0000] {processor.py:756} INFO - Processing file /home/airflow/.local/lib/python3.7/site-packages/airflow/example_dags/example_latest_only_with_trigger.py for tasks to queue
[2024-09-24T04:32:22.962+0000] {logging_mixin.py:120} INFO - [2024-09-24T04:32:22.962+0000] {dagbag.py:537} INFO - Filling up the DagBag from /home/airflow/.local/lib/python3.7/site-packages/airflow/example_dags/example_latest_only_with_trigger.py
[2024-09-24T04:32:22.985+0000] {processor.py:766} INFO - DAG(s) dict_keys(['latest_only_with_trigger']) retrieved from /home/airflow/.local/lib/python3.7/site-packages/airflow/example_dags/example_latest_only_with_trigger.py
[2024-09-24T04:32:23.052+0000] {logging_mixin.py:120} INFO - [2024-09-24T04:32:23.052+0000] {dag.py:2585} INFO - Sync 1 DAGs
[2024-09-24T04:32:23.096+0000] {logging_mixin.py:120} INFO - [2024-09-24T04:32:23.096+0000] {dag.py:3340} INFO - Setting next_dagrun for latest_only_with_trigger to 2024-09-24T00:32:23.095765+00:00, run_after=2024-09-24T04:32:23.095765+00:00
[2024-09-24T04:32:23.128+0000] {processor.py:176} INFO - Processing /home/airflow/.local/lib/python3.7/site-packages/airflow/example_dags/example_latest_only_with_trigger.py took 0.172 seconds
[2024-09-24T04:32:53.949+0000] {processor.py:154} INFO - Started process (PID=15610) to work on /home/airflow/.local/lib/python3.7/site-packages/airflow/example_dags/example_latest_only_with_trigger.py
[2024-09-24T04:32:53.950+0000] {processor.py:756} INFO - Processing file /home/airflow/.local/lib/python3.7/site-packages/airflow/example_dags/example_latest_only_with_trigger.py for tasks to queue
[2024-09-24T04:32:53.951+0000] {logging_mixin.py:120} INFO - [2024-09-24T04:32:53.951+0000] {dagbag.py:537} INFO - Filling up the DagBag from /home/airflow/.local/lib/python3.7/site-packages/airflow/example_dags/example_latest_only_with_trigger.py
[2024-09-24T04:32:53.981+0000] {processor.py:766} INFO - DAG(s) dict_keys(['latest_only_with_trigger']) retrieved from /home/airflow/.local/lib/python3.7/site-packages/airflow/example_dags/example_latest_only_with_trigger.py
[2024-09-24T04:32:54.048+0000] {logging_mixin.py:120} INFO - [2024-09-24T04:32:54.047+0000] {dag.py:2585} INFO - Sync 1 DAGs
[2024-09-24T04:32:54.087+0000] {logging_mixin.py:120} INFO - [2024-09-24T04:32:54.086+0000] {dag.py:3340} INFO - Setting next_dagrun for latest_only_with_trigger to 2024-09-24T00:32:54.086626+00:00, run_after=2024-09-24T04:32:54.086626+00:00
[2024-09-24T04:32:54.120+0000] {processor.py:176} INFO - Processing /home/airflow/.local/lib/python3.7/site-packages/airflow/example_dags/example_latest_only_with_trigger.py took 0.176 seconds
[2024-09-24T04:33:24.976+0000] {processor.py:154} INFO - Started process (PID=15671) to work on /home/airflow/.local/lib/python3.7/site-packages/airflow/example_dags/example_latest_only_with_trigger.py
[2024-09-24T04:33:24.978+0000] {processor.py:756} INFO - Processing file /home/airflow/.local/lib/python3.7/site-packages/airflow/example_dags/example_latest_only_with_trigger.py for tasks to queue
[2024-09-24T04:33:24.979+0000] {logging_mixin.py:120} INFO - [2024-09-24T04:33:24.979+0000] {dagbag.py:537} INFO - Filling up the DagBag from /home/airflow/.local/lib/python3.7/site-packages/airflow/example_dags/example_latest_only_with_trigger.py
[2024-09-24T04:33:25.003+0000] {processor.py:766} INFO - DAG(s) dict_keys(['latest_only_with_trigger']) retrieved from /home/airflow/.local/lib/python3.7/site-packages/airflow/example_dags/example_latest_only_with_trigger.py
[2024-09-24T04:33:25.068+0000] {logging_mixin.py:120} INFO - [2024-09-24T04:33:25.068+0000] {dag.py:2585} INFO - Sync 1 DAGs
[2024-09-24T04:33:25.109+0000] {logging_mixin.py:120} INFO - [2024-09-24T04:33:25.109+0000] {dag.py:3340} INFO - Setting next_dagrun for latest_only_with_trigger to 2024-09-24T00:33:25.109102+00:00, run_after=2024-09-24T04:33:25.109102+00:00
[2024-09-24T04:33:25.140+0000] {processor.py:176} INFO - Processing /home/airflow/.local/lib/python3.7/site-packages/airflow/example_dags/example_latest_only_with_trigger.py took 0.170 seconds
[2024-09-24T04:33:55.391+0000] {processor.py:154} INFO - Started process (PID=15727) to work on /home/airflow/.local/lib/python3.7/site-packages/airflow/example_dags/example_latest_only_with_trigger.py
[2024-09-24T04:33:55.393+0000] {processor.py:756} INFO - Processing file /home/airflow/.local/lib/python3.7/site-packages/airflow/example_dags/example_latest_only_with_trigger.py for tasks to queue
[2024-09-24T04:33:55.394+0000] {logging_mixin.py:120} INFO - [2024-09-24T04:33:55.394+0000] {dagbag.py:537} INFO - Filling up the DagBag from /home/airflow/.local/lib/python3.7/site-packages/airflow/example_dags/example_latest_only_with_trigger.py
[2024-09-24T04:33:55.439+0000] {processor.py:766} INFO - DAG(s) dict_keys(['latest_only_with_trigger']) retrieved from /home/airflow/.local/lib/python3.7/site-packages/airflow/example_dags/example_latest_only_with_trigger.py
[2024-09-24T04:33:55.520+0000] {logging_mixin.py:120} INFO - [2024-09-24T04:33:55.520+0000] {dag.py:2585} INFO - Sync 1 DAGs
[2024-09-24T04:33:55.572+0000] {logging_mixin.py:120} INFO - [2024-09-24T04:33:55.572+0000] {dag.py:3340} INFO - Setting next_dagrun for latest_only_with_trigger to 2024-09-24T00:33:55.571720+00:00, run_after=2024-09-24T04:33:55.571720+00:00
[2024-09-24T04:33:55.623+0000] {processor.py:176} INFO - Processing /home/airflow/.local/lib/python3.7/site-packages/airflow/example_dags/example_latest_only_with_trigger.py took 0.242 seconds
[2024-09-24T04:34:26.781+0000] {processor.py:154} INFO - Started process (PID=15791) to work on /home/airflow/.local/lib/python3.7/site-packages/airflow/example_dags/example_latest_only_with_trigger.py
[2024-09-24T04:34:26.783+0000] {processor.py:756} INFO - Processing file /home/airflow/.local/lib/python3.7/site-packages/airflow/example_dags/example_latest_only_with_trigger.py for tasks to queue
[2024-09-24T04:34:26.785+0000] {logging_mixin.py:120} INFO - [2024-09-24T04:34:26.785+0000] {dagbag.py:537} INFO - Filling up the DagBag from /home/airflow/.local/lib/python3.7/site-packages/airflow/example_dags/example_latest_only_with_trigger.py
[2024-09-24T04:34:26.808+0000] {processor.py:766} INFO - DAG(s) dict_keys(['latest_only_with_trigger']) retrieved from /home/airflow/.local/lib/python3.7/site-packages/airflow/example_dags/example_latest_only_with_trigger.py
[2024-09-24T04:34:26.873+0000] {logging_mixin.py:120} INFO - [2024-09-24T04:34:26.873+0000] {dag.py:2585} INFO - Sync 1 DAGs
[2024-09-24T04:34:26.921+0000] {logging_mixin.py:120} INFO - [2024-09-24T04:34:26.921+0000] {dag.py:3340} INFO - Setting next_dagrun for latest_only_with_trigger to 2024-09-24T00:34:26.921373+00:00, run_after=2024-09-24T04:34:26.921373+00:00
[2024-09-24T04:34:26.956+0000] {processor.py:176} INFO - Processing /home/airflow/.local/lib/python3.7/site-packages/airflow/example_dags/example_latest_only_with_trigger.py took 0.180 seconds
[2024-09-24T04:34:57.256+0000] {processor.py:154} INFO - Started process (PID=15845) to work on /home/airflow/.local/lib/python3.7/site-packages/airflow/example_dags/example_latest_only_with_trigger.py
[2024-09-24T04:34:57.257+0000] {processor.py:756} INFO - Processing file /home/airflow/.local/lib/python3.7/site-packages/airflow/example_dags/example_latest_only_with_trigger.py for tasks to queue
[2024-09-24T04:34:57.259+0000] {logging_mixin.py:120} INFO - [2024-09-24T04:34:57.258+0000] {dagbag.py:537} INFO - Filling up the DagBag from /home/airflow/.local/lib/python3.7/site-packages/airflow/example_dags/example_latest_only_with_trigger.py
[2024-09-24T04:34:57.283+0000] {processor.py:766} INFO - DAG(s) dict_keys(['latest_only_with_trigger']) retrieved from /home/airflow/.local/lib/python3.7/site-packages/airflow/example_dags/example_latest_only_with_trigger.py
[2024-09-24T04:34:57.349+0000] {logging_mixin.py:120} INFO - [2024-09-24T04:34:57.348+0000] {dag.py:2585} INFO - Sync 1 DAGs
[2024-09-24T04:34:57.390+0000] {logging_mixin.py:120} INFO - [2024-09-24T04:34:57.390+0000] {dag.py:3340} INFO - Setting next_dagrun for latest_only_with_trigger to 2024-09-24T00:34:57.389406+00:00, run_after=2024-09-24T04:34:57.389406+00:00
[2024-09-24T04:34:57.424+0000] {processor.py:176} INFO - Processing /home/airflow/.local/lib/python3.7/site-packages/airflow/example_dags/example_latest_only_with_trigger.py took 0.175 seconds
[2024-09-24T04:35:27.747+0000] {processor.py:154} INFO - Started process (PID=15908) to work on /home/airflow/.local/lib/python3.7/site-packages/airflow/example_dags/example_latest_only_with_trigger.py
[2024-09-24T04:35:27.749+0000] {processor.py:756} INFO - Processing file /home/airflow/.local/lib/python3.7/site-packages/airflow/example_dags/example_latest_only_with_trigger.py for tasks to queue
[2024-09-24T04:35:27.750+0000] {logging_mixin.py:120} INFO - [2024-09-24T04:35:27.749+0000] {dagbag.py:537} INFO - Filling up the DagBag from /home/airflow/.local/lib/python3.7/site-packages/airflow/example_dags/example_latest_only_with_trigger.py
[2024-09-24T04:35:27.776+0000] {processor.py:766} INFO - DAG(s) dict_keys(['latest_only_with_trigger']) retrieved from /home/airflow/.local/lib/python3.7/site-packages/airflow/example_dags/example_latest_only_with_trigger.py
[2024-09-24T04:35:27.843+0000] {logging_mixin.py:120} INFO - [2024-09-24T04:35:27.843+0000] {dag.py:2585} INFO - Sync 1 DAGs
[2024-09-24T04:35:27.885+0000] {logging_mixin.py:120} INFO - [2024-09-24T04:35:27.885+0000] {dag.py:3340} INFO - Setting next_dagrun for latest_only_with_trigger to 2024-09-24T00:35:27.885249+00:00, run_after=2024-09-24T04:35:27.885249+00:00
[2024-09-24T04:35:27.923+0000] {processor.py:176} INFO - Processing /home/airflow/.local/lib/python3.7/site-packages/airflow/example_dags/example_latest_only_with_trigger.py took 0.181 seconds
[2024-09-24T04:35:59.070+0000] {processor.py:154} INFO - Started process (PID=15962) to work on /home/airflow/.local/lib/python3.7/site-packages/airflow/example_dags/example_latest_only_with_trigger.py
[2024-09-24T04:35:59.071+0000] {processor.py:756} INFO - Processing file /home/airflow/.local/lib/python3.7/site-packages/airflow/example_dags/example_latest_only_with_trigger.py for tasks to queue
[2024-09-24T04:35:59.073+0000] {logging_mixin.py:120} INFO - [2024-09-24T04:35:59.072+0000] {dagbag.py:537} INFO - Filling up the DagBag from /home/airflow/.local/lib/python3.7/site-packages/airflow/example_dags/example_latest_only_with_trigger.py
[2024-09-24T04:35:59.097+0000] {processor.py:766} INFO - DAG(s) dict_keys(['latest_only_with_trigger']) retrieved from /home/airflow/.local/lib/python3.7/site-packages/airflow/example_dags/example_latest_only_with_trigger.py
[2024-09-24T04:35:59.163+0000] {logging_mixin.py:120} INFO - [2024-09-24T04:35:59.163+0000] {dag.py:2585} INFO - Sync 1 DAGs
[2024-09-24T04:35:59.211+0000] {logging_mixin.py:120} INFO - [2024-09-24T04:35:59.211+0000] {dag.py:3340} INFO - Setting next_dagrun for latest_only_with_trigger to 2024-09-24T00:35:59.211018+00:00, run_after=2024-09-24T04:35:59.211018+00:00
[2024-09-24T04:35:59.247+0000] {processor.py:176} INFO - Processing /home/airflow/.local/lib/python3.7/site-packages/airflow/example_dags/example_latest_only_with_trigger.py took 0.183 seconds
[2024-09-24T04:36:29.622+0000] {processor.py:154} INFO - Started process (PID=16025) to work on /home/airflow/.local/lib/python3.7/site-packages/airflow/example_dags/example_latest_only_with_trigger.py
[2024-09-24T04:36:29.624+0000] {processor.py:756} INFO - Processing file /home/airflow/.local/lib/python3.7/site-packages/airflow/example_dags/example_latest_only_with_trigger.py for tasks to queue
[2024-09-24T04:36:29.626+0000] {logging_mixin.py:120} INFO - [2024-09-24T04:36:29.626+0000] {dagbag.py:537} INFO - Filling up the DagBag from /home/airflow/.local/lib/python3.7/site-packages/airflow/example_dags/example_latest_only_with_trigger.py
[2024-09-24T04:36:29.658+0000] {processor.py:766} INFO - DAG(s) dict_keys(['latest_only_with_trigger']) retrieved from /home/airflow/.local/lib/python3.7/site-packages/airflow/example_dags/example_latest_only_with_trigger.py
[2024-09-24T04:36:29.746+0000] {logging_mixin.py:120} INFO - [2024-09-24T04:36:29.746+0000] {dag.py:2585} INFO - Sync 1 DAGs
[2024-09-24T04:36:29.801+0000] {logging_mixin.py:120} INFO - [2024-09-24T04:36:29.800+0000] {dag.py:3340} INFO - Setting next_dagrun for latest_only_with_trigger to 2024-09-24T00:36:29.800201+00:00, run_after=2024-09-24T04:36:29.800201+00:00
[2024-09-24T04:36:29.844+0000] {processor.py:176} INFO - Processing /home/airflow/.local/lib/python3.7/site-packages/airflow/example_dags/example_latest_only_with_trigger.py took 0.230 seconds
[2024-09-24T04:37:00.193+0000] {processor.py:154} INFO - Started process (PID=16086) to work on /home/airflow/.local/lib/python3.7/site-packages/airflow/example_dags/example_latest_only_with_trigger.py
[2024-09-24T04:37:00.197+0000] {processor.py:756} INFO - Processing file /home/airflow/.local/lib/python3.7/site-packages/airflow/example_dags/example_latest_only_with_trigger.py for tasks to queue
[2024-09-24T04:37:00.201+0000] {logging_mixin.py:120} INFO - [2024-09-24T04:37:00.200+0000] {dagbag.py:537} INFO - Filling up the DagBag from /home/airflow/.local/lib/python3.7/site-packages/airflow/example_dags/example_latest_only_with_trigger.py
[2024-09-24T04:37:00.235+0000] {processor.py:766} INFO - DAG(s) dict_keys(['latest_only_with_trigger']) retrieved from /home/airflow/.local/lib/python3.7/site-packages/airflow/example_dags/example_latest_only_with_trigger.py
[2024-09-24T04:37:00.352+0000] {logging_mixin.py:120} INFO - [2024-09-24T04:37:00.352+0000] {dag.py:2585} INFO - Sync 1 DAGs
[2024-09-24T04:37:00.400+0000] {logging_mixin.py:120} INFO - [2024-09-24T04:37:00.399+0000] {dag.py:3340} INFO - Setting next_dagrun for latest_only_with_trigger to 2024-09-24T00:37:00.399469+00:00, run_after=2024-09-24T04:37:00.399469+00:00
[2024-09-24T04:37:00.455+0000] {processor.py:176} INFO - Processing /home/airflow/.local/lib/python3.7/site-packages/airflow/example_dags/example_latest_only_with_trigger.py took 0.275 seconds
[2024-09-24T04:37:57.588+0000] {processor.py:154} INFO - Started process (PID=16153) to work on /home/airflow/.local/lib/python3.7/site-packages/airflow/example_dags/example_latest_only_with_trigger.py
[2024-09-24T04:37:57.592+0000] {processor.py:756} INFO - Processing file /home/airflow/.local/lib/python3.7/site-packages/airflow/example_dags/example_latest_only_with_trigger.py for tasks to queue
[2024-09-24T04:37:57.594+0000] {logging_mixin.py:120} INFO - [2024-09-24T04:37:57.594+0000] {dagbag.py:537} INFO - Filling up the DagBag from /home/airflow/.local/lib/python3.7/site-packages/airflow/example_dags/example_latest_only_with_trigger.py
[2024-09-24T04:37:57.644+0000] {processor.py:766} INFO - DAG(s) dict_keys(['latest_only_with_trigger']) retrieved from /home/airflow/.local/lib/python3.7/site-packages/airflow/example_dags/example_latest_only_with_trigger.py
[2024-09-24T04:37:57.767+0000] {logging_mixin.py:120} INFO - [2024-09-24T04:37:57.767+0000] {dag.py:2585} INFO - Sync 1 DAGs
[2024-09-24T04:37:57.841+0000] {logging_mixin.py:120} INFO - [2024-09-24T04:37:57.841+0000] {dag.py:3340} INFO - Setting next_dagrun for latest_only_with_trigger to 2024-09-24T00:37:57.840558+00:00, run_after=2024-09-24T04:37:57.840558+00:00
[2024-09-24T04:37:57.897+0000] {processor.py:176} INFO - Processing /home/airflow/.local/lib/python3.7/site-packages/airflow/example_dags/example_latest_only_with_trigger.py took 0.316 seconds
[2024-09-24T06:15:54.501+0000] {processor.py:154} INFO - Started process (PID=16219) to work on /home/airflow/.local/lib/python3.7/site-packages/airflow/example_dags/example_latest_only_with_trigger.py
[2024-09-24T06:15:54.503+0000] {processor.py:756} INFO - Processing file /home/airflow/.local/lib/python3.7/site-packages/airflow/example_dags/example_latest_only_with_trigger.py for tasks to queue
[2024-09-24T06:15:54.506+0000] {logging_mixin.py:120} INFO - [2024-09-24T06:15:54.505+0000] {dagbag.py:537} INFO - Filling up the DagBag from /home/airflow/.local/lib/python3.7/site-packages/airflow/example_dags/example_latest_only_with_trigger.py
[2024-09-24T06:15:54.530+0000] {processor.py:766} INFO - DAG(s) dict_keys(['latest_only_with_trigger']) retrieved from /home/airflow/.local/lib/python3.7/site-packages/airflow/example_dags/example_latest_only_with_trigger.py
[2024-09-24T06:15:54.580+0000] {logging_mixin.py:120} INFO - [2024-09-24T06:15:54.580+0000] {dag.py:2585} INFO - Sync 1 DAGs
[2024-09-24T06:15:54.613+0000] {logging_mixin.py:120} INFO - [2024-09-24T06:15:54.612+0000] {dag.py:3340} INFO - Setting next_dagrun for latest_only_with_trigger to 2024-09-24T02:15:54.612702+00:00, run_after=2024-09-24T06:15:54.612702+00:00
[2024-09-24T06:15:54.643+0000] {processor.py:176} INFO - Processing /home/airflow/.local/lib/python3.7/site-packages/airflow/example_dags/example_latest_only_with_trigger.py took 0.149 seconds
[2024-09-24T06:31:02.497+0000] {processor.py:154} INFO - Started process (PID=16273) to work on /home/airflow/.local/lib/python3.7/site-packages/airflow/example_dags/example_latest_only_with_trigger.py
[2024-09-24T06:31:02.499+0000] {processor.py:756} INFO - Processing file /home/airflow/.local/lib/python3.7/site-packages/airflow/example_dags/example_latest_only_with_trigger.py for tasks to queue
[2024-09-24T06:31:02.500+0000] {logging_mixin.py:120} INFO - [2024-09-24T06:31:02.500+0000] {dagbag.py:537} INFO - Filling up the DagBag from /home/airflow/.local/lib/python3.7/site-packages/airflow/example_dags/example_latest_only_with_trigger.py
[2024-09-24T06:31:02.524+0000] {processor.py:766} INFO - DAG(s) dict_keys(['latest_only_with_trigger']) retrieved from /home/airflow/.local/lib/python3.7/site-packages/airflow/example_dags/example_latest_only_with_trigger.py
[2024-09-24T06:31:02.586+0000] {logging_mixin.py:120} INFO - [2024-09-24T06:31:02.586+0000] {dag.py:2585} INFO - Sync 1 DAGs
[2024-09-24T06:31:02.626+0000] {logging_mixin.py:120} INFO - [2024-09-24T06:31:02.626+0000] {dag.py:3340} INFO - Setting next_dagrun for latest_only_with_trigger to 2024-09-24T02:31:02.626168+00:00, run_after=2024-09-24T06:31:02.626168+00:00
[2024-09-24T06:31:02.663+0000] {processor.py:176} INFO - Processing /home/airflow/.local/lib/python3.7/site-packages/airflow/example_dags/example_latest_only_with_trigger.py took 0.170 seconds
[2024-09-24T08:40:11.793+0000] {processor.py:154} INFO - Started process (PID=16336) to work on /home/airflow/.local/lib/python3.7/site-packages/airflow/example_dags/example_latest_only_with_trigger.py
[2024-09-24T08:40:11.795+0000] {processor.py:756} INFO - Processing file /home/airflow/.local/lib/python3.7/site-packages/airflow/example_dags/example_latest_only_with_trigger.py for tasks to queue
[2024-09-24T08:40:11.796+0000] {logging_mixin.py:120} INFO - [2024-09-24T08:40:11.795+0000] {dagbag.py:537} INFO - Filling up the DagBag from /home/airflow/.local/lib/python3.7/site-packages/airflow/example_dags/example_latest_only_with_trigger.py
[2024-09-24T08:40:11.816+0000] {processor.py:766} INFO - DAG(s) dict_keys(['latest_only_with_trigger']) retrieved from /home/airflow/.local/lib/python3.7/site-packages/airflow/example_dags/example_latest_only_with_trigger.py
[2024-09-24T08:40:11.877+0000] {logging_mixin.py:120} INFO - [2024-09-24T08:40:11.877+0000] {dag.py:2585} INFO - Sync 1 DAGs
[2024-09-24T08:40:11.916+0000] {logging_mixin.py:120} INFO - [2024-09-24T08:40:11.915+0000] {dag.py:3340} INFO - Setting next_dagrun for latest_only_with_trigger to 2024-09-24T04:40:11.915569+00:00, run_after=2024-09-24T08:40:11.915569+00:00
[2024-09-24T08:40:11.948+0000] {processor.py:176} INFO - Processing /home/airflow/.local/lib/python3.7/site-packages/airflow/example_dags/example_latest_only_with_trigger.py took 0.159 seconds
[2024-09-24T11:11:21.105+0000] {processor.py:154} INFO - Started process (PID=16399) to work on /home/airflow/.local/lib/python3.7/site-packages/airflow/example_dags/example_latest_only_with_trigger.py
[2024-09-24T11:11:21.107+0000] {processor.py:756} INFO - Processing file /home/airflow/.local/lib/python3.7/site-packages/airflow/example_dags/example_latest_only_with_trigger.py for tasks to queue
[2024-09-24T11:11:21.110+0000] {logging_mixin.py:120} INFO - [2024-09-24T11:11:21.110+0000] {dagbag.py:537} INFO - Filling up the DagBag from /home/airflow/.local/lib/python3.7/site-packages/airflow/example_dags/example_latest_only_with_trigger.py
[2024-09-24T11:11:21.143+0000] {processor.py:766} INFO - DAG(s) dict_keys(['latest_only_with_trigger']) retrieved from /home/airflow/.local/lib/python3.7/site-packages/airflow/example_dags/example_latest_only_with_trigger.py
[2024-09-24T11:11:21.227+0000] {logging_mixin.py:120} INFO - [2024-09-24T11:11:21.226+0000] {dag.py:2585} INFO - Sync 1 DAGs
[2024-09-24T11:11:21.279+0000] {logging_mixin.py:120} INFO - [2024-09-24T11:11:21.279+0000] {dag.py:3340} INFO - Setting next_dagrun for latest_only_with_trigger to 2024-09-24T07:11:21.279152+00:00, run_after=2024-09-24T11:11:21.279152+00:00
[2024-09-24T11:11:21.323+0000] {processor.py:176} INFO - Processing /home/airflow/.local/lib/python3.7/site-packages/airflow/example_dags/example_latest_only_with_trigger.py took 0.225 seconds
[2024-09-24T12:44:51.134+0000] {processor.py:154} INFO - Started process (PID=16453) to work on /home/airflow/.local/lib/python3.7/site-packages/airflow/example_dags/example_latest_only_with_trigger.py
[2024-09-24T12:44:51.138+0000] {processor.py:756} INFO - Processing file /home/airflow/.local/lib/python3.7/site-packages/airflow/example_dags/example_latest_only_with_trigger.py for tasks to queue
[2024-09-24T12:44:51.139+0000] {logging_mixin.py:120} INFO - [2024-09-24T12:44:51.139+0000] {dagbag.py:537} INFO - Filling up the DagBag from /home/airflow/.local/lib/python3.7/site-packages/airflow/example_dags/example_latest_only_with_trigger.py
[2024-09-24T12:44:51.163+0000] {processor.py:766} INFO - DAG(s) dict_keys(['latest_only_with_trigger']) retrieved from /home/airflow/.local/lib/python3.7/site-packages/airflow/example_dags/example_latest_only_with_trigger.py
[2024-09-24T12:44:51.216+0000] {logging_mixin.py:120} INFO - [2024-09-24T12:44:51.216+0000] {dag.py:2585} INFO - Sync 1 DAGs
[2024-09-24T12:44:51.250+0000] {logging_mixin.py:120} INFO - [2024-09-24T12:44:51.250+0000] {dag.py:3340} INFO - Setting next_dagrun for latest_only_with_trigger to 2024-09-24T08:44:51.249582+00:00, run_after=2024-09-24T12:44:51.249582+00:00
[2024-09-24T12:44:51.279+0000] {processor.py:176} INFO - Processing /home/airflow/.local/lib/python3.7/site-packages/airflow/example_dags/example_latest_only_with_trigger.py took 0.149 seconds
[2024-09-24T14:24:40.465+0000] {processor.py:154} INFO - Started process (PID=16507) to work on /home/airflow/.local/lib/python3.7/site-packages/airflow/example_dags/example_latest_only_with_trigger.py
[2024-09-24T14:24:40.466+0000] {processor.py:756} INFO - Processing file /home/airflow/.local/lib/python3.7/site-packages/airflow/example_dags/example_latest_only_with_trigger.py for tasks to queue
[2024-09-24T14:24:40.467+0000] {logging_mixin.py:120} INFO - [2024-09-24T14:24:40.467+0000] {dagbag.py:537} INFO - Filling up the DagBag from /home/airflow/.local/lib/python3.7/site-packages/airflow/example_dags/example_latest_only_with_trigger.py
[2024-09-24T14:24:40.491+0000] {processor.py:766} INFO - DAG(s) dict_keys(['latest_only_with_trigger']) retrieved from /home/airflow/.local/lib/python3.7/site-packages/airflow/example_dags/example_latest_only_with_trigger.py
[2024-09-24T14:24:40.557+0000] {logging_mixin.py:120} INFO - [2024-09-24T14:24:40.557+0000] {dag.py:2585} INFO - Sync 1 DAGs
[2024-09-24T14:24:40.601+0000] {logging_mixin.py:120} INFO - [2024-09-24T14:24:40.601+0000] {dag.py:3340} INFO - Setting next_dagrun for latest_only_with_trigger to 2024-09-24T10:24:40.600648+00:00, run_after=2024-09-24T14:24:40.600648+00:00
[2024-09-24T14:24:40.628+0000] {processor.py:176} INFO - Processing /home/airflow/.local/lib/python3.7/site-packages/airflow/example_dags/example_latest_only_with_trigger.py took 0.168 seconds
[2024-09-24T14:26:40.219+0000] {processor.py:154} INFO - Started process (PID=16570) to work on /home/airflow/.local/lib/python3.7/site-packages/airflow/example_dags/example_latest_only_with_trigger.py
[2024-09-24T14:26:40.220+0000] {processor.py:756} INFO - Processing file /home/airflow/.local/lib/python3.7/site-packages/airflow/example_dags/example_latest_only_with_trigger.py for tasks to queue
[2024-09-24T14:26:40.222+0000] {logging_mixin.py:120} INFO - [2024-09-24T14:26:40.222+0000] {dagbag.py:537} INFO - Filling up the DagBag from /home/airflow/.local/lib/python3.7/site-packages/airflow/example_dags/example_latest_only_with_trigger.py
[2024-09-24T14:26:40.244+0000] {processor.py:766} INFO - DAG(s) dict_keys(['latest_only_with_trigger']) retrieved from /home/airflow/.local/lib/python3.7/site-packages/airflow/example_dags/example_latest_only_with_trigger.py
[2024-09-24T14:26:40.296+0000] {logging_mixin.py:120} INFO - [2024-09-24T14:26:40.295+0000] {dag.py:2585} INFO - Sync 1 DAGs
[2024-09-24T14:26:40.328+0000] {logging_mixin.py:120} INFO - [2024-09-24T14:26:40.328+0000] {dag.py:3340} INFO - Setting next_dagrun for latest_only_with_trigger to 2024-09-24T10:26:40.328261+00:00, run_after=2024-09-24T14:26:40.328261+00:00
[2024-09-24T14:26:40.351+0000] {processor.py:176} INFO - Processing /home/airflow/.local/lib/python3.7/site-packages/airflow/example_dags/example_latest_only_with_trigger.py took 0.136 seconds
[2024-09-24T15:01:03.433+0000] {processor.py:154} INFO - Started process (PID=16624) to work on /home/airflow/.local/lib/python3.7/site-packages/airflow/example_dags/example_latest_only_with_trigger.py
[2024-09-24T15:01:03.435+0000] {processor.py:756} INFO - Processing file /home/airflow/.local/lib/python3.7/site-packages/airflow/example_dags/example_latest_only_with_trigger.py for tasks to queue
[2024-09-24T15:01:03.436+0000] {logging_mixin.py:120} INFO - [2024-09-24T15:01:03.436+0000] {dagbag.py:537} INFO - Filling up the DagBag from /home/airflow/.local/lib/python3.7/site-packages/airflow/example_dags/example_latest_only_with_trigger.py
[2024-09-24T15:01:03.461+0000] {processor.py:766} INFO - DAG(s) dict_keys(['latest_only_with_trigger']) retrieved from /home/airflow/.local/lib/python3.7/site-packages/airflow/example_dags/example_latest_only_with_trigger.py
[2024-09-24T15:01:03.506+0000] {logging_mixin.py:120} INFO - [2024-09-24T15:01:03.506+0000] {dag.py:2585} INFO - Sync 1 DAGs
[2024-09-24T15:01:03.533+0000] {logging_mixin.py:120} INFO - [2024-09-24T15:01:03.533+0000] {dag.py:3340} INFO - Setting next_dagrun for latest_only_with_trigger to 2024-09-24T11:01:03.533384+00:00, run_after=2024-09-24T15:01:03.533384+00:00
[2024-09-24T15:01:03.555+0000] {processor.py:176} INFO - Processing /home/airflow/.local/lib/python3.7/site-packages/airflow/example_dags/example_latest_only_with_trigger.py took 0.127 seconds
[2024-09-24T16:32:28.274+0000] {processor.py:154} INFO - Started process (PID=16687) to work on /home/airflow/.local/lib/python3.7/site-packages/airflow/example_dags/example_latest_only_with_trigger.py
[2024-09-24T16:32:28.276+0000] {processor.py:756} INFO - Processing file /home/airflow/.local/lib/python3.7/site-packages/airflow/example_dags/example_latest_only_with_trigger.py for tasks to queue
[2024-09-24T16:32:28.277+0000] {logging_mixin.py:120} INFO - [2024-09-24T16:32:28.277+0000] {dagbag.py:537} INFO - Filling up the DagBag from /home/airflow/.local/lib/python3.7/site-packages/airflow/example_dags/example_latest_only_with_trigger.py
[2024-09-24T16:32:28.296+0000] {processor.py:766} INFO - DAG(s) dict_keys(['latest_only_with_trigger']) retrieved from /home/airflow/.local/lib/python3.7/site-packages/airflow/example_dags/example_latest_only_with_trigger.py
[2024-09-24T16:32:28.345+0000] {logging_mixin.py:120} INFO - [2024-09-24T16:32:28.345+0000] {dag.py:2585} INFO - Sync 1 DAGs
[2024-09-24T16:32:28.379+0000] {logging_mixin.py:120} INFO - [2024-09-24T16:32:28.379+0000] {dag.py:3340} INFO - Setting next_dagrun for latest_only_with_trigger to 2024-09-24T12:32:28.379061+00:00, run_after=2024-09-24T16:32:28.379061+00:00
[2024-09-24T16:32:28.409+0000] {processor.py:176} INFO - Processing /home/airflow/.local/lib/python3.7/site-packages/airflow/example_dags/example_latest_only_with_trigger.py took 0.139 seconds
[2024-09-24T16:38:51.673+0000] {processor.py:154} INFO - Started process (PID=16750) to work on /home/airflow/.local/lib/python3.7/site-packages/airflow/example_dags/example_latest_only_with_trigger.py
[2024-09-24T16:38:51.676+0000] {processor.py:756} INFO - Processing file /home/airflow/.local/lib/python3.7/site-packages/airflow/example_dags/example_latest_only_with_trigger.py for tasks to queue
[2024-09-24T16:38:51.680+0000] {logging_mixin.py:120} INFO - [2024-09-24T16:38:51.679+0000] {dagbag.py:537} INFO - Filling up the DagBag from /home/airflow/.local/lib/python3.7/site-packages/airflow/example_dags/example_latest_only_with_trigger.py
[2024-09-24T16:38:51.725+0000] {processor.py:766} INFO - DAG(s) dict_keys(['latest_only_with_trigger']) retrieved from /home/airflow/.local/lib/python3.7/site-packages/airflow/example_dags/example_latest_only_with_trigger.py
[2024-09-24T16:38:51.830+0000] {logging_mixin.py:120} INFO - [2024-09-24T16:38:51.829+0000] {dag.py:2585} INFO - Sync 1 DAGs
[2024-09-24T16:38:51.894+0000] {logging_mixin.py:120} INFO - [2024-09-24T16:38:51.894+0000] {dag.py:3340} INFO - Setting next_dagrun for latest_only_with_trigger to 2024-09-24T12:38:51.893721+00:00, run_after=2024-09-24T16:38:51.893721+00:00
[2024-09-24T16:38:51.950+0000] {processor.py:176} INFO - Processing /home/airflow/.local/lib/python3.7/site-packages/airflow/example_dags/example_latest_only_with_trigger.py took 0.284 seconds
[2024-09-24T17:03:41.720+0000] {processor.py:154} INFO - Started process (PID=16804) to work on /home/airflow/.local/lib/python3.7/site-packages/airflow/example_dags/example_latest_only_with_trigger.py
[2024-09-24T17:03:41.723+0000] {processor.py:756} INFO - Processing file /home/airflow/.local/lib/python3.7/site-packages/airflow/example_dags/example_latest_only_with_trigger.py for tasks to queue
[2024-09-24T17:03:41.730+0000] {logging_mixin.py:120} INFO - [2024-09-24T17:03:41.730+0000] {dagbag.py:537} INFO - Filling up the DagBag from /home/airflow/.local/lib/python3.7/site-packages/airflow/example_dags/example_latest_only_with_trigger.py
[2024-09-24T17:03:41.767+0000] {processor.py:766} INFO - DAG(s) dict_keys(['latest_only_with_trigger']) retrieved from /home/airflow/.local/lib/python3.7/site-packages/airflow/example_dags/example_latest_only_with_trigger.py
[2024-09-24T17:03:41.882+0000] {logging_mixin.py:120} INFO - [2024-09-24T17:03:41.882+0000] {dag.py:2585} INFO - Sync 1 DAGs
[2024-09-24T17:03:41.955+0000] {logging_mixin.py:120} INFO - [2024-09-24T17:03:41.955+0000] {dag.py:3340} INFO - Setting next_dagrun for latest_only_with_trigger to 2024-09-24T13:03:41.955288+00:00, run_after=2024-09-24T17:03:41.955288+00:00
[2024-09-24T17:03:42.003+0000] {processor.py:176} INFO - Processing /home/airflow/.local/lib/python3.7/site-packages/airflow/example_dags/example_latest_only_with_trigger.py took 0.289 seconds
[2024-09-24T17:24:33.308+0000] {processor.py:154} INFO - Started process (PID=16858) to work on /home/airflow/.local/lib/python3.7/site-packages/airflow/example_dags/example_latest_only_with_trigger.py
[2024-09-24T17:24:33.312+0000] {processor.py:756} INFO - Processing file /home/airflow/.local/lib/python3.7/site-packages/airflow/example_dags/example_latest_only_with_trigger.py for tasks to queue
[2024-09-24T17:24:33.314+0000] {logging_mixin.py:120} INFO - [2024-09-24T17:24:33.314+0000] {dagbag.py:537} INFO - Filling up the DagBag from /home/airflow/.local/lib/python3.7/site-packages/airflow/example_dags/example_latest_only_with_trigger.py
[2024-09-24T17:24:33.351+0000] {processor.py:766} INFO - DAG(s) dict_keys(['latest_only_with_trigger']) retrieved from /home/airflow/.local/lib/python3.7/site-packages/airflow/example_dags/example_latest_only_with_trigger.py
[2024-09-24T17:24:33.436+0000] {logging_mixin.py:120} INFO - [2024-09-24T17:24:33.436+0000] {dag.py:2585} INFO - Sync 1 DAGs
[2024-09-24T17:24:33.497+0000] {logging_mixin.py:120} INFO - [2024-09-24T17:24:33.497+0000] {dag.py:3340} INFO - Setting next_dagrun for latest_only_with_trigger to 2024-09-24T13:24:33.497097+00:00, run_after=2024-09-24T17:24:33.497097+00:00
[2024-09-24T17:24:33.545+0000] {processor.py:176} INFO - Processing /home/airflow/.local/lib/python3.7/site-packages/airflow/example_dags/example_latest_only_with_trigger.py took 0.243 seconds
[2024-09-24T18:04:41.012+0000] {processor.py:154} INFO - Started process (PID=16910) to work on /home/airflow/.local/lib/python3.7/site-packages/airflow/example_dags/example_latest_only_with_trigger.py
[2024-09-24T18:04:41.014+0000] {processor.py:756} INFO - Processing file /home/airflow/.local/lib/python3.7/site-packages/airflow/example_dags/example_latest_only_with_trigger.py for tasks to queue
[2024-09-24T18:04:41.015+0000] {logging_mixin.py:120} INFO - [2024-09-24T18:04:41.015+0000] {dagbag.py:537} INFO - Filling up the DagBag from /home/airflow/.local/lib/python3.7/site-packages/airflow/example_dags/example_latest_only_with_trigger.py
[2024-09-24T18:04:41.057+0000] {processor.py:766} INFO - DAG(s) dict_keys(['latest_only_with_trigger']) retrieved from /home/airflow/.local/lib/python3.7/site-packages/airflow/example_dags/example_latest_only_with_trigger.py
[2024-09-24T18:04:41.143+0000] {logging_mixin.py:120} INFO - [2024-09-24T18:04:41.143+0000] {dag.py:2585} INFO - Sync 1 DAGs
[2024-09-24T18:04:41.213+0000] {logging_mixin.py:120} INFO - [2024-09-24T18:04:41.213+0000] {dag.py:3340} INFO - Setting next_dagrun for latest_only_with_trigger to 2024-09-24T14:04:41.212874+00:00, run_after=2024-09-24T18:04:41.212874+00:00
[2024-09-24T18:04:41.260+0000] {processor.py:176} INFO - Processing /home/airflow/.local/lib/python3.7/site-packages/airflow/example_dags/example_latest_only_with_trigger.py took 0.254 seconds
[2024-09-24T19:05:36.813+0000] {processor.py:154} INFO - Started process (PID=16957) to work on /home/airflow/.local/lib/python3.7/site-packages/airflow/example_dags/example_latest_only_with_trigger.py
[2024-09-24T19:05:36.815+0000] {processor.py:756} INFO - Processing file /home/airflow/.local/lib/python3.7/site-packages/airflow/example_dags/example_latest_only_with_trigger.py for tasks to queue
[2024-09-24T19:05:36.818+0000] {logging_mixin.py:120} INFO - [2024-09-24T19:05:36.818+0000] {dagbag.py:537} INFO - Filling up the DagBag from /home/airflow/.local/lib/python3.7/site-packages/airflow/example_dags/example_latest_only_with_trigger.py
[2024-09-24T19:05:36.842+0000] {processor.py:766} INFO - DAG(s) dict_keys(['latest_only_with_trigger']) retrieved from /home/airflow/.local/lib/python3.7/site-packages/airflow/example_dags/example_latest_only_with_trigger.py
[2024-09-24T19:05:36.914+0000] {logging_mixin.py:120} INFO - [2024-09-24T19:05:36.914+0000] {dag.py:2585} INFO - Sync 1 DAGs
[2024-09-24T19:05:36.965+0000] {logging_mixin.py:120} INFO - [2024-09-24T19:05:36.965+0000] {dag.py:3340} INFO - Setting next_dagrun for latest_only_with_trigger to 2024-09-24T15:05:36.965398+00:00, run_after=2024-09-24T19:05:36.965398+00:00
[2024-09-24T19:05:37.012+0000] {processor.py:176} INFO - Processing /home/airflow/.local/lib/python3.7/site-packages/airflow/example_dags/example_latest_only_with_trigger.py took 0.204 seconds
[2024-09-24T20:06:43.056+0000] {processor.py:154} INFO - Started process (PID=17011) to work on /home/airflow/.local/lib/python3.7/site-packages/airflow/example_dags/example_latest_only_with_trigger.py
[2024-09-24T20:06:43.060+0000] {processor.py:756} INFO - Processing file /home/airflow/.local/lib/python3.7/site-packages/airflow/example_dags/example_latest_only_with_trigger.py for tasks to queue
[2024-09-24T20:06:43.061+0000] {logging_mixin.py:120} INFO - [2024-09-24T20:06:43.061+0000] {dagbag.py:537} INFO - Filling up the DagBag from /home/airflow/.local/lib/python3.7/site-packages/airflow/example_dags/example_latest_only_with_trigger.py
[2024-09-24T20:06:43.095+0000] {processor.py:766} INFO - DAG(s) dict_keys(['latest_only_with_trigger']) retrieved from /home/airflow/.local/lib/python3.7/site-packages/airflow/example_dags/example_latest_only_with_trigger.py
[2024-09-24T20:06:43.242+0000] {logging_mixin.py:120} INFO - [2024-09-24T20:06:43.242+0000] {dag.py:2585} INFO - Sync 1 DAGs
[2024-09-24T20:06:43.312+0000] {logging_mixin.py:120} INFO - [2024-09-24T20:06:43.312+0000] {dag.py:3340} INFO - Setting next_dagrun for latest_only_with_trigger to 2024-09-24T16:06:43.311948+00:00, run_after=2024-09-24T20:06:43.311948+00:00
[2024-09-24T20:06:43.362+0000] {processor.py:176} INFO - Processing /home/airflow/.local/lib/python3.7/site-packages/airflow/example_dags/example_latest_only_with_trigger.py took 0.312 seconds
[2024-09-24T22:08:32.478+0000] {processor.py:154} INFO - Started process (PID=17065) to work on /home/airflow/.local/lib/python3.7/site-packages/airflow/example_dags/example_latest_only_with_trigger.py
[2024-09-24T22:08:32.489+0000] {processor.py:756} INFO - Processing file /home/airflow/.local/lib/python3.7/site-packages/airflow/example_dags/example_latest_only_with_trigger.py for tasks to queue
[2024-09-24T22:08:32.501+0000] {logging_mixin.py:120} INFO - [2024-09-24T22:08:32.499+0000] {dagbag.py:537} INFO - Filling up the DagBag from /home/airflow/.local/lib/python3.7/site-packages/airflow/example_dags/example_latest_only_with_trigger.py
[2024-09-24T22:08:32.665+0000] {processor.py:766} INFO - DAG(s) dict_keys(['latest_only_with_trigger']) retrieved from /home/airflow/.local/lib/python3.7/site-packages/airflow/example_dags/example_latest_only_with_trigger.py
[2024-09-24T22:08:33.108+0000] {logging_mixin.py:120} INFO - [2024-09-24T22:08:33.106+0000] {dag.py:2585} INFO - Sync 1 DAGs
[2024-09-24T22:08:33.402+0000] {logging_mixin.py:120} INFO - [2024-09-24T22:08:33.401+0000] {dag.py:3340} INFO - Setting next_dagrun for latest_only_with_trigger to 2024-09-24T18:08:33.398052+00:00, run_after=2024-09-24T22:08:33.398052+00:00
[2024-09-24T22:08:33.585+0000] {processor.py:176} INFO - Processing /home/airflow/.local/lib/python3.7/site-packages/airflow/example_dags/example_latest_only_with_trigger.py took 1.138 seconds
