[2024-09-24T01:38:19.237+0000] {processor.py:154} INFO - Started process (PID=13870) to work on /home/airflow/.local/lib/python3.7/site-packages/airflow/example_dags/example_external_task_marker_dag.py
[2024-09-24T01:38:19.242+0000] {processor.py:756} INFO - Processing file /home/airflow/.local/lib/python3.7/site-packages/airflow/example_dags/example_external_task_marker_dag.py for tasks to queue
[2024-09-24T01:38:19.245+0000] {logging_mixin.py:120} INFO - [2024-09-24T01:38:19.245+0000] {dagbag.py:537} INFO - Filling up the DagBag from /home/airflow/.local/lib/python3.7/site-packages/airflow/example_dags/example_external_task_marker_dag.py
[2024-09-24T01:38:19.320+0000] {processor.py:766} INFO - DAG(s) dict_keys(['example_external_task_marker_parent', 'example_external_task_marker_child']) retrieved from /home/airflow/.local/lib/python3.7/site-packages/airflow/example_dags/example_external_task_marker_dag.py
[2024-09-24T01:38:19.896+0000] {logging_mixin.py:120} INFO - [2024-09-24T01:38:19.896+0000] {dag.py:2585} INFO - Sync 2 DAGs
[2024-09-24T01:38:19.957+0000] {logging_mixin.py:120} INFO - [2024-09-24T01:38:19.957+0000] {dag.py:3340} INFO - Setting next_dagrun for example_external_task_marker_child to None, run_after=None
[2024-09-24T01:38:19.965+0000] {logging_mixin.py:120} INFO - [2024-09-24T01:38:19.965+0000] {dag.py:3340} INFO - Setting next_dagrun for example_external_task_marker_parent to None, run_after=None
[2024-09-24T01:38:20.011+0000] {processor.py:176} INFO - Processing /home/airflow/.local/lib/python3.7/site-packages/airflow/example_dags/example_external_task_marker_dag.py took 0.783 seconds
[2024-09-24T01:41:40.479+0000] {processor.py:154} INFO - Started process (PID=13924) to work on /home/airflow/.local/lib/python3.7/site-packages/airflow/example_dags/example_external_task_marker_dag.py
[2024-09-24T01:41:40.481+0000] {processor.py:756} INFO - Processing file /home/airflow/.local/lib/python3.7/site-packages/airflow/example_dags/example_external_task_marker_dag.py for tasks to queue
[2024-09-24T01:41:40.483+0000] {logging_mixin.py:120} INFO - [2024-09-24T01:41:40.483+0000] {dagbag.py:537} INFO - Filling up the DagBag from /home/airflow/.local/lib/python3.7/site-packages/airflow/example_dags/example_external_task_marker_dag.py
[2024-09-24T01:41:40.509+0000] {processor.py:766} INFO - DAG(s) dict_keys(['example_external_task_marker_child', 'example_external_task_marker_parent']) retrieved from /home/airflow/.local/lib/python3.7/site-packages/airflow/example_dags/example_external_task_marker_dag.py
[2024-09-24T01:41:40.888+0000] {logging_mixin.py:120} INFO - [2024-09-24T01:41:40.887+0000] {dag.py:2585} INFO - Sync 2 DAGs
[2024-09-24T01:41:40.930+0000] {logging_mixin.py:120} INFO - [2024-09-24T01:41:40.929+0000] {dag.py:3340} INFO - Setting next_dagrun for example_external_task_marker_child to None, run_after=None
[2024-09-24T01:41:40.934+0000] {logging_mixin.py:120} INFO - [2024-09-24T01:41:40.934+0000] {dag.py:3340} INFO - Setting next_dagrun for example_external_task_marker_parent to None, run_after=None
[2024-09-24T01:41:40.962+0000] {processor.py:176} INFO - Processing /home/airflow/.local/lib/python3.7/site-packages/airflow/example_dags/example_external_task_marker_dag.py took 0.488 seconds
[2024-09-24T03:27:55.755+0000] {processor.py:154} INFO - Started process (PID=13987) to work on /home/airflow/.local/lib/python3.7/site-packages/airflow/example_dags/example_external_task_marker_dag.py
[2024-09-24T03:27:55.757+0000] {processor.py:756} INFO - Processing file /home/airflow/.local/lib/python3.7/site-packages/airflow/example_dags/example_external_task_marker_dag.py for tasks to queue
[2024-09-24T03:27:55.758+0000] {logging_mixin.py:120} INFO - [2024-09-24T03:27:55.758+0000] {dagbag.py:537} INFO - Filling up the DagBag from /home/airflow/.local/lib/python3.7/site-packages/airflow/example_dags/example_external_task_marker_dag.py
[2024-09-24T03:27:55.787+0000] {processor.py:766} INFO - DAG(s) dict_keys(['example_external_task_marker_parent', 'example_external_task_marker_child']) retrieved from /home/airflow/.local/lib/python3.7/site-packages/airflow/example_dags/example_external_task_marker_dag.py
[2024-09-24T03:27:56.187+0000] {logging_mixin.py:120} INFO - [2024-09-24T03:27:56.186+0000] {dag.py:2585} INFO - Sync 2 DAGs
[2024-09-24T03:27:56.229+0000] {logging_mixin.py:120} INFO - [2024-09-24T03:27:56.228+0000] {dag.py:3340} INFO - Setting next_dagrun for example_external_task_marker_child to None, run_after=None
[2024-09-24T03:27:56.236+0000] {logging_mixin.py:120} INFO - [2024-09-24T03:27:56.235+0000] {dag.py:3340} INFO - Setting next_dagrun for example_external_task_marker_parent to None, run_after=None
[2024-09-24T03:27:56.266+0000] {processor.py:176} INFO - Processing /home/airflow/.local/lib/python3.7/site-packages/airflow/example_dags/example_external_task_marker_dag.py took 0.517 seconds
[2024-09-24T04:19:36.600+0000] {processor.py:154} INFO - Started process (PID=14050) to work on /home/airflow/.local/lib/python3.7/site-packages/airflow/example_dags/example_external_task_marker_dag.py
[2024-09-24T04:19:36.606+0000] {processor.py:756} INFO - Processing file /home/airflow/.local/lib/python3.7/site-packages/airflow/example_dags/example_external_task_marker_dag.py for tasks to queue
[2024-09-24T04:19:36.608+0000] {logging_mixin.py:120} INFO - [2024-09-24T04:19:36.608+0000] {dagbag.py:537} INFO - Filling up the DagBag from /home/airflow/.local/lib/python3.7/site-packages/airflow/example_dags/example_external_task_marker_dag.py
[2024-09-24T04:19:36.735+0000] {processor.py:766} INFO - DAG(s) dict_keys(['example_external_task_marker_child', 'example_external_task_marker_parent']) retrieved from /home/airflow/.local/lib/python3.7/site-packages/airflow/example_dags/example_external_task_marker_dag.py
[2024-09-24T04:19:37.493+0000] {logging_mixin.py:120} INFO - [2024-09-24T04:19:37.493+0000] {dag.py:2585} INFO - Sync 2 DAGs
[2024-09-24T04:19:37.562+0000] {logging_mixin.py:120} INFO - [2024-09-24T04:19:37.561+0000] {dag.py:3340} INFO - Setting next_dagrun for example_external_task_marker_child to None, run_after=None
[2024-09-24T04:19:37.571+0000] {logging_mixin.py:120} INFO - [2024-09-24T04:19:37.570+0000] {dag.py:3340} INFO - Setting next_dagrun for example_external_task_marker_parent to None, run_after=None
[2024-09-24T04:19:37.617+0000] {processor.py:176} INFO - Processing /home/airflow/.local/lib/python3.7/site-packages/airflow/example_dags/example_external_task_marker_dag.py took 1.034 seconds
[2024-09-24T04:20:08.483+0000] {processor.py:154} INFO - Started process (PID=14106) to work on /home/airflow/.local/lib/python3.7/site-packages/airflow/example_dags/example_external_task_marker_dag.py
[2024-09-24T04:20:08.485+0000] {processor.py:756} INFO - Processing file /home/airflow/.local/lib/python3.7/site-packages/airflow/example_dags/example_external_task_marker_dag.py for tasks to queue
[2024-09-24T04:20:08.486+0000] {logging_mixin.py:120} INFO - [2024-09-24T04:20:08.486+0000] {dagbag.py:537} INFO - Filling up the DagBag from /home/airflow/.local/lib/python3.7/site-packages/airflow/example_dags/example_external_task_marker_dag.py
[2024-09-24T04:20:08.505+0000] {processor.py:766} INFO - DAG(s) dict_keys(['example_external_task_marker_parent', 'example_external_task_marker_child']) retrieved from /home/airflow/.local/lib/python3.7/site-packages/airflow/example_dags/example_external_task_marker_dag.py
[2024-09-24T04:20:08.781+0000] {logging_mixin.py:120} INFO - [2024-09-24T04:20:08.781+0000] {dag.py:2585} INFO - Sync 2 DAGs
[2024-09-24T04:20:08.819+0000] {logging_mixin.py:120} INFO - [2024-09-24T04:20:08.818+0000] {dag.py:3340} INFO - Setting next_dagrun for example_external_task_marker_child to None, run_after=None
[2024-09-24T04:20:08.828+0000] {logging_mixin.py:120} INFO - [2024-09-24T04:20:08.828+0000] {dag.py:3340} INFO - Setting next_dagrun for example_external_task_marker_parent to None, run_after=None
[2024-09-24T04:20:08.852+0000] {processor.py:176} INFO - Processing /home/airflow/.local/lib/python3.7/site-packages/airflow/example_dags/example_external_task_marker_dag.py took 0.375 seconds
[2024-09-24T04:20:38.899+0000] {processor.py:154} INFO - Started process (PID=14169) to work on /home/airflow/.local/lib/python3.7/site-packages/airflow/example_dags/example_external_task_marker_dag.py
[2024-09-24T04:20:38.900+0000] {processor.py:756} INFO - Processing file /home/airflow/.local/lib/python3.7/site-packages/airflow/example_dags/example_external_task_marker_dag.py for tasks to queue
[2024-09-24T04:20:38.902+0000] {logging_mixin.py:120} INFO - [2024-09-24T04:20:38.902+0000] {dagbag.py:537} INFO - Filling up the DagBag from /home/airflow/.local/lib/python3.7/site-packages/airflow/example_dags/example_external_task_marker_dag.py
[2024-09-24T04:20:38.927+0000] {processor.py:766} INFO - DAG(s) dict_keys(['example_external_task_marker_parent', 'example_external_task_marker_child']) retrieved from /home/airflow/.local/lib/python3.7/site-packages/airflow/example_dags/example_external_task_marker_dag.py
[2024-09-24T04:20:39.215+0000] {logging_mixin.py:120} INFO - [2024-09-24T04:20:39.215+0000] {dag.py:2585} INFO - Sync 2 DAGs
[2024-09-24T04:20:39.246+0000] {logging_mixin.py:120} INFO - [2024-09-24T04:20:39.245+0000] {dag.py:3340} INFO - Setting next_dagrun for example_external_task_marker_child to None, run_after=None
[2024-09-24T04:20:39.250+0000] {logging_mixin.py:120} INFO - [2024-09-24T04:20:39.250+0000] {dag.py:3340} INFO - Setting next_dagrun for example_external_task_marker_parent to None, run_after=None
[2024-09-24T04:20:39.273+0000] {processor.py:176} INFO - Processing /home/airflow/.local/lib/python3.7/site-packages/airflow/example_dags/example_external_task_marker_dag.py took 0.378 seconds
[2024-09-24T04:21:09.436+0000] {processor.py:154} INFO - Started process (PID=14222) to work on /home/airflow/.local/lib/python3.7/site-packages/airflow/example_dags/example_external_task_marker_dag.py
[2024-09-24T04:21:09.439+0000] {processor.py:756} INFO - Processing file /home/airflow/.local/lib/python3.7/site-packages/airflow/example_dags/example_external_task_marker_dag.py for tasks to queue
[2024-09-24T04:21:09.440+0000] {logging_mixin.py:120} INFO - [2024-09-24T04:21:09.440+0000] {dagbag.py:537} INFO - Filling up the DagBag from /home/airflow/.local/lib/python3.7/site-packages/airflow/example_dags/example_external_task_marker_dag.py
[2024-09-24T04:21:09.457+0000] {processor.py:766} INFO - DAG(s) dict_keys(['example_external_task_marker_child', 'example_external_task_marker_parent']) retrieved from /home/airflow/.local/lib/python3.7/site-packages/airflow/example_dags/example_external_task_marker_dag.py
[2024-09-24T04:21:09.700+0000] {logging_mixin.py:120} INFO - [2024-09-24T04:21:09.700+0000] {dag.py:2585} INFO - Sync 2 DAGs
[2024-09-24T04:21:09.748+0000] {logging_mixin.py:120} INFO - [2024-09-24T04:21:09.747+0000] {dag.py:3340} INFO - Setting next_dagrun for example_external_task_marker_child to None, run_after=None
[2024-09-24T04:21:09.755+0000] {logging_mixin.py:120} INFO - [2024-09-24T04:21:09.754+0000] {dag.py:3340} INFO - Setting next_dagrun for example_external_task_marker_parent to None, run_after=None
[2024-09-24T04:21:09.784+0000] {processor.py:176} INFO - Processing /home/airflow/.local/lib/python3.7/site-packages/airflow/example_dags/example_external_task_marker_dag.py took 0.356 seconds
[2024-09-24T04:21:39.879+0000] {processor.py:154} INFO - Started process (PID=14285) to work on /home/airflow/.local/lib/python3.7/site-packages/airflow/example_dags/example_external_task_marker_dag.py
[2024-09-24T04:21:39.881+0000] {processor.py:756} INFO - Processing file /home/airflow/.local/lib/python3.7/site-packages/airflow/example_dags/example_external_task_marker_dag.py for tasks to queue
[2024-09-24T04:21:39.883+0000] {logging_mixin.py:120} INFO - [2024-09-24T04:21:39.883+0000] {dagbag.py:537} INFO - Filling up the DagBag from /home/airflow/.local/lib/python3.7/site-packages/airflow/example_dags/example_external_task_marker_dag.py
[2024-09-24T04:21:39.904+0000] {processor.py:766} INFO - DAG(s) dict_keys(['example_external_task_marker_parent', 'example_external_task_marker_child']) retrieved from /home/airflow/.local/lib/python3.7/site-packages/airflow/example_dags/example_external_task_marker_dag.py
[2024-09-24T04:21:40.157+0000] {logging_mixin.py:120} INFO - [2024-09-24T04:21:40.157+0000] {dag.py:2585} INFO - Sync 2 DAGs
[2024-09-24T04:21:40.185+0000] {logging_mixin.py:120} INFO - [2024-09-24T04:21:40.185+0000] {dag.py:3340} INFO - Setting next_dagrun for example_external_task_marker_child to None, run_after=None
[2024-09-24T04:21:40.190+0000] {logging_mixin.py:120} INFO - [2024-09-24T04:21:40.189+0000] {dag.py:3340} INFO - Setting next_dagrun for example_external_task_marker_parent to None, run_after=None
[2024-09-24T04:21:40.210+0000] {processor.py:176} INFO - Processing /home/airflow/.local/lib/python3.7/site-packages/airflow/example_dags/example_external_task_marker_dag.py took 0.336 seconds
[2024-09-24T04:22:10.331+0000] {processor.py:154} INFO - Started process (PID=14350) to work on /home/airflow/.local/lib/python3.7/site-packages/airflow/example_dags/example_external_task_marker_dag.py
[2024-09-24T04:22:10.332+0000] {processor.py:756} INFO - Processing file /home/airflow/.local/lib/python3.7/site-packages/airflow/example_dags/example_external_task_marker_dag.py for tasks to queue
[2024-09-24T04:22:10.334+0000] {logging_mixin.py:120} INFO - [2024-09-24T04:22:10.334+0000] {dagbag.py:537} INFO - Filling up the DagBag from /home/airflow/.local/lib/python3.7/site-packages/airflow/example_dags/example_external_task_marker_dag.py
[2024-09-24T04:22:10.356+0000] {processor.py:766} INFO - DAG(s) dict_keys(['example_external_task_marker_parent', 'example_external_task_marker_child']) retrieved from /home/airflow/.local/lib/python3.7/site-packages/airflow/example_dags/example_external_task_marker_dag.py
[2024-09-24T04:22:10.630+0000] {logging_mixin.py:120} INFO - [2024-09-24T04:22:10.630+0000] {dag.py:2585} INFO - Sync 2 DAGs
[2024-09-24T04:22:10.661+0000] {logging_mixin.py:120} INFO - [2024-09-24T04:22:10.661+0000] {dag.py:3340} INFO - Setting next_dagrun for example_external_task_marker_child to None, run_after=None
[2024-09-24T04:22:10.666+0000] {logging_mixin.py:120} INFO - [2024-09-24T04:22:10.666+0000] {dag.py:3340} INFO - Setting next_dagrun for example_external_task_marker_parent to None, run_after=None
[2024-09-24T04:22:10.692+0000] {processor.py:176} INFO - Processing /home/airflow/.local/lib/python3.7/site-packages/airflow/example_dags/example_external_task_marker_dag.py took 0.366 seconds
[2024-09-24T04:22:40.743+0000] {processor.py:154} INFO - Started process (PID=14405) to work on /home/airflow/.local/lib/python3.7/site-packages/airflow/example_dags/example_external_task_marker_dag.py
[2024-09-24T04:22:40.755+0000] {processor.py:756} INFO - Processing file /home/airflow/.local/lib/python3.7/site-packages/airflow/example_dags/example_external_task_marker_dag.py for tasks to queue
[2024-09-24T04:22:40.757+0000] {logging_mixin.py:120} INFO - [2024-09-24T04:22:40.756+0000] {dagbag.py:537} INFO - Filling up the DagBag from /home/airflow/.local/lib/python3.7/site-packages/airflow/example_dags/example_external_task_marker_dag.py
[2024-09-24T04:22:40.824+0000] {processor.py:766} INFO - DAG(s) dict_keys(['example_external_task_marker_child', 'example_external_task_marker_parent']) retrieved from /home/airflow/.local/lib/python3.7/site-packages/airflow/example_dags/example_external_task_marker_dag.py
[2024-09-24T04:22:41.082+0000] {logging_mixin.py:120} INFO - [2024-09-24T04:22:41.082+0000] {dag.py:2585} INFO - Sync 2 DAGs
[2024-09-24T04:22:41.112+0000] {logging_mixin.py:120} INFO - [2024-09-24T04:22:41.112+0000] {dag.py:3340} INFO - Setting next_dagrun for example_external_task_marker_child to None, run_after=None
[2024-09-24T04:22:41.117+0000] {logging_mixin.py:120} INFO - [2024-09-24T04:22:41.117+0000] {dag.py:3340} INFO - Setting next_dagrun for example_external_task_marker_parent to None, run_after=None
[2024-09-24T04:22:41.140+0000] {processor.py:176} INFO - Processing /home/airflow/.local/lib/python3.7/site-packages/airflow/example_dags/example_external_task_marker_dag.py took 0.404 seconds
[2024-09-24T04:23:11.201+0000] {processor.py:154} INFO - Started process (PID=14469) to work on /home/airflow/.local/lib/python3.7/site-packages/airflow/example_dags/example_external_task_marker_dag.py
[2024-09-24T04:23:11.202+0000] {processor.py:756} INFO - Processing file /home/airflow/.local/lib/python3.7/site-packages/airflow/example_dags/example_external_task_marker_dag.py for tasks to queue
[2024-09-24T04:23:11.203+0000] {logging_mixin.py:120} INFO - [2024-09-24T04:23:11.203+0000] {dagbag.py:537} INFO - Filling up the DagBag from /home/airflow/.local/lib/python3.7/site-packages/airflow/example_dags/example_external_task_marker_dag.py
[2024-09-24T04:23:11.219+0000] {processor.py:766} INFO - DAG(s) dict_keys(['example_external_task_marker_child', 'example_external_task_marker_parent']) retrieved from /home/airflow/.local/lib/python3.7/site-packages/airflow/example_dags/example_external_task_marker_dag.py
[2024-09-24T04:23:11.453+0000] {logging_mixin.py:120} INFO - [2024-09-24T04:23:11.452+0000] {dag.py:2585} INFO - Sync 2 DAGs
[2024-09-24T04:23:11.480+0000] {logging_mixin.py:120} INFO - [2024-09-24T04:23:11.480+0000] {dag.py:3340} INFO - Setting next_dagrun for example_external_task_marker_child to None, run_after=None
[2024-09-24T04:23:11.486+0000] {logging_mixin.py:120} INFO - [2024-09-24T04:23:11.486+0000] {dag.py:3340} INFO - Setting next_dagrun for example_external_task_marker_parent to None, run_after=None
[2024-09-24T04:23:11.510+0000] {processor.py:176} INFO - Processing /home/airflow/.local/lib/python3.7/site-packages/airflow/example_dags/example_external_task_marker_dag.py took 0.313 seconds
[2024-09-24T04:23:41.655+0000] {processor.py:154} INFO - Started process (PID=14534) to work on /home/airflow/.local/lib/python3.7/site-packages/airflow/example_dags/example_external_task_marker_dag.py
[2024-09-24T04:23:41.656+0000] {processor.py:756} INFO - Processing file /home/airflow/.local/lib/python3.7/site-packages/airflow/example_dags/example_external_task_marker_dag.py for tasks to queue
[2024-09-24T04:23:41.657+0000] {logging_mixin.py:120} INFO - [2024-09-24T04:23:41.657+0000] {dagbag.py:537} INFO - Filling up the DagBag from /home/airflow/.local/lib/python3.7/site-packages/airflow/example_dags/example_external_task_marker_dag.py
[2024-09-24T04:23:41.674+0000] {processor.py:766} INFO - DAG(s) dict_keys(['example_external_task_marker_parent', 'example_external_task_marker_child']) retrieved from /home/airflow/.local/lib/python3.7/site-packages/airflow/example_dags/example_external_task_marker_dag.py
[2024-09-24T04:23:41.893+0000] {logging_mixin.py:120} INFO - [2024-09-24T04:23:41.892+0000] {dag.py:2585} INFO - Sync 2 DAGs
[2024-09-24T04:23:41.918+0000] {logging_mixin.py:120} INFO - [2024-09-24T04:23:41.918+0000] {dag.py:3340} INFO - Setting next_dagrun for example_external_task_marker_child to None, run_after=None
[2024-09-24T04:23:41.921+0000] {logging_mixin.py:120} INFO - [2024-09-24T04:23:41.921+0000] {dag.py:3340} INFO - Setting next_dagrun for example_external_task_marker_parent to None, run_after=None
[2024-09-24T04:23:41.939+0000] {processor.py:176} INFO - Processing /home/airflow/.local/lib/python3.7/site-packages/airflow/example_dags/example_external_task_marker_dag.py took 0.288 seconds
[2024-09-24T04:24:12.691+0000] {processor.py:154} INFO - Started process (PID=14596) to work on /home/airflow/.local/lib/python3.7/site-packages/airflow/example_dags/example_external_task_marker_dag.py
[2024-09-24T04:24:12.692+0000] {processor.py:756} INFO - Processing file /home/airflow/.local/lib/python3.7/site-packages/airflow/example_dags/example_external_task_marker_dag.py for tasks to queue
[2024-09-24T04:24:12.693+0000] {logging_mixin.py:120} INFO - [2024-09-24T04:24:12.693+0000] {dagbag.py:537} INFO - Filling up the DagBag from /home/airflow/.local/lib/python3.7/site-packages/airflow/example_dags/example_external_task_marker_dag.py
[2024-09-24T04:24:12.714+0000] {processor.py:766} INFO - DAG(s) dict_keys(['example_external_task_marker_parent', 'example_external_task_marker_child']) retrieved from /home/airflow/.local/lib/python3.7/site-packages/airflow/example_dags/example_external_task_marker_dag.py
[2024-09-24T04:24:12.991+0000] {logging_mixin.py:120} INFO - [2024-09-24T04:24:12.990+0000] {dag.py:2585} INFO - Sync 2 DAGs
[2024-09-24T04:24:13.020+0000] {logging_mixin.py:120} INFO - [2024-09-24T04:24:13.020+0000] {dag.py:3340} INFO - Setting next_dagrun for example_external_task_marker_child to None, run_after=None
[2024-09-24T04:24:13.024+0000] {logging_mixin.py:120} INFO - [2024-09-24T04:24:13.024+0000] {dag.py:3340} INFO - Setting next_dagrun for example_external_task_marker_parent to None, run_after=None
[2024-09-24T04:24:13.045+0000] {processor.py:176} INFO - Processing /home/airflow/.local/lib/python3.7/site-packages/airflow/example_dags/example_external_task_marker_dag.py took 0.359 seconds
[2024-09-24T04:24:43.716+0000] {processor.py:154} INFO - Started process (PID=14650) to work on /home/airflow/.local/lib/python3.7/site-packages/airflow/example_dags/example_external_task_marker_dag.py
[2024-09-24T04:24:43.718+0000] {processor.py:756} INFO - Processing file /home/airflow/.local/lib/python3.7/site-packages/airflow/example_dags/example_external_task_marker_dag.py for tasks to queue
[2024-09-24T04:24:43.719+0000] {logging_mixin.py:120} INFO - [2024-09-24T04:24:43.719+0000] {dagbag.py:537} INFO - Filling up the DagBag from /home/airflow/.local/lib/python3.7/site-packages/airflow/example_dags/example_external_task_marker_dag.py
[2024-09-24T04:24:43.741+0000] {processor.py:766} INFO - DAG(s) dict_keys(['example_external_task_marker_parent', 'example_external_task_marker_child']) retrieved from /home/airflow/.local/lib/python3.7/site-packages/airflow/example_dags/example_external_task_marker_dag.py
[2024-09-24T04:24:44.105+0000] {logging_mixin.py:120} INFO - [2024-09-24T04:24:44.104+0000] {dag.py:2585} INFO - Sync 2 DAGs
[2024-09-24T04:24:44.151+0000] {logging_mixin.py:120} INFO - [2024-09-24T04:24:44.151+0000] {dag.py:3340} INFO - Setting next_dagrun for example_external_task_marker_child to None, run_after=None
[2024-09-24T04:24:44.158+0000] {logging_mixin.py:120} INFO - [2024-09-24T04:24:44.158+0000] {dag.py:3340} INFO - Setting next_dagrun for example_external_task_marker_parent to None, run_after=None
[2024-09-24T04:24:44.208+0000] {processor.py:176} INFO - Processing /home/airflow/.local/lib/python3.7/site-packages/airflow/example_dags/example_external_task_marker_dag.py took 0.498 seconds
[2024-09-24T04:25:14.364+0000] {processor.py:154} INFO - Started process (PID=14715) to work on /home/airflow/.local/lib/python3.7/site-packages/airflow/example_dags/example_external_task_marker_dag.py
[2024-09-24T04:25:14.365+0000] {processor.py:756} INFO - Processing file /home/airflow/.local/lib/python3.7/site-packages/airflow/example_dags/example_external_task_marker_dag.py for tasks to queue
[2024-09-24T04:25:14.366+0000] {logging_mixin.py:120} INFO - [2024-09-24T04:25:14.366+0000] {dagbag.py:537} INFO - Filling up the DagBag from /home/airflow/.local/lib/python3.7/site-packages/airflow/example_dags/example_external_task_marker_dag.py
[2024-09-24T04:25:14.385+0000] {processor.py:766} INFO - DAG(s) dict_keys(['example_external_task_marker_parent', 'example_external_task_marker_child']) retrieved from /home/airflow/.local/lib/python3.7/site-packages/airflow/example_dags/example_external_task_marker_dag.py
[2024-09-24T04:25:14.678+0000] {logging_mixin.py:120} INFO - [2024-09-24T04:25:14.678+0000] {dag.py:2585} INFO - Sync 2 DAGs
[2024-09-24T04:25:14.715+0000] {logging_mixin.py:120} INFO - [2024-09-24T04:25:14.714+0000] {dag.py:3340} INFO - Setting next_dagrun for example_external_task_marker_child to None, run_after=None
[2024-09-24T04:25:14.721+0000] {logging_mixin.py:120} INFO - [2024-09-24T04:25:14.720+0000] {dag.py:3340} INFO - Setting next_dagrun for example_external_task_marker_parent to None, run_after=None
[2024-09-24T04:25:14.745+0000] {processor.py:176} INFO - Processing /home/airflow/.local/lib/python3.7/site-packages/airflow/example_dags/example_external_task_marker_dag.py took 0.386 seconds
[2024-09-24T04:25:44.824+0000] {processor.py:154} INFO - Started process (PID=14778) to work on /home/airflow/.local/lib/python3.7/site-packages/airflow/example_dags/example_external_task_marker_dag.py
[2024-09-24T04:25:44.825+0000] {processor.py:756} INFO - Processing file /home/airflow/.local/lib/python3.7/site-packages/airflow/example_dags/example_external_task_marker_dag.py for tasks to queue
[2024-09-24T04:25:44.826+0000] {logging_mixin.py:120} INFO - [2024-09-24T04:25:44.826+0000] {dagbag.py:537} INFO - Filling up the DagBag from /home/airflow/.local/lib/python3.7/site-packages/airflow/example_dags/example_external_task_marker_dag.py
[2024-09-24T04:25:44.847+0000] {processor.py:766} INFO - DAG(s) dict_keys(['example_external_task_marker_parent', 'example_external_task_marker_child']) retrieved from /home/airflow/.local/lib/python3.7/site-packages/airflow/example_dags/example_external_task_marker_dag.py
[2024-09-24T04:25:45.131+0000] {logging_mixin.py:120} INFO - [2024-09-24T04:25:45.130+0000] {dag.py:2585} INFO - Sync 2 DAGs
[2024-09-24T04:25:45.166+0000] {logging_mixin.py:120} INFO - [2024-09-24T04:25:45.166+0000] {dag.py:3340} INFO - Setting next_dagrun for example_external_task_marker_child to None, run_after=None
[2024-09-24T04:25:45.170+0000] {logging_mixin.py:120} INFO - [2024-09-24T04:25:45.170+0000] {dag.py:3340} INFO - Setting next_dagrun for example_external_task_marker_parent to None, run_after=None
[2024-09-24T04:25:45.192+0000] {processor.py:176} INFO - Processing /home/airflow/.local/lib/python3.7/site-packages/airflow/example_dags/example_external_task_marker_dag.py took 0.374 seconds
[2024-09-24T04:26:15.250+0000] {processor.py:154} INFO - Started process (PID=14826) to work on /home/airflow/.local/lib/python3.7/site-packages/airflow/example_dags/example_external_task_marker_dag.py
[2024-09-24T04:26:15.251+0000] {processor.py:756} INFO - Processing file /home/airflow/.local/lib/python3.7/site-packages/airflow/example_dags/example_external_task_marker_dag.py for tasks to queue
[2024-09-24T04:26:15.252+0000] {logging_mixin.py:120} INFO - [2024-09-24T04:26:15.252+0000] {dagbag.py:537} INFO - Filling up the DagBag from /home/airflow/.local/lib/python3.7/site-packages/airflow/example_dags/example_external_task_marker_dag.py
[2024-09-24T04:26:15.269+0000] {processor.py:766} INFO - DAG(s) dict_keys(['example_external_task_marker_child', 'example_external_task_marker_parent']) retrieved from /home/airflow/.local/lib/python3.7/site-packages/airflow/example_dags/example_external_task_marker_dag.py
[2024-09-24T04:26:15.497+0000] {logging_mixin.py:120} INFO - [2024-09-24T04:26:15.497+0000] {dag.py:2585} INFO - Sync 2 DAGs
[2024-09-24T04:26:15.526+0000] {logging_mixin.py:120} INFO - [2024-09-24T04:26:15.526+0000] {dag.py:3340} INFO - Setting next_dagrun for example_external_task_marker_child to None, run_after=None
[2024-09-24T04:26:15.531+0000] {logging_mixin.py:120} INFO - [2024-09-24T04:26:15.531+0000] {dag.py:3340} INFO - Setting next_dagrun for example_external_task_marker_parent to None, run_after=None
[2024-09-24T04:26:15.552+0000] {processor.py:176} INFO - Processing /home/airflow/.local/lib/python3.7/site-packages/airflow/example_dags/example_external_task_marker_dag.py took 0.306 seconds
[2024-09-24T04:26:45.953+0000] {processor.py:154} INFO - Started process (PID=14889) to work on /home/airflow/.local/lib/python3.7/site-packages/airflow/example_dags/example_external_task_marker_dag.py
[2024-09-24T04:26:45.954+0000] {processor.py:756} INFO - Processing file /home/airflow/.local/lib/python3.7/site-packages/airflow/example_dags/example_external_task_marker_dag.py for tasks to queue
[2024-09-24T04:26:45.956+0000] {logging_mixin.py:120} INFO - [2024-09-24T04:26:45.955+0000] {dagbag.py:537} INFO - Filling up the DagBag from /home/airflow/.local/lib/python3.7/site-packages/airflow/example_dags/example_external_task_marker_dag.py
[2024-09-24T04:26:45.977+0000] {processor.py:766} INFO - DAG(s) dict_keys(['example_external_task_marker_child', 'example_external_task_marker_parent']) retrieved from /home/airflow/.local/lib/python3.7/site-packages/airflow/example_dags/example_external_task_marker_dag.py
[2024-09-24T04:26:46.241+0000] {logging_mixin.py:120} INFO - [2024-09-24T04:26:46.240+0000] {dag.py:2585} INFO - Sync 2 DAGs
[2024-09-24T04:26:46.272+0000] {logging_mixin.py:120} INFO - [2024-09-24T04:26:46.272+0000] {dag.py:3340} INFO - Setting next_dagrun for example_external_task_marker_child to None, run_after=None
[2024-09-24T04:26:46.277+0000] {logging_mixin.py:120} INFO - [2024-09-24T04:26:46.276+0000] {dag.py:3340} INFO - Setting next_dagrun for example_external_task_marker_parent to None, run_after=None
[2024-09-24T04:26:46.305+0000] {processor.py:176} INFO - Processing /home/airflow/.local/lib/python3.7/site-packages/airflow/example_dags/example_external_task_marker_dag.py took 0.357 seconds
[2024-09-24T04:27:16.523+0000] {processor.py:154} INFO - Started process (PID=14950) to work on /home/airflow/.local/lib/python3.7/site-packages/airflow/example_dags/example_external_task_marker_dag.py
[2024-09-24T04:27:16.525+0000] {processor.py:756} INFO - Processing file /home/airflow/.local/lib/python3.7/site-packages/airflow/example_dags/example_external_task_marker_dag.py for tasks to queue
[2024-09-24T04:27:16.528+0000] {logging_mixin.py:120} INFO - [2024-09-24T04:27:16.528+0000] {dagbag.py:537} INFO - Filling up the DagBag from /home/airflow/.local/lib/python3.7/site-packages/airflow/example_dags/example_external_task_marker_dag.py
[2024-09-24T04:27:16.554+0000] {processor.py:766} INFO - DAG(s) dict_keys(['example_external_task_marker_child', 'example_external_task_marker_parent']) retrieved from /home/airflow/.local/lib/python3.7/site-packages/airflow/example_dags/example_external_task_marker_dag.py
[2024-09-24T04:27:16.822+0000] {logging_mixin.py:120} INFO - [2024-09-24T04:27:16.822+0000] {dag.py:2585} INFO - Sync 2 DAGs
[2024-09-24T04:27:16.851+0000] {logging_mixin.py:120} INFO - [2024-09-24T04:27:16.851+0000] {dag.py:3340} INFO - Setting next_dagrun for example_external_task_marker_child to None, run_after=None
[2024-09-24T04:27:16.855+0000] {logging_mixin.py:120} INFO - [2024-09-24T04:27:16.855+0000] {dag.py:3340} INFO - Setting next_dagrun for example_external_task_marker_parent to None, run_after=None
[2024-09-24T04:27:16.877+0000] {processor.py:176} INFO - Processing /home/airflow/.local/lib/python3.7/site-packages/airflow/example_dags/example_external_task_marker_dag.py took 0.361 seconds
[2024-09-24T04:27:46.978+0000] {processor.py:154} INFO - Started process (PID=15005) to work on /home/airflow/.local/lib/python3.7/site-packages/airflow/example_dags/example_external_task_marker_dag.py
[2024-09-24T04:27:46.979+0000] {processor.py:756} INFO - Processing file /home/airflow/.local/lib/python3.7/site-packages/airflow/example_dags/example_external_task_marker_dag.py for tasks to queue
[2024-09-24T04:27:46.980+0000] {logging_mixin.py:120} INFO - [2024-09-24T04:27:46.980+0000] {dagbag.py:537} INFO - Filling up the DagBag from /home/airflow/.local/lib/python3.7/site-packages/airflow/example_dags/example_external_task_marker_dag.py
[2024-09-24T04:27:46.998+0000] {processor.py:766} INFO - DAG(s) dict_keys(['example_external_task_marker_child', 'example_external_task_marker_parent']) retrieved from /home/airflow/.local/lib/python3.7/site-packages/airflow/example_dags/example_external_task_marker_dag.py
[2024-09-24T04:27:47.240+0000] {logging_mixin.py:120} INFO - [2024-09-24T04:27:47.240+0000] {dag.py:2585} INFO - Sync 2 DAGs
[2024-09-24T04:27:47.272+0000] {logging_mixin.py:120} INFO - [2024-09-24T04:27:47.272+0000] {dag.py:3340} INFO - Setting next_dagrun for example_external_task_marker_child to None, run_after=None
[2024-09-24T04:27:47.276+0000] {logging_mixin.py:120} INFO - [2024-09-24T04:27:47.276+0000] {dag.py:3340} INFO - Setting next_dagrun for example_external_task_marker_parent to None, run_after=None
[2024-09-24T04:27:47.295+0000] {processor.py:176} INFO - Processing /home/airflow/.local/lib/python3.7/site-packages/airflow/example_dags/example_external_task_marker_dag.py took 0.322 seconds
[2024-09-24T04:28:17.424+0000] {processor.py:154} INFO - Started process (PID=15069) to work on /home/airflow/.local/lib/python3.7/site-packages/airflow/example_dags/example_external_task_marker_dag.py
[2024-09-24T04:28:17.425+0000] {processor.py:756} INFO - Processing file /home/airflow/.local/lib/python3.7/site-packages/airflow/example_dags/example_external_task_marker_dag.py for tasks to queue
[2024-09-24T04:28:17.426+0000] {logging_mixin.py:120} INFO - [2024-09-24T04:28:17.426+0000] {dagbag.py:537} INFO - Filling up the DagBag from /home/airflow/.local/lib/python3.7/site-packages/airflow/example_dags/example_external_task_marker_dag.py
[2024-09-24T04:28:17.444+0000] {processor.py:766} INFO - DAG(s) dict_keys(['example_external_task_marker_child', 'example_external_task_marker_parent']) retrieved from /home/airflow/.local/lib/python3.7/site-packages/airflow/example_dags/example_external_task_marker_dag.py
[2024-09-24T04:28:17.696+0000] {logging_mixin.py:120} INFO - [2024-09-24T04:28:17.696+0000] {dag.py:2585} INFO - Sync 2 DAGs
[2024-09-24T04:28:17.728+0000] {logging_mixin.py:120} INFO - [2024-09-24T04:28:17.728+0000] {dag.py:3340} INFO - Setting next_dagrun for example_external_task_marker_child to None, run_after=None
[2024-09-24T04:28:17.732+0000] {logging_mixin.py:120} INFO - [2024-09-24T04:28:17.732+0000] {dag.py:3340} INFO - Setting next_dagrun for example_external_task_marker_parent to None, run_after=None
[2024-09-24T04:28:17.754+0000] {processor.py:176} INFO - Processing /home/airflow/.local/lib/python3.7/site-packages/airflow/example_dags/example_external_task_marker_dag.py took 0.335 seconds
[2024-09-24T04:28:47.789+0000] {processor.py:154} INFO - Started process (PID=15131) to work on /home/airflow/.local/lib/python3.7/site-packages/airflow/example_dags/example_external_task_marker_dag.py
[2024-09-24T04:28:47.791+0000] {processor.py:756} INFO - Processing file /home/airflow/.local/lib/python3.7/site-packages/airflow/example_dags/example_external_task_marker_dag.py for tasks to queue
[2024-09-24T04:28:47.792+0000] {logging_mixin.py:120} INFO - [2024-09-24T04:28:47.792+0000] {dagbag.py:537} INFO - Filling up the DagBag from /home/airflow/.local/lib/python3.7/site-packages/airflow/example_dags/example_external_task_marker_dag.py
[2024-09-24T04:28:47.819+0000] {processor.py:766} INFO - DAG(s) dict_keys(['example_external_task_marker_child', 'example_external_task_marker_parent']) retrieved from /home/airflow/.local/lib/python3.7/site-packages/airflow/example_dags/example_external_task_marker_dag.py
[2024-09-24T04:28:48.084+0000] {logging_mixin.py:120} INFO - [2024-09-24T04:28:48.084+0000] {dag.py:2585} INFO - Sync 2 DAGs
[2024-09-24T04:28:48.114+0000] {logging_mixin.py:120} INFO - [2024-09-24T04:28:48.114+0000] {dag.py:3340} INFO - Setting next_dagrun for example_external_task_marker_child to None, run_after=None
[2024-09-24T04:28:48.118+0000] {logging_mixin.py:120} INFO - [2024-09-24T04:28:48.118+0000] {dag.py:3340} INFO - Setting next_dagrun for example_external_task_marker_parent to None, run_after=None
[2024-09-24T04:28:48.141+0000] {processor.py:176} INFO - Processing /home/airflow/.local/lib/python3.7/site-packages/airflow/example_dags/example_external_task_marker_dag.py took 0.356 seconds
[2024-09-24T04:29:18.542+0000] {processor.py:154} INFO - Started process (PID=15185) to work on /home/airflow/.local/lib/python3.7/site-packages/airflow/example_dags/example_external_task_marker_dag.py
[2024-09-24T04:29:18.543+0000] {processor.py:756} INFO - Processing file /home/airflow/.local/lib/python3.7/site-packages/airflow/example_dags/example_external_task_marker_dag.py for tasks to queue
[2024-09-24T04:29:18.544+0000] {logging_mixin.py:120} INFO - [2024-09-24T04:29:18.544+0000] {dagbag.py:537} INFO - Filling up the DagBag from /home/airflow/.local/lib/python3.7/site-packages/airflow/example_dags/example_external_task_marker_dag.py
[2024-09-24T04:29:18.568+0000] {processor.py:766} INFO - DAG(s) dict_keys(['example_external_task_marker_parent', 'example_external_task_marker_child']) retrieved from /home/airflow/.local/lib/python3.7/site-packages/airflow/example_dags/example_external_task_marker_dag.py
[2024-09-24T04:29:18.849+0000] {logging_mixin.py:120} INFO - [2024-09-24T04:29:18.848+0000] {dag.py:2585} INFO - Sync 2 DAGs
[2024-09-24T04:29:18.886+0000] {logging_mixin.py:120} INFO - [2024-09-24T04:29:18.886+0000] {dag.py:3340} INFO - Setting next_dagrun for example_external_task_marker_child to None, run_after=None
[2024-09-24T04:29:18.892+0000] {logging_mixin.py:120} INFO - [2024-09-24T04:29:18.892+0000] {dag.py:3340} INFO - Setting next_dagrun for example_external_task_marker_parent to None, run_after=None
[2024-09-24T04:29:18.922+0000] {processor.py:176} INFO - Processing /home/airflow/.local/lib/python3.7/site-packages/airflow/example_dags/example_external_task_marker_dag.py took 0.385 seconds
[2024-09-24T04:29:49.241+0000] {processor.py:154} INFO - Started process (PID=15243) to work on /home/airflow/.local/lib/python3.7/site-packages/airflow/example_dags/example_external_task_marker_dag.py
[2024-09-24T04:29:49.244+0000] {processor.py:756} INFO - Processing file /home/airflow/.local/lib/python3.7/site-packages/airflow/example_dags/example_external_task_marker_dag.py for tasks to queue
[2024-09-24T04:29:49.245+0000] {logging_mixin.py:120} INFO - [2024-09-24T04:29:49.245+0000] {dagbag.py:537} INFO - Filling up the DagBag from /home/airflow/.local/lib/python3.7/site-packages/airflow/example_dags/example_external_task_marker_dag.py
[2024-09-24T04:29:49.266+0000] {processor.py:766} INFO - DAG(s) dict_keys(['example_external_task_marker_parent', 'example_external_task_marker_child']) retrieved from /home/airflow/.local/lib/python3.7/site-packages/airflow/example_dags/example_external_task_marker_dag.py
[2024-09-24T04:29:49.501+0000] {logging_mixin.py:120} INFO - [2024-09-24T04:29:49.501+0000] {dag.py:2585} INFO - Sync 2 DAGs
[2024-09-24T04:29:49.527+0000] {logging_mixin.py:120} INFO - [2024-09-24T04:29:49.527+0000] {dag.py:3340} INFO - Setting next_dagrun for example_external_task_marker_child to None, run_after=None
[2024-09-24T04:29:49.531+0000] {logging_mixin.py:120} INFO - [2024-09-24T04:29:49.531+0000] {dag.py:3340} INFO - Setting next_dagrun for example_external_task_marker_parent to None, run_after=None
[2024-09-24T04:29:49.551+0000] {processor.py:176} INFO - Processing /home/airflow/.local/lib/python3.7/site-packages/airflow/example_dags/example_external_task_marker_dag.py took 0.314 seconds
[2024-09-24T04:30:19.643+0000] {processor.py:154} INFO - Started process (PID=15307) to work on /home/airflow/.local/lib/python3.7/site-packages/airflow/example_dags/example_external_task_marker_dag.py
[2024-09-24T04:30:19.644+0000] {processor.py:756} INFO - Processing file /home/airflow/.local/lib/python3.7/site-packages/airflow/example_dags/example_external_task_marker_dag.py for tasks to queue
[2024-09-24T04:30:19.645+0000] {logging_mixin.py:120} INFO - [2024-09-24T04:30:19.645+0000] {dagbag.py:537} INFO - Filling up the DagBag from /home/airflow/.local/lib/python3.7/site-packages/airflow/example_dags/example_external_task_marker_dag.py
[2024-09-24T04:30:19.663+0000] {processor.py:766} INFO - DAG(s) dict_keys(['example_external_task_marker_child', 'example_external_task_marker_parent']) retrieved from /home/airflow/.local/lib/python3.7/site-packages/airflow/example_dags/example_external_task_marker_dag.py
[2024-09-24T04:30:19.916+0000] {logging_mixin.py:120} INFO - [2024-09-24T04:30:19.916+0000] {dag.py:2585} INFO - Sync 2 DAGs
[2024-09-24T04:30:19.946+0000] {logging_mixin.py:120} INFO - [2024-09-24T04:30:19.946+0000] {dag.py:3340} INFO - Setting next_dagrun for example_external_task_marker_child to None, run_after=None
[2024-09-24T04:30:19.950+0000] {logging_mixin.py:120} INFO - [2024-09-24T04:30:19.950+0000] {dag.py:3340} INFO - Setting next_dagrun for example_external_task_marker_parent to None, run_after=None
[2024-09-24T04:30:19.973+0000] {processor.py:176} INFO - Processing /home/airflow/.local/lib/python3.7/site-packages/airflow/example_dags/example_external_task_marker_dag.py took 0.334 seconds
[2024-09-24T04:30:49.998+0000] {processor.py:154} INFO - Started process (PID=15360) to work on /home/airflow/.local/lib/python3.7/site-packages/airflow/example_dags/example_external_task_marker_dag.py
[2024-09-24T04:30:50.000+0000] {processor.py:756} INFO - Processing file /home/airflow/.local/lib/python3.7/site-packages/airflow/example_dags/example_external_task_marker_dag.py for tasks to queue
[2024-09-24T04:30:50.001+0000] {logging_mixin.py:120} INFO - [2024-09-24T04:30:50.001+0000] {dagbag.py:537} INFO - Filling up the DagBag from /home/airflow/.local/lib/python3.7/site-packages/airflow/example_dags/example_external_task_marker_dag.py
[2024-09-24T04:30:50.018+0000] {processor.py:766} INFO - DAG(s) dict_keys(['example_external_task_marker_child', 'example_external_task_marker_parent']) retrieved from /home/airflow/.local/lib/python3.7/site-packages/airflow/example_dags/example_external_task_marker_dag.py
[2024-09-24T04:30:50.285+0000] {logging_mixin.py:120} INFO - [2024-09-24T04:30:50.285+0000] {dag.py:2585} INFO - Sync 2 DAGs
[2024-09-24T04:30:50.314+0000] {logging_mixin.py:120} INFO - [2024-09-24T04:30:50.314+0000] {dag.py:3340} INFO - Setting next_dagrun for example_external_task_marker_child to None, run_after=None
[2024-09-24T04:30:50.319+0000] {logging_mixin.py:120} INFO - [2024-09-24T04:30:50.318+0000] {dag.py:3340} INFO - Setting next_dagrun for example_external_task_marker_parent to None, run_after=None
[2024-09-24T04:30:50.340+0000] {processor.py:176} INFO - Processing /home/airflow/.local/lib/python3.7/site-packages/airflow/example_dags/example_external_task_marker_dag.py took 0.346 seconds
[2024-09-24T04:31:20.565+0000] {processor.py:154} INFO - Started process (PID=15423) to work on /home/airflow/.local/lib/python3.7/site-packages/airflow/example_dags/example_external_task_marker_dag.py
[2024-09-24T04:31:20.567+0000] {processor.py:756} INFO - Processing file /home/airflow/.local/lib/python3.7/site-packages/airflow/example_dags/example_external_task_marker_dag.py for tasks to queue
[2024-09-24T04:31:20.568+0000] {logging_mixin.py:120} INFO - [2024-09-24T04:31:20.567+0000] {dagbag.py:537} INFO - Filling up the DagBag from /home/airflow/.local/lib/python3.7/site-packages/airflow/example_dags/example_external_task_marker_dag.py
[2024-09-24T04:31:20.586+0000] {processor.py:766} INFO - DAG(s) dict_keys(['example_external_task_marker_parent', 'example_external_task_marker_child']) retrieved from /home/airflow/.local/lib/python3.7/site-packages/airflow/example_dags/example_external_task_marker_dag.py
[2024-09-24T04:31:20.889+0000] {logging_mixin.py:120} INFO - [2024-09-24T04:31:20.888+0000] {dag.py:2585} INFO - Sync 2 DAGs
[2024-09-24T04:31:20.921+0000] {logging_mixin.py:120} INFO - [2024-09-24T04:31:20.921+0000] {dag.py:3340} INFO - Setting next_dagrun for example_external_task_marker_child to None, run_after=None
[2024-09-24T04:31:20.929+0000] {logging_mixin.py:120} INFO - [2024-09-24T04:31:20.929+0000] {dag.py:3340} INFO - Setting next_dagrun for example_external_task_marker_parent to None, run_after=None
[2024-09-24T04:31:20.952+0000] {processor.py:176} INFO - Processing /home/airflow/.local/lib/python3.7/site-packages/airflow/example_dags/example_external_task_marker_dag.py took 0.391 seconds
[2024-09-24T04:31:51.176+0000] {processor.py:154} INFO - Started process (PID=15486) to work on /home/airflow/.local/lib/python3.7/site-packages/airflow/example_dags/example_external_task_marker_dag.py
[2024-09-24T04:31:51.178+0000] {processor.py:756} INFO - Processing file /home/airflow/.local/lib/python3.7/site-packages/airflow/example_dags/example_external_task_marker_dag.py for tasks to queue
[2024-09-24T04:31:51.179+0000] {logging_mixin.py:120} INFO - [2024-09-24T04:31:51.179+0000] {dagbag.py:537} INFO - Filling up the DagBag from /home/airflow/.local/lib/python3.7/site-packages/airflow/example_dags/example_external_task_marker_dag.py
[2024-09-24T04:31:51.205+0000] {processor.py:766} INFO - DAG(s) dict_keys(['example_external_task_marker_parent', 'example_external_task_marker_child']) retrieved from /home/airflow/.local/lib/python3.7/site-packages/airflow/example_dags/example_external_task_marker_dag.py
[2024-09-24T04:31:51.540+0000] {logging_mixin.py:120} INFO - [2024-09-24T04:31:51.539+0000] {dag.py:2585} INFO - Sync 2 DAGs
[2024-09-24T04:31:51.580+0000] {logging_mixin.py:120} INFO - [2024-09-24T04:31:51.580+0000] {dag.py:3340} INFO - Setting next_dagrun for example_external_task_marker_child to None, run_after=None
[2024-09-24T04:31:51.586+0000] {logging_mixin.py:120} INFO - [2024-09-24T04:31:51.586+0000] {dag.py:3340} INFO - Setting next_dagrun for example_external_task_marker_parent to None, run_after=None
[2024-09-24T04:31:51.617+0000] {processor.py:176} INFO - Processing /home/airflow/.local/lib/python3.7/site-packages/airflow/example_dags/example_external_task_marker_dag.py took 0.447 seconds
[2024-09-24T04:32:22.231+0000] {processor.py:154} INFO - Started process (PID=15541) to work on /home/airflow/.local/lib/python3.7/site-packages/airflow/example_dags/example_external_task_marker_dag.py
[2024-09-24T04:32:22.233+0000] {processor.py:756} INFO - Processing file /home/airflow/.local/lib/python3.7/site-packages/airflow/example_dags/example_external_task_marker_dag.py for tasks to queue
[2024-09-24T04:32:22.234+0000] {logging_mixin.py:120} INFO - [2024-09-24T04:32:22.234+0000] {dagbag.py:537} INFO - Filling up the DagBag from /home/airflow/.local/lib/python3.7/site-packages/airflow/example_dags/example_external_task_marker_dag.py
[2024-09-24T04:32:22.254+0000] {processor.py:766} INFO - DAG(s) dict_keys(['example_external_task_marker_child', 'example_external_task_marker_parent']) retrieved from /home/airflow/.local/lib/python3.7/site-packages/airflow/example_dags/example_external_task_marker_dag.py
[2024-09-24T04:32:22.570+0000] {logging_mixin.py:120} INFO - [2024-09-24T04:32:22.569+0000] {dag.py:2585} INFO - Sync 2 DAGs
[2024-09-24T04:32:22.608+0000] {logging_mixin.py:120} INFO - [2024-09-24T04:32:22.608+0000] {dag.py:3340} INFO - Setting next_dagrun for example_external_task_marker_child to None, run_after=None
[2024-09-24T04:32:22.613+0000] {logging_mixin.py:120} INFO - [2024-09-24T04:32:22.613+0000] {dag.py:3340} INFO - Setting next_dagrun for example_external_task_marker_parent to None, run_after=None
[2024-09-24T04:32:22.638+0000] {processor.py:176} INFO - Processing /home/airflow/.local/lib/python3.7/site-packages/airflow/example_dags/example_external_task_marker_dag.py took 0.413 seconds
[2024-09-24T04:32:53.128+0000] {processor.py:154} INFO - Started process (PID=15603) to work on /home/airflow/.local/lib/python3.7/site-packages/airflow/example_dags/example_external_task_marker_dag.py
[2024-09-24T04:32:53.130+0000] {processor.py:756} INFO - Processing file /home/airflow/.local/lib/python3.7/site-packages/airflow/example_dags/example_external_task_marker_dag.py for tasks to queue
[2024-09-24T04:32:53.131+0000] {logging_mixin.py:120} INFO - [2024-09-24T04:32:53.131+0000] {dagbag.py:537} INFO - Filling up the DagBag from /home/airflow/.local/lib/python3.7/site-packages/airflow/example_dags/example_external_task_marker_dag.py
[2024-09-24T04:32:53.152+0000] {processor.py:766} INFO - DAG(s) dict_keys(['example_external_task_marker_parent', 'example_external_task_marker_child']) retrieved from /home/airflow/.local/lib/python3.7/site-packages/airflow/example_dags/example_external_task_marker_dag.py
[2024-09-24T04:32:53.476+0000] {logging_mixin.py:120} INFO - [2024-09-24T04:32:53.476+0000] {dag.py:2585} INFO - Sync 2 DAGs
[2024-09-24T04:32:53.520+0000] {logging_mixin.py:120} INFO - [2024-09-24T04:32:53.520+0000] {dag.py:3340} INFO - Setting next_dagrun for example_external_task_marker_child to None, run_after=None
[2024-09-24T04:32:53.526+0000] {logging_mixin.py:120} INFO - [2024-09-24T04:32:53.525+0000] {dag.py:3340} INFO - Setting next_dagrun for example_external_task_marker_parent to None, run_after=None
[2024-09-24T04:32:53.554+0000] {processor.py:176} INFO - Processing /home/airflow/.local/lib/python3.7/site-packages/airflow/example_dags/example_external_task_marker_dag.py took 0.431 seconds
[2024-09-24T04:33:24.042+0000] {processor.py:154} INFO - Started process (PID=15657) to work on /home/airflow/.local/lib/python3.7/site-packages/airflow/example_dags/example_external_task_marker_dag.py
[2024-09-24T04:33:24.044+0000] {processor.py:756} INFO - Processing file /home/airflow/.local/lib/python3.7/site-packages/airflow/example_dags/example_external_task_marker_dag.py for tasks to queue
[2024-09-24T04:33:24.045+0000] {logging_mixin.py:120} INFO - [2024-09-24T04:33:24.045+0000] {dagbag.py:537} INFO - Filling up the DagBag from /home/airflow/.local/lib/python3.7/site-packages/airflow/example_dags/example_external_task_marker_dag.py
[2024-09-24T04:33:24.068+0000] {processor.py:766} INFO - DAG(s) dict_keys(['example_external_task_marker_parent', 'example_external_task_marker_child']) retrieved from /home/airflow/.local/lib/python3.7/site-packages/airflow/example_dags/example_external_task_marker_dag.py
[2024-09-24T04:33:24.404+0000] {logging_mixin.py:120} INFO - [2024-09-24T04:33:24.403+0000] {dag.py:2585} INFO - Sync 2 DAGs
[2024-09-24T04:33:24.444+0000] {logging_mixin.py:120} INFO - [2024-09-24T04:33:24.444+0000] {dag.py:3340} INFO - Setting next_dagrun for example_external_task_marker_child to None, run_after=None
[2024-09-24T04:33:24.449+0000] {logging_mixin.py:120} INFO - [2024-09-24T04:33:24.449+0000] {dag.py:3340} INFO - Setting next_dagrun for example_external_task_marker_parent to None, run_after=None
[2024-09-24T04:33:24.481+0000] {processor.py:176} INFO - Processing /home/airflow/.local/lib/python3.7/site-packages/airflow/example_dags/example_external_task_marker_dag.py took 0.445 seconds
[2024-09-24T04:33:54.584+0000] {processor.py:154} INFO - Started process (PID=15721) to work on /home/airflow/.local/lib/python3.7/site-packages/airflow/example_dags/example_external_task_marker_dag.py
[2024-09-24T04:33:54.587+0000] {processor.py:756} INFO - Processing file /home/airflow/.local/lib/python3.7/site-packages/airflow/example_dags/example_external_task_marker_dag.py for tasks to queue
[2024-09-24T04:33:54.589+0000] {logging_mixin.py:120} INFO - [2024-09-24T04:33:54.589+0000] {dagbag.py:537} INFO - Filling up the DagBag from /home/airflow/.local/lib/python3.7/site-packages/airflow/example_dags/example_external_task_marker_dag.py
[2024-09-24T04:33:54.617+0000] {processor.py:766} INFO - DAG(s) dict_keys(['example_external_task_marker_parent', 'example_external_task_marker_child']) retrieved from /home/airflow/.local/lib/python3.7/site-packages/airflow/example_dags/example_external_task_marker_dag.py
[2024-09-24T04:33:55.010+0000] {logging_mixin.py:120} INFO - [2024-09-24T04:33:55.010+0000] {dag.py:2585} INFO - Sync 2 DAGs
[2024-09-24T04:33:55.074+0000] {logging_mixin.py:120} INFO - [2024-09-24T04:33:55.074+0000] {dag.py:3340} INFO - Setting next_dagrun for example_external_task_marker_child to None, run_after=None
[2024-09-24T04:33:55.081+0000] {logging_mixin.py:120} INFO - [2024-09-24T04:33:55.081+0000] {dag.py:3340} INFO - Setting next_dagrun for example_external_task_marker_parent to None, run_after=None
[2024-09-24T04:33:55.117+0000] {processor.py:176} INFO - Processing /home/airflow/.local/lib/python3.7/site-packages/airflow/example_dags/example_external_task_marker_dag.py took 0.542 seconds
[2024-09-24T04:34:26.021+0000] {processor.py:154} INFO - Started process (PID=15785) to work on /home/airflow/.local/lib/python3.7/site-packages/airflow/example_dags/example_external_task_marker_dag.py
[2024-09-24T04:34:26.024+0000] {processor.py:756} INFO - Processing file /home/airflow/.local/lib/python3.7/site-packages/airflow/example_dags/example_external_task_marker_dag.py for tasks to queue
[2024-09-24T04:34:26.027+0000] {logging_mixin.py:120} INFO - [2024-09-24T04:34:26.026+0000] {dagbag.py:537} INFO - Filling up the DagBag from /home/airflow/.local/lib/python3.7/site-packages/airflow/example_dags/example_external_task_marker_dag.py
[2024-09-24T04:34:26.072+0000] {processor.py:766} INFO - DAG(s) dict_keys(['example_external_task_marker_child', 'example_external_task_marker_parent']) retrieved from /home/airflow/.local/lib/python3.7/site-packages/airflow/example_dags/example_external_task_marker_dag.py
[2024-09-24T04:34:26.445+0000] {logging_mixin.py:120} INFO - [2024-09-24T04:34:26.445+0000] {dag.py:2585} INFO - Sync 2 DAGs
[2024-09-24T04:34:26.488+0000] {logging_mixin.py:120} INFO - [2024-09-24T04:34:26.488+0000] {dag.py:3340} INFO - Setting next_dagrun for example_external_task_marker_child to None, run_after=None
[2024-09-24T04:34:26.493+0000] {logging_mixin.py:120} INFO - [2024-09-24T04:34:26.493+0000] {dag.py:3340} INFO - Setting next_dagrun for example_external_task_marker_parent to None, run_after=None
[2024-09-24T04:34:26.521+0000] {processor.py:176} INFO - Processing /home/airflow/.local/lib/python3.7/site-packages/airflow/example_dags/example_external_task_marker_dag.py took 0.509 seconds
[2024-09-24T04:34:56.626+0000] {processor.py:154} INFO - Started process (PID=15840) to work on /home/airflow/.local/lib/python3.7/site-packages/airflow/example_dags/example_external_task_marker_dag.py
[2024-09-24T04:34:56.627+0000] {processor.py:756} INFO - Processing file /home/airflow/.local/lib/python3.7/site-packages/airflow/example_dags/example_external_task_marker_dag.py for tasks to queue
[2024-09-24T04:34:56.628+0000] {logging_mixin.py:120} INFO - [2024-09-24T04:34:56.628+0000] {dagbag.py:537} INFO - Filling up the DagBag from /home/airflow/.local/lib/python3.7/site-packages/airflow/example_dags/example_external_task_marker_dag.py
[2024-09-24T04:34:56.653+0000] {processor.py:766} INFO - DAG(s) dict_keys(['example_external_task_marker_parent', 'example_external_task_marker_child']) retrieved from /home/airflow/.local/lib/python3.7/site-packages/airflow/example_dags/example_external_task_marker_dag.py
[2024-09-24T04:34:56.993+0000] {logging_mixin.py:120} INFO - [2024-09-24T04:34:56.992+0000] {dag.py:2585} INFO - Sync 2 DAGs
[2024-09-24T04:34:57.032+0000] {logging_mixin.py:120} INFO - [2024-09-24T04:34:57.032+0000] {dag.py:3340} INFO - Setting next_dagrun for example_external_task_marker_child to None, run_after=None
[2024-09-24T04:34:57.037+0000] {logging_mixin.py:120} INFO - [2024-09-24T04:34:57.037+0000] {dag.py:3340} INFO - Setting next_dagrun for example_external_task_marker_parent to None, run_after=None
[2024-09-24T04:34:57.066+0000] {processor.py:176} INFO - Processing /home/airflow/.local/lib/python3.7/site-packages/airflow/example_dags/example_external_task_marker_dag.py took 0.447 seconds
[2024-09-24T04:35:27.150+0000] {processor.py:154} INFO - Started process (PID=15904) to work on /home/airflow/.local/lib/python3.7/site-packages/airflow/example_dags/example_external_task_marker_dag.py
[2024-09-24T04:35:27.152+0000] {processor.py:756} INFO - Processing file /home/airflow/.local/lib/python3.7/site-packages/airflow/example_dags/example_external_task_marker_dag.py for tasks to queue
[2024-09-24T04:35:27.154+0000] {logging_mixin.py:120} INFO - [2024-09-24T04:35:27.154+0000] {dagbag.py:537} INFO - Filling up the DagBag from /home/airflow/.local/lib/python3.7/site-packages/airflow/example_dags/example_external_task_marker_dag.py
[2024-09-24T04:35:27.183+0000] {processor.py:766} INFO - DAG(s) dict_keys(['example_external_task_marker_child', 'example_external_task_marker_parent']) retrieved from /home/airflow/.local/lib/python3.7/site-packages/airflow/example_dags/example_external_task_marker_dag.py
[2024-09-24T04:35:27.515+0000] {logging_mixin.py:120} INFO - [2024-09-24T04:35:27.515+0000] {dag.py:2585} INFO - Sync 2 DAGs
[2024-09-24T04:35:27.553+0000] {logging_mixin.py:120} INFO - [2024-09-24T04:35:27.552+0000] {dag.py:3340} INFO - Setting next_dagrun for example_external_task_marker_child to None, run_after=None
[2024-09-24T04:35:27.558+0000] {logging_mixin.py:120} INFO - [2024-09-24T04:35:27.558+0000] {dag.py:3340} INFO - Setting next_dagrun for example_external_task_marker_parent to None, run_after=None
[2024-09-24T04:35:27.589+0000] {processor.py:176} INFO - Processing /home/airflow/.local/lib/python3.7/site-packages/airflow/example_dags/example_external_task_marker_dag.py took 0.445 seconds
[2024-09-24T04:35:58.365+0000] {processor.py:154} INFO - Started process (PID=15957) to work on /home/airflow/.local/lib/python3.7/site-packages/airflow/example_dags/example_external_task_marker_dag.py
[2024-09-24T04:35:58.369+0000] {processor.py:756} INFO - Processing file /home/airflow/.local/lib/python3.7/site-packages/airflow/example_dags/example_external_task_marker_dag.py for tasks to queue
[2024-09-24T04:35:58.370+0000] {logging_mixin.py:120} INFO - [2024-09-24T04:35:58.370+0000] {dagbag.py:537} INFO - Filling up the DagBag from /home/airflow/.local/lib/python3.7/site-packages/airflow/example_dags/example_external_task_marker_dag.py
[2024-09-24T04:35:58.393+0000] {processor.py:766} INFO - DAG(s) dict_keys(['example_external_task_marker_child', 'example_external_task_marker_parent']) retrieved from /home/airflow/.local/lib/python3.7/site-packages/airflow/example_dags/example_external_task_marker_dag.py
[2024-09-24T04:35:58.731+0000] {logging_mixin.py:120} INFO - [2024-09-24T04:35:58.731+0000] {dag.py:2585} INFO - Sync 2 DAGs
[2024-09-24T04:35:58.777+0000] {logging_mixin.py:120} INFO - [2024-09-24T04:35:58.777+0000] {dag.py:3340} INFO - Setting next_dagrun for example_external_task_marker_child to None, run_after=None
[2024-09-24T04:35:58.782+0000] {logging_mixin.py:120} INFO - [2024-09-24T04:35:58.782+0000] {dag.py:3340} INFO - Setting next_dagrun for example_external_task_marker_parent to None, run_after=None
[2024-09-24T04:35:58.810+0000] {processor.py:176} INFO - Processing /home/airflow/.local/lib/python3.7/site-packages/airflow/example_dags/example_external_task_marker_dag.py took 0.450 seconds
[2024-09-24T04:36:28.957+0000] {processor.py:154} INFO - Started process (PID=16021) to work on /home/airflow/.local/lib/python3.7/site-packages/airflow/example_dags/example_external_task_marker_dag.py
[2024-09-24T04:36:28.959+0000] {processor.py:756} INFO - Processing file /home/airflow/.local/lib/python3.7/site-packages/airflow/example_dags/example_external_task_marker_dag.py for tasks to queue
[2024-09-24T04:36:28.960+0000] {logging_mixin.py:120} INFO - [2024-09-24T04:36:28.960+0000] {dagbag.py:537} INFO - Filling up the DagBag from /home/airflow/.local/lib/python3.7/site-packages/airflow/example_dags/example_external_task_marker_dag.py
[2024-09-24T04:36:28.988+0000] {processor.py:766} INFO - DAG(s) dict_keys(['example_external_task_marker_child', 'example_external_task_marker_parent']) retrieved from /home/airflow/.local/lib/python3.7/site-packages/airflow/example_dags/example_external_task_marker_dag.py
[2024-09-24T04:36:29.373+0000] {logging_mixin.py:120} INFO - [2024-09-24T04:36:29.373+0000] {dag.py:2585} INFO - Sync 2 DAGs
[2024-09-24T04:36:29.443+0000] {logging_mixin.py:120} INFO - [2024-09-24T04:36:29.442+0000] {dag.py:3340} INFO - Setting next_dagrun for example_external_task_marker_child to None, run_after=None
[2024-09-24T04:36:29.450+0000] {logging_mixin.py:120} INFO - [2024-09-24T04:36:29.449+0000] {dag.py:3340} INFO - Setting next_dagrun for example_external_task_marker_parent to None, run_after=None
[2024-09-24T04:36:29.496+0000] {processor.py:176} INFO - Processing /home/airflow/.local/lib/python3.7/site-packages/airflow/example_dags/example_external_task_marker_dag.py took 0.545 seconds
[2024-09-24T04:36:59.536+0000] {processor.py:154} INFO - Started process (PID=16075) to work on /home/airflow/.local/lib/python3.7/site-packages/airflow/example_dags/example_external_task_marker_dag.py
[2024-09-24T04:36:59.539+0000] {processor.py:756} INFO - Processing file /home/airflow/.local/lib/python3.7/site-packages/airflow/example_dags/example_external_task_marker_dag.py for tasks to queue
[2024-09-24T04:36:59.541+0000] {logging_mixin.py:120} INFO - [2024-09-24T04:36:59.541+0000] {dagbag.py:537} INFO - Filling up the DagBag from /home/airflow/.local/lib/python3.7/site-packages/airflow/example_dags/example_external_task_marker_dag.py
[2024-09-24T04:36:59.563+0000] {processor.py:766} INFO - DAG(s) dict_keys(['example_external_task_marker_parent', 'example_external_task_marker_child']) retrieved from /home/airflow/.local/lib/python3.7/site-packages/airflow/example_dags/example_external_task_marker_dag.py
[2024-09-24T04:36:59.941+0000] {logging_mixin.py:120} INFO - [2024-09-24T04:36:59.940+0000] {dag.py:2585} INFO - Sync 2 DAGs
[2024-09-24T04:36:59.987+0000] {logging_mixin.py:120} INFO - [2024-09-24T04:36:59.987+0000] {dag.py:3340} INFO - Setting next_dagrun for example_external_task_marker_child to None, run_after=None
[2024-09-24T04:36:59.994+0000] {logging_mixin.py:120} INFO - [2024-09-24T04:36:59.993+0000] {dag.py:3340} INFO - Setting next_dagrun for example_external_task_marker_parent to None, run_after=None
[2024-09-24T04:37:00.030+0000] {processor.py:176} INFO - Processing /home/airflow/.local/lib/python3.7/site-packages/airflow/example_dags/example_external_task_marker_dag.py took 0.499 seconds
[2024-09-24T04:37:56.375+0000] {processor.py:154} INFO - Started process (PID=16139) to work on /home/airflow/.local/lib/python3.7/site-packages/airflow/example_dags/example_external_task_marker_dag.py
[2024-09-24T04:37:56.378+0000] {processor.py:756} INFO - Processing file /home/airflow/.local/lib/python3.7/site-packages/airflow/example_dags/example_external_task_marker_dag.py for tasks to queue
[2024-09-24T04:37:56.379+0000] {logging_mixin.py:120} INFO - [2024-09-24T04:37:56.379+0000] {dagbag.py:537} INFO - Filling up the DagBag from /home/airflow/.local/lib/python3.7/site-packages/airflow/example_dags/example_external_task_marker_dag.py
[2024-09-24T04:37:56.407+0000] {processor.py:766} INFO - DAG(s) dict_keys(['example_external_task_marker_child', 'example_external_task_marker_parent']) retrieved from /home/airflow/.local/lib/python3.7/site-packages/airflow/example_dags/example_external_task_marker_dag.py
[2024-09-24T04:37:56.790+0000] {logging_mixin.py:120} INFO - [2024-09-24T04:37:56.790+0000] {dag.py:2585} INFO - Sync 2 DAGs
[2024-09-24T04:37:56.827+0000] {logging_mixin.py:120} INFO - [2024-09-24T04:37:56.827+0000] {dag.py:3340} INFO - Setting next_dagrun for example_external_task_marker_child to None, run_after=None
[2024-09-24T04:37:56.834+0000] {logging_mixin.py:120} INFO - [2024-09-24T04:37:56.833+0000] {dag.py:3340} INFO - Setting next_dagrun for example_external_task_marker_parent to None, run_after=None
[2024-09-24T04:37:56.876+0000] {processor.py:176} INFO - Processing /home/airflow/.local/lib/python3.7/site-packages/airflow/example_dags/example_external_task_marker_dag.py took 0.508 seconds
[2024-09-24T06:15:53.607+0000] {processor.py:154} INFO - Started process (PID=16212) to work on /home/airflow/.local/lib/python3.7/site-packages/airflow/example_dags/example_external_task_marker_dag.py
[2024-09-24T06:15:53.609+0000] {processor.py:756} INFO - Processing file /home/airflow/.local/lib/python3.7/site-packages/airflow/example_dags/example_external_task_marker_dag.py for tasks to queue
[2024-09-24T06:15:53.610+0000] {logging_mixin.py:120} INFO - [2024-09-24T06:15:53.610+0000] {dagbag.py:537} INFO - Filling up the DagBag from /home/airflow/.local/lib/python3.7/site-packages/airflow/example_dags/example_external_task_marker_dag.py
[2024-09-24T06:15:53.633+0000] {processor.py:766} INFO - DAG(s) dict_keys(['example_external_task_marker_child', 'example_external_task_marker_parent']) retrieved from /home/airflow/.local/lib/python3.7/site-packages/airflow/example_dags/example_external_task_marker_dag.py
[2024-09-24T06:15:53.994+0000] {logging_mixin.py:120} INFO - [2024-09-24T06:15:53.994+0000] {dag.py:2585} INFO - Sync 2 DAGs
[2024-09-24T06:15:54.034+0000] {logging_mixin.py:120} INFO - [2024-09-24T06:15:54.034+0000] {dag.py:3340} INFO - Setting next_dagrun for example_external_task_marker_child to None, run_after=None
[2024-09-24T06:15:54.040+0000] {logging_mixin.py:120} INFO - [2024-09-24T06:15:54.040+0000] {dag.py:3340} INFO - Setting next_dagrun for example_external_task_marker_parent to None, run_after=None
[2024-09-24T06:15:54.066+0000] {processor.py:176} INFO - Processing /home/airflow/.local/lib/python3.7/site-packages/airflow/example_dags/example_external_task_marker_dag.py took 0.463 seconds
[2024-09-24T06:31:01.661+0000] {processor.py:154} INFO - Started process (PID=16266) to work on /home/airflow/.local/lib/python3.7/site-packages/airflow/example_dags/example_external_task_marker_dag.py
[2024-09-24T06:31:01.664+0000] {processor.py:756} INFO - Processing file /home/airflow/.local/lib/python3.7/site-packages/airflow/example_dags/example_external_task_marker_dag.py for tasks to queue
[2024-09-24T06:31:01.665+0000] {logging_mixin.py:120} INFO - [2024-09-24T06:31:01.665+0000] {dagbag.py:537} INFO - Filling up the DagBag from /home/airflow/.local/lib/python3.7/site-packages/airflow/example_dags/example_external_task_marker_dag.py
[2024-09-24T06:31:01.695+0000] {processor.py:766} INFO - DAG(s) dict_keys(['example_external_task_marker_child', 'example_external_task_marker_parent']) retrieved from /home/airflow/.local/lib/python3.7/site-packages/airflow/example_dags/example_external_task_marker_dag.py
[2024-09-24T06:31:02.017+0000] {logging_mixin.py:120} INFO - [2024-09-24T06:31:02.017+0000] {dag.py:2585} INFO - Sync 2 DAGs
[2024-09-24T06:31:02.059+0000] {logging_mixin.py:120} INFO - [2024-09-24T06:31:02.058+0000] {dag.py:3340} INFO - Setting next_dagrun for example_external_task_marker_child to None, run_after=None
[2024-09-24T06:31:02.064+0000] {logging_mixin.py:120} INFO - [2024-09-24T06:31:02.064+0000] {dag.py:3340} INFO - Setting next_dagrun for example_external_task_marker_parent to None, run_after=None
[2024-09-24T06:31:02.092+0000] {processor.py:176} INFO - Processing /home/airflow/.local/lib/python3.7/site-packages/airflow/example_dags/example_external_task_marker_dag.py took 0.436 seconds
[2024-09-24T08:40:10.885+0000] {processor.py:154} INFO - Started process (PID=16329) to work on /home/airflow/.local/lib/python3.7/site-packages/airflow/example_dags/example_external_task_marker_dag.py
[2024-09-24T08:40:10.887+0000] {processor.py:756} INFO - Processing file /home/airflow/.local/lib/python3.7/site-packages/airflow/example_dags/example_external_task_marker_dag.py for tasks to queue
[2024-09-24T08:40:10.888+0000] {logging_mixin.py:120} INFO - [2024-09-24T08:40:10.888+0000] {dagbag.py:537} INFO - Filling up the DagBag from /home/airflow/.local/lib/python3.7/site-packages/airflow/example_dags/example_external_task_marker_dag.py
[2024-09-24T08:40:10.914+0000] {processor.py:766} INFO - DAG(s) dict_keys(['example_external_task_marker_parent', 'example_external_task_marker_child']) retrieved from /home/airflow/.local/lib/python3.7/site-packages/airflow/example_dags/example_external_task_marker_dag.py
[2024-09-24T08:40:11.371+0000] {logging_mixin.py:120} INFO - [2024-09-24T08:40:11.371+0000] {dag.py:2585} INFO - Sync 2 DAGs
[2024-09-24T08:40:11.414+0000] {logging_mixin.py:120} INFO - [2024-09-24T08:40:11.413+0000] {dag.py:3340} INFO - Setting next_dagrun for example_external_task_marker_child to None, run_after=None
[2024-09-24T08:40:11.420+0000] {logging_mixin.py:120} INFO - [2024-09-24T08:40:11.420+0000] {dag.py:3340} INFO - Setting next_dagrun for example_external_task_marker_parent to None, run_after=None
[2024-09-24T08:40:11.448+0000] {processor.py:176} INFO - Processing /home/airflow/.local/lib/python3.7/site-packages/airflow/example_dags/example_external_task_marker_dag.py took 0.567 seconds
[2024-09-24T11:11:19.867+0000] {processor.py:154} INFO - Started process (PID=16383) to work on /home/airflow/.local/lib/python3.7/site-packages/airflow/example_dags/example_external_task_marker_dag.py
[2024-09-24T11:11:19.870+0000] {processor.py:756} INFO - Processing file /home/airflow/.local/lib/python3.7/site-packages/airflow/example_dags/example_external_task_marker_dag.py for tasks to queue
[2024-09-24T11:11:19.871+0000] {logging_mixin.py:120} INFO - [2024-09-24T11:11:19.871+0000] {dagbag.py:537} INFO - Filling up the DagBag from /home/airflow/.local/lib/python3.7/site-packages/airflow/example_dags/example_external_task_marker_dag.py
[2024-09-24T11:11:19.897+0000] {processor.py:766} INFO - DAG(s) dict_keys(['example_external_task_marker_child', 'example_external_task_marker_parent']) retrieved from /home/airflow/.local/lib/python3.7/site-packages/airflow/example_dags/example_external_task_marker_dag.py
[2024-09-24T11:11:20.324+0000] {logging_mixin.py:120} INFO - [2024-09-24T11:11:20.323+0000] {dag.py:2585} INFO - Sync 2 DAGs
[2024-09-24T11:11:20.393+0000] {logging_mixin.py:120} INFO - [2024-09-24T11:11:20.393+0000] {dag.py:3340} INFO - Setting next_dagrun for example_external_task_marker_child to None, run_after=None
[2024-09-24T11:11:20.405+0000] {logging_mixin.py:120} INFO - [2024-09-24T11:11:20.405+0000] {dag.py:3340} INFO - Setting next_dagrun for example_external_task_marker_parent to None, run_after=None
[2024-09-24T11:11:20.451+0000] {processor.py:176} INFO - Processing /home/airflow/.local/lib/python3.7/site-packages/airflow/example_dags/example_external_task_marker_dag.py took 0.589 seconds
[2024-09-24T12:44:50.179+0000] {processor.py:154} INFO - Started process (PID=16446) to work on /home/airflow/.local/lib/python3.7/site-packages/airflow/example_dags/example_external_task_marker_dag.py
[2024-09-24T12:44:50.182+0000] {processor.py:756} INFO - Processing file /home/airflow/.local/lib/python3.7/site-packages/airflow/example_dags/example_external_task_marker_dag.py for tasks to queue
[2024-09-24T12:44:50.184+0000] {logging_mixin.py:120} INFO - [2024-09-24T12:44:50.184+0000] {dagbag.py:537} INFO - Filling up the DagBag from /home/airflow/.local/lib/python3.7/site-packages/airflow/example_dags/example_external_task_marker_dag.py
[2024-09-24T12:44:50.222+0000] {processor.py:766} INFO - DAG(s) dict_keys(['example_external_task_marker_parent', 'example_external_task_marker_child']) retrieved from /home/airflow/.local/lib/python3.7/site-packages/airflow/example_dags/example_external_task_marker_dag.py
[2024-09-24T12:44:50.643+0000] {logging_mixin.py:120} INFO - [2024-09-24T12:44:50.643+0000] {dag.py:2585} INFO - Sync 2 DAGs
[2024-09-24T12:44:50.688+0000] {logging_mixin.py:120} INFO - [2024-09-24T12:44:50.687+0000] {dag.py:3340} INFO - Setting next_dagrun for example_external_task_marker_child to None, run_after=None
[2024-09-24T12:44:50.695+0000] {logging_mixin.py:120} INFO - [2024-09-24T12:44:50.695+0000] {dag.py:3340} INFO - Setting next_dagrun for example_external_task_marker_parent to None, run_after=None
[2024-09-24T12:44:50.725+0000] {processor.py:176} INFO - Processing /home/airflow/.local/lib/python3.7/site-packages/airflow/example_dags/example_external_task_marker_dag.py took 0.554 seconds
[2024-09-24T14:24:39.514+0000] {processor.py:154} INFO - Started process (PID=16500) to work on /home/airflow/.local/lib/python3.7/site-packages/airflow/example_dags/example_external_task_marker_dag.py
[2024-09-24T14:24:39.516+0000] {processor.py:756} INFO - Processing file /home/airflow/.local/lib/python3.7/site-packages/airflow/example_dags/example_external_task_marker_dag.py for tasks to queue
[2024-09-24T14:24:39.517+0000] {logging_mixin.py:120} INFO - [2024-09-24T14:24:39.517+0000] {dagbag.py:537} INFO - Filling up the DagBag from /home/airflow/.local/lib/python3.7/site-packages/airflow/example_dags/example_external_task_marker_dag.py
[2024-09-24T14:24:39.539+0000] {processor.py:766} INFO - DAG(s) dict_keys(['example_external_task_marker_child', 'example_external_task_marker_parent']) retrieved from /home/airflow/.local/lib/python3.7/site-packages/airflow/example_dags/example_external_task_marker_dag.py
[2024-09-24T14:24:39.858+0000] {logging_mixin.py:120} INFO - [2024-09-24T14:24:39.858+0000] {dag.py:2585} INFO - Sync 2 DAGs
[2024-09-24T14:24:39.886+0000] {logging_mixin.py:120} INFO - [2024-09-24T14:24:39.886+0000] {dag.py:3340} INFO - Setting next_dagrun for example_external_task_marker_child to None, run_after=None
[2024-09-24T14:24:39.890+0000] {logging_mixin.py:120} INFO - [2024-09-24T14:24:39.890+0000] {dag.py:3340} INFO - Setting next_dagrun for example_external_task_marker_parent to None, run_after=None
[2024-09-24T14:24:39.912+0000] {processor.py:176} INFO - Processing /home/airflow/.local/lib/python3.7/site-packages/airflow/example_dags/example_external_task_marker_dag.py took 0.403 seconds
[2024-09-24T14:26:39.550+0000] {processor.py:154} INFO - Started process (PID=16563) to work on /home/airflow/.local/lib/python3.7/site-packages/airflow/example_dags/example_external_task_marker_dag.py
[2024-09-24T14:26:39.553+0000] {processor.py:756} INFO - Processing file /home/airflow/.local/lib/python3.7/site-packages/airflow/example_dags/example_external_task_marker_dag.py for tasks to queue
[2024-09-24T14:26:39.554+0000] {logging_mixin.py:120} INFO - [2024-09-24T14:26:39.554+0000] {dagbag.py:537} INFO - Filling up the DagBag from /home/airflow/.local/lib/python3.7/site-packages/airflow/example_dags/example_external_task_marker_dag.py
[2024-09-24T14:26:39.577+0000] {processor.py:766} INFO - DAG(s) dict_keys(['example_external_task_marker_parent', 'example_external_task_marker_child']) retrieved from /home/airflow/.local/lib/python3.7/site-packages/airflow/example_dags/example_external_task_marker_dag.py
[2024-09-24T14:26:39.842+0000] {logging_mixin.py:120} INFO - [2024-09-24T14:26:39.842+0000] {dag.py:2585} INFO - Sync 2 DAGs
[2024-09-24T14:26:39.867+0000] {logging_mixin.py:120} INFO - [2024-09-24T14:26:39.867+0000] {dag.py:3340} INFO - Setting next_dagrun for example_external_task_marker_child to None, run_after=None
[2024-09-24T14:26:39.871+0000] {logging_mixin.py:120} INFO - [2024-09-24T14:26:39.871+0000] {dag.py:3340} INFO - Setting next_dagrun for example_external_task_marker_parent to None, run_after=None
[2024-09-24T14:26:39.891+0000] {processor.py:176} INFO - Processing /home/airflow/.local/lib/python3.7/site-packages/airflow/example_dags/example_external_task_marker_dag.py took 0.346 seconds
[2024-09-24T15:01:02.635+0000] {processor.py:154} INFO - Started process (PID=16617) to work on /home/airflow/.local/lib/python3.7/site-packages/airflow/example_dags/example_external_task_marker_dag.py
[2024-09-24T15:01:02.636+0000] {processor.py:756} INFO - Processing file /home/airflow/.local/lib/python3.7/site-packages/airflow/example_dags/example_external_task_marker_dag.py for tasks to queue
[2024-09-24T15:01:02.638+0000] {logging_mixin.py:120} INFO - [2024-09-24T15:01:02.638+0000] {dagbag.py:537} INFO - Filling up the DagBag from /home/airflow/.local/lib/python3.7/site-packages/airflow/example_dags/example_external_task_marker_dag.py
[2024-09-24T15:01:02.659+0000] {processor.py:766} INFO - DAG(s) dict_keys(['example_external_task_marker_child', 'example_external_task_marker_parent']) retrieved from /home/airflow/.local/lib/python3.7/site-packages/airflow/example_dags/example_external_task_marker_dag.py
[2024-09-24T15:01:02.957+0000] {logging_mixin.py:120} INFO - [2024-09-24T15:01:02.957+0000] {dag.py:2585} INFO - Sync 2 DAGs
[2024-09-24T15:01:02.994+0000] {logging_mixin.py:120} INFO - [2024-09-24T15:01:02.994+0000] {dag.py:3340} INFO - Setting next_dagrun for example_external_task_marker_child to None, run_after=None
[2024-09-24T15:01:02.999+0000] {logging_mixin.py:120} INFO - [2024-09-24T15:01:02.999+0000] {dag.py:3340} INFO - Setting next_dagrun for example_external_task_marker_parent to None, run_after=None
[2024-09-24T15:01:03.031+0000] {processor.py:176} INFO - Processing /home/airflow/.local/lib/python3.7/site-packages/airflow/example_dags/example_external_task_marker_dag.py took 0.401 seconds
[2024-09-24T16:32:27.587+0000] {processor.py:154} INFO - Started process (PID=16680) to work on /home/airflow/.local/lib/python3.7/site-packages/airflow/example_dags/example_external_task_marker_dag.py
[2024-09-24T16:32:27.588+0000] {processor.py:756} INFO - Processing file /home/airflow/.local/lib/python3.7/site-packages/airflow/example_dags/example_external_task_marker_dag.py for tasks to queue
[2024-09-24T16:32:27.589+0000] {logging_mixin.py:120} INFO - [2024-09-24T16:32:27.589+0000] {dagbag.py:537} INFO - Filling up the DagBag from /home/airflow/.local/lib/python3.7/site-packages/airflow/example_dags/example_external_task_marker_dag.py
[2024-09-24T16:32:27.607+0000] {processor.py:766} INFO - DAG(s) dict_keys(['example_external_task_marker_parent', 'example_external_task_marker_child']) retrieved from /home/airflow/.local/lib/python3.7/site-packages/airflow/example_dags/example_external_task_marker_dag.py
[2024-09-24T16:32:27.860+0000] {logging_mixin.py:120} INFO - [2024-09-24T16:32:27.860+0000] {dag.py:2585} INFO - Sync 2 DAGs
[2024-09-24T16:32:27.897+0000] {logging_mixin.py:120} INFO - [2024-09-24T16:32:27.897+0000] {dag.py:3340} INFO - Setting next_dagrun for example_external_task_marker_child to None, run_after=None
[2024-09-24T16:32:27.902+0000] {logging_mixin.py:120} INFO - [2024-09-24T16:32:27.902+0000] {dag.py:3340} INFO - Setting next_dagrun for example_external_task_marker_parent to None, run_after=None
[2024-09-24T16:32:27.931+0000] {processor.py:176} INFO - Processing /home/airflow/.local/lib/python3.7/site-packages/airflow/example_dags/example_external_task_marker_dag.py took 0.348 seconds
[2024-09-24T16:38:50.109+0000] {processor.py:154} INFO - Started process (PID=16743) to work on /home/airflow/.local/lib/python3.7/site-packages/airflow/example_dags/example_external_task_marker_dag.py
[2024-09-24T16:38:50.113+0000] {processor.py:756} INFO - Processing file /home/airflow/.local/lib/python3.7/site-packages/airflow/example_dags/example_external_task_marker_dag.py for tasks to queue
[2024-09-24T16:38:50.122+0000] {logging_mixin.py:120} INFO - [2024-09-24T16:38:50.121+0000] {dagbag.py:537} INFO - Filling up the DagBag from /home/airflow/.local/lib/python3.7/site-packages/airflow/example_dags/example_external_task_marker_dag.py
[2024-09-24T16:38:50.187+0000] {processor.py:766} INFO - DAG(s) dict_keys(['example_external_task_marker_child', 'example_external_task_marker_parent']) retrieved from /home/airflow/.local/lib/python3.7/site-packages/airflow/example_dags/example_external_task_marker_dag.py
[2024-09-24T16:38:51.001+0000] {logging_mixin.py:120} INFO - [2024-09-24T16:38:51.001+0000] {dag.py:2585} INFO - Sync 2 DAGs
[2024-09-24T16:38:51.063+0000] {logging_mixin.py:120} INFO - [2024-09-24T16:38:51.063+0000] {dag.py:3340} INFO - Setting next_dagrun for example_external_task_marker_child to None, run_after=None
[2024-09-24T16:38:51.072+0000] {logging_mixin.py:120} INFO - [2024-09-24T16:38:51.072+0000] {dag.py:3340} INFO - Setting next_dagrun for example_external_task_marker_parent to None, run_after=None
[2024-09-24T16:38:51.117+0000] {processor.py:176} INFO - Processing /home/airflow/.local/lib/python3.7/site-packages/airflow/example_dags/example_external_task_marker_dag.py took 1.016 seconds
[2024-09-24T17:03:40.400+0000] {processor.py:154} INFO - Started process (PID=16797) to work on /home/airflow/.local/lib/python3.7/site-packages/airflow/example_dags/example_external_task_marker_dag.py
[2024-09-24T17:03:40.402+0000] {processor.py:756} INFO - Processing file /home/airflow/.local/lib/python3.7/site-packages/airflow/example_dags/example_external_task_marker_dag.py for tasks to queue
[2024-09-24T17:03:40.404+0000] {logging_mixin.py:120} INFO - [2024-09-24T17:03:40.404+0000] {dagbag.py:537} INFO - Filling up the DagBag from /home/airflow/.local/lib/python3.7/site-packages/airflow/example_dags/example_external_task_marker_dag.py
[2024-09-24T17:03:40.438+0000] {processor.py:766} INFO - DAG(s) dict_keys(['example_external_task_marker_child', 'example_external_task_marker_parent']) retrieved from /home/airflow/.local/lib/python3.7/site-packages/airflow/example_dags/example_external_task_marker_dag.py
[2024-09-24T17:03:41.088+0000] {logging_mixin.py:120} INFO - [2024-09-24T17:03:41.088+0000] {dag.py:2585} INFO - Sync 2 DAGs
[2024-09-24T17:03:41.144+0000] {logging_mixin.py:120} INFO - [2024-09-24T17:03:41.144+0000] {dag.py:3340} INFO - Setting next_dagrun for example_external_task_marker_child to None, run_after=None
[2024-09-24T17:03:41.153+0000] {logging_mixin.py:120} INFO - [2024-09-24T17:03:41.153+0000] {dag.py:3340} INFO - Setting next_dagrun for example_external_task_marker_parent to None, run_after=None
[2024-09-24T17:03:41.191+0000] {processor.py:176} INFO - Processing /home/airflow/.local/lib/python3.7/site-packages/airflow/example_dags/example_external_task_marker_dag.py took 0.799 seconds
[2024-09-24T17:24:31.937+0000] {processor.py:154} INFO - Started process (PID=16842) to work on /home/airflow/.local/lib/python3.7/site-packages/airflow/example_dags/example_external_task_marker_dag.py
[2024-09-24T17:24:31.939+0000] {processor.py:756} INFO - Processing file /home/airflow/.local/lib/python3.7/site-packages/airflow/example_dags/example_external_task_marker_dag.py for tasks to queue
[2024-09-24T17:24:31.947+0000] {logging_mixin.py:120} INFO - [2024-09-24T17:24:31.942+0000] {dagbag.py:537} INFO - Filling up the DagBag from /home/airflow/.local/lib/python3.7/site-packages/airflow/example_dags/example_external_task_marker_dag.py
[2024-09-24T17:24:31.991+0000] {processor.py:766} INFO - DAG(s) dict_keys(['example_external_task_marker_child', 'example_external_task_marker_parent']) retrieved from /home/airflow/.local/lib/python3.7/site-packages/airflow/example_dags/example_external_task_marker_dag.py
[2024-09-24T17:24:32.625+0000] {logging_mixin.py:120} INFO - [2024-09-24T17:24:32.625+0000] {dag.py:2585} INFO - Sync 2 DAGs
[2024-09-24T17:24:32.718+0000] {logging_mixin.py:120} INFO - [2024-09-24T17:24:32.718+0000] {dag.py:3340} INFO - Setting next_dagrun for example_external_task_marker_child to None, run_after=None
[2024-09-24T17:24:32.749+0000] {logging_mixin.py:120} INFO - [2024-09-24T17:24:32.748+0000] {dag.py:3340} INFO - Setting next_dagrun for example_external_task_marker_parent to None, run_after=None
[2024-09-24T17:24:32.789+0000] {processor.py:176} INFO - Processing /home/airflow/.local/lib/python3.7/site-packages/airflow/example_dags/example_external_task_marker_dag.py took 0.861 seconds
[2024-09-24T18:04:37.511+0000] {processor.py:154} INFO - Started process (PID=16896) to work on /home/airflow/.local/lib/python3.7/site-packages/airflow/example_dags/example_external_task_marker_dag.py
[2024-09-24T18:04:37.519+0000] {processor.py:756} INFO - Processing file /home/airflow/.local/lib/python3.7/site-packages/airflow/example_dags/example_external_task_marker_dag.py for tasks to queue
[2024-09-24T18:04:37.526+0000] {logging_mixin.py:120} INFO - [2024-09-24T18:04:37.525+0000] {dagbag.py:537} INFO - Filling up the DagBag from /home/airflow/.local/lib/python3.7/site-packages/airflow/example_dags/example_external_task_marker_dag.py
[2024-09-24T18:04:37.677+0000] {processor.py:766} INFO - DAG(s) dict_keys(['example_external_task_marker_child', 'example_external_task_marker_parent']) retrieved from /home/airflow/.local/lib/python3.7/site-packages/airflow/example_dags/example_external_task_marker_dag.py
[2024-09-24T18:04:40.158+0000] {logging_mixin.py:120} INFO - [2024-09-24T18:04:40.158+0000] {dag.py:2585} INFO - Sync 2 DAGs
[2024-09-24T18:04:40.222+0000] {logging_mixin.py:120} INFO - [2024-09-24T18:04:40.221+0000] {dag.py:3340} INFO - Setting next_dagrun for example_external_task_marker_child to None, run_after=None
[2024-09-24T18:04:40.230+0000] {logging_mixin.py:120} INFO - [2024-09-24T18:04:40.230+0000] {dag.py:3340} INFO - Setting next_dagrun for example_external_task_marker_parent to None, run_after=None
[2024-09-24T18:04:40.270+0000] {processor.py:176} INFO - Processing /home/airflow/.local/lib/python3.7/site-packages/airflow/example_dags/example_external_task_marker_dag.py took 2.792 seconds
[2024-09-24T19:05:35.407+0000] {processor.py:154} INFO - Started process (PID=16950) to work on /home/airflow/.local/lib/python3.7/site-packages/airflow/example_dags/example_external_task_marker_dag.py
[2024-09-24T19:05:35.410+0000] {processor.py:756} INFO - Processing file /home/airflow/.local/lib/python3.7/site-packages/airflow/example_dags/example_external_task_marker_dag.py for tasks to queue
[2024-09-24T19:05:35.411+0000] {logging_mixin.py:120} INFO - [2024-09-24T19:05:35.411+0000] {dagbag.py:537} INFO - Filling up the DagBag from /home/airflow/.local/lib/python3.7/site-packages/airflow/example_dags/example_external_task_marker_dag.py
[2024-09-24T19:05:35.443+0000] {processor.py:766} INFO - DAG(s) dict_keys(['example_external_task_marker_parent', 'example_external_task_marker_child']) retrieved from /home/airflow/.local/lib/python3.7/site-packages/airflow/example_dags/example_external_task_marker_dag.py
[2024-09-24T19:05:35.962+0000] {logging_mixin.py:120} INFO - [2024-09-24T19:05:35.961+0000] {dag.py:2585} INFO - Sync 2 DAGs
[2024-09-24T19:05:36.020+0000] {logging_mixin.py:120} INFO - [2024-09-24T19:05:36.019+0000] {dag.py:3340} INFO - Setting next_dagrun for example_external_task_marker_child to None, run_after=None
[2024-09-24T19:05:36.027+0000] {logging_mixin.py:120} INFO - [2024-09-24T19:05:36.027+0000] {dag.py:3340} INFO - Setting next_dagrun for example_external_task_marker_parent to None, run_after=None
[2024-09-24T19:05:36.063+0000] {processor.py:176} INFO - Processing /home/airflow/.local/lib/python3.7/site-packages/airflow/example_dags/example_external_task_marker_dag.py took 0.663 seconds
[2024-09-24T20:06:41.602+0000] {processor.py:154} INFO - Started process (PID=17002) to work on /home/airflow/.local/lib/python3.7/site-packages/airflow/example_dags/example_external_task_marker_dag.py
[2024-09-24T20:06:41.608+0000] {processor.py:756} INFO - Processing file /home/airflow/.local/lib/python3.7/site-packages/airflow/example_dags/example_external_task_marker_dag.py for tasks to queue
[2024-09-24T20:06:41.610+0000] {logging_mixin.py:120} INFO - [2024-09-24T20:06:41.610+0000] {dagbag.py:537} INFO - Filling up the DagBag from /home/airflow/.local/lib/python3.7/site-packages/airflow/example_dags/example_external_task_marker_dag.py
[2024-09-24T20:06:41.640+0000] {processor.py:766} INFO - DAG(s) dict_keys(['example_external_task_marker_child', 'example_external_task_marker_parent']) retrieved from /home/airflow/.local/lib/python3.7/site-packages/airflow/example_dags/example_external_task_marker_dag.py
[2024-09-24T20:06:42.242+0000] {logging_mixin.py:120} INFO - [2024-09-24T20:06:42.242+0000] {dag.py:2585} INFO - Sync 2 DAGs
[2024-09-24T20:06:42.336+0000] {logging_mixin.py:120} INFO - [2024-09-24T20:06:42.336+0000] {dag.py:3340} INFO - Setting next_dagrun for example_external_task_marker_child to None, run_after=None
[2024-09-24T20:06:42.345+0000] {logging_mixin.py:120} INFO - [2024-09-24T20:06:42.345+0000] {dag.py:3340} INFO - Setting next_dagrun for example_external_task_marker_parent to None, run_after=None
[2024-09-24T20:06:42.413+0000] {processor.py:176} INFO - Processing /home/airflow/.local/lib/python3.7/site-packages/airflow/example_dags/example_external_task_marker_dag.py took 0.820 seconds
[2024-09-24T22:08:26.545+0000] {processor.py:154} INFO - Started process (PID=17049) to work on /home/airflow/.local/lib/python3.7/site-packages/airflow/example_dags/example_external_task_marker_dag.py
[2024-09-24T22:08:26.561+0000] {processor.py:756} INFO - Processing file /home/airflow/.local/lib/python3.7/site-packages/airflow/example_dags/example_external_task_marker_dag.py for tasks to queue
[2024-09-24T22:08:26.568+0000] {logging_mixin.py:120} INFO - [2024-09-24T22:08:26.567+0000] {dagbag.py:537} INFO - Filling up the DagBag from /home/airflow/.local/lib/python3.7/site-packages/airflow/example_dags/example_external_task_marker_dag.py
[2024-09-24T22:08:26.738+0000] {processor.py:766} INFO - DAG(s) dict_keys(['example_external_task_marker_child', 'example_external_task_marker_parent']) retrieved from /home/airflow/.local/lib/python3.7/site-packages/airflow/example_dags/example_external_task_marker_dag.py
[2024-09-24T22:08:29.569+0000] {logging_mixin.py:120} INFO - [2024-09-24T22:08:29.567+0000] {dag.py:2585} INFO - Sync 2 DAGs
[2024-09-24T22:08:29.899+0000] {logging_mixin.py:120} INFO - [2024-09-24T22:08:29.898+0000] {dag.py:3340} INFO - Setting next_dagrun for example_external_task_marker_child to None, run_after=None
[2024-09-24T22:08:29.939+0000] {logging_mixin.py:120} INFO - [2024-09-24T22:08:29.938+0000] {dag.py:3340} INFO - Setting next_dagrun for example_external_task_marker_parent to None, run_after=None
[2024-09-24T22:08:30.113+0000] {processor.py:176} INFO - Processing /home/airflow/.local/lib/python3.7/site-packages/airflow/example_dags/example_external_task_marker_dag.py took 3.629 seconds
