[2024-09-24T01:38:18.476+0000] {processor.py:154} INFO - Started process (PID=13867) to work on /home/airflow/.local/lib/python3.7/site-packages/airflow/example_dags/example_skip_dag.py
[2024-09-24T01:38:18.478+0000] {processor.py:756} INFO - Processing file /home/airflow/.local/lib/python3.7/site-packages/airflow/example_dags/example_skip_dag.py for tasks to queue
[2024-09-24T01:38:18.480+0000] {logging_mixin.py:120} INFO - [2024-09-24T01:38:18.480+0000] {dagbag.py:537} INFO - Filling up the DagBag from /home/airflow/.local/lib/python3.7/site-packages/airflow/example_dags/example_skip_dag.py
[2024-09-24T01:38:18.514+0000] {processor.py:766} INFO - DAG(s) dict_keys(['example_skip_dag']) retrieved from /home/airflow/.local/lib/python3.7/site-packages/airflow/example_dags/example_skip_dag.py
[2024-09-24T01:38:18.607+0000] {logging_mixin.py:120} INFO - [2024-09-24T01:38:18.607+0000] {dag.py:2585} INFO - Sync 1 DAGs
[2024-09-24T01:38:18.673+0000] {logging_mixin.py:120} INFO - [2024-09-24T01:38:18.673+0000] {dag.py:3340} INFO - Setting next_dagrun for example_skip_dag to 2024-09-23T01:38:18.673106+00:00, run_after=2024-09-24T01:38:18.673106+00:00
[2024-09-24T01:38:18.819+0000] {processor.py:176} INFO - Processing /home/airflow/.local/lib/python3.7/site-packages/airflow/example_dags/example_skip_dag.py took 0.352 seconds
[2024-09-24T01:41:40.126+0000] {processor.py:154} INFO - Started process (PID=13921) to work on /home/airflow/.local/lib/python3.7/site-packages/airflow/example_dags/example_skip_dag.py
[2024-09-24T01:41:40.128+0000] {processor.py:756} INFO - Processing file /home/airflow/.local/lib/python3.7/site-packages/airflow/example_dags/example_skip_dag.py for tasks to queue
[2024-09-24T01:41:40.130+0000] {logging_mixin.py:120} INFO - [2024-09-24T01:41:40.129+0000] {dagbag.py:537} INFO - Filling up the DagBag from /home/airflow/.local/lib/python3.7/site-packages/airflow/example_dags/example_skip_dag.py
[2024-09-24T01:41:40.157+0000] {processor.py:766} INFO - DAG(s) dict_keys(['example_skip_dag']) retrieved from /home/airflow/.local/lib/python3.7/site-packages/airflow/example_dags/example_skip_dag.py
[2024-09-24T01:41:40.227+0000] {logging_mixin.py:120} INFO - [2024-09-24T01:41:40.227+0000] {dag.py:2585} INFO - Sync 1 DAGs
[2024-09-24T01:41:40.269+0000] {logging_mixin.py:120} INFO - [2024-09-24T01:41:40.269+0000] {dag.py:3340} INFO - Setting next_dagrun for example_skip_dag to 2024-09-23T01:41:40.268780+00:00, run_after=2024-09-24T01:41:40.268780+00:00
[2024-09-24T01:41:40.309+0000] {processor.py:176} INFO - Processing /home/airflow/.local/lib/python3.7/site-packages/airflow/example_dags/example_skip_dag.py took 0.188 seconds
[2024-09-24T03:27:55.429+0000] {processor.py:154} INFO - Started process (PID=13984) to work on /home/airflow/.local/lib/python3.7/site-packages/airflow/example_dags/example_skip_dag.py
[2024-09-24T03:27:55.431+0000] {processor.py:756} INFO - Processing file /home/airflow/.local/lib/python3.7/site-packages/airflow/example_dags/example_skip_dag.py for tasks to queue
[2024-09-24T03:27:55.432+0000] {logging_mixin.py:120} INFO - [2024-09-24T03:27:55.432+0000] {dagbag.py:537} INFO - Filling up the DagBag from /home/airflow/.local/lib/python3.7/site-packages/airflow/example_dags/example_skip_dag.py
[2024-09-24T03:27:55.453+0000] {processor.py:766} INFO - DAG(s) dict_keys(['example_skip_dag']) retrieved from /home/airflow/.local/lib/python3.7/site-packages/airflow/example_dags/example_skip_dag.py
[2024-09-24T03:27:55.511+0000] {logging_mixin.py:120} INFO - [2024-09-24T03:27:55.511+0000] {dag.py:2585} INFO - Sync 1 DAGs
[2024-09-24T03:27:55.574+0000] {logging_mixin.py:120} INFO - [2024-09-24T03:27:55.573+0000] {dag.py:3340} INFO - Setting next_dagrun for example_skip_dag to 2024-09-23T03:27:55.573404+00:00, run_after=2024-09-24T03:27:55.573404+00:00
[2024-09-24T03:27:55.619+0000] {processor.py:176} INFO - Processing /home/airflow/.local/lib/python3.7/site-packages/airflow/example_dags/example_skip_dag.py took 0.194 seconds
[2024-09-24T04:19:35.763+0000] {processor.py:154} INFO - Started process (PID=14045) to work on /home/airflow/.local/lib/python3.7/site-packages/airflow/example_dags/example_skip_dag.py
[2024-09-24T04:19:35.766+0000] {processor.py:756} INFO - Processing file /home/airflow/.local/lib/python3.7/site-packages/airflow/example_dags/example_skip_dag.py for tasks to queue
[2024-09-24T04:19:35.768+0000] {logging_mixin.py:120} INFO - [2024-09-24T04:19:35.767+0000] {dagbag.py:537} INFO - Filling up the DagBag from /home/airflow/.local/lib/python3.7/site-packages/airflow/example_dags/example_skip_dag.py
[2024-09-24T04:19:35.805+0000] {processor.py:766} INFO - DAG(s) dict_keys(['example_skip_dag']) retrieved from /home/airflow/.local/lib/python3.7/site-packages/airflow/example_dags/example_skip_dag.py
[2024-09-24T04:19:35.994+0000] {logging_mixin.py:120} INFO - [2024-09-24T04:19:35.994+0000] {dag.py:2585} INFO - Sync 1 DAGs
[2024-09-24T04:19:36.125+0000] {logging_mixin.py:120} INFO - [2024-09-24T04:19:36.125+0000] {dag.py:3340} INFO - Setting next_dagrun for example_skip_dag to 2024-09-23T04:19:36.124770+00:00, run_after=2024-09-24T04:19:36.124770+00:00
[2024-09-24T04:19:36.169+0000] {processor.py:176} INFO - Processing /home/airflow/.local/lib/python3.7/site-packages/airflow/example_dags/example_skip_dag.py took 0.413 seconds
[2024-09-24T04:20:07.013+0000] {processor.py:154} INFO - Started process (PID=14101) to work on /home/airflow/.local/lib/python3.7/site-packages/airflow/example_dags/example_skip_dag.py
[2024-09-24T04:20:07.015+0000] {processor.py:756} INFO - Processing file /home/airflow/.local/lib/python3.7/site-packages/airflow/example_dags/example_skip_dag.py for tasks to queue
[2024-09-24T04:20:07.016+0000] {logging_mixin.py:120} INFO - [2024-09-24T04:20:07.016+0000] {dagbag.py:537} INFO - Filling up the DagBag from /home/airflow/.local/lib/python3.7/site-packages/airflow/example_dags/example_skip_dag.py
[2024-09-24T04:20:07.042+0000] {processor.py:766} INFO - DAG(s) dict_keys(['example_skip_dag']) retrieved from /home/airflow/.local/lib/python3.7/site-packages/airflow/example_dags/example_skip_dag.py
[2024-09-24T04:20:07.121+0000] {logging_mixin.py:120} INFO - [2024-09-24T04:20:07.121+0000] {dag.py:2585} INFO - Sync 1 DAGs
[2024-09-24T04:20:07.163+0000] {logging_mixin.py:120} INFO - [2024-09-24T04:20:07.163+0000] {dag.py:3340} INFO - Setting next_dagrun for example_skip_dag to 2024-09-23T04:20:07.163295+00:00, run_after=2024-09-24T04:20:07.163295+00:00
[2024-09-24T04:20:07.197+0000] {processor.py:176} INFO - Processing /home/airflow/.local/lib/python3.7/site-packages/airflow/example_dags/example_skip_dag.py took 0.189 seconds
[2024-09-24T04:20:37.414+0000] {processor.py:154} INFO - Started process (PID=14163) to work on /home/airflow/.local/lib/python3.7/site-packages/airflow/example_dags/example_skip_dag.py
[2024-09-24T04:20:37.416+0000] {processor.py:756} INFO - Processing file /home/airflow/.local/lib/python3.7/site-packages/airflow/example_dags/example_skip_dag.py for tasks to queue
[2024-09-24T04:20:37.417+0000] {logging_mixin.py:120} INFO - [2024-09-24T04:20:37.417+0000] {dagbag.py:537} INFO - Filling up the DagBag from /home/airflow/.local/lib/python3.7/site-packages/airflow/example_dags/example_skip_dag.py
[2024-09-24T04:20:37.437+0000] {processor.py:766} INFO - DAG(s) dict_keys(['example_skip_dag']) retrieved from /home/airflow/.local/lib/python3.7/site-packages/airflow/example_dags/example_skip_dag.py
[2024-09-24T04:20:37.491+0000] {logging_mixin.py:120} INFO - [2024-09-24T04:20:37.491+0000] {dag.py:2585} INFO - Sync 1 DAGs
[2024-09-24T04:20:37.524+0000] {logging_mixin.py:120} INFO - [2024-09-24T04:20:37.524+0000] {dag.py:3340} INFO - Setting next_dagrun for example_skip_dag to 2024-09-23T04:20:37.523878+00:00, run_after=2024-09-24T04:20:37.523878+00:00
[2024-09-24T04:20:37.555+0000] {processor.py:176} INFO - Processing /home/airflow/.local/lib/python3.7/site-packages/airflow/example_dags/example_skip_dag.py took 0.145 seconds
[2024-09-24T04:21:07.960+0000] {processor.py:154} INFO - Started process (PID=14217) to work on /home/airflow/.local/lib/python3.7/site-packages/airflow/example_dags/example_skip_dag.py
[2024-09-24T04:21:07.962+0000] {processor.py:756} INFO - Processing file /home/airflow/.local/lib/python3.7/site-packages/airflow/example_dags/example_skip_dag.py for tasks to queue
[2024-09-24T04:21:07.963+0000] {logging_mixin.py:120} INFO - [2024-09-24T04:21:07.963+0000] {dagbag.py:537} INFO - Filling up the DagBag from /home/airflow/.local/lib/python3.7/site-packages/airflow/example_dags/example_skip_dag.py
[2024-09-24T04:21:07.991+0000] {processor.py:766} INFO - DAG(s) dict_keys(['example_skip_dag']) retrieved from /home/airflow/.local/lib/python3.7/site-packages/airflow/example_dags/example_skip_dag.py
[2024-09-24T04:21:08.081+0000] {logging_mixin.py:120} INFO - [2024-09-24T04:21:08.081+0000] {dag.py:2585} INFO - Sync 1 DAGs
[2024-09-24T04:21:08.128+0000] {logging_mixin.py:120} INFO - [2024-09-24T04:21:08.127+0000] {dag.py:3340} INFO - Setting next_dagrun for example_skip_dag to 2024-09-23T04:21:08.127394+00:00, run_after=2024-09-24T04:21:08.127394+00:00
[2024-09-24T04:21:08.157+0000] {processor.py:176} INFO - Processing /home/airflow/.local/lib/python3.7/site-packages/airflow/example_dags/example_skip_dag.py took 0.202 seconds
[2024-09-24T04:21:38.408+0000] {processor.py:154} INFO - Started process (PID=14280) to work on /home/airflow/.local/lib/python3.7/site-packages/airflow/example_dags/example_skip_dag.py
[2024-09-24T04:21:38.409+0000] {processor.py:756} INFO - Processing file /home/airflow/.local/lib/python3.7/site-packages/airflow/example_dags/example_skip_dag.py for tasks to queue
[2024-09-24T04:21:38.410+0000] {logging_mixin.py:120} INFO - [2024-09-24T04:21:38.410+0000] {dagbag.py:537} INFO - Filling up the DagBag from /home/airflow/.local/lib/python3.7/site-packages/airflow/example_dags/example_skip_dag.py
[2024-09-24T04:21:38.436+0000] {processor.py:766} INFO - DAG(s) dict_keys(['example_skip_dag']) retrieved from /home/airflow/.local/lib/python3.7/site-packages/airflow/example_dags/example_skip_dag.py
[2024-09-24T04:21:38.495+0000] {logging_mixin.py:120} INFO - [2024-09-24T04:21:38.495+0000] {dag.py:2585} INFO - Sync 1 DAGs
[2024-09-24T04:21:38.531+0000] {logging_mixin.py:120} INFO - [2024-09-24T04:21:38.531+0000] {dag.py:3340} INFO - Setting next_dagrun for example_skip_dag to 2024-09-23T04:21:38.530758+00:00, run_after=2024-09-24T04:21:38.530758+00:00
[2024-09-24T04:21:38.566+0000] {processor.py:176} INFO - Processing /home/airflow/.local/lib/python3.7/site-packages/airflow/example_dags/example_skip_dag.py took 0.163 seconds
[2024-09-24T04:22:08.706+0000] {processor.py:154} INFO - Started process (PID=14344) to work on /home/airflow/.local/lib/python3.7/site-packages/airflow/example_dags/example_skip_dag.py
[2024-09-24T04:22:08.708+0000] {processor.py:756} INFO - Processing file /home/airflow/.local/lib/python3.7/site-packages/airflow/example_dags/example_skip_dag.py for tasks to queue
[2024-09-24T04:22:08.709+0000] {logging_mixin.py:120} INFO - [2024-09-24T04:22:08.709+0000] {dagbag.py:537} INFO - Filling up the DagBag from /home/airflow/.local/lib/python3.7/site-packages/airflow/example_dags/example_skip_dag.py
[2024-09-24T04:22:08.734+0000] {processor.py:766} INFO - DAG(s) dict_keys(['example_skip_dag']) retrieved from /home/airflow/.local/lib/python3.7/site-packages/airflow/example_dags/example_skip_dag.py
[2024-09-24T04:22:08.794+0000] {logging_mixin.py:120} INFO - [2024-09-24T04:22:08.794+0000] {dag.py:2585} INFO - Sync 1 DAGs
[2024-09-24T04:22:08.832+0000] {logging_mixin.py:120} INFO - [2024-09-24T04:22:08.832+0000] {dag.py:3340} INFO - Setting next_dagrun for example_skip_dag to 2024-09-23T04:22:08.831856+00:00, run_after=2024-09-24T04:22:08.831856+00:00
[2024-09-24T04:22:08.859+0000] {processor.py:176} INFO - Processing /home/airflow/.local/lib/python3.7/site-packages/airflow/example_dags/example_skip_dag.py took 0.158 seconds
[2024-09-24T04:22:39.199+0000] {processor.py:154} INFO - Started process (PID=14398) to work on /home/airflow/.local/lib/python3.7/site-packages/airflow/example_dags/example_skip_dag.py
[2024-09-24T04:22:39.200+0000] {processor.py:756} INFO - Processing file /home/airflow/.local/lib/python3.7/site-packages/airflow/example_dags/example_skip_dag.py for tasks to queue
[2024-09-24T04:22:39.202+0000] {logging_mixin.py:120} INFO - [2024-09-24T04:22:39.202+0000] {dagbag.py:537} INFO - Filling up the DagBag from /home/airflow/.local/lib/python3.7/site-packages/airflow/example_dags/example_skip_dag.py
[2024-09-24T04:22:39.221+0000] {processor.py:766} INFO - DAG(s) dict_keys(['example_skip_dag']) retrieved from /home/airflow/.local/lib/python3.7/site-packages/airflow/example_dags/example_skip_dag.py
[2024-09-24T04:22:39.278+0000] {logging_mixin.py:120} INFO - [2024-09-24T04:22:39.277+0000] {dag.py:2585} INFO - Sync 1 DAGs
[2024-09-24T04:22:39.315+0000] {logging_mixin.py:120} INFO - [2024-09-24T04:22:39.315+0000] {dag.py:3340} INFO - Setting next_dagrun for example_skip_dag to 2024-09-23T04:22:39.315233+00:00, run_after=2024-09-24T04:22:39.315233+00:00
[2024-09-24T04:22:39.338+0000] {processor.py:176} INFO - Processing /home/airflow/.local/lib/python3.7/site-packages/airflow/example_dags/example_skip_dag.py took 0.143 seconds
[2024-09-24T04:23:09.363+0000] {processor.py:154} INFO - Started process (PID=14461) to work on /home/airflow/.local/lib/python3.7/site-packages/airflow/example_dags/example_skip_dag.py
[2024-09-24T04:23:09.365+0000] {processor.py:756} INFO - Processing file /home/airflow/.local/lib/python3.7/site-packages/airflow/example_dags/example_skip_dag.py for tasks to queue
[2024-09-24T04:23:09.367+0000] {logging_mixin.py:120} INFO - [2024-09-24T04:23:09.367+0000] {dagbag.py:537} INFO - Filling up the DagBag from /home/airflow/.local/lib/python3.7/site-packages/airflow/example_dags/example_skip_dag.py
[2024-09-24T04:23:09.385+0000] {processor.py:766} INFO - DAG(s) dict_keys(['example_skip_dag']) retrieved from /home/airflow/.local/lib/python3.7/site-packages/airflow/example_dags/example_skip_dag.py
[2024-09-24T04:23:09.435+0000] {logging_mixin.py:120} INFO - [2024-09-24T04:23:09.435+0000] {dag.py:2585} INFO - Sync 1 DAGs
[2024-09-24T04:23:09.465+0000] {logging_mixin.py:120} INFO - [2024-09-24T04:23:09.465+0000] {dag.py:3340} INFO - Setting next_dagrun for example_skip_dag to 2024-09-23T04:23:09.465228+00:00, run_after=2024-09-24T04:23:09.465228+00:00
[2024-09-24T04:23:09.491+0000] {processor.py:176} INFO - Processing /home/airflow/.local/lib/python3.7/site-packages/airflow/example_dags/example_skip_dag.py took 0.132 seconds
[2024-09-24T04:23:40.518+0000] {processor.py:154} INFO - Started process (PID=14524) to work on /home/airflow/.local/lib/python3.7/site-packages/airflow/example_dags/example_skip_dag.py
[2024-09-24T04:23:40.519+0000] {processor.py:756} INFO - Processing file /home/airflow/.local/lib/python3.7/site-packages/airflow/example_dags/example_skip_dag.py for tasks to queue
[2024-09-24T04:23:40.521+0000] {logging_mixin.py:120} INFO - [2024-09-24T04:23:40.520+0000] {dagbag.py:537} INFO - Filling up the DagBag from /home/airflow/.local/lib/python3.7/site-packages/airflow/example_dags/example_skip_dag.py
[2024-09-24T04:23:40.539+0000] {processor.py:766} INFO - DAG(s) dict_keys(['example_skip_dag']) retrieved from /home/airflow/.local/lib/python3.7/site-packages/airflow/example_dags/example_skip_dag.py
[2024-09-24T04:23:40.591+0000] {logging_mixin.py:120} INFO - [2024-09-24T04:23:40.591+0000] {dag.py:2585} INFO - Sync 1 DAGs
[2024-09-24T04:23:40.624+0000] {logging_mixin.py:120} INFO - [2024-09-24T04:23:40.624+0000] {dag.py:3340} INFO - Setting next_dagrun for example_skip_dag to 2024-09-23T04:23:40.623803+00:00, run_after=2024-09-24T04:23:40.623803+00:00
[2024-09-24T04:23:40.652+0000] {processor.py:176} INFO - Processing /home/airflow/.local/lib/python3.7/site-packages/airflow/example_dags/example_skip_dag.py took 0.138 seconds
[2024-09-24T04:24:10.886+0000] {processor.py:154} INFO - Started process (PID=14577) to work on /home/airflow/.local/lib/python3.7/site-packages/airflow/example_dags/example_skip_dag.py
[2024-09-24T04:24:10.887+0000] {processor.py:756} INFO - Processing file /home/airflow/.local/lib/python3.7/site-packages/airflow/example_dags/example_skip_dag.py for tasks to queue
[2024-09-24T04:24:10.888+0000] {logging_mixin.py:120} INFO - [2024-09-24T04:24:10.888+0000] {dagbag.py:537} INFO - Filling up the DagBag from /home/airflow/.local/lib/python3.7/site-packages/airflow/example_dags/example_skip_dag.py
[2024-09-24T04:24:10.906+0000] {processor.py:766} INFO - DAG(s) dict_keys(['example_skip_dag']) retrieved from /home/airflow/.local/lib/python3.7/site-packages/airflow/example_dags/example_skip_dag.py
[2024-09-24T04:24:10.957+0000] {logging_mixin.py:120} INFO - [2024-09-24T04:24:10.956+0000] {dag.py:2585} INFO - Sync 1 DAGs
[2024-09-24T04:24:10.990+0000] {logging_mixin.py:120} INFO - [2024-09-24T04:24:10.990+0000] {dag.py:3340} INFO - Setting next_dagrun for example_skip_dag to 2024-09-23T04:24:10.990535+00:00, run_after=2024-09-24T04:24:10.990535+00:00
[2024-09-24T04:24:11.016+0000] {processor.py:176} INFO - Processing /home/airflow/.local/lib/python3.7/site-packages/airflow/example_dags/example_skip_dag.py took 0.134 seconds
[2024-09-24T04:24:41.817+0000] {processor.py:154} INFO - Started process (PID=14640) to work on /home/airflow/.local/lib/python3.7/site-packages/airflow/example_dags/example_skip_dag.py
[2024-09-24T04:24:41.818+0000] {processor.py:756} INFO - Processing file /home/airflow/.local/lib/python3.7/site-packages/airflow/example_dags/example_skip_dag.py for tasks to queue
[2024-09-24T04:24:41.819+0000] {logging_mixin.py:120} INFO - [2024-09-24T04:24:41.819+0000] {dagbag.py:537} INFO - Filling up the DagBag from /home/airflow/.local/lib/python3.7/site-packages/airflow/example_dags/example_skip_dag.py
[2024-09-24T04:24:41.841+0000] {processor.py:766} INFO - DAG(s) dict_keys(['example_skip_dag']) retrieved from /home/airflow/.local/lib/python3.7/site-packages/airflow/example_dags/example_skip_dag.py
[2024-09-24T04:24:41.901+0000] {logging_mixin.py:120} INFO - [2024-09-24T04:24:41.900+0000] {dag.py:2585} INFO - Sync 1 DAGs
[2024-09-24T04:24:41.935+0000] {logging_mixin.py:120} INFO - [2024-09-24T04:24:41.935+0000] {dag.py:3340} INFO - Setting next_dagrun for example_skip_dag to 2024-09-23T04:24:41.935071+00:00, run_after=2024-09-24T04:24:41.935071+00:00
[2024-09-24T04:24:41.958+0000] {processor.py:176} INFO - Processing /home/airflow/.local/lib/python3.7/site-packages/airflow/example_dags/example_skip_dag.py took 0.146 seconds
[2024-09-24T04:25:12.238+0000] {processor.py:154} INFO - Started process (PID=14703) to work on /home/airflow/.local/lib/python3.7/site-packages/airflow/example_dags/example_skip_dag.py
[2024-09-24T04:25:12.240+0000] {processor.py:756} INFO - Processing file /home/airflow/.local/lib/python3.7/site-packages/airflow/example_dags/example_skip_dag.py for tasks to queue
[2024-09-24T04:25:12.241+0000] {logging_mixin.py:120} INFO - [2024-09-24T04:25:12.241+0000] {dagbag.py:537} INFO - Filling up the DagBag from /home/airflow/.local/lib/python3.7/site-packages/airflow/example_dags/example_skip_dag.py
[2024-09-24T04:25:12.259+0000] {processor.py:766} INFO - DAG(s) dict_keys(['example_skip_dag']) retrieved from /home/airflow/.local/lib/python3.7/site-packages/airflow/example_dags/example_skip_dag.py
[2024-09-24T04:25:12.312+0000] {logging_mixin.py:120} INFO - [2024-09-24T04:25:12.312+0000] {dag.py:2585} INFO - Sync 1 DAGs
[2024-09-24T04:25:12.344+0000] {logging_mixin.py:120} INFO - [2024-09-24T04:25:12.343+0000] {dag.py:3340} INFO - Setting next_dagrun for example_skip_dag to 2024-09-23T04:25:12.343527+00:00, run_after=2024-09-24T04:25:12.343527+00:00
[2024-09-24T04:25:12.375+0000] {processor.py:176} INFO - Processing /home/airflow/.local/lib/python3.7/site-packages/airflow/example_dags/example_skip_dag.py took 0.140 seconds
[2024-09-24T04:25:43.441+0000] {processor.py:154} INFO - Started process (PID=14756) to work on /home/airflow/.local/lib/python3.7/site-packages/airflow/example_dags/example_skip_dag.py
[2024-09-24T04:25:43.442+0000] {processor.py:756} INFO - Processing file /home/airflow/.local/lib/python3.7/site-packages/airflow/example_dags/example_skip_dag.py for tasks to queue
[2024-09-24T04:25:43.444+0000] {logging_mixin.py:120} INFO - [2024-09-24T04:25:43.443+0000] {dagbag.py:537} INFO - Filling up the DagBag from /home/airflow/.local/lib/python3.7/site-packages/airflow/example_dags/example_skip_dag.py
[2024-09-24T04:25:43.466+0000] {processor.py:766} INFO - DAG(s) dict_keys(['example_skip_dag']) retrieved from /home/airflow/.local/lib/python3.7/site-packages/airflow/example_dags/example_skip_dag.py
[2024-09-24T04:25:43.527+0000] {logging_mixin.py:120} INFO - [2024-09-24T04:25:43.527+0000] {dag.py:2585} INFO - Sync 1 DAGs
[2024-09-24T04:25:43.561+0000] {logging_mixin.py:120} INFO - [2024-09-24T04:25:43.561+0000] {dag.py:3340} INFO - Setting next_dagrun for example_skip_dag to 2024-09-23T04:25:43.561228+00:00, run_after=2024-09-24T04:25:43.561228+00:00
[2024-09-24T04:25:43.589+0000] {processor.py:176} INFO - Processing /home/airflow/.local/lib/python3.7/site-packages/airflow/example_dags/example_skip_dag.py took 0.153 seconds
[2024-09-24T04:26:14.686+0000] {processor.py:154} INFO - Started process (PID=14819) to work on /home/airflow/.local/lib/python3.7/site-packages/airflow/example_dags/example_skip_dag.py
[2024-09-24T04:26:14.687+0000] {processor.py:756} INFO - Processing file /home/airflow/.local/lib/python3.7/site-packages/airflow/example_dags/example_skip_dag.py for tasks to queue
[2024-09-24T04:26:14.688+0000] {logging_mixin.py:120} INFO - [2024-09-24T04:26:14.688+0000] {dagbag.py:537} INFO - Filling up the DagBag from /home/airflow/.local/lib/python3.7/site-packages/airflow/example_dags/example_skip_dag.py
[2024-09-24T04:26:14.707+0000] {processor.py:766} INFO - DAG(s) dict_keys(['example_skip_dag']) retrieved from /home/airflow/.local/lib/python3.7/site-packages/airflow/example_dags/example_skip_dag.py
[2024-09-24T04:26:14.756+0000] {logging_mixin.py:120} INFO - [2024-09-24T04:26:14.756+0000] {dag.py:2585} INFO - Sync 1 DAGs
[2024-09-24T04:26:14.788+0000] {logging_mixin.py:120} INFO - [2024-09-24T04:26:14.788+0000] {dag.py:3340} INFO - Setting next_dagrun for example_skip_dag to 2024-09-23T04:26:14.788465+00:00, run_after=2024-09-24T04:26:14.788465+00:00
[2024-09-24T04:26:14.815+0000] {processor.py:176} INFO - Processing /home/airflow/.local/lib/python3.7/site-packages/airflow/example_dags/example_skip_dag.py took 0.133 seconds
[2024-09-24T04:26:45.249+0000] {processor.py:154} INFO - Started process (PID=14881) to work on /home/airflow/.local/lib/python3.7/site-packages/airflow/example_dags/example_skip_dag.py
[2024-09-24T04:26:45.250+0000] {processor.py:756} INFO - Processing file /home/airflow/.local/lib/python3.7/site-packages/airflow/example_dags/example_skip_dag.py for tasks to queue
[2024-09-24T04:26:45.252+0000] {logging_mixin.py:120} INFO - [2024-09-24T04:26:45.251+0000] {dagbag.py:537} INFO - Filling up the DagBag from /home/airflow/.local/lib/python3.7/site-packages/airflow/example_dags/example_skip_dag.py
[2024-09-24T04:26:45.274+0000] {processor.py:766} INFO - DAG(s) dict_keys(['example_skip_dag']) retrieved from /home/airflow/.local/lib/python3.7/site-packages/airflow/example_dags/example_skip_dag.py
[2024-09-24T04:26:45.333+0000] {logging_mixin.py:120} INFO - [2024-09-24T04:26:45.333+0000] {dag.py:2585} INFO - Sync 1 DAGs
[2024-09-24T04:26:45.365+0000] {logging_mixin.py:120} INFO - [2024-09-24T04:26:45.365+0000] {dag.py:3340} INFO - Setting next_dagrun for example_skip_dag to 2024-09-23T04:26:45.364796+00:00, run_after=2024-09-24T04:26:45.364796+00:00
[2024-09-24T04:26:45.389+0000] {processor.py:176} INFO - Processing /home/airflow/.local/lib/python3.7/site-packages/airflow/example_dags/example_skip_dag.py took 0.145 seconds
[2024-09-24T04:27:15.826+0000] {processor.py:154} INFO - Started process (PID=14943) to work on /home/airflow/.local/lib/python3.7/site-packages/airflow/example_dags/example_skip_dag.py
[2024-09-24T04:27:15.828+0000] {processor.py:756} INFO - Processing file /home/airflow/.local/lib/python3.7/site-packages/airflow/example_dags/example_skip_dag.py for tasks to queue
[2024-09-24T04:27:15.831+0000] {logging_mixin.py:120} INFO - [2024-09-24T04:27:15.831+0000] {dagbag.py:537} INFO - Filling up the DagBag from /home/airflow/.local/lib/python3.7/site-packages/airflow/example_dags/example_skip_dag.py
[2024-09-24T04:27:15.857+0000] {processor.py:766} INFO - DAG(s) dict_keys(['example_skip_dag']) retrieved from /home/airflow/.local/lib/python3.7/site-packages/airflow/example_dags/example_skip_dag.py
[2024-09-24T04:27:15.925+0000] {logging_mixin.py:120} INFO - [2024-09-24T04:27:15.925+0000] {dag.py:2585} INFO - Sync 1 DAGs
[2024-09-24T04:27:15.963+0000] {logging_mixin.py:120} INFO - [2024-09-24T04:27:15.963+0000] {dag.py:3340} INFO - Setting next_dagrun for example_skip_dag to 2024-09-23T04:27:15.962837+00:00, run_after=2024-09-24T04:27:15.962837+00:00
[2024-09-24T04:27:15.990+0000] {processor.py:176} INFO - Processing /home/airflow/.local/lib/python3.7/site-packages/airflow/example_dags/example_skip_dag.py took 0.169 seconds
[2024-09-24T04:27:46.195+0000] {processor.py:154} INFO - Started process (PID=14997) to work on /home/airflow/.local/lib/python3.7/site-packages/airflow/example_dags/example_skip_dag.py
[2024-09-24T04:27:46.196+0000] {processor.py:756} INFO - Processing file /home/airflow/.local/lib/python3.7/site-packages/airflow/example_dags/example_skip_dag.py for tasks to queue
[2024-09-24T04:27:46.197+0000] {logging_mixin.py:120} INFO - [2024-09-24T04:27:46.197+0000] {dagbag.py:537} INFO - Filling up the DagBag from /home/airflow/.local/lib/python3.7/site-packages/airflow/example_dags/example_skip_dag.py
[2024-09-24T04:27:46.216+0000] {processor.py:766} INFO - DAG(s) dict_keys(['example_skip_dag']) retrieved from /home/airflow/.local/lib/python3.7/site-packages/airflow/example_dags/example_skip_dag.py
[2024-09-24T04:27:46.266+0000] {logging_mixin.py:120} INFO - [2024-09-24T04:27:46.266+0000] {dag.py:2585} INFO - Sync 1 DAGs
[2024-09-24T04:27:46.300+0000] {logging_mixin.py:120} INFO - [2024-09-24T04:27:46.300+0000] {dag.py:3340} INFO - Setting next_dagrun for example_skip_dag to 2024-09-23T04:27:46.299945+00:00, run_after=2024-09-24T04:27:46.299945+00:00
[2024-09-24T04:27:46.325+0000] {processor.py:176} INFO - Processing /home/airflow/.local/lib/python3.7/site-packages/airflow/example_dags/example_skip_dag.py took 0.134 seconds
[2024-09-24T04:28:16.653+0000] {processor.py:154} INFO - Started process (PID=15060) to work on /home/airflow/.local/lib/python3.7/site-packages/airflow/example_dags/example_skip_dag.py
[2024-09-24T04:28:16.655+0000] {processor.py:756} INFO - Processing file /home/airflow/.local/lib/python3.7/site-packages/airflow/example_dags/example_skip_dag.py for tasks to queue
[2024-09-24T04:28:16.655+0000] {logging_mixin.py:120} INFO - [2024-09-24T04:28:16.655+0000] {dagbag.py:537} INFO - Filling up the DagBag from /home/airflow/.local/lib/python3.7/site-packages/airflow/example_dags/example_skip_dag.py
[2024-09-24T04:28:16.674+0000] {processor.py:766} INFO - DAG(s) dict_keys(['example_skip_dag']) retrieved from /home/airflow/.local/lib/python3.7/site-packages/airflow/example_dags/example_skip_dag.py
[2024-09-24T04:28:16.727+0000] {logging_mixin.py:120} INFO - [2024-09-24T04:28:16.726+0000] {dag.py:2585} INFO - Sync 1 DAGs
[2024-09-24T04:28:16.766+0000] {logging_mixin.py:120} INFO - [2024-09-24T04:28:16.766+0000] {dag.py:3340} INFO - Setting next_dagrun for example_skip_dag to 2024-09-23T04:28:16.766003+00:00, run_after=2024-09-24T04:28:16.766003+00:00
[2024-09-24T04:28:16.794+0000] {processor.py:176} INFO - Processing /home/airflow/.local/lib/python3.7/site-packages/airflow/example_dags/example_skip_dag.py took 0.145 seconds
[2024-09-24T04:28:47.143+0000] {processor.py:154} INFO - Started process (PID=15123) to work on /home/airflow/.local/lib/python3.7/site-packages/airflow/example_dags/example_skip_dag.py
[2024-09-24T04:28:47.144+0000] {processor.py:756} INFO - Processing file /home/airflow/.local/lib/python3.7/site-packages/airflow/example_dags/example_skip_dag.py for tasks to queue
[2024-09-24T04:28:47.145+0000] {logging_mixin.py:120} INFO - [2024-09-24T04:28:47.145+0000] {dagbag.py:537} INFO - Filling up the DagBag from /home/airflow/.local/lib/python3.7/site-packages/airflow/example_dags/example_skip_dag.py
[2024-09-24T04:28:47.163+0000] {processor.py:766} INFO - DAG(s) dict_keys(['example_skip_dag']) retrieved from /home/airflow/.local/lib/python3.7/site-packages/airflow/example_dags/example_skip_dag.py
[2024-09-24T04:28:47.218+0000] {logging_mixin.py:120} INFO - [2024-09-24T04:28:47.218+0000] {dag.py:2585} INFO - Sync 1 DAGs
[2024-09-24T04:28:47.250+0000] {logging_mixin.py:120} INFO - [2024-09-24T04:28:47.250+0000] {dag.py:3340} INFO - Setting next_dagrun for example_skip_dag to 2024-09-23T04:28:47.249706+00:00, run_after=2024-09-24T04:28:47.249706+00:00
[2024-09-24T04:28:47.274+0000] {processor.py:176} INFO - Processing /home/airflow/.local/lib/python3.7/site-packages/airflow/example_dags/example_skip_dag.py took 0.136 seconds
[2024-09-24T04:29:17.650+0000] {processor.py:154} INFO - Started process (PID=15177) to work on /home/airflow/.local/lib/python3.7/site-packages/airflow/example_dags/example_skip_dag.py
[2024-09-24T04:29:17.652+0000] {processor.py:756} INFO - Processing file /home/airflow/.local/lib/python3.7/site-packages/airflow/example_dags/example_skip_dag.py for tasks to queue
[2024-09-24T04:29:17.653+0000] {logging_mixin.py:120} INFO - [2024-09-24T04:29:17.653+0000] {dagbag.py:537} INFO - Filling up the DagBag from /home/airflow/.local/lib/python3.7/site-packages/airflow/example_dags/example_skip_dag.py
[2024-09-24T04:29:17.676+0000] {processor.py:766} INFO - DAG(s) dict_keys(['example_skip_dag']) retrieved from /home/airflow/.local/lib/python3.7/site-packages/airflow/example_dags/example_skip_dag.py
[2024-09-24T04:29:17.745+0000] {logging_mixin.py:120} INFO - [2024-09-24T04:29:17.745+0000] {dag.py:2585} INFO - Sync 1 DAGs
[2024-09-24T04:29:17.785+0000] {logging_mixin.py:120} INFO - [2024-09-24T04:29:17.785+0000] {dag.py:3340} INFO - Setting next_dagrun for example_skip_dag to 2024-09-23T04:29:17.784991+00:00, run_after=2024-09-24T04:29:17.784991+00:00
[2024-09-24T04:29:17.820+0000] {processor.py:176} INFO - Processing /home/airflow/.local/lib/python3.7/site-packages/airflow/example_dags/example_skip_dag.py took 0.177 seconds
[2024-09-24T04:29:48.880+0000] {processor.py:154} INFO - Started process (PID=15240) to work on /home/airflow/.local/lib/python3.7/site-packages/airflow/example_dags/example_skip_dag.py
[2024-09-24T04:29:48.882+0000] {processor.py:756} INFO - Processing file /home/airflow/.local/lib/python3.7/site-packages/airflow/example_dags/example_skip_dag.py for tasks to queue
[2024-09-24T04:29:48.883+0000] {logging_mixin.py:120} INFO - [2024-09-24T04:29:48.883+0000] {dagbag.py:537} INFO - Filling up the DagBag from /home/airflow/.local/lib/python3.7/site-packages/airflow/example_dags/example_skip_dag.py
[2024-09-24T04:29:48.909+0000] {processor.py:766} INFO - DAG(s) dict_keys(['example_skip_dag']) retrieved from /home/airflow/.local/lib/python3.7/site-packages/airflow/example_dags/example_skip_dag.py
[2024-09-24T04:29:48.989+0000] {logging_mixin.py:120} INFO - [2024-09-24T04:29:48.988+0000] {dag.py:2585} INFO - Sync 1 DAGs
[2024-09-24T04:29:49.031+0000] {logging_mixin.py:120} INFO - [2024-09-24T04:29:49.031+0000] {dag.py:3340} INFO - Setting next_dagrun for example_skip_dag to 2024-09-23T04:29:49.030715+00:00, run_after=2024-09-24T04:29:49.030715+00:00
[2024-09-24T04:29:49.063+0000] {processor.py:176} INFO - Processing /home/airflow/.local/lib/python3.7/site-packages/airflow/example_dags/example_skip_dag.py took 0.191 seconds
[2024-09-24T04:30:19.315+0000] {processor.py:154} INFO - Started process (PID=15303) to work on /home/airflow/.local/lib/python3.7/site-packages/airflow/example_dags/example_skip_dag.py
[2024-09-24T04:30:19.316+0000] {processor.py:756} INFO - Processing file /home/airflow/.local/lib/python3.7/site-packages/airflow/example_dags/example_skip_dag.py for tasks to queue
[2024-09-24T04:30:19.317+0000] {logging_mixin.py:120} INFO - [2024-09-24T04:30:19.317+0000] {dagbag.py:537} INFO - Filling up the DagBag from /home/airflow/.local/lib/python3.7/site-packages/airflow/example_dags/example_skip_dag.py
[2024-09-24T04:30:19.335+0000] {processor.py:766} INFO - DAG(s) dict_keys(['example_skip_dag']) retrieved from /home/airflow/.local/lib/python3.7/site-packages/airflow/example_dags/example_skip_dag.py
[2024-09-24T04:30:19.386+0000] {logging_mixin.py:120} INFO - [2024-09-24T04:30:19.386+0000] {dag.py:2585} INFO - Sync 1 DAGs
[2024-09-24T04:30:19.419+0000] {logging_mixin.py:120} INFO - [2024-09-24T04:30:19.418+0000] {dag.py:3340} INFO - Setting next_dagrun for example_skip_dag to 2024-09-23T04:30:19.418662+00:00, run_after=2024-09-24T04:30:19.418662+00:00
[2024-09-24T04:30:19.446+0000] {processor.py:176} INFO - Processing /home/airflow/.local/lib/python3.7/site-packages/airflow/example_dags/example_skip_dag.py took 0.135 seconds
[2024-09-24T04:30:49.704+0000] {processor.py:154} INFO - Started process (PID=15357) to work on /home/airflow/.local/lib/python3.7/site-packages/airflow/example_dags/example_skip_dag.py
[2024-09-24T04:30:49.705+0000] {processor.py:756} INFO - Processing file /home/airflow/.local/lib/python3.7/site-packages/airflow/example_dags/example_skip_dag.py for tasks to queue
[2024-09-24T04:30:49.706+0000] {logging_mixin.py:120} INFO - [2024-09-24T04:30:49.706+0000] {dagbag.py:537} INFO - Filling up the DagBag from /home/airflow/.local/lib/python3.7/site-packages/airflow/example_dags/example_skip_dag.py
[2024-09-24T04:30:49.724+0000] {processor.py:766} INFO - DAG(s) dict_keys(['example_skip_dag']) retrieved from /home/airflow/.local/lib/python3.7/site-packages/airflow/example_dags/example_skip_dag.py
[2024-09-24T04:30:49.774+0000] {logging_mixin.py:120} INFO - [2024-09-24T04:30:49.774+0000] {dag.py:2585} INFO - Sync 1 DAGs
[2024-09-24T04:30:49.804+0000] {logging_mixin.py:120} INFO - [2024-09-24T04:30:49.804+0000] {dag.py:3340} INFO - Setting next_dagrun for example_skip_dag to 2024-09-23T04:30:49.804040+00:00, run_after=2024-09-24T04:30:49.804040+00:00
[2024-09-24T04:30:49.828+0000] {processor.py:176} INFO - Processing /home/airflow/.local/lib/python3.7/site-packages/airflow/example_dags/example_skip_dag.py took 0.128 seconds
[2024-09-24T04:31:20.247+0000] {processor.py:154} INFO - Started process (PID=15420) to work on /home/airflow/.local/lib/python3.7/site-packages/airflow/example_dags/example_skip_dag.py
[2024-09-24T04:31:20.248+0000] {processor.py:756} INFO - Processing file /home/airflow/.local/lib/python3.7/site-packages/airflow/example_dags/example_skip_dag.py for tasks to queue
[2024-09-24T04:31:20.249+0000] {logging_mixin.py:120} INFO - [2024-09-24T04:31:20.249+0000] {dagbag.py:537} INFO - Filling up the DagBag from /home/airflow/.local/lib/python3.7/site-packages/airflow/example_dags/example_skip_dag.py
[2024-09-24T04:31:20.267+0000] {processor.py:766} INFO - DAG(s) dict_keys(['example_skip_dag']) retrieved from /home/airflow/.local/lib/python3.7/site-packages/airflow/example_dags/example_skip_dag.py
[2024-09-24T04:31:20.318+0000] {logging_mixin.py:120} INFO - [2024-09-24T04:31:20.318+0000] {dag.py:2585} INFO - Sync 1 DAGs
[2024-09-24T04:31:20.349+0000] {logging_mixin.py:120} INFO - [2024-09-24T04:31:20.348+0000] {dag.py:3340} INFO - Setting next_dagrun for example_skip_dag to 2024-09-23T04:31:20.348521+00:00, run_after=2024-09-24T04:31:20.348521+00:00
[2024-09-24T04:31:20.373+0000] {processor.py:176} INFO - Processing /home/airflow/.local/lib/python3.7/site-packages/airflow/example_dags/example_skip_dag.py took 0.132 seconds
[2024-09-24T04:31:50.773+0000] {processor.py:154} INFO - Started process (PID=15481) to work on /home/airflow/.local/lib/python3.7/site-packages/airflow/example_dags/example_skip_dag.py
[2024-09-24T04:31:50.775+0000] {processor.py:756} INFO - Processing file /home/airflow/.local/lib/python3.7/site-packages/airflow/example_dags/example_skip_dag.py for tasks to queue
[2024-09-24T04:31:50.776+0000] {logging_mixin.py:120} INFO - [2024-09-24T04:31:50.776+0000] {dagbag.py:537} INFO - Filling up the DagBag from /home/airflow/.local/lib/python3.7/site-packages/airflow/example_dags/example_skip_dag.py
[2024-09-24T04:31:50.797+0000] {processor.py:766} INFO - DAG(s) dict_keys(['example_skip_dag']) retrieved from /home/airflow/.local/lib/python3.7/site-packages/airflow/example_dags/example_skip_dag.py
[2024-09-24T04:31:50.861+0000] {logging_mixin.py:120} INFO - [2024-09-24T04:31:50.860+0000] {dag.py:2585} INFO - Sync 1 DAGs
[2024-09-24T04:31:50.903+0000] {logging_mixin.py:120} INFO - [2024-09-24T04:31:50.903+0000] {dag.py:3340} INFO - Setting next_dagrun for example_skip_dag to 2024-09-23T04:31:50.903171+00:00, run_after=2024-09-24T04:31:50.903171+00:00
[2024-09-24T04:31:50.941+0000] {processor.py:176} INFO - Processing /home/airflow/.local/lib/python3.7/site-packages/airflow/example_dags/example_skip_dag.py took 0.173 seconds
[2024-09-24T04:32:21.837+0000] {processor.py:154} INFO - Started process (PID=15537) to work on /home/airflow/.local/lib/python3.7/site-packages/airflow/example_dags/example_skip_dag.py
[2024-09-24T04:32:21.839+0000] {processor.py:756} INFO - Processing file /home/airflow/.local/lib/python3.7/site-packages/airflow/example_dags/example_skip_dag.py for tasks to queue
[2024-09-24T04:32:21.840+0000] {logging_mixin.py:120} INFO - [2024-09-24T04:32:21.840+0000] {dagbag.py:537} INFO - Filling up the DagBag from /home/airflow/.local/lib/python3.7/site-packages/airflow/example_dags/example_skip_dag.py
[2024-09-24T04:32:21.860+0000] {processor.py:766} INFO - DAG(s) dict_keys(['example_skip_dag']) retrieved from /home/airflow/.local/lib/python3.7/site-packages/airflow/example_dags/example_skip_dag.py
[2024-09-24T04:32:21.921+0000] {logging_mixin.py:120} INFO - [2024-09-24T04:32:21.921+0000] {dag.py:2585} INFO - Sync 1 DAGs
[2024-09-24T04:32:21.959+0000] {logging_mixin.py:120} INFO - [2024-09-24T04:32:21.959+0000] {dag.py:3340} INFO - Setting next_dagrun for example_skip_dag to 2024-09-23T04:32:21.958715+00:00, run_after=2024-09-24T04:32:21.958715+00:00
[2024-09-24T04:32:21.989+0000] {processor.py:176} INFO - Processing /home/airflow/.local/lib/python3.7/site-packages/airflow/example_dags/example_skip_dag.py took 0.157 seconds
[2024-09-24T04:32:52.755+0000] {processor.py:154} INFO - Started process (PID=15600) to work on /home/airflow/.local/lib/python3.7/site-packages/airflow/example_dags/example_skip_dag.py
[2024-09-24T04:32:52.756+0000] {processor.py:756} INFO - Processing file /home/airflow/.local/lib/python3.7/site-packages/airflow/example_dags/example_skip_dag.py for tasks to queue
[2024-09-24T04:32:52.757+0000] {logging_mixin.py:120} INFO - [2024-09-24T04:32:52.757+0000] {dagbag.py:537} INFO - Filling up the DagBag from /home/airflow/.local/lib/python3.7/site-packages/airflow/example_dags/example_skip_dag.py
[2024-09-24T04:32:52.781+0000] {processor.py:766} INFO - DAG(s) dict_keys(['example_skip_dag']) retrieved from /home/airflow/.local/lib/python3.7/site-packages/airflow/example_dags/example_skip_dag.py
[2024-09-24T04:32:52.842+0000] {logging_mixin.py:120} INFO - [2024-09-24T04:32:52.842+0000] {dag.py:2585} INFO - Sync 1 DAGs
[2024-09-24T04:32:52.883+0000] {logging_mixin.py:120} INFO - [2024-09-24T04:32:52.882+0000] {dag.py:3340} INFO - Setting next_dagrun for example_skip_dag to 2024-09-23T04:32:52.882693+00:00, run_after=2024-09-24T04:32:52.882693+00:00
[2024-09-24T04:32:52.915+0000] {processor.py:176} INFO - Processing /home/airflow/.local/lib/python3.7/site-packages/airflow/example_dags/example_skip_dag.py took 0.165 seconds
[2024-09-24T04:33:23.646+0000] {processor.py:154} INFO - Started process (PID=15654) to work on /home/airflow/.local/lib/python3.7/site-packages/airflow/example_dags/example_skip_dag.py
[2024-09-24T04:33:23.648+0000] {processor.py:756} INFO - Processing file /home/airflow/.local/lib/python3.7/site-packages/airflow/example_dags/example_skip_dag.py for tasks to queue
[2024-09-24T04:33:23.649+0000] {logging_mixin.py:120} INFO - [2024-09-24T04:33:23.649+0000] {dagbag.py:537} INFO - Filling up the DagBag from /home/airflow/.local/lib/python3.7/site-packages/airflow/example_dags/example_skip_dag.py
[2024-09-24T04:33:23.670+0000] {processor.py:766} INFO - DAG(s) dict_keys(['example_skip_dag']) retrieved from /home/airflow/.local/lib/python3.7/site-packages/airflow/example_dags/example_skip_dag.py
[2024-09-24T04:33:23.732+0000] {logging_mixin.py:120} INFO - [2024-09-24T04:33:23.732+0000] {dag.py:2585} INFO - Sync 1 DAGs
[2024-09-24T04:33:23.772+0000] {logging_mixin.py:120} INFO - [2024-09-24T04:33:23.772+0000] {dag.py:3340} INFO - Setting next_dagrun for example_skip_dag to 2024-09-23T04:33:23.771678+00:00, run_after=2024-09-24T04:33:23.771678+00:00
[2024-09-24T04:33:23.805+0000] {processor.py:176} INFO - Processing /home/airflow/.local/lib/python3.7/site-packages/airflow/example_dags/example_skip_dag.py took 0.163 seconds
[2024-09-24T04:33:54.054+0000] {processor.py:154} INFO - Started process (PID=15717) to work on /home/airflow/.local/lib/python3.7/site-packages/airflow/example_dags/example_skip_dag.py
[2024-09-24T04:33:54.055+0000] {processor.py:756} INFO - Processing file /home/airflow/.local/lib/python3.7/site-packages/airflow/example_dags/example_skip_dag.py for tasks to queue
[2024-09-24T04:33:54.056+0000] {logging_mixin.py:120} INFO - [2024-09-24T04:33:54.056+0000] {dagbag.py:537} INFO - Filling up the DagBag from /home/airflow/.local/lib/python3.7/site-packages/airflow/example_dags/example_skip_dag.py
[2024-09-24T04:33:54.076+0000] {processor.py:766} INFO - DAG(s) dict_keys(['example_skip_dag']) retrieved from /home/airflow/.local/lib/python3.7/site-packages/airflow/example_dags/example_skip_dag.py
[2024-09-24T04:33:54.130+0000] {logging_mixin.py:120} INFO - [2024-09-24T04:33:54.130+0000] {dag.py:2585} INFO - Sync 1 DAGs
[2024-09-24T04:33:54.169+0000] {logging_mixin.py:120} INFO - [2024-09-24T04:33:54.169+0000] {dag.py:3340} INFO - Setting next_dagrun for example_skip_dag to 2024-09-23T04:33:54.169183+00:00, run_after=2024-09-24T04:33:54.169183+00:00
[2024-09-24T04:33:54.201+0000] {processor.py:176} INFO - Processing /home/airflow/.local/lib/python3.7/site-packages/airflow/example_dags/example_skip_dag.py took 0.151 seconds
[2024-09-24T04:34:25.195+0000] {processor.py:154} INFO - Started process (PID=15781) to work on /home/airflow/.local/lib/python3.7/site-packages/airflow/example_dags/example_skip_dag.py
[2024-09-24T04:34:25.198+0000] {processor.py:756} INFO - Processing file /home/airflow/.local/lib/python3.7/site-packages/airflow/example_dags/example_skip_dag.py for tasks to queue
[2024-09-24T04:34:25.199+0000] {logging_mixin.py:120} INFO - [2024-09-24T04:34:25.199+0000] {dagbag.py:537} INFO - Filling up the DagBag from /home/airflow/.local/lib/python3.7/site-packages/airflow/example_dags/example_skip_dag.py
[2024-09-24T04:34:25.227+0000] {processor.py:766} INFO - DAG(s) dict_keys(['example_skip_dag']) retrieved from /home/airflow/.local/lib/python3.7/site-packages/airflow/example_dags/example_skip_dag.py
[2024-09-24T04:34:25.299+0000] {logging_mixin.py:120} INFO - [2024-09-24T04:34:25.298+0000] {dag.py:2585} INFO - Sync 1 DAGs
[2024-09-24T04:34:25.359+0000] {logging_mixin.py:120} INFO - [2024-09-24T04:34:25.358+0000] {dag.py:3340} INFO - Setting next_dagrun for example_skip_dag to 2024-09-23T04:34:25.357898+00:00, run_after=2024-09-24T04:34:25.357898+00:00
[2024-09-24T04:34:25.420+0000] {processor.py:176} INFO - Processing /home/airflow/.local/lib/python3.7/site-packages/airflow/example_dags/example_skip_dag.py took 0.231 seconds
[2024-09-24T04:34:55.837+0000] {processor.py:154} INFO - Started process (PID=15835) to work on /home/airflow/.local/lib/python3.7/site-packages/airflow/example_dags/example_skip_dag.py
[2024-09-24T04:34:55.839+0000] {processor.py:756} INFO - Processing file /home/airflow/.local/lib/python3.7/site-packages/airflow/example_dags/example_skip_dag.py for tasks to queue
[2024-09-24T04:34:55.842+0000] {logging_mixin.py:120} INFO - [2024-09-24T04:34:55.842+0000] {dagbag.py:537} INFO - Filling up the DagBag from /home/airflow/.local/lib/python3.7/site-packages/airflow/example_dags/example_skip_dag.py
[2024-09-24T04:34:55.868+0000] {processor.py:766} INFO - DAG(s) dict_keys(['example_skip_dag']) retrieved from /home/airflow/.local/lib/python3.7/site-packages/airflow/example_dags/example_skip_dag.py
[2024-09-24T04:34:55.933+0000] {logging_mixin.py:120} INFO - [2024-09-24T04:34:55.933+0000] {dag.py:2585} INFO - Sync 1 DAGs
[2024-09-24T04:34:55.975+0000] {logging_mixin.py:120} INFO - [2024-09-24T04:34:55.975+0000] {dag.py:3340} INFO - Setting next_dagrun for example_skip_dag to 2024-09-23T04:34:55.974796+00:00, run_after=2024-09-24T04:34:55.974796+00:00
[2024-09-24T04:34:56.009+0000] {processor.py:176} INFO - Processing /home/airflow/.local/lib/python3.7/site-packages/airflow/example_dags/example_skip_dag.py took 0.177 seconds
[2024-09-24T04:35:26.459+0000] {processor.py:154} INFO - Started process (PID=15898) to work on /home/airflow/.local/lib/python3.7/site-packages/airflow/example_dags/example_skip_dag.py
[2024-09-24T04:35:26.464+0000] {processor.py:756} INFO - Processing file /home/airflow/.local/lib/python3.7/site-packages/airflow/example_dags/example_skip_dag.py for tasks to queue
[2024-09-24T04:35:26.466+0000] {logging_mixin.py:120} INFO - [2024-09-24T04:35:26.466+0000] {dagbag.py:537} INFO - Filling up the DagBag from /home/airflow/.local/lib/python3.7/site-packages/airflow/example_dags/example_skip_dag.py
[2024-09-24T04:35:26.492+0000] {processor.py:766} INFO - DAG(s) dict_keys(['example_skip_dag']) retrieved from /home/airflow/.local/lib/python3.7/site-packages/airflow/example_dags/example_skip_dag.py
[2024-09-24T04:35:26.560+0000] {logging_mixin.py:120} INFO - [2024-09-24T04:35:26.560+0000] {dag.py:2585} INFO - Sync 1 DAGs
[2024-09-24T04:35:26.605+0000] {logging_mixin.py:120} INFO - [2024-09-24T04:35:26.604+0000] {dag.py:3340} INFO - Setting next_dagrun for example_skip_dag to 2024-09-23T04:35:26.604164+00:00, run_after=2024-09-24T04:35:26.604164+00:00
[2024-09-24T04:35:26.641+0000] {processor.py:176} INFO - Processing /home/airflow/.local/lib/python3.7/site-packages/airflow/example_dags/example_skip_dag.py took 0.187 seconds
[2024-09-24T04:35:57.726+0000] {processor.py:154} INFO - Started process (PID=15952) to work on /home/airflow/.local/lib/python3.7/site-packages/airflow/example_dags/example_skip_dag.py
[2024-09-24T04:35:57.728+0000] {processor.py:756} INFO - Processing file /home/airflow/.local/lib/python3.7/site-packages/airflow/example_dags/example_skip_dag.py for tasks to queue
[2024-09-24T04:35:57.729+0000] {logging_mixin.py:120} INFO - [2024-09-24T04:35:57.729+0000] {dagbag.py:537} INFO - Filling up the DagBag from /home/airflow/.local/lib/python3.7/site-packages/airflow/example_dags/example_skip_dag.py
[2024-09-24T04:35:57.757+0000] {processor.py:766} INFO - DAG(s) dict_keys(['example_skip_dag']) retrieved from /home/airflow/.local/lib/python3.7/site-packages/airflow/example_dags/example_skip_dag.py
[2024-09-24T04:35:57.834+0000] {logging_mixin.py:120} INFO - [2024-09-24T04:35:57.834+0000] {dag.py:2585} INFO - Sync 1 DAGs
[2024-09-24T04:35:57.881+0000] {logging_mixin.py:120} INFO - [2024-09-24T04:35:57.881+0000] {dag.py:3340} INFO - Setting next_dagrun for example_skip_dag to 2024-09-23T04:35:57.880828+00:00, run_after=2024-09-24T04:35:57.880828+00:00
[2024-09-24T04:35:57.920+0000] {processor.py:176} INFO - Processing /home/airflow/.local/lib/python3.7/site-packages/airflow/example_dags/example_skip_dag.py took 0.199 seconds
[2024-09-24T04:36:28.219+0000] {processor.py:154} INFO - Started process (PID=16015) to work on /home/airflow/.local/lib/python3.7/site-packages/airflow/example_dags/example_skip_dag.py
[2024-09-24T04:36:28.221+0000] {processor.py:756} INFO - Processing file /home/airflow/.local/lib/python3.7/site-packages/airflow/example_dags/example_skip_dag.py for tasks to queue
[2024-09-24T04:36:28.222+0000] {logging_mixin.py:120} INFO - [2024-09-24T04:36:28.222+0000] {dagbag.py:537} INFO - Filling up the DagBag from /home/airflow/.local/lib/python3.7/site-packages/airflow/example_dags/example_skip_dag.py
[2024-09-24T04:36:28.244+0000] {processor.py:766} INFO - DAG(s) dict_keys(['example_skip_dag']) retrieved from /home/airflow/.local/lib/python3.7/site-packages/airflow/example_dags/example_skip_dag.py
[2024-09-24T04:36:28.311+0000] {logging_mixin.py:120} INFO - [2024-09-24T04:36:28.311+0000] {dag.py:2585} INFO - Sync 1 DAGs
[2024-09-24T04:36:28.358+0000] {logging_mixin.py:120} INFO - [2024-09-24T04:36:28.358+0000] {dag.py:3340} INFO - Setting next_dagrun for example_skip_dag to 2024-09-23T04:36:28.358391+00:00, run_after=2024-09-24T04:36:28.358391+00:00
[2024-09-24T04:36:28.398+0000] {processor.py:176} INFO - Processing /home/airflow/.local/lib/python3.7/site-packages/airflow/example_dags/example_skip_dag.py took 0.186 seconds
[2024-09-24T04:36:58.738+0000] {processor.py:154} INFO - Started process (PID=16069) to work on /home/airflow/.local/lib/python3.7/site-packages/airflow/example_dags/example_skip_dag.py
[2024-09-24T04:36:58.740+0000] {processor.py:756} INFO - Processing file /home/airflow/.local/lib/python3.7/site-packages/airflow/example_dags/example_skip_dag.py for tasks to queue
[2024-09-24T04:36:58.742+0000] {logging_mixin.py:120} INFO - [2024-09-24T04:36:58.741+0000] {dagbag.py:537} INFO - Filling up the DagBag from /home/airflow/.local/lib/python3.7/site-packages/airflow/example_dags/example_skip_dag.py
[2024-09-24T04:36:58.763+0000] {processor.py:766} INFO - DAG(s) dict_keys(['example_skip_dag']) retrieved from /home/airflow/.local/lib/python3.7/site-packages/airflow/example_dags/example_skip_dag.py
[2024-09-24T04:36:58.821+0000] {logging_mixin.py:120} INFO - [2024-09-24T04:36:58.821+0000] {dag.py:2585} INFO - Sync 1 DAGs
[2024-09-24T04:36:58.859+0000] {logging_mixin.py:120} INFO - [2024-09-24T04:36:58.859+0000] {dag.py:3340} INFO - Setting next_dagrun for example_skip_dag to 2024-09-23T04:36:58.859089+00:00, run_after=2024-09-24T04:36:58.859089+00:00
[2024-09-24T04:36:58.885+0000] {processor.py:176} INFO - Processing /home/airflow/.local/lib/python3.7/site-packages/airflow/example_dags/example_skip_dag.py took 0.152 seconds
[2024-09-24T04:37:55.794+0000] {processor.py:154} INFO - Started process (PID=16136) to work on /home/airflow/.local/lib/python3.7/site-packages/airflow/example_dags/example_skip_dag.py
[2024-09-24T04:37:55.797+0000] {processor.py:756} INFO - Processing file /home/airflow/.local/lib/python3.7/site-packages/airflow/example_dags/example_skip_dag.py for tasks to queue
[2024-09-24T04:37:55.799+0000] {logging_mixin.py:120} INFO - [2024-09-24T04:37:55.799+0000] {dagbag.py:537} INFO - Filling up the DagBag from /home/airflow/.local/lib/python3.7/site-packages/airflow/example_dags/example_skip_dag.py
[2024-09-24T04:37:55.898+0000] {processor.py:766} INFO - DAG(s) dict_keys(['example_skip_dag']) retrieved from /home/airflow/.local/lib/python3.7/site-packages/airflow/example_dags/example_skip_dag.py
[2024-09-24T04:37:56.091+0000] {logging_mixin.py:120} INFO - [2024-09-24T04:37:56.091+0000] {dag.py:2585} INFO - Sync 1 DAGs
[2024-09-24T04:37:56.159+0000] {logging_mixin.py:120} INFO - [2024-09-24T04:37:56.159+0000] {dag.py:3340} INFO - Setting next_dagrun for example_skip_dag to 2024-09-23T04:37:56.158774+00:00, run_after=2024-09-24T04:37:56.158774+00:00
[2024-09-24T04:37:56.215+0000] {processor.py:176} INFO - Processing /home/airflow/.local/lib/python3.7/site-packages/airflow/example_dags/example_skip_dag.py took 0.424 seconds
[2024-09-24T06:15:53.147+0000] {processor.py:154} INFO - Started process (PID=16209) to work on /home/airflow/.local/lib/python3.7/site-packages/airflow/example_dags/example_skip_dag.py
[2024-09-24T06:15:53.149+0000] {processor.py:756} INFO - Processing file /home/airflow/.local/lib/python3.7/site-packages/airflow/example_dags/example_skip_dag.py for tasks to queue
[2024-09-24T06:15:53.151+0000] {logging_mixin.py:120} INFO - [2024-09-24T06:15:53.151+0000] {dagbag.py:537} INFO - Filling up the DagBag from /home/airflow/.local/lib/python3.7/site-packages/airflow/example_dags/example_skip_dag.py
[2024-09-24T06:15:53.178+0000] {processor.py:766} INFO - DAG(s) dict_keys(['example_skip_dag']) retrieved from /home/airflow/.local/lib/python3.7/site-packages/airflow/example_dags/example_skip_dag.py
[2024-09-24T06:15:53.257+0000] {logging_mixin.py:120} INFO - [2024-09-24T06:15:53.256+0000] {dag.py:2585} INFO - Sync 1 DAGs
[2024-09-24T06:15:53.314+0000] {logging_mixin.py:120} INFO - [2024-09-24T06:15:53.313+0000] {dag.py:3340} INFO - Setting next_dagrun for example_skip_dag to 2024-09-23T06:15:53.313319+00:00, run_after=2024-09-24T06:15:53.313319+00:00
[2024-09-24T06:15:53.363+0000] {processor.py:176} INFO - Processing /home/airflow/.local/lib/python3.7/site-packages/airflow/example_dags/example_skip_dag.py took 0.222 seconds
[2024-09-24T06:31:01.238+0000] {processor.py:154} INFO - Started process (PID=16263) to work on /home/airflow/.local/lib/python3.7/site-packages/airflow/example_dags/example_skip_dag.py
[2024-09-24T06:31:01.239+0000] {processor.py:756} INFO - Processing file /home/airflow/.local/lib/python3.7/site-packages/airflow/example_dags/example_skip_dag.py for tasks to queue
[2024-09-24T06:31:01.242+0000] {logging_mixin.py:120} INFO - [2024-09-24T06:31:01.242+0000] {dagbag.py:537} INFO - Filling up the DagBag from /home/airflow/.local/lib/python3.7/site-packages/airflow/example_dags/example_skip_dag.py
[2024-09-24T06:31:01.267+0000] {processor.py:766} INFO - DAG(s) dict_keys(['example_skip_dag']) retrieved from /home/airflow/.local/lib/python3.7/site-packages/airflow/example_dags/example_skip_dag.py
[2024-09-24T06:31:01.357+0000] {logging_mixin.py:120} INFO - [2024-09-24T06:31:01.356+0000] {dag.py:2585} INFO - Sync 1 DAGs
[2024-09-24T06:31:01.410+0000] {logging_mixin.py:120} INFO - [2024-09-24T06:31:01.410+0000] {dag.py:3340} INFO - Setting next_dagrun for example_skip_dag to 2024-09-23T06:31:01.410154+00:00, run_after=2024-09-24T06:31:01.410154+00:00
[2024-09-24T06:31:01.452+0000] {processor.py:176} INFO - Processing /home/airflow/.local/lib/python3.7/site-packages/airflow/example_dags/example_skip_dag.py took 0.219 seconds
[2024-09-24T08:40:10.491+0000] {processor.py:154} INFO - Started process (PID=16326) to work on /home/airflow/.local/lib/python3.7/site-packages/airflow/example_dags/example_skip_dag.py
[2024-09-24T08:40:10.492+0000] {processor.py:756} INFO - Processing file /home/airflow/.local/lib/python3.7/site-packages/airflow/example_dags/example_skip_dag.py for tasks to queue
[2024-09-24T08:40:10.494+0000] {logging_mixin.py:120} INFO - [2024-09-24T08:40:10.493+0000] {dagbag.py:537} INFO - Filling up the DagBag from /home/airflow/.local/lib/python3.7/site-packages/airflow/example_dags/example_skip_dag.py
[2024-09-24T08:40:10.512+0000] {processor.py:766} INFO - DAG(s) dict_keys(['example_skip_dag']) retrieved from /home/airflow/.local/lib/python3.7/site-packages/airflow/example_dags/example_skip_dag.py
[2024-09-24T08:40:10.576+0000] {logging_mixin.py:120} INFO - [2024-09-24T08:40:10.576+0000] {dag.py:2585} INFO - Sync 1 DAGs
[2024-09-24T08:40:10.619+0000] {logging_mixin.py:120} INFO - [2024-09-24T08:40:10.619+0000] {dag.py:3340} INFO - Setting next_dagrun for example_skip_dag to 2024-09-23T08:40:10.619245+00:00, run_after=2024-09-24T08:40:10.619245+00:00
[2024-09-24T08:40:10.659+0000] {processor.py:176} INFO - Processing /home/airflow/.local/lib/python3.7/site-packages/airflow/example_dags/example_skip_dag.py took 0.175 seconds
[2024-09-24T11:11:19.508+0000] {processor.py:154} INFO - Started process (PID=16380) to work on /home/airflow/.local/lib/python3.7/site-packages/airflow/example_dags/example_skip_dag.py
[2024-09-24T11:11:19.510+0000] {processor.py:756} INFO - Processing file /home/airflow/.local/lib/python3.7/site-packages/airflow/example_dags/example_skip_dag.py for tasks to queue
[2024-09-24T11:11:19.512+0000] {logging_mixin.py:120} INFO - [2024-09-24T11:11:19.511+0000] {dagbag.py:537} INFO - Filling up the DagBag from /home/airflow/.local/lib/python3.7/site-packages/airflow/example_dags/example_skip_dag.py
[2024-09-24T11:11:19.541+0000] {processor.py:766} INFO - DAG(s) dict_keys(['example_skip_dag']) retrieved from /home/airflow/.local/lib/python3.7/site-packages/airflow/example_dags/example_skip_dag.py
[2024-09-24T11:11:19.627+0000] {logging_mixin.py:120} INFO - [2024-09-24T11:11:19.626+0000] {dag.py:2585} INFO - Sync 1 DAGs
[2024-09-24T11:11:19.677+0000] {logging_mixin.py:120} INFO - [2024-09-24T11:11:19.677+0000] {dag.py:3340} INFO - Setting next_dagrun for example_skip_dag to 2024-09-23T11:11:19.676804+00:00, run_after=2024-09-24T11:11:19.676804+00:00
[2024-09-24T11:11:19.712+0000] {processor.py:176} INFO - Processing /home/airflow/.local/lib/python3.7/site-packages/airflow/example_dags/example_skip_dag.py took 0.210 seconds
[2024-09-24T12:44:48.164+0000] {processor.py:154} INFO - Started process (PID=16443) to work on /home/airflow/.local/lib/python3.7/site-packages/airflow/example_dags/example_skip_dag.py
[2024-09-24T12:44:48.166+0000] {processor.py:756} INFO - Processing file /home/airflow/.local/lib/python3.7/site-packages/airflow/example_dags/example_skip_dag.py for tasks to queue
[2024-09-24T12:44:48.168+0000] {logging_mixin.py:120} INFO - [2024-09-24T12:44:48.167+0000] {dagbag.py:537} INFO - Filling up the DagBag from /home/airflow/.local/lib/python3.7/site-packages/airflow/example_dags/example_skip_dag.py
[2024-09-24T12:44:48.186+0000] {processor.py:766} INFO - DAG(s) dict_keys(['example_skip_dag']) retrieved from /home/airflow/.local/lib/python3.7/site-packages/airflow/example_dags/example_skip_dag.py
[2024-09-24T12:44:48.236+0000] {logging_mixin.py:120} INFO - [2024-09-24T12:44:48.236+0000] {dag.py:2585} INFO - Sync 1 DAGs
[2024-09-24T12:44:48.270+0000] {logging_mixin.py:120} INFO - [2024-09-24T12:44:48.270+0000] {dag.py:3340} INFO - Setting next_dagrun for example_skip_dag to 2024-09-23T12:44:48.269722+00:00, run_after=2024-09-24T12:44:48.269722+00:00
[2024-09-24T12:44:48.301+0000] {processor.py:176} INFO - Processing /home/airflow/.local/lib/python3.7/site-packages/airflow/example_dags/example_skip_dag.py took 0.141 seconds
[2024-09-24T14:24:39.144+0000] {processor.py:154} INFO - Started process (PID=16497) to work on /home/airflow/.local/lib/python3.7/site-packages/airflow/example_dags/example_skip_dag.py
[2024-09-24T14:24:39.147+0000] {processor.py:756} INFO - Processing file /home/airflow/.local/lib/python3.7/site-packages/airflow/example_dags/example_skip_dag.py for tasks to queue
[2024-09-24T14:24:39.149+0000] {logging_mixin.py:120} INFO - [2024-09-24T14:24:39.149+0000] {dagbag.py:537} INFO - Filling up the DagBag from /home/airflow/.local/lib/python3.7/site-packages/airflow/example_dags/example_skip_dag.py
[2024-09-24T14:24:39.169+0000] {processor.py:766} INFO - DAG(s) dict_keys(['example_skip_dag']) retrieved from /home/airflow/.local/lib/python3.7/site-packages/airflow/example_dags/example_skip_dag.py
[2024-09-24T14:24:39.225+0000] {logging_mixin.py:120} INFO - [2024-09-24T14:24:39.225+0000] {dag.py:2585} INFO - Sync 1 DAGs
[2024-09-24T14:24:39.264+0000] {logging_mixin.py:120} INFO - [2024-09-24T14:24:39.264+0000] {dag.py:3340} INFO - Setting next_dagrun for example_skip_dag to 2024-09-23T14:24:39.264048+00:00, run_after=2024-09-24T14:24:39.264048+00:00
[2024-09-24T14:24:39.295+0000] {processor.py:176} INFO - Processing /home/airflow/.local/lib/python3.7/site-packages/airflow/example_dags/example_skip_dag.py took 0.154 seconds
[2024-09-24T14:26:39.277+0000] {processor.py:154} INFO - Started process (PID=16560) to work on /home/airflow/.local/lib/python3.7/site-packages/airflow/example_dags/example_skip_dag.py
[2024-09-24T14:26:39.278+0000] {processor.py:756} INFO - Processing file /home/airflow/.local/lib/python3.7/site-packages/airflow/example_dags/example_skip_dag.py for tasks to queue
[2024-09-24T14:26:39.279+0000] {logging_mixin.py:120} INFO - [2024-09-24T14:26:39.279+0000] {dagbag.py:537} INFO - Filling up the DagBag from /home/airflow/.local/lib/python3.7/site-packages/airflow/example_dags/example_skip_dag.py
[2024-09-24T14:26:39.297+0000] {processor.py:766} INFO - DAG(s) dict_keys(['example_skip_dag']) retrieved from /home/airflow/.local/lib/python3.7/site-packages/airflow/example_dags/example_skip_dag.py
[2024-09-24T14:26:39.349+0000] {logging_mixin.py:120} INFO - [2024-09-24T14:26:39.349+0000] {dag.py:2585} INFO - Sync 1 DAGs
[2024-09-24T14:26:39.379+0000] {logging_mixin.py:120} INFO - [2024-09-24T14:26:39.379+0000] {dag.py:3340} INFO - Setting next_dagrun for example_skip_dag to 2024-09-23T14:26:39.379211+00:00, run_after=2024-09-24T14:26:39.379211+00:00
[2024-09-24T14:26:39.403+0000] {processor.py:176} INFO - Processing /home/airflow/.local/lib/python3.7/site-packages/airflow/example_dags/example_skip_dag.py took 0.130 seconds
[2024-09-24T15:01:02.302+0000] {processor.py:154} INFO - Started process (PID=16614) to work on /home/airflow/.local/lib/python3.7/site-packages/airflow/example_dags/example_skip_dag.py
[2024-09-24T15:01:02.304+0000] {processor.py:756} INFO - Processing file /home/airflow/.local/lib/python3.7/site-packages/airflow/example_dags/example_skip_dag.py for tasks to queue
[2024-09-24T15:01:02.305+0000] {logging_mixin.py:120} INFO - [2024-09-24T15:01:02.305+0000] {dagbag.py:537} INFO - Filling up the DagBag from /home/airflow/.local/lib/python3.7/site-packages/airflow/example_dags/example_skip_dag.py
[2024-09-24T15:01:02.325+0000] {processor.py:766} INFO - DAG(s) dict_keys(['example_skip_dag']) retrieved from /home/airflow/.local/lib/python3.7/site-packages/airflow/example_dags/example_skip_dag.py
[2024-09-24T15:01:02.385+0000] {logging_mixin.py:120} INFO - [2024-09-24T15:01:02.385+0000] {dag.py:2585} INFO - Sync 1 DAGs
[2024-09-24T15:01:02.427+0000] {logging_mixin.py:120} INFO - [2024-09-24T15:01:02.426+0000] {dag.py:3340} INFO - Setting next_dagrun for example_skip_dag to 2024-09-23T15:01:02.426405+00:00, run_after=2024-09-24T15:01:02.426405+00:00
[2024-09-24T15:01:02.459+0000] {processor.py:176} INFO - Processing /home/airflow/.local/lib/python3.7/site-packages/airflow/example_dags/example_skip_dag.py took 0.162 seconds
[2024-09-24T16:32:27.342+0000] {processor.py:154} INFO - Started process (PID=16677) to work on /home/airflow/.local/lib/python3.7/site-packages/airflow/example_dags/example_skip_dag.py
[2024-09-24T16:32:27.344+0000] {processor.py:756} INFO - Processing file /home/airflow/.local/lib/python3.7/site-packages/airflow/example_dags/example_skip_dag.py for tasks to queue
[2024-09-24T16:32:27.345+0000] {logging_mixin.py:120} INFO - [2024-09-24T16:32:27.345+0000] {dagbag.py:537} INFO - Filling up the DagBag from /home/airflow/.local/lib/python3.7/site-packages/airflow/example_dags/example_skip_dag.py
[2024-09-24T16:32:27.370+0000] {processor.py:766} INFO - DAG(s) dict_keys(['example_skip_dag']) retrieved from /home/airflow/.local/lib/python3.7/site-packages/airflow/example_dags/example_skip_dag.py
[2024-09-24T16:32:27.433+0000] {logging_mixin.py:120} INFO - [2024-09-24T16:32:27.433+0000] {dag.py:2585} INFO - Sync 1 DAGs
[2024-09-24T16:32:27.472+0000] {logging_mixin.py:120} INFO - [2024-09-24T16:32:27.472+0000] {dag.py:3340} INFO - Setting next_dagrun for example_skip_dag to 2024-09-23T16:32:27.471953+00:00, run_after=2024-09-24T16:32:27.471953+00:00
[2024-09-24T16:32:27.502+0000] {processor.py:176} INFO - Processing /home/airflow/.local/lib/python3.7/site-packages/airflow/example_dags/example_skip_dag.py took 0.165 seconds
[2024-09-24T16:38:49.179+0000] {processor.py:154} INFO - Started process (PID=16740) to work on /home/airflow/.local/lib/python3.7/site-packages/airflow/example_dags/example_skip_dag.py
[2024-09-24T16:38:49.181+0000] {processor.py:756} INFO - Processing file /home/airflow/.local/lib/python3.7/site-packages/airflow/example_dags/example_skip_dag.py for tasks to queue
[2024-09-24T16:38:49.189+0000] {logging_mixin.py:120} INFO - [2024-09-24T16:38:49.188+0000] {dagbag.py:537} INFO - Filling up the DagBag from /home/airflow/.local/lib/python3.7/site-packages/airflow/example_dags/example_skip_dag.py
[2024-09-24T16:38:49.249+0000] {processor.py:766} INFO - DAG(s) dict_keys(['example_skip_dag']) retrieved from /home/airflow/.local/lib/python3.7/site-packages/airflow/example_dags/example_skip_dag.py
[2024-09-24T16:38:49.344+0000] {logging_mixin.py:120} INFO - [2024-09-24T16:38:49.344+0000] {dag.py:2585} INFO - Sync 1 DAGs
[2024-09-24T16:38:49.420+0000] {logging_mixin.py:120} INFO - [2024-09-24T16:38:49.420+0000] {dag.py:3340} INFO - Setting next_dagrun for example_skip_dag to 2024-09-23T16:38:49.419829+00:00, run_after=2024-09-24T16:38:49.419829+00:00
[2024-09-24T16:38:49.485+0000] {processor.py:176} INFO - Processing /home/airflow/.local/lib/python3.7/site-packages/airflow/example_dags/example_skip_dag.py took 0.313 seconds
[2024-09-24T17:03:39.814+0000] {processor.py:154} INFO - Started process (PID=16792) to work on /home/airflow/.local/lib/python3.7/site-packages/airflow/example_dags/example_skip_dag.py
[2024-09-24T17:03:39.819+0000] {processor.py:756} INFO - Processing file /home/airflow/.local/lib/python3.7/site-packages/airflow/example_dags/example_skip_dag.py for tasks to queue
[2024-09-24T17:03:39.822+0000] {logging_mixin.py:120} INFO - [2024-09-24T17:03:39.821+0000] {dagbag.py:537} INFO - Filling up the DagBag from /home/airflow/.local/lib/python3.7/site-packages/airflow/example_dags/example_skip_dag.py
[2024-09-24T17:03:39.855+0000] {processor.py:766} INFO - DAG(s) dict_keys(['example_skip_dag']) retrieved from /home/airflow/.local/lib/python3.7/site-packages/airflow/example_dags/example_skip_dag.py
[2024-09-24T17:03:39.956+0000] {logging_mixin.py:120} INFO - [2024-09-24T17:03:39.955+0000] {dag.py:2585} INFO - Sync 1 DAGs
[2024-09-24T17:03:40.024+0000] {logging_mixin.py:120} INFO - [2024-09-24T17:03:40.023+0000] {dag.py:3340} INFO - Setting next_dagrun for example_skip_dag to 2024-09-23T17:03:40.022861+00:00, run_after=2024-09-24T17:03:40.022861+00:00
[2024-09-24T17:03:40.089+0000] {processor.py:176} INFO - Processing /home/airflow/.local/lib/python3.7/site-packages/airflow/example_dags/example_skip_dag.py took 0.285 seconds
[2024-09-24T17:24:28.846+0000] {processor.py:154} INFO - Started process (PID=16839) to work on /home/airflow/.local/lib/python3.7/site-packages/airflow/example_dags/example_skip_dag.py
[2024-09-24T17:24:28.855+0000] {processor.py:756} INFO - Processing file /home/airflow/.local/lib/python3.7/site-packages/airflow/example_dags/example_skip_dag.py for tasks to queue
[2024-09-24T17:24:28.860+0000] {logging_mixin.py:120} INFO - [2024-09-24T17:24:28.860+0000] {dagbag.py:537} INFO - Filling up the DagBag from /home/airflow/.local/lib/python3.7/site-packages/airflow/example_dags/example_skip_dag.py
[2024-09-24T17:24:28.972+0000] {processor.py:766} INFO - DAG(s) dict_keys(['example_skip_dag']) retrieved from /home/airflow/.local/lib/python3.7/site-packages/airflow/example_dags/example_skip_dag.py
[2024-09-24T17:24:29.328+0000] {logging_mixin.py:120} INFO - [2024-09-24T17:24:29.326+0000] {dag.py:2585} INFO - Sync 1 DAGs
[2024-09-24T17:24:29.602+0000] {logging_mixin.py:120} INFO - [2024-09-24T17:24:29.602+0000] {dag.py:3340} INFO - Setting next_dagrun for example_skip_dag to 2024-09-23T17:24:29.600120+00:00, run_after=2024-09-24T17:24:29.600120+00:00
[2024-09-24T17:24:29.769+0000] {processor.py:176} INFO - Processing /home/airflow/.local/lib/python3.7/site-packages/airflow/example_dags/example_skip_dag.py took 0.947 seconds
[2024-09-24T18:04:35.841+0000] {processor.py:154} INFO - Started process (PID=16893) to work on /home/airflow/.local/lib/python3.7/site-packages/airflow/example_dags/example_skip_dag.py
[2024-09-24T18:04:35.852+0000] {processor.py:756} INFO - Processing file /home/airflow/.local/lib/python3.7/site-packages/airflow/example_dags/example_skip_dag.py for tasks to queue
[2024-09-24T18:04:35.859+0000] {logging_mixin.py:120} INFO - [2024-09-24T18:04:35.858+0000] {dagbag.py:537} INFO - Filling up the DagBag from /home/airflow/.local/lib/python3.7/site-packages/airflow/example_dags/example_skip_dag.py
[2024-09-24T18:04:35.983+0000] {processor.py:766} INFO - DAG(s) dict_keys(['example_skip_dag']) retrieved from /home/airflow/.local/lib/python3.7/site-packages/airflow/example_dags/example_skip_dag.py
[2024-09-24T18:04:36.384+0000] {logging_mixin.py:120} INFO - [2024-09-24T18:04:36.383+0000] {dag.py:2585} INFO - Sync 1 DAGs
[2024-09-24T18:04:36.644+0000] {logging_mixin.py:120} INFO - [2024-09-24T18:04:36.643+0000] {dag.py:3340} INFO - Setting next_dagrun for example_skip_dag to 2024-09-23T18:04:36.640402+00:00, run_after=2024-09-24T18:04:36.640402+00:00
[2024-09-24T18:04:36.809+0000] {processor.py:176} INFO - Processing /home/airflow/.local/lib/python3.7/site-packages/airflow/example_dags/example_skip_dag.py took 0.994 seconds
[2024-09-24T19:05:34.761+0000] {processor.py:154} INFO - Started process (PID=16947) to work on /home/airflow/.local/lib/python3.7/site-packages/airflow/example_dags/example_skip_dag.py
[2024-09-24T19:05:34.766+0000] {processor.py:756} INFO - Processing file /home/airflow/.local/lib/python3.7/site-packages/airflow/example_dags/example_skip_dag.py for tasks to queue
[2024-09-24T19:05:34.768+0000] {logging_mixin.py:120} INFO - [2024-09-24T19:05:34.768+0000] {dagbag.py:537} INFO - Filling up the DagBag from /home/airflow/.local/lib/python3.7/site-packages/airflow/example_dags/example_skip_dag.py
[2024-09-24T19:05:34.806+0000] {processor.py:766} INFO - DAG(s) dict_keys(['example_skip_dag']) retrieved from /home/airflow/.local/lib/python3.7/site-packages/airflow/example_dags/example_skip_dag.py
[2024-09-24T19:05:34.923+0000] {logging_mixin.py:120} INFO - [2024-09-24T19:05:34.923+0000] {dag.py:2585} INFO - Sync 1 DAGs
[2024-09-24T19:05:34.998+0000] {logging_mixin.py:120} INFO - [2024-09-24T19:05:34.997+0000] {dag.py:3340} INFO - Setting next_dagrun for example_skip_dag to 2024-09-23T19:05:34.997445+00:00, run_after=2024-09-24T19:05:34.997445+00:00
[2024-09-24T19:05:35.044+0000] {processor.py:176} INFO - Processing /home/airflow/.local/lib/python3.7/site-packages/airflow/example_dags/example_skip_dag.py took 0.290 seconds
[2024-09-24T20:06:38.921+0000] {processor.py:154} INFO - Started process (PID=16992) to work on /home/airflow/.local/lib/python3.7/site-packages/airflow/example_dags/example_skip_dag.py
[2024-09-24T20:06:38.935+0000] {processor.py:756} INFO - Processing file /home/airflow/.local/lib/python3.7/site-packages/airflow/example_dags/example_skip_dag.py for tasks to queue
[2024-09-24T20:06:38.949+0000] {logging_mixin.py:120} INFO - [2024-09-24T20:06:38.947+0000] {dagbag.py:537} INFO - Filling up the DagBag from /home/airflow/.local/lib/python3.7/site-packages/airflow/example_dags/example_skip_dag.py
[2024-09-24T20:06:39.117+0000] {processor.py:766} INFO - DAG(s) dict_keys(['example_skip_dag']) retrieved from /home/airflow/.local/lib/python3.7/site-packages/airflow/example_dags/example_skip_dag.py
[2024-09-24T20:06:40.921+0000] {logging_mixin.py:120} INFO - [2024-09-24T20:06:40.921+0000] {dag.py:2585} INFO - Sync 1 DAGs
[2024-09-24T20:06:41.194+0000] {logging_mixin.py:120} INFO - [2024-09-24T20:06:41.194+0000] {dag.py:3340} INFO - Setting next_dagrun for example_skip_dag to 2024-09-23T20:06:41.193672+00:00, run_after=2024-09-24T20:06:41.193672+00:00
[2024-09-24T20:06:41.254+0000] {processor.py:176} INFO - Processing /home/airflow/.local/lib/python3.7/site-packages/airflow/example_dags/example_skip_dag.py took 2.370 seconds
[2024-09-24T22:08:24.137+0000] {processor.py:154} INFO - Started process (PID=17046) to work on /home/airflow/.local/lib/python3.7/site-packages/airflow/example_dags/example_skip_dag.py
[2024-09-24T22:08:24.156+0000] {processor.py:756} INFO - Processing file /home/airflow/.local/lib/python3.7/site-packages/airflow/example_dags/example_skip_dag.py for tasks to queue
[2024-09-24T22:08:24.165+0000] {logging_mixin.py:120} INFO - [2024-09-24T22:08:24.164+0000] {dagbag.py:537} INFO - Filling up the DagBag from /home/airflow/.local/lib/python3.7/site-packages/airflow/example_dags/example_skip_dag.py
[2024-09-24T22:08:24.367+0000] {processor.py:766} INFO - DAG(s) dict_keys(['example_skip_dag']) retrieved from /home/airflow/.local/lib/python3.7/site-packages/airflow/example_dags/example_skip_dag.py
[2024-09-24T22:08:24.827+0000] {logging_mixin.py:120} INFO - [2024-09-24T22:08:24.817+0000] {dag.py:2585} INFO - Sync 1 DAGs
[2024-09-24T22:08:25.206+0000] {logging_mixin.py:120} INFO - [2024-09-24T22:08:25.205+0000] {dag.py:3340} INFO - Setting next_dagrun for example_skip_dag to 2024-09-23T22:08:25.203771+00:00, run_after=2024-09-24T22:08:25.203771+00:00
[2024-09-24T22:08:25.436+0000] {processor.py:176} INFO - Processing /home/airflow/.local/lib/python3.7/site-packages/airflow/example_dags/example_skip_dag.py took 1.335 seconds
