[2024-09-24T01:38:21.361+0000] {processor.py:154} INFO - Started process (PID=13887) to work on /home/airflow/.local/lib/python3.7/site-packages/airflow/example_dags/example_branch_python_dop_operator_3.py
[2024-09-24T01:38:21.363+0000] {processor.py:756} INFO - Processing file /home/airflow/.local/lib/python3.7/site-packages/airflow/example_dags/example_branch_python_dop_operator_3.py for tasks to queue
[2024-09-24T01:38:21.364+0000] {logging_mixin.py:120} INFO - [2024-09-24T01:38:21.364+0000] {dagbag.py:537} INFO - Filling up the DagBag from /home/airflow/.local/lib/python3.7/site-packages/airflow/example_dags/example_branch_python_dop_operator_3.py
[2024-09-24T01:38:21.422+0000] {processor.py:766} INFO - DAG(s) dict_keys(['example_branch_dop_operator_v3']) retrieved from /home/airflow/.local/lib/python3.7/site-packages/airflow/example_dags/example_branch_python_dop_operator_3.py
[2024-09-24T01:38:21.524+0000] {logging_mixin.py:120} INFO - [2024-09-24T01:38:21.523+0000] {dag.py:2585} INFO - Sync 1 DAGs
[2024-09-24T01:38:21.605+0000] {logging_mixin.py:120} INFO - [2024-09-24T01:38:21.605+0000] {dag.py:3340} INFO - Setting next_dagrun for example_branch_dop_operator_v3 to 2024-09-24T01:37:00+00:00, run_after=2024-09-24T01:38:00+00:00
[2024-09-24T01:38:21.653+0000] {processor.py:176} INFO - Processing /home/airflow/.local/lib/python3.7/site-packages/airflow/example_dags/example_branch_python_dop_operator_3.py took 0.300 seconds
[2024-09-24T01:41:43.506+0000] {processor.py:154} INFO - Started process (PID=13941) to work on /home/airflow/.local/lib/python3.7/site-packages/airflow/example_dags/example_branch_python_dop_operator_3.py
[2024-09-24T01:41:43.509+0000] {processor.py:756} INFO - Processing file /home/airflow/.local/lib/python3.7/site-packages/airflow/example_dags/example_branch_python_dop_operator_3.py for tasks to queue
[2024-09-24T01:41:43.514+0000] {logging_mixin.py:120} INFO - [2024-09-24T01:41:43.514+0000] {dagbag.py:537} INFO - Filling up the DagBag from /home/airflow/.local/lib/python3.7/site-packages/airflow/example_dags/example_branch_python_dop_operator_3.py
[2024-09-24T01:41:43.576+0000] {processor.py:766} INFO - DAG(s) dict_keys(['example_branch_dop_operator_v3']) retrieved from /home/airflow/.local/lib/python3.7/site-packages/airflow/example_dags/example_branch_python_dop_operator_3.py
[2024-09-24T01:41:43.661+0000] {logging_mixin.py:120} INFO - [2024-09-24T01:41:43.661+0000] {dag.py:2585} INFO - Sync 1 DAGs
[2024-09-24T01:41:43.734+0000] {logging_mixin.py:120} INFO - [2024-09-24T01:41:43.734+0000] {dag.py:3340} INFO - Setting next_dagrun for example_branch_dop_operator_v3 to 2024-09-24T01:40:00+00:00, run_after=2024-09-24T01:41:00+00:00
[2024-09-24T01:41:43.773+0000] {processor.py:176} INFO - Processing /home/airflow/.local/lib/python3.7/site-packages/airflow/example_dags/example_branch_python_dop_operator_3.py took 0.273 seconds
[2024-09-24T03:27:56.988+0000] {processor.py:154} INFO - Started process (PID=13997) to work on /home/airflow/.local/lib/python3.7/site-packages/airflow/example_dags/example_branch_python_dop_operator_3.py
[2024-09-24T03:27:56.990+0000] {processor.py:756} INFO - Processing file /home/airflow/.local/lib/python3.7/site-packages/airflow/example_dags/example_branch_python_dop_operator_3.py for tasks to queue
[2024-09-24T03:27:56.991+0000] {logging_mixin.py:120} INFO - [2024-09-24T03:27:56.991+0000] {dagbag.py:537} INFO - Filling up the DagBag from /home/airflow/.local/lib/python3.7/site-packages/airflow/example_dags/example_branch_python_dop_operator_3.py
[2024-09-24T03:27:57.027+0000] {processor.py:766} INFO - DAG(s) dict_keys(['example_branch_dop_operator_v3']) retrieved from /home/airflow/.local/lib/python3.7/site-packages/airflow/example_dags/example_branch_python_dop_operator_3.py
[2024-09-24T03:27:57.089+0000] {logging_mixin.py:120} INFO - [2024-09-24T03:27:57.089+0000] {dag.py:2585} INFO - Sync 1 DAGs
[2024-09-24T03:27:57.144+0000] {logging_mixin.py:120} INFO - [2024-09-24T03:27:57.143+0000] {dag.py:3340} INFO - Setting next_dagrun for example_branch_dop_operator_v3 to 2024-09-24T03:26:00+00:00, run_after=2024-09-24T03:27:00+00:00
[2024-09-24T03:27:57.183+0000] {processor.py:176} INFO - Processing /home/airflow/.local/lib/python3.7/site-packages/airflow/example_dags/example_branch_python_dop_operator_3.py took 0.200 seconds
[2024-09-24T04:19:38.640+0000] {processor.py:154} INFO - Started process (PID=14060) to work on /home/airflow/.local/lib/python3.7/site-packages/airflow/example_dags/example_branch_python_dop_operator_3.py
[2024-09-24T04:19:38.675+0000] {processor.py:756} INFO - Processing file /home/airflow/.local/lib/python3.7/site-packages/airflow/example_dags/example_branch_python_dop_operator_3.py for tasks to queue
[2024-09-24T04:19:38.677+0000] {logging_mixin.py:120} INFO - [2024-09-24T04:19:38.676+0000] {dagbag.py:537} INFO - Filling up the DagBag from /home/airflow/.local/lib/python3.7/site-packages/airflow/example_dags/example_branch_python_dop_operator_3.py
[2024-09-24T04:19:38.740+0000] {processor.py:766} INFO - DAG(s) dict_keys(['example_branch_dop_operator_v3']) retrieved from /home/airflow/.local/lib/python3.7/site-packages/airflow/example_dags/example_branch_python_dop_operator_3.py
[2024-09-24T04:19:38.841+0000] {logging_mixin.py:120} INFO - [2024-09-24T04:19:38.841+0000] {dag.py:2585} INFO - Sync 1 DAGs
[2024-09-24T04:19:39.009+0000] {logging_mixin.py:120} INFO - [2024-09-24T04:19:39.009+0000] {dag.py:3340} INFO - Setting next_dagrun for example_branch_dop_operator_v3 to 2024-09-24T04:18:00+00:00, run_after=2024-09-24T04:19:00+00:00
[2024-09-24T04:19:39.075+0000] {processor.py:176} INFO - Processing /home/airflow/.local/lib/python3.7/site-packages/airflow/example_dags/example_branch_python_dop_operator_3.py took 0.442 seconds
[2024-09-24T04:20:09.240+0000] {processor.py:154} INFO - Started process (PID=14114) to work on /home/airflow/.local/lib/python3.7/site-packages/airflow/example_dags/example_branch_python_dop_operator_3.py
[2024-09-24T04:20:09.242+0000] {processor.py:756} INFO - Processing file /home/airflow/.local/lib/python3.7/site-packages/airflow/example_dags/example_branch_python_dop_operator_3.py for tasks to queue
[2024-09-24T04:20:09.243+0000] {logging_mixin.py:120} INFO - [2024-09-24T04:20:09.243+0000] {dagbag.py:537} INFO - Filling up the DagBag from /home/airflow/.local/lib/python3.7/site-packages/airflow/example_dags/example_branch_python_dop_operator_3.py
[2024-09-24T04:20:09.274+0000] {processor.py:766} INFO - DAG(s) dict_keys(['example_branch_dop_operator_v3']) retrieved from /home/airflow/.local/lib/python3.7/site-packages/airflow/example_dags/example_branch_python_dop_operator_3.py
[2024-09-24T04:20:09.323+0000] {logging_mixin.py:120} INFO - [2024-09-24T04:20:09.323+0000] {dag.py:2585} INFO - Sync 1 DAGs
[2024-09-24T04:20:09.365+0000] {logging_mixin.py:120} INFO - [2024-09-24T04:20:09.365+0000] {dag.py:3340} INFO - Setting next_dagrun for example_branch_dop_operator_v3 to 2024-09-24T04:19:00+00:00, run_after=2024-09-24T04:20:00+00:00
[2024-09-24T04:20:09.389+0000] {processor.py:176} INFO - Processing /home/airflow/.local/lib/python3.7/site-packages/airflow/example_dags/example_branch_python_dop_operator_3.py took 0.153 seconds
[2024-09-24T04:20:39.754+0000] {processor.py:154} INFO - Started process (PID=14176) to work on /home/airflow/.local/lib/python3.7/site-packages/airflow/example_dags/example_branch_python_dop_operator_3.py
[2024-09-24T04:20:39.755+0000] {processor.py:756} INFO - Processing file /home/airflow/.local/lib/python3.7/site-packages/airflow/example_dags/example_branch_python_dop_operator_3.py for tasks to queue
[2024-09-24T04:20:39.756+0000] {logging_mixin.py:120} INFO - [2024-09-24T04:20:39.756+0000] {dagbag.py:537} INFO - Filling up the DagBag from /home/airflow/.local/lib/python3.7/site-packages/airflow/example_dags/example_branch_python_dop_operator_3.py
[2024-09-24T04:20:39.784+0000] {processor.py:766} INFO - DAG(s) dict_keys(['example_branch_dop_operator_v3']) retrieved from /home/airflow/.local/lib/python3.7/site-packages/airflow/example_dags/example_branch_python_dop_operator_3.py
[2024-09-24T04:20:39.830+0000] {logging_mixin.py:120} INFO - [2024-09-24T04:20:39.830+0000] {dag.py:2585} INFO - Sync 1 DAGs
[2024-09-24T04:20:39.863+0000] {logging_mixin.py:120} INFO - [2024-09-24T04:20:39.863+0000] {dag.py:3340} INFO - Setting next_dagrun for example_branch_dop_operator_v3 to 2024-09-24T04:19:00+00:00, run_after=2024-09-24T04:20:00+00:00
[2024-09-24T04:20:39.882+0000] {processor.py:176} INFO - Processing /home/airflow/.local/lib/python3.7/site-packages/airflow/example_dags/example_branch_python_dop_operator_3.py took 0.133 seconds
[2024-09-24T04:21:10.212+0000] {processor.py:154} INFO - Started process (PID=14239) to work on /home/airflow/.local/lib/python3.7/site-packages/airflow/example_dags/example_branch_python_dop_operator_3.py
[2024-09-24T04:21:10.214+0000] {processor.py:756} INFO - Processing file /home/airflow/.local/lib/python3.7/site-packages/airflow/example_dags/example_branch_python_dop_operator_3.py for tasks to queue
[2024-09-24T04:21:10.215+0000] {logging_mixin.py:120} INFO - [2024-09-24T04:21:10.215+0000] {dagbag.py:537} INFO - Filling up the DagBag from /home/airflow/.local/lib/python3.7/site-packages/airflow/example_dags/example_branch_python_dop_operator_3.py
[2024-09-24T04:21:10.246+0000] {processor.py:766} INFO - DAG(s) dict_keys(['example_branch_dop_operator_v3']) retrieved from /home/airflow/.local/lib/python3.7/site-packages/airflow/example_dags/example_branch_python_dop_operator_3.py
[2024-09-24T04:21:10.301+0000] {logging_mixin.py:120} INFO - [2024-09-24T04:21:10.301+0000] {dag.py:2585} INFO - Sync 1 DAGs
[2024-09-24T04:21:10.362+0000] {logging_mixin.py:120} INFO - [2024-09-24T04:21:10.361+0000] {dag.py:3340} INFO - Setting next_dagrun for example_branch_dop_operator_v3 to 2024-09-24T04:20:00+00:00, run_after=2024-09-24T04:21:00+00:00
[2024-09-24T04:21:10.405+0000] {processor.py:176} INFO - Processing /home/airflow/.local/lib/python3.7/site-packages/airflow/example_dags/example_branch_python_dop_operator_3.py took 0.197 seconds
[2024-09-24T04:21:40.576+0000] {processor.py:154} INFO - Started process (PID=14293) to work on /home/airflow/.local/lib/python3.7/site-packages/airflow/example_dags/example_branch_python_dop_operator_3.py
[2024-09-24T04:21:40.577+0000] {processor.py:756} INFO - Processing file /home/airflow/.local/lib/python3.7/site-packages/airflow/example_dags/example_branch_python_dop_operator_3.py for tasks to queue
[2024-09-24T04:21:40.578+0000] {logging_mixin.py:120} INFO - [2024-09-24T04:21:40.577+0000] {dagbag.py:537} INFO - Filling up the DagBag from /home/airflow/.local/lib/python3.7/site-packages/airflow/example_dags/example_branch_python_dop_operator_3.py
[2024-09-24T04:21:40.606+0000] {processor.py:766} INFO - DAG(s) dict_keys(['example_branch_dop_operator_v3']) retrieved from /home/airflow/.local/lib/python3.7/site-packages/airflow/example_dags/example_branch_python_dop_operator_3.py
[2024-09-24T04:21:40.658+0000] {logging_mixin.py:120} INFO - [2024-09-24T04:21:40.658+0000] {dag.py:2585} INFO - Sync 1 DAGs
[2024-09-24T04:21:40.697+0000] {logging_mixin.py:120} INFO - [2024-09-24T04:21:40.697+0000] {dag.py:3340} INFO - Setting next_dagrun for example_branch_dop_operator_v3 to 2024-09-24T04:20:00+00:00, run_after=2024-09-24T04:21:00+00:00
[2024-09-24T04:21:40.725+0000] {processor.py:176} INFO - Processing /home/airflow/.local/lib/python3.7/site-packages/airflow/example_dags/example_branch_python_dop_operator_3.py took 0.154 seconds
[2024-09-24T04:22:11.291+0000] {processor.py:154} INFO - Started process (PID=14357) to work on /home/airflow/.local/lib/python3.7/site-packages/airflow/example_dags/example_branch_python_dop_operator_3.py
[2024-09-24T04:22:11.293+0000] {processor.py:756} INFO - Processing file /home/airflow/.local/lib/python3.7/site-packages/airflow/example_dags/example_branch_python_dop_operator_3.py for tasks to queue
[2024-09-24T04:22:11.294+0000] {logging_mixin.py:120} INFO - [2024-09-24T04:22:11.294+0000] {dagbag.py:537} INFO - Filling up the DagBag from /home/airflow/.local/lib/python3.7/site-packages/airflow/example_dags/example_branch_python_dop_operator_3.py
[2024-09-24T04:22:11.348+0000] {processor.py:766} INFO - DAG(s) dict_keys(['example_branch_dop_operator_v3']) retrieved from /home/airflow/.local/lib/python3.7/site-packages/airflow/example_dags/example_branch_python_dop_operator_3.py
[2024-09-24T04:22:11.475+0000] {logging_mixin.py:120} INFO - [2024-09-24T04:22:11.475+0000] {dag.py:2585} INFO - Sync 1 DAGs
[2024-09-24T04:22:11.522+0000] {logging_mixin.py:120} INFO - [2024-09-24T04:22:11.521+0000] {dag.py:3340} INFO - Setting next_dagrun for example_branch_dop_operator_v3 to 2024-09-24T04:21:00+00:00, run_after=2024-09-24T04:22:00+00:00
[2024-09-24T04:22:11.552+0000] {processor.py:176} INFO - Processing /home/airflow/.local/lib/python3.7/site-packages/airflow/example_dags/example_branch_python_dop_operator_3.py took 0.268 seconds
[2024-09-24T04:22:41.610+0000] {processor.py:154} INFO - Started process (PID=14418) to work on /home/airflow/.local/lib/python3.7/site-packages/airflow/example_dags/example_branch_python_dop_operator_3.py
[2024-09-24T04:22:41.611+0000] {processor.py:756} INFO - Processing file /home/airflow/.local/lib/python3.7/site-packages/airflow/example_dags/example_branch_python_dop_operator_3.py for tasks to queue
[2024-09-24T04:22:41.612+0000] {logging_mixin.py:120} INFO - [2024-09-24T04:22:41.612+0000] {dagbag.py:537} INFO - Filling up the DagBag from /home/airflow/.local/lib/python3.7/site-packages/airflow/example_dags/example_branch_python_dop_operator_3.py
[2024-09-24T04:22:41.643+0000] {processor.py:766} INFO - DAG(s) dict_keys(['example_branch_dop_operator_v3']) retrieved from /home/airflow/.local/lib/python3.7/site-packages/airflow/example_dags/example_branch_python_dop_operator_3.py
[2024-09-24T04:22:41.698+0000] {logging_mixin.py:120} INFO - [2024-09-24T04:22:41.698+0000] {dag.py:2585} INFO - Sync 1 DAGs
[2024-09-24T04:22:41.741+0000] {logging_mixin.py:120} INFO - [2024-09-24T04:22:41.741+0000] {dag.py:3340} INFO - Setting next_dagrun for example_branch_dop_operator_v3 to 2024-09-24T04:21:00+00:00, run_after=2024-09-24T04:22:00+00:00
[2024-09-24T04:22:41.768+0000] {processor.py:176} INFO - Processing /home/airflow/.local/lib/python3.7/site-packages/airflow/example_dags/example_branch_python_dop_operator_3.py took 0.164 seconds
[2024-09-24T04:23:11.830+0000] {processor.py:154} INFO - Started process (PID=14474) to work on /home/airflow/.local/lib/python3.7/site-packages/airflow/example_dags/example_branch_python_dop_operator_3.py
[2024-09-24T04:23:11.831+0000] {processor.py:756} INFO - Processing file /home/airflow/.local/lib/python3.7/site-packages/airflow/example_dags/example_branch_python_dop_operator_3.py for tasks to queue
[2024-09-24T04:23:11.832+0000] {logging_mixin.py:120} INFO - [2024-09-24T04:23:11.832+0000] {dagbag.py:537} INFO - Filling up the DagBag from /home/airflow/.local/lib/python3.7/site-packages/airflow/example_dags/example_branch_python_dop_operator_3.py
[2024-09-24T04:23:11.862+0000] {processor.py:766} INFO - DAG(s) dict_keys(['example_branch_dop_operator_v3']) retrieved from /home/airflow/.local/lib/python3.7/site-packages/airflow/example_dags/example_branch_python_dop_operator_3.py
[2024-09-24T04:23:11.912+0000] {logging_mixin.py:120} INFO - [2024-09-24T04:23:11.912+0000] {dag.py:2585} INFO - Sync 1 DAGs
[2024-09-24T04:23:11.950+0000] {logging_mixin.py:120} INFO - [2024-09-24T04:23:11.950+0000] {dag.py:3340} INFO - Setting next_dagrun for example_branch_dop_operator_v3 to 2024-09-24T04:22:00+00:00, run_after=2024-09-24T04:23:00+00:00
[2024-09-24T04:23:11.979+0000] {processor.py:176} INFO - Processing /home/airflow/.local/lib/python3.7/site-packages/airflow/example_dags/example_branch_python_dop_operator_3.py took 0.153 seconds
[2024-09-24T04:23:42.139+0000] {processor.py:154} INFO - Started process (PID=14537) to work on /home/airflow/.local/lib/python3.7/site-packages/airflow/example_dags/example_branch_python_dop_operator_3.py
[2024-09-24T04:23:42.140+0000] {processor.py:756} INFO - Processing file /home/airflow/.local/lib/python3.7/site-packages/airflow/example_dags/example_branch_python_dop_operator_3.py for tasks to queue
[2024-09-24T04:23:42.141+0000] {logging_mixin.py:120} INFO - [2024-09-24T04:23:42.141+0000] {dagbag.py:537} INFO - Filling up the DagBag from /home/airflow/.local/lib/python3.7/site-packages/airflow/example_dags/example_branch_python_dop_operator_3.py
[2024-09-24T04:23:42.173+0000] {processor.py:766} INFO - DAG(s) dict_keys(['example_branch_dop_operator_v3']) retrieved from /home/airflow/.local/lib/python3.7/site-packages/airflow/example_dags/example_branch_python_dop_operator_3.py
[2024-09-24T04:23:42.224+0000] {logging_mixin.py:120} INFO - [2024-09-24T04:23:42.224+0000] {dag.py:2585} INFO - Sync 1 DAGs
[2024-09-24T04:23:42.262+0000] {logging_mixin.py:120} INFO - [2024-09-24T04:23:42.262+0000] {dag.py:3340} INFO - Setting next_dagrun for example_branch_dop_operator_v3 to 2024-09-24T04:22:00+00:00, run_after=2024-09-24T04:23:00+00:00
[2024-09-24T04:23:42.286+0000] {processor.py:176} INFO - Processing /home/airflow/.local/lib/python3.7/site-packages/airflow/example_dags/example_branch_python_dop_operator_3.py took 0.151 seconds
[2024-09-24T04:24:13.030+0000] {processor.py:154} INFO - Started process (PID=14599) to work on /home/airflow/.local/lib/python3.7/site-packages/airflow/example_dags/example_branch_python_dop_operator_3.py
[2024-09-24T04:24:13.031+0000] {processor.py:756} INFO - Processing file /home/airflow/.local/lib/python3.7/site-packages/airflow/example_dags/example_branch_python_dop_operator_3.py for tasks to queue
[2024-09-24T04:24:13.032+0000] {logging_mixin.py:120} INFO - [2024-09-24T04:24:13.032+0000] {dagbag.py:537} INFO - Filling up the DagBag from /home/airflow/.local/lib/python3.7/site-packages/airflow/example_dags/example_branch_python_dop_operator_3.py
[2024-09-24T04:24:13.061+0000] {processor.py:766} INFO - DAG(s) dict_keys(['example_branch_dop_operator_v3']) retrieved from /home/airflow/.local/lib/python3.7/site-packages/airflow/example_dags/example_branch_python_dop_operator_3.py
[2024-09-24T04:24:13.109+0000] {logging_mixin.py:120} INFO - [2024-09-24T04:24:13.109+0000] {dag.py:2585} INFO - Sync 1 DAGs
[2024-09-24T04:24:13.146+0000] {logging_mixin.py:120} INFO - [2024-09-24T04:24:13.146+0000] {dag.py:3340} INFO - Setting next_dagrun for example_branch_dop_operator_v3 to 2024-09-24T04:23:00+00:00, run_after=2024-09-24T04:24:00+00:00
[2024-09-24T04:24:13.172+0000] {processor.py:176} INFO - Processing /home/airflow/.local/lib/python3.7/site-packages/airflow/example_dags/example_branch_python_dop_operator_3.py took 0.146 seconds
[2024-09-24T04:24:44.167+0000] {processor.py:154} INFO - Started process (PID=14653) to work on /home/airflow/.local/lib/python3.7/site-packages/airflow/example_dags/example_branch_python_dop_operator_3.py
[2024-09-24T04:24:44.169+0000] {processor.py:756} INFO - Processing file /home/airflow/.local/lib/python3.7/site-packages/airflow/example_dags/example_branch_python_dop_operator_3.py for tasks to queue
[2024-09-24T04:24:44.170+0000] {logging_mixin.py:120} INFO - [2024-09-24T04:24:44.170+0000] {dagbag.py:537} INFO - Filling up the DagBag from /home/airflow/.local/lib/python3.7/site-packages/airflow/example_dags/example_branch_python_dop_operator_3.py
[2024-09-24T04:24:44.228+0000] {processor.py:766} INFO - DAG(s) dict_keys(['example_branch_dop_operator_v3']) retrieved from /home/airflow/.local/lib/python3.7/site-packages/airflow/example_dags/example_branch_python_dop_operator_3.py
[2024-09-24T04:24:44.290+0000] {logging_mixin.py:120} INFO - [2024-09-24T04:24:44.290+0000] {dag.py:2585} INFO - Sync 1 DAGs
[2024-09-24T04:24:44.333+0000] {logging_mixin.py:120} INFO - [2024-09-24T04:24:44.332+0000] {dag.py:3340} INFO - Setting next_dagrun for example_branch_dop_operator_v3 to 2024-09-24T04:23:00+00:00, run_after=2024-09-24T04:24:00+00:00
[2024-09-24T04:24:44.355+0000] {processor.py:176} INFO - Processing /home/airflow/.local/lib/python3.7/site-packages/airflow/example_dags/example_branch_python_dop_operator_3.py took 0.195 seconds
[2024-09-24T04:25:14.390+0000] {processor.py:154} INFO - Started process (PID=14716) to work on /home/airflow/.local/lib/python3.7/site-packages/airflow/example_dags/example_branch_python_dop_operator_3.py
[2024-09-24T04:25:14.393+0000] {processor.py:756} INFO - Processing file /home/airflow/.local/lib/python3.7/site-packages/airflow/example_dags/example_branch_python_dop_operator_3.py for tasks to queue
[2024-09-24T04:25:14.395+0000] {logging_mixin.py:120} INFO - [2024-09-24T04:25:14.395+0000] {dagbag.py:537} INFO - Filling up the DagBag from /home/airflow/.local/lib/python3.7/site-packages/airflow/example_dags/example_branch_python_dop_operator_3.py
[2024-09-24T04:25:14.426+0000] {processor.py:766} INFO - DAG(s) dict_keys(['example_branch_dop_operator_v3']) retrieved from /home/airflow/.local/lib/python3.7/site-packages/airflow/example_dags/example_branch_python_dop_operator_3.py
[2024-09-24T04:25:14.475+0000] {logging_mixin.py:120} INFO - [2024-09-24T04:25:14.475+0000] {dag.py:2585} INFO - Sync 1 DAGs
[2024-09-24T04:25:14.517+0000] {logging_mixin.py:120} INFO - [2024-09-24T04:25:14.517+0000] {dag.py:3340} INFO - Setting next_dagrun for example_branch_dop_operator_v3 to 2024-09-24T04:24:00+00:00, run_after=2024-09-24T04:25:00+00:00
[2024-09-24T04:25:14.548+0000] {processor.py:176} INFO - Processing /home/airflow/.local/lib/python3.7/site-packages/airflow/example_dags/example_branch_python_dop_operator_3.py took 0.162 seconds
[2024-09-24T04:25:44.647+0000] {processor.py:154} INFO - Started process (PID=14777) to work on /home/airflow/.local/lib/python3.7/site-packages/airflow/example_dags/example_branch_python_dop_operator_3.py
[2024-09-24T04:25:44.649+0000] {processor.py:756} INFO - Processing file /home/airflow/.local/lib/python3.7/site-packages/airflow/example_dags/example_branch_python_dop_operator_3.py for tasks to queue
[2024-09-24T04:25:44.649+0000] {logging_mixin.py:120} INFO - [2024-09-24T04:25:44.649+0000] {dagbag.py:537} INFO - Filling up the DagBag from /home/airflow/.local/lib/python3.7/site-packages/airflow/example_dags/example_branch_python_dop_operator_3.py
[2024-09-24T04:25:44.681+0000] {processor.py:766} INFO - DAG(s) dict_keys(['example_branch_dop_operator_v3']) retrieved from /home/airflow/.local/lib/python3.7/site-packages/airflow/example_dags/example_branch_python_dop_operator_3.py
[2024-09-24T04:25:44.735+0000] {logging_mixin.py:120} INFO - [2024-09-24T04:25:44.735+0000] {dag.py:2585} INFO - Sync 1 DAGs
[2024-09-24T04:25:44.778+0000] {logging_mixin.py:120} INFO - [2024-09-24T04:25:44.778+0000] {dag.py:3340} INFO - Setting next_dagrun for example_branch_dop_operator_v3 to 2024-09-24T04:24:00+00:00, run_after=2024-09-24T04:25:00+00:00
[2024-09-24T04:25:44.801+0000] {processor.py:176} INFO - Processing /home/airflow/.local/lib/python3.7/site-packages/airflow/example_dags/example_branch_python_dop_operator_3.py took 0.160 seconds
[2024-09-24T04:26:15.770+0000] {processor.py:154} INFO - Started process (PID=14832) to work on /home/airflow/.local/lib/python3.7/site-packages/airflow/example_dags/example_branch_python_dop_operator_3.py
[2024-09-24T04:26:15.771+0000] {processor.py:756} INFO - Processing file /home/airflow/.local/lib/python3.7/site-packages/airflow/example_dags/example_branch_python_dop_operator_3.py for tasks to queue
[2024-09-24T04:26:15.772+0000] {logging_mixin.py:120} INFO - [2024-09-24T04:26:15.772+0000] {dagbag.py:537} INFO - Filling up the DagBag from /home/airflow/.local/lib/python3.7/site-packages/airflow/example_dags/example_branch_python_dop_operator_3.py
[2024-09-24T04:26:15.801+0000] {processor.py:766} INFO - DAG(s) dict_keys(['example_branch_dop_operator_v3']) retrieved from /home/airflow/.local/lib/python3.7/site-packages/airflow/example_dags/example_branch_python_dop_operator_3.py
[2024-09-24T04:26:15.848+0000] {logging_mixin.py:120} INFO - [2024-09-24T04:26:15.848+0000] {dag.py:2585} INFO - Sync 1 DAGs
[2024-09-24T04:26:15.885+0000] {logging_mixin.py:120} INFO - [2024-09-24T04:26:15.885+0000] {dag.py:3340} INFO - Setting next_dagrun for example_branch_dop_operator_v3 to 2024-09-24T04:25:00+00:00, run_after=2024-09-24T04:26:00+00:00
[2024-09-24T04:26:15.909+0000] {processor.py:176} INFO - Processing /home/airflow/.local/lib/python3.7/site-packages/airflow/example_dags/example_branch_python_dop_operator_3.py took 0.144 seconds
[2024-09-24T04:26:46.499+0000] {processor.py:154} INFO - Started process (PID=14894) to work on /home/airflow/.local/lib/python3.7/site-packages/airflow/example_dags/example_branch_python_dop_operator_3.py
[2024-09-24T04:26:46.501+0000] {processor.py:756} INFO - Processing file /home/airflow/.local/lib/python3.7/site-packages/airflow/example_dags/example_branch_python_dop_operator_3.py for tasks to queue
[2024-09-24T04:26:46.502+0000] {logging_mixin.py:120} INFO - [2024-09-24T04:26:46.502+0000] {dagbag.py:537} INFO - Filling up the DagBag from /home/airflow/.local/lib/python3.7/site-packages/airflow/example_dags/example_branch_python_dop_operator_3.py
[2024-09-24T04:26:46.535+0000] {processor.py:766} INFO - DAG(s) dict_keys(['example_branch_dop_operator_v3']) retrieved from /home/airflow/.local/lib/python3.7/site-packages/airflow/example_dags/example_branch_python_dop_operator_3.py
[2024-09-24T04:26:46.586+0000] {logging_mixin.py:120} INFO - [2024-09-24T04:26:46.586+0000] {dag.py:2585} INFO - Sync 1 DAGs
[2024-09-24T04:26:46.623+0000] {logging_mixin.py:120} INFO - [2024-09-24T04:26:46.623+0000] {dag.py:3340} INFO - Setting next_dagrun for example_branch_dop_operator_v3 to 2024-09-24T04:25:00+00:00, run_after=2024-09-24T04:26:00+00:00
[2024-09-24T04:26:46.645+0000] {processor.py:176} INFO - Processing /home/airflow/.local/lib/python3.7/site-packages/airflow/example_dags/example_branch_python_dop_operator_3.py took 0.151 seconds
[2024-09-24T04:27:17.191+0000] {processor.py:154} INFO - Started process (PID=14956) to work on /home/airflow/.local/lib/python3.7/site-packages/airflow/example_dags/example_branch_python_dop_operator_3.py
[2024-09-24T04:27:17.193+0000] {processor.py:756} INFO - Processing file /home/airflow/.local/lib/python3.7/site-packages/airflow/example_dags/example_branch_python_dop_operator_3.py for tasks to queue
[2024-09-24T04:27:17.193+0000] {logging_mixin.py:120} INFO - [2024-09-24T04:27:17.193+0000] {dagbag.py:537} INFO - Filling up the DagBag from /home/airflow/.local/lib/python3.7/site-packages/airflow/example_dags/example_branch_python_dop_operator_3.py
[2024-09-24T04:27:17.223+0000] {processor.py:766} INFO - DAG(s) dict_keys(['example_branch_dop_operator_v3']) retrieved from /home/airflow/.local/lib/python3.7/site-packages/airflow/example_dags/example_branch_python_dop_operator_3.py
[2024-09-24T04:27:17.272+0000] {logging_mixin.py:120} INFO - [2024-09-24T04:27:17.272+0000] {dag.py:2585} INFO - Sync 1 DAGs
[2024-09-24T04:27:17.309+0000] {logging_mixin.py:120} INFO - [2024-09-24T04:27:17.309+0000] {dag.py:3340} INFO - Setting next_dagrun for example_branch_dop_operator_v3 to 2024-09-24T04:26:00+00:00, run_after=2024-09-24T04:27:00+00:00
[2024-09-24T04:27:17.338+0000] {processor.py:176} INFO - Processing /home/airflow/.local/lib/python3.7/site-packages/airflow/example_dags/example_branch_python_dop_operator_3.py took 0.150 seconds
[2024-09-24T04:27:47.419+0000] {processor.py:154} INFO - Started process (PID=15010) to work on /home/airflow/.local/lib/python3.7/site-packages/airflow/example_dags/example_branch_python_dop_operator_3.py
[2024-09-24T04:27:47.421+0000] {processor.py:756} INFO - Processing file /home/airflow/.local/lib/python3.7/site-packages/airflow/example_dags/example_branch_python_dop_operator_3.py for tasks to queue
[2024-09-24T04:27:47.422+0000] {logging_mixin.py:120} INFO - [2024-09-24T04:27:47.421+0000] {dagbag.py:537} INFO - Filling up the DagBag from /home/airflow/.local/lib/python3.7/site-packages/airflow/example_dags/example_branch_python_dop_operator_3.py
[2024-09-24T04:27:47.451+0000] {processor.py:766} INFO - DAG(s) dict_keys(['example_branch_dop_operator_v3']) retrieved from /home/airflow/.local/lib/python3.7/site-packages/airflow/example_dags/example_branch_python_dop_operator_3.py
[2024-09-24T04:27:47.499+0000] {logging_mixin.py:120} INFO - [2024-09-24T04:27:47.499+0000] {dag.py:2585} INFO - Sync 1 DAGs
[2024-09-24T04:27:47.536+0000] {logging_mixin.py:120} INFO - [2024-09-24T04:27:47.535+0000] {dag.py:3340} INFO - Setting next_dagrun for example_branch_dop_operator_v3 to 2024-09-24T04:26:00+00:00, run_after=2024-09-24T04:27:00+00:00
[2024-09-24T04:27:47.561+0000] {processor.py:176} INFO - Processing /home/airflow/.local/lib/python3.7/site-packages/airflow/example_dags/example_branch_python_dop_operator_3.py took 0.146 seconds
[2024-09-24T04:28:17.931+0000] {processor.py:154} INFO - Started process (PID=15073) to work on /home/airflow/.local/lib/python3.7/site-packages/airflow/example_dags/example_branch_python_dop_operator_3.py
[2024-09-24T04:28:17.932+0000] {processor.py:756} INFO - Processing file /home/airflow/.local/lib/python3.7/site-packages/airflow/example_dags/example_branch_python_dop_operator_3.py for tasks to queue
[2024-09-24T04:28:17.933+0000] {logging_mixin.py:120} INFO - [2024-09-24T04:28:17.933+0000] {dagbag.py:537} INFO - Filling up the DagBag from /home/airflow/.local/lib/python3.7/site-packages/airflow/example_dags/example_branch_python_dop_operator_3.py
[2024-09-24T04:28:17.961+0000] {processor.py:766} INFO - DAG(s) dict_keys(['example_branch_dop_operator_v3']) retrieved from /home/airflow/.local/lib/python3.7/site-packages/airflow/example_dags/example_branch_python_dop_operator_3.py
[2024-09-24T04:28:18.012+0000] {logging_mixin.py:120} INFO - [2024-09-24T04:28:18.012+0000] {dag.py:2585} INFO - Sync 1 DAGs
[2024-09-24T04:28:18.047+0000] {logging_mixin.py:120} INFO - [2024-09-24T04:28:18.047+0000] {dag.py:3340} INFO - Setting next_dagrun for example_branch_dop_operator_v3 to 2024-09-24T04:27:00+00:00, run_after=2024-09-24T04:28:00+00:00
[2024-09-24T04:28:18.074+0000] {processor.py:176} INFO - Processing /home/airflow/.local/lib/python3.7/site-packages/airflow/example_dags/example_branch_python_dop_operator_3.py took 0.148 seconds
[2024-09-24T04:28:48.321+0000] {processor.py:154} INFO - Started process (PID=15136) to work on /home/airflow/.local/lib/python3.7/site-packages/airflow/example_dags/example_branch_python_dop_operator_3.py
[2024-09-24T04:28:48.323+0000] {processor.py:756} INFO - Processing file /home/airflow/.local/lib/python3.7/site-packages/airflow/example_dags/example_branch_python_dop_operator_3.py for tasks to queue
[2024-09-24T04:28:48.323+0000] {logging_mixin.py:120} INFO - [2024-09-24T04:28:48.323+0000] {dagbag.py:537} INFO - Filling up the DagBag from /home/airflow/.local/lib/python3.7/site-packages/airflow/example_dags/example_branch_python_dop_operator_3.py
[2024-09-24T04:28:48.353+0000] {processor.py:766} INFO - DAG(s) dict_keys(['example_branch_dop_operator_v3']) retrieved from /home/airflow/.local/lib/python3.7/site-packages/airflow/example_dags/example_branch_python_dop_operator_3.py
[2024-09-24T04:28:48.404+0000] {logging_mixin.py:120} INFO - [2024-09-24T04:28:48.403+0000] {dag.py:2585} INFO - Sync 1 DAGs
[2024-09-24T04:28:48.440+0000] {logging_mixin.py:120} INFO - [2024-09-24T04:28:48.440+0000] {dag.py:3340} INFO - Setting next_dagrun for example_branch_dop_operator_v3 to 2024-09-24T04:27:00+00:00, run_after=2024-09-24T04:28:00+00:00
[2024-09-24T04:28:48.462+0000] {processor.py:176} INFO - Processing /home/airflow/.local/lib/python3.7/site-packages/airflow/example_dags/example_branch_python_dop_operator_3.py took 0.145 seconds
[2024-09-24T04:29:19.128+0000] {processor.py:154} INFO - Started process (PID=15190) to work on /home/airflow/.local/lib/python3.7/site-packages/airflow/example_dags/example_branch_python_dop_operator_3.py
[2024-09-24T04:29:19.130+0000] {processor.py:756} INFO - Processing file /home/airflow/.local/lib/python3.7/site-packages/airflow/example_dags/example_branch_python_dop_operator_3.py for tasks to queue
[2024-09-24T04:29:19.131+0000] {logging_mixin.py:120} INFO - [2024-09-24T04:29:19.131+0000] {dagbag.py:537} INFO - Filling up the DagBag from /home/airflow/.local/lib/python3.7/site-packages/airflow/example_dags/example_branch_python_dop_operator_3.py
[2024-09-24T04:29:19.168+0000] {processor.py:766} INFO - DAG(s) dict_keys(['example_branch_dop_operator_v3']) retrieved from /home/airflow/.local/lib/python3.7/site-packages/airflow/example_dags/example_branch_python_dop_operator_3.py
[2024-09-24T04:29:19.221+0000] {logging_mixin.py:120} INFO - [2024-09-24T04:29:19.221+0000] {dag.py:2585} INFO - Sync 1 DAGs
[2024-09-24T04:29:19.266+0000] {logging_mixin.py:120} INFO - [2024-09-24T04:29:19.265+0000] {dag.py:3340} INFO - Setting next_dagrun for example_branch_dop_operator_v3 to 2024-09-24T04:28:00+00:00, run_after=2024-09-24T04:29:00+00:00
[2024-09-24T04:29:19.292+0000] {processor.py:176} INFO - Processing /home/airflow/.local/lib/python3.7/site-packages/airflow/example_dags/example_branch_python_dop_operator_3.py took 0.167 seconds
[2024-09-24T04:29:50.115+0000] {processor.py:154} INFO - Started process (PID=15253) to work on /home/airflow/.local/lib/python3.7/site-packages/airflow/example_dags/example_branch_python_dop_operator_3.py
[2024-09-24T04:29:50.116+0000] {processor.py:756} INFO - Processing file /home/airflow/.local/lib/python3.7/site-packages/airflow/example_dags/example_branch_python_dop_operator_3.py for tasks to queue
[2024-09-24T04:29:50.118+0000] {logging_mixin.py:120} INFO - [2024-09-24T04:29:50.117+0000] {dagbag.py:537} INFO - Filling up the DagBag from /home/airflow/.local/lib/python3.7/site-packages/airflow/example_dags/example_branch_python_dop_operator_3.py
[2024-09-24T04:29:50.149+0000] {processor.py:766} INFO - DAG(s) dict_keys(['example_branch_dop_operator_v3']) retrieved from /home/airflow/.local/lib/python3.7/site-packages/airflow/example_dags/example_branch_python_dop_operator_3.py
[2024-09-24T04:29:50.202+0000] {logging_mixin.py:120} INFO - [2024-09-24T04:29:50.201+0000] {dag.py:2585} INFO - Sync 1 DAGs
[2024-09-24T04:29:50.248+0000] {logging_mixin.py:120} INFO - [2024-09-24T04:29:50.247+0000] {dag.py:3340} INFO - Setting next_dagrun for example_branch_dop_operator_v3 to 2024-09-24T04:28:00+00:00, run_after=2024-09-24T04:29:00+00:00
[2024-09-24T04:29:50.273+0000] {processor.py:176} INFO - Processing /home/airflow/.local/lib/python3.7/site-packages/airflow/example_dags/example_branch_python_dop_operator_3.py took 0.163 seconds
[2024-09-24T04:30:20.479+0000] {processor.py:154} INFO - Started process (PID=15316) to work on /home/airflow/.local/lib/python3.7/site-packages/airflow/example_dags/example_branch_python_dop_operator_3.py
[2024-09-24T04:30:20.481+0000] {processor.py:756} INFO - Processing file /home/airflow/.local/lib/python3.7/site-packages/airflow/example_dags/example_branch_python_dop_operator_3.py for tasks to queue
[2024-09-24T04:30:20.483+0000] {logging_mixin.py:120} INFO - [2024-09-24T04:30:20.483+0000] {dagbag.py:537} INFO - Filling up the DagBag from /home/airflow/.local/lib/python3.7/site-packages/airflow/example_dags/example_branch_python_dop_operator_3.py
[2024-09-24T04:30:20.514+0000] {processor.py:766} INFO - DAG(s) dict_keys(['example_branch_dop_operator_v3']) retrieved from /home/airflow/.local/lib/python3.7/site-packages/airflow/example_dags/example_branch_python_dop_operator_3.py
[2024-09-24T04:30:20.565+0000] {logging_mixin.py:120} INFO - [2024-09-24T04:30:20.565+0000] {dag.py:2585} INFO - Sync 1 DAGs
[2024-09-24T04:30:20.603+0000] {logging_mixin.py:120} INFO - [2024-09-24T04:30:20.602+0000] {dag.py:3340} INFO - Setting next_dagrun for example_branch_dop_operator_v3 to 2024-09-24T04:29:00+00:00, run_after=2024-09-24T04:30:00+00:00
[2024-09-24T04:30:20.628+0000] {processor.py:176} INFO - Processing /home/airflow/.local/lib/python3.7/site-packages/airflow/example_dags/example_branch_python_dop_operator_3.py took 0.153 seconds
[2024-09-24T04:30:50.868+0000] {processor.py:154} INFO - Started process (PID=15370) to work on /home/airflow/.local/lib/python3.7/site-packages/airflow/example_dags/example_branch_python_dop_operator_3.py
[2024-09-24T04:30:50.870+0000] {processor.py:756} INFO - Processing file /home/airflow/.local/lib/python3.7/site-packages/airflow/example_dags/example_branch_python_dop_operator_3.py for tasks to queue
[2024-09-24T04:30:50.871+0000] {logging_mixin.py:120} INFO - [2024-09-24T04:30:50.871+0000] {dagbag.py:537} INFO - Filling up the DagBag from /home/airflow/.local/lib/python3.7/site-packages/airflow/example_dags/example_branch_python_dop_operator_3.py
[2024-09-24T04:30:50.904+0000] {processor.py:766} INFO - DAG(s) dict_keys(['example_branch_dop_operator_v3']) retrieved from /home/airflow/.local/lib/python3.7/site-packages/airflow/example_dags/example_branch_python_dop_operator_3.py
[2024-09-24T04:30:50.956+0000] {logging_mixin.py:120} INFO - [2024-09-24T04:30:50.956+0000] {dag.py:2585} INFO - Sync 1 DAGs
[2024-09-24T04:30:50.995+0000] {logging_mixin.py:120} INFO - [2024-09-24T04:30:50.995+0000] {dag.py:3340} INFO - Setting next_dagrun for example_branch_dop_operator_v3 to 2024-09-24T04:29:00+00:00, run_after=2024-09-24T04:30:00+00:00
[2024-09-24T04:30:51.019+0000] {processor.py:176} INFO - Processing /home/airflow/.local/lib/python3.7/site-packages/airflow/example_dags/example_branch_python_dop_operator_3.py took 0.155 seconds
[2024-09-24T04:31:21.529+0000] {processor.py:154} INFO - Started process (PID=15433) to work on /home/airflow/.local/lib/python3.7/site-packages/airflow/example_dags/example_branch_python_dop_operator_3.py
[2024-09-24T04:31:21.531+0000] {processor.py:756} INFO - Processing file /home/airflow/.local/lib/python3.7/site-packages/airflow/example_dags/example_branch_python_dop_operator_3.py for tasks to queue
[2024-09-24T04:31:21.532+0000] {logging_mixin.py:120} INFO - [2024-09-24T04:31:21.532+0000] {dagbag.py:537} INFO - Filling up the DagBag from /home/airflow/.local/lib/python3.7/site-packages/airflow/example_dags/example_branch_python_dop_operator_3.py
[2024-09-24T04:31:21.564+0000] {processor.py:766} INFO - DAG(s) dict_keys(['example_branch_dop_operator_v3']) retrieved from /home/airflow/.local/lib/python3.7/site-packages/airflow/example_dags/example_branch_python_dop_operator_3.py
[2024-09-24T04:31:21.618+0000] {logging_mixin.py:120} INFO - [2024-09-24T04:31:21.618+0000] {dag.py:2585} INFO - Sync 1 DAGs
[2024-09-24T04:31:21.659+0000] {logging_mixin.py:120} INFO - [2024-09-24T04:31:21.658+0000] {dag.py:3340} INFO - Setting next_dagrun for example_branch_dop_operator_v3 to 2024-09-24T04:30:00+00:00, run_after=2024-09-24T04:31:00+00:00
[2024-09-24T04:31:21.684+0000] {processor.py:176} INFO - Processing /home/airflow/.local/lib/python3.7/site-packages/airflow/example_dags/example_branch_python_dop_operator_3.py took 0.160 seconds
[2024-09-24T04:31:52.307+0000] {processor.py:154} INFO - Started process (PID=15496) to work on /home/airflow/.local/lib/python3.7/site-packages/airflow/example_dags/example_branch_python_dop_operator_3.py
[2024-09-24T04:31:52.309+0000] {processor.py:756} INFO - Processing file /home/airflow/.local/lib/python3.7/site-packages/airflow/example_dags/example_branch_python_dop_operator_3.py for tasks to queue
[2024-09-24T04:31:52.311+0000] {logging_mixin.py:120} INFO - [2024-09-24T04:31:52.310+0000] {dagbag.py:537} INFO - Filling up the DagBag from /home/airflow/.local/lib/python3.7/site-packages/airflow/example_dags/example_branch_python_dop_operator_3.py
[2024-09-24T04:31:52.356+0000] {processor.py:766} INFO - DAG(s) dict_keys(['example_branch_dop_operator_v3']) retrieved from /home/airflow/.local/lib/python3.7/site-packages/airflow/example_dags/example_branch_python_dop_operator_3.py
[2024-09-24T04:31:52.418+0000] {logging_mixin.py:120} INFO - [2024-09-24T04:31:52.418+0000] {dag.py:2585} INFO - Sync 1 DAGs
[2024-09-24T04:31:52.470+0000] {logging_mixin.py:120} INFO - [2024-09-24T04:31:52.470+0000] {dag.py:3340} INFO - Setting next_dagrun for example_branch_dop_operator_v3 to 2024-09-24T04:30:00+00:00, run_after=2024-09-24T04:31:00+00:00
[2024-09-24T04:31:52.511+0000] {processor.py:176} INFO - Processing /home/airflow/.local/lib/python3.7/site-packages/airflow/example_dags/example_branch_python_dop_operator_3.py took 0.210 seconds
[2024-09-24T04:32:23.300+0000] {processor.py:154} INFO - Started process (PID=15550) to work on /home/airflow/.local/lib/python3.7/site-packages/airflow/example_dags/example_branch_python_dop_operator_3.py
[2024-09-24T04:32:23.302+0000] {processor.py:756} INFO - Processing file /home/airflow/.local/lib/python3.7/site-packages/airflow/example_dags/example_branch_python_dop_operator_3.py for tasks to queue
[2024-09-24T04:32:23.303+0000] {logging_mixin.py:120} INFO - [2024-09-24T04:32:23.303+0000] {dagbag.py:537} INFO - Filling up the DagBag from /home/airflow/.local/lib/python3.7/site-packages/airflow/example_dags/example_branch_python_dop_operator_3.py
[2024-09-24T04:32:23.340+0000] {processor.py:766} INFO - DAG(s) dict_keys(['example_branch_dop_operator_v3']) retrieved from /home/airflow/.local/lib/python3.7/site-packages/airflow/example_dags/example_branch_python_dop_operator_3.py
[2024-09-24T04:32:23.403+0000] {logging_mixin.py:120} INFO - [2024-09-24T04:32:23.403+0000] {dag.py:2585} INFO - Sync 1 DAGs
[2024-09-24T04:32:23.469+0000] {logging_mixin.py:120} INFO - [2024-09-24T04:32:23.468+0000] {dag.py:3340} INFO - Setting next_dagrun for example_branch_dop_operator_v3 to 2024-09-24T04:31:00+00:00, run_after=2024-09-24T04:32:00+00:00
[2024-09-24T04:32:23.508+0000] {processor.py:176} INFO - Processing /home/airflow/.local/lib/python3.7/site-packages/airflow/example_dags/example_branch_python_dop_operator_3.py took 0.213 seconds
[2024-09-24T04:32:54.190+0000] {processor.py:154} INFO - Started process (PID=15613) to work on /home/airflow/.local/lib/python3.7/site-packages/airflow/example_dags/example_branch_python_dop_operator_3.py
[2024-09-24T04:32:54.192+0000] {processor.py:756} INFO - Processing file /home/airflow/.local/lib/python3.7/site-packages/airflow/example_dags/example_branch_python_dop_operator_3.py for tasks to queue
[2024-09-24T04:32:54.193+0000] {logging_mixin.py:120} INFO - [2024-09-24T04:32:54.192+0000] {dagbag.py:537} INFO - Filling up the DagBag from /home/airflow/.local/lib/python3.7/site-packages/airflow/example_dags/example_branch_python_dop_operator_3.py
[2024-09-24T04:32:54.227+0000] {processor.py:766} INFO - DAG(s) dict_keys(['example_branch_dop_operator_v3']) retrieved from /home/airflow/.local/lib/python3.7/site-packages/airflow/example_dags/example_branch_python_dop_operator_3.py
[2024-09-24T04:32:54.294+0000] {logging_mixin.py:120} INFO - [2024-09-24T04:32:54.294+0000] {dag.py:2585} INFO - Sync 1 DAGs
[2024-09-24T04:32:54.345+0000] {logging_mixin.py:120} INFO - [2024-09-24T04:32:54.345+0000] {dag.py:3340} INFO - Setting next_dagrun for example_branch_dop_operator_v3 to 2024-09-24T04:31:00+00:00, run_after=2024-09-24T04:32:00+00:00
[2024-09-24T04:32:54.377+0000] {processor.py:176} INFO - Processing /home/airflow/.local/lib/python3.7/site-packages/airflow/example_dags/example_branch_python_dop_operator_3.py took 0.192 seconds
[2024-09-24T04:33:25.232+0000] {processor.py:154} INFO - Started process (PID=15674) to work on /home/airflow/.local/lib/python3.7/site-packages/airflow/example_dags/example_branch_python_dop_operator_3.py
[2024-09-24T04:33:25.234+0000] {processor.py:756} INFO - Processing file /home/airflow/.local/lib/python3.7/site-packages/airflow/example_dags/example_branch_python_dop_operator_3.py for tasks to queue
[2024-09-24T04:33:25.235+0000] {logging_mixin.py:120} INFO - [2024-09-24T04:33:25.235+0000] {dagbag.py:537} INFO - Filling up the DagBag from /home/airflow/.local/lib/python3.7/site-packages/airflow/example_dags/example_branch_python_dop_operator_3.py
[2024-09-24T04:33:25.270+0000] {processor.py:766} INFO - DAG(s) dict_keys(['example_branch_dop_operator_v3']) retrieved from /home/airflow/.local/lib/python3.7/site-packages/airflow/example_dags/example_branch_python_dop_operator_3.py
[2024-09-24T04:33:25.334+0000] {logging_mixin.py:120} INFO - [2024-09-24T04:33:25.334+0000] {dag.py:2585} INFO - Sync 1 DAGs
[2024-09-24T04:33:25.384+0000] {logging_mixin.py:120} INFO - [2024-09-24T04:33:25.384+0000] {dag.py:3340} INFO - Setting next_dagrun for example_branch_dop_operator_v3 to 2024-09-24T04:32:00+00:00, run_after=2024-09-24T04:33:00+00:00
[2024-09-24T04:33:25.423+0000] {processor.py:176} INFO - Processing /home/airflow/.local/lib/python3.7/site-packages/airflow/example_dags/example_branch_python_dop_operator_3.py took 0.197 seconds
[2024-09-24T04:33:55.868+0000] {processor.py:154} INFO - Started process (PID=15730) to work on /home/airflow/.local/lib/python3.7/site-packages/airflow/example_dags/example_branch_python_dop_operator_3.py
[2024-09-24T04:33:55.870+0000] {processor.py:756} INFO - Processing file /home/airflow/.local/lib/python3.7/site-packages/airflow/example_dags/example_branch_python_dop_operator_3.py for tasks to queue
[2024-09-24T04:33:55.872+0000] {logging_mixin.py:120} INFO - [2024-09-24T04:33:55.871+0000] {dagbag.py:537} INFO - Filling up the DagBag from /home/airflow/.local/lib/python3.7/site-packages/airflow/example_dags/example_branch_python_dop_operator_3.py
[2024-09-24T04:33:55.917+0000] {processor.py:766} INFO - DAG(s) dict_keys(['example_branch_dop_operator_v3']) retrieved from /home/airflow/.local/lib/python3.7/site-packages/airflow/example_dags/example_branch_python_dop_operator_3.py
[2024-09-24T04:33:55.980+0000] {logging_mixin.py:120} INFO - [2024-09-24T04:33:55.980+0000] {dag.py:2585} INFO - Sync 1 DAGs
[2024-09-24T04:33:56.024+0000] {logging_mixin.py:120} INFO - [2024-09-24T04:33:56.024+0000] {dag.py:3340} INFO - Setting next_dagrun for example_branch_dop_operator_v3 to 2024-09-24T04:32:00+00:00, run_after=2024-09-24T04:33:00+00:00
[2024-09-24T04:33:56.061+0000] {processor.py:176} INFO - Processing /home/airflow/.local/lib/python3.7/site-packages/airflow/example_dags/example_branch_python_dop_operator_3.py took 0.201 seconds
[2024-09-24T04:34:27.124+0000] {processor.py:154} INFO - Started process (PID=15794) to work on /home/airflow/.local/lib/python3.7/site-packages/airflow/example_dags/example_branch_python_dop_operator_3.py
[2024-09-24T04:34:27.125+0000] {processor.py:756} INFO - Processing file /home/airflow/.local/lib/python3.7/site-packages/airflow/example_dags/example_branch_python_dop_operator_3.py for tasks to queue
[2024-09-24T04:34:27.130+0000] {logging_mixin.py:120} INFO - [2024-09-24T04:34:27.129+0000] {dagbag.py:537} INFO - Filling up the DagBag from /home/airflow/.local/lib/python3.7/site-packages/airflow/example_dags/example_branch_python_dop_operator_3.py
[2024-09-24T04:34:27.175+0000] {processor.py:766} INFO - DAG(s) dict_keys(['example_branch_dop_operator_v3']) retrieved from /home/airflow/.local/lib/python3.7/site-packages/airflow/example_dags/example_branch_python_dop_operator_3.py
[2024-09-24T04:34:27.240+0000] {logging_mixin.py:120} INFO - [2024-09-24T04:34:27.240+0000] {dag.py:2585} INFO - Sync 1 DAGs
[2024-09-24T04:34:27.288+0000] {logging_mixin.py:120} INFO - [2024-09-24T04:34:27.288+0000] {dag.py:3340} INFO - Setting next_dagrun for example_branch_dop_operator_v3 to 2024-09-24T04:33:00+00:00, run_after=2024-09-24T04:34:00+00:00
[2024-09-24T04:34:27.317+0000] {processor.py:176} INFO - Processing /home/airflow/.local/lib/python3.7/site-packages/airflow/example_dags/example_branch_python_dop_operator_3.py took 0.199 seconds
[2024-09-24T04:34:57.518+0000] {processor.py:154} INFO - Started process (PID=15848) to work on /home/airflow/.local/lib/python3.7/site-packages/airflow/example_dags/example_branch_python_dop_operator_3.py
[2024-09-24T04:34:57.520+0000] {processor.py:756} INFO - Processing file /home/airflow/.local/lib/python3.7/site-packages/airflow/example_dags/example_branch_python_dop_operator_3.py for tasks to queue
[2024-09-24T04:34:57.522+0000] {logging_mixin.py:120} INFO - [2024-09-24T04:34:57.522+0000] {dagbag.py:537} INFO - Filling up the DagBag from /home/airflow/.local/lib/python3.7/site-packages/airflow/example_dags/example_branch_python_dop_operator_3.py
[2024-09-24T04:34:57.559+0000] {processor.py:766} INFO - DAG(s) dict_keys(['example_branch_dop_operator_v3']) retrieved from /home/airflow/.local/lib/python3.7/site-packages/airflow/example_dags/example_branch_python_dop_operator_3.py
[2024-09-24T04:34:57.630+0000] {logging_mixin.py:120} INFO - [2024-09-24T04:34:57.630+0000] {dag.py:2585} INFO - Sync 1 DAGs
[2024-09-24T04:34:57.684+0000] {logging_mixin.py:120} INFO - [2024-09-24T04:34:57.684+0000] {dag.py:3340} INFO - Setting next_dagrun for example_branch_dop_operator_v3 to 2024-09-24T04:33:00+00:00, run_after=2024-09-24T04:34:00+00:00
[2024-09-24T04:34:57.717+0000] {processor.py:176} INFO - Processing /home/airflow/.local/lib/python3.7/site-packages/airflow/example_dags/example_branch_python_dop_operator_3.py took 0.204 seconds
[2024-09-24T04:35:28.047+0000] {processor.py:154} INFO - Started process (PID=15911) to work on /home/airflow/.local/lib/python3.7/site-packages/airflow/example_dags/example_branch_python_dop_operator_3.py
[2024-09-24T04:35:28.048+0000] {processor.py:756} INFO - Processing file /home/airflow/.local/lib/python3.7/site-packages/airflow/example_dags/example_branch_python_dop_operator_3.py for tasks to queue
[2024-09-24T04:35:28.049+0000] {logging_mixin.py:120} INFO - [2024-09-24T04:35:28.049+0000] {dagbag.py:537} INFO - Filling up the DagBag from /home/airflow/.local/lib/python3.7/site-packages/airflow/example_dags/example_branch_python_dop_operator_3.py
[2024-09-24T04:35:28.089+0000] {processor.py:766} INFO - DAG(s) dict_keys(['example_branch_dop_operator_v3']) retrieved from /home/airflow/.local/lib/python3.7/site-packages/airflow/example_dags/example_branch_python_dop_operator_3.py
[2024-09-24T04:35:28.156+0000] {logging_mixin.py:120} INFO - [2024-09-24T04:35:28.156+0000] {dag.py:2585} INFO - Sync 1 DAGs
[2024-09-24T04:35:28.219+0000] {logging_mixin.py:120} INFO - [2024-09-24T04:35:28.219+0000] {dag.py:3340} INFO - Setting next_dagrun for example_branch_dop_operator_v3 to 2024-09-24T04:34:00+00:00, run_after=2024-09-24T04:35:00+00:00
[2024-09-24T04:35:28.257+0000] {processor.py:176} INFO - Processing /home/airflow/.local/lib/python3.7/site-packages/airflow/example_dags/example_branch_python_dop_operator_3.py took 0.215 seconds
[2024-09-24T04:35:59.312+0000] {processor.py:154} INFO - Started process (PID=15965) to work on /home/airflow/.local/lib/python3.7/site-packages/airflow/example_dags/example_branch_python_dop_operator_3.py
[2024-09-24T04:35:59.313+0000] {processor.py:756} INFO - Processing file /home/airflow/.local/lib/python3.7/site-packages/airflow/example_dags/example_branch_python_dop_operator_3.py for tasks to queue
[2024-09-24T04:35:59.315+0000] {logging_mixin.py:120} INFO - [2024-09-24T04:35:59.315+0000] {dagbag.py:537} INFO - Filling up the DagBag from /home/airflow/.local/lib/python3.7/site-packages/airflow/example_dags/example_branch_python_dop_operator_3.py
[2024-09-24T04:35:59.355+0000] {processor.py:766} INFO - DAG(s) dict_keys(['example_branch_dop_operator_v3']) retrieved from /home/airflow/.local/lib/python3.7/site-packages/airflow/example_dags/example_branch_python_dop_operator_3.py
[2024-09-24T04:35:59.420+0000] {logging_mixin.py:120} INFO - [2024-09-24T04:35:59.420+0000] {dag.py:2585} INFO - Sync 1 DAGs
[2024-09-24T04:35:59.481+0000] {logging_mixin.py:120} INFO - [2024-09-24T04:35:59.481+0000] {dag.py:3340} INFO - Setting next_dagrun for example_branch_dop_operator_v3 to 2024-09-24T04:34:00+00:00, run_after=2024-09-24T04:35:00+00:00
[2024-09-24T04:35:59.514+0000] {processor.py:176} INFO - Processing /home/airflow/.local/lib/python3.7/site-packages/airflow/example_dags/example_branch_python_dop_operator_3.py took 0.207 seconds
[2024-09-24T04:36:30.201+0000] {processor.py:154} INFO - Started process (PID=16028) to work on /home/airflow/.local/lib/python3.7/site-packages/airflow/example_dags/example_branch_python_dop_operator_3.py
[2024-09-24T04:36:30.204+0000] {processor.py:756} INFO - Processing file /home/airflow/.local/lib/python3.7/site-packages/airflow/example_dags/example_branch_python_dop_operator_3.py for tasks to queue
[2024-09-24T04:36:30.208+0000] {logging_mixin.py:120} INFO - [2024-09-24T04:36:30.207+0000] {dagbag.py:537} INFO - Filling up the DagBag from /home/airflow/.local/lib/python3.7/site-packages/airflow/example_dags/example_branch_python_dop_operator_3.py
[2024-09-24T04:36:30.262+0000] {processor.py:766} INFO - DAG(s) dict_keys(['example_branch_dop_operator_v3']) retrieved from /home/airflow/.local/lib/python3.7/site-packages/airflow/example_dags/example_branch_python_dop_operator_3.py
[2024-09-24T04:36:30.370+0000] {logging_mixin.py:120} INFO - [2024-09-24T04:36:30.370+0000] {dag.py:2585} INFO - Sync 1 DAGs
[2024-09-24T04:36:30.481+0000] {logging_mixin.py:120} INFO - [2024-09-24T04:36:30.481+0000] {dag.py:3340} INFO - Setting next_dagrun for example_branch_dop_operator_v3 to 2024-09-24T04:35:00+00:00, run_after=2024-09-24T04:36:00+00:00
[2024-09-24T04:36:30.535+0000] {processor.py:176} INFO - Processing /home/airflow/.local/lib/python3.7/site-packages/airflow/example_dags/example_branch_python_dop_operator_3.py took 0.340 seconds
[2024-09-24T04:37:00.648+0000] {processor.py:154} INFO - Started process (PID=16091) to work on /home/airflow/.local/lib/python3.7/site-packages/airflow/example_dags/example_branch_python_dop_operator_3.py
[2024-09-24T04:37:00.650+0000] {processor.py:756} INFO - Processing file /home/airflow/.local/lib/python3.7/site-packages/airflow/example_dags/example_branch_python_dop_operator_3.py for tasks to queue
[2024-09-24T04:37:00.651+0000] {logging_mixin.py:120} INFO - [2024-09-24T04:37:00.651+0000] {dagbag.py:537} INFO - Filling up the DagBag from /home/airflow/.local/lib/python3.7/site-packages/airflow/example_dags/example_branch_python_dop_operator_3.py
[2024-09-24T04:37:00.692+0000] {processor.py:766} INFO - DAG(s) dict_keys(['example_branch_dop_operator_v3']) retrieved from /home/airflow/.local/lib/python3.7/site-packages/airflow/example_dags/example_branch_python_dop_operator_3.py
[2024-09-24T04:37:00.763+0000] {logging_mixin.py:120} INFO - [2024-09-24T04:37:00.763+0000] {dag.py:2585} INFO - Sync 1 DAGs
[2024-09-24T04:37:00.819+0000] {logging_mixin.py:120} INFO - [2024-09-24T04:37:00.819+0000] {dag.py:3340} INFO - Setting next_dagrun for example_branch_dop_operator_v3 to 2024-09-24T04:36:00+00:00, run_after=2024-09-24T04:37:00+00:00
[2024-09-24T04:37:00.847+0000] {processor.py:176} INFO - Processing /home/airflow/.local/lib/python3.7/site-packages/airflow/example_dags/example_branch_python_dop_operator_3.py took 0.205 seconds
[2024-09-24T04:37:58.014+0000] {processor.py:154} INFO - Started process (PID=16158) to work on /home/airflow/.local/lib/python3.7/site-packages/airflow/example_dags/example_branch_python_dop_operator_3.py
[2024-09-24T04:37:58.016+0000] {processor.py:756} INFO - Processing file /home/airflow/.local/lib/python3.7/site-packages/airflow/example_dags/example_branch_python_dop_operator_3.py for tasks to queue
[2024-09-24T04:37:58.018+0000] {logging_mixin.py:120} INFO - [2024-09-24T04:37:58.018+0000] {dagbag.py:537} INFO - Filling up the DagBag from /home/airflow/.local/lib/python3.7/site-packages/airflow/example_dags/example_branch_python_dop_operator_3.py
[2024-09-24T04:37:58.067+0000] {processor.py:766} INFO - DAG(s) dict_keys(['example_branch_dop_operator_v3']) retrieved from /home/airflow/.local/lib/python3.7/site-packages/airflow/example_dags/example_branch_python_dop_operator_3.py
[2024-09-24T04:37:58.135+0000] {logging_mixin.py:120} INFO - [2024-09-24T04:37:58.135+0000] {dag.py:2585} INFO - Sync 1 DAGs
[2024-09-24T04:37:58.188+0000] {logging_mixin.py:120} INFO - [2024-09-24T04:37:58.188+0000] {dag.py:3340} INFO - Setting next_dagrun for example_branch_dop_operator_v3 to 2024-09-24T04:36:00+00:00, run_after=2024-09-24T04:37:00+00:00
[2024-09-24T04:37:58.218+0000] {processor.py:176} INFO - Processing /home/airflow/.local/lib/python3.7/site-packages/airflow/example_dags/example_branch_python_dop_operator_3.py took 0.210 seconds
[2024-09-24T06:15:54.731+0000] {processor.py:154} INFO - Started process (PID=16222) to work on /home/airflow/.local/lib/python3.7/site-packages/airflow/example_dags/example_branch_python_dop_operator_3.py
[2024-09-24T06:15:54.734+0000] {processor.py:756} INFO - Processing file /home/airflow/.local/lib/python3.7/site-packages/airflow/example_dags/example_branch_python_dop_operator_3.py for tasks to queue
[2024-09-24T06:15:54.735+0000] {logging_mixin.py:120} INFO - [2024-09-24T06:15:54.735+0000] {dagbag.py:537} INFO - Filling up the DagBag from /home/airflow/.local/lib/python3.7/site-packages/airflow/example_dags/example_branch_python_dop_operator_3.py
[2024-09-24T06:15:54.773+0000] {processor.py:766} INFO - DAG(s) dict_keys(['example_branch_dop_operator_v3']) retrieved from /home/airflow/.local/lib/python3.7/site-packages/airflow/example_dags/example_branch_python_dop_operator_3.py
[2024-09-24T06:15:54.829+0000] {logging_mixin.py:120} INFO - [2024-09-24T06:15:54.828+0000] {dag.py:2585} INFO - Sync 1 DAGs
[2024-09-24T06:15:54.872+0000] {logging_mixin.py:120} INFO - [2024-09-24T06:15:54.872+0000] {dag.py:3340} INFO - Setting next_dagrun for example_branch_dop_operator_v3 to 2024-09-24T06:14:00+00:00, run_after=2024-09-24T06:15:00+00:00
[2024-09-24T06:15:54.906+0000] {processor.py:176} INFO - Processing /home/airflow/.local/lib/python3.7/site-packages/airflow/example_dags/example_branch_python_dop_operator_3.py took 0.179 seconds
[2024-09-24T06:31:02.766+0000] {processor.py:154} INFO - Started process (PID=16276) to work on /home/airflow/.local/lib/python3.7/site-packages/airflow/example_dags/example_branch_python_dop_operator_3.py
[2024-09-24T06:31:02.768+0000] {processor.py:756} INFO - Processing file /home/airflow/.local/lib/python3.7/site-packages/airflow/example_dags/example_branch_python_dop_operator_3.py for tasks to queue
[2024-09-24T06:31:02.771+0000] {logging_mixin.py:120} INFO - [2024-09-24T06:31:02.771+0000] {dagbag.py:537} INFO - Filling up the DagBag from /home/airflow/.local/lib/python3.7/site-packages/airflow/example_dags/example_branch_python_dop_operator_3.py
[2024-09-24T06:31:02.808+0000] {processor.py:766} INFO - DAG(s) dict_keys(['example_branch_dop_operator_v3']) retrieved from /home/airflow/.local/lib/python3.7/site-packages/airflow/example_dags/example_branch_python_dop_operator_3.py
[2024-09-24T06:31:02.869+0000] {logging_mixin.py:120} INFO - [2024-09-24T06:31:02.868+0000] {dag.py:2585} INFO - Sync 1 DAGs
[2024-09-24T06:31:02.924+0000] {logging_mixin.py:120} INFO - [2024-09-24T06:31:02.923+0000] {dag.py:3340} INFO - Setting next_dagrun for example_branch_dop_operator_v3 to 2024-09-24T06:30:00+00:00, run_after=2024-09-24T06:31:00+00:00
[2024-09-24T06:31:02.970+0000] {processor.py:176} INFO - Processing /home/airflow/.local/lib/python3.7/site-packages/airflow/example_dags/example_branch_python_dop_operator_3.py took 0.209 seconds
[2024-09-24T08:40:12.057+0000] {processor.py:154} INFO - Started process (PID=16339) to work on /home/airflow/.local/lib/python3.7/site-packages/airflow/example_dags/example_branch_python_dop_operator_3.py
[2024-09-24T08:40:12.059+0000] {processor.py:756} INFO - Processing file /home/airflow/.local/lib/python3.7/site-packages/airflow/example_dags/example_branch_python_dop_operator_3.py for tasks to queue
[2024-09-24T08:40:12.060+0000] {logging_mixin.py:120} INFO - [2024-09-24T08:40:12.060+0000] {dagbag.py:537} INFO - Filling up the DagBag from /home/airflow/.local/lib/python3.7/site-packages/airflow/example_dags/example_branch_python_dop_operator_3.py
[2024-09-24T08:40:12.097+0000] {processor.py:766} INFO - DAG(s) dict_keys(['example_branch_dop_operator_v3']) retrieved from /home/airflow/.local/lib/python3.7/site-packages/airflow/example_dags/example_branch_python_dop_operator_3.py
[2024-09-24T08:40:12.164+0000] {logging_mixin.py:120} INFO - [2024-09-24T08:40:12.164+0000] {dag.py:2585} INFO - Sync 1 DAGs
[2024-09-24T08:40:12.229+0000] {logging_mixin.py:120} INFO - [2024-09-24T08:40:12.229+0000] {dag.py:3340} INFO - Setting next_dagrun for example_branch_dop_operator_v3 to 2024-09-24T08:39:00+00:00, run_after=2024-09-24T08:40:00+00:00
[2024-09-24T08:40:12.255+0000] {processor.py:176} INFO - Processing /home/airflow/.local/lib/python3.7/site-packages/airflow/example_dags/example_branch_python_dop_operator_3.py took 0.203 seconds
[2024-09-24T11:11:21.604+0000] {processor.py:154} INFO - Started process (PID=16402) to work on /home/airflow/.local/lib/python3.7/site-packages/airflow/example_dags/example_branch_python_dop_operator_3.py
[2024-09-24T11:11:21.606+0000] {processor.py:756} INFO - Processing file /home/airflow/.local/lib/python3.7/site-packages/airflow/example_dags/example_branch_python_dop_operator_3.py for tasks to queue
[2024-09-24T11:11:21.608+0000] {logging_mixin.py:120} INFO - [2024-09-24T11:11:21.607+0000] {dagbag.py:537} INFO - Filling up the DagBag from /home/airflow/.local/lib/python3.7/site-packages/airflow/example_dags/example_branch_python_dop_operator_3.py
[2024-09-24T11:11:21.660+0000] {processor.py:766} INFO - DAG(s) dict_keys(['example_branch_dop_operator_v3']) retrieved from /home/airflow/.local/lib/python3.7/site-packages/airflow/example_dags/example_branch_python_dop_operator_3.py
[2024-09-24T11:11:21.739+0000] {logging_mixin.py:120} INFO - [2024-09-24T11:11:21.739+0000] {dag.py:2585} INFO - Sync 1 DAGs
[2024-09-24T11:11:21.795+0000] {logging_mixin.py:120} INFO - [2024-09-24T11:11:21.795+0000] {dag.py:3340} INFO - Setting next_dagrun for example_branch_dop_operator_v3 to 2024-09-24T11:10:00+00:00, run_after=2024-09-24T11:11:00+00:00
[2024-09-24T11:11:21.834+0000] {processor.py:176} INFO - Processing /home/airflow/.local/lib/python3.7/site-packages/airflow/example_dags/example_branch_python_dop_operator_3.py took 0.236 seconds
[2024-09-24T12:44:51.381+0000] {processor.py:154} INFO - Started process (PID=16456) to work on /home/airflow/.local/lib/python3.7/site-packages/airflow/example_dags/example_branch_python_dop_operator_3.py
[2024-09-24T12:44:51.383+0000] {processor.py:756} INFO - Processing file /home/airflow/.local/lib/python3.7/site-packages/airflow/example_dags/example_branch_python_dop_operator_3.py for tasks to queue
[2024-09-24T12:44:51.385+0000] {logging_mixin.py:120} INFO - [2024-09-24T12:44:51.384+0000] {dagbag.py:537} INFO - Filling up the DagBag from /home/airflow/.local/lib/python3.7/site-packages/airflow/example_dags/example_branch_python_dop_operator_3.py
[2024-09-24T12:44:51.416+0000] {processor.py:766} INFO - DAG(s) dict_keys(['example_branch_dop_operator_v3']) retrieved from /home/airflow/.local/lib/python3.7/site-packages/airflow/example_dags/example_branch_python_dop_operator_3.py
[2024-09-24T12:44:51.471+0000] {logging_mixin.py:120} INFO - [2024-09-24T12:44:51.471+0000] {dag.py:2585} INFO - Sync 1 DAGs
[2024-09-24T12:44:51.530+0000] {logging_mixin.py:120} INFO - [2024-09-24T12:44:51.530+0000] {dag.py:3340} INFO - Setting next_dagrun for example_branch_dop_operator_v3 to 2024-09-24T12:43:00+00:00, run_after=2024-09-24T12:44:00+00:00
[2024-09-24T12:44:51.583+0000] {processor.py:176} INFO - Processing /home/airflow/.local/lib/python3.7/site-packages/airflow/example_dags/example_branch_python_dop_operator_3.py took 0.206 seconds
[2024-09-24T14:24:40.687+0000] {processor.py:154} INFO - Started process (PID=16510) to work on /home/airflow/.local/lib/python3.7/site-packages/airflow/example_dags/example_branch_python_dop_operator_3.py
[2024-09-24T14:24:40.689+0000] {processor.py:756} INFO - Processing file /home/airflow/.local/lib/python3.7/site-packages/airflow/example_dags/example_branch_python_dop_operator_3.py for tasks to queue
[2024-09-24T14:24:40.690+0000] {logging_mixin.py:120} INFO - [2024-09-24T14:24:40.690+0000] {dagbag.py:537} INFO - Filling up the DagBag from /home/airflow/.local/lib/python3.7/site-packages/airflow/example_dags/example_branch_python_dop_operator_3.py
[2024-09-24T14:24:40.725+0000] {processor.py:766} INFO - DAG(s) dict_keys(['example_branch_dop_operator_v3']) retrieved from /home/airflow/.local/lib/python3.7/site-packages/airflow/example_dags/example_branch_python_dop_operator_3.py
[2024-09-24T14:24:40.779+0000] {logging_mixin.py:120} INFO - [2024-09-24T14:24:40.779+0000] {dag.py:2585} INFO - Sync 1 DAGs
[2024-09-24T14:24:40.815+0000] {logging_mixin.py:120} INFO - [2024-09-24T14:24:40.814+0000] {dag.py:3340} INFO - Setting next_dagrun for example_branch_dop_operator_v3 to 2024-09-24T14:23:00+00:00, run_after=2024-09-24T14:24:00+00:00
[2024-09-24T14:24:40.838+0000] {processor.py:176} INFO - Processing /home/airflow/.local/lib/python3.7/site-packages/airflow/example_dags/example_branch_python_dop_operator_3.py took 0.156 seconds
[2024-09-24T14:26:40.413+0000] {processor.py:154} INFO - Started process (PID=16573) to work on /home/airflow/.local/lib/python3.7/site-packages/airflow/example_dags/example_branch_python_dop_operator_3.py
[2024-09-24T14:26:40.415+0000] {processor.py:756} INFO - Processing file /home/airflow/.local/lib/python3.7/site-packages/airflow/example_dags/example_branch_python_dop_operator_3.py for tasks to queue
[2024-09-24T14:26:40.417+0000] {logging_mixin.py:120} INFO - [2024-09-24T14:26:40.417+0000] {dagbag.py:537} INFO - Filling up the DagBag from /home/airflow/.local/lib/python3.7/site-packages/airflow/example_dags/example_branch_python_dop_operator_3.py
[2024-09-24T14:26:40.446+0000] {processor.py:766} INFO - DAG(s) dict_keys(['example_branch_dop_operator_v3']) retrieved from /home/airflow/.local/lib/python3.7/site-packages/airflow/example_dags/example_branch_python_dop_operator_3.py
[2024-09-24T14:26:40.496+0000] {logging_mixin.py:120} INFO - [2024-09-24T14:26:40.496+0000] {dag.py:2585} INFO - Sync 1 DAGs
[2024-09-24T14:26:40.537+0000] {logging_mixin.py:120} INFO - [2024-09-24T14:26:40.537+0000] {dag.py:3340} INFO - Setting next_dagrun for example_branch_dop_operator_v3 to 2024-09-24T14:25:00+00:00, run_after=2024-09-24T14:26:00+00:00
[2024-09-24T14:26:40.564+0000] {processor.py:176} INFO - Processing /home/airflow/.local/lib/python3.7/site-packages/airflow/example_dags/example_branch_python_dop_operator_3.py took 0.156 seconds
[2024-09-24T15:01:03.632+0000] {processor.py:154} INFO - Started process (PID=16627) to work on /home/airflow/.local/lib/python3.7/site-packages/airflow/example_dags/example_branch_python_dop_operator_3.py
[2024-09-24T15:01:03.634+0000] {processor.py:756} INFO - Processing file /home/airflow/.local/lib/python3.7/site-packages/airflow/example_dags/example_branch_python_dop_operator_3.py for tasks to queue
[2024-09-24T15:01:03.635+0000] {logging_mixin.py:120} INFO - [2024-09-24T15:01:03.635+0000] {dagbag.py:537} INFO - Filling up the DagBag from /home/airflow/.local/lib/python3.7/site-packages/airflow/example_dags/example_branch_python_dop_operator_3.py
[2024-09-24T15:01:03.673+0000] {processor.py:766} INFO - DAG(s) dict_keys(['example_branch_dop_operator_v3']) retrieved from /home/airflow/.local/lib/python3.7/site-packages/airflow/example_dags/example_branch_python_dop_operator_3.py
[2024-09-24T15:01:03.742+0000] {logging_mixin.py:120} INFO - [2024-09-24T15:01:03.742+0000] {dag.py:2585} INFO - Sync 1 DAGs
[2024-09-24T15:01:03.796+0000] {logging_mixin.py:120} INFO - [2024-09-24T15:01:03.796+0000] {dag.py:3340} INFO - Setting next_dagrun for example_branch_dop_operator_v3 to 2024-09-24T15:00:00+00:00, run_after=2024-09-24T15:01:00+00:00
[2024-09-24T15:01:03.829+0000] {processor.py:176} INFO - Processing /home/airflow/.local/lib/python3.7/site-packages/airflow/example_dags/example_branch_python_dop_operator_3.py took 0.204 seconds
[2024-09-24T16:32:28.482+0000] {processor.py:154} INFO - Started process (PID=16690) to work on /home/airflow/.local/lib/python3.7/site-packages/airflow/example_dags/example_branch_python_dop_operator_3.py
[2024-09-24T16:32:28.483+0000] {processor.py:756} INFO - Processing file /home/airflow/.local/lib/python3.7/site-packages/airflow/example_dags/example_branch_python_dop_operator_3.py for tasks to queue
[2024-09-24T16:32:28.484+0000] {logging_mixin.py:120} INFO - [2024-09-24T16:32:28.484+0000] {dagbag.py:537} INFO - Filling up the DagBag from /home/airflow/.local/lib/python3.7/site-packages/airflow/example_dags/example_branch_python_dop_operator_3.py
[2024-09-24T16:32:28.512+0000] {processor.py:766} INFO - DAG(s) dict_keys(['example_branch_dop_operator_v3']) retrieved from /home/airflow/.local/lib/python3.7/site-packages/airflow/example_dags/example_branch_python_dop_operator_3.py
[2024-09-24T16:32:28.568+0000] {logging_mixin.py:120} INFO - [2024-09-24T16:32:28.567+0000] {dag.py:2585} INFO - Sync 1 DAGs
[2024-09-24T16:32:28.610+0000] {logging_mixin.py:120} INFO - [2024-09-24T16:32:28.610+0000] {dag.py:3340} INFO - Setting next_dagrun for example_branch_dop_operator_v3 to 2024-09-24T16:31:00+00:00, run_after=2024-09-24T16:32:00+00:00
[2024-09-24T16:32:28.635+0000] {processor.py:176} INFO - Processing /home/airflow/.local/lib/python3.7/site-packages/airflow/example_dags/example_branch_python_dop_operator_3.py took 0.157 seconds
[2024-09-24T16:38:52.124+0000] {processor.py:154} INFO - Started process (PID=16753) to work on /home/airflow/.local/lib/python3.7/site-packages/airflow/example_dags/example_branch_python_dop_operator_3.py
[2024-09-24T16:38:52.129+0000] {processor.py:756} INFO - Processing file /home/airflow/.local/lib/python3.7/site-packages/airflow/example_dags/example_branch_python_dop_operator_3.py for tasks to queue
[2024-09-24T16:38:52.135+0000] {logging_mixin.py:120} INFO - [2024-09-24T16:38:52.135+0000] {dagbag.py:537} INFO - Filling up the DagBag from /home/airflow/.local/lib/python3.7/site-packages/airflow/example_dags/example_branch_python_dop_operator_3.py
[2024-09-24T16:38:52.204+0000] {processor.py:766} INFO - DAG(s) dict_keys(['example_branch_dop_operator_v3']) retrieved from /home/airflow/.local/lib/python3.7/site-packages/airflow/example_dags/example_branch_python_dop_operator_3.py
[2024-09-24T16:38:52.361+0000] {logging_mixin.py:120} INFO - [2024-09-24T16:38:52.361+0000] {dag.py:2585} INFO - Sync 1 DAGs
[2024-09-24T16:38:52.439+0000] {logging_mixin.py:120} INFO - [2024-09-24T16:38:52.439+0000] {dag.py:3340} INFO - Setting next_dagrun for example_branch_dop_operator_v3 to 2024-09-24T16:37:00+00:00, run_after=2024-09-24T16:38:00+00:00
[2024-09-24T16:38:52.486+0000] {processor.py:176} INFO - Processing /home/airflow/.local/lib/python3.7/site-packages/airflow/example_dags/example_branch_python_dop_operator_3.py took 0.369 seconds
[2024-09-24T17:03:42.235+0000] {processor.py:154} INFO - Started process (PID=16807) to work on /home/airflow/.local/lib/python3.7/site-packages/airflow/example_dags/example_branch_python_dop_operator_3.py
[2024-09-24T17:03:42.238+0000] {processor.py:756} INFO - Processing file /home/airflow/.local/lib/python3.7/site-packages/airflow/example_dags/example_branch_python_dop_operator_3.py for tasks to queue
[2024-09-24T17:03:42.243+0000] {logging_mixin.py:120} INFO - [2024-09-24T17:03:42.243+0000] {dagbag.py:537} INFO - Filling up the DagBag from /home/airflow/.local/lib/python3.7/site-packages/airflow/example_dags/example_branch_python_dop_operator_3.py
[2024-09-24T17:03:42.303+0000] {processor.py:766} INFO - DAG(s) dict_keys(['example_branch_dop_operator_v3']) retrieved from /home/airflow/.local/lib/python3.7/site-packages/airflow/example_dags/example_branch_python_dop_operator_3.py
[2024-09-24T17:03:42.411+0000] {logging_mixin.py:120} INFO - [2024-09-24T17:03:42.411+0000] {dag.py:2585} INFO - Sync 1 DAGs
[2024-09-24T17:03:42.489+0000] {logging_mixin.py:120} INFO - [2024-09-24T17:03:42.489+0000] {dag.py:3340} INFO - Setting next_dagrun for example_branch_dop_operator_v3 to 2024-09-24T17:02:00+00:00, run_after=2024-09-24T17:03:00+00:00
[2024-09-24T17:03:42.526+0000] {processor.py:176} INFO - Processing /home/airflow/.local/lib/python3.7/site-packages/airflow/example_dags/example_branch_python_dop_operator_3.py took 0.299 seconds
[2024-09-24T17:24:33.788+0000] {processor.py:154} INFO - Started process (PID=16861) to work on /home/airflow/.local/lib/python3.7/site-packages/airflow/example_dags/example_branch_python_dop_operator_3.py
[2024-09-24T17:24:33.790+0000] {processor.py:756} INFO - Processing file /home/airflow/.local/lib/python3.7/site-packages/airflow/example_dags/example_branch_python_dop_operator_3.py for tasks to queue
[2024-09-24T17:24:33.795+0000] {logging_mixin.py:120} INFO - [2024-09-24T17:24:33.795+0000] {dagbag.py:537} INFO - Filling up the DagBag from /home/airflow/.local/lib/python3.7/site-packages/airflow/example_dags/example_branch_python_dop_operator_3.py
[2024-09-24T17:24:33.851+0000] {processor.py:766} INFO - DAG(s) dict_keys(['example_branch_dop_operator_v3']) retrieved from /home/airflow/.local/lib/python3.7/site-packages/airflow/example_dags/example_branch_python_dop_operator_3.py
[2024-09-24T17:24:33.950+0000] {logging_mixin.py:120} INFO - [2024-09-24T17:24:33.950+0000] {dag.py:2585} INFO - Sync 1 DAGs
[2024-09-24T17:24:34.030+0000] {logging_mixin.py:120} INFO - [2024-09-24T17:24:34.030+0000] {dag.py:3340} INFO - Setting next_dagrun for example_branch_dop_operator_v3 to 2024-09-24T17:23:00+00:00, run_after=2024-09-24T17:24:00+00:00
[2024-09-24T17:24:34.078+0000] {processor.py:176} INFO - Processing /home/airflow/.local/lib/python3.7/site-packages/airflow/example_dags/example_branch_python_dop_operator_3.py took 0.297 seconds
[2024-09-24T18:04:41.616+0000] {processor.py:154} INFO - Started process (PID=16915) to work on /home/airflow/.local/lib/python3.7/site-packages/airflow/example_dags/example_branch_python_dop_operator_3.py
[2024-09-24T18:04:41.621+0000] {processor.py:756} INFO - Processing file /home/airflow/.local/lib/python3.7/site-packages/airflow/example_dags/example_branch_python_dop_operator_3.py for tasks to queue
[2024-09-24T18:04:41.623+0000] {logging_mixin.py:120} INFO - [2024-09-24T18:04:41.622+0000] {dagbag.py:537} INFO - Filling up the DagBag from /home/airflow/.local/lib/python3.7/site-packages/airflow/example_dags/example_branch_python_dop_operator_3.py
[2024-09-24T18:04:41.673+0000] {processor.py:766} INFO - DAG(s) dict_keys(['example_branch_dop_operator_v3']) retrieved from /home/airflow/.local/lib/python3.7/site-packages/airflow/example_dags/example_branch_python_dop_operator_3.py
[2024-09-24T18:04:41.760+0000] {logging_mixin.py:120} INFO - [2024-09-24T18:04:41.760+0000] {dag.py:2585} INFO - Sync 1 DAGs
[2024-09-24T18:04:41.838+0000] {logging_mixin.py:120} INFO - [2024-09-24T18:04:41.838+0000] {dag.py:3340} INFO - Setting next_dagrun for example_branch_dop_operator_v3 to 2024-09-24T18:03:00+00:00, run_after=2024-09-24T18:04:00+00:00
[2024-09-24T18:04:41.882+0000] {processor.py:176} INFO - Processing /home/airflow/.local/lib/python3.7/site-packages/airflow/example_dags/example_branch_python_dop_operator_3.py took 0.272 seconds
[2024-09-24T19:05:37.085+0000] {processor.py:154} INFO - Started process (PID=16960) to work on /home/airflow/.local/lib/python3.7/site-packages/airflow/example_dags/example_branch_python_dop_operator_3.py
[2024-09-24T19:05:37.089+0000] {processor.py:756} INFO - Processing file /home/airflow/.local/lib/python3.7/site-packages/airflow/example_dags/example_branch_python_dop_operator_3.py for tasks to queue
[2024-09-24T19:05:37.090+0000] {logging_mixin.py:120} INFO - [2024-09-24T19:05:37.090+0000] {dagbag.py:537} INFO - Filling up the DagBag from /home/airflow/.local/lib/python3.7/site-packages/airflow/example_dags/example_branch_python_dop_operator_3.py
[2024-09-24T19:05:37.129+0000] {processor.py:766} INFO - DAG(s) dict_keys(['example_branch_dop_operator_v3']) retrieved from /home/airflow/.local/lib/python3.7/site-packages/airflow/example_dags/example_branch_python_dop_operator_3.py
[2024-09-24T19:05:37.188+0000] {logging_mixin.py:120} INFO - [2024-09-24T19:05:37.188+0000] {dag.py:2585} INFO - Sync 1 DAGs
[2024-09-24T19:05:37.238+0000] {logging_mixin.py:120} INFO - [2024-09-24T19:05:37.238+0000] {dag.py:3340} INFO - Setting next_dagrun for example_branch_dop_operator_v3 to 2024-09-24T19:04:00+00:00, run_after=2024-09-24T19:05:00+00:00
[2024-09-24T19:05:37.269+0000] {processor.py:176} INFO - Processing /home/airflow/.local/lib/python3.7/site-packages/airflow/example_dags/example_branch_python_dop_operator_3.py took 0.189 seconds
[2024-09-24T20:06:43.568+0000] {processor.py:154} INFO - Started process (PID=17014) to work on /home/airflow/.local/lib/python3.7/site-packages/airflow/example_dags/example_branch_python_dop_operator_3.py
[2024-09-24T20:06:43.570+0000] {processor.py:756} INFO - Processing file /home/airflow/.local/lib/python3.7/site-packages/airflow/example_dags/example_branch_python_dop_operator_3.py for tasks to queue
[2024-09-24T20:06:43.575+0000] {logging_mixin.py:120} INFO - [2024-09-24T20:06:43.575+0000] {dagbag.py:537} INFO - Filling up the DagBag from /home/airflow/.local/lib/python3.7/site-packages/airflow/example_dags/example_branch_python_dop_operator_3.py
[2024-09-24T20:06:43.632+0000] {processor.py:766} INFO - DAG(s) dict_keys(['example_branch_dop_operator_v3']) retrieved from /home/airflow/.local/lib/python3.7/site-packages/airflow/example_dags/example_branch_python_dop_operator_3.py
[2024-09-24T20:06:43.730+0000] {logging_mixin.py:120} INFO - [2024-09-24T20:06:43.729+0000] {dag.py:2585} INFO - Sync 1 DAGs
[2024-09-24T20:06:43.817+0000] {logging_mixin.py:120} INFO - [2024-09-24T20:06:43.816+0000] {dag.py:3340} INFO - Setting next_dagrun for example_branch_dop_operator_v3 to 2024-09-24T20:05:00+00:00, run_after=2024-09-24T20:06:00+00:00
[2024-09-24T20:06:43.864+0000] {processor.py:176} INFO - Processing /home/airflow/.local/lib/python3.7/site-packages/airflow/example_dags/example_branch_python_dop_operator_3.py took 0.302 seconds
[2024-09-24T22:08:35.496+0000] {processor.py:154} INFO - Started process (PID=17068) to work on /home/airflow/.local/lib/python3.7/site-packages/airflow/example_dags/example_branch_python_dop_operator_3.py
[2024-09-24T22:08:35.504+0000] {processor.py:756} INFO - Processing file /home/airflow/.local/lib/python3.7/site-packages/airflow/example_dags/example_branch_python_dop_operator_3.py for tasks to queue
[2024-09-24T22:08:35.508+0000] {logging_mixin.py:120} INFO - [2024-09-24T22:08:35.507+0000] {dagbag.py:537} INFO - Filling up the DagBag from /home/airflow/.local/lib/python3.7/site-packages/airflow/example_dags/example_branch_python_dop_operator_3.py
[2024-09-24T22:08:35.584+0000] {processor.py:766} INFO - DAG(s) dict_keys(['example_branch_dop_operator_v3']) retrieved from /home/airflow/.local/lib/python3.7/site-packages/airflow/example_dags/example_branch_python_dop_operator_3.py
[2024-09-24T22:08:35.704+0000] {logging_mixin.py:120} INFO - [2024-09-24T22:08:35.703+0000] {dag.py:2585} INFO - Sync 1 DAGs
[2024-09-24T22:08:35.791+0000] {logging_mixin.py:120} INFO - [2024-09-24T22:08:35.790+0000] {dag.py:3340} INFO - Setting next_dagrun for example_branch_dop_operator_v3 to 2024-09-24T22:07:00+00:00, run_after=2024-09-24T22:08:00+00:00
[2024-09-24T22:08:35.850+0000] {processor.py:176} INFO - Processing /home/airflow/.local/lib/python3.7/site-packages/airflow/example_dags/example_branch_python_dop_operator_3.py took 0.363 seconds
