[2024-09-24T01:38:14.888+0000] {processor.py:154} INFO - Started process (PID=13859) to work on /home/airflow/.local/lib/python3.7/site-packages/airflow/example_dags/tutorial_taskflow_api_virtualenv.py
[2024-09-24T01:38:14.891+0000] {processor.py:756} INFO - Processing file /home/airflow/.local/lib/python3.7/site-packages/airflow/example_dags/tutorial_taskflow_api_virtualenv.py for tasks to queue
[2024-09-24T01:38:14.893+0000] {logging_mixin.py:120} INFO - [2024-09-24T01:38:14.892+0000] {dagbag.py:537} INFO - Filling up the DagBag from /home/airflow/.local/lib/python3.7/site-packages/airflow/example_dags/tutorial_taskflow_api_virtualenv.py
[2024-09-24T01:38:14.938+0000] {processor.py:766} INFO - DAG(s) dict_keys(['tutorial_taskflow_api_virtualenv']) retrieved from /home/airflow/.local/lib/python3.7/site-packages/airflow/example_dags/tutorial_taskflow_api_virtualenv.py
[2024-09-24T01:38:15.035+0000] {logging_mixin.py:120} INFO - [2024-09-24T01:38:15.034+0000] {dag.py:2585} INFO - Sync 1 DAGs
[2024-09-24T01:38:15.093+0000] {logging_mixin.py:120} INFO - [2024-09-24T01:38:15.093+0000] {dag.py:3340} INFO - Setting next_dagrun for tutorial_taskflow_api_virtualenv to None, run_after=None
[2024-09-24T01:38:15.139+0000] {processor.py:176} INFO - Processing /home/airflow/.local/lib/python3.7/site-packages/airflow/example_dags/tutorial_taskflow_api_virtualenv.py took 0.258 seconds
[2024-09-24T01:41:38.625+0000] {processor.py:154} INFO - Started process (PID=13913) to work on /home/airflow/.local/lib/python3.7/site-packages/airflow/example_dags/tutorial_taskflow_api_virtualenv.py
[2024-09-24T01:41:38.629+0000] {processor.py:756} INFO - Processing file /home/airflow/.local/lib/python3.7/site-packages/airflow/example_dags/tutorial_taskflow_api_virtualenv.py for tasks to queue
[2024-09-24T01:41:38.630+0000] {logging_mixin.py:120} INFO - [2024-09-24T01:41:38.630+0000] {dagbag.py:537} INFO - Filling up the DagBag from /home/airflow/.local/lib/python3.7/site-packages/airflow/example_dags/tutorial_taskflow_api_virtualenv.py
[2024-09-24T01:41:38.666+0000] {processor.py:766} INFO - DAG(s) dict_keys(['tutorial_taskflow_api_virtualenv']) retrieved from /home/airflow/.local/lib/python3.7/site-packages/airflow/example_dags/tutorial_taskflow_api_virtualenv.py
[2024-09-24T01:41:38.736+0000] {logging_mixin.py:120} INFO - [2024-09-24T01:41:38.735+0000] {dag.py:2585} INFO - Sync 1 DAGs
[2024-09-24T01:41:38.784+0000] {logging_mixin.py:120} INFO - [2024-09-24T01:41:38.784+0000] {dag.py:3340} INFO - Setting next_dagrun for tutorial_taskflow_api_virtualenv to None, run_after=None
[2024-09-24T01:41:38.826+0000] {processor.py:176} INFO - Processing /home/airflow/.local/lib/python3.7/site-packages/airflow/example_dags/tutorial_taskflow_api_virtualenv.py took 0.208 seconds
[2024-09-24T03:27:54.024+0000] {processor.py:154} INFO - Started process (PID=13976) to work on /home/airflow/.local/lib/python3.7/site-packages/airflow/example_dags/tutorial_taskflow_api_virtualenv.py
[2024-09-24T03:27:54.026+0000] {processor.py:756} INFO - Processing file /home/airflow/.local/lib/python3.7/site-packages/airflow/example_dags/tutorial_taskflow_api_virtualenv.py for tasks to queue
[2024-09-24T03:27:54.029+0000] {logging_mixin.py:120} INFO - [2024-09-24T03:27:54.029+0000] {dagbag.py:537} INFO - Filling up the DagBag from /home/airflow/.local/lib/python3.7/site-packages/airflow/example_dags/tutorial_taskflow_api_virtualenv.py
[2024-09-24T03:27:54.065+0000] {processor.py:766} INFO - DAG(s) dict_keys(['tutorial_taskflow_api_virtualenv']) retrieved from /home/airflow/.local/lib/python3.7/site-packages/airflow/example_dags/tutorial_taskflow_api_virtualenv.py
[2024-09-24T03:27:54.147+0000] {logging_mixin.py:120} INFO - [2024-09-24T03:27:54.146+0000] {dag.py:2585} INFO - Sync 1 DAGs
[2024-09-24T03:27:54.198+0000] {logging_mixin.py:120} INFO - [2024-09-24T03:27:54.198+0000] {dag.py:3340} INFO - Setting next_dagrun for tutorial_taskflow_api_virtualenv to None, run_after=None
[2024-09-24T03:27:54.247+0000] {processor.py:176} INFO - Processing /home/airflow/.local/lib/python3.7/site-packages/airflow/example_dags/tutorial_taskflow_api_virtualenv.py took 0.228 seconds
[2024-09-24T04:19:31.805+0000] {processor.py:154} INFO - Started process (PID=14030) to work on /home/airflow/.local/lib/python3.7/site-packages/airflow/example_dags/tutorial_taskflow_api_virtualenv.py
[2024-09-24T04:19:31.826+0000] {processor.py:756} INFO - Processing file /home/airflow/.local/lib/python3.7/site-packages/airflow/example_dags/tutorial_taskflow_api_virtualenv.py for tasks to queue
[2024-09-24T04:19:31.832+0000] {logging_mixin.py:120} INFO - [2024-09-24T04:19:31.831+0000] {dagbag.py:537} INFO - Filling up the DagBag from /home/airflow/.local/lib/python3.7/site-packages/airflow/example_dags/tutorial_taskflow_api_virtualenv.py
[2024-09-24T04:19:32.127+0000] {processor.py:766} INFO - DAG(s) dict_keys(['tutorial_taskflow_api_virtualenv']) retrieved from /home/airflow/.local/lib/python3.7/site-packages/airflow/example_dags/tutorial_taskflow_api_virtualenv.py
[2024-09-24T04:19:32.348+0000] {logging_mixin.py:120} INFO - [2024-09-24T04:19:32.347+0000] {dag.py:2585} INFO - Sync 1 DAGs
[2024-09-24T04:19:32.503+0000] {logging_mixin.py:120} INFO - [2024-09-24T04:19:32.502+0000] {dag.py:3340} INFO - Setting next_dagrun for tutorial_taskflow_api_virtualenv to None, run_after=None
[2024-09-24T04:19:32.593+0000] {processor.py:176} INFO - Processing /home/airflow/.local/lib/python3.7/site-packages/airflow/example_dags/tutorial_taskflow_api_virtualenv.py took 0.806 seconds
[2024-09-24T04:20:02.656+0000] {processor.py:154} INFO - Started process (PID=14093) to work on /home/airflow/.local/lib/python3.7/site-packages/airflow/example_dags/tutorial_taskflow_api_virtualenv.py
[2024-09-24T04:20:02.660+0000] {processor.py:756} INFO - Processing file /home/airflow/.local/lib/python3.7/site-packages/airflow/example_dags/tutorial_taskflow_api_virtualenv.py for tasks to queue
[2024-09-24T04:20:02.662+0000] {logging_mixin.py:120} INFO - [2024-09-24T04:20:02.661+0000] {dagbag.py:537} INFO - Filling up the DagBag from /home/airflow/.local/lib/python3.7/site-packages/airflow/example_dags/tutorial_taskflow_api_virtualenv.py
[2024-09-24T04:20:02.709+0000] {processor.py:766} INFO - DAG(s) dict_keys(['tutorial_taskflow_api_virtualenv']) retrieved from /home/airflow/.local/lib/python3.7/site-packages/airflow/example_dags/tutorial_taskflow_api_virtualenv.py
[2024-09-24T04:20:02.797+0000] {logging_mixin.py:120} INFO - [2024-09-24T04:20:02.797+0000] {dag.py:2585} INFO - Sync 1 DAGs
[2024-09-24T04:20:02.848+0000] {logging_mixin.py:120} INFO - [2024-09-24T04:20:02.848+0000] {dag.py:3340} INFO - Setting next_dagrun for tutorial_taskflow_api_virtualenv to None, run_after=None
[2024-09-24T04:20:02.892+0000] {processor.py:176} INFO - Processing /home/airflow/.local/lib/python3.7/site-packages/airflow/example_dags/tutorial_taskflow_api_virtualenv.py took 0.243 seconds
[2024-09-24T04:20:33.405+0000] {processor.py:154} INFO - Started process (PID=14146) to work on /home/airflow/.local/lib/python3.7/site-packages/airflow/example_dags/tutorial_taskflow_api_virtualenv.py
[2024-09-24T04:20:33.407+0000] {processor.py:756} INFO - Processing file /home/airflow/.local/lib/python3.7/site-packages/airflow/example_dags/tutorial_taskflow_api_virtualenv.py for tasks to queue
[2024-09-24T04:20:33.408+0000] {logging_mixin.py:120} INFO - [2024-09-24T04:20:33.408+0000] {dagbag.py:537} INFO - Filling up the DagBag from /home/airflow/.local/lib/python3.7/site-packages/airflow/example_dags/tutorial_taskflow_api_virtualenv.py
[2024-09-24T04:20:33.439+0000] {processor.py:766} INFO - DAG(s) dict_keys(['tutorial_taskflow_api_virtualenv']) retrieved from /home/airflow/.local/lib/python3.7/site-packages/airflow/example_dags/tutorial_taskflow_api_virtualenv.py
[2024-09-24T04:20:33.500+0000] {logging_mixin.py:120} INFO - [2024-09-24T04:20:33.500+0000] {dag.py:2585} INFO - Sync 1 DAGs
[2024-09-24T04:20:33.531+0000] {logging_mixin.py:120} INFO - [2024-09-24T04:20:33.531+0000] {dag.py:3340} INFO - Setting next_dagrun for tutorial_taskflow_api_virtualenv to None, run_after=None
[2024-09-24T04:20:33.558+0000] {processor.py:176} INFO - Processing /home/airflow/.local/lib/python3.7/site-packages/airflow/example_dags/tutorial_taskflow_api_virtualenv.py took 0.158 seconds
[2024-09-24T04:21:03.897+0000] {processor.py:154} INFO - Started process (PID=14209) to work on /home/airflow/.local/lib/python3.7/site-packages/airflow/example_dags/tutorial_taskflow_api_virtualenv.py
[2024-09-24T04:21:03.900+0000] {processor.py:756} INFO - Processing file /home/airflow/.local/lib/python3.7/site-packages/airflow/example_dags/tutorial_taskflow_api_virtualenv.py for tasks to queue
[2024-09-24T04:21:03.901+0000] {logging_mixin.py:120} INFO - [2024-09-24T04:21:03.900+0000] {dagbag.py:537} INFO - Filling up the DagBag from /home/airflow/.local/lib/python3.7/site-packages/airflow/example_dags/tutorial_taskflow_api_virtualenv.py
[2024-09-24T04:21:03.930+0000] {processor.py:766} INFO - DAG(s) dict_keys(['tutorial_taskflow_api_virtualenv']) retrieved from /home/airflow/.local/lib/python3.7/site-packages/airflow/example_dags/tutorial_taskflow_api_virtualenv.py
[2024-09-24T04:21:03.986+0000] {logging_mixin.py:120} INFO - [2024-09-24T04:21:03.985+0000] {dag.py:2585} INFO - Sync 1 DAGs
[2024-09-24T04:21:04.015+0000] {logging_mixin.py:120} INFO - [2024-09-24T04:21:04.015+0000] {dag.py:3340} INFO - Setting next_dagrun for tutorial_taskflow_api_virtualenv to None, run_after=None
[2024-09-24T04:21:04.047+0000] {processor.py:176} INFO - Processing /home/airflow/.local/lib/python3.7/site-packages/airflow/example_dags/tutorial_taskflow_api_virtualenv.py took 0.155 seconds
[2024-09-24T04:21:34.305+0000] {processor.py:154} INFO - Started process (PID=14272) to work on /home/airflow/.local/lib/python3.7/site-packages/airflow/example_dags/tutorial_taskflow_api_virtualenv.py
[2024-09-24T04:21:34.306+0000] {processor.py:756} INFO - Processing file /home/airflow/.local/lib/python3.7/site-packages/airflow/example_dags/tutorial_taskflow_api_virtualenv.py for tasks to queue
[2024-09-24T04:21:34.308+0000] {logging_mixin.py:120} INFO - [2024-09-24T04:21:34.308+0000] {dagbag.py:537} INFO - Filling up the DagBag from /home/airflow/.local/lib/python3.7/site-packages/airflow/example_dags/tutorial_taskflow_api_virtualenv.py
[2024-09-24T04:21:34.341+0000] {processor.py:766} INFO - DAG(s) dict_keys(['tutorial_taskflow_api_virtualenv']) retrieved from /home/airflow/.local/lib/python3.7/site-packages/airflow/example_dags/tutorial_taskflow_api_virtualenv.py
[2024-09-24T04:21:34.406+0000] {logging_mixin.py:120} INFO - [2024-09-24T04:21:34.405+0000] {dag.py:2585} INFO - Sync 1 DAGs
[2024-09-24T04:21:34.444+0000] {logging_mixin.py:120} INFO - [2024-09-24T04:21:34.444+0000] {dag.py:3340} INFO - Setting next_dagrun for tutorial_taskflow_api_virtualenv to None, run_after=None
[2024-09-24T04:21:34.477+0000] {processor.py:176} INFO - Processing /home/airflow/.local/lib/python3.7/site-packages/airflow/example_dags/tutorial_taskflow_api_virtualenv.py took 0.177 seconds
[2024-09-24T04:22:04.642+0000] {processor.py:154} INFO - Started process (PID=14327) to work on /home/airflow/.local/lib/python3.7/site-packages/airflow/example_dags/tutorial_taskflow_api_virtualenv.py
[2024-09-24T04:22:04.643+0000] {processor.py:756} INFO - Processing file /home/airflow/.local/lib/python3.7/site-packages/airflow/example_dags/tutorial_taskflow_api_virtualenv.py for tasks to queue
[2024-09-24T04:22:04.644+0000] {logging_mixin.py:120} INFO - [2024-09-24T04:22:04.644+0000] {dagbag.py:537} INFO - Filling up the DagBag from /home/airflow/.local/lib/python3.7/site-packages/airflow/example_dags/tutorial_taskflow_api_virtualenv.py
[2024-09-24T04:22:04.678+0000] {processor.py:766} INFO - DAG(s) dict_keys(['tutorial_taskflow_api_virtualenv']) retrieved from /home/airflow/.local/lib/python3.7/site-packages/airflow/example_dags/tutorial_taskflow_api_virtualenv.py
[2024-09-24T04:22:04.742+0000] {logging_mixin.py:120} INFO - [2024-09-24T04:22:04.742+0000] {dag.py:2585} INFO - Sync 1 DAGs
[2024-09-24T04:22:04.781+0000] {logging_mixin.py:120} INFO - [2024-09-24T04:22:04.781+0000] {dag.py:3340} INFO - Setting next_dagrun for tutorial_taskflow_api_virtualenv to None, run_after=None
[2024-09-24T04:22:04.814+0000] {processor.py:176} INFO - Processing /home/airflow/.local/lib/python3.7/site-packages/airflow/example_dags/tutorial_taskflow_api_virtualenv.py took 0.178 seconds
[2024-09-24T04:22:35.541+0000] {processor.py:154} INFO - Started process (PID=14390) to work on /home/airflow/.local/lib/python3.7/site-packages/airflow/example_dags/tutorial_taskflow_api_virtualenv.py
[2024-09-24T04:22:35.542+0000] {processor.py:756} INFO - Processing file /home/airflow/.local/lib/python3.7/site-packages/airflow/example_dags/tutorial_taskflow_api_virtualenv.py for tasks to queue
[2024-09-24T04:22:35.544+0000] {logging_mixin.py:120} INFO - [2024-09-24T04:22:35.543+0000] {dagbag.py:537} INFO - Filling up the DagBag from /home/airflow/.local/lib/python3.7/site-packages/airflow/example_dags/tutorial_taskflow_api_virtualenv.py
[2024-09-24T04:22:35.571+0000] {processor.py:766} INFO - DAG(s) dict_keys(['tutorial_taskflow_api_virtualenv']) retrieved from /home/airflow/.local/lib/python3.7/site-packages/airflow/example_dags/tutorial_taskflow_api_virtualenv.py
[2024-09-24T04:22:35.624+0000] {logging_mixin.py:120} INFO - [2024-09-24T04:22:35.624+0000] {dag.py:2585} INFO - Sync 1 DAGs
[2024-09-24T04:22:35.654+0000] {logging_mixin.py:120} INFO - [2024-09-24T04:22:35.654+0000] {dag.py:3340} INFO - Setting next_dagrun for tutorial_taskflow_api_virtualenv to None, run_after=None
[2024-09-24T04:22:35.677+0000] {processor.py:176} INFO - Processing /home/airflow/.local/lib/python3.7/site-packages/airflow/example_dags/tutorial_taskflow_api_virtualenv.py took 0.141 seconds
[2024-09-24T04:23:06.522+0000] {processor.py:154} INFO - Started process (PID=14453) to work on /home/airflow/.local/lib/python3.7/site-packages/airflow/example_dags/tutorial_taskflow_api_virtualenv.py
[2024-09-24T04:23:06.523+0000] {processor.py:756} INFO - Processing file /home/airflow/.local/lib/python3.7/site-packages/airflow/example_dags/tutorial_taskflow_api_virtualenv.py for tasks to queue
[2024-09-24T04:23:06.524+0000] {logging_mixin.py:120} INFO - [2024-09-24T04:23:06.524+0000] {dagbag.py:537} INFO - Filling up the DagBag from /home/airflow/.local/lib/python3.7/site-packages/airflow/example_dags/tutorial_taskflow_api_virtualenv.py
[2024-09-24T04:23:06.552+0000] {processor.py:766} INFO - DAG(s) dict_keys(['tutorial_taskflow_api_virtualenv']) retrieved from /home/airflow/.local/lib/python3.7/site-packages/airflow/example_dags/tutorial_taskflow_api_virtualenv.py
[2024-09-24T04:23:06.605+0000] {logging_mixin.py:120} INFO - [2024-09-24T04:23:06.604+0000] {dag.py:2585} INFO - Sync 1 DAGs
[2024-09-24T04:23:06.634+0000] {logging_mixin.py:120} INFO - [2024-09-24T04:23:06.634+0000] {dag.py:3340} INFO - Setting next_dagrun for tutorial_taskflow_api_virtualenv to None, run_after=None
[2024-09-24T04:23:06.660+0000] {processor.py:176} INFO - Processing /home/airflow/.local/lib/python3.7/site-packages/airflow/example_dags/tutorial_taskflow_api_virtualenv.py took 0.143 seconds
[2024-09-24T04:23:36.737+0000] {processor.py:154} INFO - Started process (PID=14507) to work on /home/airflow/.local/lib/python3.7/site-packages/airflow/example_dags/tutorial_taskflow_api_virtualenv.py
[2024-09-24T04:23:36.739+0000] {processor.py:756} INFO - Processing file /home/airflow/.local/lib/python3.7/site-packages/airflow/example_dags/tutorial_taskflow_api_virtualenv.py for tasks to queue
[2024-09-24T04:23:36.740+0000] {logging_mixin.py:120} INFO - [2024-09-24T04:23:36.740+0000] {dagbag.py:537} INFO - Filling up the DagBag from /home/airflow/.local/lib/python3.7/site-packages/airflow/example_dags/tutorial_taskflow_api_virtualenv.py
[2024-09-24T04:23:36.767+0000] {processor.py:766} INFO - DAG(s) dict_keys(['tutorial_taskflow_api_virtualenv']) retrieved from /home/airflow/.local/lib/python3.7/site-packages/airflow/example_dags/tutorial_taskflow_api_virtualenv.py
[2024-09-24T04:23:36.815+0000] {logging_mixin.py:120} INFO - [2024-09-24T04:23:36.815+0000] {dag.py:2585} INFO - Sync 1 DAGs
[2024-09-24T04:23:36.845+0000] {logging_mixin.py:120} INFO - [2024-09-24T04:23:36.845+0000] {dag.py:3340} INFO - Setting next_dagrun for tutorial_taskflow_api_virtualenv to None, run_after=None
[2024-09-24T04:23:36.869+0000] {processor.py:176} INFO - Processing /home/airflow/.local/lib/python3.7/site-packages/airflow/example_dags/tutorial_taskflow_api_virtualenv.py took 0.136 seconds
[2024-09-24T04:24:07.067+0000] {processor.py:154} INFO - Started process (PID=14569) to work on /home/airflow/.local/lib/python3.7/site-packages/airflow/example_dags/tutorial_taskflow_api_virtualenv.py
[2024-09-24T04:24:07.069+0000] {processor.py:756} INFO - Processing file /home/airflow/.local/lib/python3.7/site-packages/airflow/example_dags/tutorial_taskflow_api_virtualenv.py for tasks to queue
[2024-09-24T04:24:07.070+0000] {logging_mixin.py:120} INFO - [2024-09-24T04:24:07.070+0000] {dagbag.py:537} INFO - Filling up the DagBag from /home/airflow/.local/lib/python3.7/site-packages/airflow/example_dags/tutorial_taskflow_api_virtualenv.py
[2024-09-24T04:24:07.102+0000] {processor.py:766} INFO - DAG(s) dict_keys(['tutorial_taskflow_api_virtualenv']) retrieved from /home/airflow/.local/lib/python3.7/site-packages/airflow/example_dags/tutorial_taskflow_api_virtualenv.py
[2024-09-24T04:24:07.158+0000] {logging_mixin.py:120} INFO - [2024-09-24T04:24:07.158+0000] {dag.py:2585} INFO - Sync 1 DAGs
[2024-09-24T04:24:07.191+0000] {logging_mixin.py:120} INFO - [2024-09-24T04:24:07.191+0000] {dag.py:3340} INFO - Setting next_dagrun for tutorial_taskflow_api_virtualenv to None, run_after=None
[2024-09-24T04:24:07.221+0000] {processor.py:176} INFO - Processing /home/airflow/.local/lib/python3.7/site-packages/airflow/example_dags/tutorial_taskflow_api_virtualenv.py took 0.160 seconds
[2024-09-24T04:24:37.943+0000] {processor.py:154} INFO - Started process (PID=14632) to work on /home/airflow/.local/lib/python3.7/site-packages/airflow/example_dags/tutorial_taskflow_api_virtualenv.py
[2024-09-24T04:24:37.944+0000] {processor.py:756} INFO - Processing file /home/airflow/.local/lib/python3.7/site-packages/airflow/example_dags/tutorial_taskflow_api_virtualenv.py for tasks to queue
[2024-09-24T04:24:37.945+0000] {logging_mixin.py:120} INFO - [2024-09-24T04:24:37.945+0000] {dagbag.py:537} INFO - Filling up the DagBag from /home/airflow/.local/lib/python3.7/site-packages/airflow/example_dags/tutorial_taskflow_api_virtualenv.py
[2024-09-24T04:24:37.972+0000] {processor.py:766} INFO - DAG(s) dict_keys(['tutorial_taskflow_api_virtualenv']) retrieved from /home/airflow/.local/lib/python3.7/site-packages/airflow/example_dags/tutorial_taskflow_api_virtualenv.py
[2024-09-24T04:24:38.025+0000] {logging_mixin.py:120} INFO - [2024-09-24T04:24:38.025+0000] {dag.py:2585} INFO - Sync 1 DAGs
[2024-09-24T04:24:38.056+0000] {logging_mixin.py:120} INFO - [2024-09-24T04:24:38.055+0000] {dag.py:3340} INFO - Setting next_dagrun for tutorial_taskflow_api_virtualenv to None, run_after=None
[2024-09-24T04:24:38.079+0000] {processor.py:176} INFO - Processing /home/airflow/.local/lib/python3.7/site-packages/airflow/example_dags/tutorial_taskflow_api_virtualenv.py took 0.142 seconds
[2024-09-24T04:25:08.173+0000] {processor.py:154} INFO - Started process (PID=14686) to work on /home/airflow/.local/lib/python3.7/site-packages/airflow/example_dags/tutorial_taskflow_api_virtualenv.py
[2024-09-24T04:25:08.174+0000] {processor.py:756} INFO - Processing file /home/airflow/.local/lib/python3.7/site-packages/airflow/example_dags/tutorial_taskflow_api_virtualenv.py for tasks to queue
[2024-09-24T04:25:08.175+0000] {logging_mixin.py:120} INFO - [2024-09-24T04:25:08.174+0000] {dagbag.py:537} INFO - Filling up the DagBag from /home/airflow/.local/lib/python3.7/site-packages/airflow/example_dags/tutorial_taskflow_api_virtualenv.py
[2024-09-24T04:25:08.202+0000] {processor.py:766} INFO - DAG(s) dict_keys(['tutorial_taskflow_api_virtualenv']) retrieved from /home/airflow/.local/lib/python3.7/site-packages/airflow/example_dags/tutorial_taskflow_api_virtualenv.py
[2024-09-24T04:25:08.254+0000] {logging_mixin.py:120} INFO - [2024-09-24T04:25:08.254+0000] {dag.py:2585} INFO - Sync 1 DAGs
[2024-09-24T04:25:08.287+0000] {logging_mixin.py:120} INFO - [2024-09-24T04:25:08.287+0000] {dag.py:3340} INFO - Setting next_dagrun for tutorial_taskflow_api_virtualenv to None, run_after=None
[2024-09-24T04:25:08.311+0000] {processor.py:176} INFO - Processing /home/airflow/.local/lib/python3.7/site-packages/airflow/example_dags/tutorial_taskflow_api_virtualenv.py took 0.143 seconds
[2024-09-24T04:25:38.530+0000] {processor.py:154} INFO - Started process (PID=14748) to work on /home/airflow/.local/lib/python3.7/site-packages/airflow/example_dags/tutorial_taskflow_api_virtualenv.py
[2024-09-24T04:25:38.533+0000] {processor.py:756} INFO - Processing file /home/airflow/.local/lib/python3.7/site-packages/airflow/example_dags/tutorial_taskflow_api_virtualenv.py for tasks to queue
[2024-09-24T04:25:38.534+0000] {logging_mixin.py:120} INFO - [2024-09-24T04:25:38.534+0000] {dagbag.py:537} INFO - Filling up the DagBag from /home/airflow/.local/lib/python3.7/site-packages/airflow/example_dags/tutorial_taskflow_api_virtualenv.py
[2024-09-24T04:25:38.566+0000] {processor.py:766} INFO - DAG(s) dict_keys(['tutorial_taskflow_api_virtualenv']) retrieved from /home/airflow/.local/lib/python3.7/site-packages/airflow/example_dags/tutorial_taskflow_api_virtualenv.py
[2024-09-24T04:25:38.624+0000] {logging_mixin.py:120} INFO - [2024-09-24T04:25:38.624+0000] {dag.py:2585} INFO - Sync 1 DAGs
[2024-09-24T04:25:38.660+0000] {logging_mixin.py:120} INFO - [2024-09-24T04:25:38.660+0000] {dag.py:3340} INFO - Setting next_dagrun for tutorial_taskflow_api_virtualenv to None, run_after=None
[2024-09-24T04:25:38.687+0000] {processor.py:176} INFO - Processing /home/airflow/.local/lib/python3.7/site-packages/airflow/example_dags/tutorial_taskflow_api_virtualenv.py took 0.163 seconds
[2024-09-24T04:26:08.890+0000] {processor.py:154} INFO - Started process (PID=14811) to work on /home/airflow/.local/lib/python3.7/site-packages/airflow/example_dags/tutorial_taskflow_api_virtualenv.py
[2024-09-24T04:26:08.891+0000] {processor.py:756} INFO - Processing file /home/airflow/.local/lib/python3.7/site-packages/airflow/example_dags/tutorial_taskflow_api_virtualenv.py for tasks to queue
[2024-09-24T04:26:08.892+0000] {logging_mixin.py:120} INFO - [2024-09-24T04:26:08.892+0000] {dagbag.py:537} INFO - Filling up the DagBag from /home/airflow/.local/lib/python3.7/site-packages/airflow/example_dags/tutorial_taskflow_api_virtualenv.py
[2024-09-24T04:26:08.920+0000] {processor.py:766} INFO - DAG(s) dict_keys(['tutorial_taskflow_api_virtualenv']) retrieved from /home/airflow/.local/lib/python3.7/site-packages/airflow/example_dags/tutorial_taskflow_api_virtualenv.py
[2024-09-24T04:26:08.969+0000] {logging_mixin.py:120} INFO - [2024-09-24T04:26:08.969+0000] {dag.py:2585} INFO - Sync 1 DAGs
[2024-09-24T04:26:08.999+0000] {logging_mixin.py:120} INFO - [2024-09-24T04:26:08.999+0000] {dag.py:3340} INFO - Setting next_dagrun for tutorial_taskflow_api_virtualenv to None, run_after=None
[2024-09-24T04:26:09.024+0000] {processor.py:176} INFO - Processing /home/airflow/.local/lib/python3.7/site-packages/airflow/example_dags/tutorial_taskflow_api_virtualenv.py took 0.139 seconds
[2024-09-24T04:26:39.053+0000] {processor.py:154} INFO - Started process (PID=14863) to work on /home/airflow/.local/lib/python3.7/site-packages/airflow/example_dags/tutorial_taskflow_api_virtualenv.py
[2024-09-24T04:26:39.054+0000] {processor.py:756} INFO - Processing file /home/airflow/.local/lib/python3.7/site-packages/airflow/example_dags/tutorial_taskflow_api_virtualenv.py for tasks to queue
[2024-09-24T04:26:39.055+0000] {logging_mixin.py:120} INFO - [2024-09-24T04:26:39.055+0000] {dagbag.py:537} INFO - Filling up the DagBag from /home/airflow/.local/lib/python3.7/site-packages/airflow/example_dags/tutorial_taskflow_api_virtualenv.py
[2024-09-24T04:26:39.080+0000] {processor.py:766} INFO - DAG(s) dict_keys(['tutorial_taskflow_api_virtualenv']) retrieved from /home/airflow/.local/lib/python3.7/site-packages/airflow/example_dags/tutorial_taskflow_api_virtualenv.py
[2024-09-24T04:26:39.128+0000] {logging_mixin.py:120} INFO - [2024-09-24T04:26:39.128+0000] {dag.py:2585} INFO - Sync 1 DAGs
[2024-09-24T04:26:39.156+0000] {logging_mixin.py:120} INFO - [2024-09-24T04:26:39.155+0000] {dag.py:3340} INFO - Setting next_dagrun for tutorial_taskflow_api_virtualenv to None, run_after=None
[2024-09-24T04:26:39.175+0000] {processor.py:176} INFO - Processing /home/airflow/.local/lib/python3.7/site-packages/airflow/example_dags/tutorial_taskflow_api_virtualenv.py took 0.126 seconds
[2024-09-24T04:27:09.683+0000] {processor.py:154} INFO - Started process (PID=14927) to work on /home/airflow/.local/lib/python3.7/site-packages/airflow/example_dags/tutorial_taskflow_api_virtualenv.py
[2024-09-24T04:27:09.685+0000] {processor.py:756} INFO - Processing file /home/airflow/.local/lib/python3.7/site-packages/airflow/example_dags/tutorial_taskflow_api_virtualenv.py for tasks to queue
[2024-09-24T04:27:09.688+0000] {logging_mixin.py:120} INFO - [2024-09-24T04:27:09.688+0000] {dagbag.py:537} INFO - Filling up the DagBag from /home/airflow/.local/lib/python3.7/site-packages/airflow/example_dags/tutorial_taskflow_api_virtualenv.py
[2024-09-24T04:27:09.721+0000] {processor.py:766} INFO - DAG(s) dict_keys(['tutorial_taskflow_api_virtualenv']) retrieved from /home/airflow/.local/lib/python3.7/site-packages/airflow/example_dags/tutorial_taskflow_api_virtualenv.py
[2024-09-24T04:27:09.780+0000] {logging_mixin.py:120} INFO - [2024-09-24T04:27:09.780+0000] {dag.py:2585} INFO - Sync 1 DAGs
[2024-09-24T04:27:09.815+0000] {logging_mixin.py:120} INFO - [2024-09-24T04:27:09.815+0000] {dag.py:3340} INFO - Setting next_dagrun for tutorial_taskflow_api_virtualenv to None, run_after=None
[2024-09-24T04:27:09.839+0000] {processor.py:176} INFO - Processing /home/airflow/.local/lib/python3.7/site-packages/airflow/example_dags/tutorial_taskflow_api_virtualenv.py took 0.160 seconds
[2024-09-24T04:27:40.495+0000] {processor.py:154} INFO - Started process (PID=14989) to work on /home/airflow/.local/lib/python3.7/site-packages/airflow/example_dags/tutorial_taskflow_api_virtualenv.py
[2024-09-24T04:27:40.497+0000] {processor.py:756} INFO - Processing file /home/airflow/.local/lib/python3.7/site-packages/airflow/example_dags/tutorial_taskflow_api_virtualenv.py for tasks to queue
[2024-09-24T04:27:40.498+0000] {logging_mixin.py:120} INFO - [2024-09-24T04:27:40.497+0000] {dagbag.py:537} INFO - Filling up the DagBag from /home/airflow/.local/lib/python3.7/site-packages/airflow/example_dags/tutorial_taskflow_api_virtualenv.py
[2024-09-24T04:27:40.525+0000] {processor.py:766} INFO - DAG(s) dict_keys(['tutorial_taskflow_api_virtualenv']) retrieved from /home/airflow/.local/lib/python3.7/site-packages/airflow/example_dags/tutorial_taskflow_api_virtualenv.py
[2024-09-24T04:27:40.575+0000] {logging_mixin.py:120} INFO - [2024-09-24T04:27:40.575+0000] {dag.py:2585} INFO - Sync 1 DAGs
[2024-09-24T04:27:40.607+0000] {logging_mixin.py:120} INFO - [2024-09-24T04:27:40.607+0000] {dag.py:3340} INFO - Setting next_dagrun for tutorial_taskflow_api_virtualenv to None, run_after=None
[2024-09-24T04:27:40.629+0000] {processor.py:176} INFO - Processing /home/airflow/.local/lib/python3.7/site-packages/airflow/example_dags/tutorial_taskflow_api_virtualenv.py took 0.139 seconds
[2024-09-24T04:28:10.690+0000] {processor.py:154} INFO - Started process (PID=15043) to work on /home/airflow/.local/lib/python3.7/site-packages/airflow/example_dags/tutorial_taskflow_api_virtualenv.py
[2024-09-24T04:28:10.691+0000] {processor.py:756} INFO - Processing file /home/airflow/.local/lib/python3.7/site-packages/airflow/example_dags/tutorial_taskflow_api_virtualenv.py for tasks to queue
[2024-09-24T04:28:10.692+0000] {logging_mixin.py:120} INFO - [2024-09-24T04:28:10.692+0000] {dagbag.py:537} INFO - Filling up the DagBag from /home/airflow/.local/lib/python3.7/site-packages/airflow/example_dags/tutorial_taskflow_api_virtualenv.py
[2024-09-24T04:28:10.721+0000] {processor.py:766} INFO - DAG(s) dict_keys(['tutorial_taskflow_api_virtualenv']) retrieved from /home/airflow/.local/lib/python3.7/site-packages/airflow/example_dags/tutorial_taskflow_api_virtualenv.py
[2024-09-24T04:28:10.780+0000] {logging_mixin.py:120} INFO - [2024-09-24T04:28:10.780+0000] {dag.py:2585} INFO - Sync 1 DAGs
[2024-09-24T04:28:10.826+0000] {logging_mixin.py:120} INFO - [2024-09-24T04:28:10.825+0000] {dag.py:3340} INFO - Setting next_dagrun for tutorial_taskflow_api_virtualenv to None, run_after=None
[2024-09-24T04:28:10.864+0000] {processor.py:176} INFO - Processing /home/airflow/.local/lib/python3.7/site-packages/airflow/example_dags/tutorial_taskflow_api_virtualenv.py took 0.180 seconds
[2024-09-24T04:28:40.936+0000] {processor.py:154} INFO - Started process (PID=15105) to work on /home/airflow/.local/lib/python3.7/site-packages/airflow/example_dags/tutorial_taskflow_api_virtualenv.py
[2024-09-24T04:28:40.938+0000] {processor.py:756} INFO - Processing file /home/airflow/.local/lib/python3.7/site-packages/airflow/example_dags/tutorial_taskflow_api_virtualenv.py for tasks to queue
[2024-09-24T04:28:40.939+0000] {logging_mixin.py:120} INFO - [2024-09-24T04:28:40.939+0000] {dagbag.py:537} INFO - Filling up the DagBag from /home/airflow/.local/lib/python3.7/site-packages/airflow/example_dags/tutorial_taskflow_api_virtualenv.py
[2024-09-24T04:28:40.971+0000] {processor.py:766} INFO - DAG(s) dict_keys(['tutorial_taskflow_api_virtualenv']) retrieved from /home/airflow/.local/lib/python3.7/site-packages/airflow/example_dags/tutorial_taskflow_api_virtualenv.py
[2024-09-24T04:28:41.025+0000] {logging_mixin.py:120} INFO - [2024-09-24T04:28:41.025+0000] {dag.py:2585} INFO - Sync 1 DAGs
[2024-09-24T04:28:41.057+0000] {logging_mixin.py:120} INFO - [2024-09-24T04:28:41.056+0000] {dag.py:3340} INFO - Setting next_dagrun for tutorial_taskflow_api_virtualenv to None, run_after=None
[2024-09-24T04:28:41.080+0000] {processor.py:176} INFO - Processing /home/airflow/.local/lib/python3.7/site-packages/airflow/example_dags/tutorial_taskflow_api_virtualenv.py took 0.148 seconds
[2024-09-24T04:29:11.610+0000] {processor.py:154} INFO - Started process (PID=15169) to work on /home/airflow/.local/lib/python3.7/site-packages/airflow/example_dags/tutorial_taskflow_api_virtualenv.py
[2024-09-24T04:29:11.611+0000] {processor.py:756} INFO - Processing file /home/airflow/.local/lib/python3.7/site-packages/airflow/example_dags/tutorial_taskflow_api_virtualenv.py for tasks to queue
[2024-09-24T04:29:11.612+0000] {logging_mixin.py:120} INFO - [2024-09-24T04:29:11.612+0000] {dagbag.py:537} INFO - Filling up the DagBag from /home/airflow/.local/lib/python3.7/site-packages/airflow/example_dags/tutorial_taskflow_api_virtualenv.py
[2024-09-24T04:29:11.644+0000] {processor.py:766} INFO - DAG(s) dict_keys(['tutorial_taskflow_api_virtualenv']) retrieved from /home/airflow/.local/lib/python3.7/site-packages/airflow/example_dags/tutorial_taskflow_api_virtualenv.py
[2024-09-24T04:29:11.699+0000] {logging_mixin.py:120} INFO - [2024-09-24T04:29:11.698+0000] {dag.py:2585} INFO - Sync 1 DAGs
[2024-09-24T04:29:11.734+0000] {logging_mixin.py:120} INFO - [2024-09-24T04:29:11.734+0000] {dag.py:3340} INFO - Setting next_dagrun for tutorial_taskflow_api_virtualenv to None, run_after=None
[2024-09-24T04:29:11.762+0000] {processor.py:176} INFO - Processing /home/airflow/.local/lib/python3.7/site-packages/airflow/example_dags/tutorial_taskflow_api_virtualenv.py took 0.157 seconds
[2024-09-24T04:29:41.812+0000] {processor.py:154} INFO - Started process (PID=15223) to work on /home/airflow/.local/lib/python3.7/site-packages/airflow/example_dags/tutorial_taskflow_api_virtualenv.py
[2024-09-24T04:29:41.814+0000] {processor.py:756} INFO - Processing file /home/airflow/.local/lib/python3.7/site-packages/airflow/example_dags/tutorial_taskflow_api_virtualenv.py for tasks to queue
[2024-09-24T04:29:41.815+0000] {logging_mixin.py:120} INFO - [2024-09-24T04:29:41.815+0000] {dagbag.py:537} INFO - Filling up the DagBag from /home/airflow/.local/lib/python3.7/site-packages/airflow/example_dags/tutorial_taskflow_api_virtualenv.py
[2024-09-24T04:29:41.844+0000] {processor.py:766} INFO - DAG(s) dict_keys(['tutorial_taskflow_api_virtualenv']) retrieved from /home/airflow/.local/lib/python3.7/site-packages/airflow/example_dags/tutorial_taskflow_api_virtualenv.py
[2024-09-24T04:29:41.915+0000] {logging_mixin.py:120} INFO - [2024-09-24T04:29:41.915+0000] {dag.py:2585} INFO - Sync 1 DAGs
[2024-09-24T04:29:41.971+0000] {logging_mixin.py:120} INFO - [2024-09-24T04:29:41.971+0000] {dag.py:3340} INFO - Setting next_dagrun for tutorial_taskflow_api_virtualenv to None, run_after=None
[2024-09-24T04:29:42.018+0000] {processor.py:176} INFO - Processing /home/airflow/.local/lib/python3.7/site-packages/airflow/example_dags/tutorial_taskflow_api_virtualenv.py took 0.211 seconds
[2024-09-24T04:30:12.468+0000] {processor.py:154} INFO - Started process (PID=15286) to work on /home/airflow/.local/lib/python3.7/site-packages/airflow/example_dags/tutorial_taskflow_api_virtualenv.py
[2024-09-24T04:30:12.469+0000] {processor.py:756} INFO - Processing file /home/airflow/.local/lib/python3.7/site-packages/airflow/example_dags/tutorial_taskflow_api_virtualenv.py for tasks to queue
[2024-09-24T04:30:12.470+0000] {logging_mixin.py:120} INFO - [2024-09-24T04:30:12.470+0000] {dagbag.py:537} INFO - Filling up the DagBag from /home/airflow/.local/lib/python3.7/site-packages/airflow/example_dags/tutorial_taskflow_api_virtualenv.py
[2024-09-24T04:30:12.496+0000] {processor.py:766} INFO - DAG(s) dict_keys(['tutorial_taskflow_api_virtualenv']) retrieved from /home/airflow/.local/lib/python3.7/site-packages/airflow/example_dags/tutorial_taskflow_api_virtualenv.py
[2024-09-24T04:30:12.546+0000] {logging_mixin.py:120} INFO - [2024-09-24T04:30:12.545+0000] {dag.py:2585} INFO - Sync 1 DAGs
[2024-09-24T04:30:12.577+0000] {logging_mixin.py:120} INFO - [2024-09-24T04:30:12.576+0000] {dag.py:3340} INFO - Setting next_dagrun for tutorial_taskflow_api_virtualenv to None, run_after=None
[2024-09-24T04:30:12.599+0000] {processor.py:176} INFO - Processing /home/airflow/.local/lib/python3.7/site-packages/airflow/example_dags/tutorial_taskflow_api_virtualenv.py took 0.135 seconds
[2024-09-24T04:30:42.778+0000] {processor.py:154} INFO - Started process (PID=15349) to work on /home/airflow/.local/lib/python3.7/site-packages/airflow/example_dags/tutorial_taskflow_api_virtualenv.py
[2024-09-24T04:30:42.780+0000] {processor.py:756} INFO - Processing file /home/airflow/.local/lib/python3.7/site-packages/airflow/example_dags/tutorial_taskflow_api_virtualenv.py for tasks to queue
[2024-09-24T04:30:42.781+0000] {logging_mixin.py:120} INFO - [2024-09-24T04:30:42.780+0000] {dagbag.py:537} INFO - Filling up the DagBag from /home/airflow/.local/lib/python3.7/site-packages/airflow/example_dags/tutorial_taskflow_api_virtualenv.py
[2024-09-24T04:30:42.807+0000] {processor.py:766} INFO - DAG(s) dict_keys(['tutorial_taskflow_api_virtualenv']) retrieved from /home/airflow/.local/lib/python3.7/site-packages/airflow/example_dags/tutorial_taskflow_api_virtualenv.py
[2024-09-24T04:30:42.859+0000] {logging_mixin.py:120} INFO - [2024-09-24T04:30:42.859+0000] {dag.py:2585} INFO - Sync 1 DAGs
[2024-09-24T04:30:42.892+0000] {logging_mixin.py:120} INFO - [2024-09-24T04:30:42.892+0000] {dag.py:3340} INFO - Setting next_dagrun for tutorial_taskflow_api_virtualenv to None, run_after=None
[2024-09-24T04:30:42.918+0000] {processor.py:176} INFO - Processing /home/airflow/.local/lib/python3.7/site-packages/airflow/example_dags/tutorial_taskflow_api_virtualenv.py took 0.144 seconds
[2024-09-24T04:31:13.293+0000] {processor.py:154} INFO - Started process (PID=15403) to work on /home/airflow/.local/lib/python3.7/site-packages/airflow/example_dags/tutorial_taskflow_api_virtualenv.py
[2024-09-24T04:31:13.296+0000] {processor.py:756} INFO - Processing file /home/airflow/.local/lib/python3.7/site-packages/airflow/example_dags/tutorial_taskflow_api_virtualenv.py for tasks to queue
[2024-09-24T04:31:13.297+0000] {logging_mixin.py:120} INFO - [2024-09-24T04:31:13.297+0000] {dagbag.py:537} INFO - Filling up the DagBag from /home/airflow/.local/lib/python3.7/site-packages/airflow/example_dags/tutorial_taskflow_api_virtualenv.py
[2024-09-24T04:31:13.335+0000] {processor.py:766} INFO - DAG(s) dict_keys(['tutorial_taskflow_api_virtualenv']) retrieved from /home/airflow/.local/lib/python3.7/site-packages/airflow/example_dags/tutorial_taskflow_api_virtualenv.py
[2024-09-24T04:31:13.412+0000] {logging_mixin.py:120} INFO - [2024-09-24T04:31:13.412+0000] {dag.py:2585} INFO - Sync 1 DAGs
[2024-09-24T04:31:13.465+0000] {logging_mixin.py:120} INFO - [2024-09-24T04:31:13.465+0000] {dag.py:3340} INFO - Setting next_dagrun for tutorial_taskflow_api_virtualenv to None, run_after=None
[2024-09-24T04:31:13.500+0000] {processor.py:176} INFO - Processing /home/airflow/.local/lib/python3.7/site-packages/airflow/example_dags/tutorial_taskflow_api_virtualenv.py took 0.212 seconds
[2024-09-24T04:31:43.732+0000] {processor.py:154} INFO - Started process (PID=15466) to work on /home/airflow/.local/lib/python3.7/site-packages/airflow/example_dags/tutorial_taskflow_api_virtualenv.py
[2024-09-24T04:31:43.734+0000] {processor.py:756} INFO - Processing file /home/airflow/.local/lib/python3.7/site-packages/airflow/example_dags/tutorial_taskflow_api_virtualenv.py for tasks to queue
[2024-09-24T04:31:43.736+0000] {logging_mixin.py:120} INFO - [2024-09-24T04:31:43.735+0000] {dagbag.py:537} INFO - Filling up the DagBag from /home/airflow/.local/lib/python3.7/site-packages/airflow/example_dags/tutorial_taskflow_api_virtualenv.py
[2024-09-24T04:31:43.767+0000] {processor.py:766} INFO - DAG(s) dict_keys(['tutorial_taskflow_api_virtualenv']) retrieved from /home/airflow/.local/lib/python3.7/site-packages/airflow/example_dags/tutorial_taskflow_api_virtualenv.py
[2024-09-24T04:31:43.827+0000] {logging_mixin.py:120} INFO - [2024-09-24T04:31:43.827+0000] {dag.py:2585} INFO - Sync 1 DAGs
[2024-09-24T04:31:43.867+0000] {logging_mixin.py:120} INFO - [2024-09-24T04:31:43.867+0000] {dag.py:3340} INFO - Setting next_dagrun for tutorial_taskflow_api_virtualenv to None, run_after=None
[2024-09-24T04:31:43.900+0000] {processor.py:176} INFO - Processing /home/airflow/.local/lib/python3.7/site-packages/airflow/example_dags/tutorial_taskflow_api_virtualenv.py took 0.172 seconds
[2024-09-24T04:32:14.831+0000] {processor.py:154} INFO - Started process (PID=15527) to work on /home/airflow/.local/lib/python3.7/site-packages/airflow/example_dags/tutorial_taskflow_api_virtualenv.py
[2024-09-24T04:32:14.834+0000] {processor.py:756} INFO - Processing file /home/airflow/.local/lib/python3.7/site-packages/airflow/example_dags/tutorial_taskflow_api_virtualenv.py for tasks to queue
[2024-09-24T04:32:14.835+0000] {logging_mixin.py:120} INFO - [2024-09-24T04:32:14.835+0000] {dagbag.py:537} INFO - Filling up the DagBag from /home/airflow/.local/lib/python3.7/site-packages/airflow/example_dags/tutorial_taskflow_api_virtualenv.py
[2024-09-24T04:32:14.871+0000] {processor.py:766} INFO - DAG(s) dict_keys(['tutorial_taskflow_api_virtualenv']) retrieved from /home/airflow/.local/lib/python3.7/site-packages/airflow/example_dags/tutorial_taskflow_api_virtualenv.py
[2024-09-24T04:32:14.939+0000] {logging_mixin.py:120} INFO - [2024-09-24T04:32:14.938+0000] {dag.py:2585} INFO - Sync 1 DAGs
[2024-09-24T04:32:14.980+0000] {logging_mixin.py:120} INFO - [2024-09-24T04:32:14.980+0000] {dag.py:3340} INFO - Setting next_dagrun for tutorial_taskflow_api_virtualenv to None, run_after=None
[2024-09-24T04:32:15.011+0000] {processor.py:176} INFO - Processing /home/airflow/.local/lib/python3.7/site-packages/airflow/example_dags/tutorial_taskflow_api_virtualenv.py took 0.185 seconds
[2024-09-24T04:32:45.752+0000] {processor.py:154} INFO - Started process (PID=15583) to work on /home/airflow/.local/lib/python3.7/site-packages/airflow/example_dags/tutorial_taskflow_api_virtualenv.py
[2024-09-24T04:32:45.753+0000] {processor.py:756} INFO - Processing file /home/airflow/.local/lib/python3.7/site-packages/airflow/example_dags/tutorial_taskflow_api_virtualenv.py for tasks to queue
[2024-09-24T04:32:45.755+0000] {logging_mixin.py:120} INFO - [2024-09-24T04:32:45.754+0000] {dagbag.py:537} INFO - Filling up the DagBag from /home/airflow/.local/lib/python3.7/site-packages/airflow/example_dags/tutorial_taskflow_api_virtualenv.py
[2024-09-24T04:32:45.788+0000] {processor.py:766} INFO - DAG(s) dict_keys(['tutorial_taskflow_api_virtualenv']) retrieved from /home/airflow/.local/lib/python3.7/site-packages/airflow/example_dags/tutorial_taskflow_api_virtualenv.py
[2024-09-24T04:32:45.854+0000] {logging_mixin.py:120} INFO - [2024-09-24T04:32:45.854+0000] {dag.py:2585} INFO - Sync 1 DAGs
[2024-09-24T04:32:45.893+0000] {logging_mixin.py:120} INFO - [2024-09-24T04:32:45.893+0000] {dag.py:3340} INFO - Setting next_dagrun for tutorial_taskflow_api_virtualenv to None, run_after=None
[2024-09-24T04:32:45.922+0000] {processor.py:176} INFO - Processing /home/airflow/.local/lib/python3.7/site-packages/airflow/example_dags/tutorial_taskflow_api_virtualenv.py took 0.175 seconds
[2024-09-24T04:33:16.738+0000] {processor.py:154} INFO - Started process (PID=15646) to work on /home/airflow/.local/lib/python3.7/site-packages/airflow/example_dags/tutorial_taskflow_api_virtualenv.py
[2024-09-24T04:33:16.740+0000] {processor.py:756} INFO - Processing file /home/airflow/.local/lib/python3.7/site-packages/airflow/example_dags/tutorial_taskflow_api_virtualenv.py for tasks to queue
[2024-09-24T04:33:16.741+0000] {logging_mixin.py:120} INFO - [2024-09-24T04:33:16.741+0000] {dagbag.py:537} INFO - Filling up the DagBag from /home/airflow/.local/lib/python3.7/site-packages/airflow/example_dags/tutorial_taskflow_api_virtualenv.py
[2024-09-24T04:33:16.772+0000] {processor.py:766} INFO - DAG(s) dict_keys(['tutorial_taskflow_api_virtualenv']) retrieved from /home/airflow/.local/lib/python3.7/site-packages/airflow/example_dags/tutorial_taskflow_api_virtualenv.py
[2024-09-24T04:33:16.833+0000] {logging_mixin.py:120} INFO - [2024-09-24T04:33:16.833+0000] {dag.py:2585} INFO - Sync 1 DAGs
[2024-09-24T04:33:16.870+0000] {logging_mixin.py:120} INFO - [2024-09-24T04:33:16.870+0000] {dag.py:3340} INFO - Setting next_dagrun for tutorial_taskflow_api_virtualenv to None, run_after=None
[2024-09-24T04:33:16.899+0000] {processor.py:176} INFO - Processing /home/airflow/.local/lib/python3.7/site-packages/airflow/example_dags/tutorial_taskflow_api_virtualenv.py took 0.166 seconds
[2024-09-24T04:33:46.989+0000] {processor.py:154} INFO - Started process (PID=15700) to work on /home/airflow/.local/lib/python3.7/site-packages/airflow/example_dags/tutorial_taskflow_api_virtualenv.py
[2024-09-24T04:33:46.990+0000] {processor.py:756} INFO - Processing file /home/airflow/.local/lib/python3.7/site-packages/airflow/example_dags/tutorial_taskflow_api_virtualenv.py for tasks to queue
[2024-09-24T04:33:46.992+0000] {logging_mixin.py:120} INFO - [2024-09-24T04:33:46.991+0000] {dagbag.py:537} INFO - Filling up the DagBag from /home/airflow/.local/lib/python3.7/site-packages/airflow/example_dags/tutorial_taskflow_api_virtualenv.py
[2024-09-24T04:33:47.028+0000] {processor.py:766} INFO - DAG(s) dict_keys(['tutorial_taskflow_api_virtualenv']) retrieved from /home/airflow/.local/lib/python3.7/site-packages/airflow/example_dags/tutorial_taskflow_api_virtualenv.py
[2024-09-24T04:33:47.087+0000] {logging_mixin.py:120} INFO - [2024-09-24T04:33:47.087+0000] {dag.py:2585} INFO - Sync 1 DAGs
[2024-09-24T04:33:47.125+0000] {logging_mixin.py:120} INFO - [2024-09-24T04:33:47.125+0000] {dag.py:3340} INFO - Setting next_dagrun for tutorial_taskflow_api_virtualenv to None, run_after=None
[2024-09-24T04:33:47.154+0000] {processor.py:176} INFO - Processing /home/airflow/.local/lib/python3.7/site-packages/airflow/example_dags/tutorial_taskflow_api_virtualenv.py took 0.171 seconds
[2024-09-24T04:34:17.746+0000] {processor.py:154} INFO - Started process (PID=15763) to work on /home/airflow/.local/lib/python3.7/site-packages/airflow/example_dags/tutorial_taskflow_api_virtualenv.py
[2024-09-24T04:34:17.751+0000] {processor.py:756} INFO - Processing file /home/airflow/.local/lib/python3.7/site-packages/airflow/example_dags/tutorial_taskflow_api_virtualenv.py for tasks to queue
[2024-09-24T04:34:17.753+0000] {logging_mixin.py:120} INFO - [2024-09-24T04:34:17.753+0000] {dagbag.py:537} INFO - Filling up the DagBag from /home/airflow/.local/lib/python3.7/site-packages/airflow/example_dags/tutorial_taskflow_api_virtualenv.py
[2024-09-24T04:34:17.821+0000] {processor.py:766} INFO - DAG(s) dict_keys(['tutorial_taskflow_api_virtualenv']) retrieved from /home/airflow/.local/lib/python3.7/site-packages/airflow/example_dags/tutorial_taskflow_api_virtualenv.py
[2024-09-24T04:34:17.927+0000] {logging_mixin.py:120} INFO - [2024-09-24T04:34:17.926+0000] {dag.py:2585} INFO - Sync 1 DAGs
[2024-09-24T04:34:18.019+0000] {logging_mixin.py:120} INFO - [2024-09-24T04:34:18.019+0000] {dag.py:3340} INFO - Setting next_dagrun for tutorial_taskflow_api_virtualenv to None, run_after=None
[2024-09-24T04:34:18.096+0000] {processor.py:176} INFO - Processing /home/airflow/.local/lib/python3.7/site-packages/airflow/example_dags/tutorial_taskflow_api_virtualenv.py took 0.359 seconds
[2024-09-24T04:34:48.705+0000] {processor.py:154} INFO - Started process (PID=15818) to work on /home/airflow/.local/lib/python3.7/site-packages/airflow/example_dags/tutorial_taskflow_api_virtualenv.py
[2024-09-24T04:34:48.709+0000] {processor.py:756} INFO - Processing file /home/airflow/.local/lib/python3.7/site-packages/airflow/example_dags/tutorial_taskflow_api_virtualenv.py for tasks to queue
[2024-09-24T04:34:48.711+0000] {logging_mixin.py:120} INFO - [2024-09-24T04:34:48.711+0000] {dagbag.py:537} INFO - Filling up the DagBag from /home/airflow/.local/lib/python3.7/site-packages/airflow/example_dags/tutorial_taskflow_api_virtualenv.py
[2024-09-24T04:34:48.758+0000] {processor.py:766} INFO - DAG(s) dict_keys(['tutorial_taskflow_api_virtualenv']) retrieved from /home/airflow/.local/lib/python3.7/site-packages/airflow/example_dags/tutorial_taskflow_api_virtualenv.py
[2024-09-24T04:34:48.845+0000] {logging_mixin.py:120} INFO - [2024-09-24T04:34:48.845+0000] {dag.py:2585} INFO - Sync 1 DAGs
[2024-09-24T04:34:48.891+0000] {logging_mixin.py:120} INFO - [2024-09-24T04:34:48.891+0000] {dag.py:3340} INFO - Setting next_dagrun for tutorial_taskflow_api_virtualenv to None, run_after=None
[2024-09-24T04:34:48.936+0000] {processor.py:176} INFO - Processing /home/airflow/.local/lib/python3.7/site-packages/airflow/example_dags/tutorial_taskflow_api_virtualenv.py took 0.237 seconds
[2024-09-24T04:35:19.139+0000] {processor.py:154} INFO - Started process (PID=15881) to work on /home/airflow/.local/lib/python3.7/site-packages/airflow/example_dags/tutorial_taskflow_api_virtualenv.py
[2024-09-24T04:35:19.141+0000] {processor.py:756} INFO - Processing file /home/airflow/.local/lib/python3.7/site-packages/airflow/example_dags/tutorial_taskflow_api_virtualenv.py for tasks to queue
[2024-09-24T04:35:19.142+0000] {logging_mixin.py:120} INFO - [2024-09-24T04:35:19.142+0000] {dagbag.py:537} INFO - Filling up the DagBag from /home/airflow/.local/lib/python3.7/site-packages/airflow/example_dags/tutorial_taskflow_api_virtualenv.py
[2024-09-24T04:35:19.178+0000] {processor.py:766} INFO - DAG(s) dict_keys(['tutorial_taskflow_api_virtualenv']) retrieved from /home/airflow/.local/lib/python3.7/site-packages/airflow/example_dags/tutorial_taskflow_api_virtualenv.py
[2024-09-24T04:35:19.246+0000] {logging_mixin.py:120} INFO - [2024-09-24T04:35:19.245+0000] {dag.py:2585} INFO - Sync 1 DAGs
[2024-09-24T04:35:19.291+0000] {logging_mixin.py:120} INFO - [2024-09-24T04:35:19.290+0000] {dag.py:3340} INFO - Setting next_dagrun for tutorial_taskflow_api_virtualenv to None, run_after=None
[2024-09-24T04:35:19.319+0000] {processor.py:176} INFO - Processing /home/airflow/.local/lib/python3.7/site-packages/airflow/example_dags/tutorial_taskflow_api_virtualenv.py took 0.187 seconds
[2024-09-24T04:35:49.562+0000] {processor.py:154} INFO - Started process (PID=15944) to work on /home/airflow/.local/lib/python3.7/site-packages/airflow/example_dags/tutorial_taskflow_api_virtualenv.py
[2024-09-24T04:35:49.564+0000] {processor.py:756} INFO - Processing file /home/airflow/.local/lib/python3.7/site-packages/airflow/example_dags/tutorial_taskflow_api_virtualenv.py for tasks to queue
[2024-09-24T04:35:49.567+0000] {logging_mixin.py:120} INFO - [2024-09-24T04:35:49.566+0000] {dagbag.py:537} INFO - Filling up the DagBag from /home/airflow/.local/lib/python3.7/site-packages/airflow/example_dags/tutorial_taskflow_api_virtualenv.py
[2024-09-24T04:35:49.617+0000] {processor.py:766} INFO - DAG(s) dict_keys(['tutorial_taskflow_api_virtualenv']) retrieved from /home/airflow/.local/lib/python3.7/site-packages/airflow/example_dags/tutorial_taskflow_api_virtualenv.py
[2024-09-24T04:35:49.706+0000] {logging_mixin.py:120} INFO - [2024-09-24T04:35:49.705+0000] {dag.py:2585} INFO - Sync 1 DAGs
[2024-09-24T04:35:49.756+0000] {logging_mixin.py:120} INFO - [2024-09-24T04:35:49.755+0000] {dag.py:3340} INFO - Setting next_dagrun for tutorial_taskflow_api_virtualenv to None, run_after=None
[2024-09-24T04:35:49.794+0000] {processor.py:176} INFO - Processing /home/airflow/.local/lib/python3.7/site-packages/airflow/example_dags/tutorial_taskflow_api_virtualenv.py took 0.240 seconds
[2024-09-24T04:36:20.038+0000] {processor.py:154} INFO - Started process (PID=15998) to work on /home/airflow/.local/lib/python3.7/site-packages/airflow/example_dags/tutorial_taskflow_api_virtualenv.py
[2024-09-24T04:36:20.040+0000] {processor.py:756} INFO - Processing file /home/airflow/.local/lib/python3.7/site-packages/airflow/example_dags/tutorial_taskflow_api_virtualenv.py for tasks to queue
[2024-09-24T04:36:20.041+0000] {logging_mixin.py:120} INFO - [2024-09-24T04:36:20.041+0000] {dagbag.py:537} INFO - Filling up the DagBag from /home/airflow/.local/lib/python3.7/site-packages/airflow/example_dags/tutorial_taskflow_api_virtualenv.py
[2024-09-24T04:36:20.074+0000] {processor.py:766} INFO - DAG(s) dict_keys(['tutorial_taskflow_api_virtualenv']) retrieved from /home/airflow/.local/lib/python3.7/site-packages/airflow/example_dags/tutorial_taskflow_api_virtualenv.py
[2024-09-24T04:36:20.140+0000] {logging_mixin.py:120} INFO - [2024-09-24T04:36:20.140+0000] {dag.py:2585} INFO - Sync 1 DAGs
[2024-09-24T04:36:20.180+0000] {logging_mixin.py:120} INFO - [2024-09-24T04:36:20.180+0000] {dag.py:3340} INFO - Setting next_dagrun for tutorial_taskflow_api_virtualenv to None, run_after=None
[2024-09-24T04:36:20.216+0000] {processor.py:176} INFO - Processing /home/airflow/.local/lib/python3.7/site-packages/airflow/example_dags/tutorial_taskflow_api_virtualenv.py took 0.184 seconds
[2024-09-24T04:36:50.514+0000] {processor.py:154} INFO - Started process (PID=16061) to work on /home/airflow/.local/lib/python3.7/site-packages/airflow/example_dags/tutorial_taskflow_api_virtualenv.py
[2024-09-24T04:36:50.519+0000] {processor.py:756} INFO - Processing file /home/airflow/.local/lib/python3.7/site-packages/airflow/example_dags/tutorial_taskflow_api_virtualenv.py for tasks to queue
[2024-09-24T04:36:50.522+0000] {logging_mixin.py:120} INFO - [2024-09-24T04:36:50.521+0000] {dagbag.py:537} INFO - Filling up the DagBag from /home/airflow/.local/lib/python3.7/site-packages/airflow/example_dags/tutorial_taskflow_api_virtualenv.py
[2024-09-24T04:36:50.554+0000] {processor.py:766} INFO - DAG(s) dict_keys(['tutorial_taskflow_api_virtualenv']) retrieved from /home/airflow/.local/lib/python3.7/site-packages/airflow/example_dags/tutorial_taskflow_api_virtualenv.py
[2024-09-24T04:36:50.608+0000] {logging_mixin.py:120} INFO - [2024-09-24T04:36:50.608+0000] {dag.py:2585} INFO - Sync 1 DAGs
[2024-09-24T04:36:50.651+0000] {logging_mixin.py:120} INFO - [2024-09-24T04:36:50.650+0000] {dag.py:3340} INFO - Setting next_dagrun for tutorial_taskflow_api_virtualenv to None, run_after=None
[2024-09-24T04:36:50.693+0000] {processor.py:176} INFO - Processing /home/airflow/.local/lib/python3.7/site-packages/airflow/example_dags/tutorial_taskflow_api_virtualenv.py took 0.187 seconds
[2024-09-24T04:37:21.245+0000] {processor.py:154} INFO - Started process (PID=16115) to work on /home/airflow/.local/lib/python3.7/site-packages/airflow/example_dags/tutorial_taskflow_api_virtualenv.py
[2024-09-24T04:37:21.247+0000] {processor.py:756} INFO - Processing file /home/airflow/.local/lib/python3.7/site-packages/airflow/example_dags/tutorial_taskflow_api_virtualenv.py for tasks to queue
[2024-09-24T04:37:21.249+0000] {logging_mixin.py:120} INFO - [2024-09-24T04:37:21.248+0000] {dagbag.py:537} INFO - Filling up the DagBag from /home/airflow/.local/lib/python3.7/site-packages/airflow/example_dags/tutorial_taskflow_api_virtualenv.py
[2024-09-24T04:37:21.277+0000] {processor.py:766} INFO - DAG(s) dict_keys(['tutorial_taskflow_api_virtualenv']) retrieved from /home/airflow/.local/lib/python3.7/site-packages/airflow/example_dags/tutorial_taskflow_api_virtualenv.py
[2024-09-24T04:37:21.327+0000] {logging_mixin.py:120} INFO - [2024-09-24T04:37:21.327+0000] {dag.py:2585} INFO - Sync 1 DAGs
[2024-09-24T04:37:21.356+0000] {logging_mixin.py:120} INFO - [2024-09-24T04:37:21.356+0000] {dag.py:3340} INFO - Setting next_dagrun for tutorial_taskflow_api_virtualenv to None, run_after=None
[2024-09-24T04:37:21.383+0000] {processor.py:176} INFO - Processing /home/airflow/.local/lib/python3.7/site-packages/airflow/example_dags/tutorial_taskflow_api_virtualenv.py took 0.145 seconds
[2024-09-24T04:37:59.039+0000] {processor.py:154} INFO - Started process (PID=16169) to work on /home/airflow/.local/lib/python3.7/site-packages/airflow/example_dags/tutorial_taskflow_api_virtualenv.py
[2024-09-24T04:37:59.042+0000] {processor.py:756} INFO - Processing file /home/airflow/.local/lib/python3.7/site-packages/airflow/example_dags/tutorial_taskflow_api_virtualenv.py for tasks to queue
[2024-09-24T04:37:59.044+0000] {logging_mixin.py:120} INFO - [2024-09-24T04:37:59.043+0000] {dagbag.py:537} INFO - Filling up the DagBag from /home/airflow/.local/lib/python3.7/site-packages/airflow/example_dags/tutorial_taskflow_api_virtualenv.py
[2024-09-24T04:37:59.086+0000] {processor.py:766} INFO - DAG(s) dict_keys(['tutorial_taskflow_api_virtualenv']) retrieved from /home/airflow/.local/lib/python3.7/site-packages/airflow/example_dags/tutorial_taskflow_api_virtualenv.py
[2024-09-24T04:37:59.165+0000] {logging_mixin.py:120} INFO - [2024-09-24T04:37:59.165+0000] {dag.py:2585} INFO - Sync 1 DAGs
[2024-09-24T04:37:59.215+0000] {logging_mixin.py:120} INFO - [2024-09-24T04:37:59.215+0000] {dag.py:3340} INFO - Setting next_dagrun for tutorial_taskflow_api_virtualenv to None, run_after=None
[2024-09-24T04:37:59.246+0000] {processor.py:176} INFO - Processing /home/airflow/.local/lib/python3.7/site-packages/airflow/example_dags/tutorial_taskflow_api_virtualenv.py took 0.214 seconds
[2024-09-24T06:15:51.677+0000] {processor.py:154} INFO - Started process (PID=16201) to work on /home/airflow/.local/lib/python3.7/site-packages/airflow/example_dags/tutorial_taskflow_api_virtualenv.py
[2024-09-24T06:15:51.681+0000] {processor.py:756} INFO - Processing file /home/airflow/.local/lib/python3.7/site-packages/airflow/example_dags/tutorial_taskflow_api_virtualenv.py for tasks to queue
[2024-09-24T06:15:51.682+0000] {logging_mixin.py:120} INFO - [2024-09-24T06:15:51.682+0000] {dagbag.py:537} INFO - Filling up the DagBag from /home/airflow/.local/lib/python3.7/site-packages/airflow/example_dags/tutorial_taskflow_api_virtualenv.py
[2024-09-24T06:15:51.726+0000] {processor.py:766} INFO - DAG(s) dict_keys(['tutorial_taskflow_api_virtualenv']) retrieved from /home/airflow/.local/lib/python3.7/site-packages/airflow/example_dags/tutorial_taskflow_api_virtualenv.py
[2024-09-24T06:15:51.813+0000] {logging_mixin.py:120} INFO - [2024-09-24T06:15:51.813+0000] {dag.py:2585} INFO - Sync 1 DAGs
[2024-09-24T06:15:51.880+0000] {logging_mixin.py:120} INFO - [2024-09-24T06:15:51.880+0000] {dag.py:3340} INFO - Setting next_dagrun for tutorial_taskflow_api_virtualenv to None, run_after=None
[2024-09-24T06:15:51.925+0000] {processor.py:176} INFO - Processing /home/airflow/.local/lib/python3.7/site-packages/airflow/example_dags/tutorial_taskflow_api_virtualenv.py took 0.254 seconds
[2024-09-24T06:31:00.010+0000] {processor.py:154} INFO - Started process (PID=16255) to work on /home/airflow/.local/lib/python3.7/site-packages/airflow/example_dags/tutorial_taskflow_api_virtualenv.py
[2024-09-24T06:31:00.012+0000] {processor.py:756} INFO - Processing file /home/airflow/.local/lib/python3.7/site-packages/airflow/example_dags/tutorial_taskflow_api_virtualenv.py for tasks to queue
[2024-09-24T06:31:00.014+0000] {logging_mixin.py:120} INFO - [2024-09-24T06:31:00.014+0000] {dagbag.py:537} INFO - Filling up the DagBag from /home/airflow/.local/lib/python3.7/site-packages/airflow/example_dags/tutorial_taskflow_api_virtualenv.py
[2024-09-24T06:31:00.049+0000] {processor.py:766} INFO - DAG(s) dict_keys(['tutorial_taskflow_api_virtualenv']) retrieved from /home/airflow/.local/lib/python3.7/site-packages/airflow/example_dags/tutorial_taskflow_api_virtualenv.py
[2024-09-24T06:31:00.117+0000] {logging_mixin.py:120} INFO - [2024-09-24T06:31:00.117+0000] {dag.py:2585} INFO - Sync 1 DAGs
[2024-09-24T06:31:00.157+0000] {logging_mixin.py:120} INFO - [2024-09-24T06:31:00.157+0000] {dag.py:3340} INFO - Setting next_dagrun for tutorial_taskflow_api_virtualenv to None, run_after=None
[2024-09-24T06:31:00.204+0000] {processor.py:176} INFO - Processing /home/airflow/.local/lib/python3.7/site-packages/airflow/example_dags/tutorial_taskflow_api_virtualenv.py took 0.198 seconds
[2024-09-24T08:40:09.013+0000] {processor.py:154} INFO - Started process (PID=16316) to work on /home/airflow/.local/lib/python3.7/site-packages/airflow/example_dags/tutorial_taskflow_api_virtualenv.py
[2024-09-24T08:40:09.018+0000] {processor.py:756} INFO - Processing file /home/airflow/.local/lib/python3.7/site-packages/airflow/example_dags/tutorial_taskflow_api_virtualenv.py for tasks to queue
[2024-09-24T08:40:09.020+0000] {logging_mixin.py:120} INFO - [2024-09-24T08:40:09.020+0000] {dagbag.py:537} INFO - Filling up the DagBag from /home/airflow/.local/lib/python3.7/site-packages/airflow/example_dags/tutorial_taskflow_api_virtualenv.py
[2024-09-24T08:40:09.075+0000] {processor.py:766} INFO - DAG(s) dict_keys(['tutorial_taskflow_api_virtualenv']) retrieved from /home/airflow/.local/lib/python3.7/site-packages/airflow/example_dags/tutorial_taskflow_api_virtualenv.py
[2024-09-24T08:40:09.173+0000] {logging_mixin.py:120} INFO - [2024-09-24T08:40:09.173+0000] {dag.py:2585} INFO - Sync 1 DAGs
[2024-09-24T08:40:09.230+0000] {logging_mixin.py:120} INFO - [2024-09-24T08:40:09.229+0000] {dag.py:3340} INFO - Setting next_dagrun for tutorial_taskflow_api_virtualenv to None, run_after=None
[2024-09-24T08:40:09.290+0000] {processor.py:176} INFO - Processing /home/airflow/.local/lib/python3.7/site-packages/airflow/example_dags/tutorial_taskflow_api_virtualenv.py took 0.284 seconds
[2024-09-24T11:11:17.770+0000] {processor.py:154} INFO - Started process (PID=16372) to work on /home/airflow/.local/lib/python3.7/site-packages/airflow/example_dags/tutorial_taskflow_api_virtualenv.py
[2024-09-24T11:11:17.775+0000] {processor.py:756} INFO - Processing file /home/airflow/.local/lib/python3.7/site-packages/airflow/example_dags/tutorial_taskflow_api_virtualenv.py for tasks to queue
[2024-09-24T11:11:17.776+0000] {logging_mixin.py:120} INFO - [2024-09-24T11:11:17.776+0000] {dagbag.py:537} INFO - Filling up the DagBag from /home/airflow/.local/lib/python3.7/site-packages/airflow/example_dags/tutorial_taskflow_api_virtualenv.py
[2024-09-24T11:11:17.822+0000] {processor.py:766} INFO - DAG(s) dict_keys(['tutorial_taskflow_api_virtualenv']) retrieved from /home/airflow/.local/lib/python3.7/site-packages/airflow/example_dags/tutorial_taskflow_api_virtualenv.py
[2024-09-24T11:11:17.916+0000] {logging_mixin.py:120} INFO - [2024-09-24T11:11:17.916+0000] {dag.py:2585} INFO - Sync 1 DAGs
[2024-09-24T11:11:17.978+0000] {logging_mixin.py:120} INFO - [2024-09-24T11:11:17.977+0000] {dag.py:3340} INFO - Setting next_dagrun for tutorial_taskflow_api_virtualenv to None, run_after=None
[2024-09-24T11:11:18.027+0000] {processor.py:176} INFO - Processing /home/airflow/.local/lib/python3.7/site-packages/airflow/example_dags/tutorial_taskflow_api_virtualenv.py took 0.263 seconds
[2024-09-24T12:44:47.346+0000] {processor.py:154} INFO - Started process (PID=16435) to work on /home/airflow/.local/lib/python3.7/site-packages/airflow/example_dags/tutorial_taskflow_api_virtualenv.py
[2024-09-24T12:44:47.348+0000] {processor.py:756} INFO - Processing file /home/airflow/.local/lib/python3.7/site-packages/airflow/example_dags/tutorial_taskflow_api_virtualenv.py for tasks to queue
[2024-09-24T12:44:47.351+0000] {logging_mixin.py:120} INFO - [2024-09-24T12:44:47.350+0000] {dagbag.py:537} INFO - Filling up the DagBag from /home/airflow/.local/lib/python3.7/site-packages/airflow/example_dags/tutorial_taskflow_api_virtualenv.py
[2024-09-24T12:44:47.377+0000] {processor.py:766} INFO - DAG(s) dict_keys(['tutorial_taskflow_api_virtualenv']) retrieved from /home/airflow/.local/lib/python3.7/site-packages/airflow/example_dags/tutorial_taskflow_api_virtualenv.py
[2024-09-24T12:44:47.435+0000] {logging_mixin.py:120} INFO - [2024-09-24T12:44:47.435+0000] {dag.py:2585} INFO - Sync 1 DAGs
[2024-09-24T12:44:47.470+0000] {logging_mixin.py:120} INFO - [2024-09-24T12:44:47.470+0000] {dag.py:3340} INFO - Setting next_dagrun for tutorial_taskflow_api_virtualenv to None, run_after=None
[2024-09-24T12:44:47.495+0000] {processor.py:176} INFO - Processing /home/airflow/.local/lib/python3.7/site-packages/airflow/example_dags/tutorial_taskflow_api_virtualenv.py took 0.152 seconds
[2024-09-24T14:24:38.119+0000] {processor.py:154} INFO - Started process (PID=16489) to work on /home/airflow/.local/lib/python3.7/site-packages/airflow/example_dags/tutorial_taskflow_api_virtualenv.py
[2024-09-24T14:24:38.121+0000] {processor.py:756} INFO - Processing file /home/airflow/.local/lib/python3.7/site-packages/airflow/example_dags/tutorial_taskflow_api_virtualenv.py for tasks to queue
[2024-09-24T14:24:38.122+0000] {logging_mixin.py:120} INFO - [2024-09-24T14:24:38.122+0000] {dagbag.py:537} INFO - Filling up the DagBag from /home/airflow/.local/lib/python3.7/site-packages/airflow/example_dags/tutorial_taskflow_api_virtualenv.py
[2024-09-24T14:24:38.161+0000] {processor.py:766} INFO - DAG(s) dict_keys(['tutorial_taskflow_api_virtualenv']) retrieved from /home/airflow/.local/lib/python3.7/site-packages/airflow/example_dags/tutorial_taskflow_api_virtualenv.py
[2024-09-24T14:24:38.224+0000] {logging_mixin.py:120} INFO - [2024-09-24T14:24:38.224+0000] {dag.py:2585} INFO - Sync 1 DAGs
[2024-09-24T14:24:38.258+0000] {logging_mixin.py:120} INFO - [2024-09-24T14:24:38.258+0000] {dag.py:3340} INFO - Setting next_dagrun for tutorial_taskflow_api_virtualenv to None, run_after=None
[2024-09-24T14:24:38.291+0000] {processor.py:176} INFO - Processing /home/airflow/.local/lib/python3.7/site-packages/airflow/example_dags/tutorial_taskflow_api_virtualenv.py took 0.177 seconds
[2024-09-24T14:26:38.416+0000] {processor.py:154} INFO - Started process (PID=16552) to work on /home/airflow/.local/lib/python3.7/site-packages/airflow/example_dags/tutorial_taskflow_api_virtualenv.py
[2024-09-24T14:26:38.418+0000] {processor.py:756} INFO - Processing file /home/airflow/.local/lib/python3.7/site-packages/airflow/example_dags/tutorial_taskflow_api_virtualenv.py for tasks to queue
[2024-09-24T14:26:38.419+0000] {logging_mixin.py:120} INFO - [2024-09-24T14:26:38.419+0000] {dagbag.py:537} INFO - Filling up the DagBag from /home/airflow/.local/lib/python3.7/site-packages/airflow/example_dags/tutorial_taskflow_api_virtualenv.py
[2024-09-24T14:26:38.448+0000] {processor.py:766} INFO - DAG(s) dict_keys(['tutorial_taskflow_api_virtualenv']) retrieved from /home/airflow/.local/lib/python3.7/site-packages/airflow/example_dags/tutorial_taskflow_api_virtualenv.py
[2024-09-24T14:26:38.506+0000] {logging_mixin.py:120} INFO - [2024-09-24T14:26:38.506+0000] {dag.py:2585} INFO - Sync 1 DAGs
[2024-09-24T14:26:38.542+0000] {logging_mixin.py:120} INFO - [2024-09-24T14:26:38.542+0000] {dag.py:3340} INFO - Setting next_dagrun for tutorial_taskflow_api_virtualenv to None, run_after=None
[2024-09-24T14:26:38.569+0000] {processor.py:176} INFO - Processing /home/airflow/.local/lib/python3.7/site-packages/airflow/example_dags/tutorial_taskflow_api_virtualenv.py took 0.157 seconds
[2024-09-24T15:01:01.241+0000] {processor.py:154} INFO - Started process (PID=16606) to work on /home/airflow/.local/lib/python3.7/site-packages/airflow/example_dags/tutorial_taskflow_api_virtualenv.py
[2024-09-24T15:01:01.244+0000] {processor.py:756} INFO - Processing file /home/airflow/.local/lib/python3.7/site-packages/airflow/example_dags/tutorial_taskflow_api_virtualenv.py for tasks to queue
[2024-09-24T15:01:01.247+0000] {logging_mixin.py:120} INFO - [2024-09-24T15:01:01.246+0000] {dagbag.py:537} INFO - Filling up the DagBag from /home/airflow/.local/lib/python3.7/site-packages/airflow/example_dags/tutorial_taskflow_api_virtualenv.py
[2024-09-24T15:01:01.285+0000] {processor.py:766} INFO - DAG(s) dict_keys(['tutorial_taskflow_api_virtualenv']) retrieved from /home/airflow/.local/lib/python3.7/site-packages/airflow/example_dags/tutorial_taskflow_api_virtualenv.py
[2024-09-24T15:01:01.346+0000] {logging_mixin.py:120} INFO - [2024-09-24T15:01:01.346+0000] {dag.py:2585} INFO - Sync 1 DAGs
[2024-09-24T15:01:01.381+0000] {logging_mixin.py:120} INFO - [2024-09-24T15:01:01.381+0000] {dag.py:3340} INFO - Setting next_dagrun for tutorial_taskflow_api_virtualenv to None, run_after=None
[2024-09-24T15:01:01.414+0000] {processor.py:176} INFO - Processing /home/airflow/.local/lib/python3.7/site-packages/airflow/example_dags/tutorial_taskflow_api_virtualenv.py took 0.179 seconds
[2024-09-24T16:32:26.155+0000] {processor.py:154} INFO - Started process (PID=16669) to work on /home/airflow/.local/lib/python3.7/site-packages/airflow/example_dags/tutorial_taskflow_api_virtualenv.py
[2024-09-24T16:32:26.156+0000] {processor.py:756} INFO - Processing file /home/airflow/.local/lib/python3.7/site-packages/airflow/example_dags/tutorial_taskflow_api_virtualenv.py for tasks to queue
[2024-09-24T16:32:26.158+0000] {logging_mixin.py:120} INFO - [2024-09-24T16:32:26.158+0000] {dagbag.py:537} INFO - Filling up the DagBag from /home/airflow/.local/lib/python3.7/site-packages/airflow/example_dags/tutorial_taskflow_api_virtualenv.py
[2024-09-24T16:32:26.197+0000] {processor.py:766} INFO - DAG(s) dict_keys(['tutorial_taskflow_api_virtualenv']) retrieved from /home/airflow/.local/lib/python3.7/site-packages/airflow/example_dags/tutorial_taskflow_api_virtualenv.py
[2024-09-24T16:32:26.262+0000] {logging_mixin.py:120} INFO - [2024-09-24T16:32:26.262+0000] {dag.py:2585} INFO - Sync 1 DAGs
[2024-09-24T16:32:26.302+0000] {logging_mixin.py:120} INFO - [2024-09-24T16:32:26.302+0000] {dag.py:3340} INFO - Setting next_dagrun for tutorial_taskflow_api_virtualenv to None, run_after=None
[2024-09-24T16:32:26.340+0000] {processor.py:176} INFO - Processing /home/airflow/.local/lib/python3.7/site-packages/airflow/example_dags/tutorial_taskflow_api_virtualenv.py took 0.190 seconds
[2024-09-24T16:38:44.991+0000] {processor.py:154} INFO - Started process (PID=16723) to work on /home/airflow/.local/lib/python3.7/site-packages/airflow/example_dags/tutorial_taskflow_api_virtualenv.py
[2024-09-24T16:38:45.003+0000] {processor.py:756} INFO - Processing file /home/airflow/.local/lib/python3.7/site-packages/airflow/example_dags/tutorial_taskflow_api_virtualenv.py for tasks to queue
[2024-09-24T16:38:45.010+0000] {logging_mixin.py:120} INFO - [2024-09-24T16:38:45.009+0000] {dagbag.py:537} INFO - Filling up the DagBag from /home/airflow/.local/lib/python3.7/site-packages/airflow/example_dags/tutorial_taskflow_api_virtualenv.py
[2024-09-24T16:38:45.239+0000] {processor.py:766} INFO - DAG(s) dict_keys(['tutorial_taskflow_api_virtualenv']) retrieved from /home/airflow/.local/lib/python3.7/site-packages/airflow/example_dags/tutorial_taskflow_api_virtualenv.py
[2024-09-24T16:38:45.571+0000] {logging_mixin.py:120} INFO - [2024-09-24T16:38:45.570+0000] {dag.py:2585} INFO - Sync 1 DAGs
[2024-09-24T16:38:47.270+0000] {logging_mixin.py:120} INFO - [2024-09-24T16:38:47.270+0000] {dag.py:3340} INFO - Setting next_dagrun for tutorial_taskflow_api_virtualenv to None, run_after=None
[2024-09-24T16:38:47.471+0000] {processor.py:176} INFO - Processing /home/airflow/.local/lib/python3.7/site-packages/airflow/example_dags/tutorial_taskflow_api_virtualenv.py took 2.514 seconds
[2024-09-24T17:03:32.438+0000] {processor.py:154} INFO - Started process (PID=16777) to work on /home/airflow/.local/lib/python3.7/site-packages/airflow/example_dags/tutorial_taskflow_api_virtualenv.py
[2024-09-24T17:03:32.446+0000] {processor.py:756} INFO - Processing file /home/airflow/.local/lib/python3.7/site-packages/airflow/example_dags/tutorial_taskflow_api_virtualenv.py for tasks to queue
[2024-09-24T17:03:32.452+0000] {logging_mixin.py:120} INFO - [2024-09-24T17:03:32.451+0000] {dagbag.py:537} INFO - Filling up the DagBag from /home/airflow/.local/lib/python3.7/site-packages/airflow/example_dags/tutorial_taskflow_api_virtualenv.py
[2024-09-24T17:03:32.645+0000] {processor.py:766} INFO - DAG(s) dict_keys(['tutorial_taskflow_api_virtualenv']) retrieved from /home/airflow/.local/lib/python3.7/site-packages/airflow/example_dags/tutorial_taskflow_api_virtualenv.py
[2024-09-24T17:03:32.984+0000] {logging_mixin.py:120} INFO - [2024-09-24T17:03:32.983+0000] {dag.py:2585} INFO - Sync 1 DAGs
[2024-09-24T17:03:33.163+0000] {logging_mixin.py:120} INFO - [2024-09-24T17:03:33.162+0000] {dag.py:3340} INFO - Setting next_dagrun for tutorial_taskflow_api_virtualenv to None, run_after=None
[2024-09-24T17:03:33.292+0000] {processor.py:176} INFO - Processing /home/airflow/.local/lib/python3.7/site-packages/airflow/example_dags/tutorial_taskflow_api_virtualenv.py took 0.881 seconds
[2024-09-24T17:24:22.991+0000] {processor.py:154} INFO - Started process (PID=16831) to work on /home/airflow/.local/lib/python3.7/site-packages/airflow/example_dags/tutorial_taskflow_api_virtualenv.py
[2024-09-24T17:24:22.999+0000] {processor.py:756} INFO - Processing file /home/airflow/.local/lib/python3.7/site-packages/airflow/example_dags/tutorial_taskflow_api_virtualenv.py for tasks to queue
[2024-09-24T17:24:23.008+0000] {logging_mixin.py:120} INFO - [2024-09-24T17:24:23.007+0000] {dagbag.py:537} INFO - Filling up the DagBag from /home/airflow/.local/lib/python3.7/site-packages/airflow/example_dags/tutorial_taskflow_api_virtualenv.py
[2024-09-24T17:24:23.222+0000] {processor.py:766} INFO - DAG(s) dict_keys(['tutorial_taskflow_api_virtualenv']) retrieved from /home/airflow/.local/lib/python3.7/site-packages/airflow/example_dags/tutorial_taskflow_api_virtualenv.py
[2024-09-24T17:24:23.588+0000] {logging_mixin.py:120} INFO - [2024-09-24T17:24:23.587+0000] {dag.py:2585} INFO - Sync 1 DAGs
[2024-09-24T17:24:23.852+0000] {logging_mixin.py:120} INFO - [2024-09-24T17:24:23.851+0000] {dag.py:3340} INFO - Setting next_dagrun for tutorial_taskflow_api_virtualenv to None, run_after=None
[2024-09-24T17:24:24.048+0000] {processor.py:176} INFO - Processing /home/airflow/.local/lib/python3.7/site-packages/airflow/example_dags/tutorial_taskflow_api_virtualenv.py took 1.083 seconds
[2024-09-24T18:04:29.072+0000] {processor.py:154} INFO - Started process (PID=16885) to work on /home/airflow/.local/lib/python3.7/site-packages/airflow/example_dags/tutorial_taskflow_api_virtualenv.py
[2024-09-24T18:04:29.082+0000] {processor.py:756} INFO - Processing file /home/airflow/.local/lib/python3.7/site-packages/airflow/example_dags/tutorial_taskflow_api_virtualenv.py for tasks to queue
[2024-09-24T18:04:29.091+0000] {logging_mixin.py:120} INFO - [2024-09-24T18:04:29.088+0000] {dagbag.py:537} INFO - Filling up the DagBag from /home/airflow/.local/lib/python3.7/site-packages/airflow/example_dags/tutorial_taskflow_api_virtualenv.py
[2024-09-24T18:04:29.323+0000] {processor.py:766} INFO - DAG(s) dict_keys(['tutorial_taskflow_api_virtualenv']) retrieved from /home/airflow/.local/lib/python3.7/site-packages/airflow/example_dags/tutorial_taskflow_api_virtualenv.py
[2024-09-24T18:04:29.716+0000] {logging_mixin.py:120} INFO - [2024-09-24T18:04:29.715+0000] {dag.py:2585} INFO - Sync 1 DAGs
[2024-09-24T18:04:30.018+0000] {logging_mixin.py:120} INFO - [2024-09-24T18:04:30.017+0000] {dag.py:3340} INFO - Setting next_dagrun for tutorial_taskflow_api_virtualenv to None, run_after=None
[2024-09-24T18:04:30.201+0000] {processor.py:176} INFO - Processing /home/airflow/.local/lib/python3.7/site-packages/airflow/example_dags/tutorial_taskflow_api_virtualenv.py took 1.165 seconds
[2024-09-24T19:05:28.440+0000] {processor.py:154} INFO - Started process (PID=16939) to work on /home/airflow/.local/lib/python3.7/site-packages/airflow/example_dags/tutorial_taskflow_api_virtualenv.py
[2024-09-24T19:05:28.453+0000] {processor.py:756} INFO - Processing file /home/airflow/.local/lib/python3.7/site-packages/airflow/example_dags/tutorial_taskflow_api_virtualenv.py for tasks to queue
[2024-09-24T19:05:28.460+0000] {logging_mixin.py:120} INFO - [2024-09-24T19:05:28.459+0000] {dagbag.py:537} INFO - Filling up the DagBag from /home/airflow/.local/lib/python3.7/site-packages/airflow/example_dags/tutorial_taskflow_api_virtualenv.py
[2024-09-24T19:05:28.714+0000] {processor.py:766} INFO - DAG(s) dict_keys(['tutorial_taskflow_api_virtualenv']) retrieved from /home/airflow/.local/lib/python3.7/site-packages/airflow/example_dags/tutorial_taskflow_api_virtualenv.py
[2024-09-24T19:05:29.185+0000] {logging_mixin.py:120} INFO - [2024-09-24T19:05:29.183+0000] {dag.py:2585} INFO - Sync 1 DAGs
[2024-09-24T19:05:29.454+0000] {logging_mixin.py:120} INFO - [2024-09-24T19:05:29.453+0000] {dag.py:3340} INFO - Setting next_dagrun for tutorial_taskflow_api_virtualenv to None, run_after=None
[2024-09-24T19:05:29.653+0000] {processor.py:176} INFO - Processing /home/airflow/.local/lib/python3.7/site-packages/airflow/example_dags/tutorial_taskflow_api_virtualenv.py took 1.243 seconds
[2024-09-24T20:06:33.061+0000] {processor.py:154} INFO - Started process (PID=16984) to work on /home/airflow/.local/lib/python3.7/site-packages/airflow/example_dags/tutorial_taskflow_api_virtualenv.py
[2024-09-24T20:06:33.070+0000] {processor.py:756} INFO - Processing file /home/airflow/.local/lib/python3.7/site-packages/airflow/example_dags/tutorial_taskflow_api_virtualenv.py for tasks to queue
[2024-09-24T20:06:33.075+0000] {logging_mixin.py:120} INFO - [2024-09-24T20:06:33.074+0000] {dagbag.py:537} INFO - Filling up the DagBag from /home/airflow/.local/lib/python3.7/site-packages/airflow/example_dags/tutorial_taskflow_api_virtualenv.py
[2024-09-24T20:06:33.264+0000] {processor.py:766} INFO - DAG(s) dict_keys(['tutorial_taskflow_api_virtualenv']) retrieved from /home/airflow/.local/lib/python3.7/site-packages/airflow/example_dags/tutorial_taskflow_api_virtualenv.py
[2024-09-24T20:06:33.592+0000] {logging_mixin.py:120} INFO - [2024-09-24T20:06:33.590+0000] {dag.py:2585} INFO - Sync 1 DAGs
[2024-09-24T20:06:33.811+0000] {logging_mixin.py:120} INFO - [2024-09-24T20:06:33.810+0000] {dag.py:3340} INFO - Setting next_dagrun for tutorial_taskflow_api_virtualenv to None, run_after=None
[2024-09-24T20:06:33.948+0000] {processor.py:176} INFO - Processing /home/airflow/.local/lib/python3.7/site-packages/airflow/example_dags/tutorial_taskflow_api_virtualenv.py took 0.918 seconds
[2024-09-24T22:08:21.425+0000] {processor.py:154} INFO - Started process (PID=17038) to work on /home/airflow/.local/lib/python3.7/site-packages/airflow/example_dags/tutorial_taskflow_api_virtualenv.py
[2024-09-24T22:08:21.427+0000] {processor.py:756} INFO - Processing file /home/airflow/.local/lib/python3.7/site-packages/airflow/example_dags/tutorial_taskflow_api_virtualenv.py for tasks to queue
[2024-09-24T22:08:21.431+0000] {logging_mixin.py:120} INFO - [2024-09-24T22:08:21.431+0000] {dagbag.py:537} INFO - Filling up the DagBag from /home/airflow/.local/lib/python3.7/site-packages/airflow/example_dags/tutorial_taskflow_api_virtualenv.py
[2024-09-24T22:08:21.473+0000] {processor.py:766} INFO - DAG(s) dict_keys(['tutorial_taskflow_api_virtualenv']) retrieved from /home/airflow/.local/lib/python3.7/site-packages/airflow/example_dags/tutorial_taskflow_api_virtualenv.py
[2024-09-24T22:08:21.561+0000] {logging_mixin.py:120} INFO - [2024-09-24T22:08:21.561+0000] {dag.py:2585} INFO - Sync 1 DAGs
[2024-09-24T22:08:21.621+0000] {logging_mixin.py:120} INFO - [2024-09-24T22:08:21.621+0000] {dag.py:3340} INFO - Setting next_dagrun for tutorial_taskflow_api_virtualenv to None, run_after=None
[2024-09-24T22:08:21.670+0000] {processor.py:176} INFO - Processing /home/airflow/.local/lib/python3.7/site-packages/airflow/example_dags/tutorial_taskflow_api_virtualenv.py took 0.251 seconds
