[2024-09-24T01:38:20.194+0000] {processor.py:154} INFO - Started process (PID=13873) to work on /home/airflow/.local/lib/python3.7/site-packages/airflow/example_dags/tutorial_dag.py
[2024-09-24T01:38:20.196+0000] {processor.py:756} INFO - Processing file /home/airflow/.local/lib/python3.7/site-packages/airflow/example_dags/tutorial_dag.py for tasks to queue
[2024-09-24T01:38:20.197+0000] {logging_mixin.py:120} INFO - [2024-09-24T01:38:20.197+0000] {dagbag.py:537} INFO - Filling up the DagBag from /home/airflow/.local/lib/python3.7/site-packages/airflow/example_dags/tutorial_dag.py
[2024-09-24T01:38:20.226+0000] {processor.py:766} INFO - DAG(s) dict_keys(['tutorial_dag']) retrieved from /home/airflow/.local/lib/python3.7/site-packages/airflow/example_dags/tutorial_dag.py
[2024-09-24T01:38:20.317+0000] {logging_mixin.py:120} INFO - [2024-09-24T01:38:20.316+0000] {dag.py:2585} INFO - Sync 1 DAGs
[2024-09-24T01:38:20.387+0000] {logging_mixin.py:120} INFO - [2024-09-24T01:38:20.387+0000] {dag.py:3340} INFO - Setting next_dagrun for tutorial_dag to None, run_after=None
[2024-09-24T01:38:20.434+0000] {processor.py:176} INFO - Processing /home/airflow/.local/lib/python3.7/site-packages/airflow/example_dags/tutorial_dag.py took 0.249 seconds
[2024-09-24T01:41:40.970+0000] {processor.py:154} INFO - Started process (PID=13927) to work on /home/airflow/.local/lib/python3.7/site-packages/airflow/example_dags/tutorial_dag.py
[2024-09-24T01:41:40.971+0000] {processor.py:756} INFO - Processing file /home/airflow/.local/lib/python3.7/site-packages/airflow/example_dags/tutorial_dag.py for tasks to queue
[2024-09-24T01:41:40.973+0000] {logging_mixin.py:120} INFO - [2024-09-24T01:41:40.973+0000] {dagbag.py:537} INFO - Filling up the DagBag from /home/airflow/.local/lib/python3.7/site-packages/airflow/example_dags/tutorial_dag.py
[2024-09-24T01:41:40.991+0000] {processor.py:766} INFO - DAG(s) dict_keys(['tutorial_dag']) retrieved from /home/airflow/.local/lib/python3.7/site-packages/airflow/example_dags/tutorial_dag.py
[2024-09-24T01:41:41.059+0000] {logging_mixin.py:120} INFO - [2024-09-24T01:41:41.058+0000] {dag.py:2585} INFO - Sync 1 DAGs
[2024-09-24T01:41:41.100+0000] {logging_mixin.py:120} INFO - [2024-09-24T01:41:41.099+0000] {dag.py:3340} INFO - Setting next_dagrun for tutorial_dag to None, run_after=None
[2024-09-24T01:41:41.136+0000] {processor.py:176} INFO - Processing /home/airflow/.local/lib/python3.7/site-packages/airflow/example_dags/tutorial_dag.py took 0.171 seconds
[2024-09-24T03:27:56.298+0000] {processor.py:154} INFO - Started process (PID=13990) to work on /home/airflow/.local/lib/python3.7/site-packages/airflow/example_dags/tutorial_dag.py
[2024-09-24T03:27:56.300+0000] {processor.py:756} INFO - Processing file /home/airflow/.local/lib/python3.7/site-packages/airflow/example_dags/tutorial_dag.py for tasks to queue
[2024-09-24T03:27:56.301+0000] {logging_mixin.py:120} INFO - [2024-09-24T03:27:56.301+0000] {dagbag.py:537} INFO - Filling up the DagBag from /home/airflow/.local/lib/python3.7/site-packages/airflow/example_dags/tutorial_dag.py
[2024-09-24T03:27:56.323+0000] {processor.py:766} INFO - DAG(s) dict_keys(['tutorial_dag']) retrieved from /home/airflow/.local/lib/python3.7/site-packages/airflow/example_dags/tutorial_dag.py
[2024-09-24T03:27:56.387+0000] {logging_mixin.py:120} INFO - [2024-09-24T03:27:56.387+0000] {dag.py:2585} INFO - Sync 1 DAGs
[2024-09-24T03:27:56.421+0000] {logging_mixin.py:120} INFO - [2024-09-24T03:27:56.421+0000] {dag.py:3340} INFO - Setting next_dagrun for tutorial_dag to None, run_after=None
[2024-09-24T03:27:56.451+0000] {processor.py:176} INFO - Processing /home/airflow/.local/lib/python3.7/site-packages/airflow/example_dags/tutorial_dag.py took 0.160 seconds
[2024-09-24T04:19:37.363+0000] {processor.py:154} INFO - Started process (PID=14053) to work on /home/airflow/.local/lib/python3.7/site-packages/airflow/example_dags/tutorial_dag.py
[2024-09-24T04:19:37.365+0000] {processor.py:756} INFO - Processing file /home/airflow/.local/lib/python3.7/site-packages/airflow/example_dags/tutorial_dag.py for tasks to queue
[2024-09-24T04:19:37.367+0000] {logging_mixin.py:120} INFO - [2024-09-24T04:19:37.367+0000] {dagbag.py:537} INFO - Filling up the DagBag from /home/airflow/.local/lib/python3.7/site-packages/airflow/example_dags/tutorial_dag.py
[2024-09-24T04:19:37.406+0000] {processor.py:766} INFO - DAG(s) dict_keys(['tutorial_dag']) retrieved from /home/airflow/.local/lib/python3.7/site-packages/airflow/example_dags/tutorial_dag.py
[2024-09-24T04:19:37.529+0000] {logging_mixin.py:120} INFO - [2024-09-24T04:19:37.528+0000] {dag.py:2585} INFO - Sync 1 DAGs
[2024-09-24T04:19:37.591+0000] {logging_mixin.py:120} INFO - [2024-09-24T04:19:37.591+0000] {dag.py:3340} INFO - Setting next_dagrun for tutorial_dag to None, run_after=None
[2024-09-24T04:19:37.647+0000] {processor.py:176} INFO - Processing /home/airflow/.local/lib/python3.7/site-packages/airflow/example_dags/tutorial_dag.py took 0.292 seconds
[2024-09-24T04:20:08.487+0000] {processor.py:154} INFO - Started process (PID=14107) to work on /home/airflow/.local/lib/python3.7/site-packages/airflow/example_dags/tutorial_dag.py
[2024-09-24T04:20:08.489+0000] {processor.py:756} INFO - Processing file /home/airflow/.local/lib/python3.7/site-packages/airflow/example_dags/tutorial_dag.py for tasks to queue
[2024-09-24T04:20:08.490+0000] {logging_mixin.py:120} INFO - [2024-09-24T04:20:08.490+0000] {dagbag.py:537} INFO - Filling up the DagBag from /home/airflow/.local/lib/python3.7/site-packages/airflow/example_dags/tutorial_dag.py
[2024-09-24T04:20:08.509+0000] {processor.py:766} INFO - DAG(s) dict_keys(['tutorial_dag']) retrieved from /home/airflow/.local/lib/python3.7/site-packages/airflow/example_dags/tutorial_dag.py
[2024-09-24T04:20:08.564+0000] {logging_mixin.py:120} INFO - [2024-09-24T04:20:08.564+0000] {dag.py:2585} INFO - Sync 1 DAGs
[2024-09-24T04:20:08.596+0000] {logging_mixin.py:120} INFO - [2024-09-24T04:20:08.596+0000] {dag.py:3340} INFO - Setting next_dagrun for tutorial_dag to None, run_after=None
[2024-09-24T04:20:08.619+0000] {processor.py:176} INFO - Processing /home/airflow/.local/lib/python3.7/site-packages/airflow/example_dags/tutorial_dag.py took 0.138 seconds
[2024-09-24T04:20:38.801+0000] {processor.py:154} INFO - Started process (PID=14168) to work on /home/airflow/.local/lib/python3.7/site-packages/airflow/example_dags/tutorial_dag.py
[2024-09-24T04:20:38.802+0000] {processor.py:756} INFO - Processing file /home/airflow/.local/lib/python3.7/site-packages/airflow/example_dags/tutorial_dag.py for tasks to queue
[2024-09-24T04:20:38.803+0000] {logging_mixin.py:120} INFO - [2024-09-24T04:20:38.803+0000] {dagbag.py:537} INFO - Filling up the DagBag from /home/airflow/.local/lib/python3.7/site-packages/airflow/example_dags/tutorial_dag.py
[2024-09-24T04:20:38.816+0000] {processor.py:766} INFO - DAG(s) dict_keys(['tutorial_dag']) retrieved from /home/airflow/.local/lib/python3.7/site-packages/airflow/example_dags/tutorial_dag.py
[2024-09-24T04:20:38.859+0000] {logging_mixin.py:120} INFO - [2024-09-24T04:20:38.859+0000] {dag.py:2585} INFO - Sync 1 DAGs
[2024-09-24T04:20:38.888+0000] {logging_mixin.py:120} INFO - [2024-09-24T04:20:38.888+0000] {dag.py:3340} INFO - Setting next_dagrun for tutorial_dag to None, run_after=None
[2024-09-24T04:20:38.921+0000] {processor.py:176} INFO - Processing /home/airflow/.local/lib/python3.7/site-packages/airflow/example_dags/tutorial_dag.py took 0.123 seconds
[2024-09-24T04:21:09.438+0000] {processor.py:154} INFO - Started process (PID=14223) to work on /home/airflow/.local/lib/python3.7/site-packages/airflow/example_dags/tutorial_dag.py
[2024-09-24T04:21:09.439+0000] {processor.py:756} INFO - Processing file /home/airflow/.local/lib/python3.7/site-packages/airflow/example_dags/tutorial_dag.py for tasks to queue
[2024-09-24T04:21:09.441+0000] {logging_mixin.py:120} INFO - [2024-09-24T04:21:09.441+0000] {dagbag.py:537} INFO - Filling up the DagBag from /home/airflow/.local/lib/python3.7/site-packages/airflow/example_dags/tutorial_dag.py
[2024-09-24T04:21:09.458+0000] {processor.py:766} INFO - DAG(s) dict_keys(['tutorial_dag']) retrieved from /home/airflow/.local/lib/python3.7/site-packages/airflow/example_dags/tutorial_dag.py
[2024-09-24T04:21:09.511+0000] {logging_mixin.py:120} INFO - [2024-09-24T04:21:09.511+0000] {dag.py:2585} INFO - Sync 1 DAGs
[2024-09-24T04:21:09.544+0000] {logging_mixin.py:120} INFO - [2024-09-24T04:21:09.544+0000] {dag.py:3340} INFO - Setting next_dagrun for tutorial_dag to None, run_after=None
[2024-09-24T04:21:09.569+0000] {processor.py:176} INFO - Processing /home/airflow/.local/lib/python3.7/site-packages/airflow/example_dags/tutorial_dag.py took 0.136 seconds
[2024-09-24T04:21:39.885+0000] {processor.py:154} INFO - Started process (PID=14286) to work on /home/airflow/.local/lib/python3.7/site-packages/airflow/example_dags/tutorial_dag.py
[2024-09-24T04:21:39.886+0000] {processor.py:756} INFO - Processing file /home/airflow/.local/lib/python3.7/site-packages/airflow/example_dags/tutorial_dag.py for tasks to queue
[2024-09-24T04:21:39.887+0000] {logging_mixin.py:120} INFO - [2024-09-24T04:21:39.887+0000] {dagbag.py:537} INFO - Filling up the DagBag from /home/airflow/.local/lib/python3.7/site-packages/airflow/example_dags/tutorial_dag.py
[2024-09-24T04:21:39.909+0000] {processor.py:766} INFO - DAG(s) dict_keys(['tutorial_dag']) retrieved from /home/airflow/.local/lib/python3.7/site-packages/airflow/example_dags/tutorial_dag.py
[2024-09-24T04:21:39.969+0000] {logging_mixin.py:120} INFO - [2024-09-24T04:21:39.969+0000] {dag.py:2585} INFO - Sync 1 DAGs
[2024-09-24T04:21:40.001+0000] {logging_mixin.py:120} INFO - [2024-09-24T04:21:40.000+0000] {dag.py:3340} INFO - Setting next_dagrun for tutorial_dag to None, run_after=None
[2024-09-24T04:21:40.022+0000] {processor.py:176} INFO - Processing /home/airflow/.local/lib/python3.7/site-packages/airflow/example_dags/tutorial_dag.py took 0.142 seconds
[2024-09-24T04:22:10.147+0000] {processor.py:154} INFO - Started process (PID=14349) to work on /home/airflow/.local/lib/python3.7/site-packages/airflow/example_dags/tutorial_dag.py
[2024-09-24T04:22:10.148+0000] {processor.py:756} INFO - Processing file /home/airflow/.local/lib/python3.7/site-packages/airflow/example_dags/tutorial_dag.py for tasks to queue
[2024-09-24T04:22:10.149+0000] {logging_mixin.py:120} INFO - [2024-09-24T04:22:10.149+0000] {dagbag.py:537} INFO - Filling up the DagBag from /home/airflow/.local/lib/python3.7/site-packages/airflow/example_dags/tutorial_dag.py
[2024-09-24T04:22:10.173+0000] {processor.py:766} INFO - DAG(s) dict_keys(['tutorial_dag']) retrieved from /home/airflow/.local/lib/python3.7/site-packages/airflow/example_dags/tutorial_dag.py
[2024-09-24T04:22:10.270+0000] {logging_mixin.py:120} INFO - [2024-09-24T04:22:10.270+0000] {dag.py:2585} INFO - Sync 1 DAGs
[2024-09-24T04:22:10.315+0000] {logging_mixin.py:120} INFO - [2024-09-24T04:22:10.315+0000] {dag.py:3340} INFO - Setting next_dagrun for tutorial_dag to None, run_after=None
[2024-09-24T04:22:10.345+0000] {processor.py:176} INFO - Processing /home/airflow/.local/lib/python3.7/site-packages/airflow/example_dags/tutorial_dag.py took 0.202 seconds
[2024-09-24T04:22:40.583+0000] {processor.py:154} INFO - Started process (PID=14403) to work on /home/airflow/.local/lib/python3.7/site-packages/airflow/example_dags/tutorial_dag.py
[2024-09-24T04:22:40.584+0000] {processor.py:756} INFO - Processing file /home/airflow/.local/lib/python3.7/site-packages/airflow/example_dags/tutorial_dag.py for tasks to queue
[2024-09-24T04:22:40.586+0000] {logging_mixin.py:120} INFO - [2024-09-24T04:22:40.586+0000] {dagbag.py:537} INFO - Filling up the DagBag from /home/airflow/.local/lib/python3.7/site-packages/airflow/example_dags/tutorial_dag.py
[2024-09-24T04:22:40.604+0000] {processor.py:766} INFO - DAG(s) dict_keys(['tutorial_dag']) retrieved from /home/airflow/.local/lib/python3.7/site-packages/airflow/example_dags/tutorial_dag.py
[2024-09-24T04:22:40.657+0000] {logging_mixin.py:120} INFO - [2024-09-24T04:22:40.657+0000] {dag.py:2585} INFO - Sync 1 DAGs
[2024-09-24T04:22:40.689+0000] {logging_mixin.py:120} INFO - [2024-09-24T04:22:40.689+0000] {dag.py:3340} INFO - Setting next_dagrun for tutorial_dag to None, run_after=None
[2024-09-24T04:22:40.714+0000] {processor.py:176} INFO - Processing /home/airflow/.local/lib/python3.7/site-packages/airflow/example_dags/tutorial_dag.py took 0.135 seconds
[2024-09-24T04:23:10.771+0000] {processor.py:154} INFO - Started process (PID=14466) to work on /home/airflow/.local/lib/python3.7/site-packages/airflow/example_dags/tutorial_dag.py
[2024-09-24T04:23:10.772+0000] {processor.py:756} INFO - Processing file /home/airflow/.local/lib/python3.7/site-packages/airflow/example_dags/tutorial_dag.py for tasks to queue
[2024-09-24T04:23:10.773+0000] {logging_mixin.py:120} INFO - [2024-09-24T04:23:10.773+0000] {dagbag.py:537} INFO - Filling up the DagBag from /home/airflow/.local/lib/python3.7/site-packages/airflow/example_dags/tutorial_dag.py
[2024-09-24T04:23:10.790+0000] {processor.py:766} INFO - DAG(s) dict_keys(['tutorial_dag']) retrieved from /home/airflow/.local/lib/python3.7/site-packages/airflow/example_dags/tutorial_dag.py
[2024-09-24T04:23:10.837+0000] {logging_mixin.py:120} INFO - [2024-09-24T04:23:10.837+0000] {dag.py:2585} INFO - Sync 1 DAGs
[2024-09-24T04:23:10.865+0000] {logging_mixin.py:120} INFO - [2024-09-24T04:23:10.865+0000] {dag.py:3340} INFO - Setting next_dagrun for tutorial_dag to None, run_after=None
[2024-09-24T04:23:10.884+0000] {processor.py:176} INFO - Processing /home/airflow/.local/lib/python3.7/site-packages/airflow/example_dags/tutorial_dag.py took 0.118 seconds
[2024-09-24T04:23:40.932+0000] {processor.py:154} INFO - Started process (PID=14529) to work on /home/airflow/.local/lib/python3.7/site-packages/airflow/example_dags/tutorial_dag.py
[2024-09-24T04:23:40.934+0000] {processor.py:756} INFO - Processing file /home/airflow/.local/lib/python3.7/site-packages/airflow/example_dags/tutorial_dag.py for tasks to queue
[2024-09-24T04:23:40.935+0000] {logging_mixin.py:120} INFO - [2024-09-24T04:23:40.934+0000] {dagbag.py:537} INFO - Filling up the DagBag from /home/airflow/.local/lib/python3.7/site-packages/airflow/example_dags/tutorial_dag.py
[2024-09-24T04:23:40.952+0000] {processor.py:766} INFO - DAG(s) dict_keys(['tutorial_dag']) retrieved from /home/airflow/.local/lib/python3.7/site-packages/airflow/example_dags/tutorial_dag.py
[2024-09-24T04:23:41.001+0000] {logging_mixin.py:120} INFO - [2024-09-24T04:23:41.001+0000] {dag.py:2585} INFO - Sync 1 DAGs
[2024-09-24T04:23:41.029+0000] {logging_mixin.py:120} INFO - [2024-09-24T04:23:41.029+0000] {dag.py:3340} INFO - Setting next_dagrun for tutorial_dag to None, run_after=None
[2024-09-24T04:23:41.049+0000] {processor.py:176} INFO - Processing /home/airflow/.local/lib/python3.7/site-packages/airflow/example_dags/tutorial_dag.py took 0.121 seconds
[2024-09-24T04:24:11.293+0000] {processor.py:154} INFO - Started process (PID=14582) to work on /home/airflow/.local/lib/python3.7/site-packages/airflow/example_dags/tutorial_dag.py
[2024-09-24T04:24:11.294+0000] {processor.py:756} INFO - Processing file /home/airflow/.local/lib/python3.7/site-packages/airflow/example_dags/tutorial_dag.py for tasks to queue
[2024-09-24T04:24:11.295+0000] {logging_mixin.py:120} INFO - [2024-09-24T04:24:11.295+0000] {dagbag.py:537} INFO - Filling up the DagBag from /home/airflow/.local/lib/python3.7/site-packages/airflow/example_dags/tutorial_dag.py
[2024-09-24T04:24:11.312+0000] {processor.py:766} INFO - DAG(s) dict_keys(['tutorial_dag']) retrieved from /home/airflow/.local/lib/python3.7/site-packages/airflow/example_dags/tutorial_dag.py
[2024-09-24T04:24:11.367+0000] {logging_mixin.py:120} INFO - [2024-09-24T04:24:11.367+0000] {dag.py:2585} INFO - Sync 1 DAGs
[2024-09-24T04:24:11.399+0000] {logging_mixin.py:120} INFO - [2024-09-24T04:24:11.399+0000] {dag.py:3340} INFO - Setting next_dagrun for tutorial_dag to None, run_after=None
[2024-09-24T04:24:11.428+0000] {processor.py:176} INFO - Processing /home/airflow/.local/lib/python3.7/site-packages/airflow/example_dags/tutorial_dag.py took 0.140 seconds
[2024-09-24T04:24:42.237+0000] {processor.py:154} INFO - Started process (PID=14645) to work on /home/airflow/.local/lib/python3.7/site-packages/airflow/example_dags/tutorial_dag.py
[2024-09-24T04:24:42.239+0000] {processor.py:756} INFO - Processing file /home/airflow/.local/lib/python3.7/site-packages/airflow/example_dags/tutorial_dag.py for tasks to queue
[2024-09-24T04:24:42.239+0000] {logging_mixin.py:120} INFO - [2024-09-24T04:24:42.239+0000] {dagbag.py:537} INFO - Filling up the DagBag from /home/airflow/.local/lib/python3.7/site-packages/airflow/example_dags/tutorial_dag.py
[2024-09-24T04:24:42.256+0000] {processor.py:766} INFO - DAG(s) dict_keys(['tutorial_dag']) retrieved from /home/airflow/.local/lib/python3.7/site-packages/airflow/example_dags/tutorial_dag.py
[2024-09-24T04:24:42.319+0000] {logging_mixin.py:120} INFO - [2024-09-24T04:24:42.319+0000] {dag.py:2585} INFO - Sync 1 DAGs
[2024-09-24T04:24:42.369+0000] {logging_mixin.py:120} INFO - [2024-09-24T04:24:42.369+0000] {dag.py:3340} INFO - Setting next_dagrun for tutorial_dag to None, run_after=None
[2024-09-24T04:24:42.410+0000] {processor.py:176} INFO - Processing /home/airflow/.local/lib/python3.7/site-packages/airflow/example_dags/tutorial_dag.py took 0.177 seconds
[2024-09-24T04:25:12.684+0000] {processor.py:154} INFO - Started process (PID=14708) to work on /home/airflow/.local/lib/python3.7/site-packages/airflow/example_dags/tutorial_dag.py
[2024-09-24T04:25:12.686+0000] {processor.py:756} INFO - Processing file /home/airflow/.local/lib/python3.7/site-packages/airflow/example_dags/tutorial_dag.py for tasks to queue
[2024-09-24T04:25:12.687+0000] {logging_mixin.py:120} INFO - [2024-09-24T04:25:12.686+0000] {dagbag.py:537} INFO - Filling up the DagBag from /home/airflow/.local/lib/python3.7/site-packages/airflow/example_dags/tutorial_dag.py
[2024-09-24T04:25:12.706+0000] {processor.py:766} INFO - DAG(s) dict_keys(['tutorial_dag']) retrieved from /home/airflow/.local/lib/python3.7/site-packages/airflow/example_dags/tutorial_dag.py
[2024-09-24T04:25:12.764+0000] {logging_mixin.py:120} INFO - [2024-09-24T04:25:12.764+0000] {dag.py:2585} INFO - Sync 1 DAGs
[2024-09-24T04:25:12.797+0000] {logging_mixin.py:120} INFO - [2024-09-24T04:25:12.797+0000] {dag.py:3340} INFO - Setting next_dagrun for tutorial_dag to None, run_after=None
[2024-09-24T04:25:12.826+0000] {processor.py:176} INFO - Processing /home/airflow/.local/lib/python3.7/site-packages/airflow/example_dags/tutorial_dag.py took 0.148 seconds
[2024-09-24T04:25:43.919+0000] {processor.py:154} INFO - Started process (PID=14770) to work on /home/airflow/.local/lib/python3.7/site-packages/airflow/example_dags/tutorial_dag.py
[2024-09-24T04:25:43.920+0000] {processor.py:756} INFO - Processing file /home/airflow/.local/lib/python3.7/site-packages/airflow/example_dags/tutorial_dag.py for tasks to queue
[2024-09-24T04:25:43.922+0000] {logging_mixin.py:120} INFO - [2024-09-24T04:25:43.921+0000] {dagbag.py:537} INFO - Filling up the DagBag from /home/airflow/.local/lib/python3.7/site-packages/airflow/example_dags/tutorial_dag.py
[2024-09-24T04:25:43.941+0000] {processor.py:766} INFO - DAG(s) dict_keys(['tutorial_dag']) retrieved from /home/airflow/.local/lib/python3.7/site-packages/airflow/example_dags/tutorial_dag.py
[2024-09-24T04:25:43.999+0000] {logging_mixin.py:120} INFO - [2024-09-24T04:25:43.998+0000] {dag.py:2585} INFO - Sync 1 DAGs
[2024-09-24T04:25:44.031+0000] {logging_mixin.py:120} INFO - [2024-09-24T04:25:44.031+0000] {dag.py:3340} INFO - Setting next_dagrun for tutorial_dag to None, run_after=None
[2024-09-24T04:25:44.060+0000] {processor.py:176} INFO - Processing /home/airflow/.local/lib/python3.7/site-packages/airflow/example_dags/tutorial_dag.py took 0.146 seconds
[2024-09-24T04:26:15.089+0000] {processor.py:154} INFO - Started process (PID=14824) to work on /home/airflow/.local/lib/python3.7/site-packages/airflow/example_dags/tutorial_dag.py
[2024-09-24T04:26:15.091+0000] {processor.py:756} INFO - Processing file /home/airflow/.local/lib/python3.7/site-packages/airflow/example_dags/tutorial_dag.py for tasks to queue
[2024-09-24T04:26:15.091+0000] {logging_mixin.py:120} INFO - [2024-09-24T04:26:15.091+0000] {dagbag.py:537} INFO - Filling up the DagBag from /home/airflow/.local/lib/python3.7/site-packages/airflow/example_dags/tutorial_dag.py
[2024-09-24T04:26:15.109+0000] {processor.py:766} INFO - DAG(s) dict_keys(['tutorial_dag']) retrieved from /home/airflow/.local/lib/python3.7/site-packages/airflow/example_dags/tutorial_dag.py
[2024-09-24T04:26:15.163+0000] {logging_mixin.py:120} INFO - [2024-09-24T04:26:15.163+0000] {dag.py:2585} INFO - Sync 1 DAGs
[2024-09-24T04:26:15.199+0000] {logging_mixin.py:120} INFO - [2024-09-24T04:26:15.199+0000] {dag.py:3340} INFO - Setting next_dagrun for tutorial_dag to None, run_after=None
[2024-09-24T04:26:15.226+0000] {processor.py:176} INFO - Processing /home/airflow/.local/lib/python3.7/site-packages/airflow/example_dags/tutorial_dag.py took 0.141 seconds
[2024-09-24T04:26:45.706+0000] {processor.py:154} INFO - Started process (PID=14886) to work on /home/airflow/.local/lib/python3.7/site-packages/airflow/example_dags/tutorial_dag.py
[2024-09-24T04:26:45.707+0000] {processor.py:756} INFO - Processing file /home/airflow/.local/lib/python3.7/site-packages/airflow/example_dags/tutorial_dag.py for tasks to queue
[2024-09-24T04:26:45.708+0000] {logging_mixin.py:120} INFO - [2024-09-24T04:26:45.708+0000] {dagbag.py:537} INFO - Filling up the DagBag from /home/airflow/.local/lib/python3.7/site-packages/airflow/example_dags/tutorial_dag.py
[2024-09-24T04:26:45.729+0000] {processor.py:766} INFO - DAG(s) dict_keys(['tutorial_dag']) retrieved from /home/airflow/.local/lib/python3.7/site-packages/airflow/example_dags/tutorial_dag.py
[2024-09-24T04:26:45.793+0000] {logging_mixin.py:120} INFO - [2024-09-24T04:26:45.792+0000] {dag.py:2585} INFO - Sync 1 DAGs
[2024-09-24T04:26:45.825+0000] {logging_mixin.py:120} INFO - [2024-09-24T04:26:45.825+0000] {dag.py:3340} INFO - Setting next_dagrun for tutorial_dag to None, run_after=None
[2024-09-24T04:26:45.852+0000] {processor.py:176} INFO - Processing /home/airflow/.local/lib/python3.7/site-packages/airflow/example_dags/tutorial_dag.py took 0.151 seconds
[2024-09-24T04:27:16.354+0000] {processor.py:154} INFO - Started process (PID=14948) to work on /home/airflow/.local/lib/python3.7/site-packages/airflow/example_dags/tutorial_dag.py
[2024-09-24T04:27:16.355+0000] {processor.py:756} INFO - Processing file /home/airflow/.local/lib/python3.7/site-packages/airflow/example_dags/tutorial_dag.py for tasks to queue
[2024-09-24T04:27:16.356+0000] {logging_mixin.py:120} INFO - [2024-09-24T04:27:16.356+0000] {dagbag.py:537} INFO - Filling up the DagBag from /home/airflow/.local/lib/python3.7/site-packages/airflow/example_dags/tutorial_dag.py
[2024-09-24T04:27:16.374+0000] {processor.py:766} INFO - DAG(s) dict_keys(['tutorial_dag']) retrieved from /home/airflow/.local/lib/python3.7/site-packages/airflow/example_dags/tutorial_dag.py
[2024-09-24T04:27:16.425+0000] {logging_mixin.py:120} INFO - [2024-09-24T04:27:16.425+0000] {dag.py:2585} INFO - Sync 1 DAGs
[2024-09-24T04:27:16.461+0000] {logging_mixin.py:120} INFO - [2024-09-24T04:27:16.461+0000] {dag.py:3340} INFO - Setting next_dagrun for tutorial_dag to None, run_after=None
[2024-09-24T04:27:16.487+0000] {processor.py:176} INFO - Processing /home/airflow/.local/lib/python3.7/site-packages/airflow/example_dags/tutorial_dag.py took 0.138 seconds
[2024-09-24T04:27:46.597+0000] {processor.py:154} INFO - Started process (PID=15002) to work on /home/airflow/.local/lib/python3.7/site-packages/airflow/example_dags/tutorial_dag.py
[2024-09-24T04:27:46.598+0000] {processor.py:756} INFO - Processing file /home/airflow/.local/lib/python3.7/site-packages/airflow/example_dags/tutorial_dag.py for tasks to queue
[2024-09-24T04:27:46.599+0000] {logging_mixin.py:120} INFO - [2024-09-24T04:27:46.599+0000] {dagbag.py:537} INFO - Filling up the DagBag from /home/airflow/.local/lib/python3.7/site-packages/airflow/example_dags/tutorial_dag.py
[2024-09-24T04:27:46.616+0000] {processor.py:766} INFO - DAG(s) dict_keys(['tutorial_dag']) retrieved from /home/airflow/.local/lib/python3.7/site-packages/airflow/example_dags/tutorial_dag.py
[2024-09-24T04:27:46.671+0000] {logging_mixin.py:120} INFO - [2024-09-24T04:27:46.671+0000] {dag.py:2585} INFO - Sync 1 DAGs
[2024-09-24T04:27:46.702+0000] {logging_mixin.py:120} INFO - [2024-09-24T04:27:46.702+0000] {dag.py:3340} INFO - Setting next_dagrun for tutorial_dag to None, run_after=None
[2024-09-24T04:27:46.730+0000] {processor.py:176} INFO - Processing /home/airflow/.local/lib/python3.7/site-packages/airflow/example_dags/tutorial_dag.py took 0.137 seconds
[2024-09-24T04:28:17.108+0000] {processor.py:154} INFO - Started process (PID=15065) to work on /home/airflow/.local/lib/python3.7/site-packages/airflow/example_dags/tutorial_dag.py
[2024-09-24T04:28:17.109+0000] {processor.py:756} INFO - Processing file /home/airflow/.local/lib/python3.7/site-packages/airflow/example_dags/tutorial_dag.py for tasks to queue
[2024-09-24T04:28:17.110+0000] {logging_mixin.py:120} INFO - [2024-09-24T04:28:17.110+0000] {dagbag.py:537} INFO - Filling up the DagBag from /home/airflow/.local/lib/python3.7/site-packages/airflow/example_dags/tutorial_dag.py
[2024-09-24T04:28:17.127+0000] {processor.py:766} INFO - DAG(s) dict_keys(['tutorial_dag']) retrieved from /home/airflow/.local/lib/python3.7/site-packages/airflow/example_dags/tutorial_dag.py
[2024-09-24T04:28:17.179+0000] {logging_mixin.py:120} INFO - [2024-09-24T04:28:17.179+0000] {dag.py:2585} INFO - Sync 1 DAGs
[2024-09-24T04:28:17.210+0000] {logging_mixin.py:120} INFO - [2024-09-24T04:28:17.209+0000] {dag.py:3340} INFO - Setting next_dagrun for tutorial_dag to None, run_after=None
[2024-09-24T04:28:17.232+0000] {processor.py:176} INFO - Processing /home/airflow/.local/lib/python3.7/site-packages/airflow/example_dags/tutorial_dag.py took 0.129 seconds
[2024-09-24T04:28:47.556+0000] {processor.py:154} INFO - Started process (PID=15128) to work on /home/airflow/.local/lib/python3.7/site-packages/airflow/example_dags/tutorial_dag.py
[2024-09-24T04:28:47.558+0000] {processor.py:756} INFO - Processing file /home/airflow/.local/lib/python3.7/site-packages/airflow/example_dags/tutorial_dag.py for tasks to queue
[2024-09-24T04:28:47.559+0000] {logging_mixin.py:120} INFO - [2024-09-24T04:28:47.559+0000] {dagbag.py:537} INFO - Filling up the DagBag from /home/airflow/.local/lib/python3.7/site-packages/airflow/example_dags/tutorial_dag.py
[2024-09-24T04:28:47.578+0000] {processor.py:766} INFO - DAG(s) dict_keys(['tutorial_dag']) retrieved from /home/airflow/.local/lib/python3.7/site-packages/airflow/example_dags/tutorial_dag.py
[2024-09-24T04:28:47.634+0000] {logging_mixin.py:120} INFO - [2024-09-24T04:28:47.634+0000] {dag.py:2585} INFO - Sync 1 DAGs
[2024-09-24T04:28:47.663+0000] {logging_mixin.py:120} INFO - [2024-09-24T04:28:47.663+0000] {dag.py:3340} INFO - Setting next_dagrun for tutorial_dag to None, run_after=None
[2024-09-24T04:28:47.691+0000] {processor.py:176} INFO - Processing /home/airflow/.local/lib/python3.7/site-packages/airflow/example_dags/tutorial_dag.py took 0.138 seconds
[2024-09-24T04:29:18.316+0000] {processor.py:154} INFO - Started process (PID=15182) to work on /home/airflow/.local/lib/python3.7/site-packages/airflow/example_dags/tutorial_dag.py
[2024-09-24T04:29:18.317+0000] {processor.py:756} INFO - Processing file /home/airflow/.local/lib/python3.7/site-packages/airflow/example_dags/tutorial_dag.py for tasks to queue
[2024-09-24T04:29:18.318+0000] {logging_mixin.py:120} INFO - [2024-09-24T04:29:18.318+0000] {dagbag.py:537} INFO - Filling up the DagBag from /home/airflow/.local/lib/python3.7/site-packages/airflow/example_dags/tutorial_dag.py
[2024-09-24T04:29:18.335+0000] {processor.py:766} INFO - DAG(s) dict_keys(['tutorial_dag']) retrieved from /home/airflow/.local/lib/python3.7/site-packages/airflow/example_dags/tutorial_dag.py
[2024-09-24T04:29:18.395+0000] {logging_mixin.py:120} INFO - [2024-09-24T04:29:18.395+0000] {dag.py:2585} INFO - Sync 1 DAGs
[2024-09-24T04:29:18.432+0000] {logging_mixin.py:120} INFO - [2024-09-24T04:29:18.432+0000] {dag.py:3340} INFO - Setting next_dagrun for tutorial_dag to None, run_after=None
[2024-09-24T04:29:18.459+0000] {processor.py:176} INFO - Processing /home/airflow/.local/lib/python3.7/site-packages/airflow/example_dags/tutorial_dag.py took 0.147 seconds
[2024-09-24T04:29:49.546+0000] {processor.py:154} INFO - Started process (PID=15246) to work on /home/airflow/.local/lib/python3.7/site-packages/airflow/example_dags/tutorial_dag.py
[2024-09-24T04:29:49.547+0000] {processor.py:756} INFO - Processing file /home/airflow/.local/lib/python3.7/site-packages/airflow/example_dags/tutorial_dag.py for tasks to queue
[2024-09-24T04:29:49.548+0000] {logging_mixin.py:120} INFO - [2024-09-24T04:29:49.548+0000] {dagbag.py:537} INFO - Filling up the DagBag from /home/airflow/.local/lib/python3.7/site-packages/airflow/example_dags/tutorial_dag.py
[2024-09-24T04:29:49.565+0000] {processor.py:766} INFO - DAG(s) dict_keys(['tutorial_dag']) retrieved from /home/airflow/.local/lib/python3.7/site-packages/airflow/example_dags/tutorial_dag.py
[2024-09-24T04:29:49.616+0000] {logging_mixin.py:120} INFO - [2024-09-24T04:29:49.616+0000] {dag.py:2585} INFO - Sync 1 DAGs
[2024-09-24T04:29:49.648+0000] {logging_mixin.py:120} INFO - [2024-09-24T04:29:49.648+0000] {dag.py:3340} INFO - Setting next_dagrun for tutorial_dag to None, run_after=None
[2024-09-24T04:29:49.673+0000] {processor.py:176} INFO - Processing /home/airflow/.local/lib/python3.7/site-packages/airflow/example_dags/tutorial_dag.py took 0.132 seconds
[2024-09-24T04:30:19.917+0000] {processor.py:154} INFO - Started process (PID=15309) to work on /home/airflow/.local/lib/python3.7/site-packages/airflow/example_dags/tutorial_dag.py
[2024-09-24T04:30:19.918+0000] {processor.py:756} INFO - Processing file /home/airflow/.local/lib/python3.7/site-packages/airflow/example_dags/tutorial_dag.py for tasks to queue
[2024-09-24T04:30:19.919+0000] {logging_mixin.py:120} INFO - [2024-09-24T04:30:19.919+0000] {dagbag.py:537} INFO - Filling up the DagBag from /home/airflow/.local/lib/python3.7/site-packages/airflow/example_dags/tutorial_dag.py
[2024-09-24T04:30:19.936+0000] {processor.py:766} INFO - DAG(s) dict_keys(['tutorial_dag']) retrieved from /home/airflow/.local/lib/python3.7/site-packages/airflow/example_dags/tutorial_dag.py
[2024-09-24T04:30:19.985+0000] {logging_mixin.py:120} INFO - [2024-09-24T04:30:19.985+0000] {dag.py:2585} INFO - Sync 1 DAGs
[2024-09-24T04:30:20.018+0000] {logging_mixin.py:120} INFO - [2024-09-24T04:30:20.018+0000] {dag.py:3340} INFO - Setting next_dagrun for tutorial_dag to None, run_after=None
[2024-09-24T04:30:20.042+0000] {processor.py:176} INFO - Processing /home/airflow/.local/lib/python3.7/site-packages/airflow/example_dags/tutorial_dag.py took 0.130 seconds
[2024-09-24T04:30:50.336+0000] {processor.py:154} INFO - Started process (PID=15363) to work on /home/airflow/.local/lib/python3.7/site-packages/airflow/example_dags/tutorial_dag.py
[2024-09-24T04:30:50.337+0000] {processor.py:756} INFO - Processing file /home/airflow/.local/lib/python3.7/site-packages/airflow/example_dags/tutorial_dag.py for tasks to queue
[2024-09-24T04:30:50.338+0000] {logging_mixin.py:120} INFO - [2024-09-24T04:30:50.338+0000] {dagbag.py:537} INFO - Filling up the DagBag from /home/airflow/.local/lib/python3.7/site-packages/airflow/example_dags/tutorial_dag.py
[2024-09-24T04:30:50.356+0000] {processor.py:766} INFO - DAG(s) dict_keys(['tutorial_dag']) retrieved from /home/airflow/.local/lib/python3.7/site-packages/airflow/example_dags/tutorial_dag.py
[2024-09-24T04:30:50.405+0000] {logging_mixin.py:120} INFO - [2024-09-24T04:30:50.405+0000] {dag.py:2585} INFO - Sync 1 DAGs
[2024-09-24T04:30:50.435+0000] {logging_mixin.py:120} INFO - [2024-09-24T04:30:50.435+0000] {dag.py:3340} INFO - Setting next_dagrun for tutorial_dag to None, run_after=None
[2024-09-24T04:30:50.457+0000] {processor.py:176} INFO - Processing /home/airflow/.local/lib/python3.7/site-packages/airflow/example_dags/tutorial_dag.py took 0.125 seconds
[2024-09-24T04:31:20.929+0000] {processor.py:154} INFO - Started process (PID=15426) to work on /home/airflow/.local/lib/python3.7/site-packages/airflow/example_dags/tutorial_dag.py
[2024-09-24T04:31:20.931+0000] {processor.py:756} INFO - Processing file /home/airflow/.local/lib/python3.7/site-packages/airflow/example_dags/tutorial_dag.py for tasks to queue
[2024-09-24T04:31:20.932+0000] {logging_mixin.py:120} INFO - [2024-09-24T04:31:20.932+0000] {dagbag.py:537} INFO - Filling up the DagBag from /home/airflow/.local/lib/python3.7/site-packages/airflow/example_dags/tutorial_dag.py
[2024-09-24T04:31:20.951+0000] {processor.py:766} INFO - DAG(s) dict_keys(['tutorial_dag']) retrieved from /home/airflow/.local/lib/python3.7/site-packages/airflow/example_dags/tutorial_dag.py
[2024-09-24T04:31:21.005+0000] {logging_mixin.py:120} INFO - [2024-09-24T04:31:21.005+0000] {dag.py:2585} INFO - Sync 1 DAGs
[2024-09-24T04:31:21.038+0000] {logging_mixin.py:120} INFO - [2024-09-24T04:31:21.038+0000] {dag.py:3340} INFO - Setting next_dagrun for tutorial_dag to None, run_after=None
[2024-09-24T04:31:21.062+0000] {processor.py:176} INFO - Processing /home/airflow/.local/lib/python3.7/site-packages/airflow/example_dags/tutorial_dag.py took 0.137 seconds
[2024-09-24T04:31:51.617+0000] {processor.py:154} INFO - Started process (PID=15489) to work on /home/airflow/.local/lib/python3.7/site-packages/airflow/example_dags/tutorial_dag.py
[2024-09-24T04:31:51.622+0000] {processor.py:756} INFO - Processing file /home/airflow/.local/lib/python3.7/site-packages/airflow/example_dags/tutorial_dag.py for tasks to queue
[2024-09-24T04:31:51.624+0000] {logging_mixin.py:120} INFO - [2024-09-24T04:31:51.623+0000] {dagbag.py:537} INFO - Filling up the DagBag from /home/airflow/.local/lib/python3.7/site-packages/airflow/example_dags/tutorial_dag.py
[2024-09-24T04:31:51.658+0000] {processor.py:766} INFO - DAG(s) dict_keys(['tutorial_dag']) retrieved from /home/airflow/.local/lib/python3.7/site-packages/airflow/example_dags/tutorial_dag.py
[2024-09-24T04:31:51.727+0000] {logging_mixin.py:120} INFO - [2024-09-24T04:31:51.727+0000] {dag.py:2585} INFO - Sync 1 DAGs
[2024-09-24T04:31:51.772+0000] {logging_mixin.py:120} INFO - [2024-09-24T04:31:51.772+0000] {dag.py:3340} INFO - Setting next_dagrun for tutorial_dag to None, run_after=None
[2024-09-24T04:31:51.806+0000] {processor.py:176} INFO - Processing /home/airflow/.local/lib/python3.7/site-packages/airflow/example_dags/tutorial_dag.py took 0.194 seconds
[2024-09-24T04:32:22.561+0000] {processor.py:154} INFO - Started process (PID=15543) to work on /home/airflow/.local/lib/python3.7/site-packages/airflow/example_dags/tutorial_dag.py
[2024-09-24T04:32:22.563+0000] {processor.py:756} INFO - Processing file /home/airflow/.local/lib/python3.7/site-packages/airflow/example_dags/tutorial_dag.py for tasks to queue
[2024-09-24T04:32:22.564+0000] {logging_mixin.py:120} INFO - [2024-09-24T04:32:22.564+0000] {dagbag.py:537} INFO - Filling up the DagBag from /home/airflow/.local/lib/python3.7/site-packages/airflow/example_dags/tutorial_dag.py
[2024-09-24T04:32:22.584+0000] {processor.py:766} INFO - DAG(s) dict_keys(['tutorial_dag']) retrieved from /home/airflow/.local/lib/python3.7/site-packages/airflow/example_dags/tutorial_dag.py
[2024-09-24T04:32:22.646+0000] {logging_mixin.py:120} INFO - [2024-09-24T04:32:22.646+0000] {dag.py:2585} INFO - Sync 1 DAGs
[2024-09-24T04:32:22.686+0000] {logging_mixin.py:120} INFO - [2024-09-24T04:32:22.686+0000] {dag.py:3340} INFO - Setting next_dagrun for tutorial_dag to None, run_after=None
[2024-09-24T04:32:22.721+0000] {processor.py:176} INFO - Processing /home/airflow/.local/lib/python3.7/site-packages/airflow/example_dags/tutorial_dag.py took 0.165 seconds
[2024-09-24T04:32:53.554+0000] {processor.py:154} INFO - Started process (PID=15606) to work on /home/airflow/.local/lib/python3.7/site-packages/airflow/example_dags/tutorial_dag.py
[2024-09-24T04:32:53.556+0000] {processor.py:756} INFO - Processing file /home/airflow/.local/lib/python3.7/site-packages/airflow/example_dags/tutorial_dag.py for tasks to queue
[2024-09-24T04:32:53.557+0000] {logging_mixin.py:120} INFO - [2024-09-24T04:32:53.556+0000] {dagbag.py:537} INFO - Filling up the DagBag from /home/airflow/.local/lib/python3.7/site-packages/airflow/example_dags/tutorial_dag.py
[2024-09-24T04:32:53.579+0000] {processor.py:766} INFO - DAG(s) dict_keys(['tutorial_dag']) retrieved from /home/airflow/.local/lib/python3.7/site-packages/airflow/example_dags/tutorial_dag.py
[2024-09-24T04:32:53.642+0000] {logging_mixin.py:120} INFO - [2024-09-24T04:32:53.642+0000] {dag.py:2585} INFO - Sync 1 DAGs
[2024-09-24T04:32:53.682+0000] {logging_mixin.py:120} INFO - [2024-09-24T04:32:53.682+0000] {dag.py:3340} INFO - Setting next_dagrun for tutorial_dag to None, run_after=None
[2024-09-24T04:32:53.714+0000] {processor.py:176} INFO - Processing /home/airflow/.local/lib/python3.7/site-packages/airflow/example_dags/tutorial_dag.py took 0.165 seconds
[2024-09-24T04:33:24.479+0000] {processor.py:154} INFO - Started process (PID=15660) to work on /home/airflow/.local/lib/python3.7/site-packages/airflow/example_dags/tutorial_dag.py
[2024-09-24T04:33:24.481+0000] {processor.py:756} INFO - Processing file /home/airflow/.local/lib/python3.7/site-packages/airflow/example_dags/tutorial_dag.py for tasks to queue
[2024-09-24T04:33:24.484+0000] {logging_mixin.py:120} INFO - [2024-09-24T04:33:24.484+0000] {dagbag.py:537} INFO - Filling up the DagBag from /home/airflow/.local/lib/python3.7/site-packages/airflow/example_dags/tutorial_dag.py
[2024-09-24T04:33:24.515+0000] {processor.py:766} INFO - DAG(s) dict_keys(['tutorial_dag']) retrieved from /home/airflow/.local/lib/python3.7/site-packages/airflow/example_dags/tutorial_dag.py
[2024-09-24T04:33:24.583+0000] {logging_mixin.py:120} INFO - [2024-09-24T04:33:24.583+0000] {dag.py:2585} INFO - Sync 1 DAGs
[2024-09-24T04:33:24.629+0000] {logging_mixin.py:120} INFO - [2024-09-24T04:33:24.628+0000] {dag.py:3340} INFO - Setting next_dagrun for tutorial_dag to None, run_after=None
[2024-09-24T04:33:24.662+0000] {processor.py:176} INFO - Processing /home/airflow/.local/lib/python3.7/site-packages/airflow/example_dags/tutorial_dag.py took 0.189 seconds
[2024-09-24T04:33:54.818+0000] {processor.py:154} INFO - Started process (PID=15723) to work on /home/airflow/.local/lib/python3.7/site-packages/airflow/example_dags/tutorial_dag.py
[2024-09-24T04:33:54.820+0000] {processor.py:756} INFO - Processing file /home/airflow/.local/lib/python3.7/site-packages/airflow/example_dags/tutorial_dag.py for tasks to queue
[2024-09-24T04:33:54.822+0000] {logging_mixin.py:120} INFO - [2024-09-24T04:33:54.821+0000] {dagbag.py:537} INFO - Filling up the DagBag from /home/airflow/.local/lib/python3.7/site-packages/airflow/example_dags/tutorial_dag.py
[2024-09-24T04:33:54.845+0000] {processor.py:766} INFO - DAG(s) dict_keys(['tutorial_dag']) retrieved from /home/airflow/.local/lib/python3.7/site-packages/airflow/example_dags/tutorial_dag.py
[2024-09-24T04:33:54.917+0000] {logging_mixin.py:120} INFO - [2024-09-24T04:33:54.916+0000] {dag.py:2585} INFO - Sync 1 DAGs
[2024-09-24T04:33:54.966+0000] {logging_mixin.py:120} INFO - [2024-09-24T04:33:54.965+0000] {dag.py:3340} INFO - Setting next_dagrun for tutorial_dag to None, run_after=None
[2024-09-24T04:33:55.016+0000] {processor.py:176} INFO - Processing /home/airflow/.local/lib/python3.7/site-packages/airflow/example_dags/tutorial_dag.py took 0.203 seconds
[2024-09-24T04:34:26.298+0000] {processor.py:154} INFO - Started process (PID=15787) to work on /home/airflow/.local/lib/python3.7/site-packages/airflow/example_dags/tutorial_dag.py
[2024-09-24T04:34:26.301+0000] {processor.py:756} INFO - Processing file /home/airflow/.local/lib/python3.7/site-packages/airflow/example_dags/tutorial_dag.py for tasks to queue
[2024-09-24T04:34:26.302+0000] {logging_mixin.py:120} INFO - [2024-09-24T04:34:26.302+0000] {dagbag.py:537} INFO - Filling up the DagBag from /home/airflow/.local/lib/python3.7/site-packages/airflow/example_dags/tutorial_dag.py
[2024-09-24T04:34:26.323+0000] {processor.py:766} INFO - DAG(s) dict_keys(['tutorial_dag']) retrieved from /home/airflow/.local/lib/python3.7/site-packages/airflow/example_dags/tutorial_dag.py
[2024-09-24T04:34:26.386+0000] {logging_mixin.py:120} INFO - [2024-09-24T04:34:26.386+0000] {dag.py:2585} INFO - Sync 1 DAGs
[2024-09-24T04:34:26.425+0000] {logging_mixin.py:120} INFO - [2024-09-24T04:34:26.424+0000] {dag.py:3340} INFO - Setting next_dagrun for tutorial_dag to None, run_after=None
[2024-09-24T04:34:26.456+0000] {processor.py:176} INFO - Processing /home/airflow/.local/lib/python3.7/site-packages/airflow/example_dags/tutorial_dag.py took 0.162 seconds
[2024-09-24T04:34:56.631+0000] {processor.py:154} INFO - Started process (PID=15841) to work on /home/airflow/.local/lib/python3.7/site-packages/airflow/example_dags/tutorial_dag.py
[2024-09-24T04:34:56.633+0000] {processor.py:756} INFO - Processing file /home/airflow/.local/lib/python3.7/site-packages/airflow/example_dags/tutorial_dag.py for tasks to queue
[2024-09-24T04:34:56.634+0000] {logging_mixin.py:120} INFO - [2024-09-24T04:34:56.634+0000] {dagbag.py:537} INFO - Filling up the DagBag from /home/airflow/.local/lib/python3.7/site-packages/airflow/example_dags/tutorial_dag.py
[2024-09-24T04:34:56.654+0000] {processor.py:766} INFO - DAG(s) dict_keys(['tutorial_dag']) retrieved from /home/airflow/.local/lib/python3.7/site-packages/airflow/example_dags/tutorial_dag.py
[2024-09-24T04:34:56.725+0000] {logging_mixin.py:120} INFO - [2024-09-24T04:34:56.724+0000] {dag.py:2585} INFO - Sync 1 DAGs
[2024-09-24T04:34:56.762+0000] {logging_mixin.py:120} INFO - [2024-09-24T04:34:56.762+0000] {dag.py:3340} INFO - Setting next_dagrun for tutorial_dag to None, run_after=None
[2024-09-24T04:34:56.794+0000] {processor.py:176} INFO - Processing /home/airflow/.local/lib/python3.7/site-packages/airflow/example_dags/tutorial_dag.py took 0.168 seconds
[2024-09-24T04:35:27.095+0000] {processor.py:154} INFO - Started process (PID=15903) to work on /home/airflow/.local/lib/python3.7/site-packages/airflow/example_dags/tutorial_dag.py
[2024-09-24T04:35:27.096+0000] {processor.py:756} INFO - Processing file /home/airflow/.local/lib/python3.7/site-packages/airflow/example_dags/tutorial_dag.py for tasks to queue
[2024-09-24T04:35:27.097+0000] {logging_mixin.py:120} INFO - [2024-09-24T04:35:27.097+0000] {dagbag.py:537} INFO - Filling up the DagBag from /home/airflow/.local/lib/python3.7/site-packages/airflow/example_dags/tutorial_dag.py
[2024-09-24T04:35:27.119+0000] {processor.py:766} INFO - DAG(s) dict_keys(['tutorial_dag']) retrieved from /home/airflow/.local/lib/python3.7/site-packages/airflow/example_dags/tutorial_dag.py
[2024-09-24T04:35:27.195+0000] {logging_mixin.py:120} INFO - [2024-09-24T04:35:27.195+0000] {dag.py:2585} INFO - Sync 1 DAGs
[2024-09-24T04:35:27.237+0000] {logging_mixin.py:120} INFO - [2024-09-24T04:35:27.236+0000] {dag.py:3340} INFO - Setting next_dagrun for tutorial_dag to None, run_after=None
[2024-09-24T04:35:27.268+0000] {processor.py:176} INFO - Processing /home/airflow/.local/lib/python3.7/site-packages/airflow/example_dags/tutorial_dag.py took 0.178 seconds
[2024-09-24T04:35:58.412+0000] {processor.py:154} INFO - Started process (PID=15958) to work on /home/airflow/.local/lib/python3.7/site-packages/airflow/example_dags/tutorial_dag.py
[2024-09-24T04:35:58.414+0000] {processor.py:756} INFO - Processing file /home/airflow/.local/lib/python3.7/site-packages/airflow/example_dags/tutorial_dag.py for tasks to queue
[2024-09-24T04:35:58.415+0000] {logging_mixin.py:120} INFO - [2024-09-24T04:35:58.415+0000] {dagbag.py:537} INFO - Filling up the DagBag from /home/airflow/.local/lib/python3.7/site-packages/airflow/example_dags/tutorial_dag.py
[2024-09-24T04:35:58.437+0000] {processor.py:766} INFO - DAG(s) dict_keys(['tutorial_dag']) retrieved from /home/airflow/.local/lib/python3.7/site-packages/airflow/example_dags/tutorial_dag.py
[2024-09-24T04:35:58.505+0000] {logging_mixin.py:120} INFO - [2024-09-24T04:35:58.505+0000] {dag.py:2585} INFO - Sync 1 DAGs
[2024-09-24T04:35:58.557+0000] {logging_mixin.py:120} INFO - [2024-09-24T04:35:58.557+0000] {dag.py:3340} INFO - Setting next_dagrun for tutorial_dag to None, run_after=None
[2024-09-24T04:35:58.627+0000] {processor.py:176} INFO - Processing /home/airflow/.local/lib/python3.7/site-packages/airflow/example_dags/tutorial_dag.py took 0.220 seconds
[2024-09-24T04:36:28.836+0000] {processor.py:154} INFO - Started process (PID=16020) to work on /home/airflow/.local/lib/python3.7/site-packages/airflow/example_dags/tutorial_dag.py
[2024-09-24T04:36:28.837+0000] {processor.py:756} INFO - Processing file /home/airflow/.local/lib/python3.7/site-packages/airflow/example_dags/tutorial_dag.py for tasks to queue
[2024-09-24T04:36:28.838+0000] {logging_mixin.py:120} INFO - [2024-09-24T04:36:28.838+0000] {dagbag.py:537} INFO - Filling up the DagBag from /home/airflow/.local/lib/python3.7/site-packages/airflow/example_dags/tutorial_dag.py
[2024-09-24T04:36:28.861+0000] {processor.py:766} INFO - DAG(s) dict_keys(['tutorial_dag']) retrieved from /home/airflow/.local/lib/python3.7/site-packages/airflow/example_dags/tutorial_dag.py
[2024-09-24T04:36:28.932+0000] {logging_mixin.py:120} INFO - [2024-09-24T04:36:28.931+0000] {dag.py:2585} INFO - Sync 1 DAGs
[2024-09-24T04:36:28.979+0000] {logging_mixin.py:120} INFO - [2024-09-24T04:36:28.979+0000] {dag.py:3340} INFO - Setting next_dagrun for tutorial_dag to None, run_after=None
[2024-09-24T04:36:29.012+0000] {processor.py:176} INFO - Processing /home/airflow/.local/lib/python3.7/site-packages/airflow/example_dags/tutorial_dag.py took 0.183 seconds
[2024-09-24T04:36:59.492+0000] {processor.py:154} INFO - Started process (PID=16074) to work on /home/airflow/.local/lib/python3.7/site-packages/airflow/example_dags/tutorial_dag.py
[2024-09-24T04:36:59.494+0000] {processor.py:756} INFO - Processing file /home/airflow/.local/lib/python3.7/site-packages/airflow/example_dags/tutorial_dag.py for tasks to queue
[2024-09-24T04:36:59.496+0000] {logging_mixin.py:120} INFO - [2024-09-24T04:36:59.496+0000] {dagbag.py:537} INFO - Filling up the DagBag from /home/airflow/.local/lib/python3.7/site-packages/airflow/example_dags/tutorial_dag.py
[2024-09-24T04:36:59.518+0000] {processor.py:766} INFO - DAG(s) dict_keys(['tutorial_dag']) retrieved from /home/airflow/.local/lib/python3.7/site-packages/airflow/example_dags/tutorial_dag.py
[2024-09-24T04:36:59.586+0000] {logging_mixin.py:120} INFO - [2024-09-24T04:36:59.586+0000] {dag.py:2585} INFO - Sync 1 DAGs
[2024-09-24T04:36:59.625+0000] {logging_mixin.py:120} INFO - [2024-09-24T04:36:59.625+0000] {dag.py:3340} INFO - Setting next_dagrun for tutorial_dag to None, run_after=None
[2024-09-24T04:36:59.654+0000] {processor.py:176} INFO - Processing /home/airflow/.local/lib/python3.7/site-packages/airflow/example_dags/tutorial_dag.py took 0.171 seconds
[2024-09-24T04:37:56.914+0000] {processor.py:154} INFO - Started process (PID=16142) to work on /home/airflow/.local/lib/python3.7/site-packages/airflow/example_dags/tutorial_dag.py
[2024-09-24T04:37:56.916+0000] {processor.py:756} INFO - Processing file /home/airflow/.local/lib/python3.7/site-packages/airflow/example_dags/tutorial_dag.py for tasks to queue
[2024-09-24T04:37:56.917+0000] {logging_mixin.py:120} INFO - [2024-09-24T04:37:56.917+0000] {dagbag.py:537} INFO - Filling up the DagBag from /home/airflow/.local/lib/python3.7/site-packages/airflow/example_dags/tutorial_dag.py
[2024-09-24T04:37:56.951+0000] {processor.py:766} INFO - DAG(s) dict_keys(['tutorial_dag']) retrieved from /home/airflow/.local/lib/python3.7/site-packages/airflow/example_dags/tutorial_dag.py
[2024-09-24T04:37:57.053+0000] {logging_mixin.py:120} INFO - [2024-09-24T04:37:57.053+0000] {dag.py:2585} INFO - Sync 1 DAGs
[2024-09-24T04:37:57.123+0000] {logging_mixin.py:120} INFO - [2024-09-24T04:37:57.123+0000] {dag.py:3340} INFO - Setting next_dagrun for tutorial_dag to None, run_after=None
[2024-09-24T04:37:57.194+0000] {processor.py:176} INFO - Processing /home/airflow/.local/lib/python3.7/site-packages/airflow/example_dags/tutorial_dag.py took 0.287 seconds
[2024-09-24T06:15:54.040+0000] {processor.py:154} INFO - Started process (PID=16215) to work on /home/airflow/.local/lib/python3.7/site-packages/airflow/example_dags/tutorial_dag.py
[2024-09-24T06:15:54.041+0000] {processor.py:756} INFO - Processing file /home/airflow/.local/lib/python3.7/site-packages/airflow/example_dags/tutorial_dag.py for tasks to queue
[2024-09-24T06:15:54.043+0000] {logging_mixin.py:120} INFO - [2024-09-24T06:15:54.043+0000] {dagbag.py:537} INFO - Filling up the DagBag from /home/airflow/.local/lib/python3.7/site-packages/airflow/example_dags/tutorial_dag.py
[2024-09-24T06:15:54.063+0000] {processor.py:766} INFO - DAG(s) dict_keys(['tutorial_dag']) retrieved from /home/airflow/.local/lib/python3.7/site-packages/airflow/example_dags/tutorial_dag.py
[2024-09-24T06:15:54.126+0000] {logging_mixin.py:120} INFO - [2024-09-24T06:15:54.126+0000] {dag.py:2585} INFO - Sync 1 DAGs
[2024-09-24T06:15:54.178+0000] {logging_mixin.py:120} INFO - [2024-09-24T06:15:54.178+0000] {dag.py:3340} INFO - Setting next_dagrun for tutorial_dag to None, run_after=None
[2024-09-24T06:15:54.221+0000] {processor.py:176} INFO - Processing /home/airflow/.local/lib/python3.7/site-packages/airflow/example_dags/tutorial_dag.py took 0.186 seconds
[2024-09-24T06:31:02.079+0000] {processor.py:154} INFO - Started process (PID=16269) to work on /home/airflow/.local/lib/python3.7/site-packages/airflow/example_dags/tutorial_dag.py
[2024-09-24T06:31:02.081+0000] {processor.py:756} INFO - Processing file /home/airflow/.local/lib/python3.7/site-packages/airflow/example_dags/tutorial_dag.py for tasks to queue
[2024-09-24T06:31:02.083+0000] {logging_mixin.py:120} INFO - [2024-09-24T06:31:02.082+0000] {dagbag.py:537} INFO - Filling up the DagBag from /home/airflow/.local/lib/python3.7/site-packages/airflow/example_dags/tutorial_dag.py
[2024-09-24T06:31:02.102+0000] {processor.py:766} INFO - DAG(s) dict_keys(['tutorial_dag']) retrieved from /home/airflow/.local/lib/python3.7/site-packages/airflow/example_dags/tutorial_dag.py
[2024-09-24T06:31:02.169+0000] {logging_mixin.py:120} INFO - [2024-09-24T06:31:02.169+0000] {dag.py:2585} INFO - Sync 1 DAGs
[2024-09-24T06:31:02.215+0000] {logging_mixin.py:120} INFO - [2024-09-24T06:31:02.215+0000] {dag.py:3340} INFO - Setting next_dagrun for tutorial_dag to None, run_after=None
[2024-09-24T06:31:02.255+0000] {processor.py:176} INFO - Processing /home/airflow/.local/lib/python3.7/site-packages/airflow/example_dags/tutorial_dag.py took 0.180 seconds
[2024-09-24T08:40:11.399+0000] {processor.py:154} INFO - Started process (PID=16332) to work on /home/airflow/.local/lib/python3.7/site-packages/airflow/example_dags/tutorial_dag.py
[2024-09-24T08:40:11.400+0000] {processor.py:756} INFO - Processing file /home/airflow/.local/lib/python3.7/site-packages/airflow/example_dags/tutorial_dag.py for tasks to queue
[2024-09-24T08:40:11.402+0000] {logging_mixin.py:120} INFO - [2024-09-24T08:40:11.402+0000] {dagbag.py:537} INFO - Filling up the DagBag from /home/airflow/.local/lib/python3.7/site-packages/airflow/example_dags/tutorial_dag.py
[2024-09-24T08:40:11.426+0000] {processor.py:766} INFO - DAG(s) dict_keys(['tutorial_dag']) retrieved from /home/airflow/.local/lib/python3.7/site-packages/airflow/example_dags/tutorial_dag.py
[2024-09-24T08:40:11.493+0000] {logging_mixin.py:120} INFO - [2024-09-24T08:40:11.492+0000] {dag.py:2585} INFO - Sync 1 DAGs
[2024-09-24T08:40:11.530+0000] {logging_mixin.py:120} INFO - [2024-09-24T08:40:11.530+0000] {dag.py:3340} INFO - Setting next_dagrun for tutorial_dag to None, run_after=None
[2024-09-24T08:40:11.570+0000] {processor.py:176} INFO - Processing /home/airflow/.local/lib/python3.7/site-packages/airflow/example_dags/tutorial_dag.py took 0.175 seconds
[2024-09-24T11:11:20.497+0000] {processor.py:154} INFO - Started process (PID=16393) to work on /home/airflow/.local/lib/python3.7/site-packages/airflow/example_dags/tutorial_dag.py
[2024-09-24T11:11:20.499+0000] {processor.py:756} INFO - Processing file /home/airflow/.local/lib/python3.7/site-packages/airflow/example_dags/tutorial_dag.py for tasks to queue
[2024-09-24T11:11:20.501+0000] {logging_mixin.py:120} INFO - [2024-09-24T11:11:20.501+0000] {dagbag.py:537} INFO - Filling up the DagBag from /home/airflow/.local/lib/python3.7/site-packages/airflow/example_dags/tutorial_dag.py
[2024-09-24T11:11:20.531+0000] {processor.py:766} INFO - DAG(s) dict_keys(['tutorial_dag']) retrieved from /home/airflow/.local/lib/python3.7/site-packages/airflow/example_dags/tutorial_dag.py
[2024-09-24T11:11:20.637+0000] {logging_mixin.py:120} INFO - [2024-09-24T11:11:20.637+0000] {dag.py:2585} INFO - Sync 1 DAGs
[2024-09-24T11:11:20.712+0000] {logging_mixin.py:120} INFO - [2024-09-24T11:11:20.712+0000] {dag.py:3340} INFO - Setting next_dagrun for tutorial_dag to None, run_after=None
[2024-09-24T11:11:20.763+0000] {processor.py:176} INFO - Processing /home/airflow/.local/lib/python3.7/site-packages/airflow/example_dags/tutorial_dag.py took 0.272 seconds
[2024-09-24T12:44:50.703+0000] {processor.py:154} INFO - Started process (PID=16449) to work on /home/airflow/.local/lib/python3.7/site-packages/airflow/example_dags/tutorial_dag.py
[2024-09-24T12:44:50.705+0000] {processor.py:756} INFO - Processing file /home/airflow/.local/lib/python3.7/site-packages/airflow/example_dags/tutorial_dag.py for tasks to queue
[2024-09-24T12:44:50.706+0000] {logging_mixin.py:120} INFO - [2024-09-24T12:44:50.706+0000] {dagbag.py:537} INFO - Filling up the DagBag from /home/airflow/.local/lib/python3.7/site-packages/airflow/example_dags/tutorial_dag.py
[2024-09-24T12:44:50.729+0000] {processor.py:766} INFO - DAG(s) dict_keys(['tutorial_dag']) retrieved from /home/airflow/.local/lib/python3.7/site-packages/airflow/example_dags/tutorial_dag.py
[2024-09-24T12:44:50.797+0000] {logging_mixin.py:120} INFO - [2024-09-24T12:44:50.796+0000] {dag.py:2585} INFO - Sync 1 DAGs
[2024-09-24T12:44:50.839+0000] {logging_mixin.py:120} INFO - [2024-09-24T12:44:50.839+0000] {dag.py:3340} INFO - Setting next_dagrun for tutorial_dag to None, run_after=None
[2024-09-24T12:44:50.882+0000] {processor.py:176} INFO - Processing /home/airflow/.local/lib/python3.7/site-packages/airflow/example_dags/tutorial_dag.py took 0.184 seconds
[2024-09-24T14:24:40.137+0000] {processor.py:154} INFO - Started process (PID=16503) to work on /home/airflow/.local/lib/python3.7/site-packages/airflow/example_dags/tutorial_dag.py
[2024-09-24T14:24:40.139+0000] {processor.py:756} INFO - Processing file /home/airflow/.local/lib/python3.7/site-packages/airflow/example_dags/tutorial_dag.py for tasks to queue
[2024-09-24T14:24:40.140+0000] {logging_mixin.py:120} INFO - [2024-09-24T14:24:40.140+0000] {dagbag.py:537} INFO - Filling up the DagBag from /home/airflow/.local/lib/python3.7/site-packages/airflow/example_dags/tutorial_dag.py
[2024-09-24T14:24:40.155+0000] {processor.py:766} INFO - DAG(s) dict_keys(['tutorial_dag']) retrieved from /home/airflow/.local/lib/python3.7/site-packages/airflow/example_dags/tutorial_dag.py
[2024-09-24T14:24:40.208+0000] {logging_mixin.py:120} INFO - [2024-09-24T14:24:40.207+0000] {dag.py:2585} INFO - Sync 1 DAGs
[2024-09-24T14:24:40.238+0000] {logging_mixin.py:120} INFO - [2024-09-24T14:24:40.238+0000] {dag.py:3340} INFO - Setting next_dagrun for tutorial_dag to None, run_after=None
[2024-09-24T14:24:40.267+0000] {processor.py:176} INFO - Processing /home/airflow/.local/lib/python3.7/site-packages/airflow/example_dags/tutorial_dag.py took 0.135 seconds
[2024-09-24T14:26:39.896+0000] {processor.py:154} INFO - Started process (PID=16566) to work on /home/airflow/.local/lib/python3.7/site-packages/airflow/example_dags/tutorial_dag.py
[2024-09-24T14:26:39.898+0000] {processor.py:756} INFO - Processing file /home/airflow/.local/lib/python3.7/site-packages/airflow/example_dags/tutorial_dag.py for tasks to queue
[2024-09-24T14:26:39.899+0000] {logging_mixin.py:120} INFO - [2024-09-24T14:26:39.899+0000] {dagbag.py:537} INFO - Filling up the DagBag from /home/airflow/.local/lib/python3.7/site-packages/airflow/example_dags/tutorial_dag.py
[2024-09-24T14:26:39.917+0000] {processor.py:766} INFO - DAG(s) dict_keys(['tutorial_dag']) retrieved from /home/airflow/.local/lib/python3.7/site-packages/airflow/example_dags/tutorial_dag.py
[2024-09-24T14:26:39.967+0000] {logging_mixin.py:120} INFO - [2024-09-24T14:26:39.967+0000] {dag.py:2585} INFO - Sync 1 DAGs
[2024-09-24T14:26:39.997+0000] {logging_mixin.py:120} INFO - [2024-09-24T14:26:39.997+0000] {dag.py:3340} INFO - Setting next_dagrun for tutorial_dag to None, run_after=None
[2024-09-24T14:26:40.021+0000] {processor.py:176} INFO - Processing /home/airflow/.local/lib/python3.7/site-packages/airflow/example_dags/tutorial_dag.py took 0.129 seconds
[2024-09-24T15:01:03.016+0000] {processor.py:154} INFO - Started process (PID=16620) to work on /home/airflow/.local/lib/python3.7/site-packages/airflow/example_dags/tutorial_dag.py
[2024-09-24T15:01:03.018+0000] {processor.py:756} INFO - Processing file /home/airflow/.local/lib/python3.7/site-packages/airflow/example_dags/tutorial_dag.py for tasks to queue
[2024-09-24T15:01:03.020+0000] {logging_mixin.py:120} INFO - [2024-09-24T15:01:03.019+0000] {dagbag.py:537} INFO - Filling up the DagBag from /home/airflow/.local/lib/python3.7/site-packages/airflow/example_dags/tutorial_dag.py
[2024-09-24T15:01:03.045+0000] {processor.py:766} INFO - DAG(s) dict_keys(['tutorial_dag']) retrieved from /home/airflow/.local/lib/python3.7/site-packages/airflow/example_dags/tutorial_dag.py
[2024-09-24T15:01:03.118+0000] {logging_mixin.py:120} INFO - [2024-09-24T15:01:03.117+0000] {dag.py:2585} INFO - Sync 1 DAGs
[2024-09-24T15:01:03.158+0000] {logging_mixin.py:120} INFO - [2024-09-24T15:01:03.157+0000] {dag.py:3340} INFO - Setting next_dagrun for tutorial_dag to None, run_after=None
[2024-09-24T15:01:03.191+0000] {processor.py:176} INFO - Processing /home/airflow/.local/lib/python3.7/site-packages/airflow/example_dags/tutorial_dag.py took 0.183 seconds
[2024-09-24T16:32:27.955+0000] {processor.py:154} INFO - Started process (PID=16683) to work on /home/airflow/.local/lib/python3.7/site-packages/airflow/example_dags/tutorial_dag.py
[2024-09-24T16:32:27.956+0000] {processor.py:756} INFO - Processing file /home/airflow/.local/lib/python3.7/site-packages/airflow/example_dags/tutorial_dag.py for tasks to queue
[2024-09-24T16:32:27.959+0000] {logging_mixin.py:120} INFO - [2024-09-24T16:32:27.959+0000] {dagbag.py:537} INFO - Filling up the DagBag from /home/airflow/.local/lib/python3.7/site-packages/airflow/example_dags/tutorial_dag.py
[2024-09-24T16:32:27.977+0000] {processor.py:766} INFO - DAG(s) dict_keys(['tutorial_dag']) retrieved from /home/airflow/.local/lib/python3.7/site-packages/airflow/example_dags/tutorial_dag.py
[2024-09-24T16:32:28.028+0000] {logging_mixin.py:120} INFO - [2024-09-24T16:32:28.027+0000] {dag.py:2585} INFO - Sync 1 DAGs
[2024-09-24T16:32:28.058+0000] {logging_mixin.py:120} INFO - [2024-09-24T16:32:28.058+0000] {dag.py:3340} INFO - Setting next_dagrun for tutorial_dag to None, run_after=None
[2024-09-24T16:32:28.082+0000] {processor.py:176} INFO - Processing /home/airflow/.local/lib/python3.7/site-packages/airflow/example_dags/tutorial_dag.py took 0.132 seconds
[2024-09-24T16:38:50.985+0000] {processor.py:154} INFO - Started process (PID=16746) to work on /home/airflow/.local/lib/python3.7/site-packages/airflow/example_dags/tutorial_dag.py
[2024-09-24T16:38:50.987+0000] {processor.py:756} INFO - Processing file /home/airflow/.local/lib/python3.7/site-packages/airflow/example_dags/tutorial_dag.py for tasks to queue
[2024-09-24T16:38:50.989+0000] {logging_mixin.py:120} INFO - [2024-09-24T16:38:50.989+0000] {dagbag.py:537} INFO - Filling up the DagBag from /home/airflow/.local/lib/python3.7/site-packages/airflow/example_dags/tutorial_dag.py
[2024-09-24T16:38:51.020+0000] {processor.py:766} INFO - DAG(s) dict_keys(['tutorial_dag']) retrieved from /home/airflow/.local/lib/python3.7/site-packages/airflow/example_dags/tutorial_dag.py
[2024-09-24T16:38:51.118+0000] {logging_mixin.py:120} INFO - [2024-09-24T16:38:51.118+0000] {dag.py:2585} INFO - Sync 1 DAGs
[2024-09-24T16:38:51.200+0000] {logging_mixin.py:120} INFO - [2024-09-24T16:38:51.200+0000] {dag.py:3340} INFO - Setting next_dagrun for tutorial_dag to None, run_after=None
[2024-09-24T16:38:51.259+0000] {processor.py:176} INFO - Processing /home/airflow/.local/lib/python3.7/site-packages/airflow/example_dags/tutorial_dag.py took 0.280 seconds
[2024-09-24T17:03:41.093+0000] {processor.py:154} INFO - Started process (PID=16800) to work on /home/airflow/.local/lib/python3.7/site-packages/airflow/example_dags/tutorial_dag.py
[2024-09-24T17:03:41.095+0000] {processor.py:756} INFO - Processing file /home/airflow/.local/lib/python3.7/site-packages/airflow/example_dags/tutorial_dag.py for tasks to queue
[2024-09-24T17:03:41.098+0000] {logging_mixin.py:120} INFO - [2024-09-24T17:03:41.098+0000] {dagbag.py:537} INFO - Filling up the DagBag from /home/airflow/.local/lib/python3.7/site-packages/airflow/example_dags/tutorial_dag.py
[2024-09-24T17:03:41.125+0000] {processor.py:766} INFO - DAG(s) dict_keys(['tutorial_dag']) retrieved from /home/airflow/.local/lib/python3.7/site-packages/airflow/example_dags/tutorial_dag.py
[2024-09-24T17:03:41.212+0000] {logging_mixin.py:120} INFO - [2024-09-24T17:03:41.212+0000] {dag.py:2585} INFO - Sync 1 DAGs
[2024-09-24T17:03:41.278+0000] {logging_mixin.py:120} INFO - [2024-09-24T17:03:41.278+0000] {dag.py:3340} INFO - Setting next_dagrun for tutorial_dag to None, run_after=None
[2024-09-24T17:03:41.334+0000] {processor.py:176} INFO - Processing /home/airflow/.local/lib/python3.7/site-packages/airflow/example_dags/tutorial_dag.py took 0.246 seconds
[2024-09-24T17:24:32.636+0000] {processor.py:154} INFO - Started process (PID=16852) to work on /home/airflow/.local/lib/python3.7/site-packages/airflow/example_dags/tutorial_dag.py
[2024-09-24T17:24:32.640+0000] {processor.py:756} INFO - Processing file /home/airflow/.local/lib/python3.7/site-packages/airflow/example_dags/tutorial_dag.py for tasks to queue
[2024-09-24T17:24:32.643+0000] {logging_mixin.py:120} INFO - [2024-09-24T17:24:32.643+0000] {dagbag.py:537} INFO - Filling up the DagBag from /home/airflow/.local/lib/python3.7/site-packages/airflow/example_dags/tutorial_dag.py
[2024-09-24T17:24:32.674+0000] {processor.py:766} INFO - DAG(s) dict_keys(['tutorial_dag']) retrieved from /home/airflow/.local/lib/python3.7/site-packages/airflow/example_dags/tutorial_dag.py
[2024-09-24T17:24:32.804+0000] {logging_mixin.py:120} INFO - [2024-09-24T17:24:32.803+0000] {dag.py:2585} INFO - Sync 1 DAGs
[2024-09-24T17:24:32.866+0000] {logging_mixin.py:120} INFO - [2024-09-24T17:24:32.865+0000] {dag.py:3340} INFO - Setting next_dagrun for tutorial_dag to None, run_after=None
[2024-09-24T17:24:32.918+0000] {processor.py:176} INFO - Processing /home/airflow/.local/lib/python3.7/site-packages/airflow/example_dags/tutorial_dag.py took 0.288 seconds
[2024-09-24T18:04:40.303+0000] {processor.py:154} INFO - Started process (PID=16899) to work on /home/airflow/.local/lib/python3.7/site-packages/airflow/example_dags/tutorial_dag.py
[2024-09-24T18:04:40.305+0000] {processor.py:756} INFO - Processing file /home/airflow/.local/lib/python3.7/site-packages/airflow/example_dags/tutorial_dag.py for tasks to queue
[2024-09-24T18:04:40.306+0000] {logging_mixin.py:120} INFO - [2024-09-24T18:04:40.306+0000] {dagbag.py:537} INFO - Filling up the DagBag from /home/airflow/.local/lib/python3.7/site-packages/airflow/example_dags/tutorial_dag.py
[2024-09-24T18:04:40.329+0000] {processor.py:766} INFO - DAG(s) dict_keys(['tutorial_dag']) retrieved from /home/airflow/.local/lib/python3.7/site-packages/airflow/example_dags/tutorial_dag.py
[2024-09-24T18:04:40.390+0000] {logging_mixin.py:120} INFO - [2024-09-24T18:04:40.390+0000] {dag.py:2585} INFO - Sync 1 DAGs
[2024-09-24T18:04:40.426+0000] {logging_mixin.py:120} INFO - [2024-09-24T18:04:40.426+0000] {dag.py:3340} INFO - Setting next_dagrun for tutorial_dag to None, run_after=None
[2024-09-24T18:04:40.459+0000] {processor.py:176} INFO - Processing /home/airflow/.local/lib/python3.7/site-packages/airflow/example_dags/tutorial_dag.py took 0.162 seconds
[2024-09-24T19:05:36.321+0000] {processor.py:154} INFO - Started process (PID=16953) to work on /home/airflow/.local/lib/python3.7/site-packages/airflow/example_dags/tutorial_dag.py
[2024-09-24T19:05:36.323+0000] {processor.py:756} INFO - Processing file /home/airflow/.local/lib/python3.7/site-packages/airflow/example_dags/tutorial_dag.py for tasks to queue
[2024-09-24T19:05:36.324+0000] {logging_mixin.py:120} INFO - [2024-09-24T19:05:36.324+0000] {dagbag.py:537} INFO - Filling up the DagBag from /home/airflow/.local/lib/python3.7/site-packages/airflow/example_dags/tutorial_dag.py
[2024-09-24T19:05:36.347+0000] {processor.py:766} INFO - DAG(s) dict_keys(['tutorial_dag']) retrieved from /home/airflow/.local/lib/python3.7/site-packages/airflow/example_dags/tutorial_dag.py
[2024-09-24T19:05:36.417+0000] {logging_mixin.py:120} INFO - [2024-09-24T19:05:36.417+0000] {dag.py:2585} INFO - Sync 1 DAGs
[2024-09-24T19:05:36.462+0000] {logging_mixin.py:120} INFO - [2024-09-24T19:05:36.462+0000] {dag.py:3340} INFO - Setting next_dagrun for tutorial_dag to None, run_after=None
[2024-09-24T19:05:36.503+0000] {processor.py:176} INFO - Processing /home/airflow/.local/lib/python3.7/site-packages/airflow/example_dags/tutorial_dag.py took 0.188 seconds
[2024-09-24T20:06:42.341+0000] {processor.py:154} INFO - Started process (PID=17007) to work on /home/airflow/.local/lib/python3.7/site-packages/airflow/example_dags/tutorial_dag.py
[2024-09-24T20:06:42.344+0000] {processor.py:756} INFO - Processing file /home/airflow/.local/lib/python3.7/site-packages/airflow/example_dags/tutorial_dag.py for tasks to queue
[2024-09-24T20:06:42.347+0000] {logging_mixin.py:120} INFO - [2024-09-24T20:06:42.347+0000] {dagbag.py:537} INFO - Filling up the DagBag from /home/airflow/.local/lib/python3.7/site-packages/airflow/example_dags/tutorial_dag.py
[2024-09-24T20:06:42.400+0000] {processor.py:766} INFO - DAG(s) dict_keys(['tutorial_dag']) retrieved from /home/airflow/.local/lib/python3.7/site-packages/airflow/example_dags/tutorial_dag.py
[2024-09-24T20:06:42.540+0000] {logging_mixin.py:120} INFO - [2024-09-24T20:06:42.540+0000] {dag.py:2585} INFO - Sync 1 DAGs
[2024-09-24T20:06:42.602+0000] {logging_mixin.py:120} INFO - [2024-09-24T20:06:42.602+0000] {dag.py:3340} INFO - Setting next_dagrun for tutorial_dag to None, run_after=None
[2024-09-24T20:06:42.666+0000] {processor.py:176} INFO - Processing /home/airflow/.local/lib/python3.7/site-packages/airflow/example_dags/tutorial_dag.py took 0.345 seconds
[2024-09-24T22:08:29.795+0000] {processor.py:154} INFO - Started process (PID=17059) to work on /home/airflow/.local/lib/python3.7/site-packages/airflow/example_dags/tutorial_dag.py
[2024-09-24T22:08:29.807+0000] {processor.py:756} INFO - Processing file /home/airflow/.local/lib/python3.7/site-packages/airflow/example_dags/tutorial_dag.py for tasks to queue
[2024-09-24T22:08:29.815+0000] {logging_mixin.py:120} INFO - [2024-09-24T22:08:29.814+0000] {dagbag.py:537} INFO - Filling up the DagBag from /home/airflow/.local/lib/python3.7/site-packages/airflow/example_dags/tutorial_dag.py
[2024-09-24T22:08:29.976+0000] {processor.py:766} INFO - DAG(s) dict_keys(['tutorial_dag']) retrieved from /home/airflow/.local/lib/python3.7/site-packages/airflow/example_dags/tutorial_dag.py
[2024-09-24T22:08:30.450+0000] {logging_mixin.py:120} INFO - [2024-09-24T22:08:30.448+0000] {dag.py:2585} INFO - Sync 1 DAGs
[2024-09-24T22:08:30.743+0000] {logging_mixin.py:120} INFO - [2024-09-24T22:08:30.742+0000] {dag.py:3340} INFO - Setting next_dagrun for tutorial_dag to None, run_after=None
[2024-09-24T22:08:30.940+0000] {processor.py:176} INFO - Processing /home/airflow/.local/lib/python3.7/site-packages/airflow/example_dags/tutorial_dag.py took 1.187 seconds
