[2024-09-24T01:38:19.879+0000] {processor.py:154} INFO - Started process (PID=13871) to work on /home/airflow/.local/lib/python3.7/site-packages/airflow/example_dags/tutorial.py
[2024-09-24T01:38:19.881+0000] {processor.py:756} INFO - Processing file /home/airflow/.local/lib/python3.7/site-packages/airflow/example_dags/tutorial.py for tasks to queue
[2024-09-24T01:38:19.883+0000] {logging_mixin.py:120} INFO - [2024-09-24T01:38:19.882+0000] {dagbag.py:537} INFO - Filling up the DagBag from /home/airflow/.local/lib/python3.7/site-packages/airflow/example_dags/tutorial.py
[2024-09-24T01:38:19.922+0000] {processor.py:766} INFO - DAG(s) dict_keys(['tutorial']) retrieved from /home/airflow/.local/lib/python3.7/site-packages/airflow/example_dags/tutorial.py
[2024-09-24T01:38:20.019+0000] {logging_mixin.py:120} INFO - [2024-09-24T01:38:20.018+0000] {dag.py:2585} INFO - Sync 1 DAGs
[2024-09-24T01:38:20.087+0000] {logging_mixin.py:120} INFO - [2024-09-24T01:38:20.086+0000] {dag.py:3340} INFO - Setting next_dagrun for tutorial to 2024-09-23T01:38:20.086242+00:00, run_after=2024-09-24T01:38:20.086242+00:00
[2024-09-24T01:38:20.145+0000] {processor.py:176} INFO - Processing /home/airflow/.local/lib/python3.7/site-packages/airflow/example_dags/tutorial.py took 0.273 seconds
[2024-09-24T01:41:40.547+0000] {processor.py:154} INFO - Started process (PID=13925) to work on /home/airflow/.local/lib/python3.7/site-packages/airflow/example_dags/tutorial.py
[2024-09-24T01:41:40.549+0000] {processor.py:756} INFO - Processing file /home/airflow/.local/lib/python3.7/site-packages/airflow/example_dags/tutorial.py for tasks to queue
[2024-09-24T01:41:40.551+0000] {logging_mixin.py:120} INFO - [2024-09-24T01:41:40.550+0000] {dagbag.py:537} INFO - Filling up the DagBag from /home/airflow/.local/lib/python3.7/site-packages/airflow/example_dags/tutorial.py
[2024-09-24T01:41:40.578+0000] {processor.py:766} INFO - DAG(s) dict_keys(['tutorial']) retrieved from /home/airflow/.local/lib/python3.7/site-packages/airflow/example_dags/tutorial.py
[2024-09-24T01:41:40.654+0000] {logging_mixin.py:120} INFO - [2024-09-24T01:41:40.654+0000] {dag.py:2585} INFO - Sync 1 DAGs
[2024-09-24T01:41:40.703+0000] {logging_mixin.py:120} INFO - [2024-09-24T01:41:40.703+0000] {dag.py:3340} INFO - Setting next_dagrun for tutorial to 2024-09-23T01:41:40.703260+00:00, run_after=2024-09-24T01:41:40.703260+00:00
[2024-09-24T01:41:40.740+0000] {processor.py:176} INFO - Processing /home/airflow/.local/lib/python3.7/site-packages/airflow/example_dags/tutorial.py took 0.200 seconds
[2024-09-24T03:27:55.875+0000] {processor.py:154} INFO - Started process (PID=13988) to work on /home/airflow/.local/lib/python3.7/site-packages/airflow/example_dags/tutorial.py
[2024-09-24T03:27:55.877+0000] {processor.py:756} INFO - Processing file /home/airflow/.local/lib/python3.7/site-packages/airflow/example_dags/tutorial.py for tasks to queue
[2024-09-24T03:27:55.879+0000] {logging_mixin.py:120} INFO - [2024-09-24T03:27:55.878+0000] {dagbag.py:537} INFO - Filling up the DagBag from /home/airflow/.local/lib/python3.7/site-packages/airflow/example_dags/tutorial.py
[2024-09-24T03:27:55.903+0000] {processor.py:766} INFO - DAG(s) dict_keys(['tutorial']) retrieved from /home/airflow/.local/lib/python3.7/site-packages/airflow/example_dags/tutorial.py
[2024-09-24T03:27:55.980+0000] {logging_mixin.py:120} INFO - [2024-09-24T03:27:55.979+0000] {dag.py:2585} INFO - Sync 1 DAGs
[2024-09-24T03:27:56.045+0000] {logging_mixin.py:120} INFO - [2024-09-24T03:27:56.045+0000] {dag.py:3340} INFO - Setting next_dagrun for tutorial to 2024-09-23T03:27:56.044496+00:00, run_after=2024-09-24T03:27:56.044496+00:00
[2024-09-24T03:27:56.078+0000] {processor.py:176} INFO - Processing /home/airflow/.local/lib/python3.7/site-packages/airflow/example_dags/tutorial.py took 0.208 seconds
[2024-09-24T04:19:36.616+0000] {processor.py:154} INFO - Started process (PID=14051) to work on /home/airflow/.local/lib/python3.7/site-packages/airflow/example_dags/tutorial.py
[2024-09-24T04:19:36.618+0000] {processor.py:756} INFO - Processing file /home/airflow/.local/lib/python3.7/site-packages/airflow/example_dags/tutorial.py for tasks to queue
[2024-09-24T04:19:36.626+0000] {logging_mixin.py:120} INFO - [2024-09-24T04:19:36.626+0000] {dagbag.py:537} INFO - Filling up the DagBag from /home/airflow/.local/lib/python3.7/site-packages/airflow/example_dags/tutorial.py
[2024-09-24T04:19:36.711+0000] {processor.py:766} INFO - DAG(s) dict_keys(['tutorial']) retrieved from /home/airflow/.local/lib/python3.7/site-packages/airflow/example_dags/tutorial.py
[2024-09-24T04:19:36.830+0000] {logging_mixin.py:120} INFO - [2024-09-24T04:19:36.829+0000] {dag.py:2585} INFO - Sync 1 DAGs
[2024-09-24T04:19:36.935+0000] {logging_mixin.py:120} INFO - [2024-09-24T04:19:36.935+0000] {dag.py:3340} INFO - Setting next_dagrun for tutorial to 2024-09-23T04:19:36.934205+00:00, run_after=2024-09-24T04:19:36.934205+00:00
[2024-09-24T04:19:36.989+0000] {processor.py:176} INFO - Processing /home/airflow/.local/lib/python3.7/site-packages/airflow/example_dags/tutorial.py took 0.380 seconds
[2024-09-24T04:20:07.292+0000] {processor.py:154} INFO - Started process (PID=14104) to work on /home/airflow/.local/lib/python3.7/site-packages/airflow/example_dags/tutorial.py
[2024-09-24T04:20:07.293+0000] {processor.py:756} INFO - Processing file /home/airflow/.local/lib/python3.7/site-packages/airflow/example_dags/tutorial.py for tasks to queue
[2024-09-24T04:20:07.297+0000] {logging_mixin.py:120} INFO - [2024-09-24T04:20:07.297+0000] {dagbag.py:537} INFO - Filling up the DagBag from /home/airflow/.local/lib/python3.7/site-packages/airflow/example_dags/tutorial.py
[2024-09-24T04:20:07.321+0000] {processor.py:766} INFO - DAG(s) dict_keys(['tutorial']) retrieved from /home/airflow/.local/lib/python3.7/site-packages/airflow/example_dags/tutorial.py
[2024-09-24T04:20:07.382+0000] {logging_mixin.py:120} INFO - [2024-09-24T04:20:07.382+0000] {dag.py:2585} INFO - Sync 1 DAGs
[2024-09-24T04:20:07.417+0000] {logging_mixin.py:120} INFO - [2024-09-24T04:20:07.417+0000] {dag.py:3340} INFO - Setting next_dagrun for tutorial to 2024-09-23T04:20:07.417253+00:00, run_after=2024-09-24T04:20:07.417253+00:00
[2024-09-24T04:20:07.446+0000] {processor.py:176} INFO - Processing /home/airflow/.local/lib/python3.7/site-packages/airflow/example_dags/tutorial.py took 0.159 seconds
[2024-09-24T04:20:37.629+0000] {processor.py:154} INFO - Started process (PID=14166) to work on /home/airflow/.local/lib/python3.7/site-packages/airflow/example_dags/tutorial.py
[2024-09-24T04:20:37.631+0000] {processor.py:756} INFO - Processing file /home/airflow/.local/lib/python3.7/site-packages/airflow/example_dags/tutorial.py for tasks to queue
[2024-09-24T04:20:37.633+0000] {logging_mixin.py:120} INFO - [2024-09-24T04:20:37.633+0000] {dagbag.py:537} INFO - Filling up the DagBag from /home/airflow/.local/lib/python3.7/site-packages/airflow/example_dags/tutorial.py
[2024-09-24T04:20:37.651+0000] {processor.py:766} INFO - DAG(s) dict_keys(['tutorial']) retrieved from /home/airflow/.local/lib/python3.7/site-packages/airflow/example_dags/tutorial.py
[2024-09-24T04:20:37.703+0000] {logging_mixin.py:120} INFO - [2024-09-24T04:20:37.703+0000] {dag.py:2585} INFO - Sync 1 DAGs
[2024-09-24T04:20:37.742+0000] {logging_mixin.py:120} INFO - [2024-09-24T04:20:37.741+0000] {dag.py:3340} INFO - Setting next_dagrun for tutorial to 2024-09-23T04:20:37.741575+00:00, run_after=2024-09-24T04:20:37.741575+00:00
[2024-09-24T04:20:37.772+0000] {processor.py:176} INFO - Processing /home/airflow/.local/lib/python3.7/site-packages/airflow/example_dags/tutorial.py took 0.147 seconds
[2024-09-24T04:21:08.249+0000] {processor.py:154} INFO - Started process (PID=14220) to work on /home/airflow/.local/lib/python3.7/site-packages/airflow/example_dags/tutorial.py
[2024-09-24T04:21:08.251+0000] {processor.py:756} INFO - Processing file /home/airflow/.local/lib/python3.7/site-packages/airflow/example_dags/tutorial.py for tasks to queue
[2024-09-24T04:21:08.253+0000] {logging_mixin.py:120} INFO - [2024-09-24T04:21:08.252+0000] {dagbag.py:537} INFO - Filling up the DagBag from /home/airflow/.local/lib/python3.7/site-packages/airflow/example_dags/tutorial.py
[2024-09-24T04:21:08.274+0000] {processor.py:766} INFO - DAG(s) dict_keys(['tutorial']) retrieved from /home/airflow/.local/lib/python3.7/site-packages/airflow/example_dags/tutorial.py
[2024-09-24T04:21:08.335+0000] {logging_mixin.py:120} INFO - [2024-09-24T04:21:08.335+0000] {dag.py:2585} INFO - Sync 1 DAGs
[2024-09-24T04:21:08.371+0000] {logging_mixin.py:120} INFO - [2024-09-24T04:21:08.371+0000] {dag.py:3340} INFO - Setting next_dagrun for tutorial to 2024-09-23T04:21:08.371165+00:00, run_after=2024-09-24T04:21:08.371165+00:00
[2024-09-24T04:21:08.401+0000] {processor.py:176} INFO - Processing /home/airflow/.local/lib/python3.7/site-packages/airflow/example_dags/tutorial.py took 0.157 seconds
[2024-09-24T04:21:38.672+0000] {processor.py:154} INFO - Started process (PID=14283) to work on /home/airflow/.local/lib/python3.7/site-packages/airflow/example_dags/tutorial.py
[2024-09-24T04:21:38.674+0000] {processor.py:756} INFO - Processing file /home/airflow/.local/lib/python3.7/site-packages/airflow/example_dags/tutorial.py for tasks to queue
[2024-09-24T04:21:38.675+0000] {logging_mixin.py:120} INFO - [2024-09-24T04:21:38.675+0000] {dagbag.py:537} INFO - Filling up the DagBag from /home/airflow/.local/lib/python3.7/site-packages/airflow/example_dags/tutorial.py
[2024-09-24T04:21:38.697+0000] {processor.py:766} INFO - DAG(s) dict_keys(['tutorial']) retrieved from /home/airflow/.local/lib/python3.7/site-packages/airflow/example_dags/tutorial.py
[2024-09-24T04:21:38.765+0000] {logging_mixin.py:120} INFO - [2024-09-24T04:21:38.765+0000] {dag.py:2585} INFO - Sync 1 DAGs
[2024-09-24T04:21:38.813+0000] {logging_mixin.py:120} INFO - [2024-09-24T04:21:38.812+0000] {dag.py:3340} INFO - Setting next_dagrun for tutorial to 2024-09-23T04:21:38.812484+00:00, run_after=2024-09-24T04:21:38.812484+00:00
[2024-09-24T04:21:38.845+0000] {processor.py:176} INFO - Processing /home/airflow/.local/lib/python3.7/site-packages/airflow/example_dags/tutorial.py took 0.177 seconds
[2024-09-24T04:22:08.944+0000] {processor.py:154} INFO - Started process (PID=14347) to work on /home/airflow/.local/lib/python3.7/site-packages/airflow/example_dags/tutorial.py
[2024-09-24T04:22:08.945+0000] {processor.py:756} INFO - Processing file /home/airflow/.local/lib/python3.7/site-packages/airflow/example_dags/tutorial.py for tasks to queue
[2024-09-24T04:22:08.946+0000] {logging_mixin.py:120} INFO - [2024-09-24T04:22:08.946+0000] {dagbag.py:537} INFO - Filling up the DagBag from /home/airflow/.local/lib/python3.7/site-packages/airflow/example_dags/tutorial.py
[2024-09-24T04:22:08.966+0000] {processor.py:766} INFO - DAG(s) dict_keys(['tutorial']) retrieved from /home/airflow/.local/lib/python3.7/site-packages/airflow/example_dags/tutorial.py
[2024-09-24T04:22:09.029+0000] {logging_mixin.py:120} INFO - [2024-09-24T04:22:09.029+0000] {dag.py:2585} INFO - Sync 1 DAGs
[2024-09-24T04:22:09.079+0000] {logging_mixin.py:120} INFO - [2024-09-24T04:22:09.079+0000] {dag.py:3340} INFO - Setting next_dagrun for tutorial to 2024-09-23T04:22:09.078720+00:00, run_after=2024-09-24T04:22:09.078720+00:00
[2024-09-24T04:22:09.113+0000] {processor.py:176} INFO - Processing /home/airflow/.local/lib/python3.7/site-packages/airflow/example_dags/tutorial.py took 0.173 seconds
[2024-09-24T04:22:39.415+0000] {processor.py:154} INFO - Started process (PID=14401) to work on /home/airflow/.local/lib/python3.7/site-packages/airflow/example_dags/tutorial.py
[2024-09-24T04:22:39.416+0000] {processor.py:756} INFO - Processing file /home/airflow/.local/lib/python3.7/site-packages/airflow/example_dags/tutorial.py for tasks to queue
[2024-09-24T04:22:39.417+0000] {logging_mixin.py:120} INFO - [2024-09-24T04:22:39.417+0000] {dagbag.py:537} INFO - Filling up the DagBag from /home/airflow/.local/lib/python3.7/site-packages/airflow/example_dags/tutorial.py
[2024-09-24T04:22:39.436+0000] {processor.py:766} INFO - DAG(s) dict_keys(['tutorial']) retrieved from /home/airflow/.local/lib/python3.7/site-packages/airflow/example_dags/tutorial.py
[2024-09-24T04:22:39.489+0000] {logging_mixin.py:120} INFO - [2024-09-24T04:22:39.489+0000] {dag.py:2585} INFO - Sync 1 DAGs
[2024-09-24T04:22:39.525+0000] {logging_mixin.py:120} INFO - [2024-09-24T04:22:39.525+0000] {dag.py:3340} INFO - Setting next_dagrun for tutorial to 2024-09-23T04:22:39.524827+00:00, run_after=2024-09-24T04:22:39.524827+00:00
[2024-09-24T04:22:39.549+0000] {processor.py:176} INFO - Processing /home/airflow/.local/lib/python3.7/site-packages/airflow/example_dags/tutorial.py took 0.138 seconds
[2024-09-24T04:23:09.616+0000] {processor.py:154} INFO - Started process (PID=14464) to work on /home/airflow/.local/lib/python3.7/site-packages/airflow/example_dags/tutorial.py
[2024-09-24T04:23:09.618+0000] {processor.py:756} INFO - Processing file /home/airflow/.local/lib/python3.7/site-packages/airflow/example_dags/tutorial.py for tasks to queue
[2024-09-24T04:23:09.619+0000] {logging_mixin.py:120} INFO - [2024-09-24T04:23:09.619+0000] {dagbag.py:537} INFO - Filling up the DagBag from /home/airflow/.local/lib/python3.7/site-packages/airflow/example_dags/tutorial.py
[2024-09-24T04:23:09.636+0000] {processor.py:766} INFO - DAG(s) dict_keys(['tutorial']) retrieved from /home/airflow/.local/lib/python3.7/site-packages/airflow/example_dags/tutorial.py
[2024-09-24T04:23:09.685+0000] {logging_mixin.py:120} INFO - [2024-09-24T04:23:09.685+0000] {dag.py:2585} INFO - Sync 1 DAGs
[2024-09-24T04:23:09.715+0000] {logging_mixin.py:120} INFO - [2024-09-24T04:23:09.715+0000] {dag.py:3340} INFO - Setting next_dagrun for tutorial to 2024-09-23T04:23:09.714647+00:00, run_after=2024-09-24T04:23:09.714647+00:00
[2024-09-24T04:23:09.738+0000] {processor.py:176} INFO - Processing /home/airflow/.local/lib/python3.7/site-packages/airflow/example_dags/tutorial.py took 0.126 seconds
[2024-09-24T04:23:40.779+0000] {processor.py:154} INFO - Started process (PID=14527) to work on /home/airflow/.local/lib/python3.7/site-packages/airflow/example_dags/tutorial.py
[2024-09-24T04:23:40.780+0000] {processor.py:756} INFO - Processing file /home/airflow/.local/lib/python3.7/site-packages/airflow/example_dags/tutorial.py for tasks to queue
[2024-09-24T04:23:40.781+0000] {logging_mixin.py:120} INFO - [2024-09-24T04:23:40.781+0000] {dagbag.py:537} INFO - Filling up the DagBag from /home/airflow/.local/lib/python3.7/site-packages/airflow/example_dags/tutorial.py
[2024-09-24T04:23:40.802+0000] {processor.py:766} INFO - DAG(s) dict_keys(['tutorial']) retrieved from /home/airflow/.local/lib/python3.7/site-packages/airflow/example_dags/tutorial.py
[2024-09-24T04:23:40.852+0000] {logging_mixin.py:120} INFO - [2024-09-24T04:23:40.851+0000] {dag.py:2585} INFO - Sync 1 DAGs
[2024-09-24T04:23:40.884+0000] {logging_mixin.py:120} INFO - [2024-09-24T04:23:40.884+0000] {dag.py:3340} INFO - Setting next_dagrun for tutorial to 2024-09-23T04:23:40.884259+00:00, run_after=2024-09-24T04:23:40.884259+00:00
[2024-09-24T04:23:40.908+0000] {processor.py:176} INFO - Processing /home/airflow/.local/lib/python3.7/site-packages/airflow/example_dags/tutorial.py took 0.134 seconds
[2024-09-24T04:24:11.141+0000] {processor.py:154} INFO - Started process (PID=14580) to work on /home/airflow/.local/lib/python3.7/site-packages/airflow/example_dags/tutorial.py
[2024-09-24T04:24:11.142+0000] {processor.py:756} INFO - Processing file /home/airflow/.local/lib/python3.7/site-packages/airflow/example_dags/tutorial.py for tasks to queue
[2024-09-24T04:24:11.143+0000] {logging_mixin.py:120} INFO - [2024-09-24T04:24:11.143+0000] {dagbag.py:537} INFO - Filling up the DagBag from /home/airflow/.local/lib/python3.7/site-packages/airflow/example_dags/tutorial.py
[2024-09-24T04:24:11.162+0000] {processor.py:766} INFO - DAG(s) dict_keys(['tutorial']) retrieved from /home/airflow/.local/lib/python3.7/site-packages/airflow/example_dags/tutorial.py
[2024-09-24T04:24:11.213+0000] {logging_mixin.py:120} INFO - [2024-09-24T04:24:11.213+0000] {dag.py:2585} INFO - Sync 1 DAGs
[2024-09-24T04:24:11.246+0000] {logging_mixin.py:120} INFO - [2024-09-24T04:24:11.245+0000] {dag.py:3340} INFO - Setting next_dagrun for tutorial to 2024-09-23T04:24:11.245652+00:00, run_after=2024-09-24T04:24:11.245652+00:00
[2024-09-24T04:24:11.270+0000] {processor.py:176} INFO - Processing /home/airflow/.local/lib/python3.7/site-packages/airflow/example_dags/tutorial.py took 0.134 seconds
[2024-09-24T04:24:42.088+0000] {processor.py:154} INFO - Started process (PID=14643) to work on /home/airflow/.local/lib/python3.7/site-packages/airflow/example_dags/tutorial.py
[2024-09-24T04:24:42.090+0000] {processor.py:756} INFO - Processing file /home/airflow/.local/lib/python3.7/site-packages/airflow/example_dags/tutorial.py for tasks to queue
[2024-09-24T04:24:42.091+0000] {logging_mixin.py:120} INFO - [2024-09-24T04:24:42.090+0000] {dagbag.py:537} INFO - Filling up the DagBag from /home/airflow/.local/lib/python3.7/site-packages/airflow/example_dags/tutorial.py
[2024-09-24T04:24:42.109+0000] {processor.py:766} INFO - DAG(s) dict_keys(['tutorial']) retrieved from /home/airflow/.local/lib/python3.7/site-packages/airflow/example_dags/tutorial.py
[2024-09-24T04:24:42.160+0000] {logging_mixin.py:120} INFO - [2024-09-24T04:24:42.160+0000] {dag.py:2585} INFO - Sync 1 DAGs
[2024-09-24T04:24:42.191+0000] {logging_mixin.py:120} INFO - [2024-09-24T04:24:42.191+0000] {dag.py:3340} INFO - Setting next_dagrun for tutorial to 2024-09-23T04:24:42.190953+00:00, run_after=2024-09-24T04:24:42.190953+00:00
[2024-09-24T04:24:42.215+0000] {processor.py:176} INFO - Processing /home/airflow/.local/lib/python3.7/site-packages/airflow/example_dags/tutorial.py took 0.131 seconds
[2024-09-24T04:25:12.525+0000] {processor.py:154} INFO - Started process (PID=14706) to work on /home/airflow/.local/lib/python3.7/site-packages/airflow/example_dags/tutorial.py
[2024-09-24T04:25:12.526+0000] {processor.py:756} INFO - Processing file /home/airflow/.local/lib/python3.7/site-packages/airflow/example_dags/tutorial.py for tasks to queue
[2024-09-24T04:25:12.528+0000] {logging_mixin.py:120} INFO - [2024-09-24T04:25:12.528+0000] {dagbag.py:537} INFO - Filling up the DagBag from /home/airflow/.local/lib/python3.7/site-packages/airflow/example_dags/tutorial.py
[2024-09-24T04:25:12.548+0000] {processor.py:766} INFO - DAG(s) dict_keys(['tutorial']) retrieved from /home/airflow/.local/lib/python3.7/site-packages/airflow/example_dags/tutorial.py
[2024-09-24T04:25:12.600+0000] {logging_mixin.py:120} INFO - [2024-09-24T04:25:12.600+0000] {dag.py:2585} INFO - Sync 1 DAGs
[2024-09-24T04:25:12.631+0000] {logging_mixin.py:120} INFO - [2024-09-24T04:25:12.631+0000] {dag.py:3340} INFO - Setting next_dagrun for tutorial to 2024-09-23T04:25:12.631012+00:00, run_after=2024-09-24T04:25:12.631012+00:00
[2024-09-24T04:25:12.658+0000] {processor.py:176} INFO - Processing /home/airflow/.local/lib/python3.7/site-packages/airflow/example_dags/tutorial.py took 0.138 seconds
[2024-09-24T04:25:43.748+0000] {processor.py:154} INFO - Started process (PID=14766) to work on /home/airflow/.local/lib/python3.7/site-packages/airflow/example_dags/tutorial.py
[2024-09-24T04:25:43.749+0000] {processor.py:756} INFO - Processing file /home/airflow/.local/lib/python3.7/site-packages/airflow/example_dags/tutorial.py for tasks to queue
[2024-09-24T04:25:43.750+0000] {logging_mixin.py:120} INFO - [2024-09-24T04:25:43.750+0000] {dagbag.py:537} INFO - Filling up the DagBag from /home/airflow/.local/lib/python3.7/site-packages/airflow/example_dags/tutorial.py
[2024-09-24T04:25:43.774+0000] {processor.py:766} INFO - DAG(s) dict_keys(['tutorial']) retrieved from /home/airflow/.local/lib/python3.7/site-packages/airflow/example_dags/tutorial.py
[2024-09-24T04:25:43.829+0000] {logging_mixin.py:120} INFO - [2024-09-24T04:25:43.829+0000] {dag.py:2585} INFO - Sync 1 DAGs
[2024-09-24T04:25:43.863+0000] {logging_mixin.py:120} INFO - [2024-09-24T04:25:43.863+0000] {dag.py:3340} INFO - Setting next_dagrun for tutorial to 2024-09-23T04:25:43.862910+00:00, run_after=2024-09-24T04:25:43.862910+00:00
[2024-09-24T04:25:43.894+0000] {processor.py:176} INFO - Processing /home/airflow/.local/lib/python3.7/site-packages/airflow/example_dags/tutorial.py took 0.151 seconds
[2024-09-24T04:26:14.942+0000] {processor.py:154} INFO - Started process (PID=14822) to work on /home/airflow/.local/lib/python3.7/site-packages/airflow/example_dags/tutorial.py
[2024-09-24T04:26:14.943+0000] {processor.py:756} INFO - Processing file /home/airflow/.local/lib/python3.7/site-packages/airflow/example_dags/tutorial.py for tasks to queue
[2024-09-24T04:26:14.944+0000] {logging_mixin.py:120} INFO - [2024-09-24T04:26:14.944+0000] {dagbag.py:537} INFO - Filling up the DagBag from /home/airflow/.local/lib/python3.7/site-packages/airflow/example_dags/tutorial.py
[2024-09-24T04:26:14.965+0000] {processor.py:766} INFO - DAG(s) dict_keys(['tutorial']) retrieved from /home/airflow/.local/lib/python3.7/site-packages/airflow/example_dags/tutorial.py
[2024-09-24T04:26:15.015+0000] {logging_mixin.py:120} INFO - [2024-09-24T04:26:15.015+0000] {dag.py:2585} INFO - Sync 1 DAGs
[2024-09-24T04:26:15.046+0000] {logging_mixin.py:120} INFO - [2024-09-24T04:26:15.046+0000] {dag.py:3340} INFO - Setting next_dagrun for tutorial to 2024-09-23T04:26:15.046046+00:00, run_after=2024-09-24T04:26:15.046046+00:00
[2024-09-24T04:26:15.067+0000] {processor.py:176} INFO - Processing /home/airflow/.local/lib/python3.7/site-packages/airflow/example_dags/tutorial.py took 0.130 seconds
[2024-09-24T04:26:45.542+0000] {processor.py:154} INFO - Started process (PID=14884) to work on /home/airflow/.local/lib/python3.7/site-packages/airflow/example_dags/tutorial.py
[2024-09-24T04:26:45.544+0000] {processor.py:756} INFO - Processing file /home/airflow/.local/lib/python3.7/site-packages/airflow/example_dags/tutorial.py for tasks to queue
[2024-09-24T04:26:45.545+0000] {logging_mixin.py:120} INFO - [2024-09-24T04:26:45.545+0000] {dagbag.py:537} INFO - Filling up the DagBag from /home/airflow/.local/lib/python3.7/site-packages/airflow/example_dags/tutorial.py
[2024-09-24T04:26:45.566+0000] {processor.py:766} INFO - DAG(s) dict_keys(['tutorial']) retrieved from /home/airflow/.local/lib/python3.7/site-packages/airflow/example_dags/tutorial.py
[2024-09-24T04:26:45.621+0000] {logging_mixin.py:120} INFO - [2024-09-24T04:26:45.621+0000] {dag.py:2585} INFO - Sync 1 DAGs
[2024-09-24T04:26:45.653+0000] {logging_mixin.py:120} INFO - [2024-09-24T04:26:45.653+0000] {dag.py:3340} INFO - Setting next_dagrun for tutorial to 2024-09-23T04:26:45.652808+00:00, run_after=2024-09-24T04:26:45.652808+00:00
[2024-09-24T04:26:45.680+0000] {processor.py:176} INFO - Processing /home/airflow/.local/lib/python3.7/site-packages/airflow/example_dags/tutorial.py took 0.143 seconds
[2024-09-24T04:27:16.179+0000] {processor.py:154} INFO - Started process (PID=14946) to work on /home/airflow/.local/lib/python3.7/site-packages/airflow/example_dags/tutorial.py
[2024-09-24T04:27:16.180+0000] {processor.py:756} INFO - Processing file /home/airflow/.local/lib/python3.7/site-packages/airflow/example_dags/tutorial.py for tasks to queue
[2024-09-24T04:27:16.181+0000] {logging_mixin.py:120} INFO - [2024-09-24T04:27:16.181+0000] {dagbag.py:537} INFO - Filling up the DagBag from /home/airflow/.local/lib/python3.7/site-packages/airflow/example_dags/tutorial.py
[2024-09-24T04:27:16.203+0000] {processor.py:766} INFO - DAG(s) dict_keys(['tutorial']) retrieved from /home/airflow/.local/lib/python3.7/site-packages/airflow/example_dags/tutorial.py
[2024-09-24T04:27:16.262+0000] {logging_mixin.py:120} INFO - [2024-09-24T04:27:16.262+0000] {dag.py:2585} INFO - Sync 1 DAGs
[2024-09-24T04:27:16.299+0000] {logging_mixin.py:120} INFO - [2024-09-24T04:27:16.299+0000] {dag.py:3340} INFO - Setting next_dagrun for tutorial to 2024-09-23T04:27:16.299021+00:00, run_after=2024-09-24T04:27:16.299021+00:00
[2024-09-24T04:27:16.329+0000] {processor.py:176} INFO - Processing /home/airflow/.local/lib/python3.7/site-packages/airflow/example_dags/tutorial.py took 0.155 seconds
[2024-09-24T04:27:46.448+0000] {processor.py:154} INFO - Started process (PID=15000) to work on /home/airflow/.local/lib/python3.7/site-packages/airflow/example_dags/tutorial.py
[2024-09-24T04:27:46.449+0000] {processor.py:756} INFO - Processing file /home/airflow/.local/lib/python3.7/site-packages/airflow/example_dags/tutorial.py for tasks to queue
[2024-09-24T04:27:46.451+0000] {logging_mixin.py:120} INFO - [2024-09-24T04:27:46.450+0000] {dagbag.py:537} INFO - Filling up the DagBag from /home/airflow/.local/lib/python3.7/site-packages/airflow/example_dags/tutorial.py
[2024-09-24T04:27:46.470+0000] {processor.py:766} INFO - DAG(s) dict_keys(['tutorial']) retrieved from /home/airflow/.local/lib/python3.7/site-packages/airflow/example_dags/tutorial.py
[2024-09-24T04:27:46.520+0000] {logging_mixin.py:120} INFO - [2024-09-24T04:27:46.520+0000] {dag.py:2585} INFO - Sync 1 DAGs
[2024-09-24T04:27:46.550+0000] {logging_mixin.py:120} INFO - [2024-09-24T04:27:46.550+0000] {dag.py:3340} INFO - Setting next_dagrun for tutorial to 2024-09-23T04:27:46.550056+00:00, run_after=2024-09-24T04:27:46.550056+00:00
[2024-09-24T04:27:46.573+0000] {processor.py:176} INFO - Processing /home/airflow/.local/lib/python3.7/site-packages/airflow/example_dags/tutorial.py took 0.129 seconds
[2024-09-24T04:28:16.941+0000] {processor.py:154} INFO - Started process (PID=15063) to work on /home/airflow/.local/lib/python3.7/site-packages/airflow/example_dags/tutorial.py
[2024-09-24T04:28:16.942+0000] {processor.py:756} INFO - Processing file /home/airflow/.local/lib/python3.7/site-packages/airflow/example_dags/tutorial.py for tasks to queue
[2024-09-24T04:28:16.943+0000] {logging_mixin.py:120} INFO - [2024-09-24T04:28:16.943+0000] {dagbag.py:537} INFO - Filling up the DagBag from /home/airflow/.local/lib/python3.7/site-packages/airflow/example_dags/tutorial.py
[2024-09-24T04:28:16.966+0000] {processor.py:766} INFO - DAG(s) dict_keys(['tutorial']) retrieved from /home/airflow/.local/lib/python3.7/site-packages/airflow/example_dags/tutorial.py
[2024-09-24T04:28:17.023+0000] {logging_mixin.py:120} INFO - [2024-09-24T04:28:17.023+0000] {dag.py:2585} INFO - Sync 1 DAGs
[2024-09-24T04:28:17.060+0000] {logging_mixin.py:120} INFO - [2024-09-24T04:28:17.060+0000] {dag.py:3340} INFO - Setting next_dagrun for tutorial to 2024-09-23T04:28:17.060332+00:00, run_after=2024-09-24T04:28:17.060332+00:00
[2024-09-24T04:28:17.084+0000] {processor.py:176} INFO - Processing /home/airflow/.local/lib/python3.7/site-packages/airflow/example_dags/tutorial.py took 0.147 seconds
[2024-09-24T04:28:47.407+0000] {processor.py:154} INFO - Started process (PID=15126) to work on /home/airflow/.local/lib/python3.7/site-packages/airflow/example_dags/tutorial.py
[2024-09-24T04:28:47.409+0000] {processor.py:756} INFO - Processing file /home/airflow/.local/lib/python3.7/site-packages/airflow/example_dags/tutorial.py for tasks to queue
[2024-09-24T04:28:47.410+0000] {logging_mixin.py:120} INFO - [2024-09-24T04:28:47.410+0000] {dagbag.py:537} INFO - Filling up the DagBag from /home/airflow/.local/lib/python3.7/site-packages/airflow/example_dags/tutorial.py
[2024-09-24T04:28:47.429+0000] {processor.py:766} INFO - DAG(s) dict_keys(['tutorial']) retrieved from /home/airflow/.local/lib/python3.7/site-packages/airflow/example_dags/tutorial.py
[2024-09-24T04:28:47.479+0000] {logging_mixin.py:120} INFO - [2024-09-24T04:28:47.479+0000] {dag.py:2585} INFO - Sync 1 DAGs
[2024-09-24T04:28:47.510+0000] {logging_mixin.py:120} INFO - [2024-09-24T04:28:47.509+0000] {dag.py:3340} INFO - Setting next_dagrun for tutorial to 2024-09-23T04:28:47.509633+00:00, run_after=2024-09-24T04:28:47.509633+00:00
[2024-09-24T04:28:47.532+0000] {processor.py:176} INFO - Processing /home/airflow/.local/lib/python3.7/site-packages/airflow/example_dags/tutorial.py took 0.129 seconds
[2024-09-24T04:29:18.138+0000] {processor.py:154} INFO - Started process (PID=15180) to work on /home/airflow/.local/lib/python3.7/site-packages/airflow/example_dags/tutorial.py
[2024-09-24T04:29:18.140+0000] {processor.py:756} INFO - Processing file /home/airflow/.local/lib/python3.7/site-packages/airflow/example_dags/tutorial.py for tasks to queue
[2024-09-24T04:29:18.141+0000] {logging_mixin.py:120} INFO - [2024-09-24T04:29:18.140+0000] {dagbag.py:537} INFO - Filling up the DagBag from /home/airflow/.local/lib/python3.7/site-packages/airflow/example_dags/tutorial.py
[2024-09-24T04:29:18.166+0000] {processor.py:766} INFO - DAG(s) dict_keys(['tutorial']) retrieved from /home/airflow/.local/lib/python3.7/site-packages/airflow/example_dags/tutorial.py
[2024-09-24T04:29:18.226+0000] {logging_mixin.py:120} INFO - [2024-09-24T04:29:18.226+0000] {dag.py:2585} INFO - Sync 1 DAGs
[2024-09-24T04:29:18.260+0000] {logging_mixin.py:120} INFO - [2024-09-24T04:29:18.260+0000] {dag.py:3340} INFO - Setting next_dagrun for tutorial to 2024-09-23T04:29:18.260465+00:00, run_after=2024-09-24T04:29:18.260465+00:00
[2024-09-24T04:29:18.291+0000] {processor.py:176} INFO - Processing /home/airflow/.local/lib/python3.7/site-packages/airflow/example_dags/tutorial.py took 0.158 seconds
[2024-09-24T04:29:49.270+0000] {processor.py:154} INFO - Started process (PID=15244) to work on /home/airflow/.local/lib/python3.7/site-packages/airflow/example_dags/tutorial.py
[2024-09-24T04:29:49.272+0000] {processor.py:756} INFO - Processing file /home/airflow/.local/lib/python3.7/site-packages/airflow/example_dags/tutorial.py for tasks to queue
[2024-09-24T04:29:49.273+0000] {logging_mixin.py:120} INFO - [2024-09-24T04:29:49.273+0000] {dagbag.py:537} INFO - Filling up the DagBag from /home/airflow/.local/lib/python3.7/site-packages/airflow/example_dags/tutorial.py
[2024-09-24T04:29:49.292+0000] {processor.py:766} INFO - DAG(s) dict_keys(['tutorial']) retrieved from /home/airflow/.local/lib/python3.7/site-packages/airflow/example_dags/tutorial.py
[2024-09-24T04:29:49.341+0000] {logging_mixin.py:120} INFO - [2024-09-24T04:29:49.340+0000] {dag.py:2585} INFO - Sync 1 DAGs
[2024-09-24T04:29:49.368+0000] {logging_mixin.py:120} INFO - [2024-09-24T04:29:49.367+0000] {dag.py:3340} INFO - Setting next_dagrun for tutorial to 2024-09-23T04:29:49.367746+00:00, run_after=2024-09-24T04:29:49.367746+00:00
[2024-09-24T04:29:49.388+0000] {processor.py:176} INFO - Processing /home/airflow/.local/lib/python3.7/site-packages/airflow/example_dags/tutorial.py took 0.122 seconds
[2024-09-24T04:30:19.622+0000] {processor.py:154} INFO - Started process (PID=15306) to work on /home/airflow/.local/lib/python3.7/site-packages/airflow/example_dags/tutorial.py
[2024-09-24T04:30:19.623+0000] {processor.py:756} INFO - Processing file /home/airflow/.local/lib/python3.7/site-packages/airflow/example_dags/tutorial.py for tasks to queue
[2024-09-24T04:30:19.624+0000] {logging_mixin.py:120} INFO - [2024-09-24T04:30:19.624+0000] {dagbag.py:537} INFO - Filling up the DagBag from /home/airflow/.local/lib/python3.7/site-packages/airflow/example_dags/tutorial.py
[2024-09-24T04:30:19.643+0000] {processor.py:766} INFO - DAG(s) dict_keys(['tutorial']) retrieved from /home/airflow/.local/lib/python3.7/site-packages/airflow/example_dags/tutorial.py
[2024-09-24T04:30:19.694+0000] {logging_mixin.py:120} INFO - [2024-09-24T04:30:19.694+0000] {dag.py:2585} INFO - Sync 1 DAGs
[2024-09-24T04:30:19.730+0000] {logging_mixin.py:120} INFO - [2024-09-24T04:30:19.730+0000] {dag.py:3340} INFO - Setting next_dagrun for tutorial to 2024-09-23T04:30:19.730482+00:00, run_after=2024-09-24T04:30:19.730482+00:00
[2024-09-24T04:30:19.753+0000] {processor.py:176} INFO - Processing /home/airflow/.local/lib/python3.7/site-packages/airflow/example_dags/tutorial.py took 0.135 seconds
[2024-09-24T04:30:50.026+0000] {processor.py:154} INFO - Started process (PID=15361) to work on /home/airflow/.local/lib/python3.7/site-packages/airflow/example_dags/tutorial.py
[2024-09-24T04:30:50.027+0000] {processor.py:756} INFO - Processing file /home/airflow/.local/lib/python3.7/site-packages/airflow/example_dags/tutorial.py for tasks to queue
[2024-09-24T04:30:50.028+0000] {logging_mixin.py:120} INFO - [2024-09-24T04:30:50.028+0000] {dagbag.py:537} INFO - Filling up the DagBag from /home/airflow/.local/lib/python3.7/site-packages/airflow/example_dags/tutorial.py
[2024-09-24T04:30:50.047+0000] {processor.py:766} INFO - DAG(s) dict_keys(['tutorial']) retrieved from /home/airflow/.local/lib/python3.7/site-packages/airflow/example_dags/tutorial.py
[2024-09-24T04:30:50.105+0000] {logging_mixin.py:120} INFO - [2024-09-24T04:30:50.104+0000] {dag.py:2585} INFO - Sync 1 DAGs
[2024-09-24T04:30:50.142+0000] {logging_mixin.py:120} INFO - [2024-09-24T04:30:50.142+0000] {dag.py:3340} INFO - Setting next_dagrun for tutorial to 2024-09-23T04:30:50.142450+00:00, run_after=2024-09-24T04:30:50.142450+00:00
[2024-09-24T04:30:50.167+0000] {processor.py:176} INFO - Processing /home/airflow/.local/lib/python3.7/site-packages/airflow/example_dags/tutorial.py took 0.145 seconds
[2024-09-24T04:31:20.581+0000] {processor.py:154} INFO - Started process (PID=15424) to work on /home/airflow/.local/lib/python3.7/site-packages/airflow/example_dags/tutorial.py
[2024-09-24T04:31:20.582+0000] {processor.py:756} INFO - Processing file /home/airflow/.local/lib/python3.7/site-packages/airflow/example_dags/tutorial.py for tasks to queue
[2024-09-24T04:31:20.583+0000] {logging_mixin.py:120} INFO - [2024-09-24T04:31:20.583+0000] {dagbag.py:537} INFO - Filling up the DagBag from /home/airflow/.local/lib/python3.7/site-packages/airflow/example_dags/tutorial.py
[2024-09-24T04:31:20.602+0000] {processor.py:766} INFO - DAG(s) dict_keys(['tutorial']) retrieved from /home/airflow/.local/lib/python3.7/site-packages/airflow/example_dags/tutorial.py
[2024-09-24T04:31:20.656+0000] {logging_mixin.py:120} INFO - [2024-09-24T04:31:20.656+0000] {dag.py:2585} INFO - Sync 1 DAGs
[2024-09-24T04:31:20.690+0000] {logging_mixin.py:120} INFO - [2024-09-24T04:31:20.690+0000] {dag.py:3340} INFO - Setting next_dagrun for tutorial to 2024-09-23T04:31:20.690493+00:00, run_after=2024-09-24T04:31:20.690493+00:00
[2024-09-24T04:31:20.723+0000] {processor.py:176} INFO - Processing /home/airflow/.local/lib/python3.7/site-packages/airflow/example_dags/tutorial.py took 0.146 seconds
[2024-09-24T04:31:51.214+0000] {processor.py:154} INFO - Started process (PID=15487) to work on /home/airflow/.local/lib/python3.7/site-packages/airflow/example_dags/tutorial.py
[2024-09-24T04:31:51.216+0000] {processor.py:756} INFO - Processing file /home/airflow/.local/lib/python3.7/site-packages/airflow/example_dags/tutorial.py for tasks to queue
[2024-09-24T04:31:51.217+0000] {logging_mixin.py:120} INFO - [2024-09-24T04:31:51.217+0000] {dagbag.py:537} INFO - Filling up the DagBag from /home/airflow/.local/lib/python3.7/site-packages/airflow/example_dags/tutorial.py
[2024-09-24T04:31:51.246+0000] {processor.py:766} INFO - DAG(s) dict_keys(['tutorial']) retrieved from /home/airflow/.local/lib/python3.7/site-packages/airflow/example_dags/tutorial.py
[2024-09-24T04:31:51.313+0000] {logging_mixin.py:120} INFO - [2024-09-24T04:31:51.313+0000] {dag.py:2585} INFO - Sync 1 DAGs
[2024-09-24T04:31:51.353+0000] {logging_mixin.py:120} INFO - [2024-09-24T04:31:51.353+0000] {dag.py:3340} INFO - Setting next_dagrun for tutorial to 2024-09-23T04:31:51.352713+00:00, run_after=2024-09-24T04:31:51.352713+00:00
[2024-09-24T04:31:51.384+0000] {processor.py:176} INFO - Processing /home/airflow/.local/lib/python3.7/site-packages/airflow/example_dags/tutorial.py took 0.176 seconds
[2024-09-24T04:32:22.197+0000] {processor.py:154} INFO - Started process (PID=15540) to work on /home/airflow/.local/lib/python3.7/site-packages/airflow/example_dags/tutorial.py
[2024-09-24T04:32:22.199+0000] {processor.py:756} INFO - Processing file /home/airflow/.local/lib/python3.7/site-packages/airflow/example_dags/tutorial.py for tasks to queue
[2024-09-24T04:32:22.200+0000] {logging_mixin.py:120} INFO - [2024-09-24T04:32:22.200+0000] {dagbag.py:537} INFO - Filling up the DagBag from /home/airflow/.local/lib/python3.7/site-packages/airflow/example_dags/tutorial.py
[2024-09-24T04:32:22.223+0000] {processor.py:766} INFO - DAG(s) dict_keys(['tutorial']) retrieved from /home/airflow/.local/lib/python3.7/site-packages/airflow/example_dags/tutorial.py
[2024-09-24T04:32:22.280+0000] {logging_mixin.py:120} INFO - [2024-09-24T04:32:22.280+0000] {dag.py:2585} INFO - Sync 1 DAGs
[2024-09-24T04:32:22.318+0000] {logging_mixin.py:120} INFO - [2024-09-24T04:32:22.318+0000] {dag.py:3340} INFO - Setting next_dagrun for tutorial to 2024-09-23T04:32:22.318286+00:00, run_after=2024-09-24T04:32:22.318286+00:00
[2024-09-24T04:32:22.347+0000] {processor.py:176} INFO - Processing /home/airflow/.local/lib/python3.7/site-packages/airflow/example_dags/tutorial.py took 0.155 seconds
[2024-09-24T04:32:53.156+0000] {processor.py:154} INFO - Started process (PID=15604) to work on /home/airflow/.local/lib/python3.7/site-packages/airflow/example_dags/tutorial.py
[2024-09-24T04:32:53.157+0000] {processor.py:756} INFO - Processing file /home/airflow/.local/lib/python3.7/site-packages/airflow/example_dags/tutorial.py for tasks to queue
[2024-09-24T04:32:53.159+0000] {logging_mixin.py:120} INFO - [2024-09-24T04:32:53.159+0000] {dagbag.py:537} INFO - Filling up the DagBag from /home/airflow/.local/lib/python3.7/site-packages/airflow/example_dags/tutorial.py
[2024-09-24T04:32:53.181+0000] {processor.py:766} INFO - DAG(s) dict_keys(['tutorial']) retrieved from /home/airflow/.local/lib/python3.7/site-packages/airflow/example_dags/tutorial.py
[2024-09-24T04:32:53.243+0000] {logging_mixin.py:120} INFO - [2024-09-24T04:32:53.243+0000] {dag.py:2585} INFO - Sync 1 DAGs
[2024-09-24T04:32:53.284+0000] {logging_mixin.py:120} INFO - [2024-09-24T04:32:53.284+0000] {dag.py:3340} INFO - Setting next_dagrun for tutorial to 2024-09-23T04:32:53.284014+00:00, run_after=2024-09-24T04:32:53.284014+00:00
[2024-09-24T04:32:53.314+0000] {processor.py:176} INFO - Processing /home/airflow/.local/lib/python3.7/site-packages/airflow/example_dags/tutorial.py took 0.162 seconds
[2024-09-24T04:33:24.070+0000] {processor.py:154} INFO - Started process (PID=15658) to work on /home/airflow/.local/lib/python3.7/site-packages/airflow/example_dags/tutorial.py
[2024-09-24T04:33:24.072+0000] {processor.py:756} INFO - Processing file /home/airflow/.local/lib/python3.7/site-packages/airflow/example_dags/tutorial.py for tasks to queue
[2024-09-24T04:33:24.073+0000] {logging_mixin.py:120} INFO - [2024-09-24T04:33:24.073+0000] {dagbag.py:537} INFO - Filling up the DagBag from /home/airflow/.local/lib/python3.7/site-packages/airflow/example_dags/tutorial.py
[2024-09-24T04:33:24.097+0000] {processor.py:766} INFO - DAG(s) dict_keys(['tutorial']) retrieved from /home/airflow/.local/lib/python3.7/site-packages/airflow/example_dags/tutorial.py
[2024-09-24T04:33:24.158+0000] {logging_mixin.py:120} INFO - [2024-09-24T04:33:24.158+0000] {dag.py:2585} INFO - Sync 1 DAGs
[2024-09-24T04:33:24.199+0000] {logging_mixin.py:120} INFO - [2024-09-24T04:33:24.199+0000] {dag.py:3340} INFO - Setting next_dagrun for tutorial to 2024-09-23T04:33:24.198409+00:00, run_after=2024-09-24T04:33:24.198409+00:00
[2024-09-24T04:33:24.235+0000] {processor.py:176} INFO - Processing /home/airflow/.local/lib/python3.7/site-packages/airflow/example_dags/tutorial.py took 0.169 seconds
[2024-09-24T04:33:54.322+0000] {processor.py:154} INFO - Started process (PID=15720) to work on /home/airflow/.local/lib/python3.7/site-packages/airflow/example_dags/tutorial.py
[2024-09-24T04:33:54.324+0000] {processor.py:756} INFO - Processing file /home/airflow/.local/lib/python3.7/site-packages/airflow/example_dags/tutorial.py for tasks to queue
[2024-09-24T04:33:54.326+0000] {logging_mixin.py:120} INFO - [2024-09-24T04:33:54.326+0000] {dagbag.py:537} INFO - Filling up the DagBag from /home/airflow/.local/lib/python3.7/site-packages/airflow/example_dags/tutorial.py
[2024-09-24T04:33:54.369+0000] {processor.py:766} INFO - DAG(s) dict_keys(['tutorial']) retrieved from /home/airflow/.local/lib/python3.7/site-packages/airflow/example_dags/tutorial.py
[2024-09-24T04:33:54.443+0000] {logging_mixin.py:120} INFO - [2024-09-24T04:33:54.443+0000] {dag.py:2585} INFO - Sync 1 DAGs
[2024-09-24T04:33:54.499+0000] {logging_mixin.py:120} INFO - [2024-09-24T04:33:54.498+0000] {dag.py:3340} INFO - Setting next_dagrun for tutorial to 2024-09-23T04:33:54.498330+00:00, run_after=2024-09-24T04:33:54.498330+00:00
[2024-09-24T04:33:54.545+0000] {processor.py:176} INFO - Processing /home/airflow/.local/lib/python3.7/site-packages/airflow/example_dags/tutorial.py took 0.227 seconds
[2024-09-24T04:34:25.759+0000] {processor.py:154} INFO - Started process (PID=15784) to work on /home/airflow/.local/lib/python3.7/site-packages/airflow/example_dags/tutorial.py
[2024-09-24T04:34:25.761+0000] {processor.py:756} INFO - Processing file /home/airflow/.local/lib/python3.7/site-packages/airflow/example_dags/tutorial.py for tasks to queue
[2024-09-24T04:34:25.762+0000] {logging_mixin.py:120} INFO - [2024-09-24T04:34:25.762+0000] {dagbag.py:537} INFO - Filling up the DagBag from /home/airflow/.local/lib/python3.7/site-packages/airflow/example_dags/tutorial.py
[2024-09-24T04:34:25.791+0000] {processor.py:766} INFO - DAG(s) dict_keys(['tutorial']) retrieved from /home/airflow/.local/lib/python3.7/site-packages/airflow/example_dags/tutorial.py
[2024-09-24T04:34:25.875+0000] {logging_mixin.py:120} INFO - [2024-09-24T04:34:25.875+0000] {dag.py:2585} INFO - Sync 1 DAGs
[2024-09-24T04:34:25.926+0000] {logging_mixin.py:120} INFO - [2024-09-24T04:34:25.925+0000] {dag.py:3340} INFO - Setting next_dagrun for tutorial to 2024-09-23T04:34:25.925162+00:00, run_after=2024-09-24T04:34:25.925162+00:00
[2024-09-24T04:34:25.975+0000] {processor.py:176} INFO - Processing /home/airflow/.local/lib/python3.7/site-packages/airflow/example_dags/tutorial.py took 0.222 seconds
[2024-09-24T04:34:56.240+0000] {processor.py:154} INFO - Started process (PID=15838) to work on /home/airflow/.local/lib/python3.7/site-packages/airflow/example_dags/tutorial.py
[2024-09-24T04:34:56.242+0000] {processor.py:756} INFO - Processing file /home/airflow/.local/lib/python3.7/site-packages/airflow/example_dags/tutorial.py for tasks to queue
[2024-09-24T04:34:56.243+0000] {logging_mixin.py:120} INFO - [2024-09-24T04:34:56.243+0000] {dagbag.py:537} INFO - Filling up the DagBag from /home/airflow/.local/lib/python3.7/site-packages/airflow/example_dags/tutorial.py
[2024-09-24T04:34:56.266+0000] {processor.py:766} INFO - DAG(s) dict_keys(['tutorial']) retrieved from /home/airflow/.local/lib/python3.7/site-packages/airflow/example_dags/tutorial.py
[2024-09-24T04:34:56.328+0000] {logging_mixin.py:120} INFO - [2024-09-24T04:34:56.328+0000] {dag.py:2585} INFO - Sync 1 DAGs
[2024-09-24T04:34:56.368+0000] {logging_mixin.py:120} INFO - [2024-09-24T04:34:56.368+0000] {dag.py:3340} INFO - Setting next_dagrun for tutorial to 2024-09-23T04:34:56.368287+00:00, run_after=2024-09-24T04:34:56.368287+00:00
[2024-09-24T04:34:56.400+0000] {processor.py:176} INFO - Processing /home/airflow/.local/lib/python3.7/site-packages/airflow/example_dags/tutorial.py took 0.166 seconds
[2024-09-24T04:35:26.897+0000] {processor.py:154} INFO - Started process (PID=15901) to work on /home/airflow/.local/lib/python3.7/site-packages/airflow/example_dags/tutorial.py
[2024-09-24T04:35:26.899+0000] {processor.py:756} INFO - Processing file /home/airflow/.local/lib/python3.7/site-packages/airflow/example_dags/tutorial.py for tasks to queue
[2024-09-24T04:35:26.900+0000] {logging_mixin.py:120} INFO - [2024-09-24T04:35:26.900+0000] {dagbag.py:537} INFO - Filling up the DagBag from /home/airflow/.local/lib/python3.7/site-packages/airflow/example_dags/tutorial.py
[2024-09-24T04:35:26.926+0000] {processor.py:766} INFO - DAG(s) dict_keys(['tutorial']) retrieved from /home/airflow/.local/lib/python3.7/site-packages/airflow/example_dags/tutorial.py
[2024-09-24T04:35:26.995+0000] {logging_mixin.py:120} INFO - [2024-09-24T04:35:26.995+0000] {dag.py:2585} INFO - Sync 1 DAGs
[2024-09-24T04:35:27.035+0000] {logging_mixin.py:120} INFO - [2024-09-24T04:35:27.034+0000] {dag.py:3340} INFO - Setting next_dagrun for tutorial to 2024-09-23T04:35:27.034516+00:00, run_after=2024-09-24T04:35:27.034516+00:00
[2024-09-24T04:35:27.066+0000] {processor.py:176} INFO - Processing /home/airflow/.local/lib/python3.7/site-packages/airflow/example_dags/tutorial.py took 0.174 seconds
[2024-09-24T04:35:58.154+0000] {processor.py:154} INFO - Started process (PID=15955) to work on /home/airflow/.local/lib/python3.7/site-packages/airflow/example_dags/tutorial.py
[2024-09-24T04:35:58.156+0000] {processor.py:756} INFO - Processing file /home/airflow/.local/lib/python3.7/site-packages/airflow/example_dags/tutorial.py for tasks to queue
[2024-09-24T04:35:58.157+0000] {logging_mixin.py:120} INFO - [2024-09-24T04:35:58.157+0000] {dagbag.py:537} INFO - Filling up the DagBag from /home/airflow/.local/lib/python3.7/site-packages/airflow/example_dags/tutorial.py
[2024-09-24T04:35:58.181+0000] {processor.py:766} INFO - DAG(s) dict_keys(['tutorial']) retrieved from /home/airflow/.local/lib/python3.7/site-packages/airflow/example_dags/tutorial.py
[2024-09-24T04:35:58.244+0000] {logging_mixin.py:120} INFO - [2024-09-24T04:35:58.244+0000] {dag.py:2585} INFO - Sync 1 DAGs
[2024-09-24T04:35:58.289+0000] {logging_mixin.py:120} INFO - [2024-09-24T04:35:58.289+0000] {dag.py:3340} INFO - Setting next_dagrun for tutorial to 2024-09-23T04:35:58.287865+00:00, run_after=2024-09-24T04:35:58.287865+00:00
[2024-09-24T04:35:58.335+0000] {processor.py:176} INFO - Processing /home/airflow/.local/lib/python3.7/site-packages/airflow/example_dags/tutorial.py took 0.187 seconds
[2024-09-24T04:36:28.615+0000] {processor.py:154} INFO - Started process (PID=16018) to work on /home/airflow/.local/lib/python3.7/site-packages/airflow/example_dags/tutorial.py
[2024-09-24T04:36:28.617+0000] {processor.py:756} INFO - Processing file /home/airflow/.local/lib/python3.7/site-packages/airflow/example_dags/tutorial.py for tasks to queue
[2024-09-24T04:36:28.619+0000] {logging_mixin.py:120} INFO - [2024-09-24T04:36:28.618+0000] {dagbag.py:537} INFO - Filling up the DagBag from /home/airflow/.local/lib/python3.7/site-packages/airflow/example_dags/tutorial.py
[2024-09-24T04:36:28.643+0000] {processor.py:766} INFO - DAG(s) dict_keys(['tutorial']) retrieved from /home/airflow/.local/lib/python3.7/site-packages/airflow/example_dags/tutorial.py
[2024-09-24T04:36:28.720+0000] {logging_mixin.py:120} INFO - [2024-09-24T04:36:28.719+0000] {dag.py:2585} INFO - Sync 1 DAGs
[2024-09-24T04:36:28.762+0000] {logging_mixin.py:120} INFO - [2024-09-24T04:36:28.761+0000] {dag.py:3340} INFO - Setting next_dagrun for tutorial to 2024-09-23T04:36:28.761441+00:00, run_after=2024-09-24T04:36:28.761441+00:00
[2024-09-24T04:36:28.799+0000] {processor.py:176} INFO - Processing /home/airflow/.local/lib/python3.7/site-packages/airflow/example_dags/tutorial.py took 0.190 seconds
[2024-09-24T04:36:59.242+0000] {processor.py:154} INFO - Started process (PID=16072) to work on /home/airflow/.local/lib/python3.7/site-packages/airflow/example_dags/tutorial.py
[2024-09-24T04:36:59.244+0000] {processor.py:756} INFO - Processing file /home/airflow/.local/lib/python3.7/site-packages/airflow/example_dags/tutorial.py for tasks to queue
[2024-09-24T04:36:59.245+0000] {logging_mixin.py:120} INFO - [2024-09-24T04:36:59.245+0000] {dagbag.py:537} INFO - Filling up the DagBag from /home/airflow/.local/lib/python3.7/site-packages/airflow/example_dags/tutorial.py
[2024-09-24T04:36:59.268+0000] {processor.py:766} INFO - DAG(s) dict_keys(['tutorial']) retrieved from /home/airflow/.local/lib/python3.7/site-packages/airflow/example_dags/tutorial.py
[2024-09-24T04:36:59.355+0000] {logging_mixin.py:120} INFO - [2024-09-24T04:36:59.355+0000] {dag.py:2585} INFO - Sync 1 DAGs
[2024-09-24T04:36:59.407+0000] {logging_mixin.py:120} INFO - [2024-09-24T04:36:59.407+0000] {dag.py:3340} INFO - Setting next_dagrun for tutorial to 2024-09-23T04:36:59.407067+00:00, run_after=2024-09-24T04:36:59.407067+00:00
[2024-09-24T04:36:59.444+0000] {processor.py:176} INFO - Processing /home/airflow/.local/lib/python3.7/site-packages/airflow/example_dags/tutorial.py took 0.207 seconds
[2024-09-24T04:37:56.508+0000] {processor.py:154} INFO - Started process (PID=16140) to work on /home/airflow/.local/lib/python3.7/site-packages/airflow/example_dags/tutorial.py
[2024-09-24T04:37:56.510+0000] {processor.py:756} INFO - Processing file /home/airflow/.local/lib/python3.7/site-packages/airflow/example_dags/tutorial.py for tasks to queue
[2024-09-24T04:37:56.511+0000] {logging_mixin.py:120} INFO - [2024-09-24T04:37:56.511+0000] {dagbag.py:537} INFO - Filling up the DagBag from /home/airflow/.local/lib/python3.7/site-packages/airflow/example_dags/tutorial.py
[2024-09-24T04:37:56.540+0000] {processor.py:766} INFO - DAG(s) dict_keys(['tutorial']) retrieved from /home/airflow/.local/lib/python3.7/site-packages/airflow/example_dags/tutorial.py
[2024-09-24T04:37:56.592+0000] {logging_mixin.py:120} INFO - [2024-09-24T04:37:56.591+0000] {dag.py:2585} INFO - Sync 1 DAGs
[2024-09-24T04:37:56.631+0000] {logging_mixin.py:120} INFO - [2024-09-24T04:37:56.631+0000] {dag.py:3340} INFO - Setting next_dagrun for tutorial to 2024-09-23T04:37:56.630373+00:00, run_after=2024-09-24T04:37:56.630373+00:00
[2024-09-24T04:37:56.670+0000] {processor.py:176} INFO - Processing /home/airflow/.local/lib/python3.7/site-packages/airflow/example_dags/tutorial.py took 0.169 seconds
[2024-09-24T06:15:53.626+0000] {processor.py:154} INFO - Started process (PID=16213) to work on /home/airflow/.local/lib/python3.7/site-packages/airflow/example_dags/tutorial.py
[2024-09-24T06:15:53.628+0000] {processor.py:756} INFO - Processing file /home/airflow/.local/lib/python3.7/site-packages/airflow/example_dags/tutorial.py for tasks to queue
[2024-09-24T06:15:53.629+0000] {logging_mixin.py:120} INFO - [2024-09-24T06:15:53.629+0000] {dagbag.py:537} INFO - Filling up the DagBag from /home/airflow/.local/lib/python3.7/site-packages/airflow/example_dags/tutorial.py
[2024-09-24T06:15:53.652+0000] {processor.py:766} INFO - DAG(s) dict_keys(['tutorial']) retrieved from /home/airflow/.local/lib/python3.7/site-packages/airflow/example_dags/tutorial.py
[2024-09-24T06:15:53.715+0000] {logging_mixin.py:120} INFO - [2024-09-24T06:15:53.714+0000] {dag.py:2585} INFO - Sync 1 DAGs
[2024-09-24T06:15:53.755+0000] {logging_mixin.py:120} INFO - [2024-09-24T06:15:53.755+0000] {dag.py:3340} INFO - Setting next_dagrun for tutorial to 2024-09-23T06:15:53.755003+00:00, run_after=2024-09-24T06:15:53.755003+00:00
[2024-09-24T06:15:53.793+0000] {processor.py:176} INFO - Processing /home/airflow/.local/lib/python3.7/site-packages/airflow/example_dags/tutorial.py took 0.172 seconds
[2024-09-24T06:31:01.699+0000] {processor.py:154} INFO - Started process (PID=16267) to work on /home/airflow/.local/lib/python3.7/site-packages/airflow/example_dags/tutorial.py
[2024-09-24T06:31:01.703+0000] {processor.py:756} INFO - Processing file /home/airflow/.local/lib/python3.7/site-packages/airflow/example_dags/tutorial.py for tasks to queue
[2024-09-24T06:31:01.704+0000] {logging_mixin.py:120} INFO - [2024-09-24T06:31:01.704+0000] {dagbag.py:537} INFO - Filling up the DagBag from /home/airflow/.local/lib/python3.7/site-packages/airflow/example_dags/tutorial.py
[2024-09-24T06:31:01.733+0000] {processor.py:766} INFO - DAG(s) dict_keys(['tutorial']) retrieved from /home/airflow/.local/lib/python3.7/site-packages/airflow/example_dags/tutorial.py
[2024-09-24T06:31:01.795+0000] {logging_mixin.py:120} INFO - [2024-09-24T06:31:01.795+0000] {dag.py:2585} INFO - Sync 1 DAGs
[2024-09-24T06:31:01.835+0000] {logging_mixin.py:120} INFO - [2024-09-24T06:31:01.835+0000] {dag.py:3340} INFO - Setting next_dagrun for tutorial to 2024-09-23T06:31:01.834721+00:00, run_after=2024-09-24T06:31:01.834721+00:00
[2024-09-24T06:31:01.868+0000] {processor.py:176} INFO - Processing /home/airflow/.local/lib/python3.7/site-packages/airflow/example_dags/tutorial.py took 0.175 seconds
[2024-09-24T08:40:10.910+0000] {processor.py:154} INFO - Started process (PID=16330) to work on /home/airflow/.local/lib/python3.7/site-packages/airflow/example_dags/tutorial.py
[2024-09-24T08:40:10.913+0000] {processor.py:756} INFO - Processing file /home/airflow/.local/lib/python3.7/site-packages/airflow/example_dags/tutorial.py for tasks to queue
[2024-09-24T08:40:10.914+0000] {logging_mixin.py:120} INFO - [2024-09-24T08:40:10.914+0000] {dagbag.py:537} INFO - Filling up the DagBag from /home/airflow/.local/lib/python3.7/site-packages/airflow/example_dags/tutorial.py
[2024-09-24T08:40:10.944+0000] {processor.py:766} INFO - DAG(s) dict_keys(['tutorial']) retrieved from /home/airflow/.local/lib/python3.7/site-packages/airflow/example_dags/tutorial.py
[2024-09-24T08:40:11.030+0000] {logging_mixin.py:120} INFO - [2024-09-24T08:40:11.030+0000] {dag.py:2585} INFO - Sync 1 DAGs
[2024-09-24T08:40:11.083+0000] {logging_mixin.py:120} INFO - [2024-09-24T08:40:11.083+0000] {dag.py:3340} INFO - Setting next_dagrun for tutorial to 2024-09-23T08:40:11.082637+00:00, run_after=2024-09-24T08:40:11.082637+00:00
[2024-09-24T08:40:11.114+0000] {processor.py:176} INFO - Processing /home/airflow/.local/lib/python3.7/site-packages/airflow/example_dags/tutorial.py took 0.210 seconds
[2024-09-24T11:11:19.948+0000] {processor.py:154} INFO - Started process (PID=16384) to work on /home/airflow/.local/lib/python3.7/site-packages/airflow/example_dags/tutorial.py
[2024-09-24T11:11:19.951+0000] {processor.py:756} INFO - Processing file /home/airflow/.local/lib/python3.7/site-packages/airflow/example_dags/tutorial.py for tasks to queue
[2024-09-24T11:11:19.952+0000] {logging_mixin.py:120} INFO - [2024-09-24T11:11:19.952+0000] {dagbag.py:537} INFO - Filling up the DagBag from /home/airflow/.local/lib/python3.7/site-packages/airflow/example_dags/tutorial.py
[2024-09-24T11:11:19.980+0000] {processor.py:766} INFO - DAG(s) dict_keys(['tutorial']) retrieved from /home/airflow/.local/lib/python3.7/site-packages/airflow/example_dags/tutorial.py
[2024-09-24T11:11:20.058+0000] {logging_mixin.py:120} INFO - [2024-09-24T11:11:20.057+0000] {dag.py:2585} INFO - Sync 1 DAGs
[2024-09-24T11:11:20.111+0000] {logging_mixin.py:120} INFO - [2024-09-24T11:11:20.111+0000] {dag.py:3340} INFO - Setting next_dagrun for tutorial to 2024-09-23T11:11:20.110992+00:00, run_after=2024-09-24T11:11:20.110992+00:00
[2024-09-24T11:11:20.164+0000] {processor.py:176} INFO - Processing /home/airflow/.local/lib/python3.7/site-packages/airflow/example_dags/tutorial.py took 0.221 seconds
[2024-09-24T12:44:50.262+0000] {processor.py:154} INFO - Started process (PID=16447) to work on /home/airflow/.local/lib/python3.7/site-packages/airflow/example_dags/tutorial.py
[2024-09-24T12:44:50.265+0000] {processor.py:756} INFO - Processing file /home/airflow/.local/lib/python3.7/site-packages/airflow/example_dags/tutorial.py for tasks to queue
[2024-09-24T12:44:50.268+0000] {logging_mixin.py:120} INFO - [2024-09-24T12:44:50.268+0000] {dagbag.py:537} INFO - Filling up the DagBag from /home/airflow/.local/lib/python3.7/site-packages/airflow/example_dags/tutorial.py
[2024-09-24T12:44:50.302+0000] {processor.py:766} INFO - DAG(s) dict_keys(['tutorial']) retrieved from /home/airflow/.local/lib/python3.7/site-packages/airflow/example_dags/tutorial.py
[2024-09-24T12:44:50.392+0000] {logging_mixin.py:120} INFO - [2024-09-24T12:44:50.391+0000] {dag.py:2585} INFO - Sync 1 DAGs
[2024-09-24T12:44:50.453+0000] {logging_mixin.py:120} INFO - [2024-09-24T12:44:50.452+0000] {dag.py:3340} INFO - Setting next_dagrun for tutorial to 2024-09-23T12:44:50.452623+00:00, run_after=2024-09-24T12:44:50.452623+00:00
[2024-09-24T12:44:50.482+0000] {processor.py:176} INFO - Processing /home/airflow/.local/lib/python3.7/site-packages/airflow/example_dags/tutorial.py took 0.228 seconds
[2024-09-24T14:24:39.939+0000] {processor.py:154} INFO - Started process (PID=16501) to work on /home/airflow/.local/lib/python3.7/site-packages/airflow/example_dags/tutorial.py
[2024-09-24T14:24:39.941+0000] {processor.py:756} INFO - Processing file /home/airflow/.local/lib/python3.7/site-packages/airflow/example_dags/tutorial.py for tasks to queue
[2024-09-24T14:24:39.943+0000] {logging_mixin.py:120} INFO - [2024-09-24T14:24:39.942+0000] {dagbag.py:537} INFO - Filling up the DagBag from /home/airflow/.local/lib/python3.7/site-packages/airflow/example_dags/tutorial.py
[2024-09-24T14:24:39.971+0000] {processor.py:766} INFO - DAG(s) dict_keys(['tutorial']) retrieved from /home/airflow/.local/lib/python3.7/site-packages/airflow/example_dags/tutorial.py
[2024-09-24T14:24:40.037+0000] {logging_mixin.py:120} INFO - [2024-09-24T14:24:40.037+0000] {dag.py:2585} INFO - Sync 1 DAGs
[2024-09-24T14:24:40.077+0000] {logging_mixin.py:120} INFO - [2024-09-24T14:24:40.077+0000] {dag.py:3340} INFO - Setting next_dagrun for tutorial to 2024-09-23T14:24:40.076852+00:00, run_after=2024-09-24T14:24:40.076852+00:00
[2024-09-24T14:24:40.112+0000] {processor.py:176} INFO - Processing /home/airflow/.local/lib/python3.7/site-packages/airflow/example_dags/tutorial.py took 0.178 seconds
[2024-09-24T14:26:39.595+0000] {processor.py:154} INFO - Started process (PID=16564) to work on /home/airflow/.local/lib/python3.7/site-packages/airflow/example_dags/tutorial.py
[2024-09-24T14:26:39.597+0000] {processor.py:756} INFO - Processing file /home/airflow/.local/lib/python3.7/site-packages/airflow/example_dags/tutorial.py for tasks to queue
[2024-09-24T14:26:39.598+0000] {logging_mixin.py:120} INFO - [2024-09-24T14:26:39.598+0000] {dagbag.py:537} INFO - Filling up the DagBag from /home/airflow/.local/lib/python3.7/site-packages/airflow/example_dags/tutorial.py
[2024-09-24T14:26:39.621+0000] {processor.py:766} INFO - DAG(s) dict_keys(['tutorial']) retrieved from /home/airflow/.local/lib/python3.7/site-packages/airflow/example_dags/tutorial.py
[2024-09-24T14:26:39.678+0000] {logging_mixin.py:120} INFO - [2024-09-24T14:26:39.678+0000] {dag.py:2585} INFO - Sync 1 DAGs
[2024-09-24T14:26:39.711+0000] {logging_mixin.py:120} INFO - [2024-09-24T14:26:39.711+0000] {dag.py:3340} INFO - Setting next_dagrun for tutorial to 2024-09-23T14:26:39.711465+00:00, run_after=2024-09-24T14:26:39.711465+00:00
[2024-09-24T14:26:39.738+0000] {processor.py:176} INFO - Processing /home/airflow/.local/lib/python3.7/site-packages/airflow/example_dags/tutorial.py took 0.147 seconds
[2024-09-24T15:01:02.661+0000] {processor.py:154} INFO - Started process (PID=16618) to work on /home/airflow/.local/lib/python3.7/site-packages/airflow/example_dags/tutorial.py
[2024-09-24T15:01:02.662+0000] {processor.py:756} INFO - Processing file /home/airflow/.local/lib/python3.7/site-packages/airflow/example_dags/tutorial.py for tasks to queue
[2024-09-24T15:01:02.663+0000] {logging_mixin.py:120} INFO - [2024-09-24T15:01:02.663+0000] {dagbag.py:537} INFO - Filling up the DagBag from /home/airflow/.local/lib/python3.7/site-packages/airflow/example_dags/tutorial.py
[2024-09-24T15:01:02.682+0000] {processor.py:766} INFO - DAG(s) dict_keys(['tutorial']) retrieved from /home/airflow/.local/lib/python3.7/site-packages/airflow/example_dags/tutorial.py
[2024-09-24T15:01:02.739+0000] {logging_mixin.py:120} INFO - [2024-09-24T15:01:02.739+0000] {dag.py:2585} INFO - Sync 1 DAGs
[2024-09-24T15:01:02.771+0000] {logging_mixin.py:120} INFO - [2024-09-24T15:01:02.771+0000] {dag.py:3340} INFO - Setting next_dagrun for tutorial to 2024-09-23T15:01:02.771435+00:00, run_after=2024-09-24T15:01:02.771435+00:00
[2024-09-24T15:01:02.800+0000] {processor.py:176} INFO - Processing /home/airflow/.local/lib/python3.7/site-packages/airflow/example_dags/tutorial.py took 0.146 seconds
[2024-09-24T16:32:27.679+0000] {processor.py:154} INFO - Started process (PID=16681) to work on /home/airflow/.local/lib/python3.7/site-packages/airflow/example_dags/tutorial.py
[2024-09-24T16:32:27.681+0000] {processor.py:756} INFO - Processing file /home/airflow/.local/lib/python3.7/site-packages/airflow/example_dags/tutorial.py for tasks to queue
[2024-09-24T16:32:27.682+0000] {logging_mixin.py:120} INFO - [2024-09-24T16:32:27.681+0000] {dagbag.py:537} INFO - Filling up the DagBag from /home/airflow/.local/lib/python3.7/site-packages/airflow/example_dags/tutorial.py
[2024-09-24T16:32:27.700+0000] {processor.py:766} INFO - DAG(s) dict_keys(['tutorial']) retrieved from /home/airflow/.local/lib/python3.7/site-packages/airflow/example_dags/tutorial.py
[2024-09-24T16:32:27.741+0000] {logging_mixin.py:120} INFO - [2024-09-24T16:32:27.741+0000] {dag.py:2585} INFO - Sync 1 DAGs
[2024-09-24T16:32:27.768+0000] {logging_mixin.py:120} INFO - [2024-09-24T16:32:27.768+0000] {dag.py:3340} INFO - Setting next_dagrun for tutorial to 2024-09-23T16:32:27.768038+00:00, run_after=2024-09-24T16:32:27.768038+00:00
[2024-09-24T16:32:27.791+0000] {processor.py:176} INFO - Processing /home/airflow/.local/lib/python3.7/site-packages/airflow/example_dags/tutorial.py took 0.116 seconds
[2024-09-24T16:38:50.163+0000] {processor.py:154} INFO - Started process (PID=16744) to work on /home/airflow/.local/lib/python3.7/site-packages/airflow/example_dags/tutorial.py
[2024-09-24T16:38:50.171+0000] {processor.py:756} INFO - Processing file /home/airflow/.local/lib/python3.7/site-packages/airflow/example_dags/tutorial.py for tasks to queue
[2024-09-24T16:38:50.174+0000] {logging_mixin.py:120} INFO - [2024-09-24T16:38:50.173+0000] {dagbag.py:537} INFO - Filling up the DagBag from /home/airflow/.local/lib/python3.7/site-packages/airflow/example_dags/tutorial.py
[2024-09-24T16:38:50.263+0000] {processor.py:766} INFO - DAG(s) dict_keys(['tutorial']) retrieved from /home/airflow/.local/lib/python3.7/site-packages/airflow/example_dags/tutorial.py
[2024-09-24T16:38:50.396+0000] {logging_mixin.py:120} INFO - [2024-09-24T16:38:50.395+0000] {dag.py:2585} INFO - Sync 1 DAGs
[2024-09-24T16:38:50.473+0000] {logging_mixin.py:120} INFO - [2024-09-24T16:38:50.472+0000] {dag.py:3340} INFO - Setting next_dagrun for tutorial to 2024-09-23T16:38:50.472381+00:00, run_after=2024-09-24T16:38:50.472381+00:00
[2024-09-24T16:38:50.534+0000] {processor.py:176} INFO - Processing /home/airflow/.local/lib/python3.7/site-packages/airflow/example_dags/tutorial.py took 0.382 seconds
[2024-09-24T17:03:40.419+0000] {processor.py:154} INFO - Started process (PID=16798) to work on /home/airflow/.local/lib/python3.7/site-packages/airflow/example_dags/tutorial.py
[2024-09-24T17:03:40.421+0000] {processor.py:756} INFO - Processing file /home/airflow/.local/lib/python3.7/site-packages/airflow/example_dags/tutorial.py for tasks to queue
[2024-09-24T17:03:40.424+0000] {logging_mixin.py:120} INFO - [2024-09-24T17:03:40.424+0000] {dagbag.py:537} INFO - Filling up the DagBag from /home/airflow/.local/lib/python3.7/site-packages/airflow/example_dags/tutorial.py
[2024-09-24T17:03:40.459+0000] {processor.py:766} INFO - DAG(s) dict_keys(['tutorial']) retrieved from /home/airflow/.local/lib/python3.7/site-packages/airflow/example_dags/tutorial.py
[2024-09-24T17:03:40.565+0000] {logging_mixin.py:120} INFO - [2024-09-24T17:03:40.565+0000] {dag.py:2585} INFO - Sync 1 DAGs
[2024-09-24T17:03:40.637+0000] {logging_mixin.py:120} INFO - [2024-09-24T17:03:40.637+0000] {dag.py:3340} INFO - Setting next_dagrun for tutorial to 2024-09-23T17:03:40.637091+00:00, run_after=2024-09-24T17:03:40.637091+00:00
[2024-09-24T17:03:40.696+0000] {processor.py:176} INFO - Processing /home/airflow/.local/lib/python3.7/site-packages/airflow/example_dags/tutorial.py took 0.284 seconds
[2024-09-24T17:24:31.968+0000] {processor.py:154} INFO - Started process (PID=16843) to work on /home/airflow/.local/lib/python3.7/site-packages/airflow/example_dags/tutorial.py
[2024-09-24T17:24:31.972+0000] {processor.py:756} INFO - Processing file /home/airflow/.local/lib/python3.7/site-packages/airflow/example_dags/tutorial.py for tasks to queue
[2024-09-24T17:24:31.974+0000] {logging_mixin.py:120} INFO - [2024-09-24T17:24:31.974+0000] {dagbag.py:537} INFO - Filling up the DagBag from /home/airflow/.local/lib/python3.7/site-packages/airflow/example_dags/tutorial.py
[2024-09-24T17:24:32.008+0000] {processor.py:766} INFO - DAG(s) dict_keys(['tutorial']) retrieved from /home/airflow/.local/lib/python3.7/site-packages/airflow/example_dags/tutorial.py
[2024-09-24T17:24:32.117+0000] {logging_mixin.py:120} INFO - [2024-09-24T17:24:32.117+0000] {dag.py:2585} INFO - Sync 1 DAGs
[2024-09-24T17:24:32.200+0000] {logging_mixin.py:120} INFO - [2024-09-24T17:24:32.200+0000] {dag.py:3340} INFO - Setting next_dagrun for tutorial to 2024-09-23T17:24:32.199624+00:00, run_after=2024-09-24T17:24:32.199624+00:00
[2024-09-24T17:24:32.257+0000] {processor.py:176} INFO - Processing /home/airflow/.local/lib/python3.7/site-packages/airflow/example_dags/tutorial.py took 0.296 seconds
[2024-09-24T18:04:39.623+0000] {processor.py:154} INFO - Started process (PID=16897) to work on /home/airflow/.local/lib/python3.7/site-packages/airflow/example_dags/tutorial.py
[2024-09-24T18:04:39.625+0000] {processor.py:756} INFO - Processing file /home/airflow/.local/lib/python3.7/site-packages/airflow/example_dags/tutorial.py for tasks to queue
[2024-09-24T18:04:39.628+0000] {logging_mixin.py:120} INFO - [2024-09-24T18:04:39.628+0000] {dagbag.py:537} INFO - Filling up the DagBag from /home/airflow/.local/lib/python3.7/site-packages/airflow/example_dags/tutorial.py
[2024-09-24T18:04:39.694+0000] {processor.py:766} INFO - DAG(s) dict_keys(['tutorial']) retrieved from /home/airflow/.local/lib/python3.7/site-packages/airflow/example_dags/tutorial.py
[2024-09-24T18:04:39.850+0000] {logging_mixin.py:120} INFO - [2024-09-24T18:04:39.850+0000] {dag.py:2585} INFO - Sync 1 DAGs
[2024-09-24T18:04:39.930+0000] {logging_mixin.py:120} INFO - [2024-09-24T18:04:39.930+0000] {dag.py:3340} INFO - Setting next_dagrun for tutorial to 2024-09-23T18:04:39.929780+00:00, run_after=2024-09-24T18:04:39.929780+00:00
[2024-09-24T18:04:39.976+0000] {processor.py:176} INFO - Processing /home/airflow/.local/lib/python3.7/site-packages/airflow/example_dags/tutorial.py took 0.362 seconds
[2024-09-24T19:05:36.101+0000] {processor.py:154} INFO - Started process (PID=16951) to work on /home/airflow/.local/lib/python3.7/site-packages/airflow/example_dags/tutorial.py
[2024-09-24T19:05:36.104+0000] {processor.py:756} INFO - Processing file /home/airflow/.local/lib/python3.7/site-packages/airflow/example_dags/tutorial.py for tasks to queue
[2024-09-24T19:05:36.106+0000] {logging_mixin.py:120} INFO - [2024-09-24T19:05:36.105+0000] {dagbag.py:537} INFO - Filling up the DagBag from /home/airflow/.local/lib/python3.7/site-packages/airflow/example_dags/tutorial.py
[2024-09-24T19:05:36.131+0000] {processor.py:766} INFO - DAG(s) dict_keys(['tutorial']) retrieved from /home/airflow/.local/lib/python3.7/site-packages/airflow/example_dags/tutorial.py
[2024-09-24T19:05:36.206+0000] {logging_mixin.py:120} INFO - [2024-09-24T19:05:36.205+0000] {dag.py:2585} INFO - Sync 1 DAGs
[2024-09-24T19:05:36.255+0000] {logging_mixin.py:120} INFO - [2024-09-24T19:05:36.255+0000] {dag.py:3340} INFO - Setting next_dagrun for tutorial to 2024-09-23T19:05:36.254856+00:00, run_after=2024-09-24T19:05:36.254856+00:00
[2024-09-24T19:05:36.290+0000] {processor.py:176} INFO - Processing /home/airflow/.local/lib/python3.7/site-packages/airflow/example_dags/tutorial.py took 0.195 seconds
[2024-09-24T20:06:41.644+0000] {processor.py:154} INFO - Started process (PID=17003) to work on /home/airflow/.local/lib/python3.7/site-packages/airflow/example_dags/tutorial.py
[2024-09-24T20:06:41.649+0000] {processor.py:756} INFO - Processing file /home/airflow/.local/lib/python3.7/site-packages/airflow/example_dags/tutorial.py for tasks to queue
[2024-09-24T20:06:41.650+0000] {logging_mixin.py:120} INFO - [2024-09-24T20:06:41.650+0000] {dagbag.py:537} INFO - Filling up the DagBag from /home/airflow/.local/lib/python3.7/site-packages/airflow/example_dags/tutorial.py
[2024-09-24T20:06:41.684+0000] {processor.py:766} INFO - DAG(s) dict_keys(['tutorial']) retrieved from /home/airflow/.local/lib/python3.7/site-packages/airflow/example_dags/tutorial.py
[2024-09-24T20:06:41.768+0000] {logging_mixin.py:120} INFO - [2024-09-24T20:06:41.767+0000] {dag.py:2585} INFO - Sync 1 DAGs
[2024-09-24T20:06:41.830+0000] {logging_mixin.py:120} INFO - [2024-09-24T20:06:41.830+0000] {dag.py:3340} INFO - Setting next_dagrun for tutorial to 2024-09-23T20:06:41.830070+00:00, run_after=2024-09-24T20:06:41.830070+00:00
[2024-09-24T20:06:41.878+0000] {processor.py:176} INFO - Processing /home/airflow/.local/lib/python3.7/site-packages/airflow/example_dags/tutorial.py took 0.240 seconds
[2024-09-24T22:08:27.027+0000] {processor.py:154} INFO - Started process (PID=17050) to work on /home/airflow/.local/lib/python3.7/site-packages/airflow/example_dags/tutorial.py
[2024-09-24T22:08:27.037+0000] {processor.py:756} INFO - Processing file /home/airflow/.local/lib/python3.7/site-packages/airflow/example_dags/tutorial.py for tasks to queue
[2024-09-24T22:08:27.047+0000] {logging_mixin.py:120} INFO - [2024-09-24T22:08:27.046+0000] {dagbag.py:537} INFO - Filling up the DagBag from /home/airflow/.local/lib/python3.7/site-packages/airflow/example_dags/tutorial.py
[2024-09-24T22:08:27.212+0000] {processor.py:766} INFO - DAG(s) dict_keys(['tutorial']) retrieved from /home/airflow/.local/lib/python3.7/site-packages/airflow/example_dags/tutorial.py
[2024-09-24T22:08:27.637+0000] {logging_mixin.py:120} INFO - [2024-09-24T22:08:27.636+0000] {dag.py:2585} INFO - Sync 1 DAGs
[2024-09-24T22:08:28.023+0000] {logging_mixin.py:120} INFO - [2024-09-24T22:08:28.022+0000] {dag.py:3340} INFO - Setting next_dagrun for tutorial to 2024-09-23T22:08:28.020033+00:00, run_after=2024-09-24T22:08:28.020033+00:00
[2024-09-24T22:08:28.237+0000] {processor.py:176} INFO - Processing /home/airflow/.local/lib/python3.7/site-packages/airflow/example_dags/tutorial.py took 1.256 seconds
