[2024-09-25T13:55:32.662+0000] {taskinstance.py:1165} INFO - Dependencies all met for <TaskInstance: user_processing.create_table scheduled__2024-09-24T00:00:00+00:00 [queued]>
[2024-09-25T13:55:32.684+0000] {taskinstance.py:1165} INFO - Dependencies all met for <TaskInstance: user_processing.create_table scheduled__2024-09-24T00:00:00+00:00 [queued]>
[2024-09-25T13:55:32.686+0000] {taskinstance.py:1362} INFO - 
--------------------------------------------------------------------------------
[2024-09-25T13:55:32.688+0000] {taskinstance.py:1363} INFO - Starting attempt 1 of 1
[2024-09-25T13:55:32.688+0000] {taskinstance.py:1364} INFO - 
--------------------------------------------------------------------------------
[2024-09-25T13:55:32.713+0000] {taskinstance.py:1383} INFO - Executing <Task(PostgresOperator): create_table> on 2024-09-24 00:00:00+00:00
[2024-09-25T13:55:32.718+0000] {standard_task_runner.py:55} INFO - Started process 11528 to run task
[2024-09-25T13:55:32.724+0000] {standard_task_runner.py:82} INFO - Running: ['***', 'tasks', 'run', 'user_processing', 'create_table', 'scheduled__2024-09-24T00:00:00+00:00', '--job-id', '3', '--raw', '--subdir', 'DAGS_FOLDER/user_processing.py', '--cfg-path', '/tmp/tmpc2k6je18']
[2024-09-25T13:55:32.725+0000] {standard_task_runner.py:83} INFO - Job 3: Subtask create_table
[2024-09-25T13:55:32.833+0000] {task_command.py:376} INFO - Running <TaskInstance: user_processing.create_table scheduled__2024-09-24T00:00:00+00:00 [running]> on host 9cc2fcf541e9
[2024-09-25T13:55:32.965+0000] {taskinstance.py:1592} INFO - Exporting the following env vars:
AIRFLOW_CTX_DAG_OWNER=***
AIRFLOW_CTX_DAG_ID=user_processing
AIRFLOW_CTX_TASK_ID=create_table
AIRFLOW_CTX_EXECUTION_DATE=2024-09-24T00:00:00+00:00
AIRFLOW_CTX_TRY_NUMBER=1
AIRFLOW_CTX_DAG_RUN_ID=scheduled__2024-09-24T00:00:00+00:00
[2024-09-25T13:55:32.989+0000] {base.py:71} INFO - Using connection ID 'postgres' for task execution.
[2024-09-25T13:55:33.001+0000] {sql.py:315} INFO - Running statement: 
                  CREATE TABLE IF NOT EXISTS users(
                    firstname TEXT not null,
                    lastname TEXT not null,
                    country TEXT not null,
                    username TEXT not null,
                    password TEXT not null,
                    email TEXT not null
                  )
            , parameters: None
[2024-09-25T13:55:33.003+0000] {postgres.py:96} INFO - NOTICE:  relation "users" already exists, skipping

[2024-09-25T13:55:33.020+0000] {taskinstance.py:1406} INFO - Marking task as SUCCESS. dag_id=user_processing, task_id=create_table, execution_date=20240924T000000, start_date=20240925T135532, end_date=20240925T135533
[2024-09-25T13:55:33.069+0000] {local_task_job.py:164} INFO - Task exited with return code 0
[2024-09-25T13:55:33.118+0000] {local_task_job.py:273} INFO - 1 downstream tasks scheduled from follow-on schedule check
