[2024-09-26T00:25:46.140+0000] {taskinstance.py:1165} INFO - Dependencies all met for <TaskInstance: user_processing.extract_user scheduled__2024-09-25T00:00:00+00:00 [queued]>
[2024-09-26T00:25:46.162+0000] {taskinstance.py:1165} INFO - Dependencies all met for <TaskInstance: user_processing.extract_user scheduled__2024-09-25T00:00:00+00:00 [queued]>
[2024-09-26T00:25:46.162+0000] {taskinstance.py:1362} INFO - 
--------------------------------------------------------------------------------
[2024-09-26T00:25:46.163+0000] {taskinstance.py:1363} INFO - Starting attempt 1 of 1
[2024-09-26T00:25:46.163+0000] {taskinstance.py:1364} INFO - 
--------------------------------------------------------------------------------
[2024-09-26T00:25:46.186+0000] {taskinstance.py:1383} INFO - Executing <Task(SimpleHttpOperator): extract_user> on 2024-09-25 00:00:00+00:00
[2024-09-26T00:25:46.194+0000] {standard_task_runner.py:55} INFO - Started process 12735 to run task
[2024-09-26T00:25:46.201+0000] {standard_task_runner.py:82} INFO - Running: ['***', 'tasks', 'run', 'user_processing', 'extract_user', 'scheduled__2024-09-25T00:00:00+00:00', '--job-id', '21', '--raw', '--subdir', 'DAGS_FOLDER/user_processing.py', '--cfg-path', '/tmp/tmpy0yxyual']
[2024-09-26T00:25:46.205+0000] {standard_task_runner.py:83} INFO - Job 21: Subtask extract_user
[2024-09-26T00:25:46.304+0000] {task_command.py:376} INFO - Running <TaskInstance: user_processing.extract_user scheduled__2024-09-25T00:00:00+00:00 [running]> on host 9cc2fcf541e9
[2024-09-26T00:25:46.409+0000] {taskinstance.py:1592} INFO - Exporting the following env vars:
AIRFLOW_CTX_DAG_OWNER=***
AIRFLOW_CTX_DAG_ID=user_processing
AIRFLOW_CTX_TASK_ID=extract_user
AIRFLOW_CTX_EXECUTION_DATE=2024-09-25T00:00:00+00:00
AIRFLOW_CTX_TRY_NUMBER=1
AIRFLOW_CTX_DAG_RUN_ID=scheduled__2024-09-25T00:00:00+00:00
[2024-09-26T00:25:46.411+0000] {http.py:121} INFO - Calling HTTP method
[2024-09-26T00:25:46.424+0000] {base.py:71} INFO - Using connection ID 'user_api' for task execution.
[2024-09-26T00:25:46.426+0000] {http.py:148} INFO - Sending 'GET' to url: https://randomuser.me/api/
[2024-09-26T00:25:46.921+0000] {http.py:125} INFO - {"results":[{"gender":"male","name":{"title":"Mr","first":"Luis","last":"Sanz"},"location":{"street":{"number":5557,"name":"Calle de Ferraz"},"city":"Jerez de la Frontera","state":"Castilla la Mancha","country":"Spain","postcode":64236,"coordinates":{"latitude":"-37.2574","longitude":"-172.4973"},"timezone":{"offset":"+9:00","description":"Tokyo, Seoul, Osaka, Sapporo, Yakutsk"}},"email":"luis.sanz@example.com","login":{"uuid":"bed87659-a83f-4bc8-b218-ca36e9d3f9e3","username":"beautifulleopard779","password":"bogey","salt":"OFm8TWGp","md5":"7e74623b60f2e8a0e6f0102858057576","sha1":"672321cf78e1da0f47fa785eb07a61d925389b1d","sha256":"0ccaf54dc70be85bcb9cc1c42f56b0109e0f1043406286ad7cce02080cc9eeda"},"dob":{"date":"1981-01-14T21:22:41.744Z","age":43},"registered":{"date":"2007-02-15T22:39:43.988Z","age":17},"phone":"986-829-582","cell":"629-330-938","id":{"name":"DNI","value":"10084203-I"},"picture":{"large":"https://randomuser.me/api/portraits/men/40.jpg","medium":"https://randomuser.me/api/portraits/med/men/40.jpg","thumbnail":"https://randomuser.me/api/portraits/thumb/men/40.jpg"},"nat":"ES"}],"info":{"seed":"b46074762e9b6c20","results":1,"page":1,"version":"1.4"}}
[2024-09-26T00:25:46.953+0000] {taskinstance.py:1406} INFO - Marking task as SUCCESS. dag_id=user_processing, task_id=extract_user, execution_date=20240925T000000, start_date=20240926T002546, end_date=20240926T002546
[2024-09-26T00:25:46.993+0000] {local_task_job.py:164} INFO - Task exited with return code 0
[2024-09-26T00:25:47.032+0000] {local_task_job.py:273} INFO - 1 downstream tasks scheduled from follow-on schedule check
