[2024-09-29T00:00:07.916+0000] {taskinstance.py:1165} INFO - Dependencies all met for <TaskInstance: user_processing.extract_user scheduled__2024-09-28T00:00:00+00:00 [queued]>
[2024-09-29T00:00:07.932+0000] {taskinstance.py:1165} INFO - Dependencies all met for <TaskInstance: user_processing.extract_user scheduled__2024-09-28T00:00:00+00:00 [queued]>
[2024-09-29T00:00:07.933+0000] {taskinstance.py:1362} INFO - 
--------------------------------------------------------------------------------
[2024-09-29T00:00:07.933+0000] {taskinstance.py:1363} INFO - Starting attempt 1 of 1
[2024-09-29T00:00:07.933+0000] {taskinstance.py:1364} INFO - 
--------------------------------------------------------------------------------
[2024-09-29T00:00:07.951+0000] {taskinstance.py:1383} INFO - Executing <Task(SimpleHttpOperator): extract_user> on 2024-09-28 00:00:00+00:00
[2024-09-29T00:00:07.957+0000] {standard_task_runner.py:55} INFO - Started process 14659 to run task
[2024-09-29T00:00:07.962+0000] {standard_task_runner.py:82} INFO - Running: ['***', 'tasks', 'run', 'user_processing', 'extract_user', 'scheduled__2024-09-28T00:00:00+00:00', '--job-id', '64', '--raw', '--subdir', 'DAGS_FOLDER/user_processing.py', '--cfg-path', '/tmp/tmphk5irby_']
[2024-09-29T00:00:07.966+0000] {standard_task_runner.py:83} INFO - Job 64: Subtask extract_user
[2024-09-29T00:00:08.075+0000] {task_command.py:376} INFO - Running <TaskInstance: user_processing.extract_user scheduled__2024-09-28T00:00:00+00:00 [running]> on host 7c70f6053b6c
[2024-09-29T00:00:08.189+0000] {taskinstance.py:1592} INFO - Exporting the following env vars:
AIRFLOW_CTX_DAG_OWNER=***
AIRFLOW_CTX_DAG_ID=user_processing
AIRFLOW_CTX_TASK_ID=extract_user
AIRFLOW_CTX_EXECUTION_DATE=2024-09-28T00:00:00+00:00
AIRFLOW_CTX_TRY_NUMBER=1
AIRFLOW_CTX_DAG_RUN_ID=scheduled__2024-09-28T00:00:00+00:00
[2024-09-29T00:00:08.191+0000] {http.py:121} INFO - Calling HTTP method
[2024-09-29T00:00:08.205+0000] {base.py:71} INFO - Using connection ID 'user_api' for task execution.
[2024-09-29T00:00:08.208+0000] {http.py:148} INFO - Sending 'GET' to url: https://randomuser.me/api/
[2024-09-29T00:00:08.472+0000] {http.py:125} INFO - {"results":[{"gender":"female","name":{"title":"Mrs","first":"کیانا","last":"رضاییان"},"location":{"street":{"number":1513,"name":"نبرد"},"city":"شهریار","state":"زنجان","country":"Iran","postcode":20661,"coordinates":{"latitude":"19.1636","longitude":"58.0920"},"timezone":{"offset":"+9:00","description":"Tokyo, Seoul, Osaka, Sapporo, Yakutsk"}},"email":"khyn.rdyyn@example.com","login":{"uuid":"e3ae2d96-1de8-49fa-8b54-be97c5b28a1d","username":"crazypeacock919","password":"freepass","salt":"25FJ9NsR","md5":"a6f29ed82b8595ecd0e59fb0f5f43b65","sha1":"e006764116ee47d198dcf46ecbeb979345fc6df3","sha256":"82ee72ebc8d68d48d753dea7011eab44d726116205e632d64a6d4b4bc043af3a"},"dob":{"date":"1977-07-06T23:41:53.483Z","age":47},"registered":{"date":"2011-09-20T23:57:38.849Z","age":13},"phone":"037-15608218","cell":"0949-784-5317","id":{"name":"","value":null},"picture":{"large":"https://randomuser.me/api/portraits/women/74.jpg","medium":"https://randomuser.me/api/portraits/med/women/74.jpg","thumbnail":"https://randomuser.me/api/portraits/thumb/women/74.jpg"},"nat":"IR"}],"info":{"seed":"7af3c6a268543104","results":1,"page":1,"version":"1.4"}}
[2024-09-29T00:00:08.512+0000] {taskinstance.py:1406} INFO - Marking task as SUCCESS. dag_id=user_processing, task_id=extract_user, execution_date=20240928T000000, start_date=20240929T000007, end_date=20240929T000008
[2024-09-29T00:00:08.552+0000] {local_task_job.py:164} INFO - Task exited with return code 0
[2024-09-29T00:00:08.598+0000] {local_task_job.py:273} INFO - 1 downstream tasks scheduled from follow-on schedule check
