[2024-09-27T23:07:48.700+0000] {taskinstance.py:1165} INFO - Dependencies all met for <TaskInstance: group_dag.transform_c scheduled__2024-09-26T00:00:00+00:00 [queued]>
[2024-09-27T23:07:48.715+0000] {taskinstance.py:1165} INFO - Dependencies all met for <TaskInstance: group_dag.transform_c scheduled__2024-09-26T00:00:00+00:00 [queued]>
[2024-09-27T23:07:48.715+0000] {taskinstance.py:1362} INFO - 
--------------------------------------------------------------------------------
[2024-09-27T23:07:48.716+0000] {taskinstance.py:1363} INFO - Starting attempt 1 of 1
[2024-09-27T23:07:48.716+0000] {taskinstance.py:1364} INFO - 
--------------------------------------------------------------------------------
[2024-09-27T23:07:48.743+0000] {taskinstance.py:1383} INFO - Executing <Task(BashOperator): transform_c> on 2024-09-26 00:00:00+00:00
[2024-09-27T23:07:48.748+0000] {standard_task_runner.py:55} INFO - Started process 3543 to run task
[2024-09-27T23:07:48.755+0000] {standard_task_runner.py:82} INFO - Running: ['***', 'tasks', 'run', 'group_dag', 'transform_c', 'scheduled__2024-09-26T00:00:00+00:00', '--job-id', '42', '--raw', '--subdir', 'DAGS_FOLDER/group_dag.py', '--cfg-path', '/tmp/tmp0u_rhk08']
[2024-09-27T23:07:48.759+0000] {standard_task_runner.py:83} INFO - Job 42: Subtask transform_c
[2024-09-27T23:07:48.857+0000] {task_command.py:376} INFO - Running <TaskInstance: group_dag.transform_c scheduled__2024-09-26T00:00:00+00:00 [running]> on host 7c70f6053b6c
[2024-09-27T23:07:48.956+0000] {taskinstance.py:1592} INFO - Exporting the following env vars:
AIRFLOW_CTX_DAG_OWNER=***
AIRFLOW_CTX_DAG_ID=group_dag
AIRFLOW_CTX_TASK_ID=transform_c
AIRFLOW_CTX_EXECUTION_DATE=2024-09-26T00:00:00+00:00
AIRFLOW_CTX_TRY_NUMBER=1
AIRFLOW_CTX_DAG_RUN_ID=scheduled__2024-09-26T00:00:00+00:00
[2024-09-27T23:07:48.958+0000] {subprocess.py:63} INFO - Tmp dir root location: 
 /tmp
[2024-09-27T23:07:48.960+0000] {subprocess.py:75} INFO - Running command: ['/bin/bash', '-c', 'sleep 10']
[2024-09-27T23:07:48.970+0000] {subprocess.py:86} INFO - Output:
[2024-09-27T23:07:58.975+0000] {subprocess.py:97} INFO - Command exited with return code 0
[2024-09-27T23:07:59.002+0000] {taskinstance.py:1406} INFO - Marking task as SUCCESS. dag_id=group_dag, task_id=transform_c, execution_date=20240926T000000, start_date=20240927T230748, end_date=20240927T230759
[2024-09-27T23:07:59.033+0000] {local_task_job.py:164} INFO - Task exited with return code 0
[2024-09-27T23:07:59.056+0000] {local_task_job.py:273} INFO - 0 downstream tasks scheduled from follow-on schedule check
