[2024-09-29T00:00:03.090+0000] {taskinstance.py:1165} INFO - Dependencies all met for <TaskInstance: user_processing.create_table scheduled__2024-09-28T00:00:00+00:00 [queued]>
[2024-09-29T00:00:03.116+0000] {taskinstance.py:1165} INFO - Dependencies all met for <TaskInstance: user_processing.create_table scheduled__2024-09-28T00:00:00+00:00 [queued]>
[2024-09-29T00:00:03.116+0000] {taskinstance.py:1362} INFO - 
--------------------------------------------------------------------------------
[2024-09-29T00:00:03.117+0000] {taskinstance.py:1363} INFO - Starting attempt 1 of 1
[2024-09-29T00:00:03.118+0000] {taskinstance.py:1364} INFO - 
--------------------------------------------------------------------------------
[2024-09-29T00:00:03.154+0000] {taskinstance.py:1383} INFO - Executing <Task(PostgresOperator): create_table> on 2024-09-28 00:00:00+00:00
[2024-09-29T00:00:03.167+0000] {standard_task_runner.py:55} INFO - Started process 14651 to run task
[2024-09-29T00:00:03.174+0000] {standard_task_runner.py:82} INFO - Running: ['***', 'tasks', 'run', 'user_processing', 'create_table', 'scheduled__2024-09-28T00:00:00+00:00', '--job-id', '61', '--raw', '--subdir', 'DAGS_FOLDER/user_processing.py', '--cfg-path', '/tmp/tmp2gtiny0r']
[2024-09-29T00:00:03.178+0000] {standard_task_runner.py:83} INFO - Job 61: Subtask create_table
[2024-09-29T00:00:03.358+0000] {task_command.py:376} INFO - Running <TaskInstance: user_processing.create_table scheduled__2024-09-28T00:00:00+00:00 [running]> on host 7c70f6053b6c
[2024-09-29T00:00:03.543+0000] {taskinstance.py:1592} INFO - Exporting the following env vars:
AIRFLOW_CTX_DAG_OWNER=***
AIRFLOW_CTX_DAG_ID=user_processing
AIRFLOW_CTX_TASK_ID=create_table
AIRFLOW_CTX_EXECUTION_DATE=2024-09-28T00:00:00+00:00
AIRFLOW_CTX_TRY_NUMBER=1
AIRFLOW_CTX_DAG_RUN_ID=scheduled__2024-09-28T00:00:00+00:00
[2024-09-29T00:00:03.564+0000] {base.py:71} INFO - Using connection ID 'postgres' for task execution.
[2024-09-29T00:00:03.577+0000] {sql.py:315} INFO - Running statement: 
                  CREATE TABLE IF NOT EXISTS users(
                    firstname TEXT not null,
                    lastname TEXT not null,
                    country TEXT not null,
                    username TEXT not null,
                    password TEXT not null,
                    email TEXT not null
                  )
            , parameters: None
[2024-09-29T00:00:03.581+0000] {postgres.py:96} INFO - NOTICE:  relation "users" already exists, skipping

[2024-09-29T00:00:03.608+0000] {taskinstance.py:1406} INFO - Marking task as SUCCESS. dag_id=user_processing, task_id=create_table, execution_date=20240928T000000, start_date=20240929T000003, end_date=20240929T000003
[2024-09-29T00:00:03.640+0000] {local_task_job.py:164} INFO - Task exited with return code 0
[2024-09-29T00:00:03.704+0000] {local_task_job.py:273} INFO - 1 downstream tasks scheduled from follow-on schedule check
