[2024-09-27T01:16:51.357+0000] {taskinstance.py:1165} INFO - Dependencies all met for <TaskInstance: consumer.read_dataset dataset_triggered__2024-09-27T01:16:49.979708+00:00 [queued]>
[2024-09-27T01:16:51.382+0000] {taskinstance.py:1165} INFO - Dependencies all met for <TaskInstance: consumer.read_dataset dataset_triggered__2024-09-27T01:16:49.979708+00:00 [queued]>
[2024-09-27T01:16:51.382+0000] {taskinstance.py:1362} INFO - 
--------------------------------------------------------------------------------
[2024-09-27T01:16:51.383+0000] {taskinstance.py:1363} INFO - Starting attempt 1 of 1
[2024-09-27T01:16:51.383+0000] {taskinstance.py:1364} INFO - 
--------------------------------------------------------------------------------
[2024-09-27T01:16:51.449+0000] {taskinstance.py:1383} INFO - Executing <Task(_PythonDecoratedOperator): read_dataset> on 2024-09-27 01:16:49.979708+00:00
[2024-09-27T01:16:51.467+0000] {standard_task_runner.py:55} INFO - Started process 18473 to run task
[2024-09-27T01:16:51.479+0000] {standard_task_runner.py:82} INFO - Running: ['***', 'tasks', 'run', 'consumer', 'read_dataset', 'dataset_triggered__2024-09-27T01:16:49.979708+00:00', '--job-id', '28', '--raw', '--subdir', 'DAGS_FOLDER/consumer.py', '--cfg-path', '/tmp/tmpj97qhq3s']
[2024-09-27T01:16:51.481+0000] {standard_task_runner.py:83} INFO - Job 28: Subtask read_dataset
[2024-09-27T01:16:51.667+0000] {task_command.py:376} INFO - Running <TaskInstance: consumer.read_dataset dataset_triggered__2024-09-27T01:16:49.979708+00:00 [running]> on host 9cc2fcf541e9
[2024-09-27T01:16:51.868+0000] {taskinstance.py:1592} INFO - Exporting the following env vars:
AIRFLOW_CTX_DAG_OWNER=***
AIRFLOW_CTX_DAG_ID=consumer
AIRFLOW_CTX_TASK_ID=read_dataset
AIRFLOW_CTX_EXECUTION_DATE=2024-09-27T01:16:49.979708+00:00
AIRFLOW_CTX_TRY_NUMBER=1
AIRFLOW_CTX_DAG_RUN_ID=dataset_triggered__2024-09-27T01:16:49.979708+00:00
[2024-09-27T01:16:51.870+0000] {logging_mixin.py:120} INFO - producer updateproducer update
[2024-09-27T01:16:51.871+0000] {python.py:177} INFO - Done. Returned value was: None
[2024-09-27T01:16:53.346+0000] {taskinstance.py:1406} INFO - Marking task as SUCCESS. dag_id=consumer, task_id=read_dataset, execution_date=20240927T011649, start_date=20240927T011651, end_date=20240927T011653
[2024-09-27T01:16:53.592+0000] {local_task_job.py:164} INFO - Task exited with return code 0
[2024-09-27T01:16:53.733+0000] {local_task_job.py:273} INFO - 0 downstream tasks scheduled from follow-on schedule check
