[2024-09-27T23:06:38.218+0000] {taskinstance.py:1165} INFO - Dependencies all met for <TaskInstance: group_dag.downloads.download_c scheduled__2024-09-26T00:00:00+00:00 [queued]>
[2024-09-27T23:06:38.236+0000] {taskinstance.py:1165} INFO - Dependencies all met for <TaskInstance: group_dag.downloads.download_c scheduled__2024-09-26T00:00:00+00:00 [queued]>
[2024-09-27T23:06:38.236+0000] {taskinstance.py:1362} INFO - 
--------------------------------------------------------------------------------
[2024-09-27T23:06:38.237+0000] {taskinstance.py:1363} INFO - Starting attempt 1 of 1
[2024-09-27T23:06:38.237+0000] {taskinstance.py:1364} INFO - 
--------------------------------------------------------------------------------
[2024-09-27T23:06:38.263+0000] {taskinstance.py:1383} INFO - Executing <Task(BashOperator): download_c> on 2024-09-26 00:00:00+00:00
[2024-09-27T23:06:38.269+0000] {standard_task_runner.py:55} INFO - Started process 3477 to run task
[2024-09-27T23:06:38.275+0000] {standard_task_runner.py:82} INFO - Running: ['***', 'tasks', 'run', 'group_dag.downloads', 'download_c', 'scheduled__2024-09-26T00:00:00+00:00', '--job-id', '37', '--raw', '--subdir', 'DAGS_FOLDER/group_dag.py', '--cfg-path', '/tmp/tmpwokzqn4m']
[2024-09-27T23:06:38.276+0000] {standard_task_runner.py:83} INFO - Job 37: Subtask download_c
[2024-09-27T23:06:38.410+0000] {task_command.py:376} INFO - Running <TaskInstance: group_dag.downloads.download_c scheduled__2024-09-26T00:00:00+00:00 [running]> on host 7c70f6053b6c
[2024-09-27T23:06:38.565+0000] {taskinstance.py:1592} INFO - Exporting the following env vars:
AIRFLOW_CTX_DAG_OWNER=***
AIRFLOW_CTX_DAG_ID=group_dag.downloads
AIRFLOW_CTX_TASK_ID=download_c
AIRFLOW_CTX_EXECUTION_DATE=2024-09-26T00:00:00+00:00
AIRFLOW_CTX_TRY_NUMBER=1
AIRFLOW_CTX_DAG_RUN_ID=scheduled__2024-09-26T00:00:00+00:00
[2024-09-27T23:06:38.567+0000] {subprocess.py:63} INFO - Tmp dir root location: 
 /tmp
[2024-09-27T23:06:38.569+0000] {subprocess.py:75} INFO - Running command: ['/bin/bash', '-c', 'sleep 10']
[2024-09-27T23:06:38.590+0000] {subprocess.py:86} INFO - Output:
[2024-09-27T23:06:48.600+0000] {subprocess.py:97} INFO - Command exited with return code 0
[2024-09-27T23:06:48.642+0000] {taskinstance.py:1406} INFO - Marking task as SUCCESS. dag_id=group_dag.downloads, task_id=download_c, execution_date=20240926T000000, start_date=20240927T230638, end_date=20240927T230648
[2024-09-27T23:06:48.711+0000] {local_task_job.py:164} INFO - Task exited with return code 0
[2024-09-27T23:06:48.752+0000] {local_task_job.py:273} INFO - 0 downstream tasks scheduled from follow-on schedule check
