[2024-09-27T01:16:58.498+0000] {taskinstance.py:1165} INFO - Dependencies all met for <TaskInstance: user_processing.extract_user scheduled__2024-09-26T00:00:00+00:00 [queued]>
[2024-09-27T01:16:58.513+0000] {taskinstance.py:1165} INFO - Dependencies all met for <TaskInstance: user_processing.extract_user scheduled__2024-09-26T00:00:00+00:00 [queued]>
[2024-09-27T01:16:58.514+0000] {taskinstance.py:1362} INFO - 
--------------------------------------------------------------------------------
[2024-09-27T01:16:58.514+0000] {taskinstance.py:1363} INFO - Starting attempt 1 of 1
[2024-09-27T01:16:58.515+0000] {taskinstance.py:1364} INFO - 
--------------------------------------------------------------------------------
[2024-09-27T01:16:58.529+0000] {taskinstance.py:1383} INFO - Executing <Task(SimpleHttpOperator): extract_user> on 2024-09-26 00:00:00+00:00
[2024-09-27T01:16:58.534+0000] {standard_task_runner.py:55} INFO - Started process 18479 to run task
[2024-09-27T01:16:58.538+0000] {standard_task_runner.py:82} INFO - Running: ['***', 'tasks', 'run', 'user_processing', 'extract_user', 'scheduled__2024-09-26T00:00:00+00:00', '--job-id', '30', '--raw', '--subdir', 'DAGS_FOLDER/user_processing.py', '--cfg-path', '/tmp/tmpo3dbxgix']
[2024-09-27T01:16:58.541+0000] {standard_task_runner.py:83} INFO - Job 30: Subtask extract_user
[2024-09-27T01:16:58.620+0000] {task_command.py:376} INFO - Running <TaskInstance: user_processing.extract_user scheduled__2024-09-26T00:00:00+00:00 [running]> on host 9cc2fcf541e9
[2024-09-27T01:16:58.700+0000] {taskinstance.py:1592} INFO - Exporting the following env vars:
AIRFLOW_CTX_DAG_OWNER=***
AIRFLOW_CTX_DAG_ID=user_processing
AIRFLOW_CTX_TASK_ID=extract_user
AIRFLOW_CTX_EXECUTION_DATE=2024-09-26T00:00:00+00:00
AIRFLOW_CTX_TRY_NUMBER=1
AIRFLOW_CTX_DAG_RUN_ID=scheduled__2024-09-26T00:00:00+00:00
[2024-09-27T01:16:58.701+0000] {http.py:121} INFO - Calling HTTP method
[2024-09-27T01:16:58.712+0000] {base.py:71} INFO - Using connection ID 'user_api' for task execution.
[2024-09-27T01:16:58.714+0000] {http.py:148} INFO - Sending 'GET' to url: https://randomuser.me/api/
[2024-09-27T01:16:58.902+0000] {http.py:125} INFO - {"results":[{"gender":"female","name":{"title":"Ms","first":"Fadila","last":"Boek"},"location":{"street":{"number":4734,"name":"Holtjesstraat"},"city":"Koningsbosch","state":"Utrecht","country":"Netherlands","postcode":"1844 CG","coordinates":{"latitude":"35.5594","longitude":"171.7452"},"timezone":{"offset":"-5:00","description":"Eastern Time (US & Canada), Bogota, Lima"}},"email":"fadila.boek@example.com","login":{"uuid":"41b37c6d-1acb-4149-8070-36214e8e2c78","username":"angryduck480","password":"jaguar","salt":"MXThrLGb","md5":"b42b50f35ea8674a67a09c07dd0b859b","sha1":"0bea416ac4ec32b11aecbc938a821eb0618c1439","sha256":"f055184a98843d822105c0a134012917d4e2eccf0e398ed71b5e8fcaad300c73"},"dob":{"date":"1954-11-22T03:29:11.429Z","age":69},"registered":{"date":"2003-07-27T19:38:27.183Z","age":21},"phone":"(095) 9174589","cell":"(06) 39125567","id":{"name":"BSN","value":"81044265"},"picture":{"large":"https://randomuser.me/api/portraits/women/27.jpg","medium":"https://randomuser.me/api/portraits/med/women/27.jpg","thumbnail":"https://randomuser.me/api/portraits/thumb/women/27.jpg"},"nat":"NL"}],"info":{"seed":"c5b675a7047fb1dc","results":1,"page":1,"version":"1.4"}}
[2024-09-27T01:16:58.928+0000] {taskinstance.py:1406} INFO - Marking task as SUCCESS. dag_id=user_processing, task_id=extract_user, execution_date=20240926T000000, start_date=20240927T011658, end_date=20240927T011658
[2024-09-27T01:16:58.968+0000] {local_task_job.py:164} INFO - Task exited with return code 0
[2024-09-27T01:16:59.002+0000] {local_task_job.py:273} INFO - 1 downstream tasks scheduled from follow-on schedule check
