[2024-09-29T00:00:04.108+0000] {taskinstance.py:1165} INFO - Dependencies all met for <TaskInstance: consumer.read_dataset dataset_triggered__2024-09-29T00:00:02.752142+00:00 [queued]>
[2024-09-29T00:00:04.126+0000] {taskinstance.py:1165} INFO - Dependencies all met for <TaskInstance: consumer.read_dataset dataset_triggered__2024-09-29T00:00:02.752142+00:00 [queued]>
[2024-09-29T00:00:04.127+0000] {taskinstance.py:1362} INFO - 
--------------------------------------------------------------------------------
[2024-09-29T00:00:04.127+0000] {taskinstance.py:1363} INFO - Starting attempt 1 of 1
[2024-09-29T00:00:04.128+0000] {taskinstance.py:1364} INFO - 
--------------------------------------------------------------------------------
[2024-09-29T00:00:04.154+0000] {taskinstance.py:1383} INFO - Executing <Task(_PythonDecoratedOperator): read_dataset> on 2024-09-29 00:00:02.752142+00:00
[2024-09-29T00:00:04.162+0000] {standard_task_runner.py:55} INFO - Started process 14653 to run task
[2024-09-29T00:00:04.168+0000] {standard_task_runner.py:82} INFO - Running: ['***', 'tasks', 'run', 'consumer', 'read_dataset', 'dataset_triggered__2024-09-29T00:00:02.752142+00:00', '--job-id', '62', '--raw', '--subdir', 'DAGS_FOLDER/consumer.py', '--cfg-path', '/tmp/tmp72k9ms1k']
[2024-09-29T00:00:04.169+0000] {standard_task_runner.py:83} INFO - Job 62: Subtask read_dataset
[2024-09-29T00:00:04.289+0000] {task_command.py:376} INFO - Running <TaskInstance: consumer.read_dataset dataset_triggered__2024-09-29T00:00:02.752142+00:00 [running]> on host 7c70f6053b6c
[2024-09-29T00:00:04.407+0000] {taskinstance.py:1592} INFO - Exporting the following env vars:
AIRFLOW_CTX_DAG_OWNER=***
AIRFLOW_CTX_DAG_ID=consumer
AIRFLOW_CTX_TASK_ID=read_dataset
AIRFLOW_CTX_EXECUTION_DATE=2024-09-29T00:00:02.752142+00:00
AIRFLOW_CTX_TRY_NUMBER=1
AIRFLOW_CTX_DAG_RUN_ID=dataset_triggered__2024-09-29T00:00:02.752142+00:00
[2024-09-29T00:00:04.409+0000] {logging_mixin.py:120} INFO - producer updateproducer update
[2024-09-29T00:00:04.410+0000] {python.py:177} INFO - Done. Returned value was: None
[2024-09-29T00:00:04.427+0000] {taskinstance.py:1406} INFO - Marking task as SUCCESS. dag_id=consumer, task_id=read_dataset, execution_date=20240929T000002, start_date=20240929T000004, end_date=20240929T000004
[2024-09-29T00:00:04.471+0000] {local_task_job.py:164} INFO - Task exited with return code 0
[2024-09-29T00:00:04.501+0000] {local_task_job.py:273} INFO - 0 downstream tasks scheduled from follow-on schedule check
