[2024-09-27T01:16:49.442+0000] {taskinstance.py:1165} INFO - Dependencies all met for <TaskInstance: producer.update_dataset scheduled__2024-09-26T00:00:00+00:00 [queued]>
[2024-09-27T01:16:49.463+0000] {taskinstance.py:1165} INFO - Dependencies all met for <TaskInstance: producer.update_dataset scheduled__2024-09-26T00:00:00+00:00 [queued]>
[2024-09-27T01:16:49.464+0000] {taskinstance.py:1362} INFO - 
--------------------------------------------------------------------------------
[2024-09-27T01:16:49.465+0000] {taskinstance.py:1363} INFO - Starting attempt 1 of 1
[2024-09-27T01:16:49.465+0000] {taskinstance.py:1364} INFO - 
--------------------------------------------------------------------------------
[2024-09-27T01:16:49.505+0000] {taskinstance.py:1383} INFO - Executing <Task(_PythonDecoratedOperator): update_dataset> on 2024-09-26 00:00:00+00:00
[2024-09-27T01:16:49.514+0000] {standard_task_runner.py:55} INFO - Started process 18469 to run task
[2024-09-27T01:16:49.522+0000] {standard_task_runner.py:82} INFO - Running: ['***', 'tasks', 'run', 'producer', 'update_dataset', 'scheduled__2024-09-26T00:00:00+00:00', '--job-id', '26', '--raw', '--subdir', 'DAGS_FOLDER/producer.py', '--cfg-path', '/tmp/tmp_7xr8m32']
[2024-09-27T01:16:49.524+0000] {standard_task_runner.py:83} INFO - Job 26: Subtask update_dataset
[2024-09-27T01:16:49.695+0000] {task_command.py:376} INFO - Running <TaskInstance: producer.update_dataset scheduled__2024-09-26T00:00:00+00:00 [running]> on host 9cc2fcf541e9
[2024-09-27T01:16:49.875+0000] {taskinstance.py:1592} INFO - Exporting the following env vars:
AIRFLOW_CTX_DAG_OWNER=***
AIRFLOW_CTX_DAG_ID=producer
AIRFLOW_CTX_TASK_ID=update_dataset
AIRFLOW_CTX_EXECUTION_DATE=2024-09-26T00:00:00+00:00
AIRFLOW_CTX_TRY_NUMBER=1
AIRFLOW_CTX_DAG_RUN_ID=scheduled__2024-09-26T00:00:00+00:00
[2024-09-27T01:16:49.879+0000] {python.py:177} INFO - Done. Returned value was: None
[2024-09-27T01:16:49.886+0000] {warnings.py:110} WARNING - /home/***/.local/lib/python3.7/site-packages/***/models/baseoperator.py:1390: RemovedInAirflow3Warning: Passing 'execution_date' to 'TaskInstance.xcom_push()' is deprecated.
  context['ti'].xcom_push(key=key, value=value, execution_date=execution_date)

[2024-09-27T01:16:49.939+0000] {taskinstance.py:1406} INFO - Marking task as SUCCESS. dag_id=producer, task_id=update_dataset, execution_date=20240926T000000, start_date=20240927T011649, end_date=20240927T011649
[2024-09-27T01:16:50.033+0000] {local_task_job.py:164} INFO - Task exited with return code 0
[2024-09-27T01:16:50.073+0000] {local_task_job.py:273} INFO - 0 downstream tasks scheduled from follow-on schedule check
