[2024-09-28T00:22:36.970+0000] {taskinstance.py:1165} INFO - Dependencies all met for <TaskInstance: user_processing.store_user scheduled__2024-09-27T00:00:00+00:00 [queued]>
[2024-09-28T00:22:37.077+0000] {taskinstance.py:1165} INFO - Dependencies all met for <TaskInstance: user_processing.store_user scheduled__2024-09-27T00:00:00+00:00 [queued]>
[2024-09-28T00:22:37.079+0000] {taskinstance.py:1362} INFO - 
--------------------------------------------------------------------------------
[2024-09-28T00:22:37.082+0000] {taskinstance.py:1363} INFO - Starting attempt 1 of 1
[2024-09-28T00:22:37.085+0000] {taskinstance.py:1364} INFO - 
--------------------------------------------------------------------------------
[2024-09-28T00:22:37.260+0000] {taskinstance.py:1383} INFO - Executing <Task(PythonOperator): store_user> on 2024-09-27 00:00:00+00:00
[2024-09-28T00:22:37.302+0000] {standard_task_runner.py:55} INFO - Started process 5556 to run task
[2024-09-28T00:22:37.344+0000] {standard_task_runner.py:82} INFO - Running: ['***', 'tasks', 'run', 'user_processing', 'store_user', 'scheduled__2024-09-27T00:00:00+00:00', '--job-id', '56', '--raw', '--subdir', 'DAGS_FOLDER/user_processing.py', '--cfg-path', '/tmp/tmpojm3c5bf']
[2024-09-28T00:22:37.368+0000] {standard_task_runner.py:83} INFO - Job 56: Subtask store_user
[2024-09-28T00:22:38.051+0000] {task_command.py:376} INFO - Running <TaskInstance: user_processing.store_user scheduled__2024-09-27T00:00:00+00:00 [running]> on host 7c70f6053b6c
[2024-09-28T00:22:38.763+0000] {taskinstance.py:1592} INFO - Exporting the following env vars:
AIRFLOW_CTX_DAG_OWNER=***
AIRFLOW_CTX_DAG_ID=user_processing
AIRFLOW_CTX_TASK_ID=store_user
AIRFLOW_CTX_EXECUTION_DATE=2024-09-27T00:00:00+00:00
AIRFLOW_CTX_TRY_NUMBER=1
AIRFLOW_CTX_DAG_RUN_ID=scheduled__2024-09-27T00:00:00+00:00
[2024-09-28T00:22:38.794+0000] {postgres.py:129} INFO - Running copy expert: COPY users from stdin WITH DELIMITER as ',', filename: /tmp/processed_user.csv
[2024-09-28T00:22:38.872+0000] {base.py:71} INFO - Using connection ID 'postgres' for task execution.
[2024-09-28T00:22:38.931+0000] {python.py:177} INFO - Done. Returned value was: None
[2024-09-28T00:22:39.037+0000] {taskinstance.py:1406} INFO - Marking task as SUCCESS. dag_id=user_processing, task_id=store_user, execution_date=20240927T000000, start_date=20240928T002236, end_date=20240928T002239
[2024-09-28T00:22:39.229+0000] {local_task_job.py:164} INFO - Task exited with return code 0
[2024-09-28T00:22:39.371+0000] {local_task_job.py:273} INFO - 0 downstream tasks scheduled from follow-on schedule check
