[2024-09-26T00:25:41.561+0000] {taskinstance.py:1165} INFO - Dependencies all met for <TaskInstance: user_processing.is_api_available scheduled__2024-09-25T00:00:00+00:00 [queued]>
[2024-09-26T00:25:41.576+0000] {taskinstance.py:1165} INFO - Dependencies all met for <TaskInstance: user_processing.is_api_available scheduled__2024-09-25T00:00:00+00:00 [queued]>
[2024-09-26T00:25:41.576+0000] {taskinstance.py:1362} INFO - 
--------------------------------------------------------------------------------
[2024-09-26T00:25:41.577+0000] {taskinstance.py:1363} INFO - Starting attempt 1 of 1
[2024-09-26T00:25:41.577+0000] {taskinstance.py:1364} INFO - 
--------------------------------------------------------------------------------
[2024-09-26T00:25:41.597+0000] {taskinstance.py:1383} INFO - Executing <Task(HttpSensor): is_api_available> on 2024-09-25 00:00:00+00:00
[2024-09-26T00:25:41.605+0000] {standard_task_runner.py:55} INFO - Started process 12723 to run task
[2024-09-26T00:25:41.610+0000] {standard_task_runner.py:82} INFO - Running: ['***', 'tasks', 'run', 'user_processing', 'is_api_available', 'scheduled__2024-09-25T00:00:00+00:00', '--job-id', '20', '--raw', '--subdir', 'DAGS_FOLDER/user_processing.py', '--cfg-path', '/tmp/tmprythbexo']
[2024-09-26T00:25:41.613+0000] {standard_task_runner.py:83} INFO - Job 20: Subtask is_api_available
[2024-09-26T00:25:41.700+0000] {task_command.py:376} INFO - Running <TaskInstance: user_processing.is_api_available scheduled__2024-09-25T00:00:00+00:00 [running]> on host 9cc2fcf541e9
[2024-09-26T00:25:41.791+0000] {taskinstance.py:1592} INFO - Exporting the following env vars:
AIRFLOW_CTX_DAG_OWNER=***
AIRFLOW_CTX_DAG_ID=user_processing
AIRFLOW_CTX_TASK_ID=is_api_available
AIRFLOW_CTX_EXECUTION_DATE=2024-09-25T00:00:00+00:00
AIRFLOW_CTX_TRY_NUMBER=1
AIRFLOW_CTX_DAG_RUN_ID=scheduled__2024-09-25T00:00:00+00:00
[2024-09-26T00:25:41.792+0000] {http.py:120} INFO - Poking: api/
[2024-09-26T00:25:41.803+0000] {base.py:71} INFO - Using connection ID 'user_api' for task execution.
[2024-09-26T00:25:41.805+0000] {http.py:148} INFO - Sending 'GET' to url: https://randomuser.me/api/
[2024-09-26T00:25:42.389+0000] {base.py:213} INFO - Success criteria met. Exiting.
[2024-09-26T00:25:42.405+0000] {taskinstance.py:1406} INFO - Marking task as SUCCESS. dag_id=user_processing, task_id=is_api_available, execution_date=20240925T000000, start_date=20240926T002541, end_date=20240926T002542
[2024-09-26T00:25:43.877+0000] {local_task_job.py:164} INFO - Task exited with return code 0
[2024-09-26T00:25:44.084+0000] {local_task_job.py:273} INFO - 1 downstream tasks scheduled from follow-on schedule check
