[2024-09-25T14:00:31.739+0000] {taskinstance.py:1165} INFO - Dependencies all met for <TaskInstance: user_processing.extract_user manual__2024-09-25T14:00:22.412204+00:00 [queued]>
[2024-09-25T14:00:31.754+0000] {taskinstance.py:1165} INFO - Dependencies all met for <TaskInstance: user_processing.extract_user manual__2024-09-25T14:00:22.412204+00:00 [queued]>
[2024-09-25T14:00:31.754+0000] {taskinstance.py:1362} INFO - 
--------------------------------------------------------------------------------
[2024-09-25T14:00:31.755+0000] {taskinstance.py:1363} INFO - Starting attempt 1 of 1
[2024-09-25T14:00:31.755+0000] {taskinstance.py:1364} INFO - 
--------------------------------------------------------------------------------
[2024-09-25T14:00:31.774+0000] {taskinstance.py:1383} INFO - Executing <Task(SimpleHttpOperator): extract_user> on 2024-09-25 14:00:22.412204+00:00
[2024-09-25T14:00:31.778+0000] {standard_task_runner.py:55} INFO - Started process 11770 to run task
[2024-09-25T14:00:31.783+0000] {standard_task_runner.py:82} INFO - Running: ['***', 'tasks', 'run', 'user_processing', 'extract_user', 'manual__2024-09-25T14:00:22.412204+00:00', '--job-id', '7', '--raw', '--subdir', 'DAGS_FOLDER/user_processing.py', '--cfg-path', '/tmp/tmpzk6v35qb']
[2024-09-25T14:00:31.783+0000] {standard_task_runner.py:83} INFO - Job 7: Subtask extract_user
[2024-09-25T14:00:31.865+0000] {task_command.py:376} INFO - Running <TaskInstance: user_processing.extract_user manual__2024-09-25T14:00:22.412204+00:00 [running]> on host 9cc2fcf541e9
[2024-09-25T14:00:31.973+0000] {taskinstance.py:1592} INFO - Exporting the following env vars:
AIRFLOW_CTX_DAG_OWNER=***
AIRFLOW_CTX_DAG_ID=user_processing
AIRFLOW_CTX_TASK_ID=extract_user
AIRFLOW_CTX_EXECUTION_DATE=2024-09-25T14:00:22.412204+00:00
AIRFLOW_CTX_TRY_NUMBER=1
AIRFLOW_CTX_DAG_RUN_ID=manual__2024-09-25T14:00:22.412204+00:00
[2024-09-25T14:00:31.975+0000] {http.py:121} INFO - Calling HTTP method
[2024-09-25T14:00:31.987+0000] {base.py:71} INFO - Using connection ID 'user_api' for task execution.
[2024-09-25T14:00:31.991+0000] {http.py:148} INFO - Sending 'GET' to url: https://randomuser.me/api/
[2024-09-25T14:00:36.543+0000] {http.py:125} INFO - {"results":[{"gender":"female","name":{"title":"Mrs","first":"Felicia","last":"Martin"},"location":{"street":{"number":511,"name":"Groveland Terrace"},"city":"Plano","state":"Alaska","country":"United States","postcode":41861,"coordinates":{"latitude":"88.9599","longitude":"65.8715"},"timezone":{"offset":"+8:00","description":"Beijing, Perth, Singapore, Hong Kong"}},"email":"felicia.martin@example.com","login":{"uuid":"589d05a0-57de-441d-9ff0-d3938c14ebf8","username":"angrysnake269","password":"zurich","salt":"B23qf1Z8","md5":"85fd5c09d11bdb96715a73501e4ff9f7","sha1":"7c00d6c738eaf8b35daab1fa53b39e1deae7b1f2","sha256":"930f03c7ceba9cb11750273c11d30b7bad62f871f26240d84f059d0987c0446e"},"dob":{"date":"1980-01-25T01:36:30.638Z","age":44},"registered":{"date":"2006-11-06T03:03:22.303Z","age":17},"phone":"(802) 979-5088","cell":"(642) 204-5919","id":{"name":"SSN","value":"434-43-9485"},"picture":{"large":"https://randomuser.me/api/portraits/women/51.jpg","medium":"https://randomuser.me/api/portraits/med/women/51.jpg","thumbnail":"https://randomuser.me/api/portraits/thumb/women/51.jpg"},"nat":"US"}],"info":{"seed":"bafd7bedfc2d4bef","results":1,"page":1,"version":"1.4"}}
[2024-09-25T14:00:36.545+0000] {taskinstance.py:1851} ERROR - Task failed with exception
Traceback (most recent call last):
  File "/home/airflow/.local/lib/python3.7/site-packages/airflow/providers/http/operators/http.py", line 132, in execute
    return self.response_filter(response, **kwargs)
  File "/opt/airflow/dags/user_processing.py", line 64, in <lambda>
    response_filter = lambda response: json.loads(respnse.text),
NameError: name 'respnse' is not defined
[2024-09-25T14:00:36.556+0000] {taskinstance.py:1406} INFO - Marking task as FAILED. dag_id=user_processing, task_id=extract_user, execution_date=20240925T140022, start_date=20240925T140031, end_date=20240925T140036
[2024-09-25T14:00:36.572+0000] {standard_task_runner.py:105} ERROR - Failed to execute job 7 for task extract_user (name 'respnse' is not defined; 11770)
[2024-09-25T14:00:36.599+0000] {local_task_job.py:164} INFO - Task exited with return code 1
[2024-09-25T14:00:36.640+0000] {local_task_job.py:273} INFO - 0 downstream tasks scheduled from follow-on schedule check
