[2024-09-27T23:06:38.278+0000] {taskinstance.py:1165} INFO - Dependencies all met for <TaskInstance: group_dag.downloads.download_b scheduled__2024-09-26T00:00:00+00:00 [queued]>
[2024-09-27T23:06:38.305+0000] {taskinstance.py:1165} INFO - Dependencies all met for <TaskInstance: group_dag.downloads.download_b scheduled__2024-09-26T00:00:00+00:00 [queued]>
[2024-09-27T23:06:38.306+0000] {taskinstance.py:1362} INFO - 
--------------------------------------------------------------------------------
[2024-09-27T23:06:38.306+0000] {taskinstance.py:1363} INFO - Starting attempt 1 of 1
[2024-09-27T23:06:38.307+0000] {taskinstance.py:1364} INFO - 
--------------------------------------------------------------------------------
[2024-09-27T23:06:38.339+0000] {taskinstance.py:1383} INFO - Executing <Task(BashOperator): download_b> on 2024-09-26 00:00:00+00:00
[2024-09-27T23:06:38.355+0000] {standard_task_runner.py:55} INFO - Started process 3478 to run task
[2024-09-27T23:06:38.383+0000] {standard_task_runner.py:82} INFO - Running: ['***', 'tasks', 'run', 'group_dag.downloads', 'download_b', 'scheduled__2024-09-26T00:00:00+00:00', '--job-id', '38', '--raw', '--subdir', 'DAGS_FOLDER/group_dag.py', '--cfg-path', '/tmp/tmpglgax4k1']
[2024-09-27T23:06:38.384+0000] {standard_task_runner.py:83} INFO - Job 38: Subtask download_b
[2024-09-27T23:06:38.536+0000] {task_command.py:376} INFO - Running <TaskInstance: group_dag.downloads.download_b scheduled__2024-09-26T00:00:00+00:00 [running]> on host 7c70f6053b6c
[2024-09-27T23:06:38.730+0000] {taskinstance.py:1592} INFO - Exporting the following env vars:
AIRFLOW_CTX_DAG_OWNER=***
AIRFLOW_CTX_DAG_ID=group_dag.downloads
AIRFLOW_CTX_TASK_ID=download_b
AIRFLOW_CTX_EXECUTION_DATE=2024-09-26T00:00:00+00:00
AIRFLOW_CTX_TRY_NUMBER=1
AIRFLOW_CTX_DAG_RUN_ID=scheduled__2024-09-26T00:00:00+00:00
[2024-09-27T23:06:38.735+0000] {subprocess.py:63} INFO - Tmp dir root location: 
 /tmp
[2024-09-27T23:06:38.737+0000] {subprocess.py:75} INFO - Running command: ['/bin/bash', '-c', 'sleep 10']
[2024-09-27T23:06:38.757+0000] {subprocess.py:86} INFO - Output:
[2024-09-27T23:06:48.766+0000] {subprocess.py:97} INFO - Command exited with return code 0
[2024-09-27T23:06:48.825+0000] {taskinstance.py:1406} INFO - Marking task as SUCCESS. dag_id=group_dag.downloads, task_id=download_b, execution_date=20240926T000000, start_date=20240927T230638, end_date=20240927T230648
[2024-09-27T23:06:48.896+0000] {local_task_job.py:164} INFO - Task exited with return code 0
[2024-09-27T23:06:48.936+0000] {local_task_job.py:273} INFO - 0 downstream tasks scheduled from follow-on schedule check
