[2024-09-29T00:00:11.972+0000] {taskinstance.py:1165} INFO - Dependencies all met for <TaskInstance: user_processing.store_user scheduled__2024-09-28T00:00:00+00:00 [queued]>
[2024-09-29T00:00:11.990+0000] {taskinstance.py:1165} INFO - Dependencies all met for <TaskInstance: user_processing.store_user scheduled__2024-09-28T00:00:00+00:00 [queued]>
[2024-09-29T00:00:11.991+0000] {taskinstance.py:1362} INFO - 
--------------------------------------------------------------------------------
[2024-09-29T00:00:11.991+0000] {taskinstance.py:1363} INFO - Starting attempt 1 of 1
[2024-09-29T00:00:11.992+0000] {taskinstance.py:1364} INFO - 
--------------------------------------------------------------------------------
[2024-09-29T00:00:12.015+0000] {taskinstance.py:1383} INFO - Executing <Task(PythonOperator): store_user> on 2024-09-28 00:00:00+00:00
[2024-09-29T00:00:12.021+0000] {standard_task_runner.py:55} INFO - Started process 14665 to run task
[2024-09-29T00:00:12.027+0000] {standard_task_runner.py:82} INFO - Running: ['***', 'tasks', 'run', 'user_processing', 'store_user', 'scheduled__2024-09-28T00:00:00+00:00', '--job-id', '66', '--raw', '--subdir', 'DAGS_FOLDER/user_processing.py', '--cfg-path', '/tmp/tmpbfdywna6']
[2024-09-29T00:00:12.030+0000] {standard_task_runner.py:83} INFO - Job 66: Subtask store_user
[2024-09-29T00:00:12.138+0000] {task_command.py:376} INFO - Running <TaskInstance: user_processing.store_user scheduled__2024-09-28T00:00:00+00:00 [running]> on host 7c70f6053b6c
[2024-09-29T00:00:12.241+0000] {taskinstance.py:1592} INFO - Exporting the following env vars:
AIRFLOW_CTX_DAG_OWNER=***
AIRFLOW_CTX_DAG_ID=user_processing
AIRFLOW_CTX_TASK_ID=store_user
AIRFLOW_CTX_EXECUTION_DATE=2024-09-28T00:00:00+00:00
AIRFLOW_CTX_TRY_NUMBER=1
AIRFLOW_CTX_DAG_RUN_ID=scheduled__2024-09-28T00:00:00+00:00
[2024-09-29T00:00:12.243+0000] {postgres.py:129} INFO - Running copy expert: COPY users from stdin WITH DELIMITER as ',', filename: /tmp/processed_user.csv
[2024-09-29T00:00:12.256+0000] {base.py:71} INFO - Using connection ID 'postgres' for task execution.
[2024-09-29T00:00:12.269+0000] {python.py:177} INFO - Done. Returned value was: None
[2024-09-29T00:00:12.285+0000] {taskinstance.py:1406} INFO - Marking task as SUCCESS. dag_id=user_processing, task_id=store_user, execution_date=20240928T000000, start_date=20240929T000011, end_date=20240929T000012
[2024-09-29T00:00:12.329+0000] {local_task_job.py:164} INFO - Task exited with return code 0
[2024-09-29T00:00:12.357+0000] {local_task_job.py:273} INFO - 0 downstream tasks scheduled from follow-on schedule check
