[2024-09-27T23:06:38.185+0000] {taskinstance.py:1165} INFO - Dependencies all met for <TaskInstance: group_dag.downloads.download_a scheduled__2024-09-26T00:00:00+00:00 [queued]>
[2024-09-27T23:06:38.206+0000] {taskinstance.py:1165} INFO - Dependencies all met for <TaskInstance: group_dag.downloads.download_a scheduled__2024-09-26T00:00:00+00:00 [queued]>
[2024-09-27T23:06:38.207+0000] {taskinstance.py:1362} INFO - 
--------------------------------------------------------------------------------
[2024-09-27T23:06:38.207+0000] {taskinstance.py:1363} INFO - Starting attempt 1 of 1
[2024-09-27T23:06:38.208+0000] {taskinstance.py:1364} INFO - 
--------------------------------------------------------------------------------
[2024-09-27T23:06:38.234+0000] {taskinstance.py:1383} INFO - Executing <Task(BashOperator): download_a> on 2024-09-26 00:00:00+00:00
[2024-09-27T23:06:38.239+0000] {standard_task_runner.py:55} INFO - Started process 3476 to run task
[2024-09-27T23:06:38.245+0000] {standard_task_runner.py:82} INFO - Running: ['***', 'tasks', 'run', 'group_dag.downloads', 'download_a', 'scheduled__2024-09-26T00:00:00+00:00', '--job-id', '36', '--raw', '--subdir', 'DAGS_FOLDER/group_dag.py', '--cfg-path', '/tmp/tmps77wwvz0']
[2024-09-27T23:06:38.246+0000] {standard_task_runner.py:83} INFO - Job 36: Subtask download_a
[2024-09-27T23:06:38.383+0000] {task_command.py:376} INFO - Running <TaskInstance: group_dag.downloads.download_a scheduled__2024-09-26T00:00:00+00:00 [running]> on host 7c70f6053b6c
[2024-09-27T23:06:38.536+0000] {taskinstance.py:1592} INFO - Exporting the following env vars:
AIRFLOW_CTX_DAG_OWNER=***
AIRFLOW_CTX_DAG_ID=group_dag.downloads
AIRFLOW_CTX_TASK_ID=download_a
AIRFLOW_CTX_EXECUTION_DATE=2024-09-26T00:00:00+00:00
AIRFLOW_CTX_TRY_NUMBER=1
AIRFLOW_CTX_DAG_RUN_ID=scheduled__2024-09-26T00:00:00+00:00
[2024-09-27T23:06:38.539+0000] {subprocess.py:63} INFO - Tmp dir root location: 
 /tmp
[2024-09-27T23:06:38.541+0000] {subprocess.py:75} INFO - Running command: ['/bin/bash', '-c', 'sleep 10']
[2024-09-27T23:06:38.555+0000] {subprocess.py:86} INFO - Output:
[2024-09-27T23:06:48.588+0000] {subprocess.py:97} INFO - Command exited with return code 0
[2024-09-27T23:06:48.639+0000] {taskinstance.py:1406} INFO - Marking task as SUCCESS. dag_id=group_dag.downloads, task_id=download_a, execution_date=20240926T000000, start_date=20240927T230638, end_date=20240927T230648
[2024-09-27T23:06:48.692+0000] {local_task_job.py:164} INFO - Task exited with return code 0
[2024-09-27T23:06:48.724+0000] {local_task_job.py:273} INFO - 0 downstream tasks scheduled from follow-on schedule check
