[2024-09-28T00:21:29.428+0000] {taskinstance.py:1165} INFO - Dependencies all met for <TaskInstance: group_dag.downloads.download_b scheduled__2024-09-27T00:00:00+00:00 [queued]>
[2024-09-28T00:21:29.692+0000] {taskinstance.py:1165} INFO - Dependencies all met for <TaskInstance: group_dag.downloads.download_b scheduled__2024-09-27T00:00:00+00:00 [queued]>
[2024-09-28T00:21:29.701+0000] {taskinstance.py:1362} INFO - 
--------------------------------------------------------------------------------
[2024-09-28T00:21:29.704+0000] {taskinstance.py:1363} INFO - Starting attempt 1 of 1
[2024-09-28T00:21:29.717+0000] {taskinstance.py:1364} INFO - 
--------------------------------------------------------------------------------
[2024-09-28T00:21:29.987+0000] {taskinstance.py:1383} INFO - Executing <Task(BashOperator): downloads.download_b> on 2024-09-27 00:00:00+00:00
[2024-09-28T00:21:30.094+0000] {standard_task_runner.py:55} INFO - Started process 5499 to run task
[2024-09-28T00:21:30.197+0000] {standard_task_runner.py:82} INFO - Running: ['***', 'tasks', 'run', 'group_dag', 'downloads.download_b', 'scheduled__2024-09-27T00:00:00+00:00', '--job-id', '46', '--raw', '--subdir', 'DAGS_FOLDER/group_dag.py', '--cfg-path', '/tmp/tmp5yi9ln9t']
[2024-09-28T00:21:30.208+0000] {standard_task_runner.py:83} INFO - Job 46: Subtask downloads.download_b
[2024-09-28T00:21:31.505+0000] {task_command.py:376} INFO - Running <TaskInstance: group_dag.downloads.download_b scheduled__2024-09-27T00:00:00+00:00 [running]> on host 7c70f6053b6c
[2024-09-28T00:21:32.778+0000] {taskinstance.py:1592} INFO - Exporting the following env vars:
AIRFLOW_CTX_DAG_OWNER=***
AIRFLOW_CTX_DAG_ID=group_dag
AIRFLOW_CTX_TASK_ID=downloads.download_b
AIRFLOW_CTX_EXECUTION_DATE=2024-09-27T00:00:00+00:00
AIRFLOW_CTX_TRY_NUMBER=1
AIRFLOW_CTX_DAG_RUN_ID=scheduled__2024-09-27T00:00:00+00:00
[2024-09-28T00:21:32.804+0000] {subprocess.py:63} INFO - Tmp dir root location: 
 /tmp
[2024-09-28T00:21:32.825+0000] {subprocess.py:75} INFO - Running command: ['/bin/bash', '-c', 'sleep 10']
[2024-09-28T00:21:32.966+0000] {subprocess.py:86} INFO - Output:
[2024-09-28T00:21:43.019+0000] {subprocess.py:97} INFO - Command exited with return code 0
[2024-09-28T00:21:43.438+0000] {taskinstance.py:1406} INFO - Marking task as SUCCESS. dag_id=group_dag, task_id=downloads.download_b, execution_date=20240927T000000, start_date=20240928T002129, end_date=20240928T002143
[2024-09-28T00:21:43.785+0000] {local_task_job.py:164} INFO - Task exited with return code 0
[2024-09-28T00:21:44.795+0000] {local_task_job.py:273} INFO - 0 downstream tasks scheduled from follow-on schedule check
