[2024-09-25T14:01:56.495+0000] {taskinstance.py:1165} INFO - Dependencies all met for <TaskInstance: user_processing.process_user manual__2024-09-25T14:01:41.497506+00:00 [queued]>
[2024-09-25T14:01:56.510+0000] {taskinstance.py:1165} INFO - Dependencies all met for <TaskInstance: user_processing.process_user manual__2024-09-25T14:01:41.497506+00:00 [queued]>
[2024-09-25T14:01:56.511+0000] {taskinstance.py:1362} INFO - 
--------------------------------------------------------------------------------
[2024-09-25T14:01:56.512+0000] {taskinstance.py:1363} INFO - Starting attempt 1 of 1
[2024-09-25T14:01:56.512+0000] {taskinstance.py:1364} INFO - 
--------------------------------------------------------------------------------
[2024-09-25T14:01:56.533+0000] {taskinstance.py:1383} INFO - Executing <Task(PythonOperator): process_user> on 2024-09-25 14:01:41.497506+00:00
[2024-09-25T14:01:56.539+0000] {standard_task_runner.py:55} INFO - Started process 11841 to run task
[2024-09-25T14:01:56.544+0000] {standard_task_runner.py:82} INFO - Running: ['***', 'tasks', 'run', 'user_processing', 'process_user', 'manual__2024-09-25T14:01:41.497506+00:00', '--job-id', '11', '--raw', '--subdir', 'DAGS_FOLDER/user_processing.py', '--cfg-path', '/tmp/tmpoy1weyn7']
[2024-09-25T14:01:56.545+0000] {standard_task_runner.py:83} INFO - Job 11: Subtask process_user
[2024-09-25T14:01:56.628+0000] {task_command.py:376} INFO - Running <TaskInstance: user_processing.process_user manual__2024-09-25T14:01:41.497506+00:00 [running]> on host 9cc2fcf541e9
[2024-09-25T14:01:56.712+0000] {taskinstance.py:1592} INFO - Exporting the following env vars:
AIRFLOW_CTX_DAG_OWNER=***
AIRFLOW_CTX_DAG_ID=user_processing
AIRFLOW_CTX_TASK_ID=process_user
AIRFLOW_CTX_EXECUTION_DATE=2024-09-25T14:01:41.497506+00:00
AIRFLOW_CTX_TRY_NUMBER=1
AIRFLOW_CTX_DAG_RUN_ID=manual__2024-09-25T14:01:41.497506+00:00
[2024-09-25T14:01:56.714+0000] {taskinstance.py:1851} ERROR - Task failed with exception
Traceback (most recent call last):
  File "/home/airflow/.local/lib/python3.7/site-packages/airflow/operators/python.py", line 175, in execute
    return_value = self.execute_callable()
  File "/home/airflow/.local/lib/python3.7/site-packages/airflow/operators/python.py", line 193, in execute_callable
    return self.python_callable(*self.op_args, **self.op_kwargs)
  File "/opt/airflow/dags/user_processing.py", line 11, in _process_user
    user = ti.xcom.pull(task_ids = "extract_user")
AttributeError: 'TaskInstance' object has no attribute 'xcom'
[2024-09-25T14:01:56.726+0000] {taskinstance.py:1406} INFO - Marking task as FAILED. dag_id=user_processing, task_id=process_user, execution_date=20240925T140141, start_date=20240925T140156, end_date=20240925T140156
[2024-09-25T14:01:56.741+0000] {standard_task_runner.py:105} ERROR - Failed to execute job 11 for task process_user ('TaskInstance' object has no attribute 'xcom'; 11841)
[2024-09-25T14:01:56.765+0000] {local_task_job.py:164} INFO - Task exited with return code 1
[2024-09-25T14:01:56.805+0000] {local_task_job.py:273} INFO - 0 downstream tasks scheduled from follow-on schedule check
