[2024-09-27T23:07:48.692+0000] {taskinstance.py:1165} INFO - Dependencies all met for <TaskInstance: group_dag.transform_b scheduled__2024-09-26T00:00:00+00:00 [queued]>
[2024-09-27T23:07:48.708+0000] {taskinstance.py:1165} INFO - Dependencies all met for <TaskInstance: group_dag.transform_b scheduled__2024-09-26T00:00:00+00:00 [queued]>
[2024-09-27T23:07:48.708+0000] {taskinstance.py:1362} INFO - 
--------------------------------------------------------------------------------
[2024-09-27T23:07:48.709+0000] {taskinstance.py:1363} INFO - Starting attempt 1 of 1
[2024-09-27T23:07:48.709+0000] {taskinstance.py:1364} INFO - 
--------------------------------------------------------------------------------
[2024-09-27T23:07:48.731+0000] {taskinstance.py:1383} INFO - Executing <Task(BashOperator): transform_b> on 2024-09-26 00:00:00+00:00
[2024-09-27T23:07:48.738+0000] {standard_task_runner.py:55} INFO - Started process 3542 to run task
[2024-09-27T23:07:48.745+0000] {standard_task_runner.py:82} INFO - Running: ['***', 'tasks', 'run', 'group_dag', 'transform_b', 'scheduled__2024-09-26T00:00:00+00:00', '--job-id', '40', '--raw', '--subdir', 'DAGS_FOLDER/group_dag.py', '--cfg-path', '/tmp/tmpe79ltscy']
[2024-09-27T23:07:48.748+0000] {standard_task_runner.py:83} INFO - Job 40: Subtask transform_b
[2024-09-27T23:07:48.849+0000] {task_command.py:376} INFO - Running <TaskInstance: group_dag.transform_b scheduled__2024-09-26T00:00:00+00:00 [running]> on host 7c70f6053b6c
[2024-09-27T23:07:48.951+0000] {taskinstance.py:1592} INFO - Exporting the following env vars:
AIRFLOW_CTX_DAG_OWNER=***
AIRFLOW_CTX_DAG_ID=group_dag
AIRFLOW_CTX_TASK_ID=transform_b
AIRFLOW_CTX_EXECUTION_DATE=2024-09-26T00:00:00+00:00
AIRFLOW_CTX_TRY_NUMBER=1
AIRFLOW_CTX_DAG_RUN_ID=scheduled__2024-09-26T00:00:00+00:00
[2024-09-27T23:07:48.953+0000] {subprocess.py:63} INFO - Tmp dir root location: 
 /tmp
[2024-09-27T23:07:48.953+0000] {subprocess.py:75} INFO - Running command: ['/bin/bash', '-c', 'sleep 10']
[2024-09-27T23:07:48.966+0000] {subprocess.py:86} INFO - Output:
[2024-09-27T23:07:58.970+0000] {subprocess.py:97} INFO - Command exited with return code 0
[2024-09-27T23:07:58.998+0000] {taskinstance.py:1406} INFO - Marking task as SUCCESS. dag_id=group_dag, task_id=transform_b, execution_date=20240926T000000, start_date=20240927T230748, end_date=20240927T230758
[2024-09-27T23:07:59.020+0000] {local_task_job.py:164} INFO - Task exited with return code 0
[2024-09-27T23:07:59.043+0000] {local_task_job.py:273} INFO - 0 downstream tasks scheduled from follow-on schedule check
