[2024-09-26T14:27:46.090+0000] {taskinstance.py:1165} INFO - Dependencies all met for <TaskInstance: consumer.read_dataset dataset_triggered__2024-09-26T14:27:45.309197+00:00 [queued]>
[2024-09-26T14:27:46.101+0000] {taskinstance.py:1165} INFO - Dependencies all met for <TaskInstance: consumer.read_dataset dataset_triggered__2024-09-26T14:27:45.309197+00:00 [queued]>
[2024-09-26T14:27:46.101+0000] {taskinstance.py:1362} INFO - 
--------------------------------------------------------------------------------
[2024-09-26T14:27:46.101+0000] {taskinstance.py:1363} INFO - Starting attempt 1 of 1
[2024-09-26T14:27:46.102+0000] {taskinstance.py:1364} INFO - 
--------------------------------------------------------------------------------
[2024-09-26T14:27:46.114+0000] {taskinstance.py:1383} INFO - Executing <Task(_PythonDecoratedOperator): read_dataset> on 2024-09-26 14:27:45.309197+00:00
[2024-09-26T14:27:46.117+0000] {standard_task_runner.py:55} INFO - Started process 17145 to run task
[2024-09-26T14:27:46.121+0000] {standard_task_runner.py:82} INFO - Running: ['***', 'tasks', 'run', 'consumer', 'read_dataset', 'dataset_triggered__2024-09-26T14:27:45.309197+00:00', '--job-id', '25', '--raw', '--subdir', 'DAGS_FOLDER/consumer.py', '--cfg-path', '/tmp/tmps60u0zf4']
[2024-09-26T14:27:46.121+0000] {standard_task_runner.py:83} INFO - Job 25: Subtask read_dataset
[2024-09-26T14:27:46.191+0000] {task_command.py:376} INFO - Running <TaskInstance: consumer.read_dataset dataset_triggered__2024-09-26T14:27:45.309197+00:00 [running]> on host 9cc2fcf541e9
[2024-09-26T14:27:46.276+0000] {taskinstance.py:1592} INFO - Exporting the following env vars:
AIRFLOW_CTX_DAG_OWNER=***
AIRFLOW_CTX_DAG_ID=consumer
AIRFLOW_CTX_TASK_ID=read_dataset
AIRFLOW_CTX_EXECUTION_DATE=2024-09-26T14:27:45.309197+00:00
AIRFLOW_CTX_TRY_NUMBER=1
AIRFLOW_CTX_DAG_RUN_ID=dataset_triggered__2024-09-26T14:27:45.309197+00:00
[2024-09-26T14:27:46.278+0000] {logging_mixin.py:120} INFO - producer update
[2024-09-26T14:27:46.278+0000] {python.py:177} INFO - Done. Returned value was: None
[2024-09-26T14:27:46.294+0000] {taskinstance.py:1406} INFO - Marking task as SUCCESS. dag_id=consumer, task_id=read_dataset, execution_date=20240926T142745, start_date=20240926T142746, end_date=20240926T142746
[2024-09-26T14:27:46.343+0000] {local_task_job.py:164} INFO - Task exited with return code 0
[2024-09-26T14:27:46.369+0000] {local_task_job.py:273} INFO - 0 downstream tasks scheduled from follow-on schedule check
