[2024-09-28T00:22:27.269+0000] {taskinstance.py:1165} INFO - Dependencies all met for <TaskInstance: user_processing.process_user scheduled__2024-09-27T00:00:00+00:00 [queued]>
[2024-09-28T00:22:27.367+0000] {taskinstance.py:1165} INFO - Dependencies all met for <TaskInstance: user_processing.process_user scheduled__2024-09-27T00:00:00+00:00 [queued]>
[2024-09-28T00:22:27.371+0000] {taskinstance.py:1362} INFO - 
--------------------------------------------------------------------------------
[2024-09-28T00:22:27.372+0000] {taskinstance.py:1363} INFO - Starting attempt 1 of 1
[2024-09-28T00:22:27.374+0000] {taskinstance.py:1364} INFO - 
--------------------------------------------------------------------------------
[2024-09-28T00:22:27.528+0000] {taskinstance.py:1383} INFO - Executing <Task(PythonOperator): process_user> on 2024-09-27 00:00:00+00:00
[2024-09-28T00:22:27.565+0000] {standard_task_runner.py:55} INFO - Started process 5553 to run task
[2024-09-28T00:22:27.595+0000] {standard_task_runner.py:82} INFO - Running: ['***', 'tasks', 'run', 'user_processing', 'process_user', 'scheduled__2024-09-27T00:00:00+00:00', '--job-id', '55', '--raw', '--subdir', 'DAGS_FOLDER/user_processing.py', '--cfg-path', '/tmp/tmprp3s9rsf']
[2024-09-28T00:22:27.613+0000] {standard_task_runner.py:83} INFO - Job 55: Subtask process_user
[2024-09-28T00:22:28.185+0000] {task_command.py:376} INFO - Running <TaskInstance: user_processing.process_user scheduled__2024-09-27T00:00:00+00:00 [running]> on host 7c70f6053b6c
[2024-09-28T00:22:28.918+0000] {taskinstance.py:1592} INFO - Exporting the following env vars:
AIRFLOW_CTX_DAG_OWNER=***
AIRFLOW_CTX_DAG_ID=user_processing
AIRFLOW_CTX_TASK_ID=process_user
AIRFLOW_CTX_EXECUTION_DATE=2024-09-27T00:00:00+00:00
AIRFLOW_CTX_TRY_NUMBER=1
AIRFLOW_CTX_DAG_RUN_ID=scheduled__2024-09-27T00:00:00+00:00
[2024-09-28T00:22:29.160+0000] {python.py:177} INFO - Done. Returned value was: None
[2024-09-28T00:22:29.264+0000] {taskinstance.py:1406} INFO - Marking task as SUCCESS. dag_id=user_processing, task_id=process_user, execution_date=20240927T000000, start_date=20240928T002227, end_date=20240928T002229
[2024-09-28T00:22:29.451+0000] {local_task_job.py:164} INFO - Task exited with return code 0
[2024-09-28T00:22:29.696+0000] {local_task_job.py:273} INFO - 1 downstream tasks scheduled from follow-on schedule check
