[2024-09-28T00:21:40.749+0000] {taskinstance.py:1165} INFO - Dependencies all met for <TaskInstance: consumer.read_dataset dataset_triggered__2024-09-28T00:21:33.273612+00:00 [queued]>
[2024-09-28T00:21:41.150+0000] {taskinstance.py:1165} INFO - Dependencies all met for <TaskInstance: consumer.read_dataset dataset_triggered__2024-09-28T00:21:33.273612+00:00 [queued]>
[2024-09-28T00:21:41.161+0000] {taskinstance.py:1362} INFO - 
--------------------------------------------------------------------------------
[2024-09-28T00:21:41.166+0000] {taskinstance.py:1363} INFO - Starting attempt 1 of 1
[2024-09-28T00:21:41.174+0000] {taskinstance.py:1364} INFO - 
--------------------------------------------------------------------------------
[2024-09-28T00:21:41.458+0000] {taskinstance.py:1383} INFO - Executing <Task(_PythonDecoratedOperator): read_dataset> on 2024-09-28 00:21:33.273612+00:00
[2024-09-28T00:21:41.495+0000] {standard_task_runner.py:55} INFO - Started process 5511 to run task
[2024-09-28T00:21:41.533+0000] {standard_task_runner.py:82} INFO - Running: ['***', 'tasks', 'run', 'consumer', 'read_dataset', 'dataset_triggered__2024-09-28T00:21:33.273612+00:00', '--job-id', '47', '--raw', '--subdir', 'DAGS_FOLDER/consumer.py', '--cfg-path', '/tmp/tmppk4_vubc']
[2024-09-28T00:21:41.546+0000] {standard_task_runner.py:83} INFO - Job 47: Subtask read_dataset
[2024-09-28T00:21:43.023+0000] {task_command.py:376} INFO - Running <TaskInstance: consumer.read_dataset dataset_triggered__2024-09-28T00:21:33.273612+00:00 [running]> on host 7c70f6053b6c
[2024-09-28T00:21:44.585+0000] {taskinstance.py:1592} INFO - Exporting the following env vars:
AIRFLOW_CTX_DAG_OWNER=***
AIRFLOW_CTX_DAG_ID=consumer
AIRFLOW_CTX_TASK_ID=read_dataset
AIRFLOW_CTX_EXECUTION_DATE=2024-09-28T00:21:33.273612+00:00
AIRFLOW_CTX_TRY_NUMBER=1
AIRFLOW_CTX_DAG_RUN_ID=dataset_triggered__2024-09-28T00:21:33.273612+00:00
[2024-09-28T00:21:44.609+0000] {logging_mixin.py:120} INFO - producer update
[2024-09-28T00:21:44.617+0000] {python.py:177} INFO - Done. Returned value was: None
[2024-09-28T00:21:44.826+0000] {taskinstance.py:1406} INFO - Marking task as SUCCESS. dag_id=consumer, task_id=read_dataset, execution_date=20240928T002133, start_date=20240928T002140, end_date=20240928T002144
[2024-09-28T00:21:45.120+0000] {local_task_job.py:164} INFO - Task exited with return code 0
[2024-09-28T00:21:45.548+0000] {local_task_job.py:273} INFO - 0 downstream tasks scheduled from follow-on schedule check
