[2024-09-27T22:56:19.622+0000] {processor.py:154} INFO - Started process (PID=8347) to work on /opt/airflow/dags/subdags/subdag_downloads.py
[2024-09-27T22:56:19.623+0000] {processor.py:756} INFO - Processing file /opt/airflow/dags/subdags/subdag_downloads.py for tasks to queue
[2024-09-27T22:56:19.624+0000] {logging_mixin.py:120} INFO - [2024-09-27T22:56:19.624+0000] {dagbag.py:537} INFO - Filling up the DagBag from /opt/airflow/dags/subdags/subdag_downloads.py
[2024-09-27T22:56:19.635+0000] {logging_mixin.py:120} INFO - [2024-09-27T22:56:19.631+0000] {dagbag.py:342} ERROR - Failed to import: /opt/airflow/dags/subdags/subdag_downloads.py
Traceback (most recent call last):
  File "/home/airflow/.local/lib/python3.7/site-packages/airflow/models/dagbag.py", line 338, in parse
    loader.exec_module(new_module)
  File "<frozen importlib._bootstrap_external>", line 724, in exec_module
  File "<frozen importlib._bootstrap_external>", line 860, in get_code
  File "<frozen importlib._bootstrap_external>", line 791, in source_to_code
  File "<frozen importlib._bootstrap>", line 219, in _call_with_frames_removed
  File "/opt/airflow/dags/subdags/subdag_downloads.py", line 14
    downlaod_a  = BashOperator(
             ^
IndentationError: expected an indented block
[2024-09-27T22:56:19.635+0000] {processor.py:768} WARNING - No viable dags retrieved from /opt/airflow/dags/subdags/subdag_downloads.py
[2024-09-27T22:56:19.664+0000] {processor.py:176} INFO - Processing /opt/airflow/dags/subdags/subdag_downloads.py took 0.046 seconds
[2024-09-27T22:56:50.392+0000] {processor.py:154} INFO - Started process (PID=8408) to work on /opt/airflow/dags/subdags/subdag_downloads.py
[2024-09-27T22:56:50.393+0000] {processor.py:756} INFO - Processing file /opt/airflow/dags/subdags/subdag_downloads.py for tasks to queue
[2024-09-27T22:56:50.395+0000] {logging_mixin.py:120} INFO - [2024-09-27T22:56:50.395+0000] {dagbag.py:537} INFO - Filling up the DagBag from /opt/airflow/dags/subdags/subdag_downloads.py
[2024-09-27T22:56:50.402+0000] {logging_mixin.py:120} INFO - [2024-09-27T22:56:50.401+0000] {dagbag.py:342} ERROR - Failed to import: /opt/airflow/dags/subdags/subdag_downloads.py
Traceback (most recent call last):
  File "/home/airflow/.local/lib/python3.7/site-packages/airflow/models/dagbag.py", line 338, in parse
    loader.exec_module(new_module)
  File "<frozen importlib._bootstrap_external>", line 724, in exec_module
  File "<frozen importlib._bootstrap_external>", line 860, in get_code
  File "<frozen importlib._bootstrap_external>", line 791, in source_to_code
  File "<frozen importlib._bootstrap>", line 219, in _call_with_frames_removed
  File "/opt/airflow/dags/subdags/subdag_downloads.py", line 14
    downlaod_a  = BashOperator(
             ^
IndentationError: expected an indented block
[2024-09-27T22:56:50.404+0000] {processor.py:768} WARNING - No viable dags retrieved from /opt/airflow/dags/subdags/subdag_downloads.py
[2024-09-27T22:56:50.432+0000] {processor.py:176} INFO - Processing /opt/airflow/dags/subdags/subdag_downloads.py took 0.043 seconds
[2024-09-27T22:57:20.513+0000] {processor.py:154} INFO - Started process (PID=8477) to work on /opt/airflow/dags/subdags/subdag_downloads.py
[2024-09-27T22:57:20.514+0000] {processor.py:756} INFO - Processing file /opt/airflow/dags/subdags/subdag_downloads.py for tasks to queue
[2024-09-27T22:57:20.515+0000] {logging_mixin.py:120} INFO - [2024-09-27T22:57:20.515+0000] {dagbag.py:537} INFO - Filling up the DagBag from /opt/airflow/dags/subdags/subdag_downloads.py
[2024-09-27T22:57:20.519+0000] {logging_mixin.py:120} INFO - [2024-09-27T22:57:20.519+0000] {dagbag.py:342} ERROR - Failed to import: /opt/airflow/dags/subdags/subdag_downloads.py
Traceback (most recent call last):
  File "/home/airflow/.local/lib/python3.7/site-packages/airflow/models/dagbag.py", line 338, in parse
    loader.exec_module(new_module)
  File "<frozen importlib._bootstrap_external>", line 724, in exec_module
  File "<frozen importlib._bootstrap_external>", line 860, in get_code
  File "<frozen importlib._bootstrap_external>", line 791, in source_to_code
  File "<frozen importlib._bootstrap>", line 219, in _call_with_frames_removed
  File "/opt/airflow/dags/subdags/subdag_downloads.py", line 14
    downlaod_a  = BashOperator(
             ^
IndentationError: expected an indented block
[2024-09-27T22:57:20.520+0000] {processor.py:768} WARNING - No viable dags retrieved from /opt/airflow/dags/subdags/subdag_downloads.py
[2024-09-27T22:57:20.541+0000] {processor.py:176} INFO - Processing /opt/airflow/dags/subdags/subdag_downloads.py took 0.032 seconds
[2024-09-27T22:57:51.042+0000] {processor.py:154} INFO - Started process (PID=8548) to work on /opt/airflow/dags/subdags/subdag_downloads.py
[2024-09-27T22:57:51.044+0000] {processor.py:756} INFO - Processing file /opt/airflow/dags/subdags/subdag_downloads.py for tasks to queue
[2024-09-27T22:57:51.044+0000] {logging_mixin.py:120} INFO - [2024-09-27T22:57:51.044+0000] {dagbag.py:537} INFO - Filling up the DagBag from /opt/airflow/dags/subdags/subdag_downloads.py
[2024-09-27T22:57:51.050+0000] {logging_mixin.py:120} INFO - [2024-09-27T22:57:51.049+0000] {dagbag.py:342} ERROR - Failed to import: /opt/airflow/dags/subdags/subdag_downloads.py
Traceback (most recent call last):
  File "/home/airflow/.local/lib/python3.7/site-packages/airflow/models/dagbag.py", line 338, in parse
    loader.exec_module(new_module)
  File "<frozen importlib._bootstrap_external>", line 724, in exec_module
  File "<frozen importlib._bootstrap_external>", line 860, in get_code
  File "<frozen importlib._bootstrap_external>", line 791, in source_to_code
  File "<frozen importlib._bootstrap>", line 219, in _call_with_frames_removed
  File "/opt/airflow/dags/subdags/subdag_downloads.py", line 14
    downlaod_a  = BashOperator(
             ^
IndentationError: expected an indented block
[2024-09-27T22:57:51.051+0000] {processor.py:768} WARNING - No viable dags retrieved from /opt/airflow/dags/subdags/subdag_downloads.py
[2024-09-27T22:57:51.079+0000] {processor.py:176} INFO - Processing /opt/airflow/dags/subdags/subdag_downloads.py took 0.040 seconds
[2024-09-27T22:58:21.633+0000] {processor.py:154} INFO - Started process (PID=8609) to work on /opt/airflow/dags/subdags/subdag_downloads.py
[2024-09-27T22:58:21.638+0000] {processor.py:756} INFO - Processing file /opt/airflow/dags/subdags/subdag_downloads.py for tasks to queue
[2024-09-27T22:58:21.640+0000] {logging_mixin.py:120} INFO - [2024-09-27T22:58:21.640+0000] {dagbag.py:537} INFO - Filling up the DagBag from /opt/airflow/dags/subdags/subdag_downloads.py
[2024-09-27T22:58:21.646+0000] {logging_mixin.py:120} INFO - [2024-09-27T22:58:21.644+0000] {dagbag.py:342} ERROR - Failed to import: /opt/airflow/dags/subdags/subdag_downloads.py
Traceback (most recent call last):
  File "/home/airflow/.local/lib/python3.7/site-packages/airflow/models/dagbag.py", line 338, in parse
    loader.exec_module(new_module)
  File "<frozen importlib._bootstrap_external>", line 724, in exec_module
  File "<frozen importlib._bootstrap_external>", line 860, in get_code
  File "<frozen importlib._bootstrap_external>", line 791, in source_to_code
  File "<frozen importlib._bootstrap>", line 219, in _call_with_frames_removed
  File "/opt/airflow/dags/subdags/subdag_downloads.py", line 14
    downlaod_a  = BashOperator(
             ^
IndentationError: expected an indented block
[2024-09-27T22:58:21.647+0000] {processor.py:768} WARNING - No viable dags retrieved from /opt/airflow/dags/subdags/subdag_downloads.py
[2024-09-27T22:58:21.676+0000] {processor.py:176} INFO - Processing /opt/airflow/dags/subdags/subdag_downloads.py took 0.047 seconds
[2024-09-27T22:58:52.001+0000] {processor.py:154} INFO - Started process (PID=8678) to work on /opt/airflow/dags/subdags/subdag_downloads.py
[2024-09-27T22:58:52.002+0000] {processor.py:756} INFO - Processing file /opt/airflow/dags/subdags/subdag_downloads.py for tasks to queue
[2024-09-27T22:58:52.007+0000] {logging_mixin.py:120} INFO - [2024-09-27T22:58:52.006+0000] {dagbag.py:537} INFO - Filling up the DagBag from /opt/airflow/dags/subdags/subdag_downloads.py
[2024-09-27T22:58:52.011+0000] {logging_mixin.py:120} INFO - [2024-09-27T22:58:52.010+0000] {dagbag.py:342} ERROR - Failed to import: /opt/airflow/dags/subdags/subdag_downloads.py
Traceback (most recent call last):
  File "/home/airflow/.local/lib/python3.7/site-packages/airflow/models/dagbag.py", line 338, in parse
    loader.exec_module(new_module)
  File "<frozen importlib._bootstrap_external>", line 724, in exec_module
  File "<frozen importlib._bootstrap_external>", line 860, in get_code
  File "<frozen importlib._bootstrap_external>", line 791, in source_to_code
  File "<frozen importlib._bootstrap>", line 219, in _call_with_frames_removed
  File "/opt/airflow/dags/subdags/subdag_downloads.py", line 14
    downlaod_a  = BashOperator(
             ^
IndentationError: expected an indented block
[2024-09-27T22:58:52.012+0000] {processor.py:768} WARNING - No viable dags retrieved from /opt/airflow/dags/subdags/subdag_downloads.py
[2024-09-27T22:58:52.038+0000] {processor.py:176} INFO - Processing /opt/airflow/dags/subdags/subdag_downloads.py took 0.040 seconds
[2024-09-27T22:59:22.358+0000] {processor.py:154} INFO - Started process (PID=8748) to work on /opt/airflow/dags/subdags/subdag_downloads.py
[2024-09-27T22:59:22.359+0000] {processor.py:756} INFO - Processing file /opt/airflow/dags/subdags/subdag_downloads.py for tasks to queue
[2024-09-27T22:59:22.360+0000] {logging_mixin.py:120} INFO - [2024-09-27T22:59:22.360+0000] {dagbag.py:537} INFO - Filling up the DagBag from /opt/airflow/dags/subdags/subdag_downloads.py
[2024-09-27T22:59:22.365+0000] {logging_mixin.py:120} INFO - [2024-09-27T22:59:22.363+0000] {dagbag.py:342} ERROR - Failed to import: /opt/airflow/dags/subdags/subdag_downloads.py
Traceback (most recent call last):
  File "/home/airflow/.local/lib/python3.7/site-packages/airflow/models/dagbag.py", line 338, in parse
    loader.exec_module(new_module)
  File "<frozen importlib._bootstrap_external>", line 724, in exec_module
  File "<frozen importlib._bootstrap_external>", line 860, in get_code
  File "<frozen importlib._bootstrap_external>", line 791, in source_to_code
  File "<frozen importlib._bootstrap>", line 219, in _call_with_frames_removed
  File "/opt/airflow/dags/subdags/subdag_downloads.py", line 14
    downlaod_a  = BashOperator(
             ^
IndentationError: expected an indented block
[2024-09-27T22:59:22.366+0000] {processor.py:768} WARNING - No viable dags retrieved from /opt/airflow/dags/subdags/subdag_downloads.py
[2024-09-27T22:59:22.395+0000] {processor.py:176} INFO - Processing /opt/airflow/dags/subdags/subdag_downloads.py took 0.040 seconds
[2024-09-27T22:59:52.847+0000] {processor.py:154} INFO - Started process (PID=8808) to work on /opt/airflow/dags/subdags/subdag_downloads.py
[2024-09-27T22:59:52.849+0000] {processor.py:756} INFO - Processing file /opt/airflow/dags/subdags/subdag_downloads.py for tasks to queue
[2024-09-27T22:59:52.849+0000] {logging_mixin.py:120} INFO - [2024-09-27T22:59:52.849+0000] {dagbag.py:537} INFO - Filling up the DagBag from /opt/airflow/dags/subdags/subdag_downloads.py
[2024-09-27T22:59:52.854+0000] {logging_mixin.py:120} INFO - [2024-09-27T22:59:52.853+0000] {dagbag.py:342} ERROR - Failed to import: /opt/airflow/dags/subdags/subdag_downloads.py
Traceback (most recent call last):
  File "/home/airflow/.local/lib/python3.7/site-packages/airflow/models/dagbag.py", line 338, in parse
    loader.exec_module(new_module)
  File "<frozen importlib._bootstrap_external>", line 724, in exec_module
  File "<frozen importlib._bootstrap_external>", line 860, in get_code
  File "<frozen importlib._bootstrap_external>", line 791, in source_to_code
  File "<frozen importlib._bootstrap>", line 219, in _call_with_frames_removed
  File "/opt/airflow/dags/subdags/subdag_downloads.py", line 14
    downlaod_a  = BashOperator(
             ^
IndentationError: expected an indented block
[2024-09-27T22:59:52.854+0000] {processor.py:768} WARNING - No viable dags retrieved from /opt/airflow/dags/subdags/subdag_downloads.py
[2024-09-27T22:59:52.879+0000] {processor.py:176} INFO - Processing /opt/airflow/dags/subdags/subdag_downloads.py took 0.036 seconds
[2024-09-27T23:00:23.147+0000] {processor.py:154} INFO - Started process (PID=8878) to work on /opt/airflow/dags/subdags/subdag_downloads.py
[2024-09-27T23:00:23.148+0000] {processor.py:756} INFO - Processing file /opt/airflow/dags/subdags/subdag_downloads.py for tasks to queue
[2024-09-27T23:00:23.151+0000] {logging_mixin.py:120} INFO - [2024-09-27T23:00:23.151+0000] {dagbag.py:537} INFO - Filling up the DagBag from /opt/airflow/dags/subdags/subdag_downloads.py
[2024-09-27T23:00:23.155+0000] {logging_mixin.py:120} INFO - [2024-09-27T23:00:23.154+0000] {dagbag.py:342} ERROR - Failed to import: /opt/airflow/dags/subdags/subdag_downloads.py
Traceback (most recent call last):
  File "/home/airflow/.local/lib/python3.7/site-packages/airflow/models/dagbag.py", line 338, in parse
    loader.exec_module(new_module)
  File "<frozen importlib._bootstrap_external>", line 724, in exec_module
  File "<frozen importlib._bootstrap_external>", line 860, in get_code
  File "<frozen importlib._bootstrap_external>", line 791, in source_to_code
  File "<frozen importlib._bootstrap>", line 219, in _call_with_frames_removed
  File "/opt/airflow/dags/subdags/subdag_downloads.py", line 14
    downlaod_a  = BashOperator(
             ^
IndentationError: expected an indented block
[2024-09-27T23:00:23.155+0000] {processor.py:768} WARNING - No viable dags retrieved from /opt/airflow/dags/subdags/subdag_downloads.py
[2024-09-27T23:00:23.177+0000] {processor.py:176} INFO - Processing /opt/airflow/dags/subdags/subdag_downloads.py took 0.034 seconds
[2024-09-27T23:00:53.625+0000] {processor.py:154} INFO - Started process (PID=8948) to work on /opt/airflow/dags/subdags/subdag_downloads.py
[2024-09-27T23:00:53.626+0000] {processor.py:756} INFO - Processing file /opt/airflow/dags/subdags/subdag_downloads.py for tasks to queue
[2024-09-27T23:00:53.627+0000] {logging_mixin.py:120} INFO - [2024-09-27T23:00:53.627+0000] {dagbag.py:537} INFO - Filling up the DagBag from /opt/airflow/dags/subdags/subdag_downloads.py
[2024-09-27T23:00:53.632+0000] {logging_mixin.py:120} INFO - [2024-09-27T23:00:53.631+0000] {dagbag.py:342} ERROR - Failed to import: /opt/airflow/dags/subdags/subdag_downloads.py
Traceback (most recent call last):
  File "/home/airflow/.local/lib/python3.7/site-packages/airflow/models/dagbag.py", line 338, in parse
    loader.exec_module(new_module)
  File "<frozen importlib._bootstrap_external>", line 724, in exec_module
  File "<frozen importlib._bootstrap_external>", line 860, in get_code
  File "<frozen importlib._bootstrap_external>", line 791, in source_to_code
  File "<frozen importlib._bootstrap>", line 219, in _call_with_frames_removed
  File "/opt/airflow/dags/subdags/subdag_downloads.py", line 14
    downlaod_a  = BashOperator(
             ^
IndentationError: expected an indented block
[2024-09-27T23:00:53.633+0000] {processor.py:768} WARNING - No viable dags retrieved from /opt/airflow/dags/subdags/subdag_downloads.py
[2024-09-27T23:00:53.661+0000] {processor.py:176} INFO - Processing /opt/airflow/dags/subdags/subdag_downloads.py took 0.045 seconds
[2024-09-27T23:01:24.070+0000] {processor.py:154} INFO - Started process (PID=9009) to work on /opt/airflow/dags/subdags/subdag_downloads.py
[2024-09-27T23:01:24.071+0000] {processor.py:756} INFO - Processing file /opt/airflow/dags/subdags/subdag_downloads.py for tasks to queue
[2024-09-27T23:01:24.072+0000] {logging_mixin.py:120} INFO - [2024-09-27T23:01:24.072+0000] {dagbag.py:537} INFO - Filling up the DagBag from /opt/airflow/dags/subdags/subdag_downloads.py
[2024-09-27T23:01:24.075+0000] {logging_mixin.py:120} INFO - [2024-09-27T23:01:24.074+0000] {dagbag.py:342} ERROR - Failed to import: /opt/airflow/dags/subdags/subdag_downloads.py
Traceback (most recent call last):
  File "/home/airflow/.local/lib/python3.7/site-packages/airflow/models/dagbag.py", line 338, in parse
    loader.exec_module(new_module)
  File "<frozen importlib._bootstrap_external>", line 724, in exec_module
  File "<frozen importlib._bootstrap_external>", line 860, in get_code
  File "<frozen importlib._bootstrap_external>", line 791, in source_to_code
  File "<frozen importlib._bootstrap>", line 219, in _call_with_frames_removed
  File "/opt/airflow/dags/subdags/subdag_downloads.py", line 14
    downlaod_a  = BashOperator(
             ^
IndentationError: expected an indented block
[2024-09-27T23:01:24.076+0000] {processor.py:768} WARNING - No viable dags retrieved from /opt/airflow/dags/subdags/subdag_downloads.py
[2024-09-27T23:01:24.099+0000] {processor.py:176} INFO - Processing /opt/airflow/dags/subdags/subdag_downloads.py took 0.032 seconds
[2024-09-27T23:01:54.176+0000] {processor.py:154} INFO - Started process (PID=9078) to work on /opt/airflow/dags/subdags/subdag_downloads.py
[2024-09-27T23:01:54.177+0000] {processor.py:756} INFO - Processing file /opt/airflow/dags/subdags/subdag_downloads.py for tasks to queue
[2024-09-27T23:01:54.178+0000] {logging_mixin.py:120} INFO - [2024-09-27T23:01:54.178+0000] {dagbag.py:537} INFO - Filling up the DagBag from /opt/airflow/dags/subdags/subdag_downloads.py
[2024-09-27T23:01:54.182+0000] {logging_mixin.py:120} INFO - [2024-09-27T23:01:54.181+0000] {dagbag.py:342} ERROR - Failed to import: /opt/airflow/dags/subdags/subdag_downloads.py
Traceback (most recent call last):
  File "/home/airflow/.local/lib/python3.7/site-packages/airflow/models/dagbag.py", line 338, in parse
    loader.exec_module(new_module)
  File "<frozen importlib._bootstrap_external>", line 724, in exec_module
  File "<frozen importlib._bootstrap_external>", line 860, in get_code
  File "<frozen importlib._bootstrap_external>", line 791, in source_to_code
  File "<frozen importlib._bootstrap>", line 219, in _call_with_frames_removed
  File "/opt/airflow/dags/subdags/subdag_downloads.py", line 14
    downlaod_a  = BashOperator(
             ^
IndentationError: expected an indented block
[2024-09-27T23:01:54.182+0000] {processor.py:768} WARNING - No viable dags retrieved from /opt/airflow/dags/subdags/subdag_downloads.py
[2024-09-27T23:01:54.203+0000] {processor.py:176} INFO - Processing /opt/airflow/dags/subdags/subdag_downloads.py took 0.030 seconds
[2024-09-27T23:02:24.463+0000] {processor.py:154} INFO - Started process (PID=9149) to work on /opt/airflow/dags/subdags/subdag_downloads.py
[2024-09-27T23:02:24.464+0000] {processor.py:756} INFO - Processing file /opt/airflow/dags/subdags/subdag_downloads.py for tasks to queue
[2024-09-27T23:02:24.465+0000] {logging_mixin.py:120} INFO - [2024-09-27T23:02:24.465+0000] {dagbag.py:537} INFO - Filling up the DagBag from /opt/airflow/dags/subdags/subdag_downloads.py
[2024-09-27T23:02:24.469+0000] {logging_mixin.py:120} INFO - [2024-09-27T23:02:24.468+0000] {dagbag.py:342} ERROR - Failed to import: /opt/airflow/dags/subdags/subdag_downloads.py
Traceback (most recent call last):
  File "/home/airflow/.local/lib/python3.7/site-packages/airflow/models/dagbag.py", line 338, in parse
    loader.exec_module(new_module)
  File "<frozen importlib._bootstrap_external>", line 724, in exec_module
  File "<frozen importlib._bootstrap_external>", line 860, in get_code
  File "<frozen importlib._bootstrap_external>", line 791, in source_to_code
  File "<frozen importlib._bootstrap>", line 219, in _call_with_frames_removed
  File "/opt/airflow/dags/subdags/subdag_downloads.py", line 14
    downlaod_a  = BashOperator(
             ^
IndentationError: expected an indented block
[2024-09-27T23:02:24.470+0000] {processor.py:768} WARNING - No viable dags retrieved from /opt/airflow/dags/subdags/subdag_downloads.py
[2024-09-27T23:02:24.492+0000] {processor.py:176} INFO - Processing /opt/airflow/dags/subdags/subdag_downloads.py took 0.032 seconds
[2024-09-27T23:02:55.105+0000] {processor.py:154} INFO - Started process (PID=9209) to work on /opt/airflow/dags/subdags/subdag_downloads.py
[2024-09-27T23:02:55.106+0000] {processor.py:756} INFO - Processing file /opt/airflow/dags/subdags/subdag_downloads.py for tasks to queue
[2024-09-27T23:02:55.107+0000] {logging_mixin.py:120} INFO - [2024-09-27T23:02:55.107+0000] {dagbag.py:537} INFO - Filling up the DagBag from /opt/airflow/dags/subdags/subdag_downloads.py
[2024-09-27T23:02:55.112+0000] {logging_mixin.py:120} INFO - [2024-09-27T23:02:55.111+0000] {dagbag.py:342} ERROR - Failed to import: /opt/airflow/dags/subdags/subdag_downloads.py
Traceback (most recent call last):
  File "/home/airflow/.local/lib/python3.7/site-packages/airflow/models/dagbag.py", line 338, in parse
    loader.exec_module(new_module)
  File "<frozen importlib._bootstrap_external>", line 724, in exec_module
  File "<frozen importlib._bootstrap_external>", line 860, in get_code
  File "<frozen importlib._bootstrap_external>", line 791, in source_to_code
  File "<frozen importlib._bootstrap>", line 219, in _call_with_frames_removed
  File "/opt/airflow/dags/subdags/subdag_downloads.py", line 14
    downlaod_a  = BashOperator(
             ^
IndentationError: expected an indented block
[2024-09-27T23:02:55.112+0000] {processor.py:768} WARNING - No viable dags retrieved from /opt/airflow/dags/subdags/subdag_downloads.py
[2024-09-27T23:02:55.136+0000] {processor.py:176} INFO - Processing /opt/airflow/dags/subdags/subdag_downloads.py took 0.034 seconds
[2024-09-27T23:03:25.428+0000] {processor.py:154} INFO - Started process (PID=9279) to work on /opt/airflow/dags/subdags/subdag_downloads.py
[2024-09-27T23:03:25.429+0000] {processor.py:756} INFO - Processing file /opt/airflow/dags/subdags/subdag_downloads.py for tasks to queue
[2024-09-27T23:03:25.430+0000] {logging_mixin.py:120} INFO - [2024-09-27T23:03:25.430+0000] {dagbag.py:537} INFO - Filling up the DagBag from /opt/airflow/dags/subdags/subdag_downloads.py
[2024-09-27T23:03:25.435+0000] {logging_mixin.py:120} INFO - [2024-09-27T23:03:25.433+0000] {dagbag.py:342} ERROR - Failed to import: /opt/airflow/dags/subdags/subdag_downloads.py
Traceback (most recent call last):
  File "/home/airflow/.local/lib/python3.7/site-packages/airflow/models/dagbag.py", line 338, in parse
    loader.exec_module(new_module)
  File "<frozen importlib._bootstrap_external>", line 724, in exec_module
  File "<frozen importlib._bootstrap_external>", line 860, in get_code
  File "<frozen importlib._bootstrap_external>", line 791, in source_to_code
  File "<frozen importlib._bootstrap>", line 219, in _call_with_frames_removed
  File "/opt/airflow/dags/subdags/subdag_downloads.py", line 14
    downlaod_a  = BashOperator(
             ^
IndentationError: expected an indented block
[2024-09-27T23:03:25.435+0000] {processor.py:768} WARNING - No viable dags retrieved from /opt/airflow/dags/subdags/subdag_downloads.py
[2024-09-27T23:03:25.458+0000] {processor.py:176} INFO - Processing /opt/airflow/dags/subdags/subdag_downloads.py took 0.033 seconds
[2024-09-27T23:03:40.716+0000] {processor.py:154} INFO - Started process (PID=9307) to work on /opt/airflow/dags/subdags/subdag_downloads.py
[2024-09-27T23:03:40.719+0000] {processor.py:756} INFO - Processing file /opt/airflow/dags/subdags/subdag_downloads.py for tasks to queue
[2024-09-27T23:03:40.720+0000] {logging_mixin.py:120} INFO - [2024-09-27T23:03:40.720+0000] {dagbag.py:537} INFO - Filling up the DagBag from /opt/airflow/dags/subdags/subdag_downloads.py
[2024-09-27T23:03:40.727+0000] {logging_mixin.py:120} INFO - [2024-09-27T23:03:40.726+0000] {dagbag.py:342} ERROR - Failed to import: /opt/airflow/dags/subdags/subdag_downloads.py
Traceback (most recent call last):
  File "/home/airflow/.local/lib/python3.7/site-packages/airflow/models/dagbag.py", line 338, in parse
    loader.exec_module(new_module)
  File "<frozen importlib._bootstrap_external>", line 724, in exec_module
  File "<frozen importlib._bootstrap_external>", line 860, in get_code
  File "<frozen importlib._bootstrap_external>", line 791, in source_to_code
  File "<frozen importlib._bootstrap>", line 219, in _call_with_frames_removed
  File "/opt/airflow/dags/subdags/subdag_downloads.py", line 14
    downlaod_a  = BashOperator(
             ^
IndentationError: expected an indented block
[2024-09-27T23:03:40.728+0000] {processor.py:768} WARNING - No viable dags retrieved from /opt/airflow/dags/subdags/subdag_downloads.py
[2024-09-27T23:03:40.765+0000] {processor.py:176} INFO - Processing /opt/airflow/dags/subdags/subdag_downloads.py took 0.054 seconds
[2024-09-27T23:04:11.170+0000] {processor.py:154} INFO - Started process (PID=9377) to work on /opt/airflow/dags/subdags/subdag_downloads.py
[2024-09-27T23:04:11.171+0000] {processor.py:756} INFO - Processing file /opt/airflow/dags/subdags/subdag_downloads.py for tasks to queue
[2024-09-27T23:04:11.172+0000] {logging_mixin.py:120} INFO - [2024-09-27T23:04:11.172+0000] {dagbag.py:537} INFO - Filling up the DagBag from /opt/airflow/dags/subdags/subdag_downloads.py
[2024-09-27T23:04:11.177+0000] {logging_mixin.py:120} INFO - [2024-09-27T23:04:11.176+0000] {dagbag.py:342} ERROR - Failed to import: /opt/airflow/dags/subdags/subdag_downloads.py
Traceback (most recent call last):
  File "/home/airflow/.local/lib/python3.7/site-packages/airflow/models/dagbag.py", line 338, in parse
    loader.exec_module(new_module)
  File "<frozen importlib._bootstrap_external>", line 724, in exec_module
  File "<frozen importlib._bootstrap_external>", line 860, in get_code
  File "<frozen importlib._bootstrap_external>", line 791, in source_to_code
  File "<frozen importlib._bootstrap>", line 219, in _call_with_frames_removed
  File "/opt/airflow/dags/subdags/subdag_downloads.py", line 14
    downlaod_a  = BashOperator(
             ^
IndentationError: expected an indented block
[2024-09-27T23:04:11.177+0000] {processor.py:768} WARNING - No viable dags retrieved from /opt/airflow/dags/subdags/subdag_downloads.py
[2024-09-27T23:04:11.199+0000] {processor.py:176} INFO - Processing /opt/airflow/dags/subdags/subdag_downloads.py took 0.033 seconds
[2024-09-27T23:04:15.928+0000] {processor.py:154} INFO - Started process (PID=9387) to work on /opt/airflow/dags/subdags/subdag_downloads.py
[2024-09-27T23:04:15.933+0000] {processor.py:756} INFO - Processing file /opt/airflow/dags/subdags/subdag_downloads.py for tasks to queue
[2024-09-27T23:04:15.935+0000] {logging_mixin.py:120} INFO - [2024-09-27T23:04:15.935+0000] {dagbag.py:537} INFO - Filling up the DagBag from /opt/airflow/dags/subdags/subdag_downloads.py
[2024-09-27T23:04:15.947+0000] {logging_mixin.py:120} INFO - [2024-09-27T23:04:15.946+0000] {dagbag.py:342} ERROR - Failed to import: /opt/airflow/dags/subdags/subdag_downloads.py
Traceback (most recent call last):
  File "/home/airflow/.local/lib/python3.7/site-packages/airflow/models/dagbag.py", line 338, in parse
    loader.exec_module(new_module)
  File "<frozen importlib._bootstrap_external>", line 728, in exec_module
  File "<frozen importlib._bootstrap>", line 219, in _call_with_frames_removed
  File "/opt/airflow/dags/subdags/subdag_downloads.py", line 2, in <module>
    from airglow.operators.bash import BashOperator
ModuleNotFoundError: No module named 'airglow'
[2024-09-27T23:04:15.948+0000] {processor.py:768} WARNING - No viable dags retrieved from /opt/airflow/dags/subdags/subdag_downloads.py
[2024-09-27T23:04:15.971+0000] {processor.py:176} INFO - Processing /opt/airflow/dags/subdags/subdag_downloads.py took 0.046 seconds
[2024-09-27T23:04:46.018+0000] {processor.py:154} INFO - Started process (PID=9457) to work on /opt/airflow/dags/subdags/subdag_downloads.py
[2024-09-27T23:04:46.019+0000] {processor.py:756} INFO - Processing file /opt/airflow/dags/subdags/subdag_downloads.py for tasks to queue
[2024-09-27T23:04:46.020+0000] {logging_mixin.py:120} INFO - [2024-09-27T23:04:46.020+0000] {dagbag.py:537} INFO - Filling up the DagBag from /opt/airflow/dags/subdags/subdag_downloads.py
[2024-09-27T23:04:46.026+0000] {logging_mixin.py:120} INFO - [2024-09-27T23:04:46.025+0000] {dagbag.py:342} ERROR - Failed to import: /opt/airflow/dags/subdags/subdag_downloads.py
Traceback (most recent call last):
  File "/home/airflow/.local/lib/python3.7/site-packages/airflow/models/dagbag.py", line 338, in parse
    loader.exec_module(new_module)
  File "<frozen importlib._bootstrap_external>", line 728, in exec_module
  File "<frozen importlib._bootstrap>", line 219, in _call_with_frames_removed
  File "/opt/airflow/dags/subdags/subdag_downloads.py", line 2, in <module>
    from airglow.operators.bash import BashOperator
ModuleNotFoundError: No module named 'airglow'
[2024-09-27T23:04:46.027+0000] {processor.py:768} WARNING - No viable dags retrieved from /opt/airflow/dags/subdags/subdag_downloads.py
[2024-09-27T23:04:46.051+0000] {processor.py:176} INFO - Processing /opt/airflow/dags/subdags/subdag_downloads.py took 0.037 seconds
[2024-09-27T23:04:54.395+0000] {processor.py:154} INFO - Started process (PID=9481) to work on /opt/airflow/dags/subdags/subdag_downloads.py
[2024-09-27T23:04:54.397+0000] {processor.py:756} INFO - Processing file /opt/airflow/dags/subdags/subdag_downloads.py for tasks to queue
[2024-09-27T23:04:54.398+0000] {logging_mixin.py:120} INFO - [2024-09-27T23:04:54.398+0000] {dagbag.py:537} INFO - Filling up the DagBag from /opt/airflow/dags/subdags/subdag_downloads.py
[2024-09-27T23:04:54.428+0000] {processor.py:768} WARNING - No viable dags retrieved from /opt/airflow/dags/subdags/subdag_downloads.py
[2024-09-27T23:04:54.452+0000] {processor.py:176} INFO - Processing /opt/airflow/dags/subdags/subdag_downloads.py took 0.063 seconds
[2024-09-27T23:05:24.641+0000] {processor.py:154} INFO - Started process (PID=9542) to work on /opt/airflow/dags/subdags/subdag_downloads.py
[2024-09-27T23:05:24.642+0000] {processor.py:756} INFO - Processing file /opt/airflow/dags/subdags/subdag_downloads.py for tasks to queue
[2024-09-27T23:05:24.643+0000] {logging_mixin.py:120} INFO - [2024-09-27T23:05:24.643+0000] {dagbag.py:537} INFO - Filling up the DagBag from /opt/airflow/dags/subdags/subdag_downloads.py
[2024-09-27T23:05:24.656+0000] {processor.py:768} WARNING - No viable dags retrieved from /opt/airflow/dags/subdags/subdag_downloads.py
[2024-09-27T23:05:24.673+0000] {processor.py:176} INFO - Processing /opt/airflow/dags/subdags/subdag_downloads.py took 0.036 seconds
[2024-09-27T23:05:54.740+0000] {processor.py:154} INFO - Started process (PID=9612) to work on /opt/airflow/dags/subdags/subdag_downloads.py
[2024-09-27T23:05:54.741+0000] {processor.py:756} INFO - Processing file /opt/airflow/dags/subdags/subdag_downloads.py for tasks to queue
[2024-09-27T23:05:54.742+0000] {logging_mixin.py:120} INFO - [2024-09-27T23:05:54.742+0000] {dagbag.py:537} INFO - Filling up the DagBag from /opt/airflow/dags/subdags/subdag_downloads.py
[2024-09-27T23:05:54.754+0000] {processor.py:768} WARNING - No viable dags retrieved from /opt/airflow/dags/subdags/subdag_downloads.py
[2024-09-27T23:05:54.770+0000] {processor.py:176} INFO - Processing /opt/airflow/dags/subdags/subdag_downloads.py took 0.033 seconds
[2024-09-27T23:06:25.307+0000] {processor.py:154} INFO - Started process (PID=9683) to work on /opt/airflow/dags/subdags/subdag_downloads.py
[2024-09-27T23:06:25.308+0000] {processor.py:756} INFO - Processing file /opt/airflow/dags/subdags/subdag_downloads.py for tasks to queue
[2024-09-27T23:06:25.309+0000] {logging_mixin.py:120} INFO - [2024-09-27T23:06:25.309+0000] {dagbag.py:537} INFO - Filling up the DagBag from /opt/airflow/dags/subdags/subdag_downloads.py
[2024-09-27T23:06:25.326+0000] {processor.py:768} WARNING - No viable dags retrieved from /opt/airflow/dags/subdags/subdag_downloads.py
[2024-09-27T23:06:25.345+0000] {processor.py:176} INFO - Processing /opt/airflow/dags/subdags/subdag_downloads.py took 0.042 seconds
[2024-09-27T23:06:55.549+0000] {processor.py:154} INFO - Started process (PID=9749) to work on /opt/airflow/dags/subdags/subdag_downloads.py
[2024-09-27T23:06:55.551+0000] {processor.py:756} INFO - Processing file /opt/airflow/dags/subdags/subdag_downloads.py for tasks to queue
[2024-09-27T23:06:55.553+0000] {logging_mixin.py:120} INFO - [2024-09-27T23:06:55.552+0000] {dagbag.py:537} INFO - Filling up the DagBag from /opt/airflow/dags/subdags/subdag_downloads.py
[2024-09-27T23:06:55.571+0000] {processor.py:768} WARNING - No viable dags retrieved from /opt/airflow/dags/subdags/subdag_downloads.py
[2024-09-27T23:06:55.593+0000] {processor.py:176} INFO - Processing /opt/airflow/dags/subdags/subdag_downloads.py took 0.051 seconds
[2024-09-27T23:07:26.316+0000] {processor.py:154} INFO - Started process (PID=9819) to work on /opt/airflow/dags/subdags/subdag_downloads.py
[2024-09-27T23:07:26.317+0000] {processor.py:756} INFO - Processing file /opt/airflow/dags/subdags/subdag_downloads.py for tasks to queue
[2024-09-27T23:07:26.318+0000] {logging_mixin.py:120} INFO - [2024-09-27T23:07:26.318+0000] {dagbag.py:537} INFO - Filling up the DagBag from /opt/airflow/dags/subdags/subdag_downloads.py
[2024-09-27T23:07:26.332+0000] {processor.py:768} WARNING - No viable dags retrieved from /opt/airflow/dags/subdags/subdag_downloads.py
[2024-09-27T23:07:26.349+0000] {processor.py:176} INFO - Processing /opt/airflow/dags/subdags/subdag_downloads.py took 0.036 seconds
[2024-09-27T23:07:56.386+0000] {processor.py:154} INFO - Started process (PID=9884) to work on /opt/airflow/dags/subdags/subdag_downloads.py
[2024-09-27T23:07:56.387+0000] {processor.py:756} INFO - Processing file /opt/airflow/dags/subdags/subdag_downloads.py for tasks to queue
[2024-09-27T23:07:56.387+0000] {logging_mixin.py:120} INFO - [2024-09-27T23:07:56.387+0000] {dagbag.py:537} INFO - Filling up the DagBag from /opt/airflow/dags/subdags/subdag_downloads.py
[2024-09-27T23:07:56.402+0000] {processor.py:768} WARNING - No viable dags retrieved from /opt/airflow/dags/subdags/subdag_downloads.py
[2024-09-27T23:07:56.421+0000] {processor.py:176} INFO - Processing /opt/airflow/dags/subdags/subdag_downloads.py took 0.039 seconds
[2024-09-27T23:08:27.005+0000] {processor.py:154} INFO - Started process (PID=9954) to work on /opt/airflow/dags/subdags/subdag_downloads.py
[2024-09-27T23:08:27.006+0000] {processor.py:756} INFO - Processing file /opt/airflow/dags/subdags/subdag_downloads.py for tasks to queue
[2024-09-27T23:08:27.007+0000] {logging_mixin.py:120} INFO - [2024-09-27T23:08:27.007+0000] {dagbag.py:537} INFO - Filling up the DagBag from /opt/airflow/dags/subdags/subdag_downloads.py
[2024-09-27T23:08:27.020+0000] {processor.py:768} WARNING - No viable dags retrieved from /opt/airflow/dags/subdags/subdag_downloads.py
[2024-09-27T23:08:27.035+0000] {processor.py:176} INFO - Processing /opt/airflow/dags/subdags/subdag_downloads.py took 0.033 seconds
[2024-09-27T23:08:57.730+0000] {processor.py:154} INFO - Started process (PID=10023) to work on /opt/airflow/dags/subdags/subdag_downloads.py
[2024-09-27T23:08:57.731+0000] {processor.py:756} INFO - Processing file /opt/airflow/dags/subdags/subdag_downloads.py for tasks to queue
[2024-09-27T23:08:57.732+0000] {logging_mixin.py:120} INFO - [2024-09-27T23:08:57.732+0000] {dagbag.py:537} INFO - Filling up the DagBag from /opt/airflow/dags/subdags/subdag_downloads.py
[2024-09-27T23:08:57.744+0000] {processor.py:768} WARNING - No viable dags retrieved from /opt/airflow/dags/subdags/subdag_downloads.py
[2024-09-27T23:08:57.759+0000] {processor.py:176} INFO - Processing /opt/airflow/dags/subdags/subdag_downloads.py took 0.032 seconds
[2024-09-27T23:09:27.993+0000] {processor.py:154} INFO - Started process (PID=10092) to work on /opt/airflow/dags/subdags/subdag_downloads.py
[2024-09-27T23:09:27.995+0000] {processor.py:756} INFO - Processing file /opt/airflow/dags/subdags/subdag_downloads.py for tasks to queue
[2024-09-27T23:09:27.997+0000] {logging_mixin.py:120} INFO - [2024-09-27T23:09:27.997+0000] {dagbag.py:537} INFO - Filling up the DagBag from /opt/airflow/dags/subdags/subdag_downloads.py
[2024-09-27T23:09:28.014+0000] {processor.py:768} WARNING - No viable dags retrieved from /opt/airflow/dags/subdags/subdag_downloads.py
[2024-09-27T23:09:28.036+0000] {processor.py:176} INFO - Processing /opt/airflow/dags/subdags/subdag_downloads.py took 0.047 seconds
[2024-09-27T23:09:58.564+0000] {processor.py:154} INFO - Started process (PID=10153) to work on /opt/airflow/dags/subdags/subdag_downloads.py
[2024-09-27T23:09:58.565+0000] {processor.py:756} INFO - Processing file /opt/airflow/dags/subdags/subdag_downloads.py for tasks to queue
[2024-09-27T23:09:58.566+0000] {logging_mixin.py:120} INFO - [2024-09-27T23:09:58.566+0000] {dagbag.py:537} INFO - Filling up the DagBag from /opt/airflow/dags/subdags/subdag_downloads.py
[2024-09-27T23:09:58.581+0000] {processor.py:768} WARNING - No viable dags retrieved from /opt/airflow/dags/subdags/subdag_downloads.py
[2024-09-27T23:09:58.599+0000] {processor.py:176} INFO - Processing /opt/airflow/dags/subdags/subdag_downloads.py took 0.038 seconds
[2024-09-27T23:10:29.042+0000] {processor.py:154} INFO - Started process (PID=10222) to work on /opt/airflow/dags/subdags/subdag_downloads.py
[2024-09-27T23:10:29.044+0000] {processor.py:756} INFO - Processing file /opt/airflow/dags/subdags/subdag_downloads.py for tasks to queue
[2024-09-27T23:10:29.044+0000] {logging_mixin.py:120} INFO - [2024-09-27T23:10:29.044+0000] {dagbag.py:537} INFO - Filling up the DagBag from /opt/airflow/dags/subdags/subdag_downloads.py
[2024-09-27T23:10:29.059+0000] {processor.py:768} WARNING - No viable dags retrieved from /opt/airflow/dags/subdags/subdag_downloads.py
[2024-09-27T23:10:29.076+0000] {processor.py:176} INFO - Processing /opt/airflow/dags/subdags/subdag_downloads.py took 0.037 seconds
[2024-09-27T23:10:59.159+0000] {processor.py:154} INFO - Started process (PID=10291) to work on /opt/airflow/dags/subdags/subdag_downloads.py
[2024-09-27T23:10:59.160+0000] {processor.py:756} INFO - Processing file /opt/airflow/dags/subdags/subdag_downloads.py for tasks to queue
[2024-09-27T23:10:59.161+0000] {logging_mixin.py:120} INFO - [2024-09-27T23:10:59.161+0000] {dagbag.py:537} INFO - Filling up the DagBag from /opt/airflow/dags/subdags/subdag_downloads.py
[2024-09-27T23:10:59.175+0000] {processor.py:768} WARNING - No viable dags retrieved from /opt/airflow/dags/subdags/subdag_downloads.py
[2024-09-27T23:10:59.193+0000] {processor.py:176} INFO - Processing /opt/airflow/dags/subdags/subdag_downloads.py took 0.037 seconds
[2024-09-27T23:11:29.249+0000] {processor.py:154} INFO - Started process (PID=10352) to work on /opt/airflow/dags/subdags/subdag_downloads.py
[2024-09-27T23:11:29.251+0000] {processor.py:756} INFO - Processing file /opt/airflow/dags/subdags/subdag_downloads.py for tasks to queue
[2024-09-27T23:11:29.253+0000] {logging_mixin.py:120} INFO - [2024-09-27T23:11:29.252+0000] {dagbag.py:537} INFO - Filling up the DagBag from /opt/airflow/dags/subdags/subdag_downloads.py
[2024-09-27T23:11:29.276+0000] {processor.py:768} WARNING - No viable dags retrieved from /opt/airflow/dags/subdags/subdag_downloads.py
[2024-09-27T23:11:29.298+0000] {processor.py:176} INFO - Processing /opt/airflow/dags/subdags/subdag_downloads.py took 0.054 seconds
[2024-09-27T23:11:59.405+0000] {processor.py:154} INFO - Started process (PID=10414) to work on /opt/airflow/dags/subdags/subdag_downloads.py
[2024-09-27T23:11:59.406+0000] {processor.py:756} INFO - Processing file /opt/airflow/dags/subdags/subdag_downloads.py for tasks to queue
[2024-09-27T23:11:59.408+0000] {logging_mixin.py:120} INFO - [2024-09-27T23:11:59.407+0000] {dagbag.py:537} INFO - Filling up the DagBag from /opt/airflow/dags/subdags/subdag_downloads.py
[2024-09-27T23:11:59.427+0000] {processor.py:768} WARNING - No viable dags retrieved from /opt/airflow/dags/subdags/subdag_downloads.py
[2024-09-27T23:11:59.452+0000] {processor.py:176} INFO - Processing /opt/airflow/dags/subdags/subdag_downloads.py took 0.051 seconds
[2024-09-27T23:12:29.663+0000] {processor.py:154} INFO - Started process (PID=10470) to work on /opt/airflow/dags/subdags/subdag_downloads.py
[2024-09-27T23:12:29.664+0000] {processor.py:756} INFO - Processing file /opt/airflow/dags/subdags/subdag_downloads.py for tasks to queue
[2024-09-27T23:12:29.665+0000] {logging_mixin.py:120} INFO - [2024-09-27T23:12:29.665+0000] {dagbag.py:537} INFO - Filling up the DagBag from /opt/airflow/dags/subdags/subdag_downloads.py
[2024-09-27T23:12:29.680+0000] {processor.py:768} WARNING - No viable dags retrieved from /opt/airflow/dags/subdags/subdag_downloads.py
[2024-09-27T23:12:29.699+0000] {processor.py:176} INFO - Processing /opt/airflow/dags/subdags/subdag_downloads.py took 0.039 seconds
[2024-09-27T23:12:59.915+0000] {processor.py:154} INFO - Started process (PID=10540) to work on /opt/airflow/dags/subdags/subdag_downloads.py
[2024-09-27T23:12:59.916+0000] {processor.py:756} INFO - Processing file /opt/airflow/dags/subdags/subdag_downloads.py for tasks to queue
[2024-09-27T23:12:59.917+0000] {logging_mixin.py:120} INFO - [2024-09-27T23:12:59.917+0000] {dagbag.py:537} INFO - Filling up the DagBag from /opt/airflow/dags/subdags/subdag_downloads.py
[2024-09-27T23:12:59.929+0000] {processor.py:768} WARNING - No viable dags retrieved from /opt/airflow/dags/subdags/subdag_downloads.py
[2024-09-27T23:12:59.944+0000] {processor.py:176} INFO - Processing /opt/airflow/dags/subdags/subdag_downloads.py took 0.032 seconds
[2024-09-27T23:13:30.403+0000] {processor.py:154} INFO - Started process (PID=10611) to work on /opt/airflow/dags/subdags/subdag_downloads.py
[2024-09-27T23:13:30.404+0000] {processor.py:756} INFO - Processing file /opt/airflow/dags/subdags/subdag_downloads.py for tasks to queue
[2024-09-27T23:13:30.405+0000] {logging_mixin.py:120} INFO - [2024-09-27T23:13:30.405+0000] {dagbag.py:537} INFO - Filling up the DagBag from /opt/airflow/dags/subdags/subdag_downloads.py
[2024-09-27T23:13:30.419+0000] {processor.py:768} WARNING - No viable dags retrieved from /opt/airflow/dags/subdags/subdag_downloads.py
[2024-09-27T23:13:30.436+0000] {processor.py:176} INFO - Processing /opt/airflow/dags/subdags/subdag_downloads.py took 0.037 seconds
[2024-09-27T23:14:00.515+0000] {processor.py:154} INFO - Started process (PID=10672) to work on /opt/airflow/dags/subdags/subdag_downloads.py
[2024-09-27T23:14:00.516+0000] {processor.py:756} INFO - Processing file /opt/airflow/dags/subdags/subdag_downloads.py for tasks to queue
[2024-09-27T23:14:00.517+0000] {logging_mixin.py:120} INFO - [2024-09-27T23:14:00.517+0000] {dagbag.py:537} INFO - Filling up the DagBag from /opt/airflow/dags/subdags/subdag_downloads.py
[2024-09-27T23:14:00.532+0000] {processor.py:768} WARNING - No viable dags retrieved from /opt/airflow/dags/subdags/subdag_downloads.py
[2024-09-27T23:14:00.550+0000] {processor.py:176} INFO - Processing /opt/airflow/dags/subdags/subdag_downloads.py took 0.039 seconds
[2024-09-27T23:14:30.656+0000] {processor.py:154} INFO - Started process (PID=10743) to work on /opt/airflow/dags/subdags/subdag_downloads.py
[2024-09-27T23:14:30.657+0000] {processor.py:756} INFO - Processing file /opt/airflow/dags/subdags/subdag_downloads.py for tasks to queue
[2024-09-27T23:14:30.658+0000] {logging_mixin.py:120} INFO - [2024-09-27T23:14:30.658+0000] {dagbag.py:537} INFO - Filling up the DagBag from /opt/airflow/dags/subdags/subdag_downloads.py
[2024-09-27T23:14:30.670+0000] {processor.py:768} WARNING - No viable dags retrieved from /opt/airflow/dags/subdags/subdag_downloads.py
[2024-09-27T23:14:30.685+0000] {processor.py:176} INFO - Processing /opt/airflow/dags/subdags/subdag_downloads.py took 0.032 seconds
[2024-09-27T23:15:00.957+0000] {processor.py:154} INFO - Started process (PID=10813) to work on /opt/airflow/dags/subdags/subdag_downloads.py
[2024-09-27T23:15:00.958+0000] {processor.py:756} INFO - Processing file /opt/airflow/dags/subdags/subdag_downloads.py for tasks to queue
[2024-09-27T23:15:00.960+0000] {logging_mixin.py:120} INFO - [2024-09-27T23:15:00.960+0000] {dagbag.py:537} INFO - Filling up the DagBag from /opt/airflow/dags/subdags/subdag_downloads.py
[2024-09-27T23:15:00.972+0000] {processor.py:768} WARNING - No viable dags retrieved from /opt/airflow/dags/subdags/subdag_downloads.py
[2024-09-27T23:15:00.987+0000] {processor.py:176} INFO - Processing /opt/airflow/dags/subdags/subdag_downloads.py took 0.033 seconds
[2024-09-27T23:15:31.079+0000] {processor.py:154} INFO - Started process (PID=10874) to work on /opt/airflow/dags/subdags/subdag_downloads.py
[2024-09-27T23:15:31.080+0000] {processor.py:756} INFO - Processing file /opt/airflow/dags/subdags/subdag_downloads.py for tasks to queue
[2024-09-27T23:15:31.081+0000] {logging_mixin.py:120} INFO - [2024-09-27T23:15:31.081+0000] {dagbag.py:537} INFO - Filling up the DagBag from /opt/airflow/dags/subdags/subdag_downloads.py
[2024-09-27T23:15:31.098+0000] {processor.py:768} WARNING - No viable dags retrieved from /opt/airflow/dags/subdags/subdag_downloads.py
[2024-09-27T23:15:31.121+0000] {processor.py:176} INFO - Processing /opt/airflow/dags/subdags/subdag_downloads.py took 0.046 seconds
[2024-09-27T23:16:01.419+0000] {processor.py:154} INFO - Started process (PID=10943) to work on /opt/airflow/dags/subdags/subdag_downloads.py
[2024-09-27T23:16:01.420+0000] {processor.py:756} INFO - Processing file /opt/airflow/dags/subdags/subdag_downloads.py for tasks to queue
[2024-09-27T23:16:01.422+0000] {logging_mixin.py:120} INFO - [2024-09-27T23:16:01.421+0000] {dagbag.py:537} INFO - Filling up the DagBag from /opt/airflow/dags/subdags/subdag_downloads.py
[2024-09-27T23:16:01.438+0000] {processor.py:768} WARNING - No viable dags retrieved from /opt/airflow/dags/subdags/subdag_downloads.py
[2024-09-27T23:16:01.455+0000] {processor.py:176} INFO - Processing /opt/airflow/dags/subdags/subdag_downloads.py took 0.040 seconds
[2024-09-27T23:16:31.762+0000] {processor.py:154} INFO - Started process (PID=11011) to work on /opt/airflow/dags/subdags/subdag_downloads.py
[2024-09-27T23:16:31.763+0000] {processor.py:756} INFO - Processing file /opt/airflow/dags/subdags/subdag_downloads.py for tasks to queue
[2024-09-27T23:16:31.764+0000] {logging_mixin.py:120} INFO - [2024-09-27T23:16:31.764+0000] {dagbag.py:537} INFO - Filling up the DagBag from /opt/airflow/dags/subdags/subdag_downloads.py
[2024-09-27T23:16:31.779+0000] {processor.py:768} WARNING - No viable dags retrieved from /opt/airflow/dags/subdags/subdag_downloads.py
[2024-09-27T23:16:31.800+0000] {processor.py:176} INFO - Processing /opt/airflow/dags/subdags/subdag_downloads.py took 0.042 seconds
[2024-09-27T23:17:02.058+0000] {processor.py:154} INFO - Started process (PID=11073) to work on /opt/airflow/dags/subdags/subdag_downloads.py
[2024-09-27T23:17:02.060+0000] {processor.py:756} INFO - Processing file /opt/airflow/dags/subdags/subdag_downloads.py for tasks to queue
[2024-09-27T23:17:02.060+0000] {logging_mixin.py:120} INFO - [2024-09-27T23:17:02.060+0000] {dagbag.py:537} INFO - Filling up the DagBag from /opt/airflow/dags/subdags/subdag_downloads.py
[2024-09-27T23:17:02.077+0000] {processor.py:768} WARNING - No viable dags retrieved from /opt/airflow/dags/subdags/subdag_downloads.py
[2024-09-27T23:17:02.092+0000] {processor.py:176} INFO - Processing /opt/airflow/dags/subdags/subdag_downloads.py took 0.037 seconds
[2024-09-27T23:17:32.298+0000] {processor.py:154} INFO - Started process (PID=11144) to work on /opt/airflow/dags/subdags/subdag_downloads.py
[2024-09-27T23:17:32.299+0000] {processor.py:756} INFO - Processing file /opt/airflow/dags/subdags/subdag_downloads.py for tasks to queue
[2024-09-27T23:17:32.300+0000] {logging_mixin.py:120} INFO - [2024-09-27T23:17:32.299+0000] {dagbag.py:537} INFO - Filling up the DagBag from /opt/airflow/dags/subdags/subdag_downloads.py
[2024-09-27T23:17:32.313+0000] {processor.py:768} WARNING - No viable dags retrieved from /opt/airflow/dags/subdags/subdag_downloads.py
[2024-09-27T23:17:32.329+0000] {processor.py:176} INFO - Processing /opt/airflow/dags/subdags/subdag_downloads.py took 0.035 seconds
[2024-09-27T23:18:02.479+0000] {processor.py:154} INFO - Started process (PID=11214) to work on /opt/airflow/dags/subdags/subdag_downloads.py
[2024-09-27T23:18:02.481+0000] {processor.py:756} INFO - Processing file /opt/airflow/dags/subdags/subdag_downloads.py for tasks to queue
[2024-09-27T23:18:02.482+0000] {logging_mixin.py:120} INFO - [2024-09-27T23:18:02.482+0000] {dagbag.py:537} INFO - Filling up the DagBag from /opt/airflow/dags/subdags/subdag_downloads.py
[2024-09-27T23:18:02.498+0000] {processor.py:768} WARNING - No viable dags retrieved from /opt/airflow/dags/subdags/subdag_downloads.py
[2024-09-27T23:18:02.513+0000] {processor.py:176} INFO - Processing /opt/airflow/dags/subdags/subdag_downloads.py took 0.038 seconds
[2024-09-27T23:18:32.720+0000] {processor.py:154} INFO - Started process (PID=11276) to work on /opt/airflow/dags/subdags/subdag_downloads.py
[2024-09-27T23:18:32.721+0000] {processor.py:756} INFO - Processing file /opt/airflow/dags/subdags/subdag_downloads.py for tasks to queue
[2024-09-27T23:18:32.722+0000] {logging_mixin.py:120} INFO - [2024-09-27T23:18:32.722+0000] {dagbag.py:537} INFO - Filling up the DagBag from /opt/airflow/dags/subdags/subdag_downloads.py
[2024-09-27T23:18:32.738+0000] {processor.py:768} WARNING - No viable dags retrieved from /opt/airflow/dags/subdags/subdag_downloads.py
[2024-09-27T23:18:32.754+0000] {processor.py:176} INFO - Processing /opt/airflow/dags/subdags/subdag_downloads.py took 0.038 seconds
[2024-09-27T23:19:02.920+0000] {processor.py:154} INFO - Started process (PID=11347) to work on /opt/airflow/dags/subdags/subdag_downloads.py
[2024-09-27T23:19:02.921+0000] {processor.py:756} INFO - Processing file /opt/airflow/dags/subdags/subdag_downloads.py for tasks to queue
[2024-09-27T23:19:02.923+0000] {logging_mixin.py:120} INFO - [2024-09-27T23:19:02.923+0000] {dagbag.py:537} INFO - Filling up the DagBag from /opt/airflow/dags/subdags/subdag_downloads.py
[2024-09-27T23:19:02.940+0000] {processor.py:768} WARNING - No viable dags retrieved from /opt/airflow/dags/subdags/subdag_downloads.py
[2024-09-27T23:19:02.957+0000] {processor.py:176} INFO - Processing /opt/airflow/dags/subdags/subdag_downloads.py took 0.041 seconds
[2024-09-27T23:19:33.269+0000] {processor.py:154} INFO - Started process (PID=11414) to work on /opt/airflow/dags/subdags/subdag_downloads.py
[2024-09-27T23:19:33.270+0000] {processor.py:756} INFO - Processing file /opt/airflow/dags/subdags/subdag_downloads.py for tasks to queue
[2024-09-27T23:19:33.271+0000] {logging_mixin.py:120} INFO - [2024-09-27T23:19:33.271+0000] {dagbag.py:537} INFO - Filling up the DagBag from /opt/airflow/dags/subdags/subdag_downloads.py
[2024-09-27T23:19:33.285+0000] {processor.py:768} WARNING - No viable dags retrieved from /opt/airflow/dags/subdags/subdag_downloads.py
[2024-09-27T23:19:33.301+0000] {processor.py:176} INFO - Processing /opt/airflow/dags/subdags/subdag_downloads.py took 0.037 seconds
[2024-09-27T23:20:04.166+0000] {processor.py:154} INFO - Started process (PID=11485) to work on /opt/airflow/dags/subdags/subdag_downloads.py
[2024-09-27T23:20:04.167+0000] {processor.py:756} INFO - Processing file /opt/airflow/dags/subdags/subdag_downloads.py for tasks to queue
[2024-09-27T23:20:04.168+0000] {logging_mixin.py:120} INFO - [2024-09-27T23:20:04.168+0000] {dagbag.py:537} INFO - Filling up the DagBag from /opt/airflow/dags/subdags/subdag_downloads.py
[2024-09-27T23:20:04.185+0000] {processor.py:768} WARNING - No viable dags retrieved from /opt/airflow/dags/subdags/subdag_downloads.py
[2024-09-27T23:20:04.206+0000] {processor.py:176} INFO - Processing /opt/airflow/dags/subdags/subdag_downloads.py took 0.043 seconds
[2024-09-27T23:20:34.443+0000] {processor.py:154} INFO - Started process (PID=11547) to work on /opt/airflow/dags/subdags/subdag_downloads.py
[2024-09-27T23:20:34.444+0000] {processor.py:756} INFO - Processing file /opt/airflow/dags/subdags/subdag_downloads.py for tasks to queue
[2024-09-27T23:20:34.445+0000] {logging_mixin.py:120} INFO - [2024-09-27T23:20:34.444+0000] {dagbag.py:537} INFO - Filling up the DagBag from /opt/airflow/dags/subdags/subdag_downloads.py
[2024-09-27T23:20:34.458+0000] {processor.py:768} WARNING - No viable dags retrieved from /opt/airflow/dags/subdags/subdag_downloads.py
[2024-09-27T23:20:34.475+0000] {processor.py:176} INFO - Processing /opt/airflow/dags/subdags/subdag_downloads.py took 0.036 seconds
[2024-09-27T23:21:04.499+0000] {processor.py:154} INFO - Started process (PID=11619) to work on /opt/airflow/dags/subdags/subdag_downloads.py
[2024-09-27T23:21:04.500+0000] {processor.py:756} INFO - Processing file /opt/airflow/dags/subdags/subdag_downloads.py for tasks to queue
[2024-09-27T23:21:04.500+0000] {logging_mixin.py:120} INFO - [2024-09-27T23:21:04.500+0000] {dagbag.py:537} INFO - Filling up the DagBag from /opt/airflow/dags/subdags/subdag_downloads.py
[2024-09-27T23:21:04.513+0000] {processor.py:768} WARNING - No viable dags retrieved from /opt/airflow/dags/subdags/subdag_downloads.py
[2024-09-27T23:21:04.528+0000] {processor.py:176} INFO - Processing /opt/airflow/dags/subdags/subdag_downloads.py took 0.032 seconds
[2024-09-27T23:21:34.820+0000] {processor.py:154} INFO - Started process (PID=11688) to work on /opt/airflow/dags/subdags/subdag_downloads.py
[2024-09-27T23:21:34.821+0000] {processor.py:756} INFO - Processing file /opt/airflow/dags/subdags/subdag_downloads.py for tasks to queue
[2024-09-27T23:21:34.822+0000] {logging_mixin.py:120} INFO - [2024-09-27T23:21:34.822+0000] {dagbag.py:537} INFO - Filling up the DagBag from /opt/airflow/dags/subdags/subdag_downloads.py
[2024-09-27T23:21:34.835+0000] {processor.py:768} WARNING - No viable dags retrieved from /opt/airflow/dags/subdags/subdag_downloads.py
[2024-09-27T23:21:34.851+0000] {processor.py:176} INFO - Processing /opt/airflow/dags/subdags/subdag_downloads.py took 0.035 seconds
[2024-09-27T23:22:04.984+0000] {processor.py:154} INFO - Started process (PID=11752) to work on /opt/airflow/dags/subdags/subdag_downloads.py
[2024-09-27T23:22:04.986+0000] {processor.py:756} INFO - Processing file /opt/airflow/dags/subdags/subdag_downloads.py for tasks to queue
[2024-09-27T23:22:04.988+0000] {logging_mixin.py:120} INFO - [2024-09-27T23:22:04.988+0000] {dagbag.py:537} INFO - Filling up the DagBag from /opt/airflow/dags/subdags/subdag_downloads.py
[2024-09-27T23:22:05.005+0000] {processor.py:768} WARNING - No viable dags retrieved from /opt/airflow/dags/subdags/subdag_downloads.py
[2024-09-27T23:22:05.025+0000] {processor.py:176} INFO - Processing /opt/airflow/dags/subdags/subdag_downloads.py took 0.045 seconds
[2024-09-27T23:22:35.901+0000] {processor.py:154} INFO - Started process (PID=11823) to work on /opt/airflow/dags/subdags/subdag_downloads.py
[2024-09-27T23:22:35.903+0000] {processor.py:756} INFO - Processing file /opt/airflow/dags/subdags/subdag_downloads.py for tasks to queue
[2024-09-27T23:22:35.904+0000] {logging_mixin.py:120} INFO - [2024-09-27T23:22:35.903+0000] {dagbag.py:537} INFO - Filling up the DagBag from /opt/airflow/dags/subdags/subdag_downloads.py
[2024-09-27T23:22:35.919+0000] {processor.py:768} WARNING - No viable dags retrieved from /opt/airflow/dags/subdags/subdag_downloads.py
[2024-09-27T23:22:35.939+0000] {processor.py:176} INFO - Processing /opt/airflow/dags/subdags/subdag_downloads.py took 0.043 seconds
[2024-09-27T23:23:06.222+0000] {processor.py:154} INFO - Started process (PID=11890) to work on /opt/airflow/dags/subdags/subdag_downloads.py
[2024-09-27T23:23:06.225+0000] {processor.py:756} INFO - Processing file /opt/airflow/dags/subdags/subdag_downloads.py for tasks to queue
[2024-09-27T23:23:06.226+0000] {logging_mixin.py:120} INFO - [2024-09-27T23:23:06.226+0000] {dagbag.py:537} INFO - Filling up the DagBag from /opt/airflow/dags/subdags/subdag_downloads.py
[2024-09-27T23:23:06.259+0000] {processor.py:768} WARNING - No viable dags retrieved from /opt/airflow/dags/subdags/subdag_downloads.py
[2024-09-27T23:23:06.295+0000] {processor.py:176} INFO - Processing /opt/airflow/dags/subdags/subdag_downloads.py took 0.085 seconds
[2024-09-27T23:23:36.726+0000] {processor.py:154} INFO - Started process (PID=11954) to work on /opt/airflow/dags/subdags/subdag_downloads.py
[2024-09-27T23:23:36.727+0000] {processor.py:756} INFO - Processing file /opt/airflow/dags/subdags/subdag_downloads.py for tasks to queue
[2024-09-27T23:23:36.728+0000] {logging_mixin.py:120} INFO - [2024-09-27T23:23:36.728+0000] {dagbag.py:537} INFO - Filling up the DagBag from /opt/airflow/dags/subdags/subdag_downloads.py
[2024-09-27T23:23:36.741+0000] {processor.py:768} WARNING - No viable dags retrieved from /opt/airflow/dags/subdags/subdag_downloads.py
[2024-09-27T23:23:36.757+0000] {processor.py:176} INFO - Processing /opt/airflow/dags/subdags/subdag_downloads.py took 0.036 seconds
[2024-09-27T23:24:07.633+0000] {processor.py:154} INFO - Started process (PID=12025) to work on /opt/airflow/dags/subdags/subdag_downloads.py
[2024-09-27T23:24:07.634+0000] {processor.py:756} INFO - Processing file /opt/airflow/dags/subdags/subdag_downloads.py for tasks to queue
[2024-09-27T23:24:07.635+0000] {logging_mixin.py:120} INFO - [2024-09-27T23:24:07.635+0000] {dagbag.py:537} INFO - Filling up the DagBag from /opt/airflow/dags/subdags/subdag_downloads.py
[2024-09-27T23:24:07.649+0000] {processor.py:768} WARNING - No viable dags retrieved from /opt/airflow/dags/subdags/subdag_downloads.py
[2024-09-27T23:24:07.665+0000] {processor.py:176} INFO - Processing /opt/airflow/dags/subdags/subdag_downloads.py took 0.037 seconds
[2024-09-27T23:24:37.990+0000] {processor.py:154} INFO - Started process (PID=12087) to work on /opt/airflow/dags/subdags/subdag_downloads.py
[2024-09-27T23:24:37.992+0000] {processor.py:756} INFO - Processing file /opt/airflow/dags/subdags/subdag_downloads.py for tasks to queue
[2024-09-27T23:24:37.993+0000] {logging_mixin.py:120} INFO - [2024-09-27T23:24:37.993+0000] {dagbag.py:537} INFO - Filling up the DagBag from /opt/airflow/dags/subdags/subdag_downloads.py
[2024-09-27T23:24:38.006+0000] {processor.py:768} WARNING - No viable dags retrieved from /opt/airflow/dags/subdags/subdag_downloads.py
[2024-09-27T23:24:38.021+0000] {processor.py:176} INFO - Processing /opt/airflow/dags/subdags/subdag_downloads.py took 0.034 seconds
[2024-09-27T23:25:08.590+0000] {processor.py:154} INFO - Started process (PID=12157) to work on /opt/airflow/dags/subdags/subdag_downloads.py
[2024-09-27T23:25:08.591+0000] {processor.py:756} INFO - Processing file /opt/airflow/dags/subdags/subdag_downloads.py for tasks to queue
[2024-09-27T23:25:08.592+0000] {logging_mixin.py:120} INFO - [2024-09-27T23:25:08.591+0000] {dagbag.py:537} INFO - Filling up the DagBag from /opt/airflow/dags/subdags/subdag_downloads.py
[2024-09-27T23:25:08.604+0000] {processor.py:768} WARNING - No viable dags retrieved from /opt/airflow/dags/subdags/subdag_downloads.py
[2024-09-27T23:25:08.619+0000] {processor.py:176} INFO - Processing /opt/airflow/dags/subdags/subdag_downloads.py took 0.033 seconds
[2024-09-27T23:25:39.399+0000] {processor.py:154} INFO - Started process (PID=12228) to work on /opt/airflow/dags/subdags/subdag_downloads.py
[2024-09-27T23:25:39.400+0000] {processor.py:756} INFO - Processing file /opt/airflow/dags/subdags/subdag_downloads.py for tasks to queue
[2024-09-27T23:25:39.401+0000] {logging_mixin.py:120} INFO - [2024-09-27T23:25:39.401+0000] {dagbag.py:537} INFO - Filling up the DagBag from /opt/airflow/dags/subdags/subdag_downloads.py
[2024-09-27T23:25:39.414+0000] {processor.py:768} WARNING - No viable dags retrieved from /opt/airflow/dags/subdags/subdag_downloads.py
[2024-09-27T23:25:39.429+0000] {processor.py:176} INFO - Processing /opt/airflow/dags/subdags/subdag_downloads.py took 0.034 seconds
[2024-09-27T23:26:09.493+0000] {processor.py:154} INFO - Started process (PID=12299) to work on /opt/airflow/dags/subdags/subdag_downloads.py
[2024-09-27T23:26:09.494+0000] {processor.py:756} INFO - Processing file /opt/airflow/dags/subdags/subdag_downloads.py for tasks to queue
[2024-09-27T23:26:09.495+0000] {logging_mixin.py:120} INFO - [2024-09-27T23:26:09.495+0000] {dagbag.py:537} INFO - Filling up the DagBag from /opt/airflow/dags/subdags/subdag_downloads.py
[2024-09-27T23:26:09.509+0000] {processor.py:768} WARNING - No viable dags retrieved from /opt/airflow/dags/subdags/subdag_downloads.py
[2024-09-27T23:26:09.528+0000] {processor.py:176} INFO - Processing /opt/airflow/dags/subdags/subdag_downloads.py took 0.039 seconds
[2024-09-27T23:26:40.290+0000] {processor.py:154} INFO - Started process (PID=12362) to work on /opt/airflow/dags/subdags/subdag_downloads.py
[2024-09-27T23:26:40.291+0000] {processor.py:756} INFO - Processing file /opt/airflow/dags/subdags/subdag_downloads.py for tasks to queue
[2024-09-27T23:26:40.292+0000] {logging_mixin.py:120} INFO - [2024-09-27T23:26:40.292+0000] {dagbag.py:537} INFO - Filling up the DagBag from /opt/airflow/dags/subdags/subdag_downloads.py
[2024-09-27T23:26:40.305+0000] {processor.py:768} WARNING - No viable dags retrieved from /opt/airflow/dags/subdags/subdag_downloads.py
[2024-09-27T23:26:40.321+0000] {processor.py:176} INFO - Processing /opt/airflow/dags/subdags/subdag_downloads.py took 0.035 seconds
[2024-09-27T23:27:10.798+0000] {processor.py:154} INFO - Started process (PID=12434) to work on /opt/airflow/dags/subdags/subdag_downloads.py
[2024-09-27T23:27:10.800+0000] {processor.py:756} INFO - Processing file /opt/airflow/dags/subdags/subdag_downloads.py for tasks to queue
[2024-09-27T23:27:10.801+0000] {logging_mixin.py:120} INFO - [2024-09-27T23:27:10.801+0000] {dagbag.py:537} INFO - Filling up the DagBag from /opt/airflow/dags/subdags/subdag_downloads.py
[2024-09-27T23:27:10.813+0000] {processor.py:768} WARNING - No viable dags retrieved from /opt/airflow/dags/subdags/subdag_downloads.py
[2024-09-27T23:27:10.828+0000] {processor.py:176} INFO - Processing /opt/airflow/dags/subdags/subdag_downloads.py took 0.032 seconds
[2024-09-27T23:27:41.557+0000] {processor.py:154} INFO - Started process (PID=12506) to work on /opt/airflow/dags/subdags/subdag_downloads.py
[2024-09-27T23:27:41.558+0000] {processor.py:756} INFO - Processing file /opt/airflow/dags/subdags/subdag_downloads.py for tasks to queue
[2024-09-27T23:27:41.559+0000] {logging_mixin.py:120} INFO - [2024-09-27T23:27:41.559+0000] {dagbag.py:537} INFO - Filling up the DagBag from /opt/airflow/dags/subdags/subdag_downloads.py
[2024-09-27T23:27:41.573+0000] {processor.py:768} WARNING - No viable dags retrieved from /opt/airflow/dags/subdags/subdag_downloads.py
[2024-09-27T23:27:41.591+0000] {processor.py:176} INFO - Processing /opt/airflow/dags/subdags/subdag_downloads.py took 0.038 seconds
[2024-09-27T23:28:12.138+0000] {processor.py:154} INFO - Started process (PID=12568) to work on /opt/airflow/dags/subdags/subdag_downloads.py
[2024-09-27T23:28:12.140+0000] {processor.py:756} INFO - Processing file /opt/airflow/dags/subdags/subdag_downloads.py for tasks to queue
[2024-09-27T23:28:12.140+0000] {logging_mixin.py:120} INFO - [2024-09-27T23:28:12.140+0000] {dagbag.py:537} INFO - Filling up the DagBag from /opt/airflow/dags/subdags/subdag_downloads.py
[2024-09-27T23:28:12.155+0000] {processor.py:768} WARNING - No viable dags retrieved from /opt/airflow/dags/subdags/subdag_downloads.py
[2024-09-27T23:28:12.171+0000] {processor.py:176} INFO - Processing /opt/airflow/dags/subdags/subdag_downloads.py took 0.037 seconds
[2024-09-27T23:28:42.226+0000] {processor.py:154} INFO - Started process (PID=12640) to work on /opt/airflow/dags/subdags/subdag_downloads.py
[2024-09-27T23:28:42.228+0000] {processor.py:756} INFO - Processing file /opt/airflow/dags/subdags/subdag_downloads.py for tasks to queue
[2024-09-27T23:28:42.228+0000] {logging_mixin.py:120} INFO - [2024-09-27T23:28:42.228+0000] {dagbag.py:537} INFO - Filling up the DagBag from /opt/airflow/dags/subdags/subdag_downloads.py
[2024-09-27T23:28:42.241+0000] {processor.py:768} WARNING - No viable dags retrieved from /opt/airflow/dags/subdags/subdag_downloads.py
[2024-09-27T23:28:42.256+0000] {processor.py:176} INFO - Processing /opt/airflow/dags/subdags/subdag_downloads.py took 0.033 seconds
[2024-09-27T23:29:12.423+0000] {processor.py:154} INFO - Started process (PID=12712) to work on /opt/airflow/dags/subdags/subdag_downloads.py
[2024-09-27T23:29:12.424+0000] {processor.py:756} INFO - Processing file /opt/airflow/dags/subdags/subdag_downloads.py for tasks to queue
[2024-09-27T23:29:12.425+0000] {logging_mixin.py:120} INFO - [2024-09-27T23:29:12.425+0000] {dagbag.py:537} INFO - Filling up the DagBag from /opt/airflow/dags/subdags/subdag_downloads.py
[2024-09-27T23:29:12.442+0000] {processor.py:768} WARNING - No viable dags retrieved from /opt/airflow/dags/subdags/subdag_downloads.py
[2024-09-27T23:29:12.461+0000] {processor.py:176} INFO - Processing /opt/airflow/dags/subdags/subdag_downloads.py took 0.042 seconds
[2024-09-27T23:29:42.730+0000] {processor.py:154} INFO - Started process (PID=12777) to work on /opt/airflow/dags/subdags/subdag_downloads.py
[2024-09-27T23:29:42.731+0000] {processor.py:756} INFO - Processing file /opt/airflow/dags/subdags/subdag_downloads.py for tasks to queue
[2024-09-27T23:29:42.732+0000] {logging_mixin.py:120} INFO - [2024-09-27T23:29:42.732+0000] {dagbag.py:537} INFO - Filling up the DagBag from /opt/airflow/dags/subdags/subdag_downloads.py
[2024-09-27T23:29:42.751+0000] {processor.py:768} WARNING - No viable dags retrieved from /opt/airflow/dags/subdags/subdag_downloads.py
[2024-09-27T23:29:42.766+0000] {processor.py:176} INFO - Processing /opt/airflow/dags/subdags/subdag_downloads.py took 0.040 seconds
[2024-09-27T23:30:13.499+0000] {processor.py:154} INFO - Started process (PID=12842) to work on /opt/airflow/dags/subdags/subdag_downloads.py
[2024-09-27T23:30:13.500+0000] {processor.py:756} INFO - Processing file /opt/airflow/dags/subdags/subdag_downloads.py for tasks to queue
[2024-09-27T23:30:13.501+0000] {logging_mixin.py:120} INFO - [2024-09-27T23:30:13.501+0000] {dagbag.py:537} INFO - Filling up the DagBag from /opt/airflow/dags/subdags/subdag_downloads.py
[2024-09-27T23:30:13.521+0000] {processor.py:768} WARNING - No viable dags retrieved from /opt/airflow/dags/subdags/subdag_downloads.py
[2024-09-27T23:30:13.542+0000] {processor.py:176} INFO - Processing /opt/airflow/dags/subdags/subdag_downloads.py took 0.047 seconds
[2024-09-27T23:30:43.836+0000] {processor.py:154} INFO - Started process (PID=12914) to work on /opt/airflow/dags/subdags/subdag_downloads.py
[2024-09-27T23:30:43.838+0000] {processor.py:756} INFO - Processing file /opt/airflow/dags/subdags/subdag_downloads.py for tasks to queue
[2024-09-27T23:30:43.839+0000] {logging_mixin.py:120} INFO - [2024-09-27T23:30:43.839+0000] {dagbag.py:537} INFO - Filling up the DagBag from /opt/airflow/dags/subdags/subdag_downloads.py
[2024-09-27T23:30:43.851+0000] {processor.py:768} WARNING - No viable dags retrieved from /opt/airflow/dags/subdags/subdag_downloads.py
[2024-09-27T23:30:43.866+0000] {processor.py:176} INFO - Processing /opt/airflow/dags/subdags/subdag_downloads.py took 0.034 seconds
[2024-09-27T23:31:14.370+0000] {processor.py:154} INFO - Started process (PID=12985) to work on /opt/airflow/dags/subdags/subdag_downloads.py
[2024-09-27T23:31:14.372+0000] {processor.py:756} INFO - Processing file /opt/airflow/dags/subdags/subdag_downloads.py for tasks to queue
[2024-09-27T23:31:14.373+0000] {logging_mixin.py:120} INFO - [2024-09-27T23:31:14.373+0000] {dagbag.py:537} INFO - Filling up the DagBag from /opt/airflow/dags/subdags/subdag_downloads.py
[2024-09-27T23:31:14.390+0000] {processor.py:768} WARNING - No viable dags retrieved from /opt/airflow/dags/subdags/subdag_downloads.py
[2024-09-27T23:31:14.408+0000] {processor.py:176} INFO - Processing /opt/airflow/dags/subdags/subdag_downloads.py took 0.042 seconds
[2024-09-27T23:31:44.765+0000] {processor.py:154} INFO - Started process (PID=13048) to work on /opt/airflow/dags/subdags/subdag_downloads.py
[2024-09-27T23:31:44.767+0000] {processor.py:756} INFO - Processing file /opt/airflow/dags/subdags/subdag_downloads.py for tasks to queue
[2024-09-27T23:31:44.768+0000] {logging_mixin.py:120} INFO - [2024-09-27T23:31:44.768+0000] {dagbag.py:537} INFO - Filling up the DagBag from /opt/airflow/dags/subdags/subdag_downloads.py
[2024-09-27T23:31:44.787+0000] {processor.py:768} WARNING - No viable dags retrieved from /opt/airflow/dags/subdags/subdag_downloads.py
[2024-09-27T23:31:44.807+0000] {processor.py:176} INFO - Processing /opt/airflow/dags/subdags/subdag_downloads.py took 0.047 seconds
[2024-09-27T23:32:15.720+0000] {processor.py:154} INFO - Started process (PID=13120) to work on /opt/airflow/dags/subdags/subdag_downloads.py
[2024-09-27T23:32:15.722+0000] {processor.py:756} INFO - Processing file /opt/airflow/dags/subdags/subdag_downloads.py for tasks to queue
[2024-09-27T23:32:15.725+0000] {logging_mixin.py:120} INFO - [2024-09-27T23:32:15.725+0000] {dagbag.py:537} INFO - Filling up the DagBag from /opt/airflow/dags/subdags/subdag_downloads.py
[2024-09-27T23:32:15.739+0000] {processor.py:768} WARNING - No viable dags retrieved from /opt/airflow/dags/subdags/subdag_downloads.py
[2024-09-27T23:32:15.755+0000] {processor.py:176} INFO - Processing /opt/airflow/dags/subdags/subdag_downloads.py took 0.039 seconds
[2024-09-27T23:32:46.142+0000] {processor.py:154} INFO - Started process (PID=13191) to work on /opt/airflow/dags/subdags/subdag_downloads.py
[2024-09-27T23:32:46.144+0000] {processor.py:756} INFO - Processing file /opt/airflow/dags/subdags/subdag_downloads.py for tasks to queue
[2024-09-27T23:32:46.145+0000] {logging_mixin.py:120} INFO - [2024-09-27T23:32:46.145+0000] {dagbag.py:537} INFO - Filling up the DagBag from /opt/airflow/dags/subdags/subdag_downloads.py
[2024-09-27T23:32:46.162+0000] {processor.py:768} WARNING - No viable dags retrieved from /opt/airflow/dags/subdags/subdag_downloads.py
[2024-09-27T23:32:46.182+0000] {processor.py:176} INFO - Processing /opt/airflow/dags/subdags/subdag_downloads.py took 0.044 seconds
[2024-09-27T23:33:16.374+0000] {processor.py:154} INFO - Started process (PID=13254) to work on /opt/airflow/dags/subdags/subdag_downloads.py
[2024-09-27T23:33:16.375+0000] {processor.py:756} INFO - Processing file /opt/airflow/dags/subdags/subdag_downloads.py for tasks to queue
[2024-09-27T23:33:16.376+0000] {logging_mixin.py:120} INFO - [2024-09-27T23:33:16.376+0000] {dagbag.py:537} INFO - Filling up the DagBag from /opt/airflow/dags/subdags/subdag_downloads.py
[2024-09-27T23:33:16.389+0000] {processor.py:768} WARNING - No viable dags retrieved from /opt/airflow/dags/subdags/subdag_downloads.py
[2024-09-27T23:33:16.407+0000] {processor.py:176} INFO - Processing /opt/airflow/dags/subdags/subdag_downloads.py took 0.037 seconds
[2024-09-27T23:33:46.750+0000] {processor.py:154} INFO - Started process (PID=13327) to work on /opt/airflow/dags/subdags/subdag_downloads.py
[2024-09-27T23:33:46.752+0000] {processor.py:756} INFO - Processing file /opt/airflow/dags/subdags/subdag_downloads.py for tasks to queue
[2024-09-27T23:33:46.753+0000] {logging_mixin.py:120} INFO - [2024-09-27T23:33:46.753+0000] {dagbag.py:537} INFO - Filling up the DagBag from /opt/airflow/dags/subdags/subdag_downloads.py
[2024-09-27T23:33:46.781+0000] {processor.py:768} WARNING - No viable dags retrieved from /opt/airflow/dags/subdags/subdag_downloads.py
[2024-09-27T23:33:46.806+0000] {processor.py:176} INFO - Processing /opt/airflow/dags/subdags/subdag_downloads.py took 0.062 seconds
[2024-09-27T23:34:16.951+0000] {processor.py:154} INFO - Started process (PID=13399) to work on /opt/airflow/dags/subdags/subdag_downloads.py
[2024-09-27T23:34:16.952+0000] {processor.py:756} INFO - Processing file /opt/airflow/dags/subdags/subdag_downloads.py for tasks to queue
[2024-09-27T23:34:16.953+0000] {logging_mixin.py:120} INFO - [2024-09-27T23:34:16.953+0000] {dagbag.py:537} INFO - Filling up the DagBag from /opt/airflow/dags/subdags/subdag_downloads.py
[2024-09-27T23:34:16.967+0000] {processor.py:768} WARNING - No viable dags retrieved from /opt/airflow/dags/subdags/subdag_downloads.py
[2024-09-27T23:34:16.981+0000] {processor.py:176} INFO - Processing /opt/airflow/dags/subdags/subdag_downloads.py took 0.034 seconds
[2024-09-27T23:34:47.293+0000] {processor.py:154} INFO - Started process (PID=13471) to work on /opt/airflow/dags/subdags/subdag_downloads.py
[2024-09-27T23:34:47.294+0000] {processor.py:756} INFO - Processing file /opt/airflow/dags/subdags/subdag_downloads.py for tasks to queue
[2024-09-27T23:34:47.295+0000] {logging_mixin.py:120} INFO - [2024-09-27T23:34:47.295+0000] {dagbag.py:537} INFO - Filling up the DagBag from /opt/airflow/dags/subdags/subdag_downloads.py
[2024-09-27T23:34:47.314+0000] {processor.py:768} WARNING - No viable dags retrieved from /opt/airflow/dags/subdags/subdag_downloads.py
[2024-09-27T23:34:47.334+0000] {processor.py:176} INFO - Processing /opt/airflow/dags/subdags/subdag_downloads.py took 0.044 seconds
[2024-09-27T23:35:17.431+0000] {processor.py:154} INFO - Started process (PID=13534) to work on /opt/airflow/dags/subdags/subdag_downloads.py
[2024-09-27T23:35:17.432+0000] {processor.py:756} INFO - Processing file /opt/airflow/dags/subdags/subdag_downloads.py for tasks to queue
[2024-09-27T23:35:17.433+0000] {logging_mixin.py:120} INFO - [2024-09-27T23:35:17.433+0000] {dagbag.py:537} INFO - Filling up the DagBag from /opt/airflow/dags/subdags/subdag_downloads.py
[2024-09-27T23:35:17.445+0000] {processor.py:768} WARNING - No viable dags retrieved from /opt/airflow/dags/subdags/subdag_downloads.py
[2024-09-27T23:35:17.460+0000] {processor.py:176} INFO - Processing /opt/airflow/dags/subdags/subdag_downloads.py took 0.032 seconds
[2024-09-27T23:35:47.823+0000] {processor.py:154} INFO - Started process (PID=13606) to work on /opt/airflow/dags/subdags/subdag_downloads.py
[2024-09-27T23:35:47.824+0000] {processor.py:756} INFO - Processing file /opt/airflow/dags/subdags/subdag_downloads.py for tasks to queue
[2024-09-27T23:35:47.825+0000] {logging_mixin.py:120} INFO - [2024-09-27T23:35:47.825+0000] {dagbag.py:537} INFO - Filling up the DagBag from /opt/airflow/dags/subdags/subdag_downloads.py
[2024-09-27T23:35:47.844+0000] {processor.py:768} WARNING - No viable dags retrieved from /opt/airflow/dags/subdags/subdag_downloads.py
[2024-09-27T23:35:47.861+0000] {processor.py:176} INFO - Processing /opt/airflow/dags/subdags/subdag_downloads.py took 0.043 seconds
[2024-09-27T23:36:18.339+0000] {processor.py:154} INFO - Started process (PID=13678) to work on /opt/airflow/dags/subdags/subdag_downloads.py
[2024-09-27T23:36:18.341+0000] {processor.py:756} INFO - Processing file /opt/airflow/dags/subdags/subdag_downloads.py for tasks to queue
[2024-09-27T23:36:18.342+0000] {logging_mixin.py:120} INFO - [2024-09-27T23:36:18.342+0000] {dagbag.py:537} INFO - Filling up the DagBag from /opt/airflow/dags/subdags/subdag_downloads.py
[2024-09-27T23:36:18.358+0000] {processor.py:768} WARNING - No viable dags retrieved from /opt/airflow/dags/subdags/subdag_downloads.py
[2024-09-27T23:36:18.373+0000] {processor.py:176} INFO - Processing /opt/airflow/dags/subdags/subdag_downloads.py took 0.037 seconds
[2024-09-27T23:36:49.000+0000] {processor.py:154} INFO - Started process (PID=13740) to work on /opt/airflow/dags/subdags/subdag_downloads.py
[2024-09-27T23:36:49.001+0000] {processor.py:756} INFO - Processing file /opt/airflow/dags/subdags/subdag_downloads.py for tasks to queue
[2024-09-27T23:36:49.002+0000] {logging_mixin.py:120} INFO - [2024-09-27T23:36:49.002+0000] {dagbag.py:537} INFO - Filling up the DagBag from /opt/airflow/dags/subdags/subdag_downloads.py
[2024-09-27T23:36:49.014+0000] {processor.py:768} WARNING - No viable dags retrieved from /opt/airflow/dags/subdags/subdag_downloads.py
[2024-09-27T23:36:49.029+0000] {processor.py:176} INFO - Processing /opt/airflow/dags/subdags/subdag_downloads.py took 0.032 seconds
[2024-09-27T23:37:19.434+0000] {processor.py:154} INFO - Started process (PID=13812) to work on /opt/airflow/dags/subdags/subdag_downloads.py
[2024-09-27T23:37:19.436+0000] {processor.py:756} INFO - Processing file /opt/airflow/dags/subdags/subdag_downloads.py for tasks to queue
[2024-09-27T23:37:19.437+0000] {logging_mixin.py:120} INFO - [2024-09-27T23:37:19.437+0000] {dagbag.py:537} INFO - Filling up the DagBag from /opt/airflow/dags/subdags/subdag_downloads.py
[2024-09-27T23:37:19.453+0000] {processor.py:768} WARNING - No viable dags retrieved from /opt/airflow/dags/subdags/subdag_downloads.py
[2024-09-27T23:37:19.471+0000] {processor.py:176} INFO - Processing /opt/airflow/dags/subdags/subdag_downloads.py took 0.042 seconds
[2024-09-27T23:37:49.661+0000] {processor.py:154} INFO - Started process (PID=13884) to work on /opt/airflow/dags/subdags/subdag_downloads.py
[2024-09-27T23:37:49.662+0000] {processor.py:756} INFO - Processing file /opt/airflow/dags/subdags/subdag_downloads.py for tasks to queue
[2024-09-27T23:37:49.663+0000] {logging_mixin.py:120} INFO - [2024-09-27T23:37:49.663+0000] {dagbag.py:537} INFO - Filling up the DagBag from /opt/airflow/dags/subdags/subdag_downloads.py
[2024-09-27T23:37:49.678+0000] {processor.py:768} WARNING - No viable dags retrieved from /opt/airflow/dags/subdags/subdag_downloads.py
[2024-09-27T23:37:49.696+0000] {processor.py:176} INFO - Processing /opt/airflow/dags/subdags/subdag_downloads.py took 0.040 seconds
[2024-09-27T23:38:19.925+0000] {processor.py:154} INFO - Started process (PID=13947) to work on /opt/airflow/dags/subdags/subdag_downloads.py
[2024-09-27T23:38:19.926+0000] {processor.py:756} INFO - Processing file /opt/airflow/dags/subdags/subdag_downloads.py for tasks to queue
[2024-09-27T23:38:19.928+0000] {logging_mixin.py:120} INFO - [2024-09-27T23:38:19.927+0000] {dagbag.py:537} INFO - Filling up the DagBag from /opt/airflow/dags/subdags/subdag_downloads.py
[2024-09-27T23:38:19.940+0000] {processor.py:768} WARNING - No viable dags retrieved from /opt/airflow/dags/subdags/subdag_downloads.py
[2024-09-27T23:38:19.955+0000] {processor.py:176} INFO - Processing /opt/airflow/dags/subdags/subdag_downloads.py took 0.033 seconds
[2024-09-27T23:38:50.373+0000] {processor.py:154} INFO - Started process (PID=14019) to work on /opt/airflow/dags/subdags/subdag_downloads.py
[2024-09-27T23:38:50.374+0000] {processor.py:756} INFO - Processing file /opt/airflow/dags/subdags/subdag_downloads.py for tasks to queue
[2024-09-27T23:38:50.375+0000] {logging_mixin.py:120} INFO - [2024-09-27T23:38:50.375+0000] {dagbag.py:537} INFO - Filling up the DagBag from /opt/airflow/dags/subdags/subdag_downloads.py
[2024-09-27T23:38:50.390+0000] {processor.py:768} WARNING - No viable dags retrieved from /opt/airflow/dags/subdags/subdag_downloads.py
[2024-09-27T23:38:50.407+0000] {processor.py:176} INFO - Processing /opt/airflow/dags/subdags/subdag_downloads.py took 0.038 seconds
[2024-09-27T23:39:20.912+0000] {processor.py:154} INFO - Started process (PID=14091) to work on /opt/airflow/dags/subdags/subdag_downloads.py
[2024-09-27T23:39:20.913+0000] {processor.py:756} INFO - Processing file /opt/airflow/dags/subdags/subdag_downloads.py for tasks to queue
[2024-09-27T23:39:20.914+0000] {logging_mixin.py:120} INFO - [2024-09-27T23:39:20.913+0000] {dagbag.py:537} INFO - Filling up the DagBag from /opt/airflow/dags/subdags/subdag_downloads.py
[2024-09-27T23:39:20.927+0000] {processor.py:768} WARNING - No viable dags retrieved from /opt/airflow/dags/subdags/subdag_downloads.py
[2024-09-27T23:39:20.942+0000] {processor.py:176} INFO - Processing /opt/airflow/dags/subdags/subdag_downloads.py took 0.034 seconds
[2024-09-27T23:39:51.362+0000] {processor.py:154} INFO - Started process (PID=14154) to work on /opt/airflow/dags/subdags/subdag_downloads.py
[2024-09-27T23:39:51.363+0000] {processor.py:756} INFO - Processing file /opt/airflow/dags/subdags/subdag_downloads.py for tasks to queue
[2024-09-27T23:39:51.364+0000] {logging_mixin.py:120} INFO - [2024-09-27T23:39:51.364+0000] {dagbag.py:537} INFO - Filling up the DagBag from /opt/airflow/dags/subdags/subdag_downloads.py
[2024-09-27T23:39:51.378+0000] {processor.py:768} WARNING - No viable dags retrieved from /opt/airflow/dags/subdags/subdag_downloads.py
[2024-09-27T23:39:51.392+0000] {processor.py:176} INFO - Processing /opt/airflow/dags/subdags/subdag_downloads.py took 0.033 seconds
[2024-09-27T23:40:21.687+0000] {processor.py:154} INFO - Started process (PID=14226) to work on /opt/airflow/dags/subdags/subdag_downloads.py
[2024-09-27T23:40:21.688+0000] {processor.py:756} INFO - Processing file /opt/airflow/dags/subdags/subdag_downloads.py for tasks to queue
[2024-09-27T23:40:21.689+0000] {logging_mixin.py:120} INFO - [2024-09-27T23:40:21.688+0000] {dagbag.py:537} INFO - Filling up the DagBag from /opt/airflow/dags/subdags/subdag_downloads.py
[2024-09-27T23:40:21.703+0000] {processor.py:768} WARNING - No viable dags retrieved from /opt/airflow/dags/subdags/subdag_downloads.py
[2024-09-27T23:40:21.720+0000] {processor.py:176} INFO - Processing /opt/airflow/dags/subdags/subdag_downloads.py took 0.037 seconds
[2024-09-27T23:40:51.959+0000] {processor.py:154} INFO - Started process (PID=14295) to work on /opt/airflow/dags/subdags/subdag_downloads.py
[2024-09-27T23:40:51.960+0000] {processor.py:756} INFO - Processing file /opt/airflow/dags/subdags/subdag_downloads.py for tasks to queue
[2024-09-27T23:40:51.961+0000] {logging_mixin.py:120} INFO - [2024-09-27T23:40:51.961+0000] {dagbag.py:537} INFO - Filling up the DagBag from /opt/airflow/dags/subdags/subdag_downloads.py
[2024-09-27T23:40:51.975+0000] {processor.py:768} WARNING - No viable dags retrieved from /opt/airflow/dags/subdags/subdag_downloads.py
[2024-09-27T23:40:51.993+0000] {processor.py:176} INFO - Processing /opt/airflow/dags/subdags/subdag_downloads.py took 0.037 seconds
[2024-09-27T23:41:22.529+0000] {processor.py:154} INFO - Started process (PID=14358) to work on /opt/airflow/dags/subdags/subdag_downloads.py
[2024-09-27T23:41:22.530+0000] {processor.py:756} INFO - Processing file /opt/airflow/dags/subdags/subdag_downloads.py for tasks to queue
[2024-09-27T23:41:22.531+0000] {logging_mixin.py:120} INFO - [2024-09-27T23:41:22.531+0000] {dagbag.py:537} INFO - Filling up the DagBag from /opt/airflow/dags/subdags/subdag_downloads.py
[2024-09-27T23:41:22.545+0000] {processor.py:768} WARNING - No viable dags retrieved from /opt/airflow/dags/subdags/subdag_downloads.py
[2024-09-27T23:41:22.562+0000] {processor.py:176} INFO - Processing /opt/airflow/dags/subdags/subdag_downloads.py took 0.037 seconds
[2024-09-27T23:41:53.102+0000] {processor.py:154} INFO - Started process (PID=14429) to work on /opt/airflow/dags/subdags/subdag_downloads.py
[2024-09-27T23:41:53.104+0000] {processor.py:756} INFO - Processing file /opt/airflow/dags/subdags/subdag_downloads.py for tasks to queue
[2024-09-27T23:41:53.104+0000] {logging_mixin.py:120} INFO - [2024-09-27T23:41:53.104+0000] {dagbag.py:537} INFO - Filling up the DagBag from /opt/airflow/dags/subdags/subdag_downloads.py
[2024-09-27T23:41:53.118+0000] {processor.py:768} WARNING - No viable dags retrieved from /opt/airflow/dags/subdags/subdag_downloads.py
[2024-09-27T23:41:53.134+0000] {processor.py:176} INFO - Processing /opt/airflow/dags/subdags/subdag_downloads.py took 0.035 seconds
[2024-09-27T23:42:23.672+0000] {processor.py:154} INFO - Started process (PID=14501) to work on /opt/airflow/dags/subdags/subdag_downloads.py
[2024-09-27T23:42:23.674+0000] {processor.py:756} INFO - Processing file /opt/airflow/dags/subdags/subdag_downloads.py for tasks to queue
[2024-09-27T23:42:23.674+0000] {logging_mixin.py:120} INFO - [2024-09-27T23:42:23.674+0000] {dagbag.py:537} INFO - Filling up the DagBag from /opt/airflow/dags/subdags/subdag_downloads.py
[2024-09-27T23:42:23.688+0000] {processor.py:768} WARNING - No viable dags retrieved from /opt/airflow/dags/subdags/subdag_downloads.py
[2024-09-27T23:42:23.703+0000] {processor.py:176} INFO - Processing /opt/airflow/dags/subdags/subdag_downloads.py took 0.034 seconds
[2024-09-27T23:42:53.974+0000] {processor.py:154} INFO - Started process (PID=14571) to work on /opt/airflow/dags/subdags/subdag_downloads.py
[2024-09-27T23:42:53.975+0000] {processor.py:756} INFO - Processing file /opt/airflow/dags/subdags/subdag_downloads.py for tasks to queue
[2024-09-27T23:42:53.976+0000] {logging_mixin.py:120} INFO - [2024-09-27T23:42:53.976+0000] {dagbag.py:537} INFO - Filling up the DagBag from /opt/airflow/dags/subdags/subdag_downloads.py
[2024-09-27T23:42:53.997+0000] {processor.py:768} WARNING - No viable dags retrieved from /opt/airflow/dags/subdags/subdag_downloads.py
[2024-09-27T23:42:54.026+0000] {processor.py:176} INFO - Processing /opt/airflow/dags/subdags/subdag_downloads.py took 0.056 seconds
[2024-09-27T23:43:24.188+0000] {processor.py:154} INFO - Started process (PID=14636) to work on /opt/airflow/dags/subdags/subdag_downloads.py
[2024-09-27T23:43:24.191+0000] {processor.py:756} INFO - Processing file /opt/airflow/dags/subdags/subdag_downloads.py for tasks to queue
[2024-09-27T23:43:24.195+0000] {logging_mixin.py:120} INFO - [2024-09-27T23:43:24.195+0000] {dagbag.py:537} INFO - Filling up the DagBag from /opt/airflow/dags/subdags/subdag_downloads.py
[2024-09-27T23:43:24.214+0000] {processor.py:768} WARNING - No viable dags retrieved from /opt/airflow/dags/subdags/subdag_downloads.py
[2024-09-27T23:43:24.233+0000] {processor.py:176} INFO - Processing /opt/airflow/dags/subdags/subdag_downloads.py took 0.049 seconds
[2024-09-27T23:43:54.536+0000] {processor.py:154} INFO - Started process (PID=14709) to work on /opt/airflow/dags/subdags/subdag_downloads.py
[2024-09-27T23:43:54.537+0000] {processor.py:756} INFO - Processing file /opt/airflow/dags/subdags/subdag_downloads.py for tasks to queue
[2024-09-27T23:43:54.538+0000] {logging_mixin.py:120} INFO - [2024-09-27T23:43:54.538+0000] {dagbag.py:537} INFO - Filling up the DagBag from /opt/airflow/dags/subdags/subdag_downloads.py
[2024-09-27T23:43:54.554+0000] {processor.py:768} WARNING - No viable dags retrieved from /opt/airflow/dags/subdags/subdag_downloads.py
[2024-09-27T23:43:54.568+0000] {processor.py:176} INFO - Processing /opt/airflow/dags/subdags/subdag_downloads.py took 0.035 seconds
[2024-09-27T23:44:24.946+0000] {processor.py:154} INFO - Started process (PID=14781) to work on /opt/airflow/dags/subdags/subdag_downloads.py
[2024-09-27T23:44:24.948+0000] {processor.py:756} INFO - Processing file /opt/airflow/dags/subdags/subdag_downloads.py for tasks to queue
[2024-09-27T23:44:24.949+0000] {logging_mixin.py:120} INFO - [2024-09-27T23:44:24.949+0000] {dagbag.py:537} INFO - Filling up the DagBag from /opt/airflow/dags/subdags/subdag_downloads.py
[2024-09-27T23:44:24.970+0000] {processor.py:768} WARNING - No viable dags retrieved from /opt/airflow/dags/subdags/subdag_downloads.py
[2024-09-27T23:44:24.989+0000] {processor.py:176} INFO - Processing /opt/airflow/dags/subdags/subdag_downloads.py took 0.047 seconds
[2024-09-27T23:44:55.366+0000] {processor.py:154} INFO - Started process (PID=14844) to work on /opt/airflow/dags/subdags/subdag_downloads.py
[2024-09-27T23:44:55.368+0000] {processor.py:756} INFO - Processing file /opt/airflow/dags/subdags/subdag_downloads.py for tasks to queue
[2024-09-27T23:44:55.371+0000] {logging_mixin.py:120} INFO - [2024-09-27T23:44:55.370+0000] {dagbag.py:537} INFO - Filling up the DagBag from /opt/airflow/dags/subdags/subdag_downloads.py
[2024-09-27T23:44:55.386+0000] {processor.py:768} WARNING - No viable dags retrieved from /opt/airflow/dags/subdags/subdag_downloads.py
[2024-09-27T23:44:55.404+0000] {processor.py:176} INFO - Processing /opt/airflow/dags/subdags/subdag_downloads.py took 0.043 seconds
[2024-09-27T23:45:25.850+0000] {processor.py:154} INFO - Started process (PID=14916) to work on /opt/airflow/dags/subdags/subdag_downloads.py
[2024-09-27T23:45:25.853+0000] {processor.py:756} INFO - Processing file /opt/airflow/dags/subdags/subdag_downloads.py for tasks to queue
[2024-09-27T23:45:25.854+0000] {logging_mixin.py:120} INFO - [2024-09-27T23:45:25.854+0000] {dagbag.py:537} INFO - Filling up the DagBag from /opt/airflow/dags/subdags/subdag_downloads.py
[2024-09-27T23:45:25.866+0000] {processor.py:768} WARNING - No viable dags retrieved from /opt/airflow/dags/subdags/subdag_downloads.py
[2024-09-27T23:45:25.880+0000] {processor.py:176} INFO - Processing /opt/airflow/dags/subdags/subdag_downloads.py took 0.035 seconds
[2024-09-27T23:45:56.082+0000] {processor.py:154} INFO - Started process (PID=14988) to work on /opt/airflow/dags/subdags/subdag_downloads.py
[2024-09-27T23:45:56.083+0000] {processor.py:756} INFO - Processing file /opt/airflow/dags/subdags/subdag_downloads.py for tasks to queue
[2024-09-27T23:45:56.084+0000] {logging_mixin.py:120} INFO - [2024-09-27T23:45:56.084+0000] {dagbag.py:537} INFO - Filling up the DagBag from /opt/airflow/dags/subdags/subdag_downloads.py
[2024-09-27T23:45:56.101+0000] {processor.py:768} WARNING - No viable dags retrieved from /opt/airflow/dags/subdags/subdag_downloads.py
[2024-09-27T23:45:56.116+0000] {processor.py:176} INFO - Processing /opt/airflow/dags/subdags/subdag_downloads.py took 0.037 seconds
[2024-09-27T23:46:26.341+0000] {processor.py:154} INFO - Started process (PID=15051) to work on /opt/airflow/dags/subdags/subdag_downloads.py
[2024-09-27T23:46:26.343+0000] {processor.py:756} INFO - Processing file /opt/airflow/dags/subdags/subdag_downloads.py for tasks to queue
[2024-09-27T23:46:26.344+0000] {logging_mixin.py:120} INFO - [2024-09-27T23:46:26.344+0000] {dagbag.py:537} INFO - Filling up the DagBag from /opt/airflow/dags/subdags/subdag_downloads.py
[2024-09-27T23:46:26.365+0000] {processor.py:768} WARNING - No viable dags retrieved from /opt/airflow/dags/subdags/subdag_downloads.py
[2024-09-27T23:46:26.385+0000] {processor.py:176} INFO - Processing /opt/airflow/dags/subdags/subdag_downloads.py took 0.048 seconds
[2024-09-27T23:46:56.882+0000] {processor.py:154} INFO - Started process (PID=15123) to work on /opt/airflow/dags/subdags/subdag_downloads.py
[2024-09-27T23:46:56.884+0000] {processor.py:756} INFO - Processing file /opt/airflow/dags/subdags/subdag_downloads.py for tasks to queue
[2024-09-27T23:46:56.885+0000] {logging_mixin.py:120} INFO - [2024-09-27T23:46:56.885+0000] {dagbag.py:537} INFO - Filling up the DagBag from /opt/airflow/dags/subdags/subdag_downloads.py
[2024-09-27T23:46:56.904+0000] {processor.py:768} WARNING - No viable dags retrieved from /opt/airflow/dags/subdags/subdag_downloads.py
[2024-09-27T23:46:56.922+0000] {processor.py:176} INFO - Processing /opt/airflow/dags/subdags/subdag_downloads.py took 0.044 seconds
[2024-09-27T23:47:27.605+0000] {processor.py:154} INFO - Started process (PID=15195) to work on /opt/airflow/dags/subdags/subdag_downloads.py
[2024-09-27T23:47:27.628+0000] {processor.py:756} INFO - Processing file /opt/airflow/dags/subdags/subdag_downloads.py for tasks to queue
[2024-09-27T23:47:27.651+0000] {logging_mixin.py:120} INFO - [2024-09-27T23:47:27.648+0000] {dagbag.py:537} INFO - Filling up the DagBag from /opt/airflow/dags/subdags/subdag_downloads.py
[2024-09-27T23:47:27.669+0000] {processor.py:768} WARNING - No viable dags retrieved from /opt/airflow/dags/subdags/subdag_downloads.py
[2024-09-27T23:47:27.691+0000] {processor.py:176} INFO - Processing /opt/airflow/dags/subdags/subdag_downloads.py took 0.093 seconds
[2024-09-27T23:48:04.650+0000] {processor.py:154} INFO - Started process (PID=15258) to work on /opt/airflow/dags/subdags/subdag_downloads.py
[2024-09-27T23:48:04.652+0000] {processor.py:756} INFO - Processing file /opt/airflow/dags/subdags/subdag_downloads.py for tasks to queue
[2024-09-27T23:48:04.655+0000] {logging_mixin.py:120} INFO - [2024-09-27T23:48:04.654+0000] {dagbag.py:537} INFO - Filling up the DagBag from /opt/airflow/dags/subdags/subdag_downloads.py
[2024-09-27T23:48:04.711+0000] {processor.py:768} WARNING - No viable dags retrieved from /opt/airflow/dags/subdags/subdag_downloads.py
[2024-09-27T23:48:04.756+0000] {processor.py:176} INFO - Processing /opt/airflow/dags/subdags/subdag_downloads.py took 0.115 seconds
[2024-09-27T23:49:48.894+0000] {processor.py:154} INFO - Started process (PID=15295) to work on /opt/airflow/dags/subdags/subdag_downloads.py
[2024-09-27T23:49:48.896+0000] {processor.py:756} INFO - Processing file /opt/airflow/dags/subdags/subdag_downloads.py for tasks to queue
[2024-09-27T23:49:48.896+0000] {logging_mixin.py:120} INFO - [2024-09-27T23:49:48.896+0000] {dagbag.py:537} INFO - Filling up the DagBag from /opt/airflow/dags/subdags/subdag_downloads.py
[2024-09-27T23:49:48.915+0000] {processor.py:768} WARNING - No viable dags retrieved from /opt/airflow/dags/subdags/subdag_downloads.py
[2024-09-27T23:49:48.935+0000] {processor.py:176} INFO - Processing /opt/airflow/dags/subdags/subdag_downloads.py took 0.045 seconds
[2024-09-27T23:50:46.047+0000] {processor.py:154} INFO - Started process (PID=15367) to work on /opt/airflow/dags/subdags/subdag_downloads.py
[2024-09-27T23:50:46.049+0000] {processor.py:756} INFO - Processing file /opt/airflow/dags/subdags/subdag_downloads.py for tasks to queue
[2024-09-27T23:50:46.050+0000] {logging_mixin.py:120} INFO - [2024-09-27T23:50:46.050+0000] {dagbag.py:537} INFO - Filling up the DagBag from /opt/airflow/dags/subdags/subdag_downloads.py
[2024-09-27T23:50:46.080+0000] {processor.py:768} WARNING - No viable dags retrieved from /opt/airflow/dags/subdags/subdag_downloads.py
[2024-09-27T23:50:46.105+0000] {processor.py:176} INFO - Processing /opt/airflow/dags/subdags/subdag_downloads.py took 0.061 seconds
[2024-09-27T23:51:18.384+0000] {processor.py:154} INFO - Started process (PID=15431) to work on /opt/airflow/dags/subdags/subdag_downloads.py
[2024-09-27T23:51:18.397+0000] {processor.py:756} INFO - Processing file /opt/airflow/dags/subdags/subdag_downloads.py for tasks to queue
[2024-09-27T23:51:18.416+0000] {logging_mixin.py:120} INFO - [2024-09-27T23:51:18.415+0000] {dagbag.py:537} INFO - Filling up the DagBag from /opt/airflow/dags/subdags/subdag_downloads.py
[2024-09-27T23:51:18.672+0000] {processor.py:768} WARNING - No viable dags retrieved from /opt/airflow/dags/subdags/subdag_downloads.py
[2024-09-27T23:51:18.805+0000] {processor.py:176} INFO - Processing /opt/airflow/dags/subdags/subdag_downloads.py took 0.450 seconds
