[2024-09-28T00:21:49.830+0000] {taskinstance.py:1165} INFO - Dependencies all met for <TaskInstance: group_dag.check_files scheduled__2024-09-27T00:00:00+00:00 [queued]>
[2024-09-28T00:21:50.037+0000] {taskinstance.py:1165} INFO - Dependencies all met for <TaskInstance: group_dag.check_files scheduled__2024-09-27T00:00:00+00:00 [queued]>
[2024-09-28T00:21:50.039+0000] {taskinstance.py:1362} INFO - 
--------------------------------------------------------------------------------
[2024-09-28T00:21:50.042+0000] {taskinstance.py:1363} INFO - Starting attempt 1 of 1
[2024-09-28T00:21:50.048+0000] {taskinstance.py:1364} INFO - 
--------------------------------------------------------------------------------
[2024-09-28T00:21:50.385+0000] {taskinstance.py:1383} INFO - Executing <Task(BashOperator): check_files> on 2024-09-27 00:00:00+00:00
[2024-09-28T00:21:50.504+0000] {standard_task_runner.py:55} INFO - Started process 5517 to run task
[2024-09-28T00:21:50.603+0000] {standard_task_runner.py:82} INFO - Running: ['***', 'tasks', 'run', 'group_dag', 'check_files', 'scheduled__2024-09-27T00:00:00+00:00', '--job-id', '49', '--raw', '--subdir', 'DAGS_FOLDER/group_dag.py', '--cfg-path', '/tmp/tmpiljylqc2']
[2024-09-28T00:21:50.611+0000] {standard_task_runner.py:83} INFO - Job 49: Subtask check_files
[2024-09-28T00:21:51.630+0000] {task_command.py:376} INFO - Running <TaskInstance: group_dag.check_files scheduled__2024-09-27T00:00:00+00:00 [running]> on host 7c70f6053b6c
[2024-09-28T00:21:52.645+0000] {taskinstance.py:1592} INFO - Exporting the following env vars:
AIRFLOW_CTX_DAG_OWNER=***
AIRFLOW_CTX_DAG_ID=group_dag
AIRFLOW_CTX_TASK_ID=check_files
AIRFLOW_CTX_EXECUTION_DATE=2024-09-27T00:00:00+00:00
AIRFLOW_CTX_TRY_NUMBER=1
AIRFLOW_CTX_DAG_RUN_ID=scheduled__2024-09-27T00:00:00+00:00
[2024-09-28T00:21:52.659+0000] {subprocess.py:63} INFO - Tmp dir root location: 
 /tmp
[2024-09-28T00:21:52.666+0000] {subprocess.py:75} INFO - Running command: ['/bin/bash', '-c', 'sleep 10']
[2024-09-28T00:21:52.744+0000] {subprocess.py:86} INFO - Output:
[2024-09-28T00:22:02.779+0000] {subprocess.py:97} INFO - Command exited with return code 0
[2024-09-28T00:22:03.089+0000] {taskinstance.py:1406} INFO - Marking task as SUCCESS. dag_id=group_dag, task_id=check_files, execution_date=20240927T000000, start_date=20240928T002149, end_date=20240928T002203
[2024-09-28T00:22:03.265+0000] {local_task_job.py:164} INFO - Task exited with return code 0
[2024-09-28T00:22:03.514+0000] {local_task_job.py:273} INFO - 3 downstream tasks scheduled from follow-on schedule check
