[2024-09-27T23:26:20.839+0000] {processor.py:154} INFO - Started process (PID=12321) to work on /opt/airflow/dags/xcom_dag.py
[2024-09-27T23:26:20.840+0000] {processor.py:756} INFO - Processing file /opt/airflow/dags/xcom_dag.py for tasks to queue
[2024-09-27T23:26:20.842+0000] {logging_mixin.py:120} INFO - [2024-09-27T23:26:20.841+0000] {dagbag.py:537} INFO - Filling up the DagBag from /opt/airflow/dags/xcom_dag.py
[2024-09-27T23:26:20.878+0000] {processor.py:766} INFO - DAG(s) dict_keys(['xcom_dag']) retrieved from /opt/airflow/dags/xcom_dag.py
[2024-09-27T23:26:21.026+0000] {logging_mixin.py:120} INFO - [2024-09-27T23:26:21.026+0000] {manager.py:507} INFO - Created Permission View: can read on DAG:xcom_dag
[2024-09-27T23:26:21.036+0000] {logging_mixin.py:120} INFO - [2024-09-27T23:26:21.036+0000] {manager.py:507} INFO - Created Permission View: can edit on DAG:xcom_dag
[2024-09-27T23:26:21.043+0000] {logging_mixin.py:120} INFO - [2024-09-27T23:26:21.043+0000] {manager.py:507} INFO - Created Permission View: can delete on DAG:xcom_dag
[2024-09-27T23:26:21.044+0000] {logging_mixin.py:120} INFO - [2024-09-27T23:26:21.044+0000] {dag.py:2585} INFO - Sync 1 DAGs
[2024-09-27T23:26:21.060+0000] {logging_mixin.py:120} INFO - [2024-09-27T23:26:21.060+0000] {dag.py:2606} INFO - Creating ORM DAG for xcom_dag
[2024-09-27T23:26:21.074+0000] {logging_mixin.py:120} INFO - [2024-09-27T23:26:21.074+0000] {dag.py:3340} INFO - Setting next_dagrun for xcom_dag to 2024-09-26T00:00:00+00:00, run_after=2024-09-27T00:00:00+00:00
[2024-09-27T23:26:21.096+0000] {processor.py:176} INFO - Processing /opt/airflow/dags/xcom_dag.py took 0.261 seconds
[2024-09-27T23:26:51.443+0000] {processor.py:154} INFO - Started process (PID=12384) to work on /opt/airflow/dags/xcom_dag.py
[2024-09-27T23:26:51.444+0000] {processor.py:756} INFO - Processing file /opt/airflow/dags/xcom_dag.py for tasks to queue
[2024-09-27T23:26:51.446+0000] {logging_mixin.py:120} INFO - [2024-09-27T23:26:51.446+0000] {dagbag.py:537} INFO - Filling up the DagBag from /opt/airflow/dags/xcom_dag.py
[2024-09-27T23:26:51.472+0000] {processor.py:766} INFO - DAG(s) dict_keys(['xcom_dag']) retrieved from /opt/airflow/dags/xcom_dag.py
[2024-09-27T23:26:51.524+0000] {logging_mixin.py:120} INFO - [2024-09-27T23:26:51.524+0000] {dag.py:2585} INFO - Sync 1 DAGs
[2024-09-27T23:26:51.563+0000] {logging_mixin.py:120} INFO - [2024-09-27T23:26:51.562+0000] {dag.py:3340} INFO - Setting next_dagrun for xcom_dag to 2024-09-26T00:00:00+00:00, run_after=2024-09-27T00:00:00+00:00
[2024-09-27T23:26:51.589+0000] {processor.py:176} INFO - Processing /opt/airflow/dags/xcom_dag.py took 0.150 seconds
[2024-09-27T23:27:21.861+0000] {processor.py:154} INFO - Started process (PID=12455) to work on /opt/airflow/dags/xcom_dag.py
[2024-09-27T23:27:21.862+0000] {processor.py:756} INFO - Processing file /opt/airflow/dags/xcom_dag.py for tasks to queue
[2024-09-27T23:27:21.863+0000] {logging_mixin.py:120} INFO - [2024-09-27T23:27:21.863+0000] {dagbag.py:537} INFO - Filling up the DagBag from /opt/airflow/dags/xcom_dag.py
[2024-09-27T23:27:21.892+0000] {processor.py:766} INFO - DAG(s) dict_keys(['xcom_dag']) retrieved from /opt/airflow/dags/xcom_dag.py
[2024-09-27T23:27:21.952+0000] {logging_mixin.py:120} INFO - [2024-09-27T23:27:21.952+0000] {dag.py:2585} INFO - Sync 1 DAGs
[2024-09-27T23:27:21.988+0000] {logging_mixin.py:120} INFO - [2024-09-27T23:27:21.988+0000] {dag.py:3340} INFO - Setting next_dagrun for xcom_dag to 2024-09-26T00:00:00+00:00, run_after=2024-09-27T00:00:00+00:00
[2024-09-27T23:27:22.020+0000] {processor.py:176} INFO - Processing /opt/airflow/dags/xcom_dag.py took 0.163 seconds
[2024-09-27T23:27:52.300+0000] {processor.py:154} INFO - Started process (PID=12523) to work on /opt/airflow/dags/xcom_dag.py
[2024-09-27T23:27:52.301+0000] {processor.py:756} INFO - Processing file /opt/airflow/dags/xcom_dag.py for tasks to queue
[2024-09-27T23:27:52.302+0000] {logging_mixin.py:120} INFO - [2024-09-27T23:27:52.301+0000] {dagbag.py:537} INFO - Filling up the DagBag from /opt/airflow/dags/xcom_dag.py
[2024-09-27T23:27:52.327+0000] {processor.py:766} INFO - DAG(s) dict_keys(['xcom_dag']) retrieved from /opt/airflow/dags/xcom_dag.py
[2024-09-27T23:27:52.379+0000] {logging_mixin.py:120} INFO - [2024-09-27T23:27:52.379+0000] {dag.py:2585} INFO - Sync 1 DAGs
[2024-09-27T23:27:52.413+0000] {logging_mixin.py:120} INFO - [2024-09-27T23:27:52.413+0000] {dag.py:3340} INFO - Setting next_dagrun for xcom_dag to 2024-09-26T00:00:00+00:00, run_after=2024-09-27T00:00:00+00:00
[2024-09-27T23:27:52.434+0000] {processor.py:176} INFO - Processing /opt/airflow/dags/xcom_dag.py took 0.139 seconds
[2024-09-27T23:28:22.540+0000] {processor.py:154} INFO - Started process (PID=12586) to work on /opt/airflow/dags/xcom_dag.py
[2024-09-27T23:28:22.541+0000] {processor.py:756} INFO - Processing file /opt/airflow/dags/xcom_dag.py for tasks to queue
[2024-09-27T23:28:22.542+0000] {logging_mixin.py:120} INFO - [2024-09-27T23:28:22.542+0000] {dagbag.py:537} INFO - Filling up the DagBag from /opt/airflow/dags/xcom_dag.py
[2024-09-27T23:28:22.576+0000] {processor.py:766} INFO - DAG(s) dict_keys(['xcom_dag']) retrieved from /opt/airflow/dags/xcom_dag.py
[2024-09-27T23:28:22.634+0000] {logging_mixin.py:120} INFO - [2024-09-27T23:28:22.634+0000] {dag.py:2585} INFO - Sync 1 DAGs
[2024-09-27T23:28:22.672+0000] {logging_mixin.py:120} INFO - [2024-09-27T23:28:22.672+0000] {dag.py:3340} INFO - Setting next_dagrun for xcom_dag to 2024-09-26T00:00:00+00:00, run_after=2024-09-27T00:00:00+00:00
[2024-09-27T23:28:22.700+0000] {processor.py:176} INFO - Processing /opt/airflow/dags/xcom_dag.py took 0.164 seconds
[2024-09-27T23:28:52.741+0000] {processor.py:154} INFO - Started process (PID=12656) to work on /opt/airflow/dags/xcom_dag.py
[2024-09-27T23:28:52.742+0000] {processor.py:756} INFO - Processing file /opt/airflow/dags/xcom_dag.py for tasks to queue
[2024-09-27T23:28:52.743+0000] {logging_mixin.py:120} INFO - [2024-09-27T23:28:52.743+0000] {dagbag.py:537} INFO - Filling up the DagBag from /opt/airflow/dags/xcom_dag.py
[2024-09-27T23:28:52.769+0000] {processor.py:766} INFO - DAG(s) dict_keys(['xcom_dag']) retrieved from /opt/airflow/dags/xcom_dag.py
[2024-09-27T23:28:52.823+0000] {logging_mixin.py:120} INFO - [2024-09-27T23:28:52.823+0000] {dag.py:2585} INFO - Sync 1 DAGs
[2024-09-27T23:28:52.864+0000] {logging_mixin.py:120} INFO - [2024-09-27T23:28:52.864+0000] {dag.py:3340} INFO - Setting next_dagrun for xcom_dag to 2024-09-26T00:00:00+00:00, run_after=2024-09-27T00:00:00+00:00
[2024-09-27T23:28:52.890+0000] {processor.py:176} INFO - Processing /opt/airflow/dags/xcom_dag.py took 0.153 seconds
[2024-09-27T23:29:22.989+0000] {processor.py:154} INFO - Started process (PID=12728) to work on /opt/airflow/dags/xcom_dag.py
[2024-09-27T23:29:22.990+0000] {processor.py:756} INFO - Processing file /opt/airflow/dags/xcom_dag.py for tasks to queue
[2024-09-27T23:29:22.991+0000] {logging_mixin.py:120} INFO - [2024-09-27T23:29:22.991+0000] {dagbag.py:537} INFO - Filling up the DagBag from /opt/airflow/dags/xcom_dag.py
[2024-09-27T23:29:23.011+0000] {processor.py:766} INFO - DAG(s) dict_keys(['xcom_dag']) retrieved from /opt/airflow/dags/xcom_dag.py
[2024-09-27T23:29:23.054+0000] {logging_mixin.py:120} INFO - [2024-09-27T23:29:23.053+0000] {dag.py:2585} INFO - Sync 1 DAGs
[2024-09-27T23:29:23.083+0000] {logging_mixin.py:120} INFO - [2024-09-27T23:29:23.083+0000] {dag.py:3340} INFO - Setting next_dagrun for xcom_dag to 2024-09-26T00:00:00+00:00, run_after=2024-09-27T00:00:00+00:00
[2024-09-27T23:29:23.103+0000] {processor.py:176} INFO - Processing /opt/airflow/dags/xcom_dag.py took 0.117 seconds
[2024-09-27T23:29:53.444+0000] {processor.py:154} INFO - Started process (PID=12789) to work on /opt/airflow/dags/xcom_dag.py
[2024-09-27T23:29:53.445+0000] {processor.py:756} INFO - Processing file /opt/airflow/dags/xcom_dag.py for tasks to queue
[2024-09-27T23:29:53.446+0000] {logging_mixin.py:120} INFO - [2024-09-27T23:29:53.446+0000] {dagbag.py:537} INFO - Filling up the DagBag from /opt/airflow/dags/xcom_dag.py
[2024-09-27T23:29:53.466+0000] {processor.py:766} INFO - DAG(s) dict_keys(['xcom_dag']) retrieved from /opt/airflow/dags/xcom_dag.py
[2024-09-27T23:29:53.506+0000] {logging_mixin.py:120} INFO - [2024-09-27T23:29:53.506+0000] {dag.py:2585} INFO - Sync 1 DAGs
[2024-09-27T23:29:53.532+0000] {logging_mixin.py:120} INFO - [2024-09-27T23:29:53.532+0000] {dag.py:3340} INFO - Setting next_dagrun for xcom_dag to 2024-09-26T00:00:00+00:00, run_after=2024-09-27T00:00:00+00:00
[2024-09-27T23:29:53.549+0000] {processor.py:176} INFO - Processing /opt/airflow/dags/xcom_dag.py took 0.108 seconds
[2024-09-27T23:30:24.200+0000] {processor.py:154} INFO - Started process (PID=12861) to work on /opt/airflow/dags/xcom_dag.py
[2024-09-27T23:30:24.201+0000] {processor.py:756} INFO - Processing file /opt/airflow/dags/xcom_dag.py for tasks to queue
[2024-09-27T23:30:24.202+0000] {logging_mixin.py:120} INFO - [2024-09-27T23:30:24.202+0000] {dagbag.py:537} INFO - Filling up the DagBag from /opt/airflow/dags/xcom_dag.py
[2024-09-27T23:30:24.225+0000] {processor.py:766} INFO - DAG(s) dict_keys(['xcom_dag']) retrieved from /opt/airflow/dags/xcom_dag.py
[2024-09-27T23:30:24.265+0000] {logging_mixin.py:120} INFO - [2024-09-27T23:30:24.265+0000] {dag.py:2585} INFO - Sync 1 DAGs
[2024-09-27T23:30:24.292+0000] {logging_mixin.py:120} INFO - [2024-09-27T23:30:24.292+0000] {dag.py:3340} INFO - Setting next_dagrun for xcom_dag to 2024-09-26T00:00:00+00:00, run_after=2024-09-27T00:00:00+00:00
[2024-09-27T23:30:24.311+0000] {processor.py:176} INFO - Processing /opt/airflow/dags/xcom_dag.py took 0.114 seconds
[2024-09-27T23:30:54.612+0000] {processor.py:154} INFO - Started process (PID=12933) to work on /opt/airflow/dags/xcom_dag.py
[2024-09-27T23:30:54.613+0000] {processor.py:756} INFO - Processing file /opt/airflow/dags/xcom_dag.py for tasks to queue
[2024-09-27T23:30:54.614+0000] {logging_mixin.py:120} INFO - [2024-09-27T23:30:54.614+0000] {dagbag.py:537} INFO - Filling up the DagBag from /opt/airflow/dags/xcom_dag.py
[2024-09-27T23:30:54.638+0000] {processor.py:766} INFO - DAG(s) dict_keys(['xcom_dag']) retrieved from /opt/airflow/dags/xcom_dag.py
[2024-09-27T23:30:54.679+0000] {logging_mixin.py:120} INFO - [2024-09-27T23:30:54.679+0000] {dag.py:2585} INFO - Sync 1 DAGs
[2024-09-27T23:30:54.705+0000] {logging_mixin.py:120} INFO - [2024-09-27T23:30:54.705+0000] {dag.py:3340} INFO - Setting next_dagrun for xcom_dag to 2024-09-26T00:00:00+00:00, run_after=2024-09-27T00:00:00+00:00
[2024-09-27T23:30:54.725+0000] {processor.py:176} INFO - Processing /opt/airflow/dags/xcom_dag.py took 0.117 seconds
[2024-09-27T23:31:25.098+0000] {processor.py:154} INFO - Started process (PID=13004) to work on /opt/airflow/dags/xcom_dag.py
[2024-09-27T23:31:25.099+0000] {processor.py:756} INFO - Processing file /opt/airflow/dags/xcom_dag.py for tasks to queue
[2024-09-27T23:31:25.100+0000] {logging_mixin.py:120} INFO - [2024-09-27T23:31:25.100+0000] {dagbag.py:537} INFO - Filling up the DagBag from /opt/airflow/dags/xcom_dag.py
[2024-09-27T23:31:25.125+0000] {processor.py:766} INFO - DAG(s) dict_keys(['xcom_dag']) retrieved from /opt/airflow/dags/xcom_dag.py
[2024-09-27T23:31:25.181+0000] {logging_mixin.py:120} INFO - [2024-09-27T23:31:25.181+0000] {dag.py:2585} INFO - Sync 1 DAGs
[2024-09-27T23:31:25.219+0000] {logging_mixin.py:120} INFO - [2024-09-27T23:31:25.219+0000] {dag.py:3340} INFO - Setting next_dagrun for xcom_dag to 2024-09-26T00:00:00+00:00, run_after=2024-09-27T00:00:00+00:00
[2024-09-27T23:31:25.247+0000] {processor.py:176} INFO - Processing /opt/airflow/dags/xcom_dag.py took 0.153 seconds
[2024-09-27T23:31:55.636+0000] {processor.py:154} INFO - Started process (PID=13067) to work on /opt/airflow/dags/xcom_dag.py
[2024-09-27T23:31:55.637+0000] {processor.py:756} INFO - Processing file /opt/airflow/dags/xcom_dag.py for tasks to queue
[2024-09-27T23:31:55.638+0000] {logging_mixin.py:120} INFO - [2024-09-27T23:31:55.638+0000] {dagbag.py:537} INFO - Filling up the DagBag from /opt/airflow/dags/xcom_dag.py
[2024-09-27T23:31:55.661+0000] {processor.py:766} INFO - DAG(s) dict_keys(['xcom_dag']) retrieved from /opt/airflow/dags/xcom_dag.py
[2024-09-27T23:31:55.705+0000] {logging_mixin.py:120} INFO - [2024-09-27T23:31:55.705+0000] {dag.py:2585} INFO - Sync 1 DAGs
[2024-09-27T23:31:55.737+0000] {logging_mixin.py:120} INFO - [2024-09-27T23:31:55.737+0000] {dag.py:3340} INFO - Setting next_dagrun for xcom_dag to 2024-09-26T00:00:00+00:00, run_after=2024-09-27T00:00:00+00:00
[2024-09-27T23:31:55.756+0000] {processor.py:176} INFO - Processing /opt/airflow/dags/xcom_dag.py took 0.123 seconds
[2024-09-27T23:32:26.400+0000] {processor.py:154} INFO - Started process (PID=13138) to work on /opt/airflow/dags/xcom_dag.py
[2024-09-27T23:32:26.401+0000] {processor.py:756} INFO - Processing file /opt/airflow/dags/xcom_dag.py for tasks to queue
[2024-09-27T23:32:26.402+0000] {logging_mixin.py:120} INFO - [2024-09-27T23:32:26.402+0000] {dagbag.py:537} INFO - Filling up the DagBag from /opt/airflow/dags/xcom_dag.py
[2024-09-27T23:32:26.430+0000] {processor.py:766} INFO - DAG(s) dict_keys(['xcom_dag']) retrieved from /opt/airflow/dags/xcom_dag.py
[2024-09-27T23:32:26.471+0000] {logging_mixin.py:120} INFO - [2024-09-27T23:32:26.471+0000] {dag.py:2585} INFO - Sync 1 DAGs
[2024-09-27T23:32:26.498+0000] {logging_mixin.py:120} INFO - [2024-09-27T23:32:26.498+0000] {dag.py:3340} INFO - Setting next_dagrun for xcom_dag to 2024-09-26T00:00:00+00:00, run_after=2024-09-27T00:00:00+00:00
[2024-09-27T23:32:26.517+0000] {processor.py:176} INFO - Processing /opt/airflow/dags/xcom_dag.py took 0.122 seconds
[2024-09-27T23:32:56.956+0000] {processor.py:154} INFO - Started process (PID=13210) to work on /opt/airflow/dags/xcom_dag.py
[2024-09-27T23:32:56.957+0000] {processor.py:756} INFO - Processing file /opt/airflow/dags/xcom_dag.py for tasks to queue
[2024-09-27T23:32:56.958+0000] {logging_mixin.py:120} INFO - [2024-09-27T23:32:56.958+0000] {dagbag.py:537} INFO - Filling up the DagBag from /opt/airflow/dags/xcom_dag.py
[2024-09-27T23:32:56.978+0000] {processor.py:766} INFO - DAG(s) dict_keys(['xcom_dag']) retrieved from /opt/airflow/dags/xcom_dag.py
[2024-09-27T23:32:57.019+0000] {logging_mixin.py:120} INFO - [2024-09-27T23:32:57.019+0000] {dag.py:2585} INFO - Sync 1 DAGs
[2024-09-27T23:32:57.048+0000] {logging_mixin.py:120} INFO - [2024-09-27T23:32:57.048+0000] {dag.py:3340} INFO - Setting next_dagrun for xcom_dag to 2024-09-26T00:00:00+00:00, run_after=2024-09-27T00:00:00+00:00
[2024-09-27T23:32:57.066+0000] {processor.py:176} INFO - Processing /opt/airflow/dags/xcom_dag.py took 0.114 seconds
[2024-09-27T23:33:27.224+0000] {processor.py:154} INFO - Started process (PID=13273) to work on /opt/airflow/dags/xcom_dag.py
[2024-09-27T23:33:27.225+0000] {processor.py:756} INFO - Processing file /opt/airflow/dags/xcom_dag.py for tasks to queue
[2024-09-27T23:33:27.226+0000] {logging_mixin.py:120} INFO - [2024-09-27T23:33:27.226+0000] {dagbag.py:537} INFO - Filling up the DagBag from /opt/airflow/dags/xcom_dag.py
[2024-09-27T23:33:27.247+0000] {processor.py:766} INFO - DAG(s) dict_keys(['xcom_dag']) retrieved from /opt/airflow/dags/xcom_dag.py
[2024-09-27T23:33:27.287+0000] {logging_mixin.py:120} INFO - [2024-09-27T23:33:27.287+0000] {dag.py:2585} INFO - Sync 1 DAGs
[2024-09-27T23:33:27.312+0000] {logging_mixin.py:120} INFO - [2024-09-27T23:33:27.312+0000] {dag.py:3340} INFO - Setting next_dagrun for xcom_dag to 2024-09-26T00:00:00+00:00, run_after=2024-09-27T00:00:00+00:00
[2024-09-27T23:33:27.330+0000] {processor.py:176} INFO - Processing /opt/airflow/dags/xcom_dag.py took 0.109 seconds
[2024-09-27T23:33:57.576+0000] {processor.py:154} INFO - Started process (PID=13346) to work on /opt/airflow/dags/xcom_dag.py
[2024-09-27T23:33:57.577+0000] {processor.py:756} INFO - Processing file /opt/airflow/dags/xcom_dag.py for tasks to queue
[2024-09-27T23:33:57.578+0000] {logging_mixin.py:120} INFO - [2024-09-27T23:33:57.578+0000] {dagbag.py:537} INFO - Filling up the DagBag from /opt/airflow/dags/xcom_dag.py
[2024-09-27T23:33:57.606+0000] {processor.py:766} INFO - DAG(s) dict_keys(['xcom_dag']) retrieved from /opt/airflow/dags/xcom_dag.py
[2024-09-27T23:33:57.660+0000] {logging_mixin.py:120} INFO - [2024-09-27T23:33:57.660+0000] {dag.py:2585} INFO - Sync 1 DAGs
[2024-09-27T23:33:57.689+0000] {logging_mixin.py:120} INFO - [2024-09-27T23:33:57.689+0000] {dag.py:3340} INFO - Setting next_dagrun for xcom_dag to 2024-09-26T00:00:00+00:00, run_after=2024-09-27T00:00:00+00:00
[2024-09-27T23:33:57.708+0000] {processor.py:176} INFO - Processing /opt/airflow/dags/xcom_dag.py took 0.136 seconds
[2024-09-27T23:34:27.776+0000] {processor.py:154} INFO - Started process (PID=13418) to work on /opt/airflow/dags/xcom_dag.py
[2024-09-27T23:34:27.777+0000] {processor.py:756} INFO - Processing file /opt/airflow/dags/xcom_dag.py for tasks to queue
[2024-09-27T23:34:27.778+0000] {logging_mixin.py:120} INFO - [2024-09-27T23:34:27.778+0000] {dagbag.py:537} INFO - Filling up the DagBag from /opt/airflow/dags/xcom_dag.py
[2024-09-27T23:34:27.805+0000] {processor.py:766} INFO - DAG(s) dict_keys(['xcom_dag']) retrieved from /opt/airflow/dags/xcom_dag.py
[2024-09-27T23:34:27.861+0000] {logging_mixin.py:120} INFO - [2024-09-27T23:34:27.860+0000] {dag.py:2585} INFO - Sync 1 DAGs
[2024-09-27T23:34:27.900+0000] {logging_mixin.py:120} INFO - [2024-09-27T23:34:27.900+0000] {dag.py:3340} INFO - Setting next_dagrun for xcom_dag to 2024-09-26T00:00:00+00:00, run_after=2024-09-27T00:00:00+00:00
[2024-09-27T23:34:27.928+0000] {processor.py:176} INFO - Processing /opt/airflow/dags/xcom_dag.py took 0.155 seconds
[2024-09-27T23:34:57.969+0000] {processor.py:154} INFO - Started process (PID=13488) to work on /opt/airflow/dags/xcom_dag.py
[2024-09-27T23:34:57.970+0000] {processor.py:756} INFO - Processing file /opt/airflow/dags/xcom_dag.py for tasks to queue
[2024-09-27T23:34:57.971+0000] {logging_mixin.py:120} INFO - [2024-09-27T23:34:57.971+0000] {dagbag.py:537} INFO - Filling up the DagBag from /opt/airflow/dags/xcom_dag.py
[2024-09-27T23:34:57.995+0000] {processor.py:766} INFO - DAG(s) dict_keys(['xcom_dag']) retrieved from /opt/airflow/dags/xcom_dag.py
[2024-09-27T23:34:58.042+0000] {logging_mixin.py:120} INFO - [2024-09-27T23:34:58.042+0000] {dag.py:2585} INFO - Sync 1 DAGs
[2024-09-27T23:34:58.074+0000] {logging_mixin.py:120} INFO - [2024-09-27T23:34:58.074+0000] {dag.py:3340} INFO - Setting next_dagrun for xcom_dag to 2024-09-26T00:00:00+00:00, run_after=2024-09-27T00:00:00+00:00
[2024-09-27T23:34:58.098+0000] {processor.py:176} INFO - Processing /opt/airflow/dags/xcom_dag.py took 0.133 seconds
[2024-09-27T23:35:28.417+0000] {processor.py:154} INFO - Started process (PID=13553) to work on /opt/airflow/dags/xcom_dag.py
[2024-09-27T23:35:28.418+0000] {processor.py:756} INFO - Processing file /opt/airflow/dags/xcom_dag.py for tasks to queue
[2024-09-27T23:35:28.420+0000] {logging_mixin.py:120} INFO - [2024-09-27T23:35:28.420+0000] {dagbag.py:537} INFO - Filling up the DagBag from /opt/airflow/dags/xcom_dag.py
[2024-09-27T23:35:28.453+0000] {processor.py:766} INFO - DAG(s) dict_keys(['xcom_dag']) retrieved from /opt/airflow/dags/xcom_dag.py
[2024-09-27T23:35:28.514+0000] {logging_mixin.py:120} INFO - [2024-09-27T23:35:28.514+0000] {dag.py:2585} INFO - Sync 1 DAGs
[2024-09-27T23:35:28.551+0000] {logging_mixin.py:120} INFO - [2024-09-27T23:35:28.551+0000] {dag.py:3340} INFO - Setting next_dagrun for xcom_dag to 2024-09-26T00:00:00+00:00, run_after=2024-09-27T00:00:00+00:00
[2024-09-27T23:35:28.576+0000] {processor.py:176} INFO - Processing /opt/airflow/dags/xcom_dag.py took 0.165 seconds
[2024-09-27T23:35:58.689+0000] {processor.py:154} INFO - Started process (PID=13625) to work on /opt/airflow/dags/xcom_dag.py
[2024-09-27T23:35:58.691+0000] {processor.py:756} INFO - Processing file /opt/airflow/dags/xcom_dag.py for tasks to queue
[2024-09-27T23:35:58.692+0000] {logging_mixin.py:120} INFO - [2024-09-27T23:35:58.691+0000] {dagbag.py:537} INFO - Filling up the DagBag from /opt/airflow/dags/xcom_dag.py
[2024-09-27T23:35:58.713+0000] {processor.py:766} INFO - DAG(s) dict_keys(['xcom_dag']) retrieved from /opt/airflow/dags/xcom_dag.py
[2024-09-27T23:35:58.753+0000] {logging_mixin.py:120} INFO - [2024-09-27T23:35:58.753+0000] {dag.py:2585} INFO - Sync 1 DAGs
[2024-09-27T23:35:58.781+0000] {logging_mixin.py:120} INFO - [2024-09-27T23:35:58.780+0000] {dag.py:3340} INFO - Setting next_dagrun for xcom_dag to 2024-09-26T00:00:00+00:00, run_after=2024-09-27T00:00:00+00:00
[2024-09-27T23:35:58.804+0000] {processor.py:176} INFO - Processing /opt/airflow/dags/xcom_dag.py took 0.120 seconds
[2024-09-27T23:36:28.845+0000] {processor.py:154} INFO - Started process (PID=13687) to work on /opt/airflow/dags/xcom_dag.py
[2024-09-27T23:36:28.846+0000] {processor.py:756} INFO - Processing file /opt/airflow/dags/xcom_dag.py for tasks to queue
[2024-09-27T23:36:28.847+0000] {logging_mixin.py:120} INFO - [2024-09-27T23:36:28.847+0000] {dagbag.py:537} INFO - Filling up the DagBag from /opt/airflow/dags/xcom_dag.py
[2024-09-27T23:36:28.868+0000] {processor.py:766} INFO - DAG(s) dict_keys(['xcom_dag']) retrieved from /opt/airflow/dags/xcom_dag.py
[2024-09-27T23:36:28.911+0000] {logging_mixin.py:120} INFO - [2024-09-27T23:36:28.910+0000] {dag.py:2585} INFO - Sync 1 DAGs
[2024-09-27T23:36:28.939+0000] {logging_mixin.py:120} INFO - [2024-09-27T23:36:28.939+0000] {dag.py:3340} INFO - Setting next_dagrun for xcom_dag to 2024-09-26T00:00:00+00:00, run_after=2024-09-27T00:00:00+00:00
[2024-09-27T23:36:28.960+0000] {processor.py:176} INFO - Processing /opt/airflow/dags/xcom_dag.py took 0.118 seconds
[2024-09-27T23:36:59.556+0000] {processor.py:154} INFO - Started process (PID=13758) to work on /opt/airflow/dags/xcom_dag.py
[2024-09-27T23:36:59.557+0000] {processor.py:756} INFO - Processing file /opt/airflow/dags/xcom_dag.py for tasks to queue
[2024-09-27T23:36:59.557+0000] {logging_mixin.py:120} INFO - [2024-09-27T23:36:59.557+0000] {dagbag.py:537} INFO - Filling up the DagBag from /opt/airflow/dags/xcom_dag.py
[2024-09-27T23:36:59.583+0000] {processor.py:766} INFO - DAG(s) dict_keys(['xcom_dag']) retrieved from /opt/airflow/dags/xcom_dag.py
[2024-09-27T23:36:59.630+0000] {logging_mixin.py:120} INFO - [2024-09-27T23:36:59.629+0000] {dag.py:2585} INFO - Sync 1 DAGs
[2024-09-27T23:36:59.656+0000] {logging_mixin.py:120} INFO - [2024-09-27T23:36:59.656+0000] {dag.py:3340} INFO - Setting next_dagrun for xcom_dag to 2024-09-26T00:00:00+00:00, run_after=2024-09-27T00:00:00+00:00
[2024-09-27T23:36:59.675+0000] {processor.py:176} INFO - Processing /opt/airflow/dags/xcom_dag.py took 0.123 seconds
[2024-09-27T23:37:29.971+0000] {processor.py:154} INFO - Started process (PID=13830) to work on /opt/airflow/dags/xcom_dag.py
[2024-09-27T23:37:29.972+0000] {processor.py:756} INFO - Processing file /opt/airflow/dags/xcom_dag.py for tasks to queue
[2024-09-27T23:37:29.973+0000] {logging_mixin.py:120} INFO - [2024-09-27T23:37:29.973+0000] {dagbag.py:537} INFO - Filling up the DagBag from /opt/airflow/dags/xcom_dag.py
[2024-09-27T23:37:29.996+0000] {processor.py:766} INFO - DAG(s) dict_keys(['xcom_dag']) retrieved from /opt/airflow/dags/xcom_dag.py
[2024-09-27T23:37:30.036+0000] {logging_mixin.py:120} INFO - [2024-09-27T23:37:30.035+0000] {dag.py:2585} INFO - Sync 1 DAGs
[2024-09-27T23:37:30.062+0000] {logging_mixin.py:120} INFO - [2024-09-27T23:37:30.062+0000] {dag.py:3340} INFO - Setting next_dagrun for xcom_dag to 2024-09-26T00:00:00+00:00, run_after=2024-09-27T00:00:00+00:00
[2024-09-27T23:37:30.085+0000] {processor.py:176} INFO - Processing /opt/airflow/dags/xcom_dag.py took 0.117 seconds
[2024-09-27T23:38:00.192+0000] {processor.py:154} INFO - Started process (PID=13902) to work on /opt/airflow/dags/xcom_dag.py
[2024-09-27T23:38:00.193+0000] {processor.py:756} INFO - Processing file /opt/airflow/dags/xcom_dag.py for tasks to queue
[2024-09-27T23:38:00.194+0000] {logging_mixin.py:120} INFO - [2024-09-27T23:38:00.194+0000] {dagbag.py:537} INFO - Filling up the DagBag from /opt/airflow/dags/xcom_dag.py
[2024-09-27T23:38:00.218+0000] {processor.py:766} INFO - DAG(s) dict_keys(['xcom_dag']) retrieved from /opt/airflow/dags/xcom_dag.py
[2024-09-27T23:38:00.265+0000] {logging_mixin.py:120} INFO - [2024-09-27T23:38:00.265+0000] {dag.py:2585} INFO - Sync 1 DAGs
[2024-09-27T23:38:00.313+0000] {logging_mixin.py:120} INFO - [2024-09-27T23:38:00.313+0000] {dag.py:3340} INFO - Setting next_dagrun for xcom_dag to 2024-09-26T00:00:00+00:00, run_after=2024-09-27T00:00:00+00:00
[2024-09-27T23:38:00.340+0000] {processor.py:176} INFO - Processing /opt/airflow/dags/xcom_dag.py took 0.152 seconds
[2024-09-27T23:38:30.406+0000] {processor.py:154} INFO - Started process (PID=13965) to work on /opt/airflow/dags/xcom_dag.py
[2024-09-27T23:38:30.408+0000] {processor.py:756} INFO - Processing file /opt/airflow/dags/xcom_dag.py for tasks to queue
[2024-09-27T23:38:30.408+0000] {logging_mixin.py:120} INFO - [2024-09-27T23:38:30.408+0000] {dagbag.py:537} INFO - Filling up the DagBag from /opt/airflow/dags/xcom_dag.py
[2024-09-27T23:38:30.434+0000] {processor.py:766} INFO - DAG(s) dict_keys(['xcom_dag']) retrieved from /opt/airflow/dags/xcom_dag.py
[2024-09-27T23:38:30.489+0000] {logging_mixin.py:120} INFO - [2024-09-27T23:38:30.489+0000] {dag.py:2585} INFO - Sync 1 DAGs
[2024-09-27T23:38:30.525+0000] {logging_mixin.py:120} INFO - [2024-09-27T23:38:30.525+0000] {dag.py:3340} INFO - Setting next_dagrun for xcom_dag to 2024-09-26T00:00:00+00:00, run_after=2024-09-27T00:00:00+00:00
[2024-09-27T23:38:30.551+0000] {processor.py:176} INFO - Processing /opt/airflow/dags/xcom_dag.py took 0.149 seconds
[2024-09-27T23:39:00.922+0000] {processor.py:154} INFO - Started process (PID=14037) to work on /opt/airflow/dags/xcom_dag.py
[2024-09-27T23:39:00.923+0000] {processor.py:756} INFO - Processing file /opt/airflow/dags/xcom_dag.py for tasks to queue
[2024-09-27T23:39:00.924+0000] {logging_mixin.py:120} INFO - [2024-09-27T23:39:00.924+0000] {dagbag.py:537} INFO - Filling up the DagBag from /opt/airflow/dags/xcom_dag.py
[2024-09-27T23:39:00.945+0000] {processor.py:766} INFO - DAG(s) dict_keys(['xcom_dag']) retrieved from /opt/airflow/dags/xcom_dag.py
[2024-09-27T23:39:00.985+0000] {logging_mixin.py:120} INFO - [2024-09-27T23:39:00.985+0000] {dag.py:2585} INFO - Sync 1 DAGs
[2024-09-27T23:39:01.011+0000] {logging_mixin.py:120} INFO - [2024-09-27T23:39:01.011+0000] {dag.py:3340} INFO - Setting next_dagrun for xcom_dag to 2024-09-26T00:00:00+00:00, run_after=2024-09-27T00:00:00+00:00
[2024-09-27T23:39:01.029+0000] {processor.py:176} INFO - Processing /opt/airflow/dags/xcom_dag.py took 0.110 seconds
[2024-09-27T23:39:31.436+0000] {processor.py:154} INFO - Started process (PID=14109) to work on /opt/airflow/dags/xcom_dag.py
[2024-09-27T23:39:31.437+0000] {processor.py:756} INFO - Processing file /opt/airflow/dags/xcom_dag.py for tasks to queue
[2024-09-27T23:39:31.438+0000] {logging_mixin.py:120} INFO - [2024-09-27T23:39:31.438+0000] {dagbag.py:537} INFO - Filling up the DagBag from /opt/airflow/dags/xcom_dag.py
[2024-09-27T23:39:31.467+0000] {processor.py:766} INFO - DAG(s) dict_keys(['xcom_dag']) retrieved from /opt/airflow/dags/xcom_dag.py
[2024-09-27T23:39:31.516+0000] {logging_mixin.py:120} INFO - [2024-09-27T23:39:31.516+0000] {dag.py:2585} INFO - Sync 1 DAGs
[2024-09-27T23:39:31.549+0000] {logging_mixin.py:120} INFO - [2024-09-27T23:39:31.548+0000] {dag.py:3340} INFO - Setting next_dagrun for xcom_dag to 2024-09-26T00:00:00+00:00, run_after=2024-09-27T00:00:00+00:00
[2024-09-27T23:39:31.573+0000] {processor.py:176} INFO - Processing /opt/airflow/dags/xcom_dag.py took 0.141 seconds
[2024-09-27T23:40:01.788+0000] {processor.py:154} INFO - Started process (PID=14172) to work on /opt/airflow/dags/xcom_dag.py
[2024-09-27T23:40:01.790+0000] {processor.py:756} INFO - Processing file /opt/airflow/dags/xcom_dag.py for tasks to queue
[2024-09-27T23:40:01.791+0000] {logging_mixin.py:120} INFO - [2024-09-27T23:40:01.790+0000] {dagbag.py:537} INFO - Filling up the DagBag from /opt/airflow/dags/xcom_dag.py
[2024-09-27T23:40:01.819+0000] {processor.py:766} INFO - DAG(s) dict_keys(['xcom_dag']) retrieved from /opt/airflow/dags/xcom_dag.py
[2024-09-27T23:40:01.863+0000] {logging_mixin.py:120} INFO - [2024-09-27T23:40:01.863+0000] {dag.py:2585} INFO - Sync 1 DAGs
[2024-09-27T23:40:01.893+0000] {logging_mixin.py:120} INFO - [2024-09-27T23:40:01.892+0000] {dag.py:3340} INFO - Setting next_dagrun for xcom_dag to 2024-09-26T00:00:00+00:00, run_after=2024-09-27T00:00:00+00:00
[2024-09-27T23:40:01.910+0000] {processor.py:176} INFO - Processing /opt/airflow/dags/xcom_dag.py took 0.127 seconds
[2024-09-27T23:40:32.138+0000] {processor.py:154} INFO - Started process (PID=14244) to work on /opt/airflow/dags/xcom_dag.py
[2024-09-27T23:40:32.139+0000] {processor.py:756} INFO - Processing file /opt/airflow/dags/xcom_dag.py for tasks to queue
[2024-09-27T23:40:32.140+0000] {logging_mixin.py:120} INFO - [2024-09-27T23:40:32.140+0000] {dagbag.py:537} INFO - Filling up the DagBag from /opt/airflow/dags/xcom_dag.py
[2024-09-27T23:40:32.160+0000] {processor.py:766} INFO - DAG(s) dict_keys(['xcom_dag']) retrieved from /opt/airflow/dags/xcom_dag.py
[2024-09-27T23:40:32.201+0000] {logging_mixin.py:120} INFO - [2024-09-27T23:40:32.201+0000] {dag.py:2585} INFO - Sync 1 DAGs
[2024-09-27T23:40:32.226+0000] {logging_mixin.py:120} INFO - [2024-09-27T23:40:32.226+0000] {dag.py:3340} INFO - Setting next_dagrun for xcom_dag to 2024-09-26T00:00:00+00:00, run_after=2024-09-27T00:00:00+00:00
[2024-09-27T23:40:32.244+0000] {processor.py:176} INFO - Processing /opt/airflow/dags/xcom_dag.py took 0.109 seconds
[2024-09-27T23:41:02.600+0000] {processor.py:154} INFO - Started process (PID=14315) to work on /opt/airflow/dags/xcom_dag.py
[2024-09-27T23:41:02.602+0000] {processor.py:756} INFO - Processing file /opt/airflow/dags/xcom_dag.py for tasks to queue
[2024-09-27T23:41:02.603+0000] {logging_mixin.py:120} INFO - [2024-09-27T23:41:02.602+0000] {dagbag.py:537} INFO - Filling up the DagBag from /opt/airflow/dags/xcom_dag.py
[2024-09-27T23:41:02.627+0000] {processor.py:766} INFO - DAG(s) dict_keys(['xcom_dag']) retrieved from /opt/airflow/dags/xcom_dag.py
[2024-09-27T23:41:02.671+0000] {logging_mixin.py:120} INFO - [2024-09-27T23:41:02.671+0000] {dag.py:2585} INFO - Sync 1 DAGs
[2024-09-27T23:41:02.701+0000] {logging_mixin.py:120} INFO - [2024-09-27T23:41:02.701+0000] {dag.py:3340} INFO - Setting next_dagrun for xcom_dag to 2024-09-26T00:00:00+00:00, run_after=2024-09-27T00:00:00+00:00
[2024-09-27T23:41:02.719+0000] {processor.py:176} INFO - Processing /opt/airflow/dags/xcom_dag.py took 0.123 seconds
[2024-09-27T23:41:33.348+0000] {processor.py:154} INFO - Started process (PID=14378) to work on /opt/airflow/dags/xcom_dag.py
[2024-09-27T23:41:33.349+0000] {processor.py:756} INFO - Processing file /opt/airflow/dags/xcom_dag.py for tasks to queue
[2024-09-27T23:41:33.350+0000] {logging_mixin.py:120} INFO - [2024-09-27T23:41:33.350+0000] {dagbag.py:537} INFO - Filling up the DagBag from /opt/airflow/dags/xcom_dag.py
[2024-09-27T23:41:33.376+0000] {processor.py:766} INFO - DAG(s) dict_keys(['xcom_dag']) retrieved from /opt/airflow/dags/xcom_dag.py
[2024-09-27T23:41:33.422+0000] {logging_mixin.py:120} INFO - [2024-09-27T23:41:33.421+0000] {dag.py:2585} INFO - Sync 1 DAGs
[2024-09-27T23:41:33.451+0000] {logging_mixin.py:120} INFO - [2024-09-27T23:41:33.451+0000] {dag.py:3340} INFO - Setting next_dagrun for xcom_dag to 2024-09-26T00:00:00+00:00, run_after=2024-09-27T00:00:00+00:00
[2024-09-27T23:41:33.473+0000] {processor.py:176} INFO - Processing /opt/airflow/dags/xcom_dag.py took 0.129 seconds
[2024-09-27T23:42:03.814+0000] {processor.py:154} INFO - Started process (PID=14449) to work on /opt/airflow/dags/xcom_dag.py
[2024-09-27T23:42:03.815+0000] {processor.py:756} INFO - Processing file /opt/airflow/dags/xcom_dag.py for tasks to queue
[2024-09-27T23:42:03.817+0000] {logging_mixin.py:120} INFO - [2024-09-27T23:42:03.816+0000] {dagbag.py:537} INFO - Filling up the DagBag from /opt/airflow/dags/xcom_dag.py
[2024-09-27T23:42:03.852+0000] {processor.py:766} INFO - DAG(s) dict_keys(['xcom_dag']) retrieved from /opt/airflow/dags/xcom_dag.py
[2024-09-27T23:42:03.917+0000] {logging_mixin.py:120} INFO - [2024-09-27T23:42:03.916+0000] {dag.py:2585} INFO - Sync 1 DAGs
[2024-09-27T23:42:03.953+0000] {logging_mixin.py:120} INFO - [2024-09-27T23:42:03.953+0000] {dag.py:3340} INFO - Setting next_dagrun for xcom_dag to 2024-09-26T00:00:00+00:00, run_after=2024-09-27T00:00:00+00:00
[2024-09-27T23:42:03.975+0000] {processor.py:176} INFO - Processing /opt/airflow/dags/xcom_dag.py took 0.166 seconds
[2024-09-27T23:42:34.124+0000] {processor.py:154} INFO - Started process (PID=14521) to work on /opt/airflow/dags/xcom_dag.py
[2024-09-27T23:42:34.125+0000] {processor.py:756} INFO - Processing file /opt/airflow/dags/xcom_dag.py for tasks to queue
[2024-09-27T23:42:34.126+0000] {logging_mixin.py:120} INFO - [2024-09-27T23:42:34.126+0000] {dagbag.py:537} INFO - Filling up the DagBag from /opt/airflow/dags/xcom_dag.py
[2024-09-27T23:42:34.146+0000] {processor.py:766} INFO - DAG(s) dict_keys(['xcom_dag']) retrieved from /opt/airflow/dags/xcom_dag.py
[2024-09-27T23:42:34.189+0000] {logging_mixin.py:120} INFO - [2024-09-27T23:42:34.189+0000] {dag.py:2585} INFO - Sync 1 DAGs
[2024-09-27T23:42:34.216+0000] {logging_mixin.py:120} INFO - [2024-09-27T23:42:34.216+0000] {dag.py:3340} INFO - Setting next_dagrun for xcom_dag to 2024-09-26T00:00:00+00:00, run_after=2024-09-27T00:00:00+00:00
[2024-09-27T23:42:34.236+0000] {processor.py:176} INFO - Processing /opt/airflow/dags/xcom_dag.py took 0.115 seconds
[2024-09-27T23:43:04.752+0000] {processor.py:154} INFO - Started process (PID=14584) to work on /opt/airflow/dags/xcom_dag.py
[2024-09-27T23:43:04.753+0000] {processor.py:756} INFO - Processing file /opt/airflow/dags/xcom_dag.py for tasks to queue
[2024-09-27T23:43:04.754+0000] {logging_mixin.py:120} INFO - [2024-09-27T23:43:04.754+0000] {dagbag.py:537} INFO - Filling up the DagBag from /opt/airflow/dags/xcom_dag.py
[2024-09-27T23:43:04.774+0000] {processor.py:766} INFO - DAG(s) dict_keys(['xcom_dag']) retrieved from /opt/airflow/dags/xcom_dag.py
[2024-09-27T23:43:04.826+0000] {logging_mixin.py:120} INFO - [2024-09-27T23:43:04.825+0000] {dag.py:2585} INFO - Sync 1 DAGs
[2024-09-27T23:43:04.855+0000] {logging_mixin.py:120} INFO - [2024-09-27T23:43:04.854+0000] {dag.py:3340} INFO - Setting next_dagrun for xcom_dag to 2024-09-26T00:00:00+00:00, run_after=2024-09-27T00:00:00+00:00
[2024-09-27T23:43:04.875+0000] {processor.py:176} INFO - Processing /opt/airflow/dags/xcom_dag.py took 0.126 seconds
[2024-09-27T23:43:35.079+0000] {processor.py:154} INFO - Started process (PID=14656) to work on /opt/airflow/dags/xcom_dag.py
[2024-09-27T23:43:35.081+0000] {processor.py:756} INFO - Processing file /opt/airflow/dags/xcom_dag.py for tasks to queue
[2024-09-27T23:43:35.081+0000] {logging_mixin.py:120} INFO - [2024-09-27T23:43:35.081+0000] {dagbag.py:537} INFO - Filling up the DagBag from /opt/airflow/dags/xcom_dag.py
[2024-09-27T23:43:35.103+0000] {processor.py:766} INFO - DAG(s) dict_keys(['xcom_dag']) retrieved from /opt/airflow/dags/xcom_dag.py
[2024-09-27T23:43:35.145+0000] {logging_mixin.py:120} INFO - [2024-09-27T23:43:35.145+0000] {dag.py:2585} INFO - Sync 1 DAGs
[2024-09-27T23:43:35.173+0000] {logging_mixin.py:120} INFO - [2024-09-27T23:43:35.173+0000] {dag.py:3340} INFO - Setting next_dagrun for xcom_dag to 2024-09-26T00:00:00+00:00, run_after=2024-09-27T00:00:00+00:00
[2024-09-27T23:43:35.192+0000] {processor.py:176} INFO - Processing /opt/airflow/dags/xcom_dag.py took 0.116 seconds
[2024-09-27T23:44:05.339+0000] {processor.py:154} INFO - Started process (PID=14729) to work on /opt/airflow/dags/xcom_dag.py
[2024-09-27T23:44:05.340+0000] {processor.py:756} INFO - Processing file /opt/airflow/dags/xcom_dag.py for tasks to queue
[2024-09-27T23:44:05.341+0000] {logging_mixin.py:120} INFO - [2024-09-27T23:44:05.340+0000] {dagbag.py:537} INFO - Filling up the DagBag from /opt/airflow/dags/xcom_dag.py
[2024-09-27T23:44:05.361+0000] {processor.py:766} INFO - DAG(s) dict_keys(['xcom_dag']) retrieved from /opt/airflow/dags/xcom_dag.py
[2024-09-27T23:44:05.401+0000] {logging_mixin.py:120} INFO - [2024-09-27T23:44:05.401+0000] {dag.py:2585} INFO - Sync 1 DAGs
[2024-09-27T23:44:05.427+0000] {logging_mixin.py:120} INFO - [2024-09-27T23:44:05.427+0000] {dag.py:3340} INFO - Setting next_dagrun for xcom_dag to 2024-09-26T00:00:00+00:00, run_after=2024-09-27T00:00:00+00:00
[2024-09-27T23:44:05.444+0000] {processor.py:176} INFO - Processing /opt/airflow/dags/xcom_dag.py took 0.109 seconds
[2024-09-27T23:44:35.556+0000] {processor.py:154} INFO - Started process (PID=14801) to work on /opt/airflow/dags/xcom_dag.py
[2024-09-27T23:44:35.557+0000] {processor.py:756} INFO - Processing file /opt/airflow/dags/xcom_dag.py for tasks to queue
[2024-09-27T23:44:35.558+0000] {logging_mixin.py:120} INFO - [2024-09-27T23:44:35.558+0000] {dagbag.py:537} INFO - Filling up the DagBag from /opt/airflow/dags/xcom_dag.py
[2024-09-27T23:44:35.579+0000] {processor.py:766} INFO - DAG(s) dict_keys(['xcom_dag']) retrieved from /opt/airflow/dags/xcom_dag.py
[2024-09-27T23:44:35.628+0000] {logging_mixin.py:120} INFO - [2024-09-27T23:44:35.628+0000] {dag.py:2585} INFO - Sync 1 DAGs
[2024-09-27T23:44:35.657+0000] {logging_mixin.py:120} INFO - [2024-09-27T23:44:35.657+0000] {dag.py:3340} INFO - Setting next_dagrun for xcom_dag to 2024-09-26T00:00:00+00:00, run_after=2024-09-27T00:00:00+00:00
[2024-09-27T23:44:35.677+0000] {processor.py:176} INFO - Processing /opt/airflow/dags/xcom_dag.py took 0.125 seconds
[2024-09-27T23:45:05.995+0000] {processor.py:154} INFO - Started process (PID=14864) to work on /opt/airflow/dags/xcom_dag.py
[2024-09-27T23:45:05.996+0000] {processor.py:756} INFO - Processing file /opt/airflow/dags/xcom_dag.py for tasks to queue
[2024-09-27T23:45:05.996+0000] {logging_mixin.py:120} INFO - [2024-09-27T23:45:05.996+0000] {dagbag.py:537} INFO - Filling up the DagBag from /opt/airflow/dags/xcom_dag.py
[2024-09-27T23:45:06.018+0000] {processor.py:766} INFO - DAG(s) dict_keys(['xcom_dag']) retrieved from /opt/airflow/dags/xcom_dag.py
[2024-09-27T23:45:06.061+0000] {logging_mixin.py:120} INFO - [2024-09-27T23:45:06.060+0000] {dag.py:2585} INFO - Sync 1 DAGs
[2024-09-27T23:45:06.088+0000] {logging_mixin.py:120} INFO - [2024-09-27T23:45:06.088+0000] {dag.py:3340} INFO - Setting next_dagrun for xcom_dag to 2024-09-26T00:00:00+00:00, run_after=2024-09-27T00:00:00+00:00
[2024-09-27T23:45:06.108+0000] {processor.py:176} INFO - Processing /opt/airflow/dags/xcom_dag.py took 0.116 seconds
[2024-09-27T23:45:36.492+0000] {processor.py:154} INFO - Started process (PID=14936) to work on /opt/airflow/dags/xcom_dag.py
[2024-09-27T23:45:36.493+0000] {processor.py:756} INFO - Processing file /opt/airflow/dags/xcom_dag.py for tasks to queue
[2024-09-27T23:45:36.494+0000] {logging_mixin.py:120} INFO - [2024-09-27T23:45:36.494+0000] {dagbag.py:537} INFO - Filling up the DagBag from /opt/airflow/dags/xcom_dag.py
[2024-09-27T23:45:36.516+0000] {processor.py:766} INFO - DAG(s) dict_keys(['xcom_dag']) retrieved from /opt/airflow/dags/xcom_dag.py
[2024-09-27T23:45:36.558+0000] {logging_mixin.py:120} INFO - [2024-09-27T23:45:36.558+0000] {dag.py:2585} INFO - Sync 1 DAGs
[2024-09-27T23:45:36.586+0000] {logging_mixin.py:120} INFO - [2024-09-27T23:45:36.586+0000] {dag.py:3340} INFO - Setting next_dagrun for xcom_dag to 2024-09-26T00:00:00+00:00, run_after=2024-09-27T00:00:00+00:00
[2024-09-27T23:45:36.604+0000] {processor.py:176} INFO - Processing /opt/airflow/dags/xcom_dag.py took 0.115 seconds
[2024-09-27T23:46:06.734+0000] {processor.py:154} INFO - Started process (PID=15008) to work on /opt/airflow/dags/xcom_dag.py
[2024-09-27T23:46:06.735+0000] {processor.py:756} INFO - Processing file /opt/airflow/dags/xcom_dag.py for tasks to queue
[2024-09-27T23:46:06.736+0000] {logging_mixin.py:120} INFO - [2024-09-27T23:46:06.736+0000] {dagbag.py:537} INFO - Filling up the DagBag from /opt/airflow/dags/xcom_dag.py
[2024-09-27T23:46:06.755+0000] {processor.py:766} INFO - DAG(s) dict_keys(['xcom_dag']) retrieved from /opt/airflow/dags/xcom_dag.py
[2024-09-27T23:46:06.795+0000] {logging_mixin.py:120} INFO - [2024-09-27T23:46:06.795+0000] {dag.py:2585} INFO - Sync 1 DAGs
[2024-09-27T23:46:06.823+0000] {logging_mixin.py:120} INFO - [2024-09-27T23:46:06.823+0000] {dag.py:3340} INFO - Setting next_dagrun for xcom_dag to 2024-09-26T00:00:00+00:00, run_after=2024-09-27T00:00:00+00:00
[2024-09-27T23:46:06.841+0000] {processor.py:176} INFO - Processing /opt/airflow/dags/xcom_dag.py took 0.110 seconds
[2024-09-27T23:46:36.922+0000] {processor.py:154} INFO - Started process (PID=15070) to work on /opt/airflow/dags/xcom_dag.py
[2024-09-27T23:46:36.924+0000] {processor.py:756} INFO - Processing file /opt/airflow/dags/xcom_dag.py for tasks to queue
[2024-09-27T23:46:36.924+0000] {logging_mixin.py:120} INFO - [2024-09-27T23:46:36.924+0000] {dagbag.py:537} INFO - Filling up the DagBag from /opt/airflow/dags/xcom_dag.py
[2024-09-27T23:46:36.950+0000] {processor.py:766} INFO - DAG(s) dict_keys(['xcom_dag']) retrieved from /opt/airflow/dags/xcom_dag.py
[2024-09-27T23:46:36.997+0000] {logging_mixin.py:120} INFO - [2024-09-27T23:46:36.997+0000] {dag.py:2585} INFO - Sync 1 DAGs
[2024-09-27T23:46:37.033+0000] {logging_mixin.py:120} INFO - [2024-09-27T23:46:37.033+0000] {dag.py:3340} INFO - Setting next_dagrun for xcom_dag to 2024-09-26T00:00:00+00:00, run_after=2024-09-27T00:00:00+00:00
[2024-09-27T23:46:37.058+0000] {processor.py:176} INFO - Processing /opt/airflow/dags/xcom_dag.py took 0.139 seconds
[2024-09-27T23:47:07.596+0000] {processor.py:154} INFO - Started process (PID=15141) to work on /opt/airflow/dags/xcom_dag.py
[2024-09-27T23:47:07.598+0000] {processor.py:756} INFO - Processing file /opt/airflow/dags/xcom_dag.py for tasks to queue
[2024-09-27T23:47:07.599+0000] {logging_mixin.py:120} INFO - [2024-09-27T23:47:07.599+0000] {dagbag.py:537} INFO - Filling up the DagBag from /opt/airflow/dags/xcom_dag.py
[2024-09-27T23:47:07.624+0000] {processor.py:766} INFO - DAG(s) dict_keys(['xcom_dag']) retrieved from /opt/airflow/dags/xcom_dag.py
[2024-09-27T23:47:07.667+0000] {logging_mixin.py:120} INFO - [2024-09-27T23:47:07.667+0000] {dag.py:2585} INFO - Sync 1 DAGs
[2024-09-27T23:47:07.694+0000] {logging_mixin.py:120} INFO - [2024-09-27T23:47:07.694+0000] {dag.py:3340} INFO - Setting next_dagrun for xcom_dag to 2024-09-26T00:00:00+00:00, run_after=2024-09-27T00:00:00+00:00
[2024-09-27T23:47:07.714+0000] {processor.py:176} INFO - Processing /opt/airflow/dags/xcom_dag.py took 0.123 seconds
[2024-09-27T23:47:38.157+0000] {processor.py:154} INFO - Started process (PID=15213) to work on /opt/airflow/dags/xcom_dag.py
[2024-09-27T23:47:38.158+0000] {processor.py:756} INFO - Processing file /opt/airflow/dags/xcom_dag.py for tasks to queue
[2024-09-27T23:47:38.159+0000] {logging_mixin.py:120} INFO - [2024-09-27T23:47:38.159+0000] {dagbag.py:537} INFO - Filling up the DagBag from /opt/airflow/dags/xcom_dag.py
[2024-09-27T23:47:38.181+0000] {processor.py:766} INFO - DAG(s) dict_keys(['xcom_dag']) retrieved from /opt/airflow/dags/xcom_dag.py
[2024-09-27T23:47:38.227+0000] {logging_mixin.py:120} INFO - [2024-09-27T23:47:38.227+0000] {dag.py:2585} INFO - Sync 1 DAGs
[2024-09-27T23:47:38.258+0000] {logging_mixin.py:120} INFO - [2024-09-27T23:47:38.258+0000] {dag.py:3340} INFO - Setting next_dagrun for xcom_dag to 2024-09-26T00:00:00+00:00, run_after=2024-09-27T00:00:00+00:00
[2024-09-27T23:47:38.279+0000] {processor.py:176} INFO - Processing /opt/airflow/dags/xcom_dag.py took 0.125 seconds
[2024-09-27T23:48:08.539+0000] {processor.py:154} INFO - Started process (PID=15267) to work on /opt/airflow/dags/xcom_dag.py
[2024-09-27T23:48:08.542+0000] {processor.py:756} INFO - Processing file /opt/airflow/dags/xcom_dag.py for tasks to queue
[2024-09-27T23:48:08.543+0000] {logging_mixin.py:120} INFO - [2024-09-27T23:48:08.543+0000] {dagbag.py:537} INFO - Filling up the DagBag from /opt/airflow/dags/xcom_dag.py
[2024-09-27T23:48:08.609+0000] {processor.py:766} INFO - DAG(s) dict_keys(['xcom_dag']) retrieved from /opt/airflow/dags/xcom_dag.py
[2024-09-27T23:48:08.688+0000] {logging_mixin.py:120} INFO - [2024-09-27T23:48:08.688+0000] {dag.py:2585} INFO - Sync 1 DAGs
[2024-09-27T23:48:08.738+0000] {logging_mixin.py:120} INFO - [2024-09-27T23:48:08.738+0000] {dag.py:3340} INFO - Setting next_dagrun for xcom_dag to 2024-09-26T00:00:00+00:00, run_after=2024-09-27T00:00:00+00:00
[2024-09-27T23:48:08.766+0000] {processor.py:176} INFO - Processing /opt/airflow/dags/xcom_dag.py took 0.233 seconds
[2024-09-27T23:49:48.673+0000] {processor.py:154} INFO - Started process (PID=15292) to work on /opt/airflow/dags/xcom_dag.py
[2024-09-27T23:49:48.675+0000] {processor.py:756} INFO - Processing file /opt/airflow/dags/xcom_dag.py for tasks to queue
[2024-09-27T23:49:48.676+0000] {logging_mixin.py:120} INFO - [2024-09-27T23:49:48.676+0000] {dagbag.py:537} INFO - Filling up the DagBag from /opt/airflow/dags/xcom_dag.py
[2024-09-27T23:49:48.709+0000] {processor.py:766} INFO - DAG(s) dict_keys(['xcom_dag']) retrieved from /opt/airflow/dags/xcom_dag.py
[2024-09-27T23:49:48.764+0000] {logging_mixin.py:120} INFO - [2024-09-27T23:49:48.764+0000] {dag.py:2585} INFO - Sync 1 DAGs
[2024-09-27T23:49:48.798+0000] {logging_mixin.py:120} INFO - [2024-09-27T23:49:48.798+0000] {dag.py:3340} INFO - Setting next_dagrun for xcom_dag to 2024-09-26T00:00:00+00:00, run_after=2024-09-27T00:00:00+00:00
[2024-09-27T23:49:48.828+0000] {processor.py:176} INFO - Processing /opt/airflow/dags/xcom_dag.py took 0.161 seconds
[2024-09-27T23:50:45.654+0000] {processor.py:154} INFO - Started process (PID=15364) to work on /opt/airflow/dags/xcom_dag.py
[2024-09-27T23:50:45.658+0000] {processor.py:756} INFO - Processing file /opt/airflow/dags/xcom_dag.py for tasks to queue
[2024-09-27T23:50:45.660+0000] {logging_mixin.py:120} INFO - [2024-09-27T23:50:45.660+0000] {dagbag.py:537} INFO - Filling up the DagBag from /opt/airflow/dags/xcom_dag.py
[2024-09-27T23:50:45.767+0000] {processor.py:766} INFO - DAG(s) dict_keys(['xcom_dag']) retrieved from /opt/airflow/dags/xcom_dag.py
[2024-09-27T23:50:45.916+0000] {logging_mixin.py:120} INFO - [2024-09-27T23:50:45.916+0000] {dag.py:2585} INFO - Sync 1 DAGs
[2024-09-27T23:50:45.988+0000] {logging_mixin.py:120} INFO - [2024-09-27T23:50:45.988+0000] {dag.py:3340} INFO - Setting next_dagrun for xcom_dag to 2024-09-26T00:00:00+00:00, run_after=2024-09-27T00:00:00+00:00
[2024-09-27T23:50:46.016+0000] {processor.py:176} INFO - Processing /opt/airflow/dags/xcom_dag.py took 0.371 seconds
[2024-09-27T23:51:16.714+0000] {processor.py:154} INFO - Started process (PID=15428) to work on /opt/airflow/dags/xcom_dag.py
[2024-09-27T23:51:16.722+0000] {processor.py:756} INFO - Processing file /opt/airflow/dags/xcom_dag.py for tasks to queue
[2024-09-27T23:51:16.728+0000] {logging_mixin.py:120} INFO - [2024-09-27T23:51:16.727+0000] {dagbag.py:537} INFO - Filling up the DagBag from /opt/airflow/dags/xcom_dag.py
[2024-09-27T23:51:16.935+0000] {processor.py:766} INFO - DAG(s) dict_keys(['xcom_dag']) retrieved from /opt/airflow/dags/xcom_dag.py
[2024-09-27T23:51:17.505+0000] {logging_mixin.py:120} INFO - [2024-09-27T23:51:17.503+0000] {dag.py:2585} INFO - Sync 1 DAGs
[2024-09-27T23:51:17.820+0000] {logging_mixin.py:120} INFO - [2024-09-27T23:51:17.818+0000] {dag.py:3340} INFO - Setting next_dagrun for xcom_dag to 2024-09-26T00:00:00+00:00, run_after=2024-09-27T00:00:00+00:00
[2024-09-27T23:51:18.093+0000] {processor.py:176} INFO - Processing /opt/airflow/dags/xcom_dag.py took 1.407 seconds
