[2024-09-25T14:05:43.257+0000] {taskinstance.py:1165} INFO - Dependencies all met for <TaskInstance: user_processing.process_user manual__2024-09-25T14:05:26.578319+00:00 [queued]>
[2024-09-25T14:05:43.272+0000] {taskinstance.py:1165} INFO - Dependencies all met for <TaskInstance: user_processing.process_user manual__2024-09-25T14:05:26.578319+00:00 [queued]>
[2024-09-25T14:05:43.274+0000] {taskinstance.py:1362} INFO - 
--------------------------------------------------------------------------------
[2024-09-25T14:05:43.275+0000] {taskinstance.py:1363} INFO - Starting attempt 1 of 1
[2024-09-25T14:05:43.276+0000] {taskinstance.py:1364} INFO - 
--------------------------------------------------------------------------------
[2024-09-25T14:05:43.295+0000] {taskinstance.py:1383} INFO - Executing <Task(PythonOperator): process_user> on 2024-09-25 14:05:26.578319+00:00
[2024-09-25T14:05:43.300+0000] {standard_task_runner.py:55} INFO - Started process 12031 to run task
[2024-09-25T14:05:43.305+0000] {standard_task_runner.py:82} INFO - Running: ['***', 'tasks', 'run', 'user_processing', 'process_user', 'manual__2024-09-25T14:05:26.578319+00:00', '--job-id', '15', '--raw', '--subdir', 'DAGS_FOLDER/user_processing.py', '--cfg-path', '/tmp/tmpjkvw_f0f']
[2024-09-25T14:05:43.308+0000] {standard_task_runner.py:83} INFO - Job 15: Subtask process_user
[2024-09-25T14:05:43.392+0000] {task_command.py:376} INFO - Running <TaskInstance: user_processing.process_user manual__2024-09-25T14:05:26.578319+00:00 [running]> on host 9cc2fcf541e9
[2024-09-25T14:05:43.487+0000] {taskinstance.py:1592} INFO - Exporting the following env vars:
AIRFLOW_CTX_DAG_OWNER=***
AIRFLOW_CTX_DAG_ID=user_processing
AIRFLOW_CTX_TASK_ID=process_user
AIRFLOW_CTX_EXECUTION_DATE=2024-09-25T14:05:26.578319+00:00
AIRFLOW_CTX_TRY_NUMBER=1
AIRFLOW_CTX_DAG_RUN_ID=manual__2024-09-25T14:05:26.578319+00:00
[2024-09-25T14:05:43.502+0000] {taskinstance.py:1851} ERROR - Task failed with exception
Traceback (most recent call last):
  File "/home/airflow/.local/lib/python3.7/site-packages/airflow/operators/python.py", line 175, in execute
    return_value = self.execute_callable()
  File "/home/airflow/.local/lib/python3.7/site-packages/airflow/operators/python.py", line 193, in execute_callable
    return self.python_callable(*self.op_args, **self.op_kwargs)
  File "/opt/airflow/dags/user_processing.py", line 14, in _process_user
    user = user['result'][0]
KeyError: 'result'
[2024-09-25T14:05:43.513+0000] {taskinstance.py:1406} INFO - Marking task as FAILED. dag_id=user_processing, task_id=process_user, execution_date=20240925T140526, start_date=20240925T140543, end_date=20240925T140543
[2024-09-25T14:05:43.527+0000] {standard_task_runner.py:105} ERROR - Failed to execute job 15 for task process_user ('result'; 12031)
[2024-09-25T14:05:43.567+0000] {local_task_job.py:164} INFO - Task exited with return code 1
[2024-09-25T14:05:43.602+0000] {local_task_job.py:273} INFO - 0 downstream tasks scheduled from follow-on schedule check
