[2024-09-25T14:08:12.178+0000] {taskinstance.py:1165} INFO - Dependencies all met for <TaskInstance: user_processing.process_user manual__2024-09-25T14:05:26.578319+00:00 [queued]>
[2024-09-25T14:08:12.192+0000] {taskinstance.py:1165} INFO - Dependencies all met for <TaskInstance: user_processing.process_user manual__2024-09-25T14:05:26.578319+00:00 [queued]>
[2024-09-25T14:08:12.192+0000] {taskinstance.py:1362} INFO - 
--------------------------------------------------------------------------------
[2024-09-25T14:08:12.193+0000] {taskinstance.py:1363} INFO - Starting attempt 2 of 2
[2024-09-25T14:08:12.193+0000] {taskinstance.py:1364} INFO - 
--------------------------------------------------------------------------------
[2024-09-25T14:08:12.216+0000] {taskinstance.py:1383} INFO - Executing <Task(PythonOperator): process_user> on 2024-09-25 14:05:26.578319+00:00
[2024-09-25T14:08:12.222+0000] {standard_task_runner.py:55} INFO - Started process 12151 to run task
[2024-09-25T14:08:12.228+0000] {standard_task_runner.py:82} INFO - Running: ['***', 'tasks', 'run', 'user_processing', 'process_user', 'manual__2024-09-25T14:05:26.578319+00:00', '--job-id', '16', '--raw', '--subdir', 'DAGS_FOLDER/user_processing.py', '--cfg-path', '/tmp/tmp3wsb5j4s']
[2024-09-25T14:08:12.231+0000] {standard_task_runner.py:83} INFO - Job 16: Subtask process_user
[2024-09-25T14:08:12.312+0000] {task_command.py:376} INFO - Running <TaskInstance: user_processing.process_user manual__2024-09-25T14:05:26.578319+00:00 [running]> on host 9cc2fcf541e9
[2024-09-25T14:08:12.385+0000] {taskinstance.py:1592} INFO - Exporting the following env vars:
AIRFLOW_CTX_DAG_OWNER=***
AIRFLOW_CTX_DAG_ID=user_processing
AIRFLOW_CTX_TASK_ID=process_user
AIRFLOW_CTX_EXECUTION_DATE=2024-09-25T14:05:26.578319+00:00
AIRFLOW_CTX_TRY_NUMBER=2
AIRFLOW_CTX_DAG_RUN_ID=manual__2024-09-25T14:05:26.578319+00:00
[2024-09-25T14:08:12.431+0000] {python.py:177} INFO - Done. Returned value was: None
[2024-09-25T14:08:12.444+0000] {taskinstance.py:1406} INFO - Marking task as SUCCESS. dag_id=user_processing, task_id=process_user, execution_date=20240925T140526, start_date=20240925T140812, end_date=20240925T140812
[2024-09-25T14:08:12.488+0000] {local_task_job.py:164} INFO - Task exited with return code 0
[2024-09-25T14:08:12.514+0000] {local_task_job.py:273} INFO - 1 downstream tasks scheduled from follow-on schedule check
