[2024-09-27T01:16:51.074+0000] {taskinstance.py:1165} INFO - Dependencies all met for <TaskInstance: user_processing.create_table scheduled__2024-09-26T00:00:00+00:00 [queued]>
[2024-09-27T01:16:51.101+0000] {taskinstance.py:1165} INFO - Dependencies all met for <TaskInstance: user_processing.create_table scheduled__2024-09-26T00:00:00+00:00 [queued]>
[2024-09-27T01:16:51.102+0000] {taskinstance.py:1362} INFO - 
--------------------------------------------------------------------------------
[2024-09-27T01:16:51.102+0000] {taskinstance.py:1363} INFO - Starting attempt 1 of 1
[2024-09-27T01:16:51.103+0000] {taskinstance.py:1364} INFO - 
--------------------------------------------------------------------------------
[2024-09-27T01:16:51.140+0000] {taskinstance.py:1383} INFO - Executing <Task(PostgresOperator): create_table> on 2024-09-26 00:00:00+00:00
[2024-09-27T01:16:51.152+0000] {standard_task_runner.py:55} INFO - Started process 18472 to run task
[2024-09-27T01:16:51.160+0000] {standard_task_runner.py:82} INFO - Running: ['***', 'tasks', 'run', 'user_processing', 'create_table', 'scheduled__2024-09-26T00:00:00+00:00', '--job-id', '27', '--raw', '--subdir', 'DAGS_FOLDER/user_processing.py', '--cfg-path', '/tmp/tmpgkq2m6i9']
[2024-09-27T01:16:51.165+0000] {standard_task_runner.py:83} INFO - Job 27: Subtask create_table
[2024-09-27T01:16:51.304+0000] {task_command.py:376} INFO - Running <TaskInstance: user_processing.create_table scheduled__2024-09-26T00:00:00+00:00 [running]> on host 9cc2fcf541e9
[2024-09-27T01:16:51.547+0000] {taskinstance.py:1592} INFO - Exporting the following env vars:
AIRFLOW_CTX_DAG_OWNER=***
AIRFLOW_CTX_DAG_ID=user_processing
AIRFLOW_CTX_TASK_ID=create_table
AIRFLOW_CTX_EXECUTION_DATE=2024-09-26T00:00:00+00:00
AIRFLOW_CTX_TRY_NUMBER=1
AIRFLOW_CTX_DAG_RUN_ID=scheduled__2024-09-26T00:00:00+00:00
[2024-09-27T01:16:51.577+0000] {base.py:71} INFO - Using connection ID 'postgres' for task execution.
[2024-09-27T01:16:51.589+0000] {sql.py:315} INFO - Running statement: 
                  CREATE TABLE IF NOT EXISTS users(
                    firstname TEXT not null,
                    lastname TEXT not null,
                    country TEXT not null,
                    username TEXT not null,
                    password TEXT not null,
                    email TEXT not null
                  )
            , parameters: None
[2024-09-27T01:16:51.595+0000] {postgres.py:96} INFO - NOTICE:  relation "users" already exists, skipping

[2024-09-27T01:16:51.622+0000] {taskinstance.py:1406} INFO - Marking task as SUCCESS. dag_id=user_processing, task_id=create_table, execution_date=20240926T000000, start_date=20240927T011651, end_date=20240927T011651
[2024-09-27T01:16:51.672+0000] {local_task_job.py:164} INFO - Task exited with return code 0
[2024-09-27T01:16:51.770+0000] {local_task_job.py:273} INFO - 1 downstream tasks scheduled from follow-on schedule check
