[2024-09-27T23:16:20.409+0000] {processor.py:154} INFO - Started process (PID=10984) to work on /opt/airflow/dags/groups/group_downloads.py
[2024-09-27T23:16:20.409+0000] {processor.py:756} INFO - Processing file /opt/airflow/dags/groups/group_downloads.py for tasks to queue
[2024-09-27T23:16:20.410+0000] {logging_mixin.py:120} INFO - [2024-09-27T23:16:20.410+0000] {dagbag.py:537} INFO - Filling up the DagBag from /opt/airflow/dags/groups/group_downloads.py
[2024-09-27T23:16:20.416+0000] {processor.py:768} WARNING - No viable dags retrieved from /opt/airflow/dags/groups/group_downloads.py
[2024-09-27T23:16:20.432+0000] {processor.py:176} INFO - Processing /opt/airflow/dags/groups/group_downloads.py took 0.026 seconds
[2024-09-27T23:16:50.658+0000] {processor.py:154} INFO - Started process (PID=11044) to work on /opt/airflow/dags/groups/group_downloads.py
[2024-09-27T23:16:50.659+0000] {processor.py:756} INFO - Processing file /opt/airflow/dags/groups/group_downloads.py for tasks to queue
[2024-09-27T23:16:50.660+0000] {logging_mixin.py:120} INFO - [2024-09-27T23:16:50.660+0000] {dagbag.py:537} INFO - Filling up the DagBag from /opt/airflow/dags/groups/group_downloads.py
[2024-09-27T23:16:50.669+0000] {processor.py:768} WARNING - No viable dags retrieved from /opt/airflow/dags/groups/group_downloads.py
[2024-09-27T23:16:50.685+0000] {processor.py:176} INFO - Processing /opt/airflow/dags/groups/group_downloads.py took 0.030 seconds
[2024-09-27T23:17:21.059+0000] {processor.py:154} INFO - Started process (PID=11115) to work on /opt/airflow/dags/groups/group_downloads.py
[2024-09-27T23:17:21.060+0000] {processor.py:756} INFO - Processing file /opt/airflow/dags/groups/group_downloads.py for tasks to queue
[2024-09-27T23:17:21.061+0000] {logging_mixin.py:120} INFO - [2024-09-27T23:17:21.061+0000] {dagbag.py:537} INFO - Filling up the DagBag from /opt/airflow/dags/groups/group_downloads.py
[2024-09-27T23:17:21.067+0000] {processor.py:768} WARNING - No viable dags retrieved from /opt/airflow/dags/groups/group_downloads.py
[2024-09-27T23:17:21.087+0000] {processor.py:176} INFO - Processing /opt/airflow/dags/groups/group_downloads.py took 0.032 seconds
[2024-09-27T23:17:51.313+0000] {processor.py:154} INFO - Started process (PID=11185) to work on /opt/airflow/dags/groups/group_downloads.py
[2024-09-27T23:17:51.314+0000] {processor.py:756} INFO - Processing file /opt/airflow/dags/groups/group_downloads.py for tasks to queue
[2024-09-27T23:17:51.315+0000] {logging_mixin.py:120} INFO - [2024-09-27T23:17:51.314+0000] {dagbag.py:537} INFO - Filling up the DagBag from /opt/airflow/dags/groups/group_downloads.py
[2024-09-27T23:17:51.323+0000] {processor.py:768} WARNING - No viable dags retrieved from /opt/airflow/dags/groups/group_downloads.py
[2024-09-27T23:17:51.340+0000] {processor.py:176} INFO - Processing /opt/airflow/dags/groups/group_downloads.py took 0.031 seconds
[2024-09-27T23:18:21.843+0000] {processor.py:154} INFO - Started process (PID=11247) to work on /opt/airflow/dags/groups/group_downloads.py
[2024-09-27T23:18:21.845+0000] {processor.py:756} INFO - Processing file /opt/airflow/dags/groups/group_downloads.py for tasks to queue
[2024-09-27T23:18:21.846+0000] {logging_mixin.py:120} INFO - [2024-09-27T23:18:21.846+0000] {dagbag.py:537} INFO - Filling up the DagBag from /opt/airflow/dags/groups/group_downloads.py
[2024-09-27T23:18:21.855+0000] {processor.py:768} WARNING - No viable dags retrieved from /opt/airflow/dags/groups/group_downloads.py
[2024-09-27T23:18:21.871+0000] {processor.py:176} INFO - Processing /opt/airflow/dags/groups/group_downloads.py took 0.034 seconds
[2024-09-27T23:18:51.927+0000] {processor.py:154} INFO - Started process (PID=11318) to work on /opt/airflow/dags/groups/group_downloads.py
[2024-09-27T23:18:51.928+0000] {processor.py:756} INFO - Processing file /opt/airflow/dags/groups/group_downloads.py for tasks to queue
[2024-09-27T23:18:51.929+0000] {logging_mixin.py:120} INFO - [2024-09-27T23:18:51.929+0000] {dagbag.py:537} INFO - Filling up the DagBag from /opt/airflow/dags/groups/group_downloads.py
[2024-09-27T23:18:51.936+0000] {processor.py:768} WARNING - No viable dags retrieved from /opt/airflow/dags/groups/group_downloads.py
[2024-09-27T23:18:51.953+0000] {processor.py:176} INFO - Processing /opt/airflow/dags/groups/group_downloads.py took 0.030 seconds
[2024-09-27T23:19:21.970+0000] {processor.py:154} INFO - Started process (PID=11386) to work on /opt/airflow/dags/groups/group_downloads.py
[2024-09-27T23:19:21.971+0000] {processor.py:756} INFO - Processing file /opt/airflow/dags/groups/group_downloads.py for tasks to queue
[2024-09-27T23:19:21.973+0000] {logging_mixin.py:120} INFO - [2024-09-27T23:19:21.972+0000] {dagbag.py:537} INFO - Filling up the DagBag from /opt/airflow/dags/groups/group_downloads.py
[2024-09-27T23:19:21.980+0000] {processor.py:768} WARNING - No viable dags retrieved from /opt/airflow/dags/groups/group_downloads.py
[2024-09-27T23:19:21.996+0000] {processor.py:176} INFO - Processing /opt/airflow/dags/groups/group_downloads.py took 0.029 seconds
[2024-09-27T23:19:52.478+0000] {processor.py:154} INFO - Started process (PID=11452) to work on /opt/airflow/dags/groups/group_downloads.py
[2024-09-27T23:19:52.482+0000] {processor.py:756} INFO - Processing file /opt/airflow/dags/groups/group_downloads.py for tasks to queue
[2024-09-27T23:19:52.483+0000] {logging_mixin.py:120} INFO - [2024-09-27T23:19:52.483+0000] {dagbag.py:537} INFO - Filling up the DagBag from /opt/airflow/dags/groups/group_downloads.py
[2024-09-27T23:19:52.492+0000] {processor.py:768} WARNING - No viable dags retrieved from /opt/airflow/dags/groups/group_downloads.py
[2024-09-27T23:19:52.510+0000] {processor.py:176} INFO - Processing /opt/airflow/dags/groups/group_downloads.py took 0.041 seconds
[2024-09-27T23:20:22.875+0000] {processor.py:154} INFO - Started process (PID=11516) to work on /opt/airflow/dags/groups/group_downloads.py
[2024-09-27T23:20:22.876+0000] {processor.py:756} INFO - Processing file /opt/airflow/dags/groups/group_downloads.py for tasks to queue
[2024-09-27T23:20:22.877+0000] {logging_mixin.py:120} INFO - [2024-09-27T23:20:22.877+0000] {dagbag.py:537} INFO - Filling up the DagBag from /opt/airflow/dags/groups/group_downloads.py
[2024-09-27T23:20:22.886+0000] {processor.py:768} WARNING - No viable dags retrieved from /opt/airflow/dags/groups/group_downloads.py
[2024-09-27T23:20:22.904+0000] {processor.py:176} INFO - Processing /opt/airflow/dags/groups/group_downloads.py took 0.033 seconds
[2024-09-27T23:20:53.679+0000] {processor.py:154} INFO - Started process (PID=11588) to work on /opt/airflow/dags/groups/group_downloads.py
[2024-09-27T23:20:53.681+0000] {processor.py:756} INFO - Processing file /opt/airflow/dags/groups/group_downloads.py for tasks to queue
[2024-09-27T23:20:53.682+0000] {logging_mixin.py:120} INFO - [2024-09-27T23:20:53.681+0000] {dagbag.py:537} INFO - Filling up the DagBag from /opt/airflow/dags/groups/group_downloads.py
[2024-09-27T23:20:53.692+0000] {processor.py:768} WARNING - No viable dags retrieved from /opt/airflow/dags/groups/group_downloads.py
[2024-09-27T23:20:53.707+0000] {processor.py:176} INFO - Processing /opt/airflow/dags/groups/group_downloads.py took 0.031 seconds
[2024-09-27T23:21:23.735+0000] {processor.py:154} INFO - Started process (PID=11657) to work on /opt/airflow/dags/groups/group_downloads.py
[2024-09-27T23:21:23.741+0000] {processor.py:756} INFO - Processing file /opt/airflow/dags/groups/group_downloads.py for tasks to queue
[2024-09-27T23:21:23.743+0000] {logging_mixin.py:120} INFO - [2024-09-27T23:21:23.743+0000] {dagbag.py:537} INFO - Filling up the DagBag from /opt/airflow/dags/groups/group_downloads.py
[2024-09-27T23:21:23.763+0000] {processor.py:768} WARNING - No viable dags retrieved from /opt/airflow/dags/groups/group_downloads.py
[2024-09-27T23:21:23.779+0000] {processor.py:176} INFO - Processing /opt/airflow/dags/groups/group_downloads.py took 0.047 seconds
[2024-09-27T23:21:54.351+0000] {processor.py:154} INFO - Started process (PID=11719) to work on /opt/airflow/dags/groups/group_downloads.py
[2024-09-27T23:21:54.353+0000] {processor.py:756} INFO - Processing file /opt/airflow/dags/groups/group_downloads.py for tasks to queue
[2024-09-27T23:21:54.356+0000] {logging_mixin.py:120} INFO - [2024-09-27T23:21:54.355+0000] {dagbag.py:537} INFO - Filling up the DagBag from /opt/airflow/dags/groups/group_downloads.py
[2024-09-27T23:21:54.370+0000] {processor.py:768} WARNING - No viable dags retrieved from /opt/airflow/dags/groups/group_downloads.py
[2024-09-27T23:21:54.398+0000] {processor.py:176} INFO - Processing /opt/airflow/dags/groups/group_downloads.py took 0.054 seconds
[2024-09-27T23:22:24.812+0000] {processor.py:154} INFO - Started process (PID=11790) to work on /opt/airflow/dags/groups/group_downloads.py
[2024-09-27T23:22:24.814+0000] {processor.py:756} INFO - Processing file /opt/airflow/dags/groups/group_downloads.py for tasks to queue
[2024-09-27T23:22:24.816+0000] {logging_mixin.py:120} INFO - [2024-09-27T23:22:24.815+0000] {dagbag.py:537} INFO - Filling up the DagBag from /opt/airflow/dags/groups/group_downloads.py
[2024-09-27T23:22:24.833+0000] {processor.py:768} WARNING - No viable dags retrieved from /opt/airflow/dags/groups/group_downloads.py
[2024-09-27T23:22:24.865+0000] {processor.py:176} INFO - Processing /opt/airflow/dags/groups/group_downloads.py took 0.062 seconds
[2024-09-27T23:22:55.224+0000] {processor.py:154} INFO - Started process (PID=11859) to work on /opt/airflow/dags/groups/group_downloads.py
[2024-09-27T23:22:55.226+0000] {processor.py:756} INFO - Processing file /opt/airflow/dags/groups/group_downloads.py for tasks to queue
[2024-09-27T23:22:55.229+0000] {logging_mixin.py:120} INFO - [2024-09-27T23:22:55.229+0000] {dagbag.py:537} INFO - Filling up the DagBag from /opt/airflow/dags/groups/group_downloads.py
[2024-09-27T23:22:55.243+0000] {processor.py:768} WARNING - No viable dags retrieved from /opt/airflow/dags/groups/group_downloads.py
[2024-09-27T23:22:55.277+0000] {processor.py:176} INFO - Processing /opt/airflow/dags/groups/group_downloads.py took 0.058 seconds
[2024-09-27T23:23:25.918+0000] {processor.py:154} INFO - Started process (PID=11921) to work on /opt/airflow/dags/groups/group_downloads.py
[2024-09-27T23:23:25.919+0000] {processor.py:756} INFO - Processing file /opt/airflow/dags/groups/group_downloads.py for tasks to queue
[2024-09-27T23:23:25.920+0000] {logging_mixin.py:120} INFO - [2024-09-27T23:23:25.920+0000] {dagbag.py:537} INFO - Filling up the DagBag from /opt/airflow/dags/groups/group_downloads.py
[2024-09-27T23:23:25.927+0000] {processor.py:768} WARNING - No viable dags retrieved from /opt/airflow/dags/groups/group_downloads.py
[2024-09-27T23:23:25.948+0000] {processor.py:176} INFO - Processing /opt/airflow/dags/groups/group_downloads.py took 0.033 seconds
[2024-09-27T23:23:56.099+0000] {processor.py:154} INFO - Started process (PID=11992) to work on /opt/airflow/dags/groups/group_downloads.py
[2024-09-27T23:23:56.100+0000] {processor.py:756} INFO - Processing file /opt/airflow/dags/groups/group_downloads.py for tasks to queue
[2024-09-27T23:23:56.101+0000] {logging_mixin.py:120} INFO - [2024-09-27T23:23:56.101+0000] {dagbag.py:537} INFO - Filling up the DagBag from /opt/airflow/dags/groups/group_downloads.py
[2024-09-27T23:23:56.110+0000] {processor.py:768} WARNING - No viable dags retrieved from /opt/airflow/dags/groups/group_downloads.py
[2024-09-27T23:23:56.132+0000] {processor.py:176} INFO - Processing /opt/airflow/dags/groups/group_downloads.py took 0.036 seconds
[2024-09-27T23:24:27.077+0000] {processor.py:154} INFO - Started process (PID=12063) to work on /opt/airflow/dags/groups/group_downloads.py
[2024-09-27T23:24:27.078+0000] {processor.py:756} INFO - Processing file /opt/airflow/dags/groups/group_downloads.py for tasks to queue
[2024-09-27T23:24:27.079+0000] {logging_mixin.py:120} INFO - [2024-09-27T23:24:27.079+0000] {dagbag.py:537} INFO - Filling up the DagBag from /opt/airflow/dags/groups/group_downloads.py
[2024-09-27T23:24:27.089+0000] {processor.py:768} WARNING - No viable dags retrieved from /opt/airflow/dags/groups/group_downloads.py
[2024-09-27T23:24:27.109+0000] {processor.py:176} INFO - Processing /opt/airflow/dags/groups/group_downloads.py took 0.035 seconds
[2024-09-27T23:24:57.707+0000] {processor.py:154} INFO - Started process (PID=12124) to work on /opt/airflow/dags/groups/group_downloads.py
[2024-09-27T23:24:57.710+0000] {processor.py:756} INFO - Processing file /opt/airflow/dags/groups/group_downloads.py for tasks to queue
[2024-09-27T23:24:57.712+0000] {logging_mixin.py:120} INFO - [2024-09-27T23:24:57.711+0000] {dagbag.py:537} INFO - Filling up the DagBag from /opt/airflow/dags/groups/group_downloads.py
[2024-09-27T23:24:57.722+0000] {processor.py:768} WARNING - No viable dags retrieved from /opt/airflow/dags/groups/group_downloads.py
[2024-09-27T23:24:57.739+0000] {processor.py:176} INFO - Processing /opt/airflow/dags/groups/group_downloads.py took 0.035 seconds
[2024-09-27T23:25:28.302+0000] {processor.py:154} INFO - Started process (PID=12195) to work on /opt/airflow/dags/groups/group_downloads.py
[2024-09-27T23:25:28.303+0000] {processor.py:756} INFO - Processing file /opt/airflow/dags/groups/group_downloads.py for tasks to queue
[2024-09-27T23:25:28.304+0000] {logging_mixin.py:120} INFO - [2024-09-27T23:25:28.304+0000] {dagbag.py:537} INFO - Filling up the DagBag from /opt/airflow/dags/groups/group_downloads.py
[2024-09-27T23:25:28.320+0000] {processor.py:768} WARNING - No viable dags retrieved from /opt/airflow/dags/groups/group_downloads.py
[2024-09-27T23:25:28.351+0000] {processor.py:176} INFO - Processing /opt/airflow/dags/groups/group_downloads.py took 0.055 seconds
[2024-09-27T23:25:58.773+0000] {processor.py:154} INFO - Started process (PID=12266) to work on /opt/airflow/dags/groups/group_downloads.py
[2024-09-27T23:25:58.774+0000] {processor.py:756} INFO - Processing file /opt/airflow/dags/groups/group_downloads.py for tasks to queue
[2024-09-27T23:25:58.775+0000] {logging_mixin.py:120} INFO - [2024-09-27T23:25:58.775+0000] {dagbag.py:537} INFO - Filling up the DagBag from /opt/airflow/dags/groups/group_downloads.py
[2024-09-27T23:25:58.786+0000] {processor.py:768} WARNING - No viable dags retrieved from /opt/airflow/dags/groups/group_downloads.py
[2024-09-27T23:25:58.802+0000] {processor.py:176} INFO - Processing /opt/airflow/dags/groups/group_downloads.py took 0.033 seconds
[2024-09-27T23:26:29.666+0000] {processor.py:154} INFO - Started process (PID=12329) to work on /opt/airflow/dags/groups/group_downloads.py
[2024-09-27T23:26:29.667+0000] {processor.py:756} INFO - Processing file /opt/airflow/dags/groups/group_downloads.py for tasks to queue
[2024-09-27T23:26:29.668+0000] {logging_mixin.py:120} INFO - [2024-09-27T23:26:29.668+0000] {dagbag.py:537} INFO - Filling up the DagBag from /opt/airflow/dags/groups/group_downloads.py
[2024-09-27T23:26:29.676+0000] {processor.py:768} WARNING - No viable dags retrieved from /opt/airflow/dags/groups/group_downloads.py
[2024-09-27T23:26:29.692+0000] {processor.py:176} INFO - Processing /opt/airflow/dags/groups/group_downloads.py took 0.030 seconds
[2024-09-27T23:27:00.052+0000] {processor.py:154} INFO - Started process (PID=12401) to work on /opt/airflow/dags/groups/group_downloads.py
[2024-09-27T23:27:00.053+0000] {processor.py:756} INFO - Processing file /opt/airflow/dags/groups/group_downloads.py for tasks to queue
[2024-09-27T23:27:00.054+0000] {logging_mixin.py:120} INFO - [2024-09-27T23:27:00.054+0000] {dagbag.py:537} INFO - Filling up the DagBag from /opt/airflow/dags/groups/group_downloads.py
[2024-09-27T23:27:00.060+0000] {processor.py:768} WARNING - No viable dags retrieved from /opt/airflow/dags/groups/group_downloads.py
[2024-09-27T23:27:00.076+0000] {processor.py:176} INFO - Processing /opt/airflow/dags/groups/group_downloads.py took 0.029 seconds
[2024-09-27T23:27:30.647+0000] {processor.py:154} INFO - Started process (PID=12473) to work on /opt/airflow/dags/groups/group_downloads.py
[2024-09-27T23:27:30.648+0000] {processor.py:756} INFO - Processing file /opt/airflow/dags/groups/group_downloads.py for tasks to queue
[2024-09-27T23:27:30.649+0000] {logging_mixin.py:120} INFO - [2024-09-27T23:27:30.649+0000] {dagbag.py:537} INFO - Filling up the DagBag from /opt/airflow/dags/groups/group_downloads.py
[2024-09-27T23:27:30.658+0000] {processor.py:768} WARNING - No viable dags retrieved from /opt/airflow/dags/groups/group_downloads.py
[2024-09-27T23:27:30.680+0000] {processor.py:176} INFO - Processing /opt/airflow/dags/groups/group_downloads.py took 0.035 seconds
[2024-09-27T23:28:01.436+0000] {processor.py:154} INFO - Started process (PID=12544) to work on /opt/airflow/dags/groups/group_downloads.py
[2024-09-27T23:28:01.437+0000] {processor.py:756} INFO - Processing file /opt/airflow/dags/groups/group_downloads.py for tasks to queue
[2024-09-27T23:28:01.438+0000] {logging_mixin.py:120} INFO - [2024-09-27T23:28:01.438+0000] {dagbag.py:537} INFO - Filling up the DagBag from /opt/airflow/dags/groups/group_downloads.py
[2024-09-27T23:28:01.450+0000] {processor.py:768} WARNING - No viable dags retrieved from /opt/airflow/dags/groups/group_downloads.py
[2024-09-27T23:28:01.469+0000] {processor.py:176} INFO - Processing /opt/airflow/dags/groups/group_downloads.py took 0.037 seconds
[2024-09-27T23:28:32.413+0000] {processor.py:154} INFO - Started process (PID=12607) to work on /opt/airflow/dags/groups/group_downloads.py
[2024-09-27T23:28:32.414+0000] {processor.py:756} INFO - Processing file /opt/airflow/dags/groups/group_downloads.py for tasks to queue
[2024-09-27T23:28:32.415+0000] {logging_mixin.py:120} INFO - [2024-09-27T23:28:32.415+0000] {dagbag.py:537} INFO - Filling up the DagBag from /opt/airflow/dags/groups/group_downloads.py
[2024-09-27T23:28:32.424+0000] {processor.py:768} WARNING - No viable dags retrieved from /opt/airflow/dags/groups/group_downloads.py
[2024-09-27T23:28:32.441+0000] {processor.py:176} INFO - Processing /opt/airflow/dags/groups/group_downloads.py took 0.032 seconds
[2024-09-27T23:29:02.491+0000] {processor.py:154} INFO - Started process (PID=12679) to work on /opt/airflow/dags/groups/group_downloads.py
[2024-09-27T23:29:02.492+0000] {processor.py:756} INFO - Processing file /opt/airflow/dags/groups/group_downloads.py for tasks to queue
[2024-09-27T23:29:02.493+0000] {logging_mixin.py:120} INFO - [2024-09-27T23:29:02.493+0000] {dagbag.py:537} INFO - Filling up the DagBag from /opt/airflow/dags/groups/group_downloads.py
[2024-09-27T23:29:02.500+0000] {processor.py:768} WARNING - No viable dags retrieved from /opt/airflow/dags/groups/group_downloads.py
[2024-09-27T23:29:02.515+0000] {processor.py:176} INFO - Processing /opt/airflow/dags/groups/group_downloads.py took 0.028 seconds
[2024-09-27T23:29:33.260+0000] {processor.py:154} INFO - Started process (PID=12750) to work on /opt/airflow/dags/groups/group_downloads.py
[2024-09-27T23:29:33.261+0000] {processor.py:756} INFO - Processing file /opt/airflow/dags/groups/group_downloads.py for tasks to queue
[2024-09-27T23:29:33.261+0000] {logging_mixin.py:120} INFO - [2024-09-27T23:29:33.261+0000] {dagbag.py:537} INFO - Filling up the DagBag from /opt/airflow/dags/groups/group_downloads.py
[2024-09-27T23:29:33.267+0000] {processor.py:768} WARNING - No viable dags retrieved from /opt/airflow/dags/groups/group_downloads.py
[2024-09-27T23:29:33.282+0000] {processor.py:176} INFO - Processing /opt/airflow/dags/groups/group_downloads.py took 0.027 seconds
[2024-09-27T23:30:04.035+0000] {processor.py:154} INFO - Started process (PID=12812) to work on /opt/airflow/dags/groups/group_downloads.py
[2024-09-27T23:30:04.036+0000] {processor.py:756} INFO - Processing file /opt/airflow/dags/groups/group_downloads.py for tasks to queue
[2024-09-27T23:30:04.036+0000] {logging_mixin.py:120} INFO - [2024-09-27T23:30:04.036+0000] {dagbag.py:537} INFO - Filling up the DagBag from /opt/airflow/dags/groups/group_downloads.py
[2024-09-27T23:30:04.042+0000] {processor.py:768} WARNING - No viable dags retrieved from /opt/airflow/dags/groups/group_downloads.py
[2024-09-27T23:30:04.057+0000] {processor.py:176} INFO - Processing /opt/airflow/dags/groups/group_downloads.py took 0.026 seconds
[2024-09-27T23:30:34.453+0000] {processor.py:154} INFO - Started process (PID=12884) to work on /opt/airflow/dags/groups/group_downloads.py
[2024-09-27T23:30:34.454+0000] {processor.py:756} INFO - Processing file /opt/airflow/dags/groups/group_downloads.py for tasks to queue
[2024-09-27T23:30:34.455+0000] {logging_mixin.py:120} INFO - [2024-09-27T23:30:34.455+0000] {dagbag.py:537} INFO - Filling up the DagBag from /opt/airflow/dags/groups/group_downloads.py
[2024-09-27T23:30:34.465+0000] {processor.py:768} WARNING - No viable dags retrieved from /opt/airflow/dags/groups/group_downloads.py
[2024-09-27T23:30:34.484+0000] {processor.py:176} INFO - Processing /opt/airflow/dags/groups/group_downloads.py took 0.036 seconds
[2024-09-27T23:31:04.921+0000] {processor.py:154} INFO - Started process (PID=12956) to work on /opt/airflow/dags/groups/group_downloads.py
[2024-09-27T23:31:04.922+0000] {processor.py:756} INFO - Processing file /opt/airflow/dags/groups/group_downloads.py for tasks to queue
[2024-09-27T23:31:04.923+0000] {logging_mixin.py:120} INFO - [2024-09-27T23:31:04.923+0000] {dagbag.py:537} INFO - Filling up the DagBag from /opt/airflow/dags/groups/group_downloads.py
[2024-09-27T23:31:04.929+0000] {processor.py:768} WARNING - No viable dags retrieved from /opt/airflow/dags/groups/group_downloads.py
[2024-09-27T23:31:04.944+0000] {processor.py:176} INFO - Processing /opt/airflow/dags/groups/group_downloads.py took 0.026 seconds
[2024-09-27T23:31:35.092+0000] {processor.py:154} INFO - Started process (PID=13018) to work on /opt/airflow/dags/groups/group_downloads.py
[2024-09-27T23:31:35.093+0000] {processor.py:756} INFO - Processing file /opt/airflow/dags/groups/group_downloads.py for tasks to queue
[2024-09-27T23:31:35.094+0000] {logging_mixin.py:120} INFO - [2024-09-27T23:31:35.094+0000] {dagbag.py:537} INFO - Filling up the DagBag from /opt/airflow/dags/groups/group_downloads.py
[2024-09-27T23:31:35.101+0000] {processor.py:768} WARNING - No viable dags retrieved from /opt/airflow/dags/groups/group_downloads.py
[2024-09-27T23:31:35.116+0000] {processor.py:176} INFO - Processing /opt/airflow/dags/groups/group_downloads.py took 0.027 seconds
[2024-09-27T23:32:05.237+0000] {processor.py:154} INFO - Started process (PID=13090) to work on /opt/airflow/dags/groups/group_downloads.py
[2024-09-27T23:32:05.238+0000] {processor.py:756} INFO - Processing file /opt/airflow/dags/groups/group_downloads.py for tasks to queue
[2024-09-27T23:32:05.240+0000] {logging_mixin.py:120} INFO - [2024-09-27T23:32:05.239+0000] {dagbag.py:537} INFO - Filling up the DagBag from /opt/airflow/dags/groups/group_downloads.py
[2024-09-27T23:32:05.247+0000] {processor.py:768} WARNING - No viable dags retrieved from /opt/airflow/dags/groups/group_downloads.py
[2024-09-27T23:32:05.265+0000] {processor.py:176} INFO - Processing /opt/airflow/dags/groups/group_downloads.py took 0.032 seconds
[2024-09-27T23:32:35.357+0000] {processor.py:154} INFO - Started process (PID=13161) to work on /opt/airflow/dags/groups/group_downloads.py
[2024-09-27T23:32:35.358+0000] {processor.py:756} INFO - Processing file /opt/airflow/dags/groups/group_downloads.py for tasks to queue
[2024-09-27T23:32:35.359+0000] {logging_mixin.py:120} INFO - [2024-09-27T23:32:35.359+0000] {dagbag.py:537} INFO - Filling up the DagBag from /opt/airflow/dags/groups/group_downloads.py
[2024-09-27T23:32:35.366+0000] {processor.py:768} WARNING - No viable dags retrieved from /opt/airflow/dags/groups/group_downloads.py
[2024-09-27T23:32:35.383+0000] {processor.py:176} INFO - Processing /opt/airflow/dags/groups/group_downloads.py took 0.029 seconds
[2024-09-27T23:33:05.667+0000] {processor.py:154} INFO - Started process (PID=13233) to work on /opt/airflow/dags/groups/group_downloads.py
[2024-09-27T23:33:05.669+0000] {processor.py:756} INFO - Processing file /opt/airflow/dags/groups/group_downloads.py for tasks to queue
[2024-09-27T23:33:05.670+0000] {logging_mixin.py:120} INFO - [2024-09-27T23:33:05.670+0000] {dagbag.py:537} INFO - Filling up the DagBag from /opt/airflow/dags/groups/group_downloads.py
[2024-09-27T23:33:05.679+0000] {processor.py:768} WARNING - No viable dags retrieved from /opt/airflow/dags/groups/group_downloads.py
[2024-09-27T23:33:05.698+0000] {processor.py:176} INFO - Processing /opt/airflow/dags/groups/group_downloads.py took 0.035 seconds
[2024-09-27T23:33:36.000+0000] {processor.py:154} INFO - Started process (PID=13296) to work on /opt/airflow/dags/groups/group_downloads.py
[2024-09-27T23:33:36.001+0000] {processor.py:756} INFO - Processing file /opt/airflow/dags/groups/group_downloads.py for tasks to queue
[2024-09-27T23:33:36.002+0000] {logging_mixin.py:120} INFO - [2024-09-27T23:33:36.002+0000] {dagbag.py:537} INFO - Filling up the DagBag from /opt/airflow/dags/groups/group_downloads.py
[2024-09-27T23:33:36.008+0000] {processor.py:768} WARNING - No viable dags retrieved from /opt/airflow/dags/groups/group_downloads.py
[2024-09-27T23:33:36.022+0000] {processor.py:176} INFO - Processing /opt/airflow/dags/groups/group_downloads.py took 0.026 seconds
[2024-09-27T23:34:06.294+0000] {processor.py:154} INFO - Started process (PID=13369) to work on /opt/airflow/dags/groups/group_downloads.py
[2024-09-27T23:34:06.295+0000] {processor.py:756} INFO - Processing file /opt/airflow/dags/groups/group_downloads.py for tasks to queue
[2024-09-27T23:34:06.296+0000] {logging_mixin.py:120} INFO - [2024-09-27T23:34:06.295+0000] {dagbag.py:537} INFO - Filling up the DagBag from /opt/airflow/dags/groups/group_downloads.py
[2024-09-27T23:34:06.302+0000] {processor.py:768} WARNING - No viable dags retrieved from /opt/airflow/dags/groups/group_downloads.py
[2024-09-27T23:34:06.317+0000] {processor.py:176} INFO - Processing /opt/airflow/dags/groups/group_downloads.py took 0.028 seconds
[2024-09-27T23:34:36.825+0000] {processor.py:154} INFO - Started process (PID=13439) to work on /opt/airflow/dags/groups/group_downloads.py
[2024-09-27T23:34:36.826+0000] {processor.py:756} INFO - Processing file /opt/airflow/dags/groups/group_downloads.py for tasks to queue
[2024-09-27T23:34:36.827+0000] {logging_mixin.py:120} INFO - [2024-09-27T23:34:36.827+0000] {dagbag.py:537} INFO - Filling up the DagBag from /opt/airflow/dags/groups/group_downloads.py
[2024-09-27T23:34:36.840+0000] {processor.py:768} WARNING - No viable dags retrieved from /opt/airflow/dags/groups/group_downloads.py
[2024-09-27T23:34:36.857+0000] {processor.py:176} INFO - Processing /opt/airflow/dags/groups/group_downloads.py took 0.035 seconds
[2024-09-27T23:35:07.049+0000] {processor.py:154} INFO - Started process (PID=13502) to work on /opt/airflow/dags/groups/group_downloads.py
[2024-09-27T23:35:07.050+0000] {processor.py:756} INFO - Processing file /opt/airflow/dags/groups/group_downloads.py for tasks to queue
[2024-09-27T23:35:07.051+0000] {logging_mixin.py:120} INFO - [2024-09-27T23:35:07.051+0000] {dagbag.py:537} INFO - Filling up the DagBag from /opt/airflow/dags/groups/group_downloads.py
[2024-09-27T23:35:07.058+0000] {processor.py:768} WARNING - No viable dags retrieved from /opt/airflow/dags/groups/group_downloads.py
[2024-09-27T23:35:07.075+0000] {processor.py:176} INFO - Processing /opt/airflow/dags/groups/group_downloads.py took 0.029 seconds
[2024-09-27T23:35:37.698+0000] {processor.py:154} INFO - Started process (PID=13574) to work on /opt/airflow/dags/groups/group_downloads.py
[2024-09-27T23:35:37.699+0000] {processor.py:756} INFO - Processing file /opt/airflow/dags/groups/group_downloads.py for tasks to queue
[2024-09-27T23:35:37.700+0000] {logging_mixin.py:120} INFO - [2024-09-27T23:35:37.700+0000] {dagbag.py:537} INFO - Filling up the DagBag from /opt/airflow/dags/groups/group_downloads.py
[2024-09-27T23:35:37.707+0000] {processor.py:768} WARNING - No viable dags retrieved from /opt/airflow/dags/groups/group_downloads.py
[2024-09-27T23:35:37.722+0000] {processor.py:176} INFO - Processing /opt/airflow/dags/groups/group_downloads.py took 0.027 seconds
[2024-09-27T23:36:07.881+0000] {processor.py:154} INFO - Started process (PID=13646) to work on /opt/airflow/dags/groups/group_downloads.py
[2024-09-27T23:36:07.883+0000] {processor.py:756} INFO - Processing file /opt/airflow/dags/groups/group_downloads.py for tasks to queue
[2024-09-27T23:36:07.884+0000] {logging_mixin.py:120} INFO - [2024-09-27T23:36:07.884+0000] {dagbag.py:537} INFO - Filling up the DagBag from /opt/airflow/dags/groups/group_downloads.py
[2024-09-27T23:36:07.894+0000] {processor.py:768} WARNING - No viable dags retrieved from /opt/airflow/dags/groups/group_downloads.py
[2024-09-27T23:36:07.916+0000] {processor.py:176} INFO - Processing /opt/airflow/dags/groups/group_downloads.py took 0.039 seconds
[2024-09-27T23:36:38.222+0000] {processor.py:154} INFO - Started process (PID=13708) to work on /opt/airflow/dags/groups/group_downloads.py
[2024-09-27T23:36:38.223+0000] {processor.py:756} INFO - Processing file /opt/airflow/dags/groups/group_downloads.py for tasks to queue
[2024-09-27T23:36:38.224+0000] {logging_mixin.py:120} INFO - [2024-09-27T23:36:38.224+0000] {dagbag.py:537} INFO - Filling up the DagBag from /opt/airflow/dags/groups/group_downloads.py
[2024-09-27T23:36:38.231+0000] {processor.py:768} WARNING - No viable dags retrieved from /opt/airflow/dags/groups/group_downloads.py
[2024-09-27T23:36:38.247+0000] {processor.py:176} INFO - Processing /opt/airflow/dags/groups/group_downloads.py took 0.028 seconds
[2024-09-27T23:37:08.704+0000] {processor.py:154} INFO - Started process (PID=13780) to work on /opt/airflow/dags/groups/group_downloads.py
[2024-09-27T23:37:08.705+0000] {processor.py:756} INFO - Processing file /opt/airflow/dags/groups/group_downloads.py for tasks to queue
[2024-09-27T23:37:08.705+0000] {logging_mixin.py:120} INFO - [2024-09-27T23:37:08.705+0000] {dagbag.py:537} INFO - Filling up the DagBag from /opt/airflow/dags/groups/group_downloads.py
[2024-09-27T23:37:08.712+0000] {processor.py:768} WARNING - No viable dags retrieved from /opt/airflow/dags/groups/group_downloads.py
[2024-09-27T23:37:08.728+0000] {processor.py:176} INFO - Processing /opt/airflow/dags/groups/group_downloads.py took 0.027 seconds
[2024-09-27T23:37:39.031+0000] {processor.py:154} INFO - Started process (PID=13852) to work on /opt/airflow/dags/groups/group_downloads.py
[2024-09-27T23:37:39.032+0000] {processor.py:756} INFO - Processing file /opt/airflow/dags/groups/group_downloads.py for tasks to queue
[2024-09-27T23:37:39.033+0000] {logging_mixin.py:120} INFO - [2024-09-27T23:37:39.033+0000] {dagbag.py:537} INFO - Filling up the DagBag from /opt/airflow/dags/groups/group_downloads.py
[2024-09-27T23:37:39.040+0000] {processor.py:768} WARNING - No viable dags retrieved from /opt/airflow/dags/groups/group_downloads.py
[2024-09-27T23:37:39.057+0000] {processor.py:176} INFO - Processing /opt/airflow/dags/groups/group_downloads.py took 0.030 seconds
[2024-09-27T23:38:09.637+0000] {processor.py:154} INFO - Started process (PID=13915) to work on /opt/airflow/dags/groups/group_downloads.py
[2024-09-27T23:38:09.638+0000] {processor.py:756} INFO - Processing file /opt/airflow/dags/groups/group_downloads.py for tasks to queue
[2024-09-27T23:38:09.639+0000] {logging_mixin.py:120} INFO - [2024-09-27T23:38:09.639+0000] {dagbag.py:537} INFO - Filling up the DagBag from /opt/airflow/dags/groups/group_downloads.py
[2024-09-27T23:38:09.646+0000] {processor.py:768} WARNING - No viable dags retrieved from /opt/airflow/dags/groups/group_downloads.py
[2024-09-27T23:38:09.666+0000] {processor.py:176} INFO - Processing /opt/airflow/dags/groups/group_downloads.py took 0.034 seconds
[2024-09-27T23:38:39.688+0000] {processor.py:154} INFO - Started process (PID=13987) to work on /opt/airflow/dags/groups/group_downloads.py
[2024-09-27T23:38:39.689+0000] {processor.py:756} INFO - Processing file /opt/airflow/dags/groups/group_downloads.py for tasks to queue
[2024-09-27T23:38:39.690+0000] {logging_mixin.py:120} INFO - [2024-09-27T23:38:39.690+0000] {dagbag.py:537} INFO - Filling up the DagBag from /opt/airflow/dags/groups/group_downloads.py
[2024-09-27T23:38:39.696+0000] {processor.py:768} WARNING - No viable dags retrieved from /opt/airflow/dags/groups/group_downloads.py
[2024-09-27T23:38:39.713+0000] {processor.py:176} INFO - Processing /opt/airflow/dags/groups/group_downloads.py took 0.028 seconds
[2024-09-27T23:39:10.062+0000] {processor.py:154} INFO - Started process (PID=14059) to work on /opt/airflow/dags/groups/group_downloads.py
[2024-09-27T23:39:10.064+0000] {processor.py:756} INFO - Processing file /opt/airflow/dags/groups/group_downloads.py for tasks to queue
[2024-09-27T23:39:10.065+0000] {logging_mixin.py:120} INFO - [2024-09-27T23:39:10.065+0000] {dagbag.py:537} INFO - Filling up the DagBag from /opt/airflow/dags/groups/group_downloads.py
[2024-09-27T23:39:10.073+0000] {processor.py:768} WARNING - No viable dags retrieved from /opt/airflow/dags/groups/group_downloads.py
[2024-09-27T23:39:10.086+0000] {processor.py:176} INFO - Processing /opt/airflow/dags/groups/group_downloads.py took 0.028 seconds
[2024-09-27T23:39:40.602+0000] {processor.py:154} INFO - Started process (PID=14122) to work on /opt/airflow/dags/groups/group_downloads.py
[2024-09-27T23:39:40.604+0000] {processor.py:756} INFO - Processing file /opt/airflow/dags/groups/group_downloads.py for tasks to queue
[2024-09-27T23:39:40.605+0000] {logging_mixin.py:120} INFO - [2024-09-27T23:39:40.605+0000] {dagbag.py:537} INFO - Filling up the DagBag from /opt/airflow/dags/groups/group_downloads.py
[2024-09-27T23:39:40.614+0000] {processor.py:768} WARNING - No viable dags retrieved from /opt/airflow/dags/groups/group_downloads.py
[2024-09-27T23:39:40.633+0000] {processor.py:176} INFO - Processing /opt/airflow/dags/groups/group_downloads.py took 0.037 seconds
[2024-09-27T23:40:11.032+0000] {processor.py:154} INFO - Started process (PID=14194) to work on /opt/airflow/dags/groups/group_downloads.py
[2024-09-27T23:40:11.033+0000] {processor.py:756} INFO - Processing file /opt/airflow/dags/groups/group_downloads.py for tasks to queue
[2024-09-27T23:40:11.034+0000] {logging_mixin.py:120} INFO - [2024-09-27T23:40:11.034+0000] {dagbag.py:537} INFO - Filling up the DagBag from /opt/airflow/dags/groups/group_downloads.py
[2024-09-27T23:40:11.040+0000] {processor.py:768} WARNING - No viable dags retrieved from /opt/airflow/dags/groups/group_downloads.py
[2024-09-27T23:40:11.056+0000] {processor.py:176} INFO - Processing /opt/airflow/dags/groups/group_downloads.py took 0.027 seconds
[2024-09-27T23:40:41.327+0000] {processor.py:154} INFO - Started process (PID=14265) to work on /opt/airflow/dags/groups/group_downloads.py
[2024-09-27T23:40:41.329+0000] {processor.py:756} INFO - Processing file /opt/airflow/dags/groups/group_downloads.py for tasks to queue
[2024-09-27T23:40:41.330+0000] {logging_mixin.py:120} INFO - [2024-09-27T23:40:41.330+0000] {dagbag.py:537} INFO - Filling up the DagBag from /opt/airflow/dags/groups/group_downloads.py
[2024-09-27T23:40:41.337+0000] {processor.py:768} WARNING - No viable dags retrieved from /opt/airflow/dags/groups/group_downloads.py
[2024-09-27T23:40:41.355+0000] {processor.py:176} INFO - Processing /opt/airflow/dags/groups/group_downloads.py took 0.032 seconds
[2024-09-27T23:41:11.667+0000] {processor.py:154} INFO - Started process (PID=14328) to work on /opt/airflow/dags/groups/group_downloads.py
[2024-09-27T23:41:11.668+0000] {processor.py:756} INFO - Processing file /opt/airflow/dags/groups/group_downloads.py for tasks to queue
[2024-09-27T23:41:11.669+0000] {logging_mixin.py:120} INFO - [2024-09-27T23:41:11.669+0000] {dagbag.py:537} INFO - Filling up the DagBag from /opt/airflow/dags/groups/group_downloads.py
[2024-09-27T23:41:11.675+0000] {processor.py:768} WARNING - No viable dags retrieved from /opt/airflow/dags/groups/group_downloads.py
[2024-09-27T23:41:11.691+0000] {processor.py:176} INFO - Processing /opt/airflow/dags/groups/group_downloads.py took 0.027 seconds
[2024-09-27T23:41:42.497+0000] {processor.py:154} INFO - Started process (PID=14400) to work on /opt/airflow/dags/groups/group_downloads.py
[2024-09-27T23:41:42.499+0000] {processor.py:756} INFO - Processing file /opt/airflow/dags/groups/group_downloads.py for tasks to queue
[2024-09-27T23:41:42.499+0000] {logging_mixin.py:120} INFO - [2024-09-27T23:41:42.499+0000] {dagbag.py:537} INFO - Filling up the DagBag from /opt/airflow/dags/groups/group_downloads.py
[2024-09-27T23:41:42.506+0000] {processor.py:768} WARNING - No viable dags retrieved from /opt/airflow/dags/groups/group_downloads.py
[2024-09-27T23:41:42.523+0000] {processor.py:176} INFO - Processing /opt/airflow/dags/groups/group_downloads.py took 0.029 seconds
[2024-09-27T23:42:13.153+0000] {processor.py:154} INFO - Started process (PID=14471) to work on /opt/airflow/dags/groups/group_downloads.py
[2024-09-27T23:42:13.155+0000] {processor.py:756} INFO - Processing file /opt/airflow/dags/groups/group_downloads.py for tasks to queue
[2024-09-27T23:42:13.156+0000] {logging_mixin.py:120} INFO - [2024-09-27T23:42:13.156+0000] {dagbag.py:537} INFO - Filling up the DagBag from /opt/airflow/dags/groups/group_downloads.py
[2024-09-27T23:42:13.167+0000] {processor.py:768} WARNING - No viable dags retrieved from /opt/airflow/dags/groups/group_downloads.py
[2024-09-27T23:42:13.193+0000] {processor.py:176} INFO - Processing /opt/airflow/dags/groups/group_downloads.py took 0.046 seconds
[2024-09-27T23:42:43.323+0000] {processor.py:154} INFO - Started process (PID=14543) to work on /opt/airflow/dags/groups/group_downloads.py
[2024-09-27T23:42:43.324+0000] {processor.py:756} INFO - Processing file /opt/airflow/dags/groups/group_downloads.py for tasks to queue
[2024-09-27T23:42:43.325+0000] {logging_mixin.py:120} INFO - [2024-09-27T23:42:43.325+0000] {dagbag.py:537} INFO - Filling up the DagBag from /opt/airflow/dags/groups/group_downloads.py
[2024-09-27T23:42:43.332+0000] {processor.py:768} WARNING - No viable dags retrieved from /opt/airflow/dags/groups/group_downloads.py
[2024-09-27T23:42:43.351+0000] {processor.py:176} INFO - Processing /opt/airflow/dags/groups/group_downloads.py took 0.032 seconds
[2024-09-27T23:43:13.742+0000] {processor.py:154} INFO - Started process (PID=14606) to work on /opt/airflow/dags/groups/group_downloads.py
[2024-09-27T23:43:13.743+0000] {processor.py:756} INFO - Processing file /opt/airflow/dags/groups/group_downloads.py for tasks to queue
[2024-09-27T23:43:13.744+0000] {logging_mixin.py:120} INFO - [2024-09-27T23:43:13.743+0000] {dagbag.py:537} INFO - Filling up the DagBag from /opt/airflow/dags/groups/group_downloads.py
[2024-09-27T23:43:13.750+0000] {processor.py:768} WARNING - No viable dags retrieved from /opt/airflow/dags/groups/group_downloads.py
[2024-09-27T23:43:13.766+0000] {processor.py:176} INFO - Processing /opt/airflow/dags/groups/group_downloads.py took 0.028 seconds
[2024-09-27T23:43:44.070+0000] {processor.py:154} INFO - Started process (PID=14678) to work on /opt/airflow/dags/groups/group_downloads.py
[2024-09-27T23:43:44.072+0000] {processor.py:756} INFO - Processing file /opt/airflow/dags/groups/group_downloads.py for tasks to queue
[2024-09-27T23:43:44.073+0000] {logging_mixin.py:120} INFO - [2024-09-27T23:43:44.073+0000] {dagbag.py:537} INFO - Filling up the DagBag from /opt/airflow/dags/groups/group_downloads.py
[2024-09-27T23:43:44.080+0000] {processor.py:768} WARNING - No viable dags retrieved from /opt/airflow/dags/groups/group_downloads.py
[2024-09-27T23:43:44.094+0000] {processor.py:176} INFO - Processing /opt/airflow/dags/groups/group_downloads.py took 0.027 seconds
[2024-09-27T23:44:14.472+0000] {processor.py:154} INFO - Started process (PID=14751) to work on /opt/airflow/dags/groups/group_downloads.py
[2024-09-27T23:44:14.473+0000] {processor.py:756} INFO - Processing file /opt/airflow/dags/groups/group_downloads.py for tasks to queue
[2024-09-27T23:44:14.474+0000] {logging_mixin.py:120} INFO - [2024-09-27T23:44:14.474+0000] {dagbag.py:537} INFO - Filling up the DagBag from /opt/airflow/dags/groups/group_downloads.py
[2024-09-27T23:44:14.480+0000] {processor.py:768} WARNING - No viable dags retrieved from /opt/airflow/dags/groups/group_downloads.py
[2024-09-27T23:44:14.495+0000] {processor.py:176} INFO - Processing /opt/airflow/dags/groups/group_downloads.py took 0.027 seconds
[2024-09-27T23:44:44.885+0000] {processor.py:154} INFO - Started process (PID=14814) to work on /opt/airflow/dags/groups/group_downloads.py
[2024-09-27T23:44:44.886+0000] {processor.py:756} INFO - Processing file /opt/airflow/dags/groups/group_downloads.py for tasks to queue
[2024-09-27T23:44:44.887+0000] {logging_mixin.py:120} INFO - [2024-09-27T23:44:44.887+0000] {dagbag.py:537} INFO - Filling up the DagBag from /opt/airflow/dags/groups/group_downloads.py
[2024-09-27T23:44:44.894+0000] {processor.py:768} WARNING - No viable dags retrieved from /opt/airflow/dags/groups/group_downloads.py
[2024-09-27T23:44:44.910+0000] {processor.py:176} INFO - Processing /opt/airflow/dags/groups/group_downloads.py took 0.029 seconds
[2024-09-27T23:45:15.214+0000] {processor.py:154} INFO - Started process (PID=14886) to work on /opt/airflow/dags/groups/group_downloads.py
[2024-09-27T23:45:15.215+0000] {processor.py:756} INFO - Processing file /opt/airflow/dags/groups/group_downloads.py for tasks to queue
[2024-09-27T23:45:15.216+0000] {logging_mixin.py:120} INFO - [2024-09-27T23:45:15.216+0000] {dagbag.py:537} INFO - Filling up the DagBag from /opt/airflow/dags/groups/group_downloads.py
[2024-09-27T23:45:15.222+0000] {processor.py:768} WARNING - No viable dags retrieved from /opt/airflow/dags/groups/group_downloads.py
[2024-09-27T23:45:15.238+0000] {processor.py:176} INFO - Processing /opt/airflow/dags/groups/group_downloads.py took 0.027 seconds
[2024-09-27T23:45:45.556+0000] {processor.py:154} INFO - Started process (PID=14958) to work on /opt/airflow/dags/groups/group_downloads.py
[2024-09-27T23:45:45.558+0000] {processor.py:756} INFO - Processing file /opt/airflow/dags/groups/group_downloads.py for tasks to queue
[2024-09-27T23:45:45.559+0000] {logging_mixin.py:120} INFO - [2024-09-27T23:45:45.559+0000] {dagbag.py:537} INFO - Filling up the DagBag from /opt/airflow/dags/groups/group_downloads.py
[2024-09-27T23:45:45.566+0000] {processor.py:768} WARNING - No viable dags retrieved from /opt/airflow/dags/groups/group_downloads.py
[2024-09-27T23:45:45.581+0000] {processor.py:176} INFO - Processing /opt/airflow/dags/groups/group_downloads.py took 0.029 seconds
[2024-09-27T23:46:15.749+0000] {processor.py:154} INFO - Started process (PID=15021) to work on /opt/airflow/dags/groups/group_downloads.py
[2024-09-27T23:46:15.750+0000] {processor.py:756} INFO - Processing file /opt/airflow/dags/groups/group_downloads.py for tasks to queue
[2024-09-27T23:46:15.750+0000] {logging_mixin.py:120} INFO - [2024-09-27T23:46:15.750+0000] {dagbag.py:537} INFO - Filling up the DagBag from /opt/airflow/dags/groups/group_downloads.py
[2024-09-27T23:46:15.757+0000] {processor.py:768} WARNING - No viable dags retrieved from /opt/airflow/dags/groups/group_downloads.py
[2024-09-27T23:46:15.772+0000] {processor.py:176} INFO - Processing /opt/airflow/dags/groups/group_downloads.py took 0.027 seconds
[2024-09-27T23:46:46.280+0000] {processor.py:154} INFO - Started process (PID=15093) to work on /opt/airflow/dags/groups/group_downloads.py
[2024-09-27T23:46:46.282+0000] {processor.py:756} INFO - Processing file /opt/airflow/dags/groups/group_downloads.py for tasks to queue
[2024-09-27T23:46:46.283+0000] {logging_mixin.py:120} INFO - [2024-09-27T23:46:46.282+0000] {dagbag.py:537} INFO - Filling up the DagBag from /opt/airflow/dags/groups/group_downloads.py
[2024-09-27T23:46:46.290+0000] {processor.py:768} WARNING - No viable dags retrieved from /opt/airflow/dags/groups/group_downloads.py
[2024-09-27T23:46:46.308+0000] {processor.py:176} INFO - Processing /opt/airflow/dags/groups/group_downloads.py took 0.031 seconds
[2024-09-27T23:47:16.620+0000] {processor.py:154} INFO - Started process (PID=15165) to work on /opt/airflow/dags/groups/group_downloads.py
[2024-09-27T23:47:16.621+0000] {processor.py:756} INFO - Processing file /opt/airflow/dags/groups/group_downloads.py for tasks to queue
[2024-09-27T23:47:16.622+0000] {logging_mixin.py:120} INFO - [2024-09-27T23:47:16.622+0000] {dagbag.py:537} INFO - Filling up the DagBag from /opt/airflow/dags/groups/group_downloads.py
[2024-09-27T23:47:16.630+0000] {processor.py:768} WARNING - No viable dags retrieved from /opt/airflow/dags/groups/group_downloads.py
[2024-09-27T23:47:16.649+0000] {processor.py:176} INFO - Processing /opt/airflow/dags/groups/group_downloads.py took 0.034 seconds
[2024-09-27T23:47:47.031+0000] {processor.py:154} INFO - Started process (PID=15228) to work on /opt/airflow/dags/groups/group_downloads.py
[2024-09-27T23:47:47.032+0000] {processor.py:756} INFO - Processing file /opt/airflow/dags/groups/group_downloads.py for tasks to queue
[2024-09-27T23:47:47.033+0000] {logging_mixin.py:120} INFO - [2024-09-27T23:47:47.033+0000] {dagbag.py:537} INFO - Filling up the DagBag from /opt/airflow/dags/groups/group_downloads.py
[2024-09-27T23:47:47.042+0000] {processor.py:768} WARNING - No viable dags retrieved from /opt/airflow/dags/groups/group_downloads.py
[2024-09-27T23:47:47.063+0000] {processor.py:176} INFO - Processing /opt/airflow/dags/groups/group_downloads.py took 0.037 seconds
[2024-09-27T23:48:17.367+0000] {processor.py:154} INFO - Started process (PID=15291) to work on /opt/airflow/dags/groups/group_downloads.py
[2024-09-27T23:48:17.369+0000] {processor.py:756} INFO - Processing file /opt/airflow/dags/groups/group_downloads.py for tasks to queue
[2024-09-27T23:48:17.371+0000] {logging_mixin.py:120} INFO - [2024-09-27T23:48:17.371+0000] {dagbag.py:537} INFO - Filling up the DagBag from /opt/airflow/dags/groups/group_downloads.py
[2024-09-27T23:48:17.382+0000] {processor.py:768} WARNING - No viable dags retrieved from /opt/airflow/dags/groups/group_downloads.py
[2024-09-27T23:48:17.407+0000] {processor.py:176} INFO - Processing /opt/airflow/dags/groups/group_downloads.py took 0.046 seconds
[2024-09-27T23:49:48.845+0000] {processor.py:154} INFO - Started process (PID=15294) to work on /opt/airflow/dags/groups/group_downloads.py
[2024-09-27T23:49:48.847+0000] {processor.py:756} INFO - Processing file /opt/airflow/dags/groups/group_downloads.py for tasks to queue
[2024-09-27T23:49:48.848+0000] {logging_mixin.py:120} INFO - [2024-09-27T23:49:48.847+0000] {dagbag.py:537} INFO - Filling up the DagBag from /opt/airflow/dags/groups/group_downloads.py
[2024-09-27T23:49:48.855+0000] {processor.py:768} WARNING - No viable dags retrieved from /opt/airflow/dags/groups/group_downloads.py
[2024-09-27T23:49:48.874+0000] {processor.py:176} INFO - Processing /opt/airflow/dags/groups/group_downloads.py took 0.033 seconds
[2024-09-27T23:50:46.029+0000] {processor.py:154} INFO - Started process (PID=15366) to work on /opt/airflow/dags/groups/group_downloads.py
[2024-09-27T23:50:46.031+0000] {processor.py:756} INFO - Processing file /opt/airflow/dags/groups/group_downloads.py for tasks to queue
[2024-09-27T23:50:46.032+0000] {logging_mixin.py:120} INFO - [2024-09-27T23:50:46.032+0000] {dagbag.py:537} INFO - Filling up the DagBag from /opt/airflow/dags/groups/group_downloads.py
[2024-09-27T23:50:46.041+0000] {processor.py:768} WARNING - No viable dags retrieved from /opt/airflow/dags/groups/group_downloads.py
[2024-09-27T23:50:46.065+0000] {processor.py:176} INFO - Processing /opt/airflow/dags/groups/group_downloads.py took 0.041 seconds
[2024-09-27T23:51:18.228+0000] {processor.py:154} INFO - Started process (PID=15430) to work on /opt/airflow/dags/groups/group_downloads.py
[2024-09-27T23:51:18.236+0000] {processor.py:756} INFO - Processing file /opt/airflow/dags/groups/group_downloads.py for tasks to queue
[2024-09-27T23:51:18.243+0000] {logging_mixin.py:120} INFO - [2024-09-27T23:51:18.242+0000] {dagbag.py:537} INFO - Filling up the DagBag from /opt/airflow/dags/groups/group_downloads.py
[2024-09-27T23:51:18.295+0000] {processor.py:768} WARNING - No viable dags retrieved from /opt/airflow/dags/groups/group_downloads.py
[2024-09-27T23:51:18.417+0000] {processor.py:176} INFO - Processing /opt/airflow/dags/groups/group_downloads.py took 0.215 seconds
