[2024-09-25T14:05:37.023+0000] {taskinstance.py:1165} INFO - Dependencies all met for <TaskInstance: user_processing.extract_user manual__2024-09-25T14:05:26.578319+00:00 [queued]>
[2024-09-25T14:05:37.037+0000] {taskinstance.py:1165} INFO - Dependencies all met for <TaskInstance: user_processing.extract_user manual__2024-09-25T14:05:26.578319+00:00 [queued]>
[2024-09-25T14:05:37.038+0000] {taskinstance.py:1362} INFO - 
--------------------------------------------------------------------------------
[2024-09-25T14:05:37.039+0000] {taskinstance.py:1363} INFO - Starting attempt 1 of 1
[2024-09-25T14:05:37.039+0000] {taskinstance.py:1364} INFO - 
--------------------------------------------------------------------------------
[2024-09-25T14:05:37.055+0000] {taskinstance.py:1383} INFO - Executing <Task(SimpleHttpOperator): extract_user> on 2024-09-25 14:05:26.578319+00:00
[2024-09-25T14:05:37.060+0000] {standard_task_runner.py:55} INFO - Started process 12019 to run task
[2024-09-25T14:05:37.065+0000] {standard_task_runner.py:82} INFO - Running: ['***', 'tasks', 'run', 'user_processing', 'extract_user', 'manual__2024-09-25T14:05:26.578319+00:00', '--job-id', '14', '--raw', '--subdir', 'DAGS_FOLDER/user_processing.py', '--cfg-path', '/tmp/tmpxify2nbi']
[2024-09-25T14:05:37.068+0000] {standard_task_runner.py:83} INFO - Job 14: Subtask extract_user
[2024-09-25T14:05:37.148+0000] {task_command.py:376} INFO - Running <TaskInstance: user_processing.extract_user manual__2024-09-25T14:05:26.578319+00:00 [running]> on host 9cc2fcf541e9
[2024-09-25T14:05:37.227+0000] {taskinstance.py:1592} INFO - Exporting the following env vars:
AIRFLOW_CTX_DAG_OWNER=***
AIRFLOW_CTX_DAG_ID=user_processing
AIRFLOW_CTX_TASK_ID=extract_user
AIRFLOW_CTX_EXECUTION_DATE=2024-09-25T14:05:26.578319+00:00
AIRFLOW_CTX_TRY_NUMBER=1
AIRFLOW_CTX_DAG_RUN_ID=manual__2024-09-25T14:05:26.578319+00:00
[2024-09-25T14:05:37.228+0000] {http.py:121} INFO - Calling HTTP method
[2024-09-25T14:05:37.239+0000] {base.py:71} INFO - Using connection ID 'user_api' for task execution.
[2024-09-25T14:05:37.241+0000] {http.py:148} INFO - Sending 'GET' to url: https://randomuser.me/api/
[2024-09-25T14:05:41.473+0000] {http.py:125} INFO - {"results":[{"gender":"male","name":{"title":"Mr","first":"سهیل","last":"سالاری"},"location":{"street":{"number":7194,"name":"آیت الله مدرس"},"city":"آمل","state":"یزد","country":"Iran","postcode":65909,"coordinates":{"latitude":"20.8709","longitude":"-40.7795"},"timezone":{"offset":"+4:00","description":"Abu Dhabi, Muscat, Baku, Tbilisi"}},"email":"shyl.slry@example.com","login":{"uuid":"749b00f9-27d4-4926-ba2c-85a6fef6e0ad","username":"blackrabbit571","password":"patrick","salt":"jEZqMiAS","md5":"692fb76c8684c859d9382a83c83cec0f","sha1":"f0cbfbfc217b55ba64bd971add8eea5d102b4f24","sha256":"17349f4ef41439a43cd5f327f71ef2f4b22fb7630b28bb946b4118ab3d6d4890"},"dob":{"date":"1963-12-17T19:23:49.201Z","age":60},"registered":{"date":"2015-08-06T08:15:55.446Z","age":9},"phone":"099-93906863","cell":"0929-442-9431","id":{"name":"","value":null},"picture":{"large":"https://randomuser.me/api/portraits/men/38.jpg","medium":"https://randomuser.me/api/portraits/med/men/38.jpg","thumbnail":"https://randomuser.me/api/portraits/thumb/men/38.jpg"},"nat":"IR"}],"info":{"seed":"895aff81c1c12db0","results":1,"page":1,"version":"1.4"}}
[2024-09-25T14:05:41.503+0000] {taskinstance.py:1406} INFO - Marking task as SUCCESS. dag_id=user_processing, task_id=extract_user, execution_date=20240925T140526, start_date=20240925T140537, end_date=20240925T140541
[2024-09-25T14:05:41.550+0000] {local_task_job.py:164} INFO - Task exited with return code 0
[2024-09-25T14:05:41.595+0000] {local_task_job.py:273} INFO - 1 downstream tasks scheduled from follow-on schedule check
