[2024-09-29T00:00:01.920+0000] {taskinstance.py:1165} INFO - Dependencies all met for <TaskInstance: group_dag.downloads.download_a scheduled__2024-09-28T00:00:00+00:00 [queued]>
[2024-09-29T00:00:01.958+0000] {taskinstance.py:1165} INFO - Dependencies all met for <TaskInstance: group_dag.downloads.download_a scheduled__2024-09-28T00:00:00+00:00 [queued]>
[2024-09-29T00:00:01.960+0000] {taskinstance.py:1362} INFO - 
--------------------------------------------------------------------------------
[2024-09-29T00:00:01.961+0000] {taskinstance.py:1363} INFO - Starting attempt 1 of 1
[2024-09-29T00:00:01.962+0000] {taskinstance.py:1364} INFO - 
--------------------------------------------------------------------------------
[2024-09-29T00:00:02.000+0000] {taskinstance.py:1383} INFO - Executing <Task(BashOperator): downloads.download_a> on 2024-09-28 00:00:00+00:00
[2024-09-29T00:00:02.009+0000] {standard_task_runner.py:55} INFO - Started process 14643 to run task
[2024-09-29T00:00:02.017+0000] {standard_task_runner.py:82} INFO - Running: ['***', 'tasks', 'run', 'group_dag', 'downloads.download_a', 'scheduled__2024-09-28T00:00:00+00:00', '--job-id', '58', '--raw', '--subdir', 'DAGS_FOLDER/group_dag.py', '--cfg-path', '/tmp/tmp5sgus86z']
[2024-09-29T00:00:02.018+0000] {standard_task_runner.py:83} INFO - Job 58: Subtask downloads.download_a
[2024-09-29T00:00:02.326+0000] {task_command.py:376} INFO - Running <TaskInstance: group_dag.downloads.download_a scheduled__2024-09-28T00:00:00+00:00 [running]> on host 7c70f6053b6c
[2024-09-29T00:00:02.574+0000] {taskinstance.py:1592} INFO - Exporting the following env vars:
AIRFLOW_CTX_DAG_OWNER=***
AIRFLOW_CTX_DAG_ID=group_dag
AIRFLOW_CTX_TASK_ID=downloads.download_a
AIRFLOW_CTX_EXECUTION_DATE=2024-09-28T00:00:00+00:00
AIRFLOW_CTX_TRY_NUMBER=1
AIRFLOW_CTX_DAG_RUN_ID=scheduled__2024-09-28T00:00:00+00:00
[2024-09-29T00:00:02.577+0000] {subprocess.py:63} INFO - Tmp dir root location: 
 /tmp
[2024-09-29T00:00:02.580+0000] {subprocess.py:75} INFO - Running command: ['/bin/bash', '-c', 'sleep 10']
[2024-09-29T00:00:02.606+0000] {subprocess.py:86} INFO - Output:
[2024-09-29T00:00:12.614+0000] {subprocess.py:97} INFO - Command exited with return code 0
[2024-09-29T00:00:12.660+0000] {taskinstance.py:1406} INFO - Marking task as SUCCESS. dag_id=group_dag, task_id=downloads.download_a, execution_date=20240928T000000, start_date=20240929T000001, end_date=20240929T000012
[2024-09-29T00:00:12.727+0000] {local_task_job.py:164} INFO - Task exited with return code 0
[2024-09-29T00:00:12.801+0000] {local_task_job.py:273} INFO - 0 downstream tasks scheduled from follow-on schedule check
