[2024-09-25T14:00:24.170+0000] {taskinstance.py:1165} INFO - Dependencies all met for <TaskInstance: user_processing.is_api_available manual__2024-09-25T14:00:22.412204+00:00 [queued]>
[2024-09-25T14:00:24.182+0000] {taskinstance.py:1165} INFO - Dependencies all met for <TaskInstance: user_processing.is_api_available manual__2024-09-25T14:00:22.412204+00:00 [queued]>
[2024-09-25T14:00:24.183+0000] {taskinstance.py:1362} INFO - 
--------------------------------------------------------------------------------
[2024-09-25T14:00:24.183+0000] {taskinstance.py:1363} INFO - Starting attempt 1 of 1
[2024-09-25T14:00:24.183+0000] {taskinstance.py:1364} INFO - 
--------------------------------------------------------------------------------
[2024-09-25T14:00:24.198+0000] {taskinstance.py:1383} INFO - Executing <Task(HttpSensor): is_api_available> on 2024-09-25 14:00:22.412204+00:00
[2024-09-25T14:00:24.202+0000] {standard_task_runner.py:55} INFO - Started process 11759 to run task
[2024-09-25T14:00:24.206+0000] {standard_task_runner.py:82} INFO - Running: ['***', 'tasks', 'run', 'user_processing', 'is_api_available', 'manual__2024-09-25T14:00:22.412204+00:00', '--job-id', '6', '--raw', '--subdir', 'DAGS_FOLDER/user_processing.py', '--cfg-path', '/tmp/tmp0e_ywl0f']
[2024-09-25T14:00:24.207+0000] {standard_task_runner.py:83} INFO - Job 6: Subtask is_api_available
[2024-09-25T14:00:24.275+0000] {task_command.py:376} INFO - Running <TaskInstance: user_processing.is_api_available manual__2024-09-25T14:00:22.412204+00:00 [running]> on host 9cc2fcf541e9
[2024-09-25T14:00:24.348+0000] {taskinstance.py:1592} INFO - Exporting the following env vars:
AIRFLOW_CTX_DAG_OWNER=***
AIRFLOW_CTX_DAG_ID=user_processing
AIRFLOW_CTX_TASK_ID=is_api_available
AIRFLOW_CTX_EXECUTION_DATE=2024-09-25T14:00:22.412204+00:00
AIRFLOW_CTX_TRY_NUMBER=1
AIRFLOW_CTX_DAG_RUN_ID=manual__2024-09-25T14:00:22.412204+00:00
[2024-09-25T14:00:24.349+0000] {http.py:120} INFO - Poking: api/
[2024-09-25T14:00:24.360+0000] {base.py:71} INFO - Using connection ID 'user_api' for task execution.
[2024-09-25T14:00:24.370+0000] {http.py:148} INFO - Sending 'GET' to url: https://randomuser.me/api/
[2024-09-25T14:00:30.103+0000] {base.py:213} INFO - Success criteria met. Exiting.
[2024-09-25T14:00:30.129+0000] {taskinstance.py:1406} INFO - Marking task as SUCCESS. dag_id=user_processing, task_id=is_api_available, execution_date=20240925T140022, start_date=20240925T140024, end_date=20240925T140030
[2024-09-25T14:00:30.186+0000] {local_task_job.py:164} INFO - Task exited with return code 0
[2024-09-25T14:00:30.240+0000] {local_task_job.py:273} INFO - 1 downstream tasks scheduled from follow-on schedule check
